[2025-03-20T15:36:50.324+0000][319][gc] Using G1
[2025-03-20T15:36:50.330+0000][319][gc,init] Version: 16.0.2+7 (release)
[2025-03-20T15:36:50.330+0000][319][gc,init] CPUs: 8 total, 8 available
[2025-03-20T15:36:50.330+0000][319][gc,init] Memory: 7901M
[2025-03-20T15:36:50.330+0000][319][gc,init] Large Page Support: Disabled
[2025-03-20T15:36:50.330+0000][319][gc,init] NUMA Support: Disabled
[2025-03-20T15:36:50.330+0000][319][gc,init] Compressed Oops: Enabled (32-bit)
[2025-03-20T15:36:50.330+0000][319][gc,init] Heap Region Size: 1M
[2025-03-20T15:36:50.330+0000][319][gc,init] Heap Min Capacity: 512M
[2025-03-20T15:36:50.330+0000][319][gc,init] Heap Initial Capacity: 512M
[2025-03-20T15:36:50.330+0000][319][gc,init] Heap Max Capacity: 512M
[2025-03-20T15:36:50.330+0000][319][gc,init] Pre-touch: Disabled
[2025-03-20T15:36:50.330+0000][319][gc,init] Parallel Workers: 8
[2025-03-20T15:36:50.330+0000][319][gc,init] Concurrent Workers: 2
[2025-03-20T15:36:50.330+0000][319][gc,init] Concurrent Refinement Workers: 8
[2025-03-20T15:36:50.330+0000][319][gc,init] Periodic GC: Disabled
[2025-03-20T15:36:50.330+0000][319][gc,metaspace] CDS disabled.
[2025-03-20T15:36:50.330+0000][319][gc,metaspace] Compressed class space mapped at: 0x0000000100000000-0x0000000140000000, reserved size: 1073741824
[2025-03-20T15:36:50.330+0000][319][gc,metaspace] Narrow klass base: 0x0000000000000000, Narrow klass shift: 3, Narrow klass range: 0x140000000
[2025-03-20T15:36:50.389+0000][319][gc,heap,exit] Heap
[2025-03-20T15:36:50.389+0000][319][gc,heap,exit]  garbage-first heap   total 524288K, used 1538K [0x00000000e0000000, 0x0000000100000000)
[2025-03-20T15:36:50.389+0000][319][gc,heap,exit]   region size 1024K, 2 young (2048K), 0 survivors (0K)
[2025-03-20T15:36:50.389+0000][319][gc,heap,exit]  Metaspace       used 3461K, committed 3520K, reserved 1056768K
[2025-03-20T15:36:50.389+0000][319][gc,heap,exit]   class space    used 270K, committed 320K, reserved 1048576K
