[2025-03-21T13:49:39.916+0000][7][gc] Using G1
[2025-03-21T13:49:40.011+0000][7][gc,init] Version: 16.0.2+7 (release)
[2025-03-21T13:49:40.011+0000][7][gc,init] CPUs: 8 total, 8 available
[2025-03-21T13:49:40.012+0000][7][gc,init] Memory: 7901M
[2025-03-21T13:49:40.012+0000][7][gc,init] Large Page Support: Disabled
[2025-03-21T13:49:40.012+0000][7][gc,init] NUMA Support: Disabled
[2025-03-21T13:49:40.012+0000][7][gc,init] Compressed Oops: Enabled (32-bit)
[2025-03-21T13:49:40.012+0000][7][gc,init] Heap Region Size: 4M
[2025-03-21T13:49:40.012+0000][7][gc,init] Heap Min Capacity: 512M
[2025-03-21T13:49:40.012+0000][7][gc,init] Heap Initial Capacity: 512M
[2025-03-21T13:49:40.012+0000][7][gc,init] Heap Max Capacity: 512M
[2025-03-21T13:49:40.012+0000][7][gc,init] Pre-touch: Enabled
[2025-03-21T13:49:40.012+0000][7][gc,init] Parallel Workers: 8
[2025-03-21T13:49:40.012+0000][7][gc,init] Concurrent Workers: 2
[2025-03-21T13:49:40.012+0000][7][gc,init] Concurrent Refinement Workers: 8
[2025-03-21T13:49:40.012+0000][7][gc,init] Periodic GC: Disabled
[2025-03-21T13:49:40.012+0000][7][gc,metaspace] CDS archive(s) mapped at: [0x0000000800000000-0x0000000800beb000-0x0000000800beb000), size 12496896, SharedBaseAddress: 0x0000000800000000, ArchiveRelocationMode: 0.
[2025-03-21T13:49:40.012+0000][7][gc,metaspace] Compressed class space mapped at: 0x0000000800c00000-0x0000000840c00000, reserved size: 1073741824
[2025-03-21T13:49:40.012+0000][7][gc,metaspace] Narrow klass base: 0x0000000800000000, Narrow klass shift: 3, Narrow klass range: 0x100000000
[2025-03-21T13:49:40.526+0000][7][safepoint   ] Safepoint "ICBufferFull", Time since last: 506620608 ns, Reaching safepoint: 246108 ns, At safepoint: 22483 ns, Total: 268591 ns
[2025-03-21T13:49:40.672+0000][7][gc,start    ] GC(0) Pause Young (Normal) (G1 Evacuation Pause)
[2025-03-21T13:49:40.672+0000][7][gc,task     ] GC(0) Using 8 workers of 8 for evacuation
[2025-03-21T13:49:40.672+0000][7][gc,age      ] GC(0) Desired survivor size 2097152 bytes, new threshold 15 (max threshold 15)
[2025-03-21T13:49:40.681+0000][7][gc,age      ] GC(0) Age table with threshold 15 (max threshold 15)
[2025-03-21T13:49:40.681+0000][7][gc,age      ] GC(0) - age   1:    4168784 bytes,    4168784 total
[2025-03-21T13:49:40.681+0000][7][gc,phases   ] GC(0)   Pre Evacuate Collection Set: 0.1ms
[2025-03-21T13:49:40.681+0000][7][gc,phases   ] GC(0)   Merge Heap Roots: 0.0ms
[2025-03-21T13:49:40.681+0000][7][gc,phases   ] GC(0)   Evacuate Collection Set: 7.7ms
[2025-03-21T13:49:40.681+0000][7][gc,phases   ] GC(0)   Post Evacuate Collection Set: 0.6ms
[2025-03-21T13:49:40.681+0000][7][gc,phases   ] GC(0)   Other: 0.1ms
[2025-03-21T13:49:40.681+0000][7][gc,heap     ] GC(0) Eden regions: 6->0(6)
[2025-03-21T13:49:40.681+0000][7][gc,heap     ] GC(0) Survivor regions: 0->1(1)
[2025-03-21T13:49:40.681+0000][7][gc,heap     ] GC(0) Old regions: 0->1
[2025-03-21T13:49:40.681+0000][7][gc,heap     ] GC(0) Archive regions: 2->2
[2025-03-21T13:49:40.681+0000][7][gc,heap     ] GC(0) Humongous regions: 0->0
[2025-03-21T13:49:40.681+0000][7][gc,metaspace] GC(0) Metaspace: 8116K(8256K)->8116K(8256K) NonClass: 7207K(7296K)->7207K(7296K) Class: 909K(960K)->909K(960K)
[2025-03-21T13:49:40.681+0000][7][gc          ] GC(0) Pause Young (Normal) (G1 Evacuation Pause) 27M->8M(512M) 8.568ms
[2025-03-21T13:49:40.681+0000][7][gc,cpu      ] GC(0) User=0.02s Sys=0.01s Real=0.01s
[2025-03-21T13:49:40.681+0000][7][safepoint   ] Safepoint "G1CollectForAllocation", Time since last: 145773468 ns, Reaching safepoint: 295912 ns, At safepoint: 8651006 ns, Total: 8946918 ns
[2025-03-21T13:49:41.378+0000][7][safepoint   ] Safepoint "ICBufferFull", Time since last: 696830712 ns, Reaching safepoint: 569204 ns, At safepoint: 24777 ns, Total: 593981 ns
[2025-03-21T13:49:41.382+0000][7][gc,start    ] GC(1) Pause Young (Normal) (G1 Evacuation Pause)
[2025-03-21T13:49:41.382+0000][7][gc,task     ] GC(1) Using 8 workers of 8 for evacuation
[2025-03-21T13:49:41.382+0000][7][gc,age      ] GC(1) Desired survivor size 2097152 bytes, new threshold 1 (max threshold 15)
[2025-03-21T13:49:41.386+0000][7][gc,age      ] GC(1) Age table with threshold 1 (max threshold 15)
[2025-03-21T13:49:41.386+0000][7][gc,age      ] GC(1) - age   1:    2081224 bytes,    2081224 total
[2025-03-21T13:49:41.386+0000][7][gc,phases   ] GC(1)   Pre Evacuate Collection Set: 0.1ms
[2025-03-21T13:49:41.386+0000][7][gc,phases   ] GC(1)   Merge Heap Roots: 0.1ms
[2025-03-21T13:49:41.386+0000][7][gc,phases   ] GC(1)   Evacuate Collection Set: 2.8ms
[2025-03-21T13:49:41.386+0000][7][gc,phases   ] GC(1)   Post Evacuate Collection Set: 0.5ms
[2025-03-21T13:49:41.386+0000][7][gc,phases   ] GC(1)   Other: 0.2ms
[2025-03-21T13:49:41.386+0000][7][gc,heap     ] GC(1) Eden regions: 6->0(16)
[2025-03-21T13:49:41.386+0000][7][gc,heap     ] GC(1) Survivor regions: 1->1(1)
[2025-03-21T13:49:41.386+0000][7][gc,heap     ] GC(1) Old regions: 1->2
[2025-03-21T13:49:41.386+0000][7][gc,heap     ] GC(1) Archive regions: 2->2
[2025-03-21T13:49:41.386+0000][7][gc,heap     ] GC(1) Humongous regions: 0->0
[2025-03-21T13:49:41.386+0000][7][gc,metaspace] GC(1) Metaspace: 12310K(12544K)->12310K(12544K) NonClass: 10856K(10944K)->10856K(10944K) Class: 1454K(1600K)->1454K(1600K)
[2025-03-21T13:49:41.386+0000][7][gc          ] GC(1) Pause Young (Normal) (G1 Evacuation Pause) 32M->10M(512M) 3.754ms
[2025-03-21T13:49:41.386+0000][7][gc,cpu      ] GC(1) User=0.02s Sys=0.00s Real=0.00s
[2025-03-21T13:49:41.386+0000][7][safepoint   ] Safepoint "G1CollectForAllocation", Time since last: 4116246 ns, Reaching safepoint: 64783 ns, At safepoint: 3806671 ns, Total: 3871454 ns
[2025-03-21T13:49:41.813+0000][7][safepoint   ] Safepoint "ICBufferFull", Time since last: 426493340 ns, Reaching safepoint: 194761 ns, At safepoint: 2494 ns, Total: 197255 ns
[2025-03-21T13:49:41.916+0000][7][gc,start    ] GC(2) Pause Young (Normal) (G1 Evacuation Pause)
[2025-03-21T13:49:41.916+0000][7][gc,task     ] GC(2) Using 8 workers of 8 for evacuation
[2025-03-21T13:49:41.916+0000][7][gc,age      ] GC(2) Desired survivor size 6291456 bytes, new threshold 15 (max threshold 15)
[2025-03-21T13:49:41.932+0000][7][gc,age      ] GC(2) Age table with threshold 15 (max threshold 15)
[2025-03-21T13:49:41.932+0000][7][gc,age      ] GC(2) - age   1:    1603440 bytes,    1603440 total
[2025-03-21T13:49:41.932+0000][7][gc,age      ] GC(2) - age   2:    2016968 bytes,    3620408 total
[2025-03-21T13:49:41.932+0000][7][gc,phases   ] GC(2)   Pre Evacuate Collection Set: 0.1ms
[2025-03-21T13:49:41.932+0000][7][gc,phases   ] GC(2)   Merge Heap Roots: 3.7ms
[2025-03-21T13:49:41.932+0000][7][gc,phases   ] GC(2)   Evacuate Collection Set: 7.9ms
[2025-03-21T13:49:41.932+0000][7][gc,phases   ] GC(2)   Post Evacuate Collection Set: 4.1ms
[2025-03-21T13:49:41.932+0000][7][gc,phases   ] GC(2)   Other: 0.2ms
[2025-03-21T13:49:41.932+0000][7][gc,heap     ] GC(2) Eden regions: 16->0(59)
[2025-03-21T13:49:41.932+0000][7][gc,heap     ] GC(2) Survivor regions: 1->1(3)
[2025-03-21T13:49:41.932+0000][7][gc,heap     ] GC(2) Old regions: 2->2
[2025-03-21T13:49:41.932+0000][7][gc,heap     ] GC(2) Archive regions: 2->2
[2025-03-21T13:49:41.932+0000][7][gc,heap     ] GC(2) Humongous regions: 0->0
[2025-03-21T13:49:41.932+0000][7][gc,metaspace] GC(2) Metaspace: 14630K(14848K)->14630K(14848K) NonClass: 12964K(13056K)->12964K(13056K) Class: 1666K(1792K)->1666K(1792K)
[2025-03-21T13:49:41.932+0000][7][gc          ] GC(2) Pause Young (Normal) (G1 Evacuation Pause) 74M->11M(512M) 16.066ms
[2025-03-21T13:49:41.932+0000][7][gc,cpu      ] GC(2) User=0.01s Sys=0.00s Real=0.02s
[2025-03-21T13:49:41.932+0000][7][safepoint   ] Safepoint "G1CollectForAllocation", Time since last: 99279220 ns, Reaching safepoint: 3966022 ns, At safepoint: 16174200 ns, Total: 20140222 ns
[2025-03-21T13:49:42.062+0000][7][safepoint   ] Safepoint "ICBufferFull", Time since last: 129991774 ns, Reaching safepoint: 67849 ns, At safepoint: 2384 ns, Total: 70233 ns
[2025-03-21T13:49:42.066+0000][7][safepoint   ] Safepoint "ICBufferFull", Time since last: 3561141 ns, Reaching safepoint: 61547 ns, At safepoint: 2265 ns, Total: 63812 ns
[2025-03-21T13:49:42.069+0000][7][safepoint   ] Safepoint "ICBufferFull", Time since last: 2895424 ns, Reaching safepoint: 57720 ns, At safepoint: 2004 ns, Total: 59724 ns
[2025-03-21T13:49:42.072+0000][7][safepoint   ] Safepoint "ICBufferFull", Time since last: 3447774 ns, Reaching safepoint: 89119 ns, At safepoint: 3537 ns, Total: 92656 ns
[2025-03-21T13:49:42.075+0000][7][safepoint   ] Safepoint "ICBufferFull", Time since last: 2695383 ns, Reaching safepoint: 66987 ns, At safepoint: 2054 ns, Total: 69041 ns
[2025-03-21T13:49:42.078+0000][7][safepoint   ] Safepoint "ICBufferFull", Time since last: 3084442 ns, Reaching safepoint: 72318 ns, At safepoint: 2415 ns, Total: 74733 ns
[2025-03-21T13:49:42.084+0000][7][safepoint   ] Safepoint "ICBufferFull", Time since last: 5156009 ns, Reaching safepoint: 101644 ns, At safepoint: 3276 ns, Total: 104920 ns
[2025-03-21T13:49:42.086+0000][7][safepoint   ] Safepoint "ICBufferFull", Time since last: 1853060 ns, Reaching safepoint: 53512 ns, At safepoint: 2053 ns, Total: 55565 ns
[2025-03-21T13:49:42.090+0000][7][safepoint   ] Safepoint "ICBufferFull", Time since last: 4312974 ns, Reaching safepoint: 73700 ns, At safepoint: 2385 ns, Total: 76085 ns
[2025-03-21T13:49:42.095+0000][7][safepoint   ] Safepoint "ICBufferFull", Time since last: 4674000 ns, Reaching safepoint: 72919 ns, At safepoint: 2194 ns, Total: 75113 ns
[2025-03-21T13:49:42.097+0000][7][safepoint   ] Safepoint "ICBufferFull", Time since last: 1988608 ns, Reaching safepoint: 66327 ns, At safepoint: 2014 ns, Total: 68341 ns
[2025-03-21T13:49:42.100+0000][7][safepoint   ] Safepoint "ICBufferFull", Time since last: 2942541 ns, Reaching safepoint: 85173 ns, At safepoint: 3025 ns, Total: 88198 ns
[2025-03-21T13:49:42.107+0000][7][safepoint   ] Safepoint "ICBufferFull", Time since last: 6778599 ns, Reaching safepoint: 96253 ns, At safepoint: 2435 ns, Total: 98688 ns
[2025-03-21T13:49:42.111+0000][7][safepoint   ] Safepoint "ICBufferFull", Time since last: 3964040 ns, Reaching safepoint: 74010 ns, At safepoint: 2906 ns, Total: 76916 ns
[2025-03-21T13:49:42.113+0000][7][safepoint   ] Safepoint "ICBufferFull", Time since last: 2239263 ns, Reaching safepoint: 54735 ns, At safepoint: 1563 ns, Total: 56298 ns
[2025-03-21T13:49:42.117+0000][7][safepoint   ] Safepoint "ICBufferFull", Time since last: 3939393 ns, Reaching safepoint: 73290 ns, At safepoint: 3106 ns, Total: 76396 ns
[2025-03-21T13:49:42.120+0000][7][safepoint   ] Safepoint "ICBufferFull", Time since last: 2527102 ns, Reaching safepoint: 74762 ns, At safepoint: 2625 ns, Total: 77387 ns
[2025-03-21T13:49:42.123+0000][7][safepoint   ] Safepoint "ICBufferFull", Time since last: 3262491 ns, Reaching safepoint: 149231 ns, At safepoint: 3917 ns, Total: 153148 ns
[2025-03-21T13:49:42.128+0000][7][safepoint   ] Safepoint "ICBufferFull", Time since last: 4350525 ns, Reaching safepoint: 164347 ns, At safepoint: 2825 ns, Total: 167172 ns
[2025-03-21T13:49:42.133+0000][7][safepoint   ] Safepoint "ICBufferFull", Time since last: 5112375 ns, Reaching safepoint: 125068 ns, At safepoint: 20309 ns, Total: 145377 ns
[2025-03-21T13:49:42.135+0000][7][safepoint   ] Safepoint "ICBufferFull", Time since last: 1668988 ns, Reaching safepoint: 70785 ns, At safepoint: 2785 ns, Total: 73570 ns
[2025-03-21T13:49:42.135+0000][7][safepoint   ] Safepoint "ICBufferFull", Time since last: 626615 ns, Reaching safepoint: 50226 ns, At safepoint: 1453 ns, Total: 51679 ns
[2025-03-21T13:49:42.136+0000][7][safepoint   ] Safepoint "ICBufferFull", Time since last: 921574 ns, Reaching safepoint: 62119 ns, At safepoint: 2074 ns, Total: 64193 ns
[2025-03-21T13:49:42.137+0000][7][safepoint   ] Safepoint "ICBufferFull", Time since last: 935291 ns, Reaching safepoint: 59333 ns, At safepoint: 1873 ns, Total: 61206 ns
[2025-03-21T13:49:42.138+0000][7][safepoint   ] Safepoint "ICBufferFull", Time since last: 828898 ns, Reaching safepoint: 357051 ns, At safepoint: 2214 ns, Total: 359265 ns
[2025-03-21T13:49:42.139+0000][7][safepoint   ] Safepoint "ICBufferFull", Time since last: 776517 ns, Reaching safepoint: 49364 ns, At safepoint: 1723 ns, Total: 51087 ns
[2025-03-21T13:49:42.144+0000][7][safepoint   ] Safepoint "ICBufferFull", Time since last: 4458952 ns, Reaching safepoint: 68721 ns, At safepoint: 2906 ns, Total: 71627 ns
[2025-03-21T13:49:42.145+0000][7][safepoint   ] Safepoint "ICBufferFull", Time since last: 1357485 ns, Reaching safepoint: 205803 ns, At safepoint: 3006 ns, Total: 208809 ns
[2025-03-21T13:49:42.147+0000][7][safepoint   ] Safepoint "ICBufferFull", Time since last: 1124170 ns, Reaching safepoint: 56748 ns, At safepoint: 2074 ns, Total: 58822 ns
[2025-03-21T13:49:42.148+0000][7][safepoint   ] Safepoint "ICBufferFull", Time since last: 1050592 ns, Reaching safepoint: 74471 ns, At safepoint: 2916 ns, Total: 77387 ns
[2025-03-21T13:49:42.149+0000][7][safepoint   ] Safepoint "ICBufferFull", Time since last: 981063 ns, Reaching safepoint: 75523 ns, At safepoint: 2525 ns, Total: 78048 ns
[2025-03-21T13:49:42.150+0000][7][safepoint   ] Safepoint "ICBufferFull", Time since last: 709656 ns, Reaching safepoint: 131741 ns, At safepoint: 14598 ns, Total: 146339 ns
[2025-03-21T13:49:42.366+0000][7][safepoint   ] Safepoint "ICBufferFull", Time since last: 216051547 ns, Reaching safepoint: 132542 ns, At safepoint: 2585 ns, Total: 135127 ns
[2025-03-21T13:49:42.798+0000][7][safepoint   ] Safepoint "ICBufferFull", Time since last: 432254552 ns, Reaching safepoint: 199760 ns, At safepoint: 39279 ns, Total: 239039 ns
[2025-03-21T13:49:42.891+0000][7][gc,start    ] GC(3) Pause Young (Normal) (G1 Evacuation Pause)
[2025-03-21T13:49:42.891+0000][7][gc,task     ] GC(3) Using 8 workers of 8 for evacuation
[2025-03-21T13:49:42.891+0000][7][gc,age      ] GC(3) Desired survivor size 16777216 bytes, new threshold 15 (max threshold 15)
[2025-03-21T13:49:42.899+0000][7][gc,age      ] GC(3) Age table with threshold 15 (max threshold 15)
[2025-03-21T13:49:42.899+0000][7][gc,age      ] GC(3) - age   1:    5532448 bytes,    5532448 total
[2025-03-21T13:49:42.899+0000][7][gc,age      ] GC(3) - age   2:    1275680 bytes,    6808128 total
[2025-03-21T13:49:42.899+0000][7][gc,age      ] GC(3) - age   3:    2001936 bytes,    8810064 total
[2025-03-21T13:49:42.899+0000][7][gc,phases   ] GC(3)   Pre Evacuate Collection Set: 0.0ms
[2025-03-21T13:49:42.899+0000][7][gc,phases   ] GC(3)   Merge Heap Roots: 0.1ms
[2025-03-21T13:49:42.899+0000][7][gc,phases   ] GC(3)   Evacuate Collection Set: 5.9ms
[2025-03-21T13:49:42.899+0000][7][gc,phases   ] GC(3)   Post Evacuate Collection Set: 1.3ms
[2025-03-21T13:49:42.899+0000][7][gc,phases   ] GC(3)   Other: 0.2ms
[2025-03-21T13:49:42.899+0000][7][gc,heap     ] GC(3) Eden regions: 59->0(73)
[2025-03-21T13:49:42.899+0000][7][gc,heap     ] GC(3) Survivor regions: 1->3(8)
[2025-03-21T13:49:42.899+0000][7][gc,heap     ] GC(3) Old regions: 2->2
[2025-03-21T13:49:42.899+0000][7][gc,heap     ] GC(3) Archive regions: 2->2
[2025-03-21T13:49:42.899+0000][7][gc,heap     ] GC(3) Humongous regions: 0->0
[2025-03-21T13:49:42.899+0000][7][gc,metaspace] GC(3) Metaspace: 18550K(18816K)->18550K(18816K) NonClass: 16331K(16448K)->16331K(16448K) Class: 2219K(2368K)->2219K(2368K)
[2025-03-21T13:49:42.899+0000][7][gc          ] GC(3) Pause Young (Normal) (G1 Evacuation Pause) 247M->16M(512M) 7.621ms
[2025-03-21T13:49:42.899+0000][7][gc,cpu      ] GC(3) User=0.03s Sys=0.00s Real=0.00s
[2025-03-21T13:49:42.899+0000][7][safepoint   ] Safepoint "G1CollectForAllocation", Time since last: 92969577 ns, Reaching safepoint: 84802 ns, At safepoint: 7690174 ns, Total: 7774976 ns
[2025-03-21T13:49:43.310+0000][7][gc,start    ] GC(4) Pause Young (Normal) (G1 Evacuation Pause)
[2025-03-21T13:49:43.310+0000][7][gc,task     ] GC(4) Using 8 workers of 8 for evacuation
[2025-03-21T13:49:43.310+0000][7][gc,age      ] GC(4) Desired survivor size 20971520 bytes, new threshold 15 (max threshold 15)
[2025-03-21T13:49:43.319+0000][7][gc,age      ] GC(4) Age table with threshold 15 (max threshold 15)
[2025-03-21T13:49:43.319+0000][7][gc,age      ] GC(4) - age   1:    5081992 bytes,    5081992 total
[2025-03-21T13:49:43.319+0000][7][gc,age      ] GC(4) - age   2:    4882824 bytes,    9964816 total
[2025-03-21T13:49:43.319+0000][7][gc,age      ] GC(4) - age   3:    1275600 bytes,   11240416 total
[2025-03-21T13:49:43.319+0000][7][gc,age      ] GC(4) - age   4:    2001936 bytes,   13242352 total
[2025-03-21T13:49:43.319+0000][7][gc,phases   ] GC(4)   Pre Evacuate Collection Set: 0.1ms
[2025-03-21T13:49:43.319+0000][7][gc,phases   ] GC(4)   Merge Heap Roots: 0.1ms
[2025-03-21T13:49:43.319+0000][7][gc,phases   ] GC(4)   Evacuate Collection Set: 6.7ms
[2025-03-21T13:49:43.319+0000][7][gc,phases   ] GC(4)   Post Evacuate Collection Set: 2.0ms
[2025-03-21T13:49:43.319+0000][7][gc,phases   ] GC(4)   Other: 0.2ms
[2025-03-21T13:49:43.319+0000][7][gc,heap     ] GC(4) Eden regions: 73->0(72)
[2025-03-21T13:49:43.319+0000][7][gc,heap     ] GC(4) Survivor regions: 3->4(10)
[2025-03-21T13:49:43.319+0000][7][gc,heap     ] GC(4) Old regions: 2->2
[2025-03-21T13:49:43.319+0000][7][gc,heap     ] GC(4) Archive regions: 2->2
[2025-03-21T13:49:43.319+0000][7][gc,heap     ] GC(4) Humongous regions: 0->0
[2025-03-21T13:49:43.319+0000][7][gc,metaspace] GC(4) Metaspace: 19282K(19584K)->19282K(19584K) NonClass: 16955K(17152K)->16955K(17152K) Class: 2327K(2432K)->2327K(2432K)
[2025-03-21T13:49:43.319+0000][7][gc          ] GC(4) Pause Young (Normal) (G1 Evacuation Pause) 308M->21M(512M) 9.128ms
[2025-03-21T13:49:43.319+0000][7][gc,cpu      ] GC(4) User=0.03s Sys=0.00s Real=0.00s
[2025-03-21T13:49:43.319+0000][7][safepoint   ] Safepoint "G1CollectForAllocation", Time since last: 411097732 ns, Reaching safepoint: 137883 ns, At safepoint: 9212341 ns, Total: 9350224 ns
[2025-03-21T13:49:43.736+0000][7][gc,start    ] GC(5) Pause Young (Normal) (G1 Evacuation Pause)
[2025-03-21T13:49:43.736+0000][7][gc,task     ] GC(5) Using 8 workers of 8 for evacuation
[2025-03-21T13:49:43.736+0000][7][gc,age      ] GC(5) Desired survivor size 20971520 bytes, new threshold 15 (max threshold 15)
[2025-03-21T13:49:43.750+0000][7][gc,age      ] GC(5) Age table with threshold 15 (max threshold 15)
[2025-03-21T13:49:43.750+0000][7][gc,age      ] GC(5) - age   1:    1619808 bytes,    1619808 total
[2025-03-21T13:49:43.750+0000][7][gc,age      ] GC(5) - age   2:    2884760 bytes,    4504568 total
[2025-03-21T13:49:43.750+0000][7][gc,age      ] GC(5) - age   3:    4882456 bytes,    9387024 total
[2025-03-21T13:49:43.750+0000][7][gc,age      ] GC(5) - age   4:    1268032 bytes,   10655056 total
[2025-03-21T13:49:43.750+0000][7][gc,age      ] GC(5) - age   5:    2001936 bytes,   12656992 total
[2025-03-21T13:49:43.750+0000][7][gc,phases   ] GC(5)   Pre Evacuate Collection Set: 0.1ms
[2025-03-21T13:49:43.750+0000][7][gc,phases   ] GC(5)   Merge Heap Roots: 0.1ms
[2025-03-21T13:49:43.750+0000][7][gc,phases   ] GC(5)   Evacuate Collection Set: 11.6ms
[2025-03-21T13:49:43.750+0000][7][gc,phases   ] GC(5)   Post Evacuate Collection Set: 2.0ms
[2025-03-21T13:49:43.750+0000][7][gc,phases   ] GC(5)   Other: 0.2ms
[2025-03-21T13:49:43.750+0000][7][gc,heap     ] GC(5) Eden regions: 72->0(72)
[2025-03-21T13:49:43.750+0000][7][gc,heap     ] GC(5) Survivor regions: 4->4(10)
[2025-03-21T13:49:43.750+0000][7][gc,heap     ] GC(5) Old regions: 2->2
[2025-03-21T13:49:43.750+0000][7][gc,heap     ] GC(5) Archive regions: 2->2
[2025-03-21T13:49:43.750+0000][7][gc,heap     ] GC(5) Humongous regions: 0->0
[2025-03-21T13:49:43.750+0000][7][gc,metaspace] GC(5) Metaspace: 19943K(20288K)->19943K(20288K) NonClass: 17518K(17728K)->17518K(17728K) Class: 2425K(2560K)->2425K(2560K)
[2025-03-21T13:49:43.750+0000][7][gc          ] GC(5) Pause Young (Normal) (G1 Evacuation Pause) 309M->20M(512M) 14.081ms
[2025-03-21T13:49:43.750+0000][7][gc,cpu      ] GC(5) User=0.03s Sys=0.01s Real=0.02s
[2025-03-21T13:49:43.750+0000][7][safepoint   ] Safepoint "G1CollectForAllocation", Time since last: 416693660 ns, Reaching safepoint: 123065 ns, At safepoint: 14153301 ns, Total: 14276366 ns
[2025-03-21T13:49:44.087+0000][7][gc,start    ] GC(6) Pause Young (Concurrent Start) (Metadata GC Threshold)
[2025-03-21T13:49:44.088+0000][7][gc,task     ] GC(6) Using 8 workers of 8 for evacuation
[2025-03-21T13:49:44.088+0000][7][gc,age      ] GC(6) Desired survivor size 20971520 bytes, new threshold 15 (max threshold 15)
[2025-03-21T13:49:44.107+0000][7][gc,age      ] GC(6) Age table with threshold 15 (max threshold 15)
[2025-03-21T13:49:44.107+0000][7][gc,age      ] GC(6) - age   1:    1859912 bytes,    1859912 total
[2025-03-21T13:49:44.107+0000][7][gc,age      ] GC(6) - age   2:     789544 bytes,    2649456 total
[2025-03-21T13:49:44.107+0000][7][gc,age      ] GC(6) - age   3:    2883720 bytes,    5533176 total
[2025-03-21T13:49:44.107+0000][7][gc,age      ] GC(6) - age   4:    4882344 bytes,   10415520 total
[2025-03-21T13:49:44.107+0000][7][gc,age      ] GC(6) - age   5:    1267952 bytes,   11683472 total
[2025-03-21T13:49:44.107+0000][7][gc,age      ] GC(6) - age   6:    2001936 bytes,   13685408 total
[2025-03-21T13:49:44.107+0000][7][gc,phases   ] GC(6)   Pre Evacuate Collection Set: 0.2ms
[2025-03-21T13:49:44.107+0000][7][gc,phases   ] GC(6)   Merge Heap Roots: 1.6ms
[2025-03-21T13:49:44.107+0000][7][gc,phases   ] GC(6)   Evacuate Collection Set: 5.6ms
[2025-03-21T13:49:44.107+0000][7][gc,phases   ] GC(6)   Post Evacuate Collection Set: 11.4ms
[2025-03-21T13:49:44.107+0000][7][gc,phases   ] GC(6)   Other: 0.4ms
[2025-03-21T13:49:44.107+0000][7][gc,heap     ] GC(6) Eden regions: 63->0(72)
[2025-03-21T13:49:44.107+0000][7][gc,heap     ] GC(6) Survivor regions: 4->4(10)
[2025-03-21T13:49:44.107+0000][7][gc,heap     ] GC(6) Old regions: 2->2
[2025-03-21T13:49:44.107+0000][7][gc,heap     ] GC(6) Archive regions: 2->2
[2025-03-21T13:49:44.107+0000][7][gc,heap     ] GC(6) Humongous regions: 0->0
[2025-03-21T13:49:44.107+0000][7][gc,metaspace] GC(6) Metaspace: 20887K(21248K)->20887K(21248K) NonClass: 18326K(18560K)->18326K(18560K) Class: 2561K(2688K)->2561K(2688K)
[2025-03-21T13:49:44.107+0000][7][gc          ] GC(6) Pause Young (Concurrent Start) (Metadata GC Threshold) 270M->22M(512M) 19.312ms
[2025-03-21T13:49:44.107+0000][7][gc,cpu      ] GC(6) User=0.05s Sys=0.00s Real=0.02s
[2025-03-21T13:49:44.107+0000][7][gc          ] GC(7) Concurrent Mark Cycle
[2025-03-21T13:49:44.107+0000][7][gc,marking  ] GC(7) Concurrent Clear Claimed Marks
[2025-03-21T13:49:44.107+0000][7][gc,marking  ] GC(7) Concurrent Clear Claimed Marks 0.101ms
[2025-03-21T13:49:44.107+0000][7][gc,marking  ] GC(7) Concurrent Scan Root Regions
[2025-03-21T13:49:44.107+0000][7][safepoint   ] Safepoint "CollectForMetadataAllocation", Time since last: 336838670 ns, Reaching safepoint: 193759 ns, At safepoint: 19534241 ns, Total: 19728000 ns
[2025-03-21T13:49:44.118+0000][7][gc,marking  ] GC(7) Concurrent Scan Root Regions 10.983ms
[2025-03-21T13:49:44.118+0000][7][gc,marking  ] GC(7) Concurrent Mark
[2025-03-21T13:49:44.118+0000][7][gc,marking  ] GC(7) Concurrent Mark From Roots
[2025-03-21T13:49:44.118+0000][7][gc,task     ] GC(7) Using 2 workers of 2 for marking
[2025-03-21T13:49:44.126+0000][7][gc,marking  ] GC(7) Concurrent Mark From Roots 8.316ms
[2025-03-21T13:49:44.126+0000][7][gc,marking  ] GC(7) Concurrent Preclean
[2025-03-21T13:49:44.127+0000][7][gc,marking  ] GC(7) Concurrent Preclean 0.104ms
[2025-03-21T13:49:44.133+0000][7][gc,start    ] GC(7) Pause Remark
[2025-03-21T13:49:44.145+0000][7][gc          ] GC(7) Pause Remark 24M->24M(512M) 11.604ms
[2025-03-21T13:49:44.145+0000][7][gc,cpu      ] GC(7) User=0.02s Sys=0.00s Real=0.01s
[2025-03-21T13:49:44.145+0000][7][safepoint   ] Safepoint "G1Concurrent", Time since last: 21017112 ns, Reaching safepoint: 5051821 ns, At safepoint: 11768230 ns, Total: 16820051 ns
[2025-03-21T13:49:44.145+0000][7][gc,marking  ] GC(7) Concurrent Mark 26.840ms
[2025-03-21T13:49:44.145+0000][7][gc,marking  ] GC(7) Concurrent Rebuild Remembered Sets
[2025-03-21T13:49:44.147+0000][7][gc,marking  ] GC(7) Concurrent Rebuild Remembered Sets 2.245ms
[2025-03-21T13:49:44.152+0000][7][gc,start    ] GC(7) Pause Cleanup
[2025-03-21T13:49:44.152+0000][7][gc          ] GC(7) Pause Cleanup 24M->24M(512M) 0.118ms
[2025-03-21T13:49:44.152+0000][7][gc,cpu      ] GC(7) User=0.00s Sys=0.00s Real=0.00s
[2025-03-21T13:49:44.152+0000][7][safepoint   ] Safepoint "G1Concurrent", Time since last: 3390053 ns, Reaching safepoint: 4002912 ns, At safepoint: 174011 ns, Total: 4176923 ns
[2025-03-21T13:49:44.153+0000][7][gc,marking  ] GC(7) Concurrent Cleanup for Next Mark
[2025-03-21T13:49:44.153+0000][7][gc,marking  ] GC(7) Concurrent Cleanup for Next Mark 0.521ms
[2025-03-21T13:49:44.153+0000][7][gc          ] GC(7) Concurrent Mark Cycle 46.129ms
[2025-03-21T13:49:44.474+0000][7][gc,start    ] GC(8) Pause Young (Normal) (G1 Evacuation Pause)
[2025-03-21T13:49:44.474+0000][7][gc,task     ] GC(8) Using 8 workers of 8 for evacuation
[2025-03-21T13:49:44.474+0000][7][gc,age      ] GC(8) Desired survivor size 20971520 bytes, new threshold 15 (max threshold 15)
[2025-03-21T13:49:44.490+0000][7][gc,age      ] GC(8) Age table with threshold 15 (max threshold 15)
[2025-03-21T13:49:44.490+0000][7][gc,age      ] GC(8) - age   1:    1355696 bytes,    1355696 total
[2025-03-21T13:49:44.490+0000][7][gc,age      ] GC(8) - age   2:    1837128 bytes,    3192824 total
[2025-03-21T13:49:44.490+0000][7][gc,age      ] GC(8) - age   3:     787464 bytes,    3980288 total
[2025-03-21T13:49:44.490+0000][7][gc,age      ] GC(8) - age   4:    2883656 bytes,    6863944 total
[2025-03-21T13:49:44.490+0000][7][gc,age      ] GC(8) - age   5:    4881096 bytes,   11745040 total
[2025-03-21T13:49:44.490+0000][7][gc,age      ] GC(8) - age   6:    1267696 bytes,   13012736 total
[2025-03-21T13:49:44.490+0000][7][gc,age      ] GC(8) - age   7:    1999856 bytes,   15012592 total
[2025-03-21T13:49:44.490+0000][7][gc,phases   ] GC(8)   Pre Evacuate Collection Set: 0.3ms
[2025-03-21T13:49:44.490+0000][7][gc,phases   ] GC(8)   Merge Heap Roots: 0.1ms
[2025-03-21T13:49:44.490+0000][7][gc,phases   ] GC(8)   Evacuate Collection Set: 10.0ms
[2025-03-21T13:49:44.490+0000][7][gc,phases   ] GC(8)   Post Evacuate Collection Set: 5.4ms
[2025-03-21T13:49:44.490+0000][7][gc,phases   ] GC(8)   Other: 0.2ms
[2025-03-21T13:49:44.490+0000][7][gc,heap     ] GC(8) Eden regions: 72->0(72)
[2025-03-21T13:49:44.490+0000][7][gc,heap     ] GC(8) Survivor regions: 4->4(10)
[2025-03-21T13:49:44.490+0000][7][gc,heap     ] GC(8) Old regions: 2->2
[2025-03-21T13:49:44.490+0000][7][gc,heap     ] GC(8) Archive regions: 2->2
[2025-03-21T13:49:44.490+0000][7][gc,heap     ] GC(8) Humongous regions: 0->0
[2025-03-21T13:49:44.490+0000][7][gc,metaspace] GC(8) Metaspace: 21332K(21888K)->21332K(21888K) NonClass: 18714K(19072K)->18714K(19072K) Class: 2617K(2816K)->2617K(2816K)
[2025-03-21T13:49:44.490+0000][7][gc          ] GC(8) Pause Young (Normal) (G1 Evacuation Pause) 310M->23M(512M) 16.202ms
[2025-03-21T13:49:44.490+0000][7][gc,cpu      ] GC(8) User=0.03s Sys=0.01s Real=0.02s
[2025-03-21T13:49:44.490+0000][7][safepoint   ] Safepoint "G1CollectForAllocation", Time since last: 321062842 ns, Reaching safepoint: 108317 ns, At safepoint: 16299679 ns, Total: 16407996 ns
[2025-03-21T13:49:45.491+0000][7][safepoint   ] Safepoint "Cleanup", Time since last: 1000995872 ns, Reaching safepoint: 235489 ns, At safepoint: 1953 ns, Total: 237442 ns
[2025-03-21T13:49:46.122+0000][7][gc,start    ] GC(9) Pause Young (Normal) (G1 Evacuation Pause)
[2025-03-21T13:49:46.122+0000][7][gc,task     ] GC(9) Using 8 workers of 8 for evacuation
[2025-03-21T13:49:46.122+0000][7][gc,age      ] GC(9) Desired survivor size 20971520 bytes, new threshold 15 (max threshold 15)
[2025-03-21T13:49:46.147+0000][7][gc,age      ] GC(9) Age table with threshold 15 (max threshold 15)
[2025-03-21T13:49:46.147+0000][7][gc,age      ] GC(9) - age   1:   12635808 bytes,   12635808 total
[2025-03-21T13:49:46.147+0000][7][gc,age      ] GC(9) - age   2:    1076560 bytes,   13712368 total
[2025-03-21T13:49:46.147+0000][7][gc,age      ] GC(9) - age   3:    1823104 bytes,   15535472 total
[2025-03-21T13:49:46.147+0000][7][gc,age      ] GC(9) - age   4:     772376 bytes,   16307848 total
[2025-03-21T13:49:46.147+0000][7][gc,age      ] GC(9) - age   5:    2864672 bytes,   19172520 total
[2025-03-21T13:49:46.147+0000][7][gc,age      ] GC(9) - age   6:    4830360 bytes,   24002880 total
[2025-03-21T13:49:46.147+0000][7][gc,age      ] GC(9) - age   7:    1222720 bytes,   25225600 total
[2025-03-21T13:49:46.147+0000][7][gc,age      ] GC(9) - age   8:    1991392 bytes,   27216992 total
[2025-03-21T13:49:46.147+0000][7][gc,phases   ] GC(9)   Pre Evacuate Collection Set: 0.1ms
[2025-03-21T13:49:46.147+0000][7][gc,phases   ] GC(9)   Merge Heap Roots: 0.1ms
[2025-03-21T13:49:46.147+0000][7][gc,phases   ] GC(9)   Evacuate Collection Set: 23.0ms
[2025-03-21T13:49:46.147+0000][7][gc,phases   ] GC(9)   Post Evacuate Collection Set: 2.1ms
[2025-03-21T13:49:46.147+0000][7][gc,phases   ] GC(9)   Other: 0.2ms
[2025-03-21T13:49:46.147+0000][7][gc,heap     ] GC(9) Eden regions: 72->0(69)
[2025-03-21T13:49:46.147+0000][7][gc,heap     ] GC(9) Survivor regions: 4->7(10)
[2025-03-21T13:49:46.147+0000][7][gc,heap     ] GC(9) Old regions: 2->2
[2025-03-21T13:49:46.147+0000][7][gc,heap     ] GC(9) Archive regions: 2->2
[2025-03-21T13:49:46.147+0000][7][gc,heap     ] GC(9) Humongous regions: 0->0
[2025-03-21T13:49:46.147+0000][7][gc,metaspace] GC(9) Metaspace: 30534K(31360K)->30534K(31360K) NonClass: 26708K(27200K)->26708K(27200K) Class: 3826K(4160K)->3826K(4160K)
[2025-03-21T13:49:46.147+0000][7][gc          ] GC(9) Pause Young (Normal) (G1 Evacuation Pause) 311M->35M(512M) 25.475ms
[2025-03-21T13:49:46.147+0000][7][gc,cpu      ] GC(9) User=0.05s Sys=0.00s Real=0.02s
[2025-03-21T13:49:46.147+0000][7][safepoint   ] Safepoint "G1CollectForAllocation", Time since last: 630470505 ns, Reaching safepoint: 222284 ns, At safepoint: 25547037 ns, Total: 25769321 ns
[2025-03-21T13:49:47.133+0000][7][safepoint   ] Safepoint "ICBufferFull", Time since last: 985528000 ns, Reaching safepoint: 227102 ns, At safepoint: 3617 ns, Total: 230719 ns
[2025-03-21T13:49:47.450+0000][7][gc,start    ] GC(10) Pause Young (Concurrent Start) (Metadata GC Threshold)
[2025-03-21T13:49:47.450+0000][7][gc,task     ] GC(10) Using 8 workers of 8 for evacuation
[2025-03-21T13:49:47.450+0000][7][gc,age      ] GC(10) Desired survivor size 20971520 bytes, new threshold 6 (max threshold 15)
[2025-03-21T13:49:47.479+0000][7][gc,age      ] GC(10) Age table with threshold 6 (max threshold 15)
[2025-03-21T13:49:47.479+0000][7][gc,age      ] GC(10) - age   1:   22673640 bytes,   22673640 total
[2025-03-21T13:49:47.479+0000][7][gc,age      ] GC(10) - age   2:   12328392 bytes,   35002032 total
[2025-03-21T13:49:47.479+0000][7][gc,age      ] GC(10) - age   3:    1073552 bytes,   36075584 total
[2025-03-21T13:49:47.479+0000][7][gc,age      ] GC(10) - age   4:    1822320 bytes,   37897904 total
[2025-03-21T13:49:47.479+0000][7][gc,age      ] GC(10) - age   5:     760608 bytes,   38658512 total
[2025-03-21T13:49:47.479+0000][7][gc,age      ] GC(10) - age   6:    2861128 bytes,   41519640 total
[2025-03-21T13:49:47.479+0000][7][gc,phases   ] GC(10)   Pre Evacuate Collection Set: 0.2ms
[2025-03-21T13:49:47.479+0000][7][gc,phases   ] GC(10)   Merge Heap Roots: 0.1ms
[2025-03-21T13:49:47.479+0000][7][gc,phases   ] GC(10)   Evacuate Collection Set: 26.3ms
[2025-03-21T13:49:47.480+0000][7][gc,phases   ] GC(10)   Post Evacuate Collection Set: 3.1ms
[2025-03-21T13:49:47.480+0000][7][gc,phases   ] GC(10)   Other: 0.2ms
[2025-03-21T13:49:47.480+0000][7][gc,heap     ] GC(10) Eden regions: 51->0(66)
[2025-03-21T13:49:47.480+0000][7][gc,heap     ] GC(10) Survivor regions: 7->10(10)
[2025-03-21T13:49:47.480+0000][7][gc,heap     ] GC(10) Old regions: 2->5
[2025-03-21T13:49:47.480+0000][7][gc,heap     ] GC(10) Archive regions: 2->2
[2025-03-21T13:49:47.480+0000][7][gc,heap     ] GC(10) Humongous regions: 0->0
[2025-03-21T13:49:47.480+0000][7][gc,metaspace] GC(10) Metaspace: 34894K(35776K)->34894K(35776K) NonClass: 30399K(30912K)->30399K(30912K) Class: 4495K(4864K)->4495K(4864K)
[2025-03-21T13:49:47.480+0000][7][gc          ] GC(10) Pause Young (Concurrent Start) (Metadata GC Threshold) 237M->60M(512M) 29.957ms
[2025-03-21T13:49:47.480+0000][7][gc,cpu      ] GC(10) User=0.08s Sys=0.00s Real=0.02s
[2025-03-21T13:49:47.480+0000][7][safepoint   ] Safepoint "CollectForMetadataAllocation", Time since last: 316226297 ns, Reaching safepoint: 246239 ns, At safepoint: 30091433 ns, Total: 30337672 ns
[2025-03-21T13:49:47.480+0000][7][gc          ] GC(11) Concurrent Mark Cycle
[2025-03-21T13:49:47.480+0000][7][gc,marking  ] GC(11) Concurrent Clear Claimed Marks
[2025-03-21T13:49:47.480+0000][7][gc,marking  ] GC(11) Concurrent Clear Claimed Marks 0.079ms
[2025-03-21T13:49:47.480+0000][7][gc,marking  ] GC(11) Concurrent Scan Root Regions
[2025-03-21T13:49:47.499+0000][7][safepoint   ] Safepoint "CollectForMetadataAllocation", Time since last: 19698580 ns, Reaching safepoint: 69042 ns, At safepoint: 54874 ns, Total: 123916 ns
[2025-03-21T13:49:47.514+0000][7][gc,marking  ] GC(11) Concurrent Scan Root Regions 34.289ms
[2025-03-21T13:49:47.514+0000][7][gc,marking  ] GC(11) Concurrent Mark
[2025-03-21T13:49:47.515+0000][7][gc,marking  ] GC(11) Concurrent Mark From Roots
[2025-03-21T13:49:47.515+0000][7][gc,task     ] GC(11) Using 2 workers of 2 for marking
[2025-03-21T13:49:47.515+0000][7][safepoint   ] Safepoint "CollectForMetadataAllocation", Time since last: 15628976 ns, Reaching safepoint: 95602 ns, At safepoint: 65615 ns, Total: 161217 ns
[2025-03-21T13:49:47.518+0000][7][gc,marking  ] GC(11) Concurrent Mark From Roots 3.388ms
[2025-03-21T13:49:47.518+0000][7][gc,marking  ] GC(11) Concurrent Preclean
[2025-03-21T13:49:47.518+0000][7][gc,marking  ] GC(11) Concurrent Preclean 0.095ms
[2025-03-21T13:49:47.518+0000][7][gc,start    ] GC(11) Pause Remark
[2025-03-21T13:49:47.521+0000][7][gc          ] GC(11) Pause Remark 64M->64M(512M) 3.015ms
[2025-03-21T13:49:47.521+0000][7][gc,cpu      ] GC(11) User=0.01s Sys=0.00s Real=0.01s
[2025-03-21T13:49:47.522+0000][7][safepoint   ] Safepoint "G1Concurrent", Time since last: 2815862 ns, Reaching safepoint: 342140 ns, At safepoint: 3093440 ns, Total: 3435580 ns
[2025-03-21T13:49:47.522+0000][7][gc,marking  ] GC(11) Concurrent Mark 7.089ms
[2025-03-21T13:49:47.522+0000][7][gc,marking  ] GC(11) Concurrent Rebuild Remembered Sets
[2025-03-21T13:49:47.530+0000][7][gc,marking  ] GC(11) Concurrent Rebuild Remembered Sets 8.025ms
[2025-03-21T13:49:47.530+0000][7][gc,start    ] GC(11) Pause Cleanup
[2025-03-21T13:49:47.530+0000][7][gc          ] GC(11) Pause Cleanup 64M->64M(512M) 0.079ms
[2025-03-21T13:49:47.531+0000][7][gc,cpu      ] GC(11) User=0.00s Sys=0.00s Real=0.00s
[2025-03-21T13:49:47.531+0000][7][safepoint   ] Safepoint "G1Concurrent", Time since last: 8208353 ns, Reaching safepoint: 668360 ns, At safepoint: 134757 ns, Total: 803117 ns
[2025-03-21T13:49:47.531+0000][7][gc,marking  ] GC(11) Concurrent Cleanup for Next Mark
[2025-03-21T13:49:47.533+0000][7][gc,marking  ] GC(11) Concurrent Cleanup for Next Mark 2.226ms
[2025-03-21T13:49:47.533+0000][7][gc          ] GC(11) Concurrent Mark Cycle 52.813ms
[2025-03-21T13:49:48.655+0000][7][safepoint   ] Safepoint "ICBufferFull", Time since last: 1124543038 ns, Reaching safepoint: 294992 ns, At safepoint: 3426 ns, Total: 298418 ns
[2025-03-21T13:49:48.893+0000][7][gc,start    ] GC(12) Pause Young (Concurrent Start) (G1 Evacuation Pause)
[2025-03-21T13:49:48.893+0000][7][gc,task     ] GC(12) Using 8 workers of 8 for evacuation
[2025-03-21T13:49:48.893+0000][7][gc,age      ] GC(12) Desired survivor size 20971520 bytes, new threshold 1 (max threshold 15)
[2025-03-21T13:49:48.923+0000][7][gc,age      ] GC(12) Age table with threshold 1 (max threshold 15)
[2025-03-21T13:49:48.923+0000][7][gc,age      ] GC(12) - age   1:    6409240 bytes,    6409240 total
[2025-03-21T13:49:48.923+0000][7][gc,phases   ] GC(12)   Pre Evacuate Collection Set: 0.3ms
[2025-03-21T13:49:48.923+0000][7][gc,phases   ] GC(12)   Merge Heap Roots: 0.2ms
[2025-03-21T13:49:48.923+0000][7][gc,phases   ] GC(12)   Evacuate Collection Set: 26.9ms
[2025-03-21T13:49:48.923+0000][7][gc,phases   ] GC(12)   Post Evacuate Collection Set: 3.0ms
[2025-03-21T13:49:48.923+0000][7][gc,phases   ] GC(12)   Other: 0.2ms
[2025-03-21T13:49:48.923+0000][7][gc,heap     ] GC(12) Eden regions: 66->0(73)
[2025-03-21T13:49:48.923+0000][7][gc,heap     ] GC(12) Survivor regions: 10->3(10)
[2025-03-21T13:49:48.923+0000][7][gc,heap     ] GC(12) Old regions: 5->15
[2025-03-21T13:49:48.923+0000][7][gc,heap     ] GC(12) Archive regions: 2->2
[2025-03-21T13:49:48.923+0000][7][gc,heap     ] GC(12) Humongous regions: 0->0
[2025-03-21T13:49:48.923+0000][7][gc,metaspace] GC(12) Metaspace: 52286K(53312K)->52286K(53312K) NonClass: 45362K(46016K)->45362K(46016K) Class: 6924K(7296K)->6924K(7296K)
[2025-03-21T13:49:48.923+0000][7][gc          ] GC(12) Pause Young (Concurrent Start) (G1 Evacuation Pause) 324M->70M(512M) 30.527ms
[2025-03-21T13:49:48.923+0000][7][gc,cpu      ] GC(12) User=0.09s Sys=0.01s Real=0.03s
[2025-03-21T13:49:48.923+0000][7][gc          ] GC(13) Concurrent Mark Cycle
[2025-03-21T13:49:48.923+0000][7][gc,marking  ] GC(13) Concurrent Clear Claimed Marks
[2025-03-21T13:49:48.923+0000][7][safepoint   ] Safepoint "G1CollectForAllocation", Time since last: 236968678 ns, Reaching safepoint: 138724 ns, At safepoint: 30641410 ns, Total: 30780134 ns
[2025-03-21T13:49:48.923+0000][7][gc,marking  ] GC(13) Concurrent Clear Claimed Marks 0.082ms
[2025-03-21T13:49:48.923+0000][7][gc,marking  ] GC(13) Concurrent Scan Root Regions
[2025-03-21T13:49:48.952+0000][7][gc,marking  ] GC(13) Concurrent Scan Root Regions 28.379ms
[2025-03-21T13:49:48.952+0000][7][gc,marking  ] GC(13) Concurrent Mark
[2025-03-21T13:49:48.952+0000][7][gc,marking  ] GC(13) Concurrent Mark From Roots
[2025-03-21T13:49:48.952+0000][7][gc,task     ] GC(13) Using 2 workers of 2 for marking
[2025-03-21T13:49:48.970+0000][7][gc,marking  ] GC(13) Concurrent Mark From Roots 18.711ms
[2025-03-21T13:49:48.971+0000][7][gc,marking  ] GC(13) Concurrent Preclean
[2025-03-21T13:49:48.971+0000][7][gc,marking  ] GC(13) Concurrent Preclean 0.163ms
[2025-03-21T13:49:48.972+0000][7][gc,start    ] GC(13) Pause Remark
[2025-03-21T13:49:48.979+0000][7][gc          ] GC(13) Pause Remark 94M->94M(512M) 7.356ms
[2025-03-21T13:49:48.979+0000][7][gc,cpu      ] GC(13) User=0.02s Sys=0.00s Real=0.00s
[2025-03-21T13:49:48.979+0000][7][safepoint   ] Safepoint "G1Concurrent", Time since last: 47640612 ns, Reaching safepoint: 1061162 ns, At safepoint: 7464789 ns, Total: 8525951 ns
[2025-03-21T13:49:48.979+0000][7][gc,marking  ] GC(13) Concurrent Mark 27.631ms
[2025-03-21T13:49:48.979+0000][7][gc,marking  ] GC(13) Concurrent Rebuild Remembered Sets
[2025-03-21T13:49:49.015+0000][7][gc,marking  ] GC(13) Concurrent Rebuild Remembered Sets 35.135ms
[2025-03-21T13:49:49.015+0000][7][gc,start    ] GC(13) Pause Cleanup
[2025-03-21T13:49:49.015+0000][7][gc          ] GC(13) Pause Cleanup 114M->114M(512M) 0.080ms
[2025-03-21T13:49:49.015+0000][7][gc,cpu      ] GC(13) User=0.00s Sys=0.00s Real=0.00s
[2025-03-21T13:49:49.015+0000][7][safepoint   ] Safepoint "G1Concurrent", Time since last: 35391607 ns, Reaching safepoint: 238558 ns, At safepoint: 131711 ns, Total: 370269 ns
[2025-03-21T13:49:49.015+0000][7][gc,marking  ] GC(13) Concurrent Cleanup for Next Mark
[2025-03-21T13:49:49.016+0000][7][gc,marking  ] GC(13) Concurrent Cleanup for Next Mark 0.916ms
[2025-03-21T13:49:49.016+0000][7][gc          ] GC(13) Concurrent Mark Cycle 92.943ms
[2025-03-21T13:49:49.659+0000][7][safepoint   ] Safepoint "ICBufferFull", Time since last: 643240372 ns, Reaching safepoint: 774495 ns, At safepoint: 18205 ns, Total: 792700 ns
[2025-03-21T13:49:50.491+0000][7][safepoint   ] Safepoint "ICBufferFull", Time since last: 812499184 ns, Reaching safepoint: 19480701 ns, At safepoint: 35107 ns, Total: 19515808 ns
[2025-03-21T13:49:51.018+0000][7][gc,start    ] GC(14) Pause Young (Normal) (G1 Evacuation Pause)
[2025-03-21T13:49:51.019+0000][7][gc,task     ] GC(14) Using 8 workers of 8 for evacuation
[2025-03-21T13:49:51.019+0000][7][gc,age      ] GC(14) Desired survivor size 20971520 bytes, new threshold 15 (max threshold 15)
[2025-03-21T13:49:51.041+0000][7][gc,age      ] GC(14) Age table with threshold 15 (max threshold 15)
[2025-03-21T13:49:51.041+0000][7][gc,age      ] GC(14) - age   1:   10624856 bytes,   10624856 total
[2025-03-21T13:49:51.041+0000][7][gc,age      ] GC(14) - age   2:    6197048 bytes,   16821904 total
[2025-03-21T13:49:51.041+0000][7][gc,phases   ] GC(14)   Pre Evacuate Collection Set: 0.1ms
[2025-03-21T13:49:51.041+0000][7][gc,phases   ] GC(14)   Merge Heap Roots: 0.1ms
[2025-03-21T13:49:51.041+0000][7][gc,phases   ] GC(14)   Evacuate Collection Set: 13.0ms
[2025-03-21T13:49:51.041+0000][7][gc,phases   ] GC(14)   Post Evacuate Collection Set: 9.3ms
[2025-03-21T13:49:51.041+0000][7][gc,phases   ] GC(14)   Other: 0.2ms
[2025-03-21T13:49:51.041+0000][7][gc,heap     ] GC(14) Eden regions: 73->0(71)
[2025-03-21T13:49:51.041+0000][7][gc,heap     ] GC(14) Survivor regions: 3->5(10)
[2025-03-21T13:49:51.041+0000][7][gc,heap     ] GC(14) Old regions: 15->15
[2025-03-21T13:49:51.041+0000][7][gc,heap     ] GC(14) Archive regions: 2->2
[2025-03-21T13:49:51.041+0000][7][gc,heap     ] GC(14) Humongous regions: 0->0
[2025-03-21T13:49:51.041+0000][7][gc,metaspace] GC(14) Metaspace: 73701K(75008K)->73701K(75008K) NonClass: 63669K(64448K)->63669K(64448K) Class: 10031K(10560K)->10031K(10560K)
[2025-03-21T13:49:51.041+0000][7][gc          ] GC(14) Pause Young (Normal) (G1 Evacuation Pause) 362M->78M(512M) 22.720ms
[2025-03-21T13:49:51.041+0000][7][gc,cpu      ] GC(14) User=0.05s Sys=0.00s Real=0.03s
[2025-03-21T13:49:51.041+0000][7][safepoint   ] Safepoint "G1CollectForAllocation", Time since last: 527209243 ns, Reaching safepoint: 148703 ns, At safepoint: 22816139 ns, Total: 22964842 ns
[2025-03-21T13:49:51.702+0000][7][safepoint   ] Safepoint "ICBufferFull", Time since last: 659752736 ns, Reaching safepoint: 1353536 ns, At safepoint: 24016 ns, Total: 1377552 ns
[2025-03-21T13:49:52.337+0000][7][gc,start    ] GC(15) Pause Young (Concurrent Start) (Metadata GC Threshold)
[2025-03-21T13:49:52.337+0000][7][gc,task     ] GC(15) Using 8 workers of 8 for evacuation
[2025-03-21T13:49:52.337+0000][7][gc,age      ] GC(15) Desired survivor size 20971520 bytes, new threshold 15 (max threshold 15)
[2025-03-21T13:49:52.367+0000][7][gc,age      ] GC(15) Age table with threshold 15 (max threshold 15)
[2025-03-21T13:49:52.367+0000][7][gc,age      ] GC(15) - age   1:    6282360 bytes,    6282360 total
[2025-03-21T13:49:52.367+0000][7][gc,age      ] GC(15) - age   2:   10415128 bytes,   16697488 total
[2025-03-21T13:49:52.367+0000][7][gc,age      ] GC(15) - age   3:    6172128 bytes,   22869616 total
[2025-03-21T13:49:52.367+0000][7][gc,phases   ] GC(15)   Pre Evacuate Collection Set: 0.2ms
[2025-03-21T13:49:52.367+0000][7][gc,phases   ] GC(15)   Merge Heap Roots: 2.8ms
[2025-03-21T13:49:52.367+0000][7][gc,phases   ] GC(15)   Evacuate Collection Set: 22.4ms
[2025-03-21T13:49:52.367+0000][7][gc,phases   ] GC(15)   Post Evacuate Collection Set: 5.3ms
[2025-03-21T13:49:52.367+0000][7][gc,phases   ] GC(15)   Other: 0.2ms
[2025-03-21T13:49:52.367+0000][7][gc,heap     ] GC(15) Eden regions: 24->0(70)
[2025-03-21T13:49:52.367+0000][7][gc,heap     ] GC(15) Survivor regions: 5->6(10)
[2025-03-21T13:49:52.367+0000][7][gc,heap     ] GC(15) Old regions: 15->15
[2025-03-21T13:49:52.367+0000][7][gc,heap     ] GC(15) Archive regions: 2->2
[2025-03-21T13:49:52.367+0000][7][gc,heap     ] GC(15) Humongous regions: 0->0
[2025-03-21T13:49:52.367+0000][7][gc,metaspace] GC(15) Metaspace: 87510K(88896K)->87510K(88896K) NonClass: 75560K(76352K)->75560K(76352K) Class: 11950K(12544K)->11950K(12544K)
[2025-03-21T13:49:52.367+0000][7][gc          ] GC(15) Pause Young (Concurrent Start) (Metadata GC Threshold) 174M->83M(512M) 30.968ms
[2025-03-21T13:49:52.368+0000][7][gc,cpu      ] GC(15) User=0.08s Sys=0.00s Real=0.03s
[2025-03-21T13:49:52.368+0000][7][gc          ] GC(16) Concurrent Mark Cycle
[2025-03-21T13:49:52.368+0000][7][gc,marking  ] GC(16) Concurrent Clear Claimed Marks
[2025-03-21T13:49:52.368+0000][7][safepoint   ] Safepoint "CollectForMetadataAllocation", Time since last: 630121498 ns, Reaching safepoint: 3957037 ns, At safepoint: 31173973 ns, Total: 35131010 ns
[2025-03-21T13:49:52.368+0000][7][gc,marking  ] GC(16) Concurrent Clear Claimed Marks 0.111ms
[2025-03-21T13:49:52.368+0000][7][gc,marking  ] GC(16) Concurrent Scan Root Regions
[2025-03-21T13:49:52.386+0000][7][gc,marking  ] GC(16) Concurrent Scan Root Regions 18.356ms
[2025-03-21T13:49:52.386+0000][7][gc,marking  ] GC(16) Concurrent Mark
[2025-03-21T13:49:52.386+0000][7][gc,marking  ] GC(16) Concurrent Mark From Roots
[2025-03-21T13:49:52.386+0000][7][gc,task     ] GC(16) Using 2 workers of 2 for marking
[2025-03-21T13:49:52.391+0000][7][safepoint   ] Safepoint "CollectForMetadataAllocation", Time since last: 22921889 ns, Reaching safepoint: 312899 ns, At safepoint: 102325 ns, Total: 415224 ns
[2025-03-21T13:49:52.444+0000][7][gc,marking  ] GC(16) Concurrent Mark From Roots 58.265ms
[2025-03-21T13:49:52.444+0000][7][gc,marking  ] GC(16) Concurrent Preclean
[2025-03-21T13:49:52.445+0000][7][gc,marking  ] GC(16) Concurrent Preclean 0.455ms
[2025-03-21T13:49:52.452+0000][7][gc,start    ] GC(16) Pause Remark
[2025-03-21T13:49:52.456+0000][7][gc          ] GC(16) Pause Remark 91M->91M(512M) 4.147ms
[2025-03-21T13:49:52.456+0000][7][gc,cpu      ] GC(16) User=0.02s Sys=0.00s Real=0.00s
[2025-03-21T13:49:52.456+0000][7][safepoint   ] Safepoint "G1Concurrent", Time since last: 57900459 ns, Reaching safepoint: 3196868 ns, At safepoint: 4209536 ns, Total: 7406404 ns
[2025-03-21T13:49:52.456+0000][7][gc,marking  ] GC(16) Concurrent Mark 70.205ms
[2025-03-21T13:49:52.456+0000][7][gc,marking  ] GC(16) Concurrent Rebuild Remembered Sets
[2025-03-21T13:49:52.479+0000][7][gc,marking  ] GC(16) Concurrent Rebuild Remembered Sets 22.310ms
[2025-03-21T13:49:52.479+0000][7][gc,start    ] GC(16) Pause Cleanup
[2025-03-21T13:49:52.479+0000][7][gc          ] GC(16) Pause Cleanup 95M->95M(512M) 0.120ms
[2025-03-21T13:49:52.479+0000][7][gc,cpu      ] GC(16) User=0.00s Sys=0.00s Real=0.00s
[2025-03-21T13:49:52.479+0000][7][safepoint   ] Safepoint "G1Concurrent", Time since last: 22553985 ns, Reaching safepoint: 247206 ns, At safepoint: 180373 ns, Total: 427579 ns
[2025-03-21T13:49:52.479+0000][7][gc,marking  ] GC(16) Concurrent Cleanup for Next Mark
[2025-03-21T13:49:52.480+0000][7][gc,marking  ] GC(16) Concurrent Cleanup for Next Mark 0.569ms
[2025-03-21T13:49:52.480+0000][7][gc          ] GC(16) Concurrent Mark Cycle 112.328ms
[2025-03-21T13:49:52.562+0000][7][safepoint   ] Safepoint "ICBufferFull", Time since last: 82203775 ns, Reaching safepoint: 174365 ns, At safepoint: 16572 ns, Total: 190937 ns
[2025-03-21T13:49:52.984+0000][7][safepoint   ] Safepoint "ICBufferFull", Time since last: 421569464 ns, Reaching safepoint: 276364 ns, At safepoint: 22854 ns, Total: 299218 ns
[2025-03-21T13:49:53.383+0000][7][safepoint   ] Safepoint "ICBufferFull", Time since last: 398766172 ns, Reaching safepoint: 398918 ns, At safepoint: 21201 ns, Total: 420119 ns
[2025-03-21T13:49:53.609+0000][7][safepoint   ] Safepoint "ICBufferFull", Time since last: 223537242 ns, Reaching safepoint: 2508796 ns, At safepoint: 28985 ns, Total: 2537781 ns
[2025-03-21T13:49:53.841+0000][7][safepoint   ] Safepoint "ICBufferFull", Time since last: 225853392 ns, Reaching safepoint: 6121379 ns, At safepoint: 65455 ns, Total: 6186834 ns
[2025-03-21T13:49:54.016+0000][7][safepoint   ] Safepoint "ICBufferFull", Time since last: 174210094 ns, Reaching safepoint: 602208 ns, At safepoint: 29035 ns, Total: 631243 ns
[2025-03-21T13:49:54.161+0000][7][gc,start    ] GC(17) Pause Young (Concurrent Start) (G1 Evacuation Pause)
[2025-03-21T13:49:54.161+0000][7][gc,task     ] GC(17) Using 8 workers of 8 for evacuation
[2025-03-21T13:49:54.161+0000][7][gc,age      ] GC(17) Desired survivor size 20971520 bytes, new threshold 3 (max threshold 15)
[2025-03-21T13:49:54.184+0000][7][gc,age      ] GC(17) Age table with threshold 3 (max threshold 15)
[2025-03-21T13:49:54.184+0000][7][gc,age      ] GC(17) - age   1:   14421288 bytes,   14421288 total
[2025-03-21T13:49:54.184+0000][7][gc,age      ] GC(17) - age   2:    5990920 bytes,   20412208 total
[2025-03-21T13:49:54.184+0000][7][gc,age      ] GC(17) - age   3:   10211384 bytes,   30623592 total
[2025-03-21T13:49:54.184+0000][7][gc,phases   ] GC(17)   Pre Evacuate Collection Set: 0.2ms
[2025-03-21T13:49:54.184+0000][7][gc,phases   ] GC(17)   Merge Heap Roots: 0.1ms
[2025-03-21T13:49:54.184+0000][7][gc,phases   ] GC(17)   Evacuate Collection Set: 19.1ms
[2025-03-21T13:49:54.184+0000][7][gc,phases   ] GC(17)   Post Evacuate Collection Set: 2.8ms
[2025-03-21T13:49:54.184+0000][7][gc,phases   ] GC(17)   Other: 0.2ms
[2025-03-21T13:49:54.184+0000][7][gc,heap     ] GC(17) Eden regions: 70->0(66)
[2025-03-21T13:49:54.184+0000][7][gc,heap     ] GC(17) Survivor regions: 6->8(10)
[2025-03-21T13:49:54.184+0000][7][gc,heap     ] GC(17) Old regions: 15->16
[2025-03-21T13:49:54.184+0000][7][gc,heap     ] GC(17) Archive regions: 2->2
[2025-03-21T13:49:54.184+0000][7][gc,heap     ] GC(17) Humongous regions: 5->5
[2025-03-21T13:49:54.184+0000][7][gc,metaspace] GC(17) Metaspace: 101033K(102464K)->101033K(102464K) NonClass: 87192K(88000K)->87192K(88000K) Class: 13840K(14464K)->13840K(14464K)
[2025-03-21T13:49:54.184+0000][7][gc          ] GC(17) Pause Young (Concurrent Start) (G1 Evacuation Pause) 383M->117M(512M) 22.524ms
[2025-03-21T13:49:54.184+0000][7][gc,cpu      ] GC(17) User=0.10s Sys=0.00s Real=0.02s
[2025-03-21T13:49:54.184+0000][7][gc          ] GC(18) Concurrent Mark Cycle
[2025-03-21T13:49:54.184+0000][7][safepoint   ] Safepoint "G1CollectForAllocation", Time since last: 144315492 ns, Reaching safepoint: 1258916 ns, At safepoint: 22700470 ns, Total: 23959386 ns
[2025-03-21T13:49:54.184+0000][7][gc,marking  ] GC(18) Concurrent Clear Claimed Marks
[2025-03-21T13:49:54.191+0000][7][gc,marking  ] GC(18) Concurrent Clear Claimed Marks 6.990ms
[2025-03-21T13:49:54.191+0000][7][gc,marking  ] GC(18) Concurrent Scan Root Regions
[2025-03-21T13:49:54.205+0000][7][gc,marking  ] GC(18) Concurrent Scan Root Regions 14.154ms
[2025-03-21T13:49:54.205+0000][7][gc,marking  ] GC(18) Concurrent Mark
[2025-03-21T13:49:54.205+0000][7][gc,marking  ] GC(18) Concurrent Mark From Roots
[2025-03-21T13:49:54.205+0000][7][gc,task     ] GC(18) Using 2 workers of 2 for marking
[2025-03-21T13:49:54.315+0000][7][gc,marking  ] GC(18) Concurrent Mark From Roots 109.996ms
[2025-03-21T13:49:54.315+0000][7][gc,marking  ] GC(18) Concurrent Preclean
[2025-03-21T13:49:54.316+0000][7][gc,marking  ] GC(18) Concurrent Preclean 0.252ms
[2025-03-21T13:49:54.316+0000][7][gc,start    ] GC(18) Pause Remark
[2025-03-21T13:49:54.322+0000][7][gc          ] GC(18) Pause Remark 203M->203M(512M) 6.122ms
[2025-03-21T13:49:54.322+0000][7][gc,cpu      ] GC(18) User=0.01s Sys=0.00s Real=0.01s
[2025-03-21T13:49:54.322+0000][7][safepoint   ] Safepoint "G1Concurrent", Time since last: 131636926 ns, Reaching safepoint: 174683 ns, At safepoint: 6234501 ns, Total: 6409184 ns
[2025-03-21T13:49:54.322+0000][7][gc,marking  ] GC(18) Concurrent Mark 116.862ms
[2025-03-21T13:49:54.322+0000][7][gc,marking  ] GC(18) Concurrent Rebuild Remembered Sets
[2025-03-21T13:49:54.373+0000][7][gc,marking  ] GC(18) Concurrent Rebuild Remembered Sets 50.928ms
[2025-03-21T13:49:54.374+0000][7][gc,start    ] GC(18) Pause Cleanup
[2025-03-21T13:49:54.374+0000][7][gc          ] GC(18) Pause Cleanup 234M->234M(512M) 0.150ms
[2025-03-21T13:49:54.374+0000][7][gc,cpu      ] GC(18) User=0.00s Sys=0.00s Real=0.00s
[2025-03-21T13:49:54.374+0000][7][safepoint   ] Safepoint "G1Concurrent", Time since last: 51029003 ns, Reaching safepoint: 1146736 ns, At safepoint: 227503 ns, Total: 1374239 ns
[2025-03-21T13:49:54.374+0000][7][gc,marking  ] GC(18) Concurrent Cleanup for Next Mark
[2025-03-21T13:49:54.375+0000][7][gc,marking  ] GC(18) Concurrent Cleanup for Next Mark 0.774ms
[2025-03-21T13:49:54.375+0000][7][gc          ] GC(18) Concurrent Mark Cycle 191.280ms
[2025-03-21T13:49:54.563+0000][7][gc,start    ] GC(19) Pause Young (Normal) (G1 Evacuation Pause)
[2025-03-21T13:49:54.563+0000][7][gc,task     ] GC(19) Using 8 workers of 8 for evacuation
[2025-03-21T13:49:54.563+0000][7][gc,age      ] GC(19) Desired survivor size 20971520 bytes, new threshold 3 (max threshold 15)
[2025-03-21T13:49:54.578+0000][7][gc,age      ] GC(19) Age table with threshold 3 (max threshold 15)
[2025-03-21T13:49:54.578+0000][7][gc,age      ] GC(19) - age   1:    3191384 bytes,    3191384 total
[2025-03-21T13:49:54.578+0000][7][gc,age      ] GC(19) - age   2:   11373816 bytes,   14565200 total
[2025-03-21T13:49:54.578+0000][7][gc,age      ] GC(19) - age   3:    5986664 bytes,   20551864 total
[2025-03-21T13:49:54.578+0000][7][gc,phases   ] GC(19)   Pre Evacuate Collection Set: 0.2ms
[2025-03-21T13:49:54.578+0000][7][gc,phases   ] GC(19)   Merge Heap Roots: 0.1ms
[2025-03-21T13:49:54.578+0000][7][gc,phases   ] GC(19)   Evacuate Collection Set: 13.7ms
[2025-03-21T13:49:54.578+0000][7][gc,phases   ] GC(19)   Post Evacuate Collection Set: 1.5ms
[2025-03-21T13:49:54.578+0000][7][gc,phases   ] GC(19)   Other: 0.2ms
[2025-03-21T13:49:54.578+0000][7][gc,heap     ] GC(19) Eden regions: 66->0(67)
[2025-03-21T13:49:54.578+0000][7][gc,heap     ] GC(19) Survivor regions: 8->6(10)
[2025-03-21T13:49:54.578+0000][7][gc,heap     ] GC(19) Old regions: 16->19
[2025-03-21T13:49:54.578+0000][7][gc,heap     ] GC(19) Archive regions: 2->2
[2025-03-21T13:49:54.578+0000][7][gc,heap     ] GC(19) Humongous regions: 5->5
[2025-03-21T13:49:54.578+0000][7][gc,metaspace] GC(19) Metaspace: 101998K(103424K)->101998K(103424K) NonClass: 88072K(88896K)->88072K(88896K) Class: 13925K(14528K)->13925K(14528K)
[2025-03-21T13:49:54.578+0000][7][gc          ] GC(19) Pause Young (Normal) (G1 Evacuation Pause) 380M->118M(512M) 15.772ms
[2025-03-21T13:49:54.578+0000][7][gc,cpu      ] GC(19) User=0.06s Sys=0.00s Real=0.01s
[2025-03-21T13:49:54.578+0000][7][safepoint   ] Safepoint "G1CollectForAllocation", Time since last: 187775240 ns, Reaching safepoint: 277749 ns, At safepoint: 15985600 ns, Total: 16263349 ns
[2025-03-21T13:49:55.581+0000][7][safepoint   ] Safepoint "ICBufferFull", Time since last: 1002363539 ns, Reaching safepoint: 249055 ns, At safepoint: 31279 ns, Total: 280334 ns
[2025-03-21T13:49:55.802+0000][7][safepoint   ] Safepoint "ICBufferFull", Time since last: 220526068 ns, Reaching safepoint: 384623 ns, At safepoint: 24156 ns, Total: 408779 ns
[2025-03-21T13:49:56.146+0000][7][safepoint   ] Safepoint "ICBufferFull", Time since last: 344194576 ns, Reaching safepoint: 219779 ns, At safepoint: 20919 ns, Total: 240698 ns
[2025-03-21T13:49:57.147+0000][7][safepoint   ] Safepoint "Cleanup", Time since last: 1000307650 ns, Reaching safepoint: 245417 ns, At safepoint: 6823 ns, Total: 252240 ns
[2025-03-21T13:49:57.608+0000][7][safepoint   ] Safepoint "ICBufferFull", Time since last: 459340133 ns, Reaching safepoint: 1512961 ns, At safepoint: 44074 ns, Total: 1557035 ns
[2025-03-21T13:49:58.609+0000][7][safepoint   ] Safepoint "Cleanup", Time since last: 1000278358 ns, Reaching safepoint: 287016 ns, At safepoint: 8246 ns, Total: 295262 ns
[2025-03-21T13:49:59.610+0000][7][safepoint   ] Safepoint "Cleanup", Time since last: 1001036710 ns, Reaching safepoint: 211773 ns, At safepoint: 4819 ns, Total: 216592 ns
[2025-03-21T13:50:00.453+0000][7][safepoint   ] Safepoint "ICBufferFull", Time since last: 842844470 ns, Reaching safepoint: 356780 ns, At safepoint: 15890 ns, Total: 372670 ns
[2025-03-21T13:50:01.453+0000][7][safepoint   ] Safepoint "Cleanup", Time since last: 1000288296 ns, Reaching safepoint: 217815 ns, At safepoint: 5751 ns, Total: 223566 ns
[2025-03-21T13:50:02.454+0000][7][safepoint   ] Safepoint "Cleanup", Time since last: 1000848463 ns, Reaching safepoint: 96313 ns, At safepoint: 4379 ns, Total: 100692 ns
[2025-03-21T13:50:03.456+0000][7][safepoint   ] Safepoint "Cleanup", Time since last: 1001142831 ns, Reaching safepoint: 129287 ns, At safepoint: 4248 ns, Total: 133535 ns
[2025-03-21T13:50:04.457+0000][7][safepoint   ] Safepoint "Cleanup", Time since last: 1000772730 ns, Reaching safepoint: 80864 ns, At safepoint: 4749 ns, Total: 85613 ns
[2025-03-21T13:50:05.457+0000][7][safepoint   ] Safepoint "Cleanup", Time since last: 1000744752 ns, Reaching safepoint: 98779 ns, At safepoint: 3025 ns, Total: 101804 ns
[2025-03-21T13:50:06.459+0000][7][safepoint   ] Safepoint "Cleanup", Time since last: 1001031379 ns, Reaching safepoint: 246924 ns, At safepoint: 6152 ns, Total: 253076 ns
[2025-03-21T13:50:07.459+0000][7][safepoint   ] Safepoint "Cleanup", Time since last: 1000140965 ns, Reaching safepoint: 503339 ns, At safepoint: 6041 ns, Total: 509380 ns
[2025-03-21T13:50:08.460+0000][7][safepoint   ] Safepoint "Cleanup", Time since last: 1000392080 ns, Reaching safepoint: 209189 ns, At safepoint: 5310 ns, Total: 214499 ns
[2025-03-21T13:50:09.461+0000][7][safepoint   ] Safepoint "Cleanup", Time since last: 1000384405 ns, Reaching safepoint: 902456 ns, At safepoint: 13455 ns, Total: 915911 ns
[2025-03-21T13:50:10.462+0000][7][safepoint   ] Safepoint "Cleanup", Time since last: 1000386905 ns, Reaching safepoint: 170842 ns, At safepoint: 7283 ns, Total: 178125 ns
[2025-03-21T13:50:11.463+0000][7][safepoint   ] Safepoint "Cleanup", Time since last: 1001037078 ns, Reaching safepoint: 164578 ns, At safepoint: 7384 ns, Total: 171962 ns
[2025-03-21T13:50:12.366+0000][7][gc,start    ] GC(20) Pause Young (Normal) (G1 Evacuation Pause)
[2025-03-21T13:50:12.366+0000][7][gc,task     ] GC(20) Using 8 workers of 8 for evacuation
[2025-03-21T13:50:12.366+0000][7][gc,age      ] GC(20) Desired survivor size 20971520 bytes, new threshold 15 (max threshold 15)
[2025-03-21T13:50:12.378+0000][7][gc,age      ] GC(20) Age table with threshold 15 (max threshold 15)
[2025-03-21T13:50:12.378+0000][7][gc,age      ] GC(20) - age   1:   13168344 bytes,   13168344 total
[2025-03-21T13:50:12.378+0000][7][gc,age      ] GC(20) - age   2:    1773840 bytes,   14942184 total
[2025-03-21T13:50:12.378+0000][7][gc,age      ] GC(20) - age   3:   10981528 bytes,   25923712 total
[2025-03-21T13:50:12.378+0000][7][gc,age      ] GC(20) - age   4:    5984936 bytes,   31908648 total
[2025-03-21T13:50:12.378+0000][7][gc,phases   ] GC(20)   Pre Evacuate Collection Set: 0.2ms
[2025-03-21T13:50:12.378+0000][7][gc,phases   ] GC(20)   Merge Heap Roots: 0.2ms
[2025-03-21T13:50:12.378+0000][7][gc,phases   ] GC(20)   Evacuate Collection Set: 10.4ms
[2025-03-21T13:50:12.378+0000][7][gc,phases   ] GC(20)   Post Evacuate Collection Set: 1.4ms
[2025-03-21T13:50:12.378+0000][7][gc,phases   ] GC(20)   Other: 0.2ms
[2025-03-21T13:50:12.378+0000][7][gc,heap     ] GC(20) Eden regions: 67->0(63)
[2025-03-21T13:50:12.378+0000][7][gc,heap     ] GC(20) Survivor regions: 6->9(10)
[2025-03-21T13:50:12.378+0000][7][gc,heap     ] GC(20) Old regions: 19->19
[2025-03-21T13:50:12.378+0000][7][gc,heap     ] GC(20) Archive regions: 2->2
[2025-03-21T13:50:12.379+0000][7][gc,heap     ] GC(20) Humongous regions: 5->5
[2025-03-21T13:50:12.379+0000][7][gc,metaspace] GC(20) Metaspace: 109972K(111552K)->109972K(111552K) NonClass: 95040K(95936K)->95040K(95936K) Class: 14931K(15616K)->14931K(15616K)
[2025-03-21T13:50:12.379+0000][7][gc          ] GC(20) Pause Young (Normal) (G1 Evacuation Pause) 386M->129M(512M) 12.466ms
[2025-03-21T13:50:12.379+0000][7][gc,cpu      ] GC(20) User=0.06s Sys=0.01s Real=0.01s
[2025-03-21T13:50:12.379+0000][7][safepoint   ] Safepoint "G1CollectForAllocation", Time since last: 902823077 ns, Reaching safepoint: 170706 ns, At safepoint: 12564952 ns, Total: 12735658 ns
[2025-03-21T13:50:12.677+0000][7][safepoint   ] Safepoint "ICBufferFull", Time since last: 297794265 ns, Reaching safepoint: 300619 ns, At safepoint: 31059 ns, Total: 331678 ns
[2025-03-21T13:50:13.773+0000][7][safepoint   ] Safepoint "Cleanup", Time since last: 1095990913 ns, Reaching safepoint: 262450 ns, At safepoint: 4919 ns, Total: 267369 ns
[2025-03-21T13:50:14.774+0000][7][safepoint   ] Safepoint "Cleanup", Time since last: 1000829829 ns, Reaching safepoint: 144646 ns, At safepoint: 3957 ns, Total: 148603 ns
[2025-03-21T13:50:15.776+0000][7][safepoint   ] Safepoint "Cleanup", Time since last: 1000973439 ns, Reaching safepoint: 1094847 ns, At safepoint: 29046 ns, Total: 1123893 ns
[2025-03-21T13:50:16.777+0000][7][safepoint   ] Safepoint "Cleanup", Time since last: 1001027483 ns, Reaching safepoint: 91073 ns, At safepoint: 3317 ns, Total: 94390 ns
[2025-03-21T13:50:17.777+0000][7][safepoint   ] Safepoint "Cleanup", Time since last: 1000164760 ns, Reaching safepoint: 128956 ns, At safepoint: 6031 ns, Total: 134987 ns
[2025-03-21T13:50:18.778+0000][7][safepoint   ] Safepoint "Cleanup", Time since last: 1000325217 ns, Reaching safepoint: 137542 ns, At safepoint: 3196 ns, Total: 140738 ns
[2025-03-21T13:50:19.779+0000][7][safepoint   ] Safepoint "Cleanup", Time since last: 1000759784 ns, Reaching safepoint: 204880 ns, At safepoint: 5010 ns, Total: 209890 ns
[2025-03-21T13:50:20.780+0000][7][safepoint   ] Safepoint "Cleanup", Time since last: 1000674278 ns, Reaching safepoint: 105100 ns, At safepoint: 3397 ns, Total: 108497 ns
[2025-03-21T13:50:21.781+0000][7][safepoint   ] Safepoint "Cleanup", Time since last: 1001025850 ns, Reaching safepoint: 175665 ns, At safepoint: 4418 ns, Total: 180083 ns
[2025-03-21T13:50:22.781+0000][7][safepoint   ] Safepoint "Cleanup", Time since last: 1000237148 ns, Reaching safepoint: 91174 ns, At safepoint: 3005 ns, Total: 94179 ns
[2025-03-21T13:50:23.782+0000][7][safepoint   ] Safepoint "Cleanup", Time since last: 1000282926 ns, Reaching safepoint: 90032 ns, At safepoint: 3036 ns, Total: 93068 ns
[2025-03-21T13:50:24.783+0000][7][safepoint   ] Safepoint "Cleanup", Time since last: 1000913107 ns, Reaching safepoint: 221243 ns, At safepoint: 5771 ns, Total: 227014 ns
[2025-03-21T13:50:25.783+0000][7][safepoint   ] Safepoint "Cleanup", Time since last: 1000551815 ns, Reaching safepoint: 155286 ns, At safepoint: 4599 ns, Total: 159885 ns
[2025-03-21T13:50:27.785+0000][7][safepoint   ] Safepoint "Cleanup", Time since last: 2001367237 ns, Reaching safepoint: 129977 ns, At safepoint: 4178 ns, Total: 134155 ns
[2025-03-21T13:50:29.787+0000][7][safepoint   ] Safepoint "Cleanup", Time since last: 2001628542 ns, Reaching safepoint: 137471 ns, At safepoint: 5852 ns, Total: 143323 ns
[2025-03-21T13:50:30.788+0000][7][safepoint   ] Safepoint "Cleanup", Time since last: 1001003707 ns, Reaching safepoint: 244606 ns, At safepoint: 5290 ns, Total: 249896 ns
[2025-03-21T13:50:31.788+0000][7][safepoint   ] Safepoint "Cleanup", Time since last: 1000390603 ns, Reaching safepoint: 104619 ns, At safepoint: 3657 ns, Total: 108276 ns
[2025-03-21T13:50:32.789+0000][7][safepoint   ] Safepoint "Cleanup", Time since last: 1000310682 ns, Reaching safepoint: 93779 ns, At safepoint: 2916 ns, Total: 96695 ns
[2025-03-21T13:50:33.789+0000][7][safepoint   ] Safepoint "Cleanup", Time since last: 1000446932 ns, Reaching safepoint: 106583 ns, At safepoint: 3356 ns, Total: 109939 ns
[2025-03-21T13:50:34.790+0000][7][safepoint   ] Safepoint "Cleanup", Time since last: 1000303214 ns, Reaching safepoint: 127473 ns, At safepoint: 4869 ns, Total: 132342 ns
[2025-03-21T13:50:35.712+0000][7][safepoint   ] Safepoint "ICBufferFull", Time since last: 922161457 ns, Reaching safepoint: 419360 ns, At safepoint: 17653 ns, Total: 437013 ns
[2025-03-21T13:50:35.755+0000][7][gc,start    ] GC(21) Pause Young (Normal) (G1 Evacuation Pause)
[2025-03-21T13:50:35.755+0000][7][gc,task     ] GC(21) Using 8 workers of 8 for evacuation
[2025-03-21T13:50:35.755+0000][7][gc,age      ] GC(21) Desired survivor size 18874368 bytes, new threshold 3 (max threshold 15)
[2025-03-21T13:50:35.766+0000][7][gc,age      ] GC(21) Age table with threshold 3 (max threshold 15)
[2025-03-21T13:50:35.766+0000][7][gc,age      ] GC(21) - age   1:    7684632 bytes,    7684632 total
[2025-03-21T13:50:35.766+0000][7][gc,age      ] GC(21) - age   2:    8682256 bytes,   16366888 total
[2025-03-21T13:50:35.766+0000][7][gc,age      ] GC(21) - age   3:    1737656 bytes,   18104544 total
[2025-03-21T13:50:35.766+0000][7][gc,phases   ] GC(21)   Pre Evacuate Collection Set: 0.1ms
[2025-03-21T13:50:35.766+0000][7][gc,phases   ] GC(21)   Merge Heap Roots: 0.1ms
[2025-03-21T13:50:35.766+0000][7][gc,phases   ] GC(21)   Evacuate Collection Set: 9.3ms
[2025-03-21T13:50:35.766+0000][7][gc,phases   ] GC(21)   Post Evacuate Collection Set: 1.0ms
[2025-03-21T13:50:35.766+0000][7][gc,phases   ] GC(21)   Other: 0.2ms
[2025-03-21T13:50:35.766+0000][7][gc,heap     ] GC(21) Eden regions: 63->0(64)
[2025-03-21T13:50:35.766+0000][7][gc,heap     ] GC(21) Survivor regions: 9->5(9)
[2025-03-21T13:50:35.766+0000][7][gc,heap     ] GC(21) Old regions: 19->23
[2025-03-21T13:50:35.766+0000][7][gc,heap     ] GC(21) Archive regions: 2->2
[2025-03-21T13:50:35.766+0000][7][gc,heap     ] GC(21) Humongous regions: 5->5
[2025-03-21T13:50:35.766+0000][7][gc,metaspace] GC(21) Metaspace: 111529K(113152K)->111529K(113152K) NonClass: 96501K(97408K)->96501K(97408K) Class: 15027K(15744K)->15027K(15744K)
[2025-03-21T13:50:35.766+0000][7][gc          ] GC(21) Pause Young (Normal) (G1 Evacuation Pause) 381M->132M(512M) 10.867ms
[2025-03-21T13:50:35.766+0000][7][gc,cpu      ] GC(21) User=0.05s Sys=0.00s Real=0.01s
[2025-03-21T13:50:35.766+0000][7][safepoint   ] Safepoint "G1CollectForAllocation", Time since last: 42722674 ns, Reaching safepoint: 140458 ns, At safepoint: 10960673 ns, Total: 11101131 ns
[2025-03-21T13:50:36.768+0000][7][safepoint   ] Safepoint "Cleanup", Time since last: 1000971817 ns, Reaching safepoint: 228726 ns, At safepoint: 3467 ns, Total: 232193 ns
[2025-03-21T13:50:37.768+0000][7][safepoint   ] Safepoint "Cleanup", Time since last: 1000186374 ns, Reaching safepoint: 208835 ns, At safepoint: 18155 ns, Total: 226990 ns
[2025-03-21T13:50:38.768+0000][7][safepoint   ] Safepoint "Cleanup", Time since last: 1000423956 ns, Reaching safepoint: 132422 ns, At safepoint: 3176 ns, Total: 135598 ns
[2025-03-21T13:50:39.332+0000][7][safepoint   ] Safepoint "ICBufferFull", Time since last: 562999278 ns, Reaching safepoint: 269954 ns, At safepoint: 27563 ns, Total: 297517 ns
[2025-03-21T13:50:40.332+0000][7][safepoint   ] Safepoint "Cleanup", Time since last: 1000606281 ns, Reaching safepoint: 108527 ns, At safepoint: 3787 ns, Total: 112314 ns
[2025-03-21T13:50:43.335+0000][7][safepoint   ] Safepoint "Cleanup", Time since last: 3001891003 ns, Reaching safepoint: 202435 ns, At safepoint: 6212 ns, Total: 208647 ns
[2025-03-21T13:50:45.336+0000][7][safepoint   ] Safepoint "Cleanup", Time since last: 2000940756 ns, Reaching safepoint: 130819 ns, At safepoint: 5781 ns, Total: 136600 ns
[2025-03-21T13:50:46.336+0000][7][safepoint   ] Safepoint "Cleanup", Time since last: 1000631588 ns, Reaching safepoint: 165926 ns, At safepoint: 4619 ns, Total: 170545 ns
[2025-03-21T13:50:48.338+0000][7][safepoint   ] Safepoint "Cleanup", Time since last: 2001005370 ns, Reaching safepoint: 136019 ns, At safepoint: 4038 ns, Total: 140057 ns
[2025-03-21T13:50:49.338+0000][7][safepoint   ] Safepoint "Cleanup", Time since last: 1000180257 ns, Reaching safepoint: 161577 ns, At safepoint: 4158 ns, Total: 165735 ns
[2025-03-21T13:50:50.338+0000][7][safepoint   ] Safepoint "Cleanup", Time since last: 1000197837 ns, Reaching safepoint: 85774 ns, At safepoint: 3657 ns, Total: 89431 ns
[2025-03-21T13:50:52.339+0000][7][safepoint   ] Safepoint "Cleanup", Time since last: 2000826996 ns, Reaching safepoint: 108015 ns, At safepoint: 5210 ns, Total: 113225 ns
[2025-03-21T13:50:53.340+0000][7][safepoint   ] Safepoint "Cleanup", Time since last: 1000769136 ns, Reaching safepoint: 99129 ns, At safepoint: 3427 ns, Total: 102556 ns
[2025-03-21T13:50:55.341+0000][7][safepoint   ] Safepoint "Cleanup", Time since last: 2000893683 ns, Reaching safepoint: 172729 ns, At safepoint: 5510 ns, Total: 178239 ns
[2025-03-21T13:50:56.342+0000][7][safepoint   ] Safepoint "Cleanup", Time since last: 1000883552 ns, Reaching safepoint: 378411 ns, At safepoint: 7424 ns, Total: 385835 ns
[2025-03-21T13:50:57.343+0000][7][safepoint   ] Safepoint "Cleanup", Time since last: 1000107363 ns, Reaching safepoint: 198948 ns, At safepoint: 6793 ns, Total: 205741 ns
[2025-03-21T13:50:58.343+0000][7][safepoint   ] Safepoint "Cleanup", Time since last: 1000172245 ns, Reaching safepoint: 224733 ns, At safepoint: 6713 ns, Total: 231446 ns
[2025-03-21T13:50:59.344+0000][7][safepoint   ] Safepoint "Cleanup", Time since last: 1000405263 ns, Reaching safepoint: 106202 ns, At safepoint: 3557 ns, Total: 109759 ns
[2025-03-21T13:51:00.345+0000][7][safepoint   ] Safepoint "Cleanup", Time since last: 1000921693 ns, Reaching safepoint: 76366 ns, At safepoint: 4468 ns, Total: 80834 ns
[2025-03-21T13:51:00.918+0000][7][safepoint   ] Safepoint "ICBufferFull", Time since last: 572684621 ns, Reaching safepoint: 569957 ns, At safepoint: 26671 ns, Total: 596628 ns
[2025-03-21T13:51:01.933+0000][7][safepoint   ] Safepoint "Cleanup", Time since last: 1015309810 ns, Reaching safepoint: 201814 ns, At safepoint: 3447 ns, Total: 205261 ns
[2025-03-21T13:51:02.935+0000][7][safepoint   ] Safepoint "Cleanup", Time since last: 1001009469 ns, Reaching safepoint: 123165 ns, At safepoint: 4388 ns, Total: 127553 ns
[2025-03-21T13:51:03.935+0000][7][safepoint   ] Safepoint "Cleanup", Time since last: 1000157810 ns, Reaching safepoint: 170334 ns, At safepoint: 4509 ns, Total: 174843 ns
[2025-03-21T13:51:04.933+0000][7][safepoint   ] Safepoint "ICBufferFull", Time since last: 997367108 ns, Reaching safepoint: 259303 ns, At safepoint: 4669 ns, Total: 263972 ns
[2025-03-21T13:51:05.933+0000][7][safepoint   ] Safepoint "Cleanup", Time since last: 1000366729 ns, Reaching safepoint: 137592 ns, At safepoint: 4529 ns, Total: 142121 ns
[2025-03-21T13:51:06.927+0000][7][gc,start    ] GC(22) Pause Young (Normal) (G1 Evacuation Pause)
[2025-03-21T13:51:06.927+0000][7][gc,task     ] GC(22) Using 8 workers of 8 for evacuation
[2025-03-21T13:51:06.927+0000][7][gc,age      ] GC(22) Desired survivor size 18874368 bytes, new threshold 15 (max threshold 15)
[2025-03-21T13:51:06.933+0000][7][gc,age      ] GC(22) Age table with threshold 15 (max threshold 15)
[2025-03-21T13:51:06.933+0000][7][gc,age      ] GC(22) - age   1:    7804072 bytes,    7804072 total
[2025-03-21T13:51:06.933+0000][7][gc,age      ] GC(22) - age   2:    4366920 bytes,   12170992 total
[2025-03-21T13:51:06.933+0000][7][gc,age      ] GC(22) - age   3:    7393320 bytes,   19564312 total
[2025-03-21T13:51:06.933+0000][7][gc,age      ] GC(22) - age   4:    1725816 bytes,   21290128 total
[2025-03-21T13:51:06.933+0000][7][gc,phases   ] GC(22)   Pre Evacuate Collection Set: 0.2ms
[2025-03-21T13:51:06.933+0000][7][gc,phases   ] GC(22)   Merge Heap Roots: 0.1ms
[2025-03-21T13:51:06.933+0000][7][gc,phases   ] GC(22)   Evacuate Collection Set: 4.7ms
[2025-03-21T13:51:06.933+0000][7][gc,phases   ] GC(22)   Post Evacuate Collection Set: 1.1ms
[2025-03-21T13:51:06.933+0000][7][gc,phases   ] GC(22)   Other: 0.2ms
[2025-03-21T13:51:06.933+0000][7][gc,heap     ] GC(22) Eden regions: 64->0(63)
[2025-03-21T13:51:06.933+0000][7][gc,heap     ] GC(22) Survivor regions: 5->6(9)
[2025-03-21T13:51:06.933+0000][7][gc,heap     ] GC(22) Old regions: 23->23
[2025-03-21T13:51:06.933+0000][7][gc,heap     ] GC(22) Archive regions: 2->2
[2025-03-21T13:51:06.933+0000][7][gc,heap     ] GC(22) Humongous regions: 5->5
[2025-03-21T13:51:06.933+0000][7][gc,metaspace] GC(22) Metaspace: 113131K(114816K)->113131K(114816K) NonClass: 98017K(98944K)->98017K(98944K) Class: 15114K(15872K)->15114K(15872K)
[2025-03-21T13:51:06.933+0000][7][gc          ] GC(22) Pause Young (Normal) (G1 Evacuation Pause) 388M->135M(512M) 6.322ms
[2025-03-21T13:51:06.934+0000][7][gc,cpu      ] GC(22) User=0.02s Sys=0.01s Real=0.01s
[2025-03-21T13:51:06.934+0000][7][safepoint   ] Safepoint "G1CollectForAllocation", Time since last: 993967861 ns, Reaching safepoint: 120831 ns, At safepoint: 6404997 ns, Total: 6525828 ns
[2025-03-21T13:51:07.934+0000][7][safepoint   ] Safepoint "Cleanup", Time since last: 1000312387 ns, Reaching safepoint: 202375 ns, At safepoint: 7905 ns, Total: 210280 ns
[2025-03-21T13:51:08.935+0000][7][safepoint   ] Safepoint "Cleanup", Time since last: 1000776987 ns, Reaching safepoint: 151368 ns, At safepoint: 5010 ns, Total: 156378 ns
[2025-03-21T13:51:09.936+0000][7][safepoint   ] Safepoint "Cleanup", Time since last: 1000886440 ns, Reaching safepoint: 119137 ns, At safepoint: 14808 ns, Total: 133945 ns
[2025-03-21T13:51:10.937+0000][7][safepoint   ] Safepoint "Cleanup", Time since last: 1000614256 ns, Reaching safepoint: 116973 ns, At safepoint: 3536 ns, Total: 120509 ns
[2025-03-21T13:51:12.937+0000][7][safepoint   ] Safepoint "Cleanup", Time since last: 2000548568 ns, Reaching safepoint: 194951 ns, At safepoint: 5420 ns, Total: 200371 ns
[2025-03-21T13:51:13.938+0000][7][safepoint   ] Safepoint "Cleanup", Time since last: 1000528846 ns, Reaching safepoint: 139255 ns, At safepoint: 4760 ns, Total: 144015 ns
[2025-03-21T13:51:15.940+0000][7][safepoint   ] Safepoint "Cleanup", Time since last: 2001648434 ns, Reaching safepoint: 141560 ns, At safepoint: 4218 ns, Total: 145778 ns
[2025-03-21T13:51:17.942+0000][7][safepoint   ] Safepoint "Cleanup", Time since last: 2001958941 ns, Reaching safepoint: 100131 ns, At safepoint: 3797 ns, Total: 103928 ns
[2025-03-21T13:51:18.943+0000][7][safepoint   ] Safepoint "Cleanup", Time since last: 1000310412 ns, Reaching safepoint: 251700 ns, At safepoint: 6252 ns, Total: 257952 ns
[2025-03-21T13:51:19.943+0000][7][safepoint   ] Safepoint "Cleanup", Time since last: 1000330994 ns, Reaching safepoint: 130809 ns, At safepoint: 4107 ns, Total: 134916 ns
[2025-03-21T13:51:20.943+0000][7][safepoint   ] Safepoint "Cleanup", Time since last: 1000213775 ns, Reaching safepoint: 93728 ns, At safepoint: 3176 ns, Total: 96904 ns
[2025-03-21T13:51:21.944+0000][7][safepoint   ] Safepoint "Cleanup", Time since last: 1000546642 ns, Reaching safepoint: 127553 ns, At safepoint: 4428 ns, Total: 131981 ns
[2025-03-21T13:51:22.944+0000][7][safepoint   ] Safepoint "Cleanup", Time since last: 1000197295 ns, Reaching safepoint: 95973 ns, At safepoint: 4117 ns, Total: 100090 ns
[2025-03-21T13:51:23.945+0000][7][safepoint   ] Safepoint "Cleanup", Time since last: 1000798867 ns, Reaching safepoint: 165976 ns, At safepoint: 4529 ns, Total: 170505 ns
[2025-03-21T13:51:24.482+0000][7][safepoint   ] Safepoint "ICBufferFull", Time since last: 536340923 ns, Reaching safepoint: 176807 ns, At safepoint: 20960 ns, Total: 197767 ns
[2025-03-21T13:51:25.482+0000][7][safepoint   ] Safepoint "Cleanup", Time since last: 1000197835 ns, Reaching safepoint: 118135 ns, At safepoint: 4228 ns, Total: 122363 ns
[2025-03-21T13:51:27.483+0000][7][safepoint   ] Safepoint "Cleanup", Time since last: 2000773254 ns, Reaching safepoint: 103557 ns, At safepoint: 3908 ns, Total: 107465 ns
[2025-03-21T13:51:28.484+0000][7][safepoint   ] Safepoint "Cleanup", Time since last: 1000540328 ns, Reaching safepoint: 86515 ns, At safepoint: 3396 ns, Total: 89911 ns
[2025-03-21T13:51:29.484+0000][7][safepoint   ] Safepoint "Cleanup", Time since last: 1000569581 ns, Reaching safepoint: 102716 ns, At safepoint: 5330 ns, Total: 108046 ns
[2025-03-21T13:51:30.485+0000][7][safepoint   ] Safepoint "Cleanup", Time since last: 1000258597 ns, Reaching safepoint: 127864 ns, At safepoint: 3737 ns, Total: 131601 ns
[2025-03-21T13:51:31.486+0000][7][safepoint   ] Safepoint "Cleanup", Time since last: 1000651601 ns, Reaching safepoint: 94740 ns, At safepoint: 3597 ns, Total: 98337 ns
[2025-03-21T13:51:33.486+0000][7][safepoint   ] Safepoint "Cleanup", Time since last: 2000577774 ns, Reaching safepoint: 93909 ns, At safepoint: 5140 ns, Total: 99049 ns
[2025-03-21T13:51:34.487+0000][7][safepoint   ] Safepoint "Cleanup", Time since last: 1000407913 ns, Reaching safepoint: 97125 ns, At safepoint: 3627 ns, Total: 100752 ns
[2025-03-21T13:51:35.488+0000][7][safepoint   ] Safepoint "Cleanup", Time since last: 1000925992 ns, Reaching safepoint: 199851 ns, At safepoint: 4819 ns, Total: 204670 ns
[2025-03-21T13:51:36.489+0000][7][safepoint   ] Safepoint "Cleanup", Time since last: 1000964715 ns, Reaching safepoint: 235273 ns, At safepoint: 6994 ns, Total: 242267 ns
[2025-03-21T13:51:37.489+0000][7][safepoint   ] Safepoint "Cleanup", Time since last: 1000168209 ns, Reaching safepoint: 162429 ns, At safepoint: 6062 ns, Total: 168491 ns
[2025-03-21T13:51:38.490+0000][7][safepoint   ] Safepoint "Cleanup", Time since last: 1000575636 ns, Reaching safepoint: 143864 ns, At safepoint: 4509 ns, Total: 148373 ns
[2025-03-21T13:51:39.491+0000][7][safepoint   ] Safepoint "Cleanup", Time since last: 1000632742 ns, Reaching safepoint: 168150 ns, At safepoint: 5510 ns, Total: 173660 ns
[2025-03-21T13:51:40.492+0000][7][safepoint   ] Safepoint "Cleanup", Time since last: 1001180721 ns, Reaching safepoint: 105551 ns, At safepoint: 5260 ns, Total: 110811 ns
[2025-03-21T13:51:42.493+0000][7][safepoint   ] Safepoint "Cleanup", Time since last: 2000363623 ns, Reaching safepoint: 558708 ns, At safepoint: 6312 ns, Total: 565020 ns
[2025-03-21T13:51:43.494+0000][7][safepoint   ] Safepoint "Cleanup", Time since last: 1000387339 ns, Reaching safepoint: 105701 ns, At safepoint: 3877 ns, Total: 109578 ns
[2025-03-21T13:51:45.494+0000][7][safepoint   ] Safepoint "Cleanup", Time since last: 2000655572 ns, Reaching safepoint: 143553 ns, At safepoint: 4729 ns, Total: 148282 ns
[2025-03-21T13:51:48.497+0000][7][safepoint   ] Safepoint "Cleanup", Time since last: 3001975446 ns, Reaching safepoint: 137532 ns, At safepoint: 4127 ns, Total: 141659 ns
[2025-03-21T13:51:49.498+0000][7][safepoint   ] Safepoint "Cleanup", Time since last: 1001099917 ns, Reaching safepoint: 158625 ns, At safepoint: 8596 ns, Total: 167221 ns
[2025-03-21T13:51:50.499+0000][7][safepoint   ] Safepoint "Cleanup", Time since last: 1000894809 ns, Reaching safepoint: 209093 ns, At safepoint: 6933 ns, Total: 216026 ns
[2025-03-21T13:51:51.499+0000][7][safepoint   ] Safepoint "Cleanup", Time since last: 1000440261 ns, Reaching safepoint: 112153 ns, At safepoint: 4088 ns, Total: 116241 ns
[2025-03-21T13:51:53.501+0000][7][safepoint   ] Safepoint "Cleanup", Time since last: 2001196759 ns, Reaching safepoint: 107062 ns, At safepoint: 5911 ns, Total: 112973 ns
[2025-03-21T13:51:54.407+0000][7][gc,start    ] GC(23) Pause Young (Normal) (G1 Evacuation Pause)
[2025-03-21T13:51:54.407+0000][7][gc,task     ] GC(23) Using 8 workers of 8 for evacuation
[2025-03-21T13:51:54.407+0000][7][gc,age      ] GC(23) Desired survivor size 18874368 bytes, new threshold 3 (max threshold 15)
[2025-03-21T13:51:54.412+0000][7][gc,age      ] GC(23) Age table with threshold 3 (max threshold 15)
[2025-03-21T13:51:54.412+0000][7][gc,age      ] GC(23) - age   1:    5300328 bytes,    5300328 total
[2025-03-21T13:51:54.412+0000][7][gc,age      ] GC(23) - age   2:    4510912 bytes,    9811240 total
[2025-03-21T13:51:54.412+0000][7][gc,age      ] GC(23) - age   3:    3315392 bytes,   13126632 total
[2025-03-21T13:51:54.412+0000][7][gc,phases   ] GC(23)   Pre Evacuate Collection Set: 0.1ms
[2025-03-21T13:51:54.412+0000][7][gc,phases   ] GC(23)   Merge Heap Roots: 0.1ms
[2025-03-21T13:51:54.412+0000][7][gc,phases   ] GC(23)   Evacuate Collection Set: 3.9ms
[2025-03-21T13:51:54.412+0000][7][gc,phases   ] GC(23)   Post Evacuate Collection Set: 1.0ms
[2025-03-21T13:51:54.412+0000][7][gc,phases   ] GC(23)   Other: 0.2ms
[2025-03-21T13:51:54.412+0000][7][gc,heap     ] GC(23) Eden regions: 63->0(64)
[2025-03-21T13:51:54.412+0000][7][gc,heap     ] GC(23) Survivor regions: 6->4(9)
[2025-03-21T13:51:54.412+0000][7][gc,heap     ] GC(23) Old regions: 23->25
[2025-03-21T13:51:54.412+0000][7][gc,heap     ] GC(23) Archive regions: 2->2
[2025-03-21T13:51:54.412+0000][7][gc,heap     ] GC(23) Humongous regions: 5->5
[2025-03-21T13:51:54.412+0000][7][gc,metaspace] GC(23) Metaspace: 113921K(115520K)->113921K(115520K) NonClass: 98779K(99648K)->98779K(99648K) Class: 15142K(15872K)->15142K(15872K)
[2025-03-21T13:51:54.412+0000][7][gc          ] GC(23) Pause Young (Normal) (G1 Evacuation Pause) 387M->136M(512M) 5.366ms
[2025-03-21T13:51:54.412+0000][7][gc,cpu      ] GC(23) User=0.02s Sys=0.00s Real=0.01s
[2025-03-21T13:51:54.412+0000][7][safepoint   ] Safepoint "G1CollectForAllocation", Time since last: 905801406 ns, Reaching safepoint: 107254 ns, At safepoint: 5455685 ns, Total: 5562939 ns
[2025-03-21T13:51:55.413+0000][7][safepoint   ] Safepoint "Cleanup", Time since last: 1000621464 ns, Reaching safepoint: 241896 ns, At safepoint: 6613 ns, Total: 248509 ns
[2025-03-21T13:51:56.414+0000][7][safepoint   ] Safepoint "Cleanup", Time since last: 1000620588 ns, Reaching safepoint: 626784 ns, At safepoint: 7214 ns, Total: 633998 ns
[2025-03-21T13:51:57.416+0000][7][safepoint   ] Safepoint "Cleanup", Time since last: 1000916387 ns, Reaching safepoint: 514495 ns, At safepoint: 5500 ns, Total: 519995 ns
[2025-03-21T13:51:58.417+0000][7][safepoint   ] Safepoint "Cleanup", Time since last: 1000380983 ns, Reaching safepoint: 449836 ns, At safepoint: 7194 ns, Total: 457030 ns
[2025-03-21T13:51:59.417+0000][7][safepoint   ] Safepoint "Cleanup", Time since last: 1000802980 ns, Reaching safepoint: 126832 ns, At safepoint: 4599 ns, Total: 131431 ns
[2025-03-21T13:52:01.415+0000][7][safepoint   ] Safepoint "Cleanup", Time since last: 1996335027 ns, Reaching safepoint: 788295 ns, At safepoint: 6613 ns, Total: 794908 ns
[2025-03-21T13:52:03.416+0000][7][safepoint   ] Safepoint "Cleanup", Time since last: 2001202495 ns, Reaching safepoint: 90442 ns, At safepoint: 4378 ns, Total: 94820 ns
[2025-03-21T13:52:05.417+0000][7][safepoint   ] Safepoint "Cleanup", Time since last: 2001235811 ns, Reaching safepoint: 107986 ns, At safepoint: 6662 ns, Total: 114648 ns
[2025-03-21T13:52:06.418+0000][7][safepoint   ] Safepoint "Cleanup", Time since last: 1000210707 ns, Reaching safepoint: 192667 ns, At safepoint: 22513 ns, Total: 215180 ns
[2025-03-21T13:52:07.421+0000][7][safepoint   ] Safepoint "Cleanup", Time since last: 1002942262 ns, Reaching safepoint: 238513 ns, At safepoint: 7013 ns, Total: 245526 ns
[2025-03-21T13:52:08.422+0000][7][safepoint   ] Safepoint "Cleanup", Time since last: 1001031384 ns, Reaching safepoint: 142631 ns, At safepoint: 4549 ns, Total: 147180 ns
[2025-03-21T13:52:09.423+0000][7][safepoint   ] Safepoint "Cleanup", Time since last: 1000395733 ns, Reaching safepoint: 106122 ns, At safepoint: 6603 ns, Total: 112725 ns
[2025-03-21T13:52:10.459+0000][7][safepoint   ] Safepoint "Cleanup", Time since last: 1036542384 ns, Reaching safepoint: 173160 ns, At safepoint: 10099 ns, Total: 183259 ns
[2025-03-21T13:52:11.460+0000][7][safepoint   ] Safepoint "Cleanup", Time since last: 1000513622 ns, Reaching safepoint: 88979 ns, At safepoint: 4178 ns, Total: 93157 ns
[2025-03-21T13:52:12.461+0000][7][safepoint   ] Safepoint "Cleanup", Time since last: 1000596543 ns, Reaching safepoint: 139445 ns, At safepoint: 3457 ns, Total: 142902 ns
[2025-03-21T13:52:13.462+0000][7][safepoint   ] Safepoint "Cleanup", Time since last: 1000960325 ns, Reaching safepoint: 213086 ns, At safepoint: 4448 ns, Total: 217534 ns
[2025-03-21T13:52:15.463+0000][7][safepoint   ] Safepoint "Cleanup", Time since last: 2000911264 ns, Reaching safepoint: 79181 ns, At safepoint: 3747 ns, Total: 82928 ns
[2025-03-21T13:52:18.465+0000][7][safepoint   ] Safepoint "Cleanup", Time since last: 3002043188 ns, Reaching safepoint: 112254 ns, At safepoint: 3006 ns, Total: 115260 ns
[2025-03-21T13:52:19.465+0000][7][safepoint   ] Safepoint "Cleanup", Time since last: 1000231569 ns, Reaching safepoint: 99460 ns, At safepoint: 3256 ns, Total: 102716 ns
[2025-03-21T13:52:20.466+0000][7][safepoint   ] Safepoint "Cleanup", Time since last: 1000448687 ns, Reaching safepoint: 106684 ns, At safepoint: 3977 ns, Total: 110661 ns
[2025-03-21T13:52:21.467+0000][7][safepoint   ] Safepoint "Cleanup", Time since last: 1000544172 ns, Reaching safepoint: 138874 ns, At safepoint: 5601 ns, Total: 144475 ns
[2025-03-21T13:52:22.467+0000][7][safepoint   ] Safepoint "Cleanup", Time since last: 1000247723 ns, Reaching safepoint: 89079 ns, At safepoint: 3918 ns, Total: 92997 ns
[2025-03-21T13:52:23.468+0000][7][safepoint   ] Safepoint "Cleanup", Time since last: 1000569412 ns, Reaching safepoint: 98487 ns, At safepoint: 3888 ns, Total: 102375 ns
[2025-03-21T13:52:24.469+0000][7][safepoint   ] Safepoint "Cleanup", Time since last: 1000177815 ns, Reaching safepoint: 872083 ns, At safepoint: 22422 ns, Total: 894505 ns
[2025-03-21T13:52:25.469+0000][7][safepoint   ] Safepoint "Cleanup", Time since last: 1000533693 ns, Reaching safepoint: 114859 ns, At safepoint: 4618 ns, Total: 119477 ns
[2025-03-21T13:52:27.470+0000][7][safepoint   ] Safepoint "Cleanup", Time since last: 2000428001 ns, Reaching safepoint: 75113 ns, At safepoint: 3908 ns, Total: 79021 ns
[2025-03-21T13:52:28.470+0000][7][safepoint   ] Safepoint "Cleanup", Time since last: 1000270152 ns, Reaching safepoint: 187737 ns, At safepoint: 5972 ns, Total: 193709 ns
[2025-03-21T13:52:29.471+0000][7][safepoint   ] Safepoint "Cleanup", Time since last: 1000515629 ns, Reaching safepoint: 134866 ns, At safepoint: 5150 ns, Total: 140016 ns
[2025-03-21T13:52:30.471+0000][7][safepoint   ] Safepoint "Cleanup", Time since last: 1000332789 ns, Reaching safepoint: 109709 ns, At safepoint: 3507 ns, Total: 113216 ns
[2025-03-21T13:52:31.473+0000][7][safepoint   ] Safepoint "Cleanup", Time since last: 1001019898 ns, Reaching safepoint: 155756 ns, At safepoint: 4208 ns, Total: 159964 ns
[2025-03-21T13:52:32.473+0000][7][safepoint   ] Safepoint "Cleanup", Time since last: 1000573110 ns, Reaching safepoint: 116502 ns, At safepoint: 5421 ns, Total: 121923 ns
[2025-03-21T13:52:33.474+0000][7][safepoint   ] Safepoint "Cleanup", Time since last: 1000568307 ns, Reaching safepoint: 128986 ns, At safepoint: 6472 ns, Total: 135458 ns
[2025-03-21T13:52:35.475+0000][7][safepoint   ] Safepoint "Cleanup", Time since last: 2001148382 ns, Reaching safepoint: 84080 ns, At safepoint: 3347 ns, Total: 87427 ns
[2025-03-21T13:52:36.476+0000][7][safepoint   ] Safepoint "Cleanup", Time since last: 1000250777 ns, Reaching safepoint: 361917 ns, At safepoint: 28895 ns, Total: 390812 ns
[2025-03-21T13:52:37.162+0000][7][gc,start    ] GC(24) Pause Young (Normal) (G1 Evacuation Pause)
[2025-03-21T13:52:37.162+0000][7][gc,task     ] GC(24) Using 8 workers of 8 for evacuation
[2025-03-21T13:52:37.162+0000][7][gc,age      ] GC(24) Desired survivor size 18874368 bytes, new threshold 15 (max threshold 15)
[2025-03-21T13:52:37.165+0000][7][gc,age      ] GC(24) Age table with threshold 15 (max threshold 15)
[2025-03-21T13:52:37.166+0000][7][gc,age      ] GC(24) - age   1:    3898232 bytes,    3898232 total
[2025-03-21T13:52:37.166+0000][7][gc,age      ] GC(24) - age   2:    2686600 bytes,    6584832 total
[2025-03-21T13:52:37.166+0000][7][gc,age      ] GC(24) - age   3:     925768 bytes,    7510600 total
[2025-03-21T13:52:37.166+0000][7][gc,age      ] GC(24) - age   4:    3305336 bytes,   10815936 total
[2025-03-21T13:52:37.166+0000][7][gc,phases   ] GC(24)   Pre Evacuate Collection Set: 0.1ms
[2025-03-21T13:52:37.166+0000][7][gc,phases   ] GC(24)   Merge Heap Roots: 0.1ms
[2025-03-21T13:52:37.166+0000][7][gc,phases   ] GC(24)   Evacuate Collection Set: 3.0ms
[2025-03-21T13:52:37.166+0000][7][gc,phases   ] GC(24)   Post Evacuate Collection Set: 0.7ms
[2025-03-21T13:52:37.166+0000][7][gc,phases   ] GC(24)   Other: 0.2ms
[2025-03-21T13:52:37.166+0000][7][gc,heap     ] GC(24) Eden regions: 64->0(66)
[2025-03-21T13:52:37.166+0000][7][gc,heap     ] GC(24) Survivor regions: 4->3(9)
[2025-03-21T13:52:37.166+0000][7][gc,heap     ] GC(24) Old regions: 25->25
[2025-03-21T13:52:37.166+0000][7][gc,heap     ] GC(24) Archive regions: 2->2
[2025-03-21T13:52:37.166+0000][7][gc,heap     ] GC(24) Humongous regions: 5->5
[2025-03-21T13:52:37.166+0000][7][gc,metaspace] GC(24) Metaspace: 114345K(115968K)->114345K(115968K) NonClass: 99196K(100096K)->99196K(100096K) Class: 15148K(15872K)->15148K(15872K)
[2025-03-21T13:52:37.166+0000][7][gc          ] GC(24) Pause Young (Normal) (G1 Evacuation Pause) 392M->133M(512M) 4.098ms
[2025-03-21T13:52:37.166+0000][7][gc,cpu      ] GC(24) User=0.01s Sys=0.00s Real=0.00s
[2025-03-21T13:52:37.166+0000][7][safepoint   ] Safepoint "G1CollectForAllocation", Time since last: 685598054 ns, Reaching safepoint: 89330 ns, At safepoint: 4179628 ns, Total: 4268958 ns
[2025-03-21T13:52:38.166+0000][7][safepoint   ] Safepoint "Cleanup", Time since last: 1000448844 ns, Reaching safepoint: 137562 ns, At safepoint: 4649 ns, Total: 142211 ns
[2025-03-21T13:52:39.167+0000][7][safepoint   ] Safepoint "Cleanup", Time since last: 1001006049 ns, Reaching safepoint: 95542 ns, At safepoint: 3537 ns, Total: 99079 ns
[2025-03-21T13:52:40.168+0000][7][safepoint   ] Safepoint "Cleanup", Time since last: 1000409218 ns, Reaching safepoint: 142151 ns, At safepoint: 3877 ns, Total: 146028 ns
[2025-03-21T13:52:41.168+0000][7][safepoint   ] Safepoint "Cleanup", Time since last: 1000393426 ns, Reaching safepoint: 164560 ns, At safepoint: 11792 ns, Total: 176352 ns
[2025-03-21T13:52:43.170+0000][7][safepoint   ] Safepoint "Cleanup", Time since last: 2001479328 ns, Reaching safepoint: 156518 ns, At safepoint: 5019 ns, Total: 161537 ns
[2025-03-21T13:52:44.171+0000][7][safepoint   ] Safepoint "Cleanup", Time since last: 1001012956 ns, Reaching safepoint: 100422 ns, At safepoint: 4809 ns, Total: 105231 ns
[2025-03-21T13:52:46.173+0000][7][safepoint   ] Safepoint "Cleanup", Time since last: 2001499029 ns, Reaching safepoint: 135227 ns, At safepoint: 4279 ns, Total: 139506 ns
[2025-03-21T13:52:48.174+0000][7][safepoint   ] Safepoint "Cleanup", Time since last: 2000927369 ns, Reaching safepoint: 110420 ns, At safepoint: 5691 ns, Total: 116111 ns
[2025-03-21T13:52:49.175+0000][7][safepoint   ] Safepoint "Cleanup", Time since last: 1000884520 ns, Reaching safepoint: 142933 ns, At safepoint: 4308 ns, Total: 147241 ns
[2025-03-21T13:52:50.176+0000][7][safepoint   ] Safepoint "Cleanup", Time since last: 1000374628 ns, Reaching safepoint: 260306 ns, At safepoint: 6643 ns, Total: 266949 ns
[2025-03-21T13:52:51.177+0000][7][safepoint   ] Safepoint "Cleanup", Time since last: 1000974403 ns, Reaching safepoint: 89684 ns, At safepoint: 6182 ns, Total: 95866 ns
[2025-03-21T13:52:52.177+0000][7][safepoint   ] Safepoint "Cleanup", Time since last: 1000501803 ns, Reaching safepoint: 91634 ns, At safepoint: 3958 ns, Total: 95592 ns
[2025-03-21T13:52:53.178+0000][7][safepoint   ] Safepoint "Cleanup", Time since last: 1000375019 ns, Reaching safepoint: 157250 ns, At safepoint: 5590 ns, Total: 162840 ns
[2025-03-21T13:52:55.179+0000][7][safepoint   ] Safepoint "Cleanup", Time since last: 2000895269 ns, Reaching safepoint: 118757 ns, At safepoint: 3657 ns, Total: 122414 ns
[2025-03-21T13:52:56.179+0000][7][safepoint   ] Safepoint "Cleanup", Time since last: 1000266417 ns, Reaching safepoint: 126391 ns, At safepoint: 4288 ns, Total: 130679 ns
[2025-03-21T13:52:58.180+0000][7][safepoint   ] Safepoint "Cleanup", Time since last: 2000850188 ns, Reaching safepoint: 212805 ns, At safepoint: 5401 ns, Total: 218206 ns
[2025-03-21T13:53:01.182+0000][7][safepoint   ] Safepoint "Cleanup", Time since last: 3001256270 ns, Reaching safepoint: 94523 ns, At safepoint: 5902 ns, Total: 100425 ns
[2025-03-21T13:53:03.184+0000][7][safepoint   ] Safepoint "Cleanup", Time since last: 2002067553 ns, Reaching safepoint: 84941 ns, At safepoint: 3627 ns, Total: 88568 ns
[2025-03-21T13:53:04.185+0000][7][safepoint   ] Safepoint "Cleanup", Time since last: 1001246418 ns, Reaching safepoint: 150206 ns, At safepoint: 5080 ns, Total: 155286 ns
[2025-03-21T13:53:05.186+0000][7][safepoint   ] Safepoint "Cleanup", Time since last: 1000404478 ns, Reaching safepoint: 194631 ns, At safepoint: 6713 ns, Total: 201344 ns
[2025-03-21T13:53:06.186+0000][7][safepoint   ] Safepoint "Cleanup", Time since last: 1000497949 ns, Reaching safepoint: 122313 ns, At safepoint: 4900 ns, Total: 127213 ns
[2025-03-21T13:53:07.187+0000][7][safepoint   ] Safepoint "Cleanup", Time since last: 1000898920 ns, Reaching safepoint: 111553 ns, At safepoint: 3837 ns, Total: 115390 ns
[2025-03-21T13:53:08.189+0000][7][safepoint   ] Safepoint "Cleanup", Time since last: 1000961763 ns, Reaching safepoint: 99279 ns, At safepoint: 4328 ns, Total: 103607 ns
[2025-03-21T13:53:10.190+0000][7][safepoint   ] Safepoint "Cleanup", Time since last: 2001201698 ns, Reaching safepoint: 251038 ns, At safepoint: 6342 ns, Total: 257380 ns
[2025-03-21T13:53:11.191+0000][7][safepoint   ] Safepoint "Cleanup", Time since last: 1000627957 ns, Reaching safepoint: 113156 ns, At safepoint: 4859 ns, Total: 118015 ns
[2025-03-21T13:53:13.192+0000][7][safepoint   ] Safepoint "Cleanup", Time since last: 2000878544 ns, Reaching safepoint: 205942 ns, At safepoint: 4929 ns, Total: 210871 ns
[2025-03-21T13:53:14.193+0000][7][safepoint   ] Safepoint "Cleanup", Time since last: 1000892139 ns, Reaching safepoint: 108276 ns, At safepoint: 4268 ns, Total: 112544 ns
[2025-03-21T13:53:16.194+0000][7][safepoint   ] Safepoint "Cleanup", Time since last: 2001497622 ns, Reaching safepoint: 121091 ns, At safepoint: 5610 ns, Total: 126701 ns
[2025-03-21T13:53:18.196+0000][7][safepoint   ] Safepoint "Cleanup", Time since last: 2001641092 ns, Reaching safepoint: 94550 ns, At safepoint: 5510 ns, Total: 100060 ns
[2025-03-21T13:53:19.197+0000][7][safepoint   ] Safepoint "Cleanup", Time since last: 1000554469 ns, Reaching safepoint: 232039 ns, At safepoint: 6653 ns, Total: 238692 ns
[2025-03-21T13:53:20.198+0000][7][safepoint   ] Safepoint "Cleanup", Time since last: 1001112743 ns, Reaching safepoint: 362008 ns, At safepoint: 7144 ns, Total: 369152 ns
[2025-03-21T13:53:21.200+0000][7][safepoint   ] Safepoint "Cleanup", Time since last: 1000270446 ns, Reaching safepoint: 1184222 ns, At safepoint: 6933 ns, Total: 1191155 ns
[2025-03-21T13:53:22.201+0000][7][safepoint   ] Safepoint "Cleanup", Time since last: 1000332247 ns, Reaching safepoint: 419008 ns, At safepoint: 6271 ns, Total: 425279 ns
[2025-03-21T13:53:23.201+0000][7][safepoint   ] Safepoint "Cleanup", Time since last: 1000307745 ns, Reaching safepoint: 166988 ns, At safepoint: 5180 ns, Total: 172168 ns
[2025-03-21T13:53:24.202+0000][7][safepoint   ] Safepoint "Cleanup", Time since last: 1000577198 ns, Reaching safepoint: 145367 ns, At safepoint: 4819 ns, Total: 150186 ns
[2025-03-21T13:53:25.204+0000][7][safepoint   ] Safepoint "Cleanup", Time since last: 1000990940 ns, Reaching safepoint: 1034500 ns, At safepoint: 6032 ns, Total: 1040532 ns
[2025-03-21T13:53:26.204+0000][7][safepoint   ] Safepoint "Cleanup", Time since last: 1000334976 ns, Reaching safepoint: 117694 ns, At safepoint: 3748 ns, Total: 121442 ns
[2025-03-21T13:53:27.205+0000][7][safepoint   ] Safepoint "Cleanup", Time since last: 1000732656 ns, Reaching safepoint: 124827 ns, At safepoint: 5381 ns, Total: 130208 ns
[2025-03-21T13:53:28.206+0000][7][safepoint   ] Safepoint "Cleanup", Time since last: 1000630899 ns, Reaching safepoint: 85142 ns, At safepoint: 3357 ns, Total: 88499 ns
[2025-03-21T13:53:31.207+0000][7][safepoint   ] Safepoint "Cleanup", Time since last: 3001420884 ns, Reaching safepoint: 95953 ns, At safepoint: 4338 ns, Total: 100291 ns
[2025-03-21T13:53:33.209+0000][7][safepoint   ] Safepoint "Cleanup", Time since last: 2001128612 ns, Reaching safepoint: 140227 ns, At safepoint: 5390 ns, Total: 145617 ns
[2025-03-21T13:53:34.210+0000][7][safepoint   ] Safepoint "Cleanup", Time since last: 1000838797 ns, Reaching safepoint: 92266 ns, At safepoint: 4017 ns, Total: 96283 ns
[2025-03-21T13:53:35.211+0000][7][safepoint   ] Safepoint "Cleanup", Time since last: 1000744527 ns, Reaching safepoint: 143594 ns, At safepoint: 4398 ns, Total: 147992 ns
[2025-03-21T13:53:35.253+0000][7][gc,start    ] GC(25) Pause Young (Normal) (G1 Evacuation Pause)
[2025-03-21T13:53:35.253+0000][7][gc,task     ] GC(25) Using 8 workers of 8 for evacuation
[2025-03-21T13:53:35.253+0000][7][gc,age      ] GC(25) Desired survivor size 18874368 bytes, new threshold 15 (max threshold 15)
[2025-03-21T13:53:35.258+0000][7][gc,age      ] GC(25) Age table with threshold 15 (max threshold 15)
[2025-03-21T13:53:35.258+0000][7][gc,age      ] GC(25) - age   1:     853656 bytes,     853656 total
[2025-03-21T13:53:35.258+0000][7][gc,age      ] GC(25) - age   2:    1361432 bytes,    2215088 total
[2025-03-21T13:53:35.258+0000][7][gc,age      ] GC(25) - age   3:    2538224 bytes,    4753312 total
[2025-03-21T13:53:35.258+0000][7][gc,age      ] GC(25) - age   4:     925544 bytes,    5678856 total
[2025-03-21T13:53:35.258+0000][7][gc,age      ] GC(25) - age   5:    3305336 bytes,    8984192 total
[2025-03-21T13:53:35.258+0000][7][gc,phases   ] GC(25)   Pre Evacuate Collection Set: 0.1ms
[2025-03-21T13:53:35.258+0000][7][gc,phases   ] GC(25)   Merge Heap Roots: 0.1ms
[2025-03-21T13:53:35.258+0000][7][gc,phases   ] GC(25)   Evacuate Collection Set: 3.7ms
[2025-03-21T13:53:35.258+0000][7][gc,phases   ] GC(25)   Post Evacuate Collection Set: 0.9ms
[2025-03-21T13:53:35.258+0000][7][gc,phases   ] GC(25)   Other: 0.2ms
[2025-03-21T13:53:35.258+0000][7][gc,heap     ] GC(25) Eden regions: 66->0(67)
[2025-03-21T13:53:35.258+0000][7][gc,heap     ] GC(25) Survivor regions: 3->3(9)
[2025-03-21T13:53:35.258+0000][7][gc,heap     ] GC(25) Old regions: 25->25
[2025-03-21T13:53:35.258+0000][7][gc,heap     ] GC(25) Archive regions: 2->2
[2025-03-21T13:53:35.258+0000][7][gc,heap     ] GC(25) Humongous regions: 5->5
[2025-03-21T13:53:35.258+0000][7][gc,metaspace] GC(25) Metaspace: 114782K(116416K)->114782K(116416K) NonClass: 99630K(100544K)->99630K(100544K) Class: 15151K(15872K)->15151K(15872K)
[2025-03-21T13:53:35.258+0000][7][gc          ] GC(25) Pause Young (Normal) (G1 Evacuation Pause) 397M->131M(512M) 5.020ms
[2025-03-21T13:53:35.258+0000][7][gc,cpu      ] GC(25) User=0.02s Sys=0.00s Real=0.00s
[2025-03-21T13:53:35.258+0000][7][safepoint   ] Safepoint "G1CollectForAllocation", Time since last: 42417995 ns, Reaching safepoint: 121882 ns, At safepoint: 5113756 ns, Total: 5235638 ns
[2025-03-21T13:53:37.259+0000][7][safepoint   ] Safepoint "Cleanup", Time since last: 2000562695 ns, Reaching safepoint: 99840 ns, At safepoint: 3377 ns, Total: 103217 ns
[2025-03-21T13:53:38.260+0000][7][safepoint   ] Safepoint "Cleanup", Time since last: 1000669090 ns, Reaching safepoint: 130548 ns, At safepoint: 4148 ns, Total: 134696 ns
[2025-03-21T13:53:40.262+0000][7][safepoint   ] Safepoint "Cleanup", Time since last: 2001506237 ns, Reaching safepoint: 1152939 ns, At safepoint: 20329 ns, Total: 1173268 ns
[2025-03-21T13:53:43.265+0000][7][safepoint   ] Safepoint "Cleanup", Time since last: 3002144229 ns, Reaching safepoint: 133124 ns, At safepoint: 4468 ns, Total: 137592 ns
[2025-03-21T13:53:44.266+0000][7][safepoint   ] Safepoint "Cleanup", Time since last: 1001004055 ns, Reaching safepoint: 81676 ns, At safepoint: 4038 ns, Total: 85714 ns
[2025-03-21T13:53:46.267+0000][7][safepoint   ] Safepoint "Cleanup", Time since last: 2000657079 ns, Reaching safepoint: 102485 ns, At safepoint: 4228 ns, Total: 106713 ns
[2025-03-21T13:53:48.268+0000][7][safepoint   ] Safepoint "Cleanup", Time since last: 2001626576 ns, Reaching safepoint: 92426 ns, At safepoint: 4539 ns, Total: 96965 ns
[2025-03-21T13:53:49.269+0000][7][safepoint   ] Safepoint "Cleanup", Time since last: 1000706876 ns, Reaching safepoint: 234769 ns, At safepoint: 6763 ns, Total: 241532 ns
[2025-03-21T13:53:50.270+0000][7][safepoint   ] Safepoint "Cleanup", Time since last: 1000601071 ns, Reaching safepoint: 109478 ns, At safepoint: 3958 ns, Total: 113436 ns
[2025-03-21T13:53:51.271+0000][7][safepoint   ] Safepoint "Cleanup", Time since last: 1000940809 ns, Reaching safepoint: 82046 ns, At safepoint: 3867 ns, Total: 85913 ns
[2025-03-21T13:53:52.271+0000][7][safepoint   ] Safepoint "Cleanup", Time since last: 1000377687 ns, Reaching safepoint: 103267 ns, At safepoint: 3507 ns, Total: 106774 ns
[2025-03-21T13:53:53.272+0000][7][safepoint   ] Safepoint "Cleanup", Time since last: 1000708628 ns, Reaching safepoint: 131952 ns, At safepoint: 4589 ns, Total: 136541 ns
[2025-03-21T13:53:54.273+0000][7][safepoint   ] Safepoint "Cleanup", Time since last: 1000572647 ns, Reaching safepoint: 91344 ns, At safepoint: 4107 ns, Total: 95451 ns
[2025-03-21T13:53:55.274+0000][7][safepoint   ] Safepoint "Cleanup", Time since last: 1000649524 ns, Reaching safepoint: 100802 ns, At safepoint: 14227 ns, Total: 115029 ns
[2025-03-21T13:53:56.274+0000][7][safepoint   ] Safepoint "Cleanup", Time since last: 1000428774 ns, Reaching safepoint: 95773 ns, At safepoint: 4228 ns, Total: 100001 ns
[2025-03-21T13:53:58.276+0000][7][safepoint   ] Safepoint "Cleanup", Time since last: 2001177821 ns, Reaching safepoint: 122553 ns, At safepoint: 4038 ns, Total: 126591 ns
[2025-03-21T13:54:01.277+0000][7][safepoint   ] Safepoint "Cleanup", Time since last: 3001231514 ns, Reaching safepoint: 120941 ns, At safepoint: 3707 ns, Total: 124648 ns
[2025-03-21T13:54:02.277+0000][7][safepoint   ] Safepoint "Cleanup", Time since last: 1000204184 ns, Reaching safepoint: 81706 ns, At safepoint: 4097 ns, Total: 85803 ns
[2025-03-21T13:54:03.278+0000][7][safepoint   ] Safepoint "Cleanup", Time since last: 1001100364 ns, Reaching safepoint: 145357 ns, At safepoint: 5721 ns, Total: 151078 ns
[2025-03-21T13:54:04.279+0000][7][safepoint   ] Safepoint "Cleanup", Time since last: 1000860295 ns, Reaching safepoint: 76385 ns, At safepoint: 3637 ns, Total: 80022 ns
[2025-03-21T13:54:05.281+0000][7][safepoint   ] Safepoint "Cleanup", Time since last: 1001042719 ns, Reaching safepoint: 146960 ns, At safepoint: 4328 ns, Total: 151288 ns
[2025-03-21T13:54:07.282+0000][7][safepoint   ] Safepoint "Cleanup", Time since last: 2001533159 ns, Reaching safepoint: 102956 ns, At safepoint: 4559 ns, Total: 107515 ns
[2025-03-21T13:54:08.283+0000][7][safepoint   ] Safepoint "Cleanup", Time since last: 1000880927 ns, Reaching safepoint: 83299 ns, At safepoint: 3907 ns, Total: 87206 ns
[2025-03-21T13:54:09.284+0000][7][safepoint   ] Safepoint "Cleanup", Time since last: 1000676580 ns, Reaching safepoint: 89009 ns, At safepoint: 3867 ns, Total: 92876 ns
[2025-03-21T13:54:10.285+0000][7][safepoint   ] Safepoint "Cleanup", Time since last: 1000991407 ns, Reaching safepoint: 85142 ns, At safepoint: 4068 ns, Total: 89210 ns
[2025-03-21T13:54:13.288+0000][7][safepoint   ] Safepoint "Cleanup", Time since last: 3002500604 ns, Reaching safepoint: 131480 ns, At safepoint: 9057 ns, Total: 140537 ns
[2025-03-21T13:54:14.288+0000][7][safepoint   ] Safepoint "Cleanup", Time since last: 1000519829 ns, Reaching safepoint: 110110 ns, At safepoint: 4439 ns, Total: 114549 ns
[2025-03-21T13:54:16.290+0000][7][safepoint   ] Safepoint "Cleanup", Time since last: 2001696049 ns, Reaching safepoint: 95932 ns, At safepoint: 3878 ns, Total: 99810 ns
[2025-03-21T13:54:18.291+0000][7][safepoint   ] Safepoint "Cleanup", Time since last: 2000887568 ns, Reaching safepoint: 151418 ns, At safepoint: 4629 ns, Total: 156047 ns
[2025-03-21T13:54:19.423+0000][7][safepoint   ] Safepoint "Cleanup", Time since last: 1132179742 ns, Reaching safepoint: 145296 ns, At safepoint: 3978 ns, Total: 149274 ns
[2025-03-21T13:54:20.424+0000][7][safepoint   ] Safepoint "Cleanup", Time since last: 1000806388 ns, Reaching safepoint: 179482 ns, At safepoint: 5460 ns, Total: 184942 ns
[2025-03-21T13:54:21.425+0000][7][safepoint   ] Safepoint "Cleanup", Time since last: 1000299462 ns, Reaching safepoint: 110801 ns, At safepoint: 4709 ns, Total: 115510 ns
[2025-03-21T13:54:23.426+0000][7][safepoint   ] Safepoint "Cleanup", Time since last: 2001277922 ns, Reaching safepoint: 92272 ns, At safepoint: 7394 ns, Total: 99666 ns
[2025-03-21T13:54:24.428+0000][7][safepoint   ] Safepoint "Cleanup", Time since last: 1000842349 ns, Reaching safepoint: 1039189 ns, At safepoint: 25208 ns, Total: 1064397 ns
[2025-03-21T13:54:25.428+0000][7][safepoint   ] Safepoint "Cleanup", Time since last: 1000175600 ns, Reaching safepoint: 146459 ns, At safepoint: 4739 ns, Total: 151198 ns
[2025-03-21T13:54:26.430+0000][7][safepoint   ] Safepoint "Cleanup", Time since last: 1001016640 ns, Reaching safepoint: 123555 ns, At safepoint: 4068 ns, Total: 127623 ns
[2025-03-21T13:54:27.431+0000][7][safepoint   ] Safepoint "Cleanup", Time since last: 1000765888 ns, Reaching safepoint: 594813 ns, At safepoint: 16932 ns, Total: 611745 ns
[2025-03-21T13:54:28.432+0000][7][safepoint   ] Safepoint "Cleanup", Time since last: 1000548536 ns, Reaching safepoint: 97315 ns, At safepoint: 3707 ns, Total: 101022 ns
[2025-03-21T13:54:30.434+0000][7][safepoint   ] Safepoint "Cleanup", Time since last: 2000856650 ns, Reaching safepoint: 1011778 ns, At safepoint: 19116 ns, Total: 1030894 ns
[2025-03-21T13:54:31.434+0000][7][safepoint   ] Safepoint "Cleanup", Time since last: 1000788692 ns, Reaching safepoint: 77798 ns, At safepoint: 5741 ns, Total: 83539 ns
[2025-03-21T13:54:32.435+0000][7][safepoint   ] Safepoint "Cleanup", Time since last: 1000625860 ns, Reaching safepoint: 172258 ns, At safepoint: 6412 ns, Total: 178670 ns
[2025-03-21T13:54:33.436+0000][7][safepoint   ] Safepoint "Cleanup", Time since last: 1000289393 ns, Reaching safepoint: 103128 ns, At safepoint: 6693 ns, Total: 109821 ns
[2025-03-21T13:54:35.437+0000][7][safepoint   ] Safepoint "Cleanup", Time since last: 2001702992 ns, Reaching safepoint: 79561 ns, At safepoint: 4178 ns, Total: 83739 ns
[2025-03-21T13:54:36.437+0000][7][gc,start    ] GC(26) Pause Young (Normal) (G1 Evacuation Pause)
[2025-03-21T13:54:36.437+0000][7][gc,task     ] GC(26) Using 8 workers of 8 for evacuation
[2025-03-21T13:54:36.437+0000][7][gc,age      ] GC(26) Desired survivor size 18874368 bytes, new threshold 15 (max threshold 15)
[2025-03-21T13:54:36.441+0000][7][gc,age      ] GC(26) Age table with threshold 15 (max threshold 15)
[2025-03-21T13:54:36.441+0000][7][gc,age      ] GC(26) - age   1:    2188808 bytes,    2188808 total
[2025-03-21T13:54:36.441+0000][7][gc,age      ] GC(26) - age   2:      96264 bytes,    2285072 total
[2025-03-21T13:54:36.441+0000][7][gc,age      ] GC(26) - age   3:    1357440 bytes,    3642512 total
[2025-03-21T13:54:36.441+0000][7][gc,age      ] GC(26) - age   4:    2537912 bytes,    6180424 total
[2025-03-21T13:54:36.441+0000][7][gc,age      ] GC(26) - age   5:     925256 bytes,    7105680 total
[2025-03-21T13:54:36.441+0000][7][gc,age      ] GC(26) - age   6:    3305336 bytes,   10411016 total
[2025-03-21T13:54:36.441+0000][7][gc,phases   ] GC(26)   Pre Evacuate Collection Set: 0.1ms
[2025-03-21T13:54:36.441+0000][7][gc,phases   ] GC(26)   Merge Heap Roots: 0.1ms
[2025-03-21T13:54:36.441+0000][7][gc,phases   ] GC(26)   Evacuate Collection Set: 3.5ms
[2025-03-21T13:54:36.441+0000][7][gc,phases   ] GC(26)   Post Evacuate Collection Set: 0.8ms
[2025-03-21T13:54:36.441+0000][7][gc,phases   ] GC(26)   Other: 0.2ms
[2025-03-21T13:54:36.441+0000][7][gc,heap     ] GC(26) Eden regions: 67->0(68)
[2025-03-21T13:54:36.441+0000][7][gc,heap     ] GC(26) Survivor regions: 3->3(9)
[2025-03-21T13:54:36.441+0000][7][gc,heap     ] GC(26) Old regions: 25->25
[2025-03-21T13:54:36.441+0000][7][gc,heap     ] GC(26) Archive regions: 2->2
[2025-03-21T13:54:36.441+0000][7][gc,heap     ] GC(26) Humongous regions: 5->5
[2025-03-21T13:54:36.441+0000][7][gc,metaspace] GC(26) Metaspace: 115168K(116800K)->115168K(116800K) NonClass: 100014K(100928K)->100014K(100928K) Class: 15153K(15872K)->15153K(15872K)
[2025-03-21T13:54:36.441+0000][7][gc          ] GC(26) Pause Young (Normal) (G1 Evacuation Pause) 399M->132M(512M) 4.735ms
[2025-03-21T13:54:36.441+0000][7][gc,cpu      ] GC(26) User=0.02s Sys=0.00s Real=0.01s
[2025-03-21T13:54:36.441+0000][7][safepoint   ] Safepoint "G1CollectForAllocation", Time since last: 999024875 ns, Reaching safepoint: 79070 ns, At safepoint: 4816112 ns, Total: 4895182 ns
[2025-03-21T13:54:37.442+0000][7][safepoint   ] Safepoint "Cleanup", Time since last: 1000778413 ns, Reaching safepoint: 108787 ns, At safepoint: 4068 ns, Total: 112855 ns
[2025-03-21T13:54:38.443+0000][7][safepoint   ] Safepoint "Cleanup", Time since last: 1000310642 ns, Reaching safepoint: 86275 ns, At safepoint: 4298 ns, Total: 90573 ns
[2025-03-21T13:54:39.443+0000][7][safepoint   ] Safepoint "Cleanup", Time since last: 1000507996 ns, Reaching safepoint: 139877 ns, At safepoint: 4298 ns, Total: 144175 ns
[2025-03-21T13:54:40.444+0000][7][safepoint   ] Safepoint "Cleanup", Time since last: 1000884246 ns, Reaching safepoint: 140718 ns, At safepoint: 4870 ns, Total: 145588 ns
[2025-03-21T13:54:42.446+0000][7][safepoint   ] Safepoint "Cleanup", Time since last: 2001197424 ns, Reaching safepoint: 900087 ns, At safepoint: 28354 ns, Total: 928441 ns
[2025-03-21T13:54:43.447+0000][7][safepoint   ] Safepoint "Cleanup", Time since last: 1000570836 ns, Reaching safepoint: 180864 ns, At safepoint: 10040 ns, Total: 190904 ns
[2025-03-21T13:54:44.448+0000][7][safepoint   ] Safepoint "Cleanup", Time since last: 1000844709 ns, Reaching safepoint: 175063 ns, At safepoint: 6413 ns, Total: 181476 ns
[2025-03-21T13:54:45.449+0000][7][safepoint   ] Safepoint "Cleanup", Time since last: 1000429810 ns, Reaching safepoint: 88359 ns, At safepoint: 3687 ns, Total: 92046 ns
[2025-03-21T13:54:47.451+0000][7][safepoint   ] Safepoint "Cleanup", Time since last: 2001591302 ns, Reaching safepoint: 185623 ns, At safepoint: 5841 ns, Total: 191464 ns
[2025-03-21T13:54:48.451+0000][7][safepoint   ] Safepoint "Cleanup", Time since last: 1000506656 ns, Reaching safepoint: 101393 ns, At safepoint: 2976 ns, Total: 104369 ns
[2025-03-21T13:54:49.452+0000][7][safepoint   ] Safepoint "Cleanup", Time since last: 1000226201 ns, Reaching safepoint: 146719 ns, At safepoint: 5030 ns, Total: 151749 ns
[2025-03-21T13:54:50.452+0000][7][safepoint   ] Safepoint "Cleanup", Time since last: 1000403553 ns, Reaching safepoint: 173570 ns, At safepoint: 5731 ns, Total: 179301 ns
[2025-03-21T13:54:51.453+0000][7][safepoint   ] Safepoint "Cleanup", Time since last: 1000827659 ns, Reaching safepoint: 511316 ns, At safepoint: 8716 ns, Total: 520032 ns
[2025-03-21T13:54:53.455+0000][7][safepoint   ] Safepoint "Cleanup", Time since last: 2001208549 ns, Reaching safepoint: 405634 ns, At safepoint: 7605 ns, Total: 413239 ns
[2025-03-21T13:54:54.455+0000][7][safepoint   ] Safepoint "Cleanup", Time since last: 1000247910 ns, Reaching safepoint: 132923 ns, At safepoint: 4188 ns, Total: 137111 ns
[2025-03-21T13:54:55.456+0000][7][safepoint   ] Safepoint "Cleanup", Time since last: 1000774917 ns, Reaching safepoint: 105361 ns, At safepoint: 4047 ns, Total: 109408 ns
[2025-03-21T13:54:56.457+0000][7][safepoint   ] Safepoint "Cleanup", Time since last: 1000235919 ns, Reaching safepoint: 173050 ns, At safepoint: 5220 ns, Total: 178270 ns
[2025-03-21T13:54:57.457+0000][7][safepoint   ] Safepoint "Cleanup", Time since last: 1000404892 ns, Reaching safepoint: 189922 ns, At safepoint: 5921 ns, Total: 195843 ns
[2025-03-21T13:54:57.595+0000][7][safepoint   ] Safepoint "ICBufferFull", Time since last: 136209205 ns, Reaching safepoint: 1074126 ns, At safepoint: 40728 ns, Total: 1114854 ns
[2025-03-21T13:54:58.596+0000][7][safepoint   ] Safepoint "Cleanup", Time since last: 1000679556 ns, Reaching safepoint: 173009 ns, At safepoint: 14207 ns, Total: 187216 ns
[2025-03-21T13:54:59.596+0000][7][safepoint   ] Safepoint "Cleanup", Time since last: 1000235957 ns, Reaching safepoint: 86305 ns, At safepoint: 3045 ns, Total: 89350 ns
[2025-03-21T13:55:00.597+0000][7][safepoint   ] Safepoint "Cleanup", Time since last: 1000568684 ns, Reaching safepoint: 104499 ns, At safepoint: 3647 ns, Total: 108146 ns
[2025-03-21T13:55:01.598+0000][7][safepoint   ] Safepoint "Cleanup", Time since last: 1000690851 ns, Reaching safepoint: 1002930 ns, At safepoint: 6552 ns, Total: 1009482 ns
[2025-03-21T13:55:03.599+0000][7][safepoint   ] Safepoint "Cleanup", Time since last: 2000753506 ns, Reaching safepoint: 80945 ns, At safepoint: 3176 ns, Total: 84121 ns
[2025-03-21T13:55:04.600+0000][7][safepoint   ] Safepoint "Cleanup", Time since last: 1000544306 ns, Reaching safepoint: 75815 ns, At safepoint: 2785 ns, Total: 78600 ns
[2025-03-21T13:55:05.600+0000][7][safepoint   ] Safepoint "Cleanup", Time since last: 1000237845 ns, Reaching safepoint: 98638 ns, At safepoint: 3957 ns, Total: 102595 ns
[2025-03-21T13:55:06.601+0000][7][safepoint   ] Safepoint "Cleanup", Time since last: 1000771702 ns, Reaching safepoint: 78028 ns, At safepoint: 3186 ns, Total: 81214 ns
[2025-03-21T13:55:08.602+0000][7][safepoint   ] Safepoint "Cleanup", Time since last: 2000987358 ns, Reaching safepoint: 87307 ns, At safepoint: 4007 ns, Total: 91314 ns
[2025-03-21T13:55:09.603+0000][7][safepoint   ] Safepoint "Cleanup", Time since last: 1000597600 ns, Reaching safepoint: 87146 ns, At safepoint: 3266 ns, Total: 90412 ns
[2025-03-21T13:55:10.603+0000][7][safepoint   ] Safepoint "Cleanup", Time since last: 1000673334 ns, Reaching safepoint: 64923 ns, At safepoint: 15610 ns, Total: 80533 ns
[2025-03-21T13:55:12.605+0000][7][safepoint   ] Safepoint "Cleanup", Time since last: 2001348296 ns, Reaching safepoint: 65334 ns, At safepoint: 3868 ns, Total: 69202 ns
[2025-03-21T13:55:13.606+0000][7][safepoint   ] Safepoint "Cleanup", Time since last: 1000675141 ns, Reaching safepoint: 134576 ns, At safepoint: 5110 ns, Total: 139686 ns
[2025-03-21T13:55:15.560+0000][7][gc,start    ] GC(27) Pause Young (Normal) (G1 Evacuation Pause)
[2025-03-21T13:55:15.560+0000][7][gc,task     ] GC(27) Using 8 workers of 8 for evacuation
[2025-03-21T13:55:15.560+0000][7][gc,age      ] GC(27) Desired survivor size 18874368 bytes, new threshold 15 (max threshold 15)
[2025-03-21T13:55:15.565+0000][7][gc,age      ] GC(27) Age table with threshold 15 (max threshold 15)
[2025-03-21T13:55:15.565+0000][7][gc,age      ] GC(27) - age   1:    3732864 bytes,    3732864 total
[2025-03-21T13:55:15.565+0000][7][gc,age      ] GC(27) - age   2:      37672 bytes,    3770536 total
[2025-03-21T13:55:15.565+0000][7][gc,age      ] GC(27) - age   3:      35528 bytes,    3806064 total
[2025-03-21T13:55:15.565+0000][7][gc,age      ] GC(27) - age   4:    1204560 bytes,    5010624 total
[2025-03-21T13:55:15.565+0000][7][gc,age      ] GC(27) - age   5:    2430320 bytes,    7440944 total
[2025-03-21T13:55:15.565+0000][7][gc,age      ] GC(27) - age   6:     915472 bytes,    8356416 total
[2025-03-21T13:55:15.565+0000][7][gc,age      ] GC(27) - age   7:    3304936 bytes,   11661352 total
[2025-03-21T13:55:15.565+0000][7][gc,phases   ] GC(27)   Pre Evacuate Collection Set: 0.1ms
[2025-03-21T13:55:15.565+0000][7][gc,phases   ] GC(27)   Merge Heap Roots: 0.1ms
[2025-03-21T13:55:15.565+0000][7][gc,phases   ] GC(27)   Evacuate Collection Set: 3.9ms
[2025-03-21T13:55:15.565+0000][7][gc,phases   ] GC(27)   Post Evacuate Collection Set: 0.7ms
[2025-03-21T13:55:15.565+0000][7][gc,phases   ] GC(27)   Other: 0.2ms
[2025-03-21T13:55:15.565+0000][7][gc,heap     ] GC(27) Eden regions: 68->0(68)
[2025-03-21T13:55:15.565+0000][7][gc,heap     ] GC(27) Survivor regions: 3->3(9)
[2025-03-21T13:55:15.565+0000][7][gc,heap     ] GC(27) Old regions: 25->25
[2025-03-21T13:55:15.565+0000][7][gc,heap     ] GC(27) Archive regions: 2->2
[2025-03-21T13:55:15.565+0000][7][gc,heap     ] GC(27) Humongous regions: 5->5
[2025-03-21T13:55:15.565+0000][7][gc,metaspace] GC(27) Metaspace: 116734K(118464K)->116734K(118464K) NonClass: 101335K(102336K)->101335K(102336K) Class: 15398K(16128K)->15398K(16128K)
[2025-03-21T13:55:15.565+0000][7][gc          ] GC(27) Pause Young (Normal) (G1 Evacuation Pause) 404M->133M(512M) 5.020ms
[2025-03-21T13:55:15.565+0000][7][gc,cpu      ] GC(27) User=0.01s Sys=0.01s Real=0.00s
[2025-03-21T13:55:15.565+0000][7][safepoint   ] Safepoint "G1CollectForAllocation", Time since last: 1954354001 ns, Reaching safepoint: 143246 ns, At safepoint: 5112524 ns, Total: 5255770 ns
[2025-03-21T13:55:16.567+0000][7][safepoint   ] Safepoint "Cleanup", Time since last: 1001215164 ns, Reaching safepoint: 108126 ns, At safepoint: 3607 ns, Total: 111733 ns
[2025-03-21T13:55:17.567+0000][7][safepoint   ] Safepoint "Cleanup", Time since last: 1000663817 ns, Reaching safepoint: 202746 ns, At safepoint: 6372 ns, Total: 209118 ns
[2025-03-21T13:55:18.569+0000][7][safepoint   ] Safepoint "Cleanup", Time since last: 1001070657 ns, Reaching safepoint: 111633 ns, At safepoint: 3817 ns, Total: 115450 ns
[2025-03-21T13:55:20.569+0000][7][safepoint   ] Safepoint "Cleanup", Time since last: 2000698773 ns, Reaching safepoint: 112194 ns, At safepoint: 7324 ns, Total: 119518 ns
[2025-03-21T13:55:21.570+0000][7][safepoint   ] Safepoint "Cleanup", Time since last: 1000744479 ns, Reaching safepoint: 172449 ns, At safepoint: 12002 ns, Total: 184451 ns
[2025-03-21T13:55:22.571+0000][7][safepoint   ] Safepoint "Cleanup", Time since last: 1000567309 ns, Reaching safepoint: 146519 ns, At safepoint: 5200 ns, Total: 151719 ns
[2025-03-21T13:55:23.572+0000][7][safepoint   ] Safepoint "Cleanup", Time since last: 1000399842 ns, Reaching safepoint: 148142 ns, At safepoint: 5741 ns, Total: 153883 ns
[2025-03-21T13:55:24.573+0000][7][safepoint   ] Safepoint "Cleanup", Time since last: 1000099815 ns, Reaching safepoint: 1111595 ns, At safepoint: 26791 ns, Total: 1138386 ns
[2025-03-21T13:55:25.574+0000][7][safepoint   ] Safepoint "Cleanup", Time since last: 1000803207 ns, Reaching safepoint: 146399 ns, At safepoint: 4619 ns, Total: 151018 ns
[2025-03-21T13:55:27.575+0000][7][safepoint   ] Safepoint "Cleanup", Time since last: 2001446298 ns, Reaching safepoint: 117183 ns, At safepoint: 4319 ns, Total: 121502 ns
[2025-03-21T13:55:28.576+0000][7][safepoint   ] Safepoint "Cleanup", Time since last: 1000579301 ns, Reaching safepoint: 106964 ns, At safepoint: 3967 ns, Total: 110931 ns
[2025-03-21T13:55:30.577+0000][7][safepoint   ] Safepoint "Cleanup", Time since last: 2000601139 ns, Reaching safepoint: 76716 ns, At safepoint: 3266 ns, Total: 79982 ns
[2025-03-21T13:55:33.579+0000][7][safepoint   ] Safepoint "Cleanup", Time since last: 3001898244 ns, Reaching safepoint: 154594 ns, At safepoint: 9088 ns, Total: 163682 ns
[2025-03-21T13:55:34.580+0000][7][safepoint   ] Safepoint "Cleanup", Time since last: 1000899447 ns, Reaching safepoint: 155807 ns, At safepoint: 11542 ns, Total: 167349 ns
[2025-03-21T13:55:35.580+0000][7][safepoint   ] Safepoint "Cleanup", Time since last: 1000325417 ns, Reaching safepoint: 147241 ns, At safepoint: 4428 ns, Total: 151669 ns
[2025-03-21T13:55:36.582+0000][7][safepoint   ] Safepoint "Cleanup", Time since last: 1000313077 ns, Reaching safepoint: 947625 ns, At safepoint: 21721 ns, Total: 969346 ns
[2025-03-21T13:55:37.583+0000][7][safepoint   ] Safepoint "Cleanup", Time since last: 1000989213 ns, Reaching safepoint: 180023 ns, At safepoint: 7875 ns, Total: 187898 ns
[2025-03-21T13:55:38.584+0000][7][safepoint   ] Safepoint "Cleanup", Time since last: 1000881533 ns, Reaching safepoint: 102565 ns, At safepoint: 3226 ns, Total: 105791 ns
[2025-03-21T13:55:39.584+0000][7][safepoint   ] Safepoint "Cleanup", Time since last: 1000212920 ns, Reaching safepoint: 423626 ns, At safepoint: 16040 ns, Total: 439666 ns
[2025-03-21T13:55:40.585+0000][7][safepoint   ] Safepoint "Cleanup", Time since last: 1000454126 ns, Reaching safepoint: 221471 ns, At safepoint: 6603 ns, Total: 228074 ns
[2025-03-21T13:55:42.587+0000][7][safepoint   ] Safepoint "Cleanup", Time since last: 2001887956 ns, Reaching safepoint: 94470 ns, At safepoint: 3447 ns, Total: 97917 ns
[2025-03-21T13:55:43.588+0000][7][safepoint   ] Safepoint "Cleanup", Time since last: 1000987390 ns, Reaching safepoint: 84210 ns, At safepoint: 3286 ns, Total: 87496 ns
[2025-03-21T13:55:45.590+0000][7][safepoint   ] Safepoint "Cleanup", Time since last: 2001622911 ns, Reaching safepoint: 76445 ns, At safepoint: 5411 ns, Total: 81856 ns
[2025-03-21T13:55:46.590+0000][7][safepoint   ] Safepoint "Cleanup", Time since last: 1000248472 ns, Reaching safepoint: 151458 ns, At safepoint: 5501 ns, Total: 156959 ns
[2025-03-21T13:55:48.583+0000][7][safepoint   ] Safepoint "Cleanup", Time since last: 1991142069 ns, Reaching safepoint: 1100746 ns, At safepoint: 45937 ns, Total: 1146683 ns
[2025-03-21T13:55:49.584+0000][7][safepoint   ] Safepoint "Cleanup", Time since last: 1000901188 ns, Reaching safepoint: 163431 ns, At safepoint: 5150 ns, Total: 168581 ns
[2025-03-21T13:55:50.585+0000][7][safepoint   ] Safepoint "Cleanup", Time since last: 1001069766 ns, Reaching safepoint: 129857 ns, At safepoint: 8707 ns, Total: 138564 ns
[2025-03-21T13:55:52.576+0000][7][safepoint   ] Safepoint "Cleanup", Time since last: 1990934277 ns, Reaching safepoint: 113316 ns, At safepoint: 3236 ns, Total: 116552 ns
[2025-03-21T13:55:53.577+0000][7][safepoint   ] Safepoint "Cleanup", Time since last: 1000599720 ns, Reaching safepoint: 137101 ns, At safepoint: 4839 ns, Total: 141940 ns
[2025-03-21T13:55:55.578+0000][7][safepoint   ] Safepoint "Cleanup", Time since last: 2001381803 ns, Reaching safepoint: 116722 ns, At safepoint: 4599 ns, Total: 121321 ns
[2025-03-21T13:55:56.579+0000][7][safepoint   ] Safepoint "Cleanup", Time since last: 1000328786 ns, Reaching safepoint: 151188 ns, At safepoint: 6522 ns, Total: 157710 ns
[2025-03-21T13:55:57.363+0000][7][gc,start    ] GC(28) Pause Young (Normal) (G1 Evacuation Pause)
[2025-03-21T13:55:57.363+0000][7][gc,task     ] GC(28) Using 8 workers of 8 for evacuation
[2025-03-21T13:55:57.364+0000][7][gc,age      ] GC(28) Desired survivor size 18874368 bytes, new threshold 15 (max threshold 15)
[2025-03-21T13:55:57.369+0000][7][gc,age      ] GC(28) Age table with threshold 15 (max threshold 15)
[2025-03-21T13:55:57.369+0000][7][gc,age      ] GC(28) - age   1:    1616592 bytes,    1616592 total
[2025-03-21T13:55:57.369+0000][7][gc,age      ] GC(28) - age   2:    1537720 bytes,    3154312 total
[2025-03-21T13:55:57.369+0000][7][gc,age      ] GC(28) - age   3:      34888 bytes,    3189200 total
[2025-03-21T13:55:57.369+0000][7][gc,age      ] GC(28) - age   4:      35144 bytes,    3224344 total
[2025-03-21T13:55:57.369+0000][7][gc,age      ] GC(28) - age   5:    1203576 bytes,    4427920 total
[2025-03-21T13:55:57.369+0000][7][gc,age      ] GC(28) - age   6:    2430320 bytes,    6858240 total
[2025-03-21T13:55:57.369+0000][7][gc,age      ] GC(28) - age   7:     914056 bytes,    7772296 total
[2025-03-21T13:55:57.369+0000][7][gc,age      ] GC(28) - age   8:    3249480 bytes,   11021776 total
[2025-03-21T13:55:57.369+0000][7][gc,phases   ] GC(28)   Pre Evacuate Collection Set: 0.1ms
[2025-03-21T13:55:57.369+0000][7][gc,phases   ] GC(28)   Merge Heap Roots: 0.1ms
[2025-03-21T13:55:57.369+0000][7][gc,phases   ] GC(28)   Evacuate Collection Set: 4.0ms
[2025-03-21T13:55:57.369+0000][7][gc,phases   ] GC(28)   Post Evacuate Collection Set: 1.4ms
[2025-03-21T13:55:57.369+0000][7][gc,phases   ] GC(28)   Other: 0.3ms
[2025-03-21T13:55:57.369+0000][7][gc,heap     ] GC(28) Eden regions: 68->0(69)
[2025-03-21T13:55:57.369+0000][7][gc,heap     ] GC(28) Survivor regions: 3->3(9)
[2025-03-21T13:55:57.369+0000][7][gc,heap     ] GC(28) Old regions: 25->25
[2025-03-21T13:55:57.369+0000][7][gc,heap     ] GC(28) Archive regions: 2->2
[2025-03-21T13:55:57.369+0000][7][gc,heap     ] GC(28) Humongous regions: 5->5
[2025-03-21T13:55:57.369+0000][7][gc,metaspace] GC(28) Metaspace: 117084K(118784K)->117084K(118784K) NonClass: 101685K(102656K)->101685K(102656K) Class: 15398K(16128K)->15398K(16128K)
[2025-03-21T13:55:57.369+0000][7][gc          ] GC(28) Pause Young (Normal) (G1 Evacuation Pause) 405M->133M(512M) 5.966ms
[2025-03-21T13:55:57.369+0000][7][gc,cpu      ] GC(28) User=0.02s Sys=0.00s Real=0.01s
[2025-03-21T13:55:57.369+0000][7][safepoint   ] Safepoint "G1CollectForAllocation", Time since last: 784656633 ns, Reaching safepoint: 59874 ns, At safepoint: 6064460 ns, Total: 6124334 ns
[2025-03-21T13:55:58.370+0000][7][safepoint   ] Safepoint "Cleanup", Time since last: 1000757352 ns, Reaching safepoint: 135548 ns, At safepoint: 4168 ns, Total: 139716 ns
[2025-03-21T13:55:59.371+0000][7][safepoint   ] Safepoint "Cleanup", Time since last: 1000650498 ns, Reaching safepoint: 158021 ns, At safepoint: 4759 ns, Total: 162780 ns
[2025-03-21T13:56:00.572+0000][7][safepoint   ] Safepoint "Cleanup", Time since last: 1200879507 ns, Reaching safepoint: 131421 ns, At safepoint: 14197 ns, Total: 145618 ns
[2025-03-21T13:56:01.573+0000][7][safepoint   ] Safepoint "Cleanup", Time since last: 1000439748 ns, Reaching safepoint: 130629 ns, At safepoint: 10901 ns, Total: 141530 ns
[2025-03-21T13:56:03.574+0000][7][safepoint   ] Safepoint "Cleanup", Time since last: 2000654920 ns, Reaching safepoint: 145988 ns, At safepoint: 3627 ns, Total: 149615 ns
[2025-03-21T13:56:05.575+0000][7][safepoint   ] Safepoint "Cleanup", Time since last: 2000874215 ns, Reaching safepoint: 163591 ns, At safepoint: 4399 ns, Total: 167990 ns
[2025-03-21T13:56:06.575+0000][7][safepoint   ] Safepoint "Cleanup", Time since last: 1000668974 ns, Reaching safepoint: 89029 ns, At safepoint: 32402 ns, Total: 121431 ns
[2025-03-21T13:56:07.576+0000][7][safepoint   ] Safepoint "Cleanup", Time since last: 1000580112 ns, Reaching safepoint: 179622 ns, At safepoint: 5791 ns, Total: 185413 ns
[2025-03-21T13:56:08.577+0000][7][safepoint   ] Safepoint "Cleanup", Time since last: 1000717077 ns, Reaching safepoint: 110989 ns, At safepoint: 8336 ns, Total: 119325 ns
[2025-03-21T13:56:09.577+0000][7][safepoint   ] Safepoint "Cleanup", Time since last: 1000226130 ns, Reaching safepoint: 79451 ns, At safepoint: 3557 ns, Total: 83008 ns
[2025-03-21T13:56:10.578+0000][7][safepoint   ] Safepoint "Cleanup", Time since last: 1000744353 ns, Reaching safepoint: 71106 ns, At safepoint: 4578 ns, Total: 75684 ns
[2025-03-21T13:56:12.579+0000][7][safepoint   ] Safepoint "Cleanup", Time since last: 2000960740 ns, Reaching safepoint: 78940 ns, At safepoint: 12925 ns, Total: 91865 ns
[2025-03-21T13:56:13.580+0000][7][safepoint   ] Safepoint "Cleanup", Time since last: 1000982729 ns, Reaching safepoint: 100722 ns, At safepoint: 3607 ns, Total: 104329 ns
[2025-03-21T13:56:15.582+0000][7][safepoint   ] Safepoint "Cleanup", Time since last: 2001214152 ns, Reaching safepoint: 750940 ns, At safepoint: 5400 ns, Total: 756340 ns
[2025-03-21T13:56:16.583+0000][7][safepoint   ] Safepoint "Cleanup", Time since last: 1000768079 ns, Reaching safepoint: 75794 ns, At safepoint: 3597 ns, Total: 79391 ns
[2025-03-21T13:56:18.584+0000][7][safepoint   ] Safepoint "Cleanup", Time since last: 2000657087 ns, Reaching safepoint: 79471 ns, At safepoint: 3557 ns, Total: 83028 ns
[2025-03-21T13:56:19.585+0000][7][safepoint   ] Safepoint "Cleanup", Time since last: 1001023829 ns, Reaching safepoint: 95853 ns, At safepoint: 4739 ns, Total: 100592 ns
[2025-03-21T13:56:20.586+0000][7][safepoint   ] Safepoint "Cleanup", Time since last: 1001017944 ns, Reaching safepoint: 97586 ns, At safepoint: 4508 ns, Total: 102094 ns
[2025-03-21T13:56:21.587+0000][7][safepoint   ] Safepoint "Cleanup", Time since last: 1000681934 ns, Reaching safepoint: 113967 ns, At safepoint: 5210 ns, Total: 119177 ns
[2025-03-21T13:56:23.589+0000][7][safepoint   ] Safepoint "Cleanup", Time since last: 2001690446 ns, Reaching safepoint: 144335 ns, At safepoint: 5511 ns, Total: 149846 ns
[2025-03-21T13:56:24.589+0000][7][safepoint   ] Safepoint "Cleanup", Time since last: 1000493320 ns, Reaching safepoint: 174823 ns, At safepoint: 25428 ns, Total: 200251 ns
[2025-03-21T13:56:25.591+0000][7][safepoint   ] Safepoint "Cleanup", Time since last: 1000973609 ns, Reaching safepoint: 119758 ns, At safepoint: 4468 ns, Total: 124226 ns
[2025-03-21T13:56:27.592+0000][7][safepoint   ] Safepoint "Cleanup", Time since last: 2000993860 ns, Reaching safepoint: 78419 ns, At safepoint: 3928 ns, Total: 82347 ns
[2025-03-21T13:56:28.593+0000][7][safepoint   ] Safepoint "Cleanup", Time since last: 1000846084 ns, Reaching safepoint: 90022 ns, At safepoint: 4138 ns, Total: 94160 ns
[2025-03-21T13:56:30.594+0000][7][safepoint   ] Safepoint "Cleanup", Time since last: 2001092305 ns, Reaching safepoint: 129887 ns, At safepoint: 25048 ns, Total: 154935 ns
[2025-03-21T13:56:31.594+0000][7][safepoint   ] Safepoint "Cleanup", Time since last: 1000299804 ns, Reaching safepoint: 158171 ns, At safepoint: 4809 ns, Total: 162980 ns
[2025-03-21T13:56:33.595+0000][7][safepoint   ] Safepoint "Cleanup", Time since last: 2000717640 ns, Reaching safepoint: 51218 ns, At safepoint: 3005 ns, Total: 54223 ns
[2025-03-21T13:56:35.596+0000][7][safepoint   ] Safepoint "Cleanup", Time since last: 2000969978 ns, Reaching safepoint: 98277 ns, At safepoint: 5661 ns, Total: 103938 ns
[2025-03-21T13:56:36.597+0000][7][safepoint   ] Safepoint "Cleanup", Time since last: 1000742431 ns, Reaching safepoint: 115199 ns, At safepoint: 5090 ns, Total: 120289 ns
[2025-03-21T13:56:37.597+0000][7][safepoint   ] Safepoint "Cleanup", Time since last: 1000306403 ns, Reaching safepoint: 101323 ns, At safepoint: 3897 ns, Total: 105220 ns
[2025-03-21T13:56:38.598+0000][7][safepoint   ] Safepoint "Cleanup", Time since last: 1000197740 ns, Reaching safepoint: 54123 ns, At safepoint: 3597 ns, Total: 57720 ns
[2025-03-21T13:56:39.599+0000][7][safepoint   ] Safepoint "Cleanup", Time since last: 1001279936 ns, Reaching safepoint: 275423 ns, At safepoint: 6533 ns, Total: 281956 ns
[2025-03-21T13:56:40.600+0000][7][safepoint   ] Safepoint "Cleanup", Time since last: 1000383962 ns, Reaching safepoint: 93678 ns, At safepoint: 3818 ns, Total: 97496 ns
[2025-03-21T13:56:42.601+0000][7][safepoint   ] Safepoint "Cleanup", Time since last: 2000691966 ns, Reaching safepoint: 141319 ns, At safepoint: 4218 ns, Total: 145537 ns
[2025-03-21T13:56:43.601+0000][7][safepoint   ] Safepoint "Cleanup", Time since last: 1000105490 ns, Reaching safepoint: 128635 ns, At safepoint: 4329 ns, Total: 132964 ns
[2025-03-21T13:56:44.601+0000][7][safepoint   ] Safepoint "Cleanup", Time since last: 1000257460 ns, Reaching safepoint: 93629 ns, At safepoint: 5580 ns, Total: 99209 ns
[2025-03-21T13:56:45.602+0000][7][safepoint   ] Safepoint "Cleanup", Time since last: 1000303959 ns, Reaching safepoint: 96825 ns, At safepoint: 4228 ns, Total: 101053 ns
[2025-03-21T13:56:48.603+0000][7][safepoint   ] Safepoint "Cleanup", Time since last: 3001801963 ns, Reaching safepoint: 105651 ns, At safepoint: 19417 ns, Total: 125068 ns
[2025-03-21T13:56:49.604+0000][7][safepoint   ] Safepoint "Cleanup", Time since last: 1000737285 ns, Reaching safepoint: 91354 ns, At safepoint: 3627 ns, Total: 94981 ns
[2025-03-21T13:56:50.604+0000][7][safepoint   ] Safepoint "Cleanup", Time since last: 1000106432 ns, Reaching safepoint: 99799 ns, At safepoint: 6543 ns, Total: 106342 ns
[2025-03-21T13:56:51.605+0000][7][safepoint   ] Safepoint "Cleanup", Time since last: 1000790947 ns, Reaching safepoint: 95753 ns, At safepoint: 3055 ns, Total: 98808 ns
[2025-03-21T13:56:53.607+0000][7][safepoint   ] Safepoint "Cleanup", Time since last: 2001533441 ns, Reaching safepoint: 88849 ns, At safepoint: 3808 ns, Total: 92657 ns
[2025-03-21T13:56:54.608+0000][7][safepoint   ] Safepoint "Cleanup", Time since last: 1001110504 ns, Reaching safepoint: 123265 ns, At safepoint: 5821 ns, Total: 129086 ns
[2025-03-21T13:56:54.876+0000][7][gc,start    ] GC(29) Pause Young (Normal) (G1 Evacuation Pause)
[2025-03-21T13:56:54.876+0000][7][gc,task     ] GC(29) Using 8 workers of 8 for evacuation
[2025-03-21T13:56:54.876+0000][7][gc,age      ] GC(29) Desired survivor size 18874368 bytes, new threshold 15 (max threshold 15)
[2025-03-21T13:56:54.882+0000][7][gc,age      ] GC(29) Age table with threshold 15 (max threshold 15)
[2025-03-21T13:56:54.882+0000][7][gc,age      ] GC(29) - age   1:    2224256 bytes,    2224256 total
[2025-03-21T13:56:54.882+0000][7][gc,age      ] GC(29) - age   2:     157960 bytes,    2382216 total
[2025-03-21T13:56:54.882+0000][7][gc,age      ] GC(29) - age   3:    1534856 bytes,    3917072 total
[2025-03-21T13:56:54.882+0000][7][gc,age      ] GC(29) - age   4:      34336 bytes,    3951408 total
[2025-03-21T13:56:54.882+0000][7][gc,age      ] GC(29) - age   5:      35080 bytes,    3986488 total
[2025-03-21T13:56:54.882+0000][7][gc,age      ] GC(29) - age   6:    1203576 bytes,    5190064 total
[2025-03-21T13:56:54.882+0000][7][gc,age      ] GC(29) - age   7:    2428704 bytes,    7618768 total
[2025-03-21T13:56:54.882+0000][7][gc,age      ] GC(29) - age   8:     893624 bytes,    8512392 total
[2025-03-21T13:56:54.882+0000][7][gc,age      ] GC(29) - age   9:    3248008 bytes,   11760400 total
[2025-03-21T13:56:54.882+0000][7][gc,phases   ] GC(29)   Pre Evacuate Collection Set: 0.1ms
[2025-03-21T13:56:54.882+0000][7][gc,phases   ] GC(29)   Merge Heap Roots: 0.1ms
[2025-03-21T13:56:54.882+0000][7][gc,phases   ] GC(29)   Evacuate Collection Set: 4.0ms
[2025-03-21T13:56:54.882+0000][7][gc,phases   ] GC(29)   Post Evacuate Collection Set: 1.4ms
[2025-03-21T13:56:54.882+0000][7][gc,phases   ] GC(29)   Other: 0.2ms
[2025-03-21T13:56:54.882+0000][7][gc,heap     ] GC(29) Eden regions: 69->0(69)
[2025-03-21T13:56:54.882+0000][7][gc,heap     ] GC(29) Survivor regions: 3->3(9)
[2025-03-21T13:56:54.882+0000][7][gc,heap     ] GC(29) Old regions: 25->25
[2025-03-21T13:56:54.882+0000][7][gc,heap     ] GC(29) Archive regions: 2->2
[2025-03-21T13:56:54.882+0000][7][gc,heap     ] GC(29) Humongous regions: 5->5
[2025-03-21T13:56:54.882+0000][7][gc,metaspace] GC(29) Metaspace: 117443K(119104K)->117443K(119104K) NonClass: 102044K(102976K)->102044K(102976K) Class: 15399K(16128K)->15399K(16128K)
[2025-03-21T13:56:54.882+0000][7][gc          ] GC(29) Pause Young (Normal) (G1 Evacuation Pause) 409M->133M(512M) 5.827ms
[2025-03-21T13:56:54.882+0000][7][gc,cpu      ] GC(29) User=0.02s Sys=0.00s Real=0.01s
[2025-03-21T13:56:54.882+0000][7][safepoint   ] Safepoint "G1CollectForAllocation", Time since last: 267662906 ns, Reaching safepoint: 116181 ns, At safepoint: 5900918 ns, Total: 6017099 ns
[2025-03-21T13:56:55.883+0000][7][safepoint   ] Safepoint "Cleanup", Time since last: 1000613130 ns, Reaching safepoint: 150937 ns, At safepoint: 4679 ns, Total: 155616 ns
[2025-03-21T13:56:57.884+0000][7][safepoint   ] Safepoint "Cleanup", Time since last: 2000979988 ns, Reaching safepoint: 143854 ns, At safepoint: 5741 ns, Total: 149595 ns
[2025-03-21T13:57:00.886+0000][7][safepoint   ] Safepoint "Cleanup", Time since last: 3002066201 ns, Reaching safepoint: 98889 ns, At safepoint: 3747 ns, Total: 102636 ns
[2025-03-21T13:57:01.887+0000][7][safepoint   ] Safepoint "Cleanup", Time since last: 1000502405 ns, Reaching safepoint: 178520 ns, At safepoint: 5701 ns, Total: 184221 ns
[2025-03-21T13:57:02.888+0000][7][safepoint   ] Safepoint "Cleanup", Time since last: 1000746191 ns, Reaching safepoint: 144305 ns, At safepoint: 3918 ns, Total: 148223 ns
[2025-03-21T13:57:03.888+0000][7][safepoint   ] Safepoint "Cleanup", Time since last: 1000564748 ns, Reaching safepoint: 148032 ns, At safepoint: 5030 ns, Total: 153062 ns
[2025-03-21T13:57:04.889+0000][7][safepoint   ] Safepoint "Cleanup", Time since last: 1000605233 ns, Reaching safepoint: 103597 ns, At safepoint: 5170 ns, Total: 108767 ns
[2025-03-21T13:57:05.889+0000][7][safepoint   ] Safepoint "Cleanup", Time since last: 1000196472 ns, Reaching safepoint: 128354 ns, At safepoint: 9679 ns, Total: 138033 ns
[2025-03-21T13:57:06.890+0000][7][safepoint   ] Safepoint "Cleanup", Time since last: 1000741504 ns, Reaching safepoint: 75503 ns, At safepoint: 5010 ns, Total: 80513 ns
[2025-03-21T13:57:07.891+0000][7][safepoint   ] Safepoint "Cleanup", Time since last: 1000775326 ns, Reaching safepoint: 99440 ns, At safepoint: 4118 ns, Total: 103558 ns
[2025-03-21T13:57:09.892+0000][7][safepoint   ] Safepoint "Cleanup", Time since last: 2001230893 ns, Reaching safepoint: 186174 ns, At safepoint: 7254 ns, Total: 193428 ns
[2025-03-21T13:57:10.893+0000][7][safepoint   ] Safepoint "Cleanup", Time since last: 1000158843 ns, Reaching safepoint: 201365 ns, At safepoint: 7574 ns, Total: 208939 ns
[2025-03-21T13:57:12.894+0000][7][safepoint   ] Safepoint "Cleanup", Time since last: 2001175618 ns, Reaching safepoint: 112354 ns, At safepoint: 7765 ns, Total: 120119 ns
[2025-03-21T13:57:13.895+0000][7][safepoint   ] Safepoint "Cleanup", Time since last: 1000367958 ns, Reaching safepoint: 133494 ns, At safepoint: 4098 ns, Total: 137592 ns
[2025-03-21T13:57:15.896+0000][7][safepoint   ] Safepoint "Cleanup", Time since last: 2001481692 ns, Reaching safepoint: 124978 ns, At safepoint: 7164 ns, Total: 132142 ns
[2025-03-21T13:57:17.898+0000][7][safepoint   ] Safepoint "Cleanup", Time since last: 2001835545 ns, Reaching safepoint: 106012 ns, At safepoint: 5070 ns, Total: 111082 ns
[2025-03-21T13:57:18.899+0000][7][safepoint   ] Safepoint "Cleanup", Time since last: 1000221202 ns, Reaching safepoint: 140868 ns, At safepoint: 5641 ns, Total: 146509 ns
[2025-03-21T13:57:19.899+0000][7][safepoint   ] Safepoint "Cleanup", Time since last: 1000293756 ns, Reaching safepoint: 211462 ns, At safepoint: 7304 ns, Total: 218766 ns
[2025-03-21T13:57:20.900+0000][7][safepoint   ] Safepoint "Cleanup", Time since last: 1000783334 ns, Reaching safepoint: 155235 ns, At safepoint: 5340 ns, Total: 160575 ns
[2025-03-21T13:57:21.900+0000][7][safepoint   ] Safepoint "Cleanup", Time since last: 1000333006 ns, Reaching safepoint: 122944 ns, At safepoint: 4468 ns, Total: 127412 ns
[2025-03-21T13:57:22.901+0000][7][safepoint   ] Safepoint "Cleanup", Time since last: 1000227093 ns, Reaching safepoint: 136941 ns, At safepoint: 4018 ns, Total: 140959 ns
[2025-03-21T13:57:23.902+0000][7][safepoint   ] Safepoint "Cleanup", Time since last: 1000704765 ns, Reaching safepoint: 91084 ns, At safepoint: 3436 ns, Total: 94520 ns
[2025-03-21T13:57:24.903+0000][7][safepoint   ] Safepoint "Cleanup", Time since last: 1000848290 ns, Reaching safepoint: 93919 ns, At safepoint: 6122 ns, Total: 100041 ns
[2025-03-21T13:57:25.904+0000][7][safepoint   ] Safepoint "Cleanup", Time since last: 1001000625 ns, Reaching safepoint: 111452 ns, At safepoint: 4158 ns, Total: 115610 ns
[2025-03-21T13:57:27.905+0000][7][safepoint   ] Safepoint "Cleanup", Time since last: 2000687498 ns, Reaching safepoint: 98237 ns, At safepoint: 7564 ns, Total: 105801 ns
[2025-03-21T13:57:30.908+0000][7][safepoint   ] Safepoint "Cleanup", Time since last: 3002750398 ns, Reaching safepoint: 341355 ns, At safepoint: 6222 ns, Total: 347577 ns
[2025-03-21T13:57:32.908+0000][7][safepoint   ] Safepoint "Cleanup", Time since last: 2000544012 ns, Reaching safepoint: 135838 ns, At safepoint: 4800 ns, Total: 140638 ns
[2025-03-21T13:57:33.909+0000][7][safepoint   ] Safepoint "Cleanup", Time since last: 1000587540 ns, Reaching safepoint: 125879 ns, At safepoint: 7414 ns, Total: 133293 ns
[2025-03-21T13:57:35.910+0000][7][safepoint   ] Safepoint "Cleanup", Time since last: 2000978232 ns, Reaching safepoint: 227112 ns, At safepoint: 6813 ns, Total: 233925 ns
[2025-03-21T13:57:36.911+0000][7][safepoint   ] Safepoint "Cleanup", Time since last: 1000404769 ns, Reaching safepoint: 158211 ns, At safepoint: 5170 ns, Total: 163381 ns
[2025-03-21T13:57:37.912+0000][7][safepoint   ] Safepoint "Cleanup", Time since last: 1000870152 ns, Reaching safepoint: 97215 ns, At safepoint: 5119 ns, Total: 102334 ns
[2025-03-21T13:57:39.914+0000][7][safepoint   ] Safepoint "Cleanup", Time since last: 2002241047 ns, Reaching safepoint: 64162 ns, At safepoint: 3536 ns, Total: 67698 ns
[2025-03-21T13:57:40.914+0000][7][safepoint   ] Safepoint "Cleanup", Time since last: 1000256591 ns, Reaching safepoint: 109368 ns, At safepoint: 5320 ns, Total: 114688 ns
[2025-03-21T13:57:42.916+0000][7][safepoint   ] Safepoint "Cleanup", Time since last: 2000907117 ns, Reaching safepoint: 154033 ns, At safepoint: 4459 ns, Total: 158492 ns
[2025-03-21T13:57:43.916+0000][7][safepoint   ] Safepoint "Cleanup", Time since last: 1000689143 ns, Reaching safepoint: 106312 ns, At safepoint: 3697 ns, Total: 110009 ns
[2025-03-21T13:57:45.918+0000][7][safepoint   ] Safepoint "Cleanup", Time since last: 2001666626 ns, Reaching safepoint: 169692 ns, At safepoint: 7063 ns, Total: 176755 ns
[2025-03-21T13:57:47.919+0000][7][safepoint   ] Safepoint "Cleanup", Time since last: 2000516870 ns, Reaching safepoint: 107529 ns, At safepoint: 9097 ns, Total: 116626 ns
[2025-03-21T13:57:48.920+0000][7][safepoint   ] Safepoint "Cleanup", Time since last: 1000795203 ns, Reaching safepoint: 165254 ns, At safepoint: 5942 ns, Total: 171196 ns
[2025-03-21T13:57:50.922+0000][7][safepoint   ] Safepoint "Cleanup", Time since last: 2001653730 ns, Reaching safepoint: 126331 ns, At safepoint: 6452 ns, Total: 132783 ns
[2025-03-21T13:57:51.922+0000][7][safepoint   ] Safepoint "Cleanup", Time since last: 1000772010 ns, Reaching safepoint: 143092 ns, At safepoint: 5411 ns, Total: 148503 ns
[2025-03-21T13:57:52.923+0000][7][safepoint   ] Safepoint "Cleanup", Time since last: 1000825452 ns, Reaching safepoint: 169493 ns, At safepoint: 7214 ns, Total: 176707 ns
[2025-03-21T13:57:54.925+0000][7][safepoint   ] Safepoint "Cleanup", Time since last: 2001408951 ns, Reaching safepoint: 99590 ns, At safepoint: 5861 ns, Total: 105451 ns
[2025-03-21T13:57:55.925+0000][7][safepoint   ] Safepoint "Cleanup", Time since last: 1000325940 ns, Reaching safepoint: 163040 ns, At safepoint: 4689 ns, Total: 167729 ns
[2025-03-21T13:57:57.927+0000][7][safepoint   ] Safepoint "Cleanup", Time since last: 2001223128 ns, Reaching safepoint: 116612 ns, At safepoint: 3587 ns, Total: 120199 ns
[2025-03-21T13:57:59.928+0000][7][safepoint   ] Safepoint "Cleanup", Time since last: 2001161395 ns, Reaching safepoint: 149335 ns, At safepoint: 4699 ns, Total: 154034 ns
[2025-03-21T13:58:00.398+0000][7][gc,start    ] GC(30) Pause Young (Normal) (G1 Evacuation Pause)
[2025-03-21T13:58:00.398+0000][7][gc,task     ] GC(30) Using 8 workers of 8 for evacuation
[2025-03-21T13:58:00.398+0000][7][gc,age      ] GC(30) Desired survivor size 18874368 bytes, new threshold 15 (max threshold 15)
[2025-03-21T13:58:00.404+0000][7][gc,age      ] GC(30) Age table with threshold 15 (max threshold 15)
[2025-03-21T13:58:00.404+0000][7][gc,age      ] GC(30) - age   1:    1353944 bytes,    1353944 total
[2025-03-21T13:58:00.404+0000][7][gc,age      ] GC(30) - age   2:      43312 bytes,    1397256 total
[2025-03-21T13:58:00.404+0000][7][gc,age      ] GC(30) - age   3:     155784 bytes,    1553040 total
[2025-03-21T13:58:00.404+0000][7][gc,age      ] GC(30) - age   4:    1534600 bytes,    3087640 total
[2025-03-21T13:58:00.404+0000][7][gc,age      ] GC(30) - age   5:      34312 bytes,    3121952 total
[2025-03-21T13:58:00.404+0000][7][gc,age      ] GC(30) - age   6:      35080 bytes,    3157032 total
[2025-03-21T13:58:00.404+0000][7][gc,age      ] GC(30) - age   7:    1203544 bytes,    4360576 total
[2025-03-21T13:58:00.404+0000][7][gc,age      ] GC(30) - age   8:    2428704 bytes,    6789280 total
[2025-03-21T13:58:00.404+0000][7][gc,age      ] GC(30) - age   9:     826168 bytes,    7615448 total
[2025-03-21T13:58:00.404+0000][7][gc,age      ] GC(30) - age  10:    3239816 bytes,   10855264 total
[2025-03-21T13:58:00.404+0000][7][gc,phases   ] GC(30)   Pre Evacuate Collection Set: 0.1ms
[2025-03-21T13:58:00.404+0000][7][gc,phases   ] GC(30)   Merge Heap Roots: 0.1ms
[2025-03-21T13:58:00.404+0000][7][gc,phases   ] GC(30)   Evacuate Collection Set: 3.7ms
[2025-03-21T13:58:00.404+0000][7][gc,phases   ] GC(30)   Post Evacuate Collection Set: 1.7ms
[2025-03-21T13:58:00.404+0000][7][gc,phases   ] GC(30)   Other: 0.2ms
[2025-03-21T13:58:00.404+0000][7][gc,heap     ] GC(30) Eden regions: 69->0(70)
[2025-03-21T13:58:00.404+0000][7][gc,heap     ] GC(30) Survivor regions: 3->3(9)
[2025-03-21T13:58:00.404+0000][7][gc,heap     ] GC(30) Old regions: 25->25
[2025-03-21T13:58:00.404+0000][7][gc,heap     ] GC(30) Archive regions: 2->2
[2025-03-21T13:58:00.404+0000][7][gc,heap     ] GC(30) Humongous regions: 5->5
[2025-03-21T13:58:00.404+0000][7][gc,metaspace] GC(30) Metaspace: 117607K(119296K)->117607K(119296K) NonClass: 102208K(103168K)->102208K(103168K) Class: 15399K(16128K)->15399K(16128K)
[2025-03-21T13:58:00.404+0000][7][gc          ] GC(30) Pause Young (Normal) (G1 Evacuation Pause) 409M->133M(512M) 5.876ms
[2025-03-21T13:58:00.404+0000][7][gc,cpu      ] GC(30) User=0.02s Sys=0.00s Real=0.01s
[2025-03-21T13:58:00.404+0000][7][safepoint   ] Safepoint "G1CollectForAllocation", Time since last: 469596201 ns, Reaching safepoint: 76235 ns, At safepoint: 5961934 ns, Total: 6038169 ns
[2025-03-21T13:58:01.404+0000][7][safepoint   ] Safepoint "Cleanup", Time since last: 1000400159 ns, Reaching safepoint: 179612 ns, At safepoint: 5250 ns, Total: 184862 ns
[2025-03-21T13:58:03.406+0000][7][safepoint   ] Safepoint "Cleanup", Time since last: 2001661035 ns, Reaching safepoint: 146830 ns, At safepoint: 5570 ns, Total: 152400 ns
[2025-03-21T13:58:04.407+0000][7][safepoint   ] Safepoint "Cleanup", Time since last: 1000433815 ns, Reaching safepoint: 148162 ns, At safepoint: 4559 ns, Total: 152721 ns
[2025-03-21T13:58:05.409+0000][7][safepoint   ] Safepoint "Cleanup", Time since last: 1000560457 ns, Reaching safepoint: 1180591 ns, At safepoint: 27392 ns, Total: 1207983 ns
[2025-03-21T13:58:07.410+0000][7][safepoint   ] Safepoint "Cleanup", Time since last: 2001334147 ns, Reaching safepoint: 93979 ns, At safepoint: 3567 ns, Total: 97546 ns
[2025-03-21T13:58:08.411+0000][7][safepoint   ] Safepoint "Cleanup", Time since last: 1000994327 ns, Reaching safepoint: 90863 ns, At safepoint: 3787 ns, Total: 94650 ns
[2025-03-21T13:58:10.412+0000][7][safepoint   ] Safepoint "Cleanup", Time since last: 2000735018 ns, Reaching safepoint: 95362 ns, At safepoint: 3276 ns, Total: 98638 ns
[2025-03-21T13:58:13.413+0000][7][safepoint   ] Safepoint "Cleanup", Time since last: 3001494967 ns, Reaching safepoint: 83199 ns, At safepoint: 4068 ns, Total: 87267 ns
[2025-03-21T13:58:16.416+0000][7][safepoint   ] Safepoint "Cleanup", Time since last: 3002251898 ns, Reaching safepoint: 75674 ns, At safepoint: 3998 ns, Total: 79672 ns
[2025-03-21T13:58:18.417+0000][7][safepoint   ] Safepoint "Cleanup", Time since last: 2001066350 ns, Reaching safepoint: 117745 ns, At safepoint: 4528 ns, Total: 122273 ns
[2025-03-21T13:58:19.418+0000][7][safepoint   ] Safepoint "Cleanup", Time since last: 1000640585 ns, Reaching safepoint: 95622 ns, At safepoint: 3496 ns, Total: 99118 ns
[2025-03-21T13:58:20.419+0000][7][safepoint   ] Safepoint "Cleanup", Time since last: 1001057901 ns, Reaching safepoint: 188799 ns, At safepoint: 6643 ns, Total: 195442 ns
[2025-03-21T13:58:22.421+0000][7][safepoint   ] Safepoint "Cleanup", Time since last: 2001730672 ns, Reaching safepoint: 116942 ns, At safepoint: 4198 ns, Total: 121140 ns
[2025-03-21T13:58:23.421+0000][7][safepoint   ] Safepoint "Cleanup", Time since last: 1000177430 ns, Reaching safepoint: 111320 ns, At safepoint: 7555 ns, Total: 118875 ns
[2025-03-21T13:58:24.421+0000][7][safepoint   ] Safepoint "Cleanup", Time since last: 1000244334 ns, Reaching safepoint: 89410 ns, At safepoint: 3446 ns, Total: 92856 ns
[2025-03-21T13:58:25.422+0000][7][safepoint   ] Safepoint "Cleanup", Time since last: 1000380296 ns, Reaching safepoint: 104148 ns, At safepoint: 3467 ns, Total: 107615 ns
[2025-03-21T13:58:27.424+0000][7][safepoint   ] Safepoint "Cleanup", Time since last: 2001563196 ns, Reaching safepoint: 87848 ns, At safepoint: 3857 ns, Total: 91705 ns
[2025-03-21T13:58:28.425+0000][7][safepoint   ] Safepoint "Cleanup", Time since last: 1001159420 ns, Reaching safepoint: 134345 ns, At safepoint: 8135 ns, Total: 142480 ns
[2025-03-21T13:58:31.427+0000][7][safepoint   ] Safepoint "Cleanup", Time since last: 3001737536 ns, Reaching safepoint: 144655 ns, At safepoint: 5120 ns, Total: 149775 ns
[2025-03-21T13:58:33.428+0000][7][safepoint   ] Safepoint "Cleanup", Time since last: 2000814798 ns, Reaching safepoint: 99990 ns, At safepoint: 4940 ns, Total: 104930 ns
[2025-03-21T13:58:34.428+0000][7][safepoint   ] Safepoint "Cleanup", Time since last: 1000491492 ns, Reaching safepoint: 84341 ns, At safepoint: 4078 ns, Total: 88419 ns
[2025-03-21T13:58:35.429+0000][7][safepoint   ] Safepoint "Cleanup", Time since last: 1000316269 ns, Reaching safepoint: 154945 ns, At safepoint: 4579 ns, Total: 159524 ns
[2025-03-21T13:58:37.429+0000][7][safepoint   ] Safepoint "Cleanup", Time since last: 2000383394 ns, Reaching safepoint: 143423 ns, At safepoint: 5571 ns, Total: 148994 ns
[2025-03-21T13:58:38.430+0000][7][safepoint   ] Safepoint "Cleanup", Time since last: 1000935117 ns, Reaching safepoint: 123320 ns, At safepoint: 10149 ns, Total: 133469 ns
[2025-03-21T13:58:40.431+0000][7][safepoint   ] Safepoint "Cleanup", Time since last: 2000999685 ns, Reaching safepoint: 103878 ns, At safepoint: 3206 ns, Total: 107084 ns
[2025-03-21T13:58:43.433+0000][7][safepoint   ] Safepoint "Cleanup", Time since last: 3001458687 ns, Reaching safepoint: 123113 ns, At safepoint: 6993 ns, Total: 130106 ns
[2025-03-21T13:58:46.435+0000][7][safepoint   ] Safepoint "Cleanup", Time since last: 3001345221 ns, Reaching safepoint: 107725 ns, At safepoint: 6873 ns, Total: 114598 ns
[2025-03-21T13:58:48.438+0000][7][safepoint   ] Safepoint "Cleanup", Time since last: 2003765958 ns, Reaching safepoint: 118797 ns, At safepoint: 6342 ns, Total: 125139 ns
[2025-03-21T13:58:49.439+0000][7][safepoint   ] Safepoint "Cleanup", Time since last: 1000444172 ns, Reaching safepoint: 138043 ns, At safepoint: 4008 ns, Total: 142051 ns
[2025-03-21T13:58:50.440+0000][7][safepoint   ] Safepoint "Cleanup", Time since last: 1000853474 ns, Reaching safepoint: 111373 ns, At safepoint: 4829 ns, Total: 116202 ns
[2025-03-21T13:58:51.441+0000][7][safepoint   ] Safepoint "Cleanup", Time since last: 1000629480 ns, Reaching safepoint: 117694 ns, At safepoint: 5080 ns, Total: 122774 ns
[2025-03-21T13:58:52.441+0000][7][safepoint   ] Safepoint "Cleanup", Time since last: 1000348662 ns, Reaching safepoint: 81084 ns, At safepoint: 3557 ns, Total: 84641 ns
[2025-03-21T13:58:53.442+0000][7][safepoint   ] Safepoint "Cleanup", Time since last: 1000553726 ns, Reaching safepoint: 117624 ns, At safepoint: 4769 ns, Total: 122393 ns
[2025-03-21T13:58:54.442+0000][7][safepoint   ] Safepoint "Cleanup", Time since last: 1000431560 ns, Reaching safepoint: 130088 ns, At safepoint: 4849 ns, Total: 134937 ns
[2025-03-21T13:58:55.443+0000][7][safepoint   ] Safepoint "Cleanup", Time since last: 1000248358 ns, Reaching safepoint: 92135 ns, At safepoint: 3677 ns, Total: 95812 ns
[2025-03-21T13:58:57.444+0000][7][safepoint   ] Safepoint "Cleanup", Time since last: 2000866902 ns, Reaching safepoint: 94760 ns, At safepoint: 3106 ns, Total: 97866 ns
[2025-03-21T13:58:58.445+0000][7][safepoint   ] Safepoint "Cleanup", Time since last: 1000702783 ns, Reaching safepoint: 131520 ns, At safepoint: 6362 ns, Total: 137882 ns
[2025-03-21T13:59:00.440+0000][7][gc,start    ] GC(31) Pause Young (Normal) (G1 Evacuation Pause)
[2025-03-21T13:59:00.440+0000][7][gc,task     ] GC(31) Using 8 workers of 8 for evacuation
[2025-03-21T13:59:00.440+0000][7][gc,age      ] GC(31) Desired survivor size 20971520 bytes, new threshold 15 (max threshold 15)
[2025-03-21T13:59:00.453+0000][7][gc,age      ] GC(31) Age table with threshold 15 (max threshold 15)
[2025-03-21T13:59:00.453+0000][7][gc,age      ] GC(31) - age   1:     446432 bytes,     446432 total
[2025-03-21T13:59:00.453+0000][7][gc,age      ] GC(31) - age   2:       9584 bytes,     456016 total
[2025-03-21T13:59:00.453+0000][7][gc,age      ] GC(31) - age   3:      41272 bytes,     497288 total
[2025-03-21T13:59:00.453+0000][7][gc,age      ] GC(31) - age   4:     155424 bytes,     652712 total
[2025-03-21T13:59:00.453+0000][7][gc,age      ] GC(31) - age   5:    1534416 bytes,    2187128 total
[2025-03-21T13:59:00.453+0000][7][gc,age      ] GC(31) - age   6:      34312 bytes,    2221440 total
[2025-03-21T13:59:00.453+0000][7][gc,age      ] GC(31) - age   7:      35080 bytes,    2256520 total
[2025-03-21T13:59:00.453+0000][7][gc,age      ] GC(31) - age   8:    1203544 bytes,    3460064 total
[2025-03-21T13:59:00.453+0000][7][gc,age      ] GC(31) - age   9:    2423360 bytes,    5883424 total
[2025-03-21T13:59:00.453+0000][7][gc,age      ] GC(31) - age  10:     826168 bytes,    6709592 total
[2025-03-21T13:59:00.453+0000][7][gc,age      ] GC(31) - age  11:    3239816 bytes,    9949408 total
[2025-03-21T13:59:00.453+0000][7][gc,phases   ] GC(31)   Pre Evacuate Collection Set: 0.2ms
[2025-03-21T13:59:00.453+0000][7][gc,phases   ] GC(31)   Merge Heap Roots: 0.1ms
[2025-03-21T13:59:00.453+0000][7][gc,phases   ] GC(31)   Evacuate Collection Set: 5.7ms
[2025-03-21T13:59:00.453+0000][7][gc,phases   ] GC(31)   Post Evacuate Collection Set: 6.7ms
[2025-03-21T13:59:00.453+0000][7][gc,phases   ] GC(31)   Other: 0.4ms
[2025-03-21T13:59:00.453+0000][7][gc,heap     ] GC(31) Eden regions: 70->0(70)
[2025-03-21T13:59:00.453+0000][7][gc,heap     ] GC(31) Survivor regions: 3->3(10)
[2025-03-21T13:59:00.453+0000][7][gc,heap     ] GC(31) Old regions: 25->25
[2025-03-21T13:59:00.453+0000][7][gc,heap     ] GC(31) Archive regions: 2->2
[2025-03-21T13:59:00.453+0000][7][gc,heap     ] GC(31) Humongous regions: 5->5
[2025-03-21T13:59:00.453+0000][7][gc,metaspace] GC(31) Metaspace: 117828K(119488K)->117828K(119488K) NonClass: 102426K(103360K)->102426K(103360K) Class: 15402K(16128K)->15402K(16128K)
[2025-03-21T13:59:00.453+0000][7][gc          ] GC(31) Pause Young (Normal) (G1 Evacuation Pause) 413M->132M(512M) 13.143ms
[2025-03-21T13:59:00.453+0000][7][gc,cpu      ] GC(31) User=0.03s Sys=0.00s Real=0.02s
[2025-03-21T13:59:00.453+0000][7][safepoint   ] Safepoint "G1CollectForAllocation", Time since last: 1994919089 ns, Reaching safepoint: 251569 ns, At safepoint: 13257621 ns, Total: 13509190 ns
[2025-03-21T13:59:01.454+0000][7][safepoint   ] Safepoint "Cleanup", Time since last: 1000499613 ns, Reaching safepoint: 122794 ns, At safepoint: 5200 ns, Total: 127994 ns
[2025-03-21T13:59:03.455+0000][7][safepoint   ] Safepoint "Cleanup", Time since last: 2000980793 ns, Reaching safepoint: 86805 ns, At safepoint: 3858 ns, Total: 90663 ns
[2025-03-21T13:59:04.455+0000][7][safepoint   ] Safepoint "Cleanup", Time since last: 1000577203 ns, Reaching safepoint: 89721 ns, At safepoint: 3276 ns, Total: 92997 ns
[2025-03-21T13:59:05.457+0000][7][safepoint   ] Safepoint "Cleanup", Time since last: 1001089790 ns, Reaching safepoint: 104489 ns, At safepoint: 7915 ns, Total: 112404 ns
[2025-03-21T13:59:06.458+0000][7][safepoint   ] Safepoint "Cleanup", Time since last: 1000987681 ns, Reaching safepoint: 72769 ns, At safepoint: 3346 ns, Total: 76115 ns
[2025-03-21T13:59:07.458+0000][7][safepoint   ] Safepoint "Cleanup", Time since last: 1000731669 ns, Reaching safepoint: 129036 ns, At safepoint: 4759 ns, Total: 133795 ns
[2025-03-21T13:59:08.460+0000][7][safepoint   ] Safepoint "Cleanup", Time since last: 1001069066 ns, Reaching safepoint: 162148 ns, At safepoint: 4228 ns, Total: 166376 ns
[2025-03-21T13:59:10.461+0000][7][safepoint   ] Safepoint "Cleanup", Time since last: 2000855819 ns, Reaching safepoint: 896965 ns, At safepoint: 22843 ns, Total: 919808 ns
[2025-03-21T13:59:13.464+0000][7][safepoint   ] Safepoint "Cleanup", Time since last: 3002099321 ns, Reaching safepoint: 98748 ns, At safepoint: 3777 ns, Total: 102525 ns
[2025-03-21T13:59:16.466+0000][7][safepoint   ] Safepoint "Cleanup", Time since last: 3002079932 ns, Reaching safepoint: 163452 ns, At safepoint: 6672 ns, Total: 170124 ns
[2025-03-21T13:59:18.468+0000][7][safepoint   ] Safepoint "Cleanup", Time since last: 2001500757 ns, Reaching safepoint: 89130 ns, At safepoint: 3967 ns, Total: 93097 ns
[2025-03-21T13:59:19.469+0000][7][safepoint   ] Safepoint "Cleanup", Time since last: 1001233627 ns, Reaching safepoint: 96684 ns, At safepoint: 4218 ns, Total: 100902 ns
[2025-03-21T13:59:20.469+0000][7][safepoint   ] Safepoint "Cleanup", Time since last: 1000097369 ns, Reaching safepoint: 87466 ns, At safepoint: 14558 ns, Total: 102024 ns
[2025-03-21T13:59:22.471+0000][7][safepoint   ] Safepoint "Cleanup", Time since last: 2001444584 ns, Reaching safepoint: 87637 ns, At safepoint: 3396 ns, Total: 91033 ns
[2025-03-21T13:59:23.472+0000][7][safepoint   ] Safepoint "Cleanup", Time since last: 1001101979 ns, Reaching safepoint: 104088 ns, At safepoint: 4519 ns, Total: 108607 ns
[2025-03-21T13:59:25.473+0000][7][safepoint   ] Safepoint "Cleanup", Time since last: 2001236414 ns, Reaching safepoint: 140437 ns, At safepoint: 3407 ns, Total: 143844 ns
[2025-03-21T13:59:28.476+0000][7][safepoint   ] Safepoint "Cleanup", Time since last: 3002335036 ns, Reaching safepoint: 80844 ns, At safepoint: 3186 ns, Total: 84030 ns
[2025-03-21T13:59:30.477+0000][7][safepoint   ] Safepoint "Cleanup", Time since last: 2000927837 ns, Reaching safepoint: 66787 ns, At safepoint: 3326 ns, Total: 70113 ns
[2025-03-21T13:59:31.477+0000][7][safepoint   ] Safepoint "Cleanup", Time since last: 1000221842 ns, Reaching safepoint: 208979 ns, At safepoint: 7073 ns, Total: 216052 ns
[2025-03-21T13:59:32.478+0000][7][safepoint   ] Safepoint "Cleanup", Time since last: 1000627541 ns, Reaching safepoint: 183359 ns, At safepoint: 5391 ns, Total: 188750 ns
[2025-03-21T13:59:33.478+0000][7][safepoint   ] Safepoint "Cleanup", Time since last: 1000221442 ns, Reaching safepoint: 179793 ns, At safepoint: 6131 ns, Total: 185924 ns
[2025-03-21T13:59:34.480+0000][7][safepoint   ] Safepoint "Cleanup", Time since last: 1001086519 ns, Reaching safepoint: 495409 ns, At safepoint: 8045 ns, Total: 503454 ns
[2025-03-21T13:59:35.481+0000][7][safepoint   ] Safepoint "Cleanup", Time since last: 1001287713 ns, Reaching safepoint: 130909 ns, At safepoint: 4188 ns, Total: 135097 ns
[2025-03-21T13:59:37.483+0000][7][safepoint   ] Safepoint "Cleanup", Time since last: 2001484342 ns, Reaching safepoint: 88328 ns, At safepoint: 3587 ns, Total: 91915 ns
[2025-03-21T13:59:38.484+0000][7][safepoint   ] Safepoint "Cleanup", Time since last: 1001064027 ns, Reaching safepoint: 96393 ns, At safepoint: 3717 ns, Total: 100110 ns
[2025-03-21T13:59:39.700+0000][7][safepoint   ] Safepoint "Cleanup", Time since last: 1216215150 ns, Reaching safepoint: 74552 ns, At safepoint: 7183 ns, Total: 81735 ns
[2025-03-21T13:59:40.701+0000][7][safepoint   ] Safepoint "Cleanup", Time since last: 1000274673 ns, Reaching safepoint: 227133 ns, At safepoint: 9408 ns, Total: 236541 ns
[2025-03-21T13:59:42.703+0000][7][safepoint   ] Safepoint "Cleanup", Time since last: 2001615827 ns, Reaching safepoint: 139916 ns, At safepoint: 4609 ns, Total: 144525 ns
[2025-03-21T13:59:43.703+0000][7][safepoint   ] Safepoint "Cleanup", Time since last: 1000343914 ns, Reaching safepoint: 96764 ns, At safepoint: 3417 ns, Total: 100181 ns
[2025-03-21T13:59:45.705+0000][7][safepoint   ] Safepoint "Cleanup", Time since last: 2001921053 ns, Reaching safepoint: 117404 ns, At safepoint: 6552 ns, Total: 123956 ns
[2025-03-21T13:59:48.707+0000][7][safepoint   ] Safepoint "Cleanup", Time since last: 3002048915 ns, Reaching safepoint: 170886 ns, At safepoint: 4468 ns, Total: 175354 ns
[2025-03-21T13:59:49.709+0000][7][safepoint   ] Safepoint "Cleanup", Time since last: 1001857500 ns, Reaching safepoint: 116572 ns, At safepoint: 6001 ns, Total: 122573 ns
[2025-03-21T13:59:50.710+0000][7][safepoint   ] Safepoint "Cleanup", Time since last: 1000657611 ns, Reaching safepoint: 96544 ns, At safepoint: 3607 ns, Total: 100151 ns
[2025-03-21T13:59:51.711+0000][7][safepoint   ] Safepoint "Cleanup", Time since last: 1000489071 ns, Reaching safepoint: 108637 ns, At safepoint: 4358 ns, Total: 112995 ns
[2025-03-21T13:59:53.712+0000][7][safepoint   ] Safepoint "Cleanup", Time since last: 2001198143 ns, Reaching safepoint: 240789 ns, At safepoint: 3827 ns, Total: 244616 ns
[2025-03-21T13:59:54.713+0000][7][safepoint   ] Safepoint "Cleanup", Time since last: 1000933857 ns, Reaching safepoint: 180153 ns, At safepoint: 5461 ns, Total: 185614 ns
[2025-03-21T13:59:55.713+0000][7][safepoint   ] Safepoint "Cleanup", Time since last: 1000130825 ns, Reaching safepoint: 92496 ns, At safepoint: 3426 ns, Total: 95922 ns
[2025-03-21T13:59:56.714+0000][7][safepoint   ] Safepoint "Cleanup", Time since last: 1000606368 ns, Reaching safepoint: 153092 ns, At safepoint: 4729 ns, Total: 157821 ns
[2025-03-21T13:59:57.754+0000][7][safepoint   ] Safepoint "Cleanup", Time since last: 1001331963 ns, Reaching safepoint: 37988112 ns, At safepoint: 54153 ns, Total: 38042265 ns
[2025-03-21T13:59:58.755+0000][7][safepoint   ] Safepoint "Cleanup", Time since last: 1001074111 ns, Reaching safepoint: 145671 ns, At safepoint: 17423 ns, Total: 163094 ns
[2025-03-21T14:00:00.490+0000][7][gc,start    ] GC(32) Pause Young (Normal) (G1 Evacuation Pause)
[2025-03-21T14:00:00.490+0000][7][gc,task     ] GC(32) Using 8 workers of 8 for evacuation
[2025-03-21T14:00:00.490+0000][7][gc,age      ] GC(32) Desired survivor size 20971520 bytes, new threshold 15 (max threshold 15)
[2025-03-21T14:00:00.496+0000][7][gc,age      ] GC(32) Age table with threshold 15 (max threshold 15)
[2025-03-21T14:00:00.496+0000][7][gc,age      ] GC(32) - age   1:    1621296 bytes,    1621296 total
[2025-03-21T14:00:00.496+0000][7][gc,age      ] GC(32) - age   2:      30400 bytes,    1651696 total
[2025-03-21T14:00:00.496+0000][7][gc,age      ] GC(32) - age   3:       6688 bytes,    1658384 total
[2025-03-21T14:00:00.496+0000][7][gc,age      ] GC(32) - age   4:      27176 bytes,    1685560 total
[2025-03-21T14:00:00.496+0000][7][gc,age      ] GC(32) - age   5:      48944 bytes,    1734504 total
[2025-03-21T14:00:00.496+0000][7][gc,age      ] GC(32) - age   6:    1441416 bytes,    3175920 total
[2025-03-21T14:00:00.496+0000][7][gc,age      ] GC(32) - age   7:      34112 bytes,    3210032 total
[2025-03-21T14:00:00.496+0000][7][gc,age      ] GC(32) - age   8:      35080 bytes,    3245112 total
[2025-03-21T14:00:00.496+0000][7][gc,age      ] GC(32) - age   9:    1168848 bytes,    4413960 total
[2025-03-21T14:00:00.496+0000][7][gc,age      ] GC(32) - age  10:    2423360 bytes,    6837320 total
[2025-03-21T14:00:00.496+0000][7][gc,age      ] GC(32) - age  11:     825472 bytes,    7662792 total
[2025-03-21T14:00:00.496+0000][7][gc,age      ] GC(32) - age  12:    3239816 bytes,   10902608 total
[2025-03-21T14:00:00.496+0000][7][gc,phases   ] GC(32)   Pre Evacuate Collection Set: 0.1ms
[2025-03-21T14:00:00.496+0000][7][gc,phases   ] GC(32)   Merge Heap Roots: 0.1ms
[2025-03-21T14:00:00.496+0000][7][gc,phases   ] GC(32)   Evacuate Collection Set: 4.4ms
[2025-03-21T14:00:00.496+0000][7][gc,phases   ] GC(32)   Post Evacuate Collection Set: 1.2ms
[2025-03-21T14:00:00.496+0000][7][gc,phases   ] GC(32)   Other: 0.2ms
[2025-03-21T14:00:00.496+0000][7][gc,heap     ] GC(32) Eden regions: 70->0(70)
[2025-03-21T14:00:00.496+0000][7][gc,heap     ] GC(32) Survivor regions: 3->3(10)
[2025-03-21T14:00:00.496+0000][7][gc,heap     ] GC(32) Old regions: 25->25
[2025-03-21T14:00:00.496+0000][7][gc,heap     ] GC(32) Archive regions: 2->2
[2025-03-21T14:00:00.496+0000][7][gc,heap     ] GC(32) Humongous regions: 5->5
[2025-03-21T14:00:00.496+0000][7][gc,metaspace] GC(32) Metaspace: 118120K(119744K)->118120K(119744K) NonClass: 102693K(103616K)->102693K(103616K) Class: 15427K(16128K)->15427K(16128K)
[2025-03-21T14:00:00.496+0000][7][gc          ] GC(32) Pause Young (Normal) (G1 Evacuation Pause) 412M->133M(512M) 6.162ms
[2025-03-21T14:00:00.496+0000][7][gc,cpu      ] GC(32) User=0.02s Sys=0.01s Real=0.00s
[2025-03-21T14:00:00.496+0000][7][safepoint   ] Safepoint "G1CollectForAllocation", Time since last: 1735099003 ns, Reaching safepoint: 168968 ns, At safepoint: 6326229 ns, Total: 6495197 ns
[2025-03-21T14:00:01.498+0000][7][safepoint   ] Safepoint "Cleanup", Time since last: 1001135486 ns, Reaching safepoint: 132413 ns, At safepoint: 3667 ns, Total: 136080 ns
[2025-03-21T14:00:03.500+0000][7][safepoint   ] Safepoint "Cleanup", Time since last: 2001723773 ns, Reaching safepoint: 119788 ns, At safepoint: 3938 ns, Total: 123726 ns
[2025-03-21T14:00:04.500+0000][7][safepoint   ] Safepoint "Cleanup", Time since last: 1000777679 ns, Reaching safepoint: 110972 ns, At safepoint: 4899 ns, Total: 115871 ns
[2025-03-21T14:00:05.502+0000][7][safepoint   ] Safepoint "Cleanup", Time since last: 1000126843 ns, Reaching safepoint: 1064207 ns, At safepoint: 19818 ns, Total: 1084025 ns
[2025-03-21T14:00:07.503+0000][7][safepoint   ] Safepoint "Cleanup", Time since last: 2001498792 ns, Reaching safepoint: 140187 ns, At safepoint: 3887 ns, Total: 144074 ns
[2025-03-21T14:00:08.504+0000][7][safepoint   ] Safepoint "Cleanup", Time since last: 1000785208 ns, Reaching safepoint: 141119 ns, At safepoint: 3968 ns, Total: 145087 ns
[2025-03-21T14:00:10.505+0000][7][safepoint   ] Safepoint "Cleanup", Time since last: 2001178735 ns, Reaching safepoint: 85102 ns, At safepoint: 3276 ns, Total: 88378 ns
[2025-03-21T14:00:13.507+0000][7][safepoint   ] Safepoint "Cleanup", Time since last: 3001082709 ns, Reaching safepoint: 181105 ns, At safepoint: 5731 ns, Total: 186836 ns
[2025-03-21T14:00:16.509+0000][7][safepoint   ] Safepoint "Cleanup", Time since last: 3001966731 ns, Reaching safepoint: 187908 ns, At safepoint: 9748 ns, Total: 197656 ns
[2025-03-21T14:00:18.510+0000][7][safepoint   ] Safepoint "Cleanup", Time since last: 2001409684 ns, Reaching safepoint: 99720 ns, At safepoint: 3968 ns, Total: 103688 ns
[2025-03-21T14:00:19.511+0000][7][safepoint   ] Safepoint "Cleanup", Time since last: 1000334558 ns, Reaching safepoint: 139265 ns, At safepoint: 4449 ns, Total: 143714 ns
[2025-03-21T14:00:20.512+0000][7][safepoint   ] Safepoint "Cleanup", Time since last: 1000738011 ns, Reaching safepoint: 99760 ns, At safepoint: 4138 ns, Total: 103898 ns
[2025-03-21T14:00:22.513+0000][7][safepoint   ] Safepoint "Cleanup", Time since last: 2000664437 ns, Reaching safepoint: 129807 ns, At safepoint: 3978 ns, Total: 133785 ns
[2025-03-21T14:00:23.513+0000][7][safepoint   ] Safepoint "Cleanup", Time since last: 1000553449 ns, Reaching safepoint: 79171 ns, At safepoint: 3236 ns, Total: 82407 ns
[2025-03-21T14:00:25.515+0000][7][safepoint   ] Safepoint "Cleanup", Time since last: 2001334621 ns, Reaching safepoint: 91975 ns, At safepoint: 3888 ns, Total: 95863 ns
[2025-03-21T14:00:28.516+0000][7][safepoint   ] Safepoint "Cleanup", Time since last: 3001192350 ns, Reaching safepoint: 122975 ns, At safepoint: 3396 ns, Total: 126371 ns
[2025-03-21T14:00:31.517+0000][7][safepoint   ] Safepoint "Cleanup", Time since last: 3001200974 ns, Reaching safepoint: 148583 ns, At safepoint: 4428 ns, Total: 153011 ns
[2025-03-21T14:00:33.519+0000][7][safepoint   ] Safepoint "Cleanup", Time since last: 2001474183 ns, Reaching safepoint: 174051 ns, At safepoint: 4228 ns, Total: 178279 ns
[2025-03-21T14:00:34.519+0000][7][safepoint   ] Safepoint "Cleanup", Time since last: 1000478703 ns, Reaching safepoint: 82878 ns, At safepoint: 3507 ns, Total: 86385 ns
[2025-03-21T14:00:35.520+0000][7][safepoint   ] Safepoint "Cleanup", Time since last: 1000316883 ns, Reaching safepoint: 92225 ns, At safepoint: 3938 ns, Total: 96163 ns
[2025-03-21T14:00:37.521+0000][7][safepoint   ] Safepoint "Cleanup", Time since last: 2001399086 ns, Reaching safepoint: 108707 ns, At safepoint: 4128 ns, Total: 112835 ns
[2025-03-21T14:00:38.522+0000][7][safepoint   ] Safepoint "Cleanup", Time since last: 1000348554 ns, Reaching safepoint: 105591 ns, At safepoint: 5741 ns, Total: 111332 ns
[2025-03-21T14:00:40.524+0000][7][safepoint   ] Safepoint "Cleanup", Time since last: 2002315876 ns, Reaching safepoint: 77838 ns, At safepoint: 4699 ns, Total: 82537 ns
[2025-03-21T14:00:42.526+0000][7][safepoint   ] Safepoint "Cleanup", Time since last: 2002033567 ns, Reaching safepoint: 109088 ns, At safepoint: 6182 ns, Total: 115270 ns
[2025-03-21T14:00:43.527+0000][7][safepoint   ] Safepoint "Cleanup", Time since last: 1000424376 ns, Reaching safepoint: 164603 ns, At safepoint: 4539 ns, Total: 169142 ns
[2025-03-21T14:00:46.528+0000][7][safepoint   ] Safepoint "Cleanup", Time since last: 3001352046 ns, Reaching safepoint: 130969 ns, At safepoint: 6022 ns, Total: 136991 ns
[2025-03-21T14:00:48.529+0000][7][safepoint   ] Safepoint "Cleanup", Time since last: 2000776759 ns, Reaching safepoint: 110250 ns, At safepoint: 3096 ns, Total: 113346 ns
[2025-03-21T14:00:49.531+0000][7][safepoint   ] Safepoint "Cleanup", Time since last: 1000977702 ns, Reaching safepoint: 1055069 ns, At safepoint: 17223 ns, Total: 1072292 ns
[2025-03-21T14:00:50.532+0000][7][safepoint   ] Safepoint "Cleanup", Time since last: 1000920582 ns, Reaching safepoint: 127083 ns, At safepoint: 5821 ns, Total: 132904 ns
[2025-03-21T14:00:52.534+0000][7][safepoint   ] Safepoint "Cleanup", Time since last: 2001173144 ns, Reaching safepoint: 119558 ns, At safepoint: 8055 ns, Total: 127613 ns
[2025-03-21T14:00:53.534+0000][7][safepoint   ] Safepoint "Cleanup", Time since last: 1000516093 ns, Reaching safepoint: 101944 ns, At safepoint: 4128 ns, Total: 106072 ns
[2025-03-21T14:00:55.536+0000][7][safepoint   ] Safepoint "Cleanup", Time since last: 2001191519 ns, Reaching safepoint: 120850 ns, At safepoint: 4629 ns, Total: 125479 ns
[2025-03-21T14:00:57.537+0000][7][safepoint   ] Safepoint "Cleanup", Time since last: 2000892530 ns, Reaching safepoint: 131761 ns, At safepoint: 3527 ns, Total: 135288 ns
[2025-03-21T14:00:58.538+0000][7][safepoint   ] Safepoint "Cleanup", Time since last: 1000642023 ns, Reaching safepoint: 99340 ns, At safepoint: 3396 ns, Total: 102736 ns
[2025-03-21T14:01:00.653+0000][7][gc,start    ] GC(33) Pause Young (Normal) (G1 Evacuation Pause)
[2025-03-21T14:01:00.653+0000][7][gc,task     ] GC(33) Using 8 workers of 8 for evacuation
[2025-03-21T14:01:00.653+0000][7][gc,age      ] GC(33) Desired survivor size 20971520 bytes, new threshold 15 (max threshold 15)
[2025-03-21T14:01:00.660+0000][7][gc,age      ] GC(33) Age table with threshold 15 (max threshold 15)
[2025-03-21T14:01:00.660+0000][7][gc,age      ] GC(33) - age   1:    2259456 bytes,    2259456 total
[2025-03-21T14:01:00.660+0000][7][gc,age      ] GC(33) - age   2:     586352 bytes,    2845808 total
[2025-03-21T14:01:00.660+0000][7][gc,age      ] GC(33) - age   3:      29176 bytes,    2874984 total
[2025-03-21T14:01:00.660+0000][7][gc,age      ] GC(33) - age   4:       6432 bytes,    2881416 total
[2025-03-21T14:01:00.660+0000][7][gc,age      ] GC(33) - age   5:      27016 bytes,    2908432 total
[2025-03-21T14:01:00.660+0000][7][gc,age      ] GC(33) - age   6:      42200 bytes,    2950632 total
[2025-03-21T14:01:00.660+0000][7][gc,age      ] GC(33) - age   7:    1440640 bytes,    4391272 total
[2025-03-21T14:01:00.660+0000][7][gc,age      ] GC(33) - age   8:      34112 bytes,    4425384 total
[2025-03-21T14:01:00.660+0000][7][gc,age      ] GC(33) - age   9:      35080 bytes,    4460464 total
[2025-03-21T14:01:00.660+0000][7][gc,age      ] GC(33) - age  10:    1168848 bytes,    5629312 total
[2025-03-21T14:01:00.660+0000][7][gc,age      ] GC(33) - age  11:    2423360 bytes,    8052672 total
[2025-03-21T14:01:00.660+0000][7][gc,age      ] GC(33) - age  12:     825472 bytes,    8878144 total
[2025-03-21T14:01:00.660+0000][7][gc,age      ] GC(33) - age  13:    3239816 bytes,   12117960 total
[2025-03-21T14:01:00.660+0000][7][gc,phases   ] GC(33)   Pre Evacuate Collection Set: 0.1ms
[2025-03-21T14:01:00.660+0000][7][gc,phases   ] GC(33)   Merge Heap Roots: 0.1ms
[2025-03-21T14:01:00.660+0000][7][gc,phases   ] GC(33)   Evacuate Collection Set: 5.3ms
[2025-03-21T14:01:00.660+0000][7][gc,phases   ] GC(33)   Post Evacuate Collection Set: 1.2ms
[2025-03-21T14:01:00.660+0000][7][gc,phases   ] GC(33)   Other: 0.3ms
[2025-03-21T14:01:00.660+0000][7][gc,heap     ] GC(33) Eden regions: 70->0(68)
[2025-03-21T14:01:00.660+0000][7][gc,heap     ] GC(33) Survivor regions: 3->4(10)
[2025-03-21T14:01:00.660+0000][7][gc,heap     ] GC(33) Old regions: 25->25
[2025-03-21T14:01:00.660+0000][7][gc,heap     ] GC(33) Archive regions: 2->2
[2025-03-21T14:01:00.660+0000][7][gc,heap     ] GC(33) Humongous regions: 5->5
[2025-03-21T14:01:00.660+0000][7][gc,metaspace] GC(33) Metaspace: 118209K(119808K)->118209K(119808K) NonClass: 102782K(103680K)->102782K(103680K) Class: 15427K(16128K)->15427K(16128K)
[2025-03-21T14:01:00.660+0000][7][gc          ] GC(33) Pause Young (Normal) (G1 Evacuation Pause) 412M->134M(512M) 7.120ms
[2025-03-21T14:01:00.660+0000][7][gc,cpu      ] GC(33) User=0.03s Sys=0.00s Real=0.01s
[2025-03-21T14:01:00.660+0000][7][safepoint   ] Safepoint "G1CollectForAllocation", Time since last: 2115490088 ns, Reaching safepoint: 114798 ns, At safepoint: 7229838 ns, Total: 7344636 ns
[2025-03-21T14:01:01.661+0000][7][safepoint   ] Safepoint "Cleanup", Time since last: 1000902678 ns, Reaching safepoint: 166067 ns, At safepoint: 4729 ns, Total: 170796 ns
[2025-03-21T14:01:02.662+0000][7][safepoint   ] Safepoint "Cleanup", Time since last: 1000571740 ns, Reaching safepoint: 134075 ns, At safepoint: 8997 ns, Total: 143072 ns
[2025-03-21T14:01:03.663+0000][7][safepoint   ] Safepoint "Cleanup", Time since last: 1000646620 ns, Reaching safepoint: 200372 ns, At safepoint: 6803 ns, Total: 207175 ns
[2025-03-21T14:01:05.665+0000][7][safepoint   ] Safepoint "Cleanup", Time since last: 2002074713 ns, Reaching safepoint: 73010 ns, At safepoint: 3576 ns, Total: 76586 ns
[2025-03-21T14:01:06.666+0000][7][safepoint   ] Safepoint "Cleanup", Time since last: 1000968083 ns, Reaching safepoint: 152240 ns, At safepoint: 5791 ns, Total: 158031 ns
[2025-03-21T14:01:07.667+0000][7][safepoint   ] Safepoint "Cleanup", Time since last: 1000147189 ns, Reaching safepoint: 166687 ns, At safepoint: 7925 ns, Total: 174612 ns
[2025-03-21T14:01:08.667+0000][7][safepoint   ] Safepoint "Cleanup", Time since last: 1000381596 ns, Reaching safepoint: 83910 ns, At safepoint: 3817 ns, Total: 87727 ns
[2025-03-21T14:01:09.668+0000][7][safepoint   ] Safepoint "Cleanup", Time since last: 1000763365 ns, Reaching safepoint: 85493 ns, At safepoint: 3807 ns, Total: 89300 ns
[2025-03-21T14:01:10.669+0000][7][safepoint   ] Safepoint "Cleanup", Time since last: 1001002108 ns, Reaching safepoint: 104589 ns, At safepoint: 4228 ns, Total: 108817 ns
[2025-03-21T14:01:11.670+0000][7][safepoint   ] Safepoint "Cleanup", Time since last: 1000643248 ns, Reaching safepoint: 103497 ns, At safepoint: 3948 ns, Total: 107445 ns
[2025-03-21T14:01:12.672+0000][7][safepoint   ] Safepoint "Cleanup", Time since last: 1000833598 ns, Reaching safepoint: 1102058 ns, At safepoint: 6843 ns, Total: 1108901 ns
[2025-03-21T14:01:13.672+0000][7][safepoint   ] Safepoint "Cleanup", Time since last: 1000452001 ns, Reaching safepoint: 139175 ns, At safepoint: 4078 ns, Total: 143253 ns
[2025-03-21T14:01:15.674+0000][7][safepoint   ] Safepoint "Cleanup", Time since last: 2001453508 ns, Reaching safepoint: 95322 ns, At safepoint: 3988 ns, Total: 99310 ns
[2025-03-21T14:01:18.676+0000][7][safepoint   ] Safepoint "Cleanup", Time since last: 3002441789 ns, Reaching safepoint: 125158 ns, At safepoint: 16191 ns, Total: 141349 ns
[2025-03-21T14:01:19.677+0000][7][safepoint   ] Safepoint "Cleanup", Time since last: 1000923501 ns, Reaching safepoint: 88669 ns, At safepoint: 3707 ns, Total: 92376 ns
[2025-03-21T14:01:20.679+0000][7][safepoint   ] Safepoint "Cleanup", Time since last: 1001064948 ns, Reaching safepoint: 87596 ns, At safepoint: 3898 ns, Total: 91494 ns
[2025-03-21T14:01:21.680+0000][7][safepoint   ] Safepoint "Cleanup", Time since last: 1001013370 ns, Reaching safepoint: 83750 ns, At safepoint: 3446 ns, Total: 87196 ns
[2025-03-21T14:01:23.681+0000][7][safepoint   ] Safepoint "Cleanup", Time since last: 2001594315 ns, Reaching safepoint: 94670 ns, At safepoint: 3257 ns, Total: 97927 ns
[2025-03-21T14:01:24.682+0000][7][safepoint   ] Safepoint "Cleanup", Time since last: 1000186287 ns, Reaching safepoint: 95111 ns, At safepoint: 5210 ns, Total: 100321 ns
[2025-03-21T14:01:25.682+0000][7][safepoint   ] Safepoint "Cleanup", Time since last: 1000702847 ns, Reaching safepoint: 98637 ns, At safepoint: 3948 ns, Total: 102585 ns
[2025-03-21T14:01:27.684+0000][7][safepoint   ] Safepoint "Cleanup", Time since last: 2001568529 ns, Reaching safepoint: 87187 ns, At safepoint: 4157 ns, Total: 91344 ns
[2025-03-21T14:01:28.685+0000][7][safepoint   ] Safepoint "Cleanup", Time since last: 1000673643 ns, Reaching safepoint: 134586 ns, At safepoint: 4208 ns, Total: 138794 ns
[2025-03-21T14:01:30.686+0000][7][safepoint   ] Safepoint "Cleanup", Time since last: 2000861088 ns, Reaching safepoint: 115680 ns, At safepoint: 4128 ns, Total: 119808 ns
[2025-03-21T14:01:31.687+0000][7][safepoint   ] Safepoint "Cleanup", Time since last: 1000969310 ns, Reaching safepoint: 80563 ns, At safepoint: 3507 ns, Total: 84070 ns
[2025-03-21T14:01:33.688+0000][7][safepoint   ] Safepoint "Cleanup", Time since last: 2000626644 ns, Reaching safepoint: 80904 ns, At safepoint: 3627 ns, Total: 84531 ns
[2025-03-21T14:01:35.690+0000][7][safepoint   ] Safepoint "Cleanup", Time since last: 2001824251 ns, Reaching safepoint: 74061 ns, At safepoint: 3456 ns, Total: 77517 ns
[2025-03-21T14:01:36.690+0000][7][safepoint   ] Safepoint "Cleanup", Time since last: 1000767914 ns, Reaching safepoint: 100472 ns, At safepoint: 4588 ns, Total: 105060 ns
[2025-03-21T14:01:37.692+0000][7][safepoint   ] Safepoint "Cleanup", Time since last: 1001080449 ns, Reaching safepoint: 97786 ns, At safepoint: 5401 ns, Total: 103187 ns
[2025-03-21T14:01:38.692+0000][7][safepoint   ] Safepoint "Cleanup", Time since last: 1000569376 ns, Reaching safepoint: 102054 ns, At safepoint: 4218 ns, Total: 106272 ns
[2025-03-21T14:01:39.693+0000][7][safepoint   ] Safepoint "Cleanup", Time since last: 1000459145 ns, Reaching safepoint: 89180 ns, At safepoint: 3777 ns, Total: 92957 ns
[2025-03-21T14:01:40.693+0000][7][safepoint   ] Safepoint "Cleanup", Time since last: 1000192807 ns, Reaching safepoint: 80974 ns, At safepoint: 3136 ns, Total: 84110 ns
[2025-03-21T14:01:42.694+0000][7][safepoint   ] Safepoint "Cleanup", Time since last: 2000389740 ns, Reaching safepoint: 141369 ns, At safepoint: 6553 ns, Total: 147922 ns
[2025-03-21T14:01:43.695+0000][7][safepoint   ] Safepoint "Cleanup", Time since last: 1000761110 ns, Reaching safepoint: 118386 ns, At safepoint: 4278 ns, Total: 122664 ns
[2025-03-21T14:01:45.696+0000][7][safepoint   ] Safepoint "Cleanup", Time since last: 2001434039 ns, Reaching safepoint: 84301 ns, At safepoint: 17443 ns, Total: 101744 ns
[2025-03-21T14:01:46.697+0000][7][safepoint   ] Safepoint "Cleanup", Time since last: 1000202525 ns, Reaching safepoint: 164694 ns, At safepoint: 5450 ns, Total: 170144 ns
[2025-03-21T14:01:48.698+0000][7][safepoint   ] Safepoint "Cleanup", Time since last: 2001610750 ns, Reaching safepoint: 101403 ns, At safepoint: 3607 ns, Total: 105010 ns
[2025-03-21T14:01:49.699+0000][7][safepoint   ] Safepoint "Cleanup", Time since last: 1001034345 ns, Reaching safepoint: 188659 ns, At safepoint: 7324 ns, Total: 195983 ns
[2025-03-21T14:01:50.701+0000][7][safepoint   ] Safepoint "Cleanup", Time since last: 1001133843 ns, Reaching safepoint: 138133 ns, At safepoint: 6032 ns, Total: 144165 ns
[2025-03-21T14:01:51.701+0000][7][safepoint   ] Safepoint "Cleanup", Time since last: 1000639737 ns, Reaching safepoint: 82887 ns, At safepoint: 3217 ns, Total: 86104 ns
[2025-03-21T14:01:53.703+0000][7][safepoint   ] Safepoint "Cleanup", Time since last: 2001359989 ns, Reaching safepoint: 103353 ns, At safepoint: 7084 ns, Total: 110437 ns
[2025-03-21T14:01:54.704+0000][7][safepoint   ] Safepoint "Cleanup", Time since last: 1000874097 ns, Reaching safepoint: 126901 ns, At safepoint: 3958 ns, Total: 130859 ns
[2025-03-21T14:01:55.612+0000][7][gc,start    ] GC(34) Pause Young (Normal) (G1 Evacuation Pause)
[2025-03-21T14:01:55.612+0000][7][gc,task     ] GC(34) Using 8 workers of 8 for evacuation
[2025-03-21T14:01:55.612+0000][7][gc,age      ] GC(34) Desired survivor size 18874368 bytes, new threshold 15 (max threshold 15)
[2025-03-21T14:01:55.618+0000][7][gc,age      ] GC(34) Age table with threshold 15 (max threshold 15)
[2025-03-21T14:01:55.618+0000][7][gc,age      ] GC(34) - age   1:    1392368 bytes,    1392368 total
[2025-03-21T14:01:55.618+0000][7][gc,age      ] GC(34) - age   2:      22760 bytes,    1415128 total
[2025-03-21T14:01:55.618+0000][7][gc,age      ] GC(34) - age   3:     185368 bytes,    1600496 total
[2025-03-21T14:01:55.618+0000][7][gc,age      ] GC(34) - age   4:      28984 bytes,    1629480 total
[2025-03-21T14:01:55.618+0000][7][gc,age      ] GC(34) - age   5:       6344 bytes,    1635824 total
[2025-03-21T14:01:55.618+0000][7][gc,age      ] GC(34) - age   6:      25408 bytes,    1661232 total
[2025-03-21T14:01:55.618+0000][7][gc,age      ] GC(34) - age   7:      42064 bytes,    1703296 total
[2025-03-21T14:01:55.618+0000][7][gc,age      ] GC(34) - age   8:    1111176 bytes,    2814472 total
[2025-03-21T14:01:55.618+0000][7][gc,age      ] GC(34) - age   9:      34112 bytes,    2848584 total
[2025-03-21T14:01:55.618+0000][7][gc,age      ] GC(34) - age  10:      35080 bytes,    2883664 total
[2025-03-21T14:01:55.618+0000][7][gc,age      ] GC(34) - age  11:     686056 bytes,    3569720 total
[2025-03-21T14:01:55.618+0000][7][gc,age      ] GC(34) - age  12:    2172776 bytes,    5742496 total
[2025-03-21T14:01:55.618+0000][7][gc,age      ] GC(34) - age  13:     825280 bytes,    6567776 total
[2025-03-21T14:01:55.618+0000][7][gc,age      ] GC(34) - age  14:    3239544 bytes,    9807320 total
[2025-03-21T14:01:55.618+0000][7][gc,phases   ] GC(34)   Pre Evacuate Collection Set: 0.1ms
[2025-03-21T14:01:55.618+0000][7][gc,phases   ] GC(34)   Merge Heap Roots: 0.0ms
[2025-03-21T14:01:55.618+0000][7][gc,phases   ] GC(34)   Evacuate Collection Set: 3.8ms
[2025-03-21T14:01:55.618+0000][7][gc,phases   ] GC(34)   Post Evacuate Collection Set: 1.7ms
[2025-03-21T14:01:55.618+0000][7][gc,phases   ] GC(34)   Other: 0.2ms
[2025-03-21T14:01:55.618+0000][7][gc,heap     ] GC(34) Eden regions: 68->0(70)
[2025-03-21T14:01:55.618+0000][7][gc,heap     ] GC(34) Survivor regions: 4->3(9)
[2025-03-21T14:01:55.618+0000][7][gc,heap     ] GC(34) Old regions: 25->25
[2025-03-21T14:01:55.618+0000][7][gc,heap     ] GC(34) Archive regions: 2->2
[2025-03-21T14:01:55.618+0000][7][gc,heap     ] GC(34) Humongous regions: 5->5
[2025-03-21T14:01:55.618+0000][7][gc,metaspace] GC(34) Metaspace: 118277K(119872K)->118277K(119872K) NonClass: 102849K(103744K)->102849K(103744K) Class: 15427K(16128K)->15427K(16128K)
[2025-03-21T14:01:55.618+0000][7][gc          ] GC(34) Pause Young (Normal) (G1 Evacuation Pause) 405M->132M(512M) 5.927ms
[2025-03-21T14:01:55.618+0000][7][gc,cpu      ] GC(34) User=0.02s Sys=0.00s Real=0.00s
[2025-03-21T14:01:55.618+0000][7][safepoint   ] Safepoint "G1CollectForAllocation", Time since last: 907940854 ns, Reaching safepoint: 111573 ns, At safepoint: 6053818 ns, Total: 6165391 ns
[2025-03-21T14:01:57.620+0000][7][safepoint   ] Safepoint "Cleanup", Time since last: 2001325568 ns, Reaching safepoint: 146459 ns, At safepoint: 5971 ns, Total: 152430 ns
[2025-03-21T14:01:58.620+0000][7][safepoint   ] Safepoint "Cleanup", Time since last: 1000313756 ns, Reaching safepoint: 111252 ns, At safepoint: 10640 ns, Total: 121892 ns
[2025-03-21T14:02:01.622+0000][7][safepoint   ] Safepoint "Cleanup", Time since last: 3001618582 ns, Reaching safepoint: 157289 ns, At safepoint: 4098 ns, Total: 161387 ns
[2025-03-21T14:02:03.623+0000][7][safepoint   ] Safepoint "Cleanup", Time since last: 2001285835 ns, Reaching safepoint: 97145 ns, At safepoint: 4318 ns, Total: 101463 ns
[2025-03-21T14:02:04.624+0000][7][safepoint   ] Safepoint "Cleanup", Time since last: 1000469128 ns, Reaching safepoint: 145778 ns, At safepoint: 10760 ns, Total: 156538 ns
[2025-03-21T14:02:05.624+0000][7][safepoint   ] Safepoint "Cleanup", Time since last: 1000484077 ns, Reaching safepoint: 138003 ns, At safepoint: 7074 ns, Total: 145077 ns
[2025-03-21T14:02:07.625+0000][7][safepoint   ] Safepoint "Cleanup", Time since last: 2000996854 ns, Reaching safepoint: 102515 ns, At safepoint: 5882 ns, Total: 108397 ns
[2025-03-21T14:02:08.626+0000][7][safepoint   ] Safepoint "Cleanup", Time since last: 1000547830 ns, Reaching safepoint: 80814 ns, At safepoint: 3587 ns, Total: 84401 ns
[2025-03-21T14:02:10.628+0000][7][safepoint   ] Safepoint "Cleanup", Time since last: 2001500288 ns, Reaching safepoint: 150186 ns, At safepoint: 3928 ns, Total: 154114 ns
[2025-03-21T14:02:13.629+0000][7][safepoint   ] Safepoint "Cleanup", Time since last: 3001505047 ns, Reaching safepoint: 87216 ns, At safepoint: 3677 ns, Total: 90893 ns
[2025-03-21T14:02:14.631+0000][7][safepoint   ] Safepoint "Cleanup", Time since last: 1001018911 ns, Reaching safepoint: 176746 ns, At safepoint: 13376 ns, Total: 190122 ns
[2025-03-21T14:02:16.632+0000][7][safepoint   ] Safepoint "Cleanup", Time since last: 2000975979 ns, Reaching safepoint: 132121 ns, At safepoint: 6152 ns, Total: 138273 ns
[2025-03-21T14:02:18.633+0000][7][safepoint   ] Safepoint "Cleanup", Time since last: 2001600588 ns, Reaching safepoint: 160596 ns, At safepoint: 5901 ns, Total: 166497 ns
[2025-03-21T14:02:19.634+0000][7][safepoint   ] Safepoint "Cleanup", Time since last: 1000432862 ns, Reaching safepoint: 167439 ns, At safepoint: 10229 ns, Total: 177668 ns
[2025-03-21T14:02:20.635+0000][7][safepoint   ] Safepoint "Cleanup", Time since last: 1000492849 ns, Reaching safepoint: 98908 ns, At safepoint: 3808 ns, Total: 102716 ns
[2025-03-21T14:02:22.636+0000][7][safepoint   ] Safepoint "Cleanup", Time since last: 2001001179 ns, Reaching safepoint: 122763 ns, At safepoint: 4299 ns, Total: 127062 ns
[2025-03-21T14:02:23.637+0000][7][safepoint   ] Safepoint "Cleanup", Time since last: 1001128226 ns, Reaching safepoint: 134486 ns, At safepoint: 4158 ns, Total: 138644 ns
[2025-03-21T14:02:25.639+0000][7][safepoint   ] Safepoint "Cleanup", Time since last: 2001552686 ns, Reaching safepoint: 157470 ns, At safepoint: 4278 ns, Total: 161748 ns
[2025-03-21T14:02:26.639+0000][7][safepoint   ] Safepoint "Cleanup", Time since last: 1000506847 ns, Reaching safepoint: 86815 ns, At safepoint: 3056 ns, Total: 89871 ns
[2025-03-21T14:02:28.641+0000][7][safepoint   ] Safepoint "Cleanup", Time since last: 2001769463 ns, Reaching safepoint: 90913 ns, At safepoint: 3526 ns, Total: 94439 ns
[2025-03-21T14:02:31.643+0000][7][safepoint   ] Safepoint "Cleanup", Time since last: 3001998066 ns, Reaching safepoint: 135107 ns, At safepoint: 4198 ns, Total: 139305 ns
[2025-03-21T14:02:33.645+0000][7][safepoint   ] Safepoint "Cleanup", Time since last: 2001377854 ns, Reaching safepoint: 101212 ns, At safepoint: 4178 ns, Total: 105390 ns
[2025-03-21T14:02:34.646+0000][7][safepoint   ] Safepoint "Cleanup", Time since last: 1000878012 ns, Reaching safepoint: 114197 ns, At safepoint: 7715 ns, Total: 121912 ns
[2025-03-21T14:02:35.647+0000][7][safepoint   ] Safepoint "Cleanup", Time since last: 1001007557 ns, Reaching safepoint: 94550 ns, At safepoint: 3708 ns, Total: 98258 ns
[2025-03-21T14:02:37.648+0000][7][safepoint   ] Safepoint "Cleanup", Time since last: 2001131906 ns, Reaching safepoint: 130549 ns, At safepoint: 4408 ns, Total: 134957 ns
[2025-03-21T14:02:38.650+0000][7][safepoint   ] Safepoint "Cleanup", Time since last: 1001152954 ns, Reaching safepoint: 199510 ns, At safepoint: 7173 ns, Total: 206683 ns
[2025-03-21T14:02:40.650+0000][7][safepoint   ] Safepoint "Cleanup", Time since last: 2000744907 ns, Reaching safepoint: 131370 ns, At safepoint: 6983 ns, Total: 138353 ns
[2025-03-21T14:02:42.652+0000][7][safepoint   ] Safepoint "Cleanup", Time since last: 2001024226 ns, Reaching safepoint: 126491 ns, At safepoint: 4799 ns, Total: 131290 ns
[2025-03-21T14:02:43.652+0000][7][safepoint   ] Safepoint "Cleanup", Time since last: 1000711135 ns, Reaching safepoint: 65785 ns, At safepoint: 3727 ns, Total: 69512 ns
[2025-03-21T14:02:46.655+0000][7][safepoint   ] Safepoint "Cleanup", Time since last: 3002397134 ns, Reaching safepoint: 121872 ns, At safepoint: 4128 ns, Total: 126000 ns
[2025-03-21T14:02:48.656+0000][7][safepoint   ] Safepoint "Cleanup", Time since last: 2000866369 ns, Reaching safepoint: 116893 ns, At safepoint: 5751 ns, Total: 122644 ns
[2025-03-21T14:02:49.656+0000][7][safepoint   ] Safepoint "Cleanup", Time since last: 1000261609 ns, Reaching safepoint: 92336 ns, At safepoint: 4017 ns, Total: 96353 ns
[2025-03-21T14:02:50.657+0000][7][safepoint   ] Safepoint "Cleanup", Time since last: 1000378150 ns, Reaching safepoint: 96534 ns, At safepoint: 6983 ns, Total: 103517 ns
[2025-03-21T14:02:52.658+0000][7][safepoint   ] Safepoint "Cleanup", Time since last: 2001537607 ns, Reaching safepoint: 97696 ns, At safepoint: 4128 ns, Total: 101824 ns
[2025-03-21T14:02:53.659+0000][7][safepoint   ] Safepoint "Cleanup", Time since last: 1000593672 ns, Reaching safepoint: 104288 ns, At safepoint: 3467 ns, Total: 107755 ns
[2025-03-21T14:02:54.685+0000][7][safepoint   ] Safepoint "Cleanup", Time since last: 1025531875 ns, Reaching safepoint: 285824 ns, At safepoint: 23495 ns, Total: 309319 ns
[2025-03-21T14:02:55.685+0000][7][safepoint   ] Safepoint "Cleanup", Time since last: 1000228796 ns, Reaching safepoint: 140497 ns, At safepoint: 4489 ns, Total: 144986 ns
[2025-03-21T14:02:56.686+0000][7][safepoint   ] Safepoint "Cleanup", Time since last: 1000638765 ns, Reaching safepoint: 105712 ns, At safepoint: 3677 ns, Total: 109389 ns
[2025-03-21T14:02:57.361+0000][7][gc,start    ] GC(35) Pause Young (Normal) (G1 Evacuation Pause)
[2025-03-21T14:02:57.361+0000][7][gc,task     ] GC(35) Using 8 workers of 8 for evacuation
[2025-03-21T14:02:57.361+0000][7][gc,age      ] GC(35) Desired survivor size 20971520 bytes, new threshold 15 (max threshold 15)
[2025-03-21T14:02:57.367+0000][7][gc,age      ] GC(35) Age table with threshold 15 (max threshold 15)
[2025-03-21T14:02:57.367+0000][7][gc,age      ] GC(35) - age   1:    1922752 bytes,    1922752 total
[2025-03-21T14:02:57.367+0000][7][gc,age      ] GC(35) - age   2:     254696 bytes,    2177448 total
[2025-03-21T14:02:57.367+0000][7][gc,age      ] GC(35) - age   3:      18456 bytes,    2195904 total
[2025-03-21T14:02:57.367+0000][7][gc,age      ] GC(35) - age   4:     184760 bytes,    2380664 total
[2025-03-21T14:02:57.367+0000][7][gc,age      ] GC(35) - age   5:      28888 bytes,    2409552 total
[2025-03-21T14:02:57.367+0000][7][gc,age      ] GC(35) - age   6:       6344 bytes,    2415896 total
[2025-03-21T14:02:57.367+0000][7][gc,age      ] GC(35) - age   7:      25376 bytes,    2441272 total
[2025-03-21T14:02:57.367+0000][7][gc,age      ] GC(35) - age   8:      41672 bytes,    2482944 total
[2025-03-21T14:02:57.367+0000][7][gc,age      ] GC(35) - age   9:    1110240 bytes,    3593184 total
[2025-03-21T14:02:57.367+0000][7][gc,age      ] GC(35) - age  10:      34112 bytes,    3627296 total
[2025-03-21T14:02:57.367+0000][7][gc,age      ] GC(35) - age  11:      35080 bytes,    3662376 total
[2025-03-21T14:02:57.367+0000][7][gc,age      ] GC(35) - age  12:     685768 bytes,    4348144 total
[2025-03-21T14:02:57.367+0000][7][gc,age      ] GC(35) - age  13:    2172648 bytes,    6520792 total
[2025-03-21T14:02:57.367+0000][7][gc,age      ] GC(35) - age  14:     825280 bytes,    7346072 total
[2025-03-21T14:02:57.368+0000][7][gc,age      ] GC(35) - age  15:    3239544 bytes,   10585616 total
[2025-03-21T14:02:57.368+0000][7][gc,phases   ] GC(35)   Pre Evacuate Collection Set: 0.1ms
[2025-03-21T14:02:57.368+0000][7][gc,phases   ] GC(35)   Merge Heap Roots: 0.1ms
[2025-03-21T14:02:57.368+0000][7][gc,phases   ] GC(35)   Evacuate Collection Set: 4.6ms
[2025-03-21T14:02:57.368+0000][7][gc,phases   ] GC(35)   Post Evacuate Collection Set: 1.3ms
[2025-03-21T14:02:57.368+0000][7][gc,phases   ] GC(35)   Other: 0.2ms
[2025-03-21T14:02:57.368+0000][7][gc,heap     ] GC(35) Eden regions: 70->0(70)
[2025-03-21T14:02:57.368+0000][7][gc,heap     ] GC(35) Survivor regions: 3->3(10)
[2025-03-21T14:02:57.368+0000][7][gc,heap     ] GC(35) Old regions: 25->25
[2025-03-21T14:02:57.368+0000][7][gc,heap     ] GC(35) Archive regions: 2->2
[2025-03-21T14:02:57.368+0000][7][gc,heap     ] GC(35) Humongous regions: 5->5
[2025-03-21T14:02:57.368+0000][7][gc,metaspace] GC(35) Metaspace: 118398K(120000K)->118398K(120000K) NonClass: 102970K(103872K)->102970K(103872K) Class: 15428K(16128K)->15428K(16128K)
[2025-03-21T14:02:57.368+0000][7][gc          ] GC(35) Pause Young (Normal) (G1 Evacuation Pause) 412M->132M(512M) 6.416ms
[2025-03-21T14:02:57.368+0000][7][gc,cpu      ] GC(35) User=0.02s Sys=0.00s Real=0.00s
[2025-03-21T14:02:57.368+0000][7][safepoint   ] Safepoint "G1CollectForAllocation", Time since last: 675033211 ns, Reaching safepoint: 100832 ns, At safepoint: 6530828 ns, Total: 6631660 ns
[2025-03-21T14:02:58.369+0000][7][safepoint   ] Safepoint "Cleanup", Time since last: 1000681112 ns, Reaching safepoint: 165425 ns, At safepoint: 6322 ns, Total: 171747 ns
[2025-03-21T14:03:01.369+0000][7][safepoint   ] Safepoint "Cleanup", Time since last: 3000800758 ns, Reaching safepoint: 97977 ns, At safepoint: 3727 ns, Total: 101704 ns
[2025-03-21T14:03:03.370+0000][7][safepoint   ] Safepoint "Cleanup", Time since last: 2000916135 ns, Reaching safepoint: 93267 ns, At safepoint: 3858 ns, Total: 97125 ns
[2025-03-21T14:03:04.371+0000][7][safepoint   ] Safepoint "Cleanup", Time since last: 1000272669 ns, Reaching safepoint: 135378 ns, At safepoint: 6552 ns, Total: 141930 ns
[2025-03-21T14:03:05.371+0000][7][safepoint   ] Safepoint "Cleanup", Time since last: 1000427384 ns, Reaching safepoint: 94921 ns, At safepoint: 8175 ns, Total: 103096 ns
[2025-03-21T14:03:06.373+0000][7][safepoint   ] Safepoint "Cleanup", Time since last: 1001091699 ns, Reaching safepoint: 83699 ns, At safepoint: 3587 ns, Total: 87286 ns
[2025-03-21T14:03:07.673+0000][7][safepoint   ] Safepoint "Cleanup", Time since last: 1300463191 ns, Reaching safepoint: 107915 ns, At safepoint: 3677 ns, Total: 111592 ns
[2025-03-21T14:03:08.674+0000][7][safepoint   ] Safepoint "Cleanup", Time since last: 1000241730 ns, Reaching safepoint: 130368 ns, At safepoint: 5431 ns, Total: 135799 ns
[2025-03-21T14:03:09.674+0000][7][safepoint   ] Safepoint "Cleanup", Time since last: 1000705003 ns, Reaching safepoint: 79161 ns, At safepoint: 3626 ns, Total: 82787 ns
[2025-03-21T14:03:10.675+0000][7][safepoint   ] Safepoint "Cleanup", Time since last: 1000442039 ns, Reaching safepoint: 115921 ns, At safepoint: 4578 ns, Total: 120499 ns
[2025-03-21T14:03:12.676+0000][7][safepoint   ] Safepoint "Cleanup", Time since last: 2000615441 ns, Reaching safepoint: 55826 ns, At safepoint: 3727 ns, Total: 59553 ns
[2025-03-21T14:03:13.677+0000][7][safepoint   ] Safepoint "Cleanup", Time since last: 1001169238 ns, Reaching safepoint: 166507 ns, At safepoint: 8657 ns, Total: 175164 ns
[2025-03-21T14:03:14.678+0000][7][safepoint   ] Safepoint "Cleanup", Time since last: 1000515782 ns, Reaching safepoint: 110370 ns, At safepoint: 4078 ns, Total: 114448 ns
[2025-03-21T14:03:15.678+0000][7][safepoint   ] Safepoint "Cleanup", Time since last: 1000510973 ns, Reaching safepoint: 68050 ns, At safepoint: 4949 ns, Total: 72999 ns
[2025-03-21T14:03:17.679+0000][7][safepoint   ] Safepoint "Cleanup", Time since last: 2000556821 ns, Reaching safepoint: 77337 ns, At safepoint: 3156 ns, Total: 80493 ns
[2025-03-21T14:03:18.681+0000][7][safepoint   ] Safepoint "Cleanup", Time since last: 1000638014 ns, Reaching safepoint: 1214333 ns, At safepoint: 20579 ns, Total: 1234912 ns
[2025-03-21T14:03:19.682+0000][7][safepoint   ] Safepoint "Cleanup", Time since last: 1001102160 ns, Reaching safepoint: 166647 ns, At safepoint: 6202 ns, Total: 172849 ns
[2025-03-21T14:03:20.682+0000][7][safepoint   ] Safepoint "Cleanup", Time since last: 1000131712 ns, Reaching safepoint: 71666 ns, At safepoint: 3226 ns, Total: 74892 ns
[2025-03-21T14:03:21.683+0000][7][safepoint   ] Safepoint "Cleanup", Time since last: 1000744443 ns, Reaching safepoint: 138534 ns, At safepoint: 5059 ns, Total: 143593 ns
[2025-03-21T14:03:23.685+0000][7][safepoint   ] Safepoint "Cleanup", Time since last: 2001702368 ns, Reaching safepoint: 82567 ns, At safepoint: 4198 ns, Total: 86765 ns
[2025-03-21T14:03:24.685+0000][7][safepoint   ] Safepoint "Cleanup", Time since last: 1000244806 ns, Reaching safepoint: 96013 ns, At safepoint: 14708 ns, Total: 110721 ns
[2025-03-21T14:03:25.686+0000][7][safepoint   ] Safepoint "Cleanup", Time since last: 1000540156 ns, Reaching safepoint: 102556 ns, At safepoint: 3386 ns, Total: 105942 ns
[2025-03-21T14:03:27.672+0000][7][safepoint   ] Safepoint "Cleanup", Time since last: 1985896361 ns, Reaching safepoint: 425408 ns, At safepoint: 18285 ns, Total: 443693 ns
[2025-03-21T14:03:28.672+0000][7][safepoint   ] Safepoint "Cleanup", Time since last: 1000104481 ns, Reaching safepoint: 61076 ns, At safepoint: 3757 ns, Total: 64833 ns
[2025-03-21T14:03:31.674+0000][7][safepoint   ] Safepoint "Cleanup", Time since last: 3001639419 ns, Reaching safepoint: 122411 ns, At safepoint: 6533 ns, Total: 128944 ns
[2025-03-21T14:03:32.674+0000][7][safepoint   ] Safepoint "Cleanup", Time since last: 1000275527 ns, Reaching safepoint: 105812 ns, At safepoint: 4588 ns, Total: 110400 ns
[2025-03-21T14:03:33.676+0000][7][safepoint   ] Safepoint "Cleanup", Time since last: 1001110401 ns, Reaching safepoint: 68750 ns, At safepoint: 3517 ns, Total: 72267 ns
[2025-03-21T14:03:34.676+0000][7][safepoint   ] Safepoint "Cleanup", Time since last: 1000269131 ns, Reaching safepoint: 111813 ns, At safepoint: 4909 ns, Total: 116722 ns
[2025-03-21T14:03:35.677+0000][7][safepoint   ] Safepoint "Cleanup", Time since last: 1000720682 ns, Reaching safepoint: 113897 ns, At safepoint: 5511 ns, Total: 119408 ns
[2025-03-21T14:03:37.678+0000][7][safepoint   ] Safepoint "Cleanup", Time since last: 2001274938 ns, Reaching safepoint: 120852 ns, At safepoint: 5811 ns, Total: 126663 ns
[2025-03-21T14:03:38.679+0000][7][safepoint   ] Safepoint "Cleanup", Time since last: 1000260199 ns, Reaching safepoint: 80714 ns, At safepoint: 3727 ns, Total: 84441 ns
[2025-03-21T14:03:39.679+0000][7][safepoint   ] Safepoint "Cleanup", Time since last: 1000176567 ns, Reaching safepoint: 80233 ns, At safepoint: 3346 ns, Total: 83579 ns
[2025-03-21T14:03:40.680+0000][7][safepoint   ] Safepoint "Cleanup", Time since last: 1000797652 ns, Reaching safepoint: 140868 ns, At safepoint: 4098 ns, Total: 144966 ns
[2025-03-21T14:03:43.681+0000][7][safepoint   ] Safepoint "Cleanup", Time since last: 3001365191 ns, Reaching safepoint: 72949 ns, At safepoint: 5300 ns, Total: 78249 ns
[2025-03-21T14:03:45.684+0000][7][safepoint   ] Safepoint "Cleanup", Time since last: 2002104506 ns, Reaching safepoint: 127493 ns, At safepoint: 3947 ns, Total: 131440 ns
[2025-03-21T14:03:47.685+0000][7][safepoint   ] Safepoint "Cleanup", Time since last: 2001436210 ns, Reaching safepoint: 82517 ns, At safepoint: 3907 ns, Total: 86424 ns
[2025-03-21T14:03:48.686+0000][7][safepoint   ] Safepoint "Cleanup", Time since last: 1000660722 ns, Reaching safepoint: 156999 ns, At safepoint: 23675 ns, Total: 180674 ns
[2025-03-21T14:03:49.687+0000][7][safepoint   ] Safepoint "Cleanup", Time since last: 1000665098 ns, Reaching safepoint: 79372 ns, At safepoint: 5390 ns, Total: 84762 ns
[2025-03-21T14:03:50.688+0000][7][safepoint   ] Safepoint "Cleanup", Time since last: 1001015312 ns, Reaching safepoint: 105541 ns, At safepoint: 4137 ns, Total: 109678 ns
[2025-03-21T14:03:51.688+0000][7][safepoint   ] Safepoint "Cleanup", Time since last: 1000516583 ns, Reaching safepoint: 135738 ns, At safepoint: 15450 ns, Total: 151188 ns
[2025-03-21T14:03:52.689+0000][7][safepoint   ] Safepoint "Cleanup", Time since last: 1000862570 ns, Reaching safepoint: 99049 ns, At safepoint: 2965 ns, Total: 102014 ns
[2025-03-21T14:03:53.691+0000][7][safepoint   ] Safepoint "Cleanup", Time since last: 1000970051 ns, Reaching safepoint: 1030322 ns, At safepoint: 5631 ns, Total: 1035953 ns
[2025-03-21T14:03:54.692+0000][7][safepoint   ] Safepoint "Cleanup", Time since last: 1000285636 ns, Reaching safepoint: 77939 ns, At safepoint: 3657 ns, Total: 81596 ns
[2025-03-21T14:03:54.700+0000][7][gc,start    ] GC(36) Pause Young (Normal) (G1 Evacuation Pause)
[2025-03-21T14:03:54.700+0000][7][gc,task     ] GC(36) Using 8 workers of 8 for evacuation
[2025-03-21T14:03:54.700+0000][7][gc,age      ] GC(36) Desired survivor size 20971520 bytes, new threshold 15 (max threshold 15)
[2025-03-21T14:03:54.706+0000][7][gc,age      ] GC(36) Age table with threshold 15 (max threshold 15)
[2025-03-21T14:03:54.706+0000][7][gc,age      ] GC(36) - age   1:    1419736 bytes,    1419736 total
[2025-03-21T14:03:54.706+0000][7][gc,age      ] GC(36) - age   2:       8824 bytes,    1428560 total
[2025-03-21T14:03:54.706+0000][7][gc,age      ] GC(36) - age   3:     252936 bytes,    1681496 total
[2025-03-21T14:03:54.706+0000][7][gc,age      ] GC(36) - age   4:      18328 bytes,    1699824 total
[2025-03-21T14:03:54.706+0000][7][gc,age      ] GC(36) - age   5:     184696 bytes,    1884520 total
[2025-03-21T14:03:54.706+0000][7][gc,age      ] GC(36) - age   6:      28824 bytes,    1913344 total
[2025-03-21T14:03:54.706+0000][7][gc,age      ] GC(36) - age   7:       6344 bytes,    1919688 total
[2025-03-21T14:03:54.706+0000][7][gc,age      ] GC(36) - age   8:      25376 bytes,    1945064 total
[2025-03-21T14:03:54.706+0000][7][gc,age      ] GC(36) - age   9:      41672 bytes,    1986736 total
[2025-03-21T14:03:54.706+0000][7][gc,age      ] GC(36) - age  10:    1110240 bytes,    3096976 total
[2025-03-21T14:03:54.706+0000][7][gc,age      ] GC(36) - age  11:      34112 bytes,    3131088 total
[2025-03-21T14:03:54.706+0000][7][gc,age      ] GC(36) - age  12:      35080 bytes,    3166168 total
[2025-03-21T14:03:54.706+0000][7][gc,age      ] GC(36) - age  13:     685768 bytes,    3851936 total
[2025-03-21T14:03:54.706+0000][7][gc,age      ] GC(36) - age  14:    2172648 bytes,    6024584 total
[2025-03-21T14:03:54.706+0000][7][gc,age      ] GC(36) - age  15:     825280 bytes,    6849864 total
[2025-03-21T14:03:54.706+0000][7][gc,phases   ] GC(36)   Pre Evacuate Collection Set: 0.2ms
[2025-03-21T14:03:54.707+0000][7][gc,phases   ] GC(36)   Merge Heap Roots: 0.2ms
[2025-03-21T14:03:54.707+0000][7][gc,phases   ] GC(36)   Evacuate Collection Set: 4.5ms
[2025-03-21T14:03:54.707+0000][7][gc,phases   ] GC(36)   Post Evacuate Collection Set: 1.4ms
[2025-03-21T14:03:54.707+0000][7][gc,phases   ] GC(36)   Other: 0.3ms
[2025-03-21T14:03:54.707+0000][7][gc,heap     ] GC(36) Eden regions: 70->0(71)
[2025-03-21T14:03:54.707+0000][7][gc,heap     ] GC(36) Survivor regions: 3->2(10)
[2025-03-21T14:03:54.707+0000][7][gc,heap     ] GC(36) Old regions: 25->26
[2025-03-21T14:03:54.707+0000][7][gc,heap     ] GC(36) Archive regions: 2->2
[2025-03-21T14:03:54.707+0000][7][gc,heap     ] GC(36) Humongous regions: 5->5
[2025-03-21T14:03:54.707+0000][7][gc,metaspace] GC(36) Metaspace: 118530K(120128K)->118530K(120128K) NonClass: 103100K(104000K)->103100K(104000K) Class: 15429K(16128K)->15429K(16128K)
[2025-03-21T14:03:54.707+0000][7][gc          ] GC(36) Pause Young (Normal) (G1 Evacuation Pause) 412M->132M(512M) 6.602ms
[2025-03-21T14:03:54.707+0000][7][gc,cpu      ] GC(36) User=0.02s Sys=0.00s Real=0.00s
[2025-03-21T14:03:54.707+0000][7][safepoint   ] Safepoint "G1CollectForAllocation", Time since last: 8080718 ns, Reaching safepoint: 82637 ns, At safepoint: 6686675 ns, Total: 6769312 ns
[2025-03-21T14:03:55.708+0000][7][safepoint   ] Safepoint "Cleanup", Time since last: 1000963466 ns, Reaching safepoint: 156458 ns, At safepoint: 4278 ns, Total: 160736 ns
[2025-03-21T14:03:57.709+0000][7][safepoint   ] Safepoint "Cleanup", Time since last: 2001518050 ns, Reaching safepoint: 162369 ns, At safepoint: 4849 ns, Total: 167218 ns
[2025-03-21T14:03:58.710+0000][7][safepoint   ] Safepoint "Cleanup", Time since last: 1000571820 ns, Reaching safepoint: 72578 ns, At safepoint: 3186 ns, Total: 75764 ns
[2025-03-21T14:04:00.711+0000][7][safepoint   ] Safepoint "Cleanup", Time since last: 2000833948 ns, Reaching safepoint: 137682 ns, At safepoint: 4899 ns, Total: 142581 ns
[2025-03-21T14:04:01.712+0000][7][safepoint   ] Safepoint "Cleanup", Time since last: 1000981697 ns, Reaching safepoint: 156087 ns, At safepoint: 6162 ns, Total: 162249 ns
[2025-03-21T14:04:03.713+0000][7][safepoint   ] Safepoint "Cleanup", Time since last: 2000693064 ns, Reaching safepoint: 147782 ns, At safepoint: 5510 ns, Total: 153292 ns
[2025-03-21T14:04:05.714+0000][7][safepoint   ] Safepoint "Cleanup", Time since last: 2001199674 ns, Reaching safepoint: 220320 ns, At safepoint: 6021 ns, Total: 226341 ns
[2025-03-21T14:04:06.717+0000][7][safepoint   ] Safepoint "Cleanup", Time since last: 1000987281 ns, Reaching safepoint: 1078492 ns, At safepoint: 21381 ns, Total: 1099873 ns
[2025-03-21T14:04:07.718+0000][7][safepoint   ] Safepoint "Cleanup", Time since last: 1000123405 ns, Reaching safepoint: 1355332 ns, At safepoint: 12003 ns, Total: 1367335 ns
[2025-03-21T14:04:08.719+0000][7][safepoint   ] Safepoint "Cleanup", Time since last: 1000923064 ns, Reaching safepoint: 117283 ns, At safepoint: 5601 ns, Total: 122884 ns
[2025-03-21T14:04:09.720+0000][7][safepoint   ] Safepoint "Cleanup", Time since last: 1001166694 ns, Reaching safepoint: 151127 ns, At safepoint: 5641 ns, Total: 156768 ns
[2025-03-21T14:04:10.721+0000][7][safepoint   ] Safepoint "Cleanup", Time since last: 1000850495 ns, Reaching safepoint: 146900 ns, At safepoint: 6272 ns, Total: 153172 ns
[2025-03-21T14:04:12.723+0000][7][safepoint   ] Safepoint "Cleanup", Time since last: 2001338638 ns, Reaching safepoint: 87036 ns, At safepoint: 3647 ns, Total: 90683 ns
[2025-03-21T14:04:13.724+0000][7][safepoint   ] Safepoint "Cleanup", Time since last: 1000797656 ns, Reaching safepoint: 156919 ns, At safepoint: 5490 ns, Total: 162409 ns
[2025-03-21T14:04:15.725+0000][7][safepoint   ] Safepoint "Cleanup", Time since last: 2001296419 ns, Reaching safepoint: 75624 ns, At safepoint: 2835 ns, Total: 78459 ns
[2025-03-21T14:04:18.727+0000][7][safepoint   ] Safepoint "Cleanup", Time since last: 3002044773 ns, Reaching safepoint: 73670 ns, At safepoint: 2916 ns, Total: 76586 ns
[2025-03-21T14:04:19.728+0000][7][safepoint   ] Safepoint "Cleanup", Time since last: 1000222293 ns, Reaching safepoint: 78740 ns, At safepoint: 3216 ns, Total: 81956 ns
[2025-03-21T14:04:20.728+0000][7][safepoint   ] Safepoint "Cleanup", Time since last: 1000225875 ns, Reaching safepoint: 86264 ns, At safepoint: 3026 ns, Total: 89290 ns
[2025-03-21T14:04:21.729+0000][7][safepoint   ] Safepoint "Cleanup", Time since last: 1000751873 ns, Reaching safepoint: 99029 ns, At safepoint: 3396 ns, Total: 102425 ns
[2025-03-21T14:04:23.731+0000][7][safepoint   ] Safepoint "Cleanup", Time since last: 2001705856 ns, Reaching safepoint: 59995 ns, At safepoint: 3827 ns, Total: 63822 ns
[2025-03-21T14:04:24.731+0000][7][safepoint   ] Safepoint "Cleanup", Time since last: 1000304110 ns, Reaching safepoint: 151659 ns, At safepoint: 4338 ns, Total: 155997 ns
[2025-03-21T14:04:25.732+0000][7][safepoint   ] Safepoint "Cleanup", Time since last: 1000714656 ns, Reaching safepoint: 115351 ns, At safepoint: 5842 ns, Total: 121193 ns
[2025-03-21T14:04:27.733+0000][7][safepoint   ] Safepoint "Cleanup", Time since last: 2000987670 ns, Reaching safepoint: 98568 ns, At safepoint: 5340 ns, Total: 103908 ns
[2025-03-21T14:04:28.734+0000][7][safepoint   ] Safepoint "Cleanup", Time since last: 1001045656 ns, Reaching safepoint: 91594 ns, At safepoint: 3347 ns, Total: 94941 ns
[2025-03-21T14:04:30.735+0000][7][safepoint   ] Safepoint "Cleanup", Time since last: 2001251232 ns, Reaching safepoint: 66026 ns, At safepoint: 2665 ns, Total: 68691 ns
[2025-03-21T14:04:31.736+0000][7][safepoint   ] Safepoint "Cleanup", Time since last: 1000398055 ns, Reaching safepoint: 75984 ns, At safepoint: 2856 ns, Total: 78840 ns
[2025-03-21T14:04:33.737+0000][7][safepoint   ] Safepoint "Cleanup", Time since last: 2000933421 ns, Reaching safepoint: 95061 ns, At safepoint: 3867 ns, Total: 98928 ns
[2025-03-21T14:04:35.738+0000][7][safepoint   ] Safepoint "Cleanup", Time since last: 2000807910 ns, Reaching safepoint: 79692 ns, At safepoint: 3176 ns, Total: 82868 ns
[2025-03-21T14:04:36.738+0000][7][safepoint   ] Safepoint "Cleanup", Time since last: 1000233828 ns, Reaching safepoint: 103497 ns, At safepoint: 3897 ns, Total: 107394 ns
[2025-03-21T14:04:37.739+0000][7][safepoint   ] Safepoint "Cleanup", Time since last: 1000761614 ns, Reaching safepoint: 104579 ns, At safepoint: 8927 ns, Total: 113506 ns
[2025-03-21T14:04:38.739+0000][7][safepoint   ] Safepoint "Cleanup", Time since last: 1000288951 ns, Reaching safepoint: 83489 ns, At safepoint: 3616 ns, Total: 87105 ns
[2025-03-21T14:04:39.740+0000][7][safepoint   ] Safepoint "Cleanup", Time since last: 1000405872 ns, Reaching safepoint: 137802 ns, At safepoint: 5110 ns, Total: 142912 ns
[2025-03-21T14:04:40.741+0000][7][safepoint   ] Safepoint "Cleanup", Time since last: 1000610063 ns, Reaching safepoint: 79160 ns, At safepoint: 3207 ns, Total: 82367 ns
[2025-03-21T14:04:42.742+0000][7][safepoint   ] Safepoint "Cleanup", Time since last: 2001191170 ns, Reaching safepoint: 434217 ns, At safepoint: 6432 ns, Total: 440649 ns
[2025-03-21T14:04:43.744+0000][7][safepoint   ] Safepoint "Cleanup", Time since last: 1001030873 ns, Reaching safepoint: 733828 ns, At safepoint: 6933 ns, Total: 740761 ns
[2025-03-21T14:04:45.745+0000][7][safepoint   ] Safepoint "Cleanup", Time since last: 2001021796 ns, Reaching safepoint: 92005 ns, At safepoint: 3527 ns, Total: 95532 ns
[2025-03-21T14:04:48.748+0000][7][safepoint   ] Safepoint "Cleanup", Time since last: 3002886186 ns, Reaching safepoint: 170565 ns, At safepoint: 5981 ns, Total: 176546 ns
[2025-03-21T14:04:49.749+0000][7][safepoint   ] Safepoint "Cleanup", Time since last: 1000728475 ns, Reaching safepoint: 103718 ns, At safepoint: 4308 ns, Total: 108026 ns
[2025-03-21T14:04:50.750+0000][7][safepoint   ] Safepoint "Cleanup", Time since last: 1000917167 ns, Reaching safepoint: 127452 ns, At safepoint: 5421 ns, Total: 132873 ns
[2025-03-21T14:04:51.750+0000][7][safepoint   ] Safepoint "Cleanup", Time since last: 1000282588 ns, Reaching safepoint: 95702 ns, At safepoint: 5340 ns, Total: 101042 ns
[2025-03-21T14:04:53.752+0000][7][safepoint   ] Safepoint "Cleanup", Time since last: 2001433670 ns, Reaching safepoint: 89871 ns, At safepoint: 3346 ns, Total: 93217 ns
[2025-03-21T14:04:54.728+0000][7][gc,start    ] GC(37) Pause Young (Normal) (G1 Evacuation Pause)
[2025-03-21T14:04:54.728+0000][7][gc,task     ] GC(37) Using 8 workers of 8 for evacuation
[2025-03-21T14:04:54.728+0000][7][gc,age      ] GC(37) Desired survivor size 20971520 bytes, new threshold 15 (max threshold 15)
[2025-03-21T14:04:54.734+0000][7][gc,age      ] GC(37) Age table with threshold 15 (max threshold 15)
[2025-03-21T14:04:54.734+0000][7][gc,age      ] GC(37) - age   1:    2554816 bytes,    2554816 total
[2025-03-21T14:04:54.734+0000][7][gc,age      ] GC(37) - age   2:      13176 bytes,    2567992 total
[2025-03-21T14:04:54.734+0000][7][gc,age      ] GC(37) - age   3:       5896 bytes,    2573888 total
[2025-03-21T14:04:54.734+0000][7][gc,age      ] GC(37) - age   4:     252528 bytes,    2826416 total
[2025-03-21T14:04:54.734+0000][7][gc,age      ] GC(37) - age   5:      18328 bytes,    2844744 total
[2025-03-21T14:04:54.734+0000][7][gc,age      ] GC(37) - age   6:     183760 bytes,    3028504 total
[2025-03-21T14:04:54.734+0000][7][gc,age      ] GC(37) - age   7:      28824 bytes,    3057328 total
[2025-03-21T14:04:54.734+0000][7][gc,age      ] GC(37) - age   8:       6344 bytes,    3063672 total
[2025-03-21T14:04:54.734+0000][7][gc,age      ] GC(37) - age   9:      25312 bytes,    3088984 total
[2025-03-21T14:04:54.734+0000][7][gc,age      ] GC(37) - age  10:      41672 bytes,    3130656 total
[2025-03-21T14:04:54.734+0000][7][gc,age      ] GC(37) - age  11:    1110240 bytes,    4240896 total
[2025-03-21T14:04:54.734+0000][7][gc,age      ] GC(37) - age  12:      34112 bytes,    4275008 total
[2025-03-21T14:04:54.734+0000][7][gc,age      ] GC(37) - age  13:      35080 bytes,    4310088 total
[2025-03-21T14:04:54.734+0000][7][gc,age      ] GC(37) - age  14:     685768 bytes,    4995856 total
[2025-03-21T14:04:54.734+0000][7][gc,age      ] GC(37) - age  15:    2172648 bytes,    7168504 total
[2025-03-21T14:04:54.734+0000][7][gc,phases   ] GC(37)   Pre Evacuate Collection Set: 0.1ms
[2025-03-21T14:04:54.734+0000][7][gc,phases   ] GC(37)   Merge Heap Roots: 0.1ms
[2025-03-21T14:04:54.734+0000][7][gc,phases   ] GC(37)   Evacuate Collection Set: 4.5ms
[2025-03-21T14:04:54.734+0000][7][gc,phases   ] GC(37)   Post Evacuate Collection Set: 1.2ms
[2025-03-21T14:04:54.734+0000][7][gc,phases   ] GC(37)   Other: 0.2ms
[2025-03-21T14:04:54.734+0000][7][gc,heap     ] GC(37) Eden regions: 71->0(71)
[2025-03-21T14:04:54.734+0000][7][gc,heap     ] GC(37) Survivor regions: 2->2(10)
[2025-03-21T14:04:54.734+0000][7][gc,heap     ] GC(37) Old regions: 26->26
[2025-03-21T14:04:54.734+0000][7][gc,heap     ] GC(37) Archive regions: 2->2
[2025-03-21T14:04:54.734+0000][7][gc,heap     ] GC(37) Humongous regions: 5->5
[2025-03-21T14:04:54.734+0000][7][gc,metaspace] GC(37) Metaspace: 118615K(120192K)->118615K(120192K) NonClass: 103184K(104064K)->103184K(104064K) Class: 15431K(16128K)->15431K(16128K)
[2025-03-21T14:04:54.734+0000][7][gc          ] GC(37) Pause Young (Normal) (G1 Evacuation Pause) 416M->133M(512M) 6.154ms
[2025-03-21T14:04:54.734+0000][7][gc,cpu      ] GC(37) User=0.02s Sys=0.00s Real=0.01s
[2025-03-21T14:04:54.734+0000][7][safepoint   ] Safepoint "G1CollectForAllocation", Time since last: 975466081 ns, Reaching safepoint: 78700 ns, At safepoint: 6234588 ns, Total: 6313288 ns
[2025-03-21T14:04:55.734+0000][7][safepoint   ] Safepoint "Cleanup", Time since last: 1000360527 ns, Reaching safepoint: 83669 ns, At safepoint: 3748 ns, Total: 87417 ns
[2025-03-21T14:04:56.735+0000][7][safepoint   ] Safepoint "Cleanup", Time since last: 1000981293 ns, Reaching safepoint: 77868 ns, At safepoint: 3447 ns, Total: 81315 ns
[2025-03-21T14:04:57.736+0000][7][safepoint   ] Safepoint "Cleanup", Time since last: 1000756676 ns, Reaching safepoint: 120469 ns, At safepoint: 5100 ns, Total: 125569 ns
[2025-03-21T14:04:58.737+0000][7][safepoint   ] Safepoint "Cleanup", Time since last: 1000722982 ns, Reaching safepoint: 75314 ns, At safepoint: 3436 ns, Total: 78750 ns
[2025-03-21T14:04:59.738+0000][7][safepoint   ] Safepoint "Cleanup", Time since last: 1001086063 ns, Reaching safepoint: 80393 ns, At safepoint: 3356 ns, Total: 83749 ns
[2025-03-21T14:05:00.739+0000][7][safepoint   ] Safepoint "Cleanup", Time since last: 1000434894 ns, Reaching safepoint: 86204 ns, At safepoint: 2866 ns, Total: 89070 ns
[2025-03-21T14:05:01.739+0000][7][safepoint   ] Safepoint "Cleanup", Time since last: 1000486031 ns, Reaching safepoint: 91935 ns, At safepoint: 5711 ns, Total: 97646 ns
[2025-03-21T14:05:02.740+0000][7][safepoint   ] Safepoint "Cleanup", Time since last: 1000304124 ns, Reaching safepoint: 85062 ns, At safepoint: 3727 ns, Total: 88789 ns
[2025-03-21T14:05:03.740+0000][7][safepoint   ] Safepoint "Cleanup", Time since last: 1000272282 ns, Reaching safepoint: 80463 ns, At safepoint: 3687 ns, Total: 84150 ns
[2025-03-21T14:05:05.741+0000][7][safepoint   ] Safepoint "Cleanup", Time since last: 2000883675 ns, Reaching safepoint: 95401 ns, At safepoint: 4128 ns, Total: 99529 ns
[2025-03-21T14:05:06.742+0000][7][safepoint   ] Safepoint "Cleanup", Time since last: 1000940392 ns, Reaching safepoint: 83158 ns, At safepoint: 5360 ns, Total: 88518 ns
[2025-03-21T14:05:07.742+0000][7][safepoint   ] Safepoint "Cleanup", Time since last: 1000316913 ns, Reaching safepoint: 84601 ns, At safepoint: 3567 ns, Total: 88168 ns
[2025-03-21T14:05:08.744+0000][7][safepoint   ] Safepoint "Cleanup", Time since last: 1001077570 ns, Reaching safepoint: 324259 ns, At safepoint: 11592 ns, Total: 335851 ns
[2025-03-21T14:05:09.744+0000][7][safepoint   ] Safepoint "Cleanup", Time since last: 1000363471 ns, Reaching safepoint: 97306 ns, At safepoint: 4909 ns, Total: 102215 ns
[2025-03-21T14:05:10.745+0000][7][safepoint   ] Safepoint "Cleanup", Time since last: 1001004257 ns, Reaching safepoint: 81465 ns, At safepoint: 3237 ns, Total: 84702 ns
[2025-03-21T14:05:12.746+0000][7][safepoint   ] Safepoint "Cleanup", Time since last: 2000675158 ns, Reaching safepoint: 110420 ns, At safepoint: 4378 ns, Total: 114798 ns
[2025-03-21T14:05:13.747+0000][7][safepoint   ] Safepoint "Cleanup", Time since last: 1001136906 ns, Reaching safepoint: 146028 ns, At safepoint: 5180 ns, Total: 151208 ns
[2025-03-21T14:05:15.749+0000][7][safepoint   ] Safepoint "Cleanup", Time since last: 2001795340 ns, Reaching safepoint: 86174 ns, At safepoint: 3476 ns, Total: 89650 ns
[2025-03-21T14:05:18.752+0000][7][safepoint   ] Safepoint "Cleanup", Time since last: 3002069472 ns, Reaching safepoint: 106964 ns, At safepoint: 3617 ns, Total: 110581 ns
[2025-03-21T14:05:19.753+0000][7][safepoint   ] Safepoint "Cleanup", Time since last: 1000965878 ns, Reaching safepoint: 88829 ns, At safepoint: 4419 ns, Total: 93248 ns
[2025-03-21T14:05:20.754+0000][7][safepoint   ] Safepoint "Cleanup", Time since last: 1001058764 ns, Reaching safepoint: 81254 ns, At safepoint: 3116 ns, Total: 84370 ns
[2025-03-21T14:05:21.754+0000][7][safepoint   ] Safepoint "Cleanup", Time since last: 1000344501 ns, Reaching safepoint: 139787 ns, At safepoint: 5400 ns, Total: 145187 ns
[2025-03-21T14:05:22.755+0000][7][safepoint   ] Safepoint "Cleanup", Time since last: 1000536746 ns, Reaching safepoint: 93629 ns, At safepoint: 5971 ns, Total: 99600 ns
[2025-03-21T14:05:23.756+0000][7][safepoint   ] Safepoint "Cleanup", Time since last: 1000849730 ns, Reaching safepoint: 193598 ns, At safepoint: 5721 ns, Total: 199319 ns
[2025-03-21T14:05:24.756+0000][7][safepoint   ] Safepoint "Cleanup", Time since last: 1000252081 ns, Reaching safepoint: 95231 ns, At safepoint: 5420 ns, Total: 100651 ns
[2025-03-21T14:05:25.757+0000][7][safepoint   ] Safepoint "Cleanup", Time since last: 1000809067 ns, Reaching safepoint: 92587 ns, At safepoint: 5320 ns, Total: 97907 ns
[2025-03-21T14:05:27.758+0000][7][safepoint   ] Safepoint "Cleanup", Time since last: 2001069370 ns, Reaching safepoint: 176566 ns, At safepoint: 5300 ns, Total: 181866 ns
[2025-03-21T14:05:28.759+0000][7][safepoint   ] Safepoint "Cleanup", Time since last: 1000341411 ns, Reaching safepoint: 88408 ns, At safepoint: 3607 ns, Total: 92015 ns
[2025-03-21T14:05:30.761+0000][7][safepoint   ] Safepoint "Cleanup", Time since last: 2001915217 ns, Reaching safepoint: 141440 ns, At safepoint: 5440 ns, Total: 146880 ns
[2025-03-21T14:05:31.762+0000][7][safepoint   ] Safepoint "Cleanup", Time since last: 1000484290 ns, Reaching safepoint: 187737 ns, At safepoint: 6623 ns, Total: 194360 ns
[2025-03-21T14:05:33.763+0000][7][safepoint   ] Safepoint "Cleanup", Time since last: 2001408881 ns, Reaching safepoint: 95221 ns, At safepoint: 3587 ns, Total: 98808 ns
[2025-03-21T14:05:35.764+0000][7][safepoint   ] Safepoint "Cleanup", Time since last: 2000494343 ns, Reaching safepoint: 259227 ns, At safepoint: 8426 ns, Total: 267653 ns
[2025-03-21T14:05:36.765+0000][7][safepoint   ] Safepoint "Cleanup", Time since last: 1000495865 ns, Reaching safepoint: 274120 ns, At safepoint: 7905 ns, Total: 282025 ns
[2025-03-21T14:05:37.765+0000][7][safepoint   ] Safepoint "Cleanup", Time since last: 1000476424 ns, Reaching safepoint: 100832 ns, At safepoint: 3877 ns, Total: 104709 ns
[2025-03-21T14:05:38.766+0000][7][safepoint   ] Safepoint "Cleanup", Time since last: 1000624031 ns, Reaching safepoint: 133073 ns, At safepoint: 9769 ns, Total: 142842 ns
[2025-03-21T14:05:39.767+0000][7][safepoint   ] Safepoint "Cleanup", Time since last: 1000476597 ns, Reaching safepoint: 94790 ns, At safepoint: 5310 ns, Total: 100100 ns
[2025-03-21T14:05:40.767+0000][7][safepoint   ] Safepoint "Cleanup", Time since last: 1000454858 ns, Reaching safepoint: 66877 ns, At safepoint: 3136 ns, Total: 70013 ns
[2025-03-21T14:05:42.769+0000][7][safepoint   ] Safepoint "Cleanup", Time since last: 2001886165 ns, Reaching safepoint: 101423 ns, At safepoint: 3647 ns, Total: 105070 ns
[2025-03-21T14:05:43.770+0000][7][safepoint   ] Safepoint "Cleanup", Time since last: 1000390450 ns, Reaching safepoint: 320701 ns, At safepoint: 7564 ns, Total: 328265 ns
[2025-03-21T14:05:45.772+0000][7][safepoint   ] Safepoint "Cleanup", Time since last: 2001628015 ns, Reaching safepoint: 132051 ns, At safepoint: 4509 ns, Total: 136560 ns
[2025-03-21T14:05:48.773+0000][7][safepoint   ] Safepoint "Cleanup", Time since last: 3001432216 ns, Reaching safepoint: 77257 ns, At safepoint: 3326 ns, Total: 80583 ns
[2025-03-21T14:05:49.774+0000][7][safepoint   ] Safepoint "Cleanup", Time since last: 1001065817 ns, Reaching safepoint: 127052 ns, At safepoint: 4118 ns, Total: 131170 ns
[2025-03-21T14:05:50.775+0000][7][safepoint   ] Safepoint "Cleanup", Time since last: 1000497251 ns, Reaching safepoint: 154925 ns, At safepoint: 5751 ns, Total: 160676 ns
[2025-03-21T14:05:51.776+0000][7][safepoint   ] Safepoint "Cleanup", Time since last: 1000476557 ns, Reaching safepoint: 146299 ns, At safepoint: 4258 ns, Total: 150557 ns
[2025-03-21T14:05:53.778+0000][7][safepoint   ] Safepoint "Cleanup", Time since last: 2001851568 ns, Reaching safepoint: 131228 ns, At safepoint: 7013 ns, Total: 138241 ns
[2025-03-21T14:05:54.778+0000][7][safepoint   ] Safepoint "Cleanup", Time since last: 1000514804 ns, Reaching safepoint: 103246 ns, At safepoint: 4128 ns, Total: 107374 ns
[2025-03-21T14:05:55.779+0000][7][safepoint   ] Safepoint "Cleanup", Time since last: 1000836641 ns, Reaching safepoint: 112214 ns, At safepoint: 3948 ns, Total: 116162 ns
[2025-03-21T14:05:57.781+0000][7][safepoint   ] Safepoint "Cleanup", Time since last: 2001275377 ns, Reaching safepoint: 151208 ns, At safepoint: 5090 ns, Total: 156298 ns
[2025-03-21T14:05:58.163+0000][7][gc,start    ] GC(38) Pause Young (Normal) (G1 Evacuation Pause)
[2025-03-21T14:05:58.163+0000][7][gc,task     ] GC(38) Using 8 workers of 8 for evacuation
[2025-03-21T14:05:58.163+0000][7][gc,age      ] GC(38) Desired survivor size 20971520 bytes, new threshold 15 (max threshold 15)
[2025-03-21T14:05:58.167+0000][7][gc,age      ] GC(38) Age table with threshold 15 (max threshold 15)
[2025-03-21T14:05:58.167+0000][7][gc,age      ] GC(38) - age   1:    1906920 bytes,    1906920 total
[2025-03-21T14:05:58.167+0000][7][gc,age      ] GC(38) - age   2:      16024 bytes,    1922944 total
[2025-03-21T14:05:58.167+0000][7][gc,age      ] GC(38) - age   3:      11104 bytes,    1934048 total
[2025-03-21T14:05:58.167+0000][7][gc,age      ] GC(38) - age   4:       4776 bytes,    1938824 total
[2025-03-21T14:05:58.167+0000][7][gc,age      ] GC(38) - age   5:     148944 bytes,    2087768 total
[2025-03-21T14:05:58.167+0000][7][gc,age      ] GC(38) - age   6:      18136 bytes,    2105904 total
[2025-03-21T14:05:58.167+0000][7][gc,age      ] GC(38) - age   7:     183760 bytes,    2289664 total
[2025-03-21T14:05:58.167+0000][7][gc,age      ] GC(38) - age   8:      28824 bytes,    2318488 total
[2025-03-21T14:05:58.167+0000][7][gc,age      ] GC(38) - age   9:       6144 bytes,    2324632 total
[2025-03-21T14:05:58.167+0000][7][gc,age      ] GC(38) - age  10:      25312 bytes,    2349944 total
[2025-03-21T14:05:58.167+0000][7][gc,age      ] GC(38) - age  11:      41672 bytes,    2391616 total
[2025-03-21T14:05:58.167+0000][7][gc,age      ] GC(38) - age  12:    1110240 bytes,    3501856 total
[2025-03-21T14:05:58.167+0000][7][gc,age      ] GC(38) - age  13:      34112 bytes,    3535968 total
[2025-03-21T14:05:58.168+0000][7][gc,age      ] GC(38) - age  14:      35080 bytes,    3571048 total
[2025-03-21T14:05:58.168+0000][7][gc,age      ] GC(38) - age  15:     685768 bytes,    4256816 total
[2025-03-21T14:05:58.168+0000][7][gc,phases   ] GC(38)   Pre Evacuate Collection Set: 0.1ms
[2025-03-21T14:05:58.168+0000][7][gc,phases   ] GC(38)   Merge Heap Roots: 0.1ms
[2025-03-21T14:05:58.168+0000][7][gc,phases   ] GC(38)   Evacuate Collection Set: 3.1ms
[2025-03-21T14:05:58.168+0000][7][gc,phases   ] GC(38)   Post Evacuate Collection Set: 1.0ms
[2025-03-21T14:05:58.168+0000][7][gc,phases   ] GC(38)   Other: 0.2ms
[2025-03-21T14:05:58.168+0000][7][gc,heap     ] GC(38) Eden regions: 71->0(71)
[2025-03-21T14:05:58.168+0000][7][gc,heap     ] GC(38) Survivor regions: 2->2(10)
[2025-03-21T14:05:58.168+0000][7][gc,heap     ] GC(38) Old regions: 26->26
[2025-03-21T14:05:58.168+0000][7][gc,heap     ] GC(38) Archive regions: 2->2
[2025-03-21T14:05:58.168+0000][7][gc,heap     ] GC(38) Humongous regions: 5->5
[2025-03-21T14:05:58.168+0000][7][gc,metaspace] GC(38) Metaspace: 118690K(120320K)->118690K(120320K) NonClass: 103258K(104192K)->103258K(104192K) Class: 15431K(16128K)->15431K(16128K)
[2025-03-21T14:05:58.168+0000][7][gc          ] GC(38) Pause Young (Normal) (G1 Evacuation Pause) 417M->132M(512M) 4.715ms
[2025-03-21T14:05:58.168+0000][7][gc,cpu      ] GC(38) User=0.02s Sys=0.00s Real=0.00s
[2025-03-21T14:05:58.168+0000][7][safepoint   ] Safepoint "G1CollectForAllocation", Time since last: 382190369 ns, Reaching safepoint: 97869 ns, At safepoint: 4802173 ns, Total: 4900042 ns
[2025-03-21T14:06:01.169+0000][7][safepoint   ] Safepoint "Cleanup", Time since last: 3001525487 ns, Reaching safepoint: 127433 ns, At safepoint: 3787 ns, Total: 131220 ns
[2025-03-21T14:06:03.171+0000][7][safepoint   ] Safepoint "Cleanup", Time since last: 2001305197 ns, Reaching safepoint: 85282 ns, At safepoint: 4939 ns, Total: 90221 ns
[2025-03-21T14:06:04.172+0000][7][safepoint   ] Safepoint "Cleanup", Time since last: 1000841812 ns, Reaching safepoint: 145247 ns, At safepoint: 4047 ns, Total: 149294 ns
[2025-03-21T14:06:05.172+0000][7][safepoint   ] Safepoint "Cleanup", Time since last: 1000151280 ns, Reaching safepoint: 129207 ns, At safepoint: 3777 ns, Total: 132984 ns
[2025-03-21T14:06:06.173+0000][7][safepoint   ] Safepoint "Cleanup", Time since last: 1000582227 ns, Reaching safepoint: 132111 ns, At safepoint: 4409 ns, Total: 136520 ns
[2025-03-21T14:06:07.174+0000][7][safepoint   ] Safepoint "Cleanup", Time since last: 1001158083 ns, Reaching safepoint: 107244 ns, At safepoint: 4258 ns, Total: 111502 ns
[2025-03-21T14:06:08.175+0000][7][safepoint   ] Safepoint "Cleanup", Time since last: 1001023452 ns, Reaching safepoint: 108938 ns, At safepoint: 6823 ns, Total: 115761 ns
[2025-03-21T14:06:10.177+0000][7][safepoint   ] Safepoint "Cleanup", Time since last: 2001267450 ns, Reaching safepoint: 142401 ns, At safepoint: 5049 ns, Total: 147450 ns
[2025-03-21T14:06:11.177+0000][7][safepoint   ] Safepoint "Cleanup", Time since last: 1000715254 ns, Reaching safepoint: 140708 ns, At safepoint: 4849 ns, Total: 145557 ns
[2025-03-21T14:06:13.179+0000][7][safepoint   ] Safepoint "Cleanup", Time since last: 2001380100 ns, Reaching safepoint: 150026 ns, At safepoint: 4719 ns, Total: 154745 ns
[2025-03-21T14:06:14.180+0000][7][safepoint   ] Safepoint "Cleanup", Time since last: 1000494831 ns, Reaching safepoint: 148553 ns, At safepoint: 4859 ns, Total: 153412 ns
[2025-03-21T14:06:16.180+0000][7][safepoint   ] Safepoint "Cleanup", Time since last: 2000626402 ns, Reaching safepoint: 97005 ns, At safepoint: 3787 ns, Total: 100792 ns
[2025-03-21T14:06:18.182+0000][7][safepoint   ] Safepoint "Cleanup", Time since last: 2001873677 ns, Reaching safepoint: 78539 ns, At safepoint: 4980 ns, Total: 83519 ns
[2025-03-21T14:06:19.183+0000][7][safepoint   ] Safepoint "Cleanup", Time since last: 1000801246 ns, Reaching safepoint: 84711 ns, At safepoint: 3587 ns, Total: 88298 ns
[2025-03-21T14:06:20.184+0000][7][safepoint   ] Safepoint "Cleanup", Time since last: 1000815333 ns, Reaching safepoint: 126220 ns, At safepoint: 4128 ns, Total: 130348 ns
[2025-03-21T14:06:21.185+0000][7][safepoint   ] Safepoint "Cleanup", Time since last: 1000772713 ns, Reaching safepoint: 171737 ns, At safepoint: 5901 ns, Total: 177638 ns
[2025-03-21T14:06:22.186+0000][7][safepoint   ] Safepoint "Cleanup", Time since last: 1000797927 ns, Reaching safepoint: 83349 ns, At safepoint: 3556 ns, Total: 86905 ns
[2025-03-21T14:06:23.187+0000][7][safepoint   ] Safepoint "Cleanup", Time since last: 1001099195 ns, Reaching safepoint: 128325 ns, At safepoint: 5600 ns, Total: 133925 ns
[2025-03-21T14:06:25.189+0000][7][safepoint   ] Safepoint "Cleanup", Time since last: 2001703453 ns, Reaching safepoint: 91883 ns, At safepoint: 7504 ns, Total: 99387 ns
[2025-03-21T14:06:26.190+0000][7][safepoint   ] Safepoint "Cleanup", Time since last: 1000726718 ns, Reaching safepoint: 110882 ns, At safepoint: 7624 ns, Total: 118506 ns
[2025-03-21T14:06:28.191+0000][7][safepoint   ] Safepoint "Cleanup", Time since last: 2000980496 ns, Reaching safepoint: 84851 ns, At safepoint: 3557 ns, Total: 88408 ns
[2025-03-21T14:06:30.192+0000][7][safepoint   ] Safepoint "Cleanup", Time since last: 2000564195 ns, Reaching safepoint: 132272 ns, At safepoint: 9147 ns, Total: 141419 ns
[2025-03-21T14:06:31.193+0000][7][safepoint   ] Safepoint "Cleanup", Time since last: 1001061444 ns, Reaching safepoint: 99049 ns, At safepoint: 4608 ns, Total: 103657 ns
[2025-03-21T14:06:33.194+0000][7][safepoint   ] Safepoint "Cleanup", Time since last: 2000865949 ns, Reaching safepoint: 126261 ns, At safepoint: 4047 ns, Total: 130308 ns
[2025-03-21T14:06:34.194+0000][7][safepoint   ] Safepoint "Cleanup", Time since last: 1000307133 ns, Reaching safepoint: 105301 ns, At safepoint: 4308 ns, Total: 109609 ns
[2025-03-21T14:06:35.195+0000][7][safepoint   ] Safepoint "Cleanup", Time since last: 1000928631 ns, Reaching safepoint: 104089 ns, At safepoint: 4749 ns, Total: 108838 ns
[2025-03-21T14:06:36.196+0000][7][safepoint   ] Safepoint "Cleanup", Time since last: 1000670255 ns, Reaching safepoint: 145647 ns, At safepoint: 5000 ns, Total: 150647 ns
[2025-03-21T14:06:37.197+0000][7][safepoint   ] Safepoint "Cleanup", Time since last: 1000972080 ns, Reaching safepoint: 135538 ns, At safepoint: 4198 ns, Total: 139736 ns
[2025-03-21T14:06:38.198+0000][7][safepoint   ] Safepoint "Cleanup", Time since last: 1000287730 ns, Reaching safepoint: 142512 ns, At safepoint: 4338 ns, Total: 146850 ns
[2025-03-21T14:06:40.198+0000][7][safepoint   ] Safepoint "Cleanup", Time since last: 2000693711 ns, Reaching safepoint: 132532 ns, At safepoint: 9599 ns, Total: 142131 ns
[2025-03-21T14:06:41.199+0000][7][safepoint   ] Safepoint "Cleanup", Time since last: 1000776868 ns, Reaching safepoint: 86435 ns, At safepoint: 4168 ns, Total: 90603 ns
[2025-03-21T14:06:43.201+0000][7][safepoint   ] Safepoint "Cleanup", Time since last: 2001865674 ns, Reaching safepoint: 75454 ns, At safepoint: 3337 ns, Total: 78791 ns
[2025-03-21T14:06:46.204+0000][7][safepoint   ] Safepoint "Cleanup", Time since last: 3002710411 ns, Reaching safepoint: 78219 ns, At safepoint: 3407 ns, Total: 81626 ns
[2025-03-21T14:06:48.205+0000][7][safepoint   ] Safepoint "Cleanup", Time since last: 2001013141 ns, Reaching safepoint: 73450 ns, At safepoint: 3156 ns, Total: 76606 ns
[2025-03-21T14:06:49.206+0000][7][safepoint   ] Safepoint "Cleanup", Time since last: 1001108877 ns, Reaching safepoint: 95272 ns, At safepoint: 4118 ns, Total: 99390 ns
[2025-03-21T14:06:51.208+0000][7][safepoint   ] Safepoint "Cleanup", Time since last: 2001952013 ns, Reaching safepoint: 83469 ns, At safepoint: 4188 ns, Total: 87657 ns
[2025-03-21T14:06:52.209+0000][7][safepoint   ] Safepoint "Cleanup", Time since last: 1000359718 ns, Reaching safepoint: 138053 ns, At safepoint: 5500 ns, Total: 143553 ns
[2025-03-21T14:06:53.209+0000][7][safepoint   ] Safepoint "Cleanup", Time since last: 1000531811 ns, Reaching safepoint: 92867 ns, At safepoint: 3637 ns, Total: 96504 ns
[2025-03-21T14:06:55.211+0000][7][safepoint   ] Safepoint "Cleanup", Time since last: 2001219382 ns, Reaching safepoint: 116382 ns, At safepoint: 5450 ns, Total: 121832 ns
[2025-03-21T14:06:55.711+0000][7][gc,start    ] GC(39) Pause Young (Normal) (G1 Evacuation Pause)
[2025-03-21T14:06:55.711+0000][7][gc,task     ] GC(39) Using 8 workers of 8 for evacuation
[2025-03-21T14:06:55.711+0000][7][gc,age      ] GC(39) Desired survivor size 20971520 bytes, new threshold 15 (max threshold 15)
[2025-03-21T14:06:55.716+0000][7][gc,age      ] GC(39) Age table with threshold 15 (max threshold 15)
[2025-03-21T14:06:55.716+0000][7][gc,age      ] GC(39) - age   1:    1826368 bytes,    1826368 total
[2025-03-21T14:06:55.716+0000][7][gc,age      ] GC(39) - age   2:     482904 bytes,    2309272 total
[2025-03-21T14:06:55.716+0000][7][gc,age      ] GC(39) - age   3:      11544 bytes,    2320816 total
[2025-03-21T14:06:55.716+0000][7][gc,age      ] GC(39) - age   4:      10272 bytes,    2331088 total
[2025-03-21T14:06:55.716+0000][7][gc,age      ] GC(39) - age   5:       4712 bytes,    2335800 total
[2025-03-21T14:06:55.716+0000][7][gc,age      ] GC(39) - age   6:     148568 bytes,    2484368 total
[2025-03-21T14:06:55.716+0000][7][gc,age      ] GC(39) - age   7:      18136 bytes,    2502504 total
[2025-03-21T14:06:55.716+0000][7][gc,age      ] GC(39) - age   8:     168248 bytes,    2670752 total
[2025-03-21T14:06:55.716+0000][7][gc,age      ] GC(39) - age   9:      28824 bytes,    2699576 total
[2025-03-21T14:06:55.716+0000][7][gc,age      ] GC(39) - age  10:       6144 bytes,    2705720 total
[2025-03-21T14:06:55.716+0000][7][gc,age      ] GC(39) - age  11:      24776 bytes,    2730496 total
[2025-03-21T14:06:55.716+0000][7][gc,age      ] GC(39) - age  12:      41672 bytes,    2772168 total
[2025-03-21T14:06:55.716+0000][7][gc,age      ] GC(39) - age  13:    1110176 bytes,    3882344 total
[2025-03-21T14:06:55.716+0000][7][gc,age      ] GC(39) - age  14:      34112 bytes,    3916456 total
[2025-03-21T14:06:55.716+0000][7][gc,age      ] GC(39) - age  15:      35080 bytes,    3951536 total
[2025-03-21T14:06:55.716+0000][7][gc,phases   ] GC(39)   Pre Evacuate Collection Set: 0.1ms
[2025-03-21T14:06:55.716+0000][7][gc,phases   ] GC(39)   Merge Heap Roots: 0.1ms
[2025-03-21T14:06:55.716+0000][7][gc,phases   ] GC(39)   Evacuate Collection Set: 3.8ms
[2025-03-21T14:06:55.716+0000][7][gc,phases   ] GC(39)   Post Evacuate Collection Set: 1.4ms
[2025-03-21T14:06:55.716+0000][7][gc,phases   ] GC(39)   Other: 0.3ms
[2025-03-21T14:06:55.716+0000][7][gc,heap     ] GC(39) Eden regions: 71->0(70)
[2025-03-21T14:06:55.716+0000][7][gc,heap     ] GC(39) Survivor regions: 2->2(10)
[2025-03-21T14:06:55.716+0000][7][gc,heap     ] GC(39) Old regions: 26->27
[2025-03-21T14:06:55.716+0000][7][gc,heap     ] GC(39) Archive regions: 2->2
[2025-03-21T14:06:55.716+0000][7][gc,heap     ] GC(39) Humongous regions: 5->5
[2025-03-21T14:06:55.716+0000][7][gc,metaspace] GC(39) Metaspace: 118719K(120320K)->118719K(120320K) NonClass: 103287K(104192K)->103287K(104192K) Class: 15432K(16128K)->15432K(16128K)
[2025-03-21T14:06:55.716+0000][7][gc          ] GC(39) Pause Young (Normal) (G1 Evacuation Pause) 416M->132M(512M) 5.624ms
[2025-03-21T14:06:55.716+0000][7][gc,cpu      ] GC(39) User=0.01s Sys=0.00s Real=0.00s
[2025-03-21T14:06:55.716+0000][7][safepoint   ] Safepoint "G1CollectForAllocation", Time since last: 499794734 ns, Reaching safepoint: 94780 ns, At safepoint: 5709094 ns, Total: 5803874 ns
[2025-03-21T14:06:57.717+0000][7][safepoint   ] Safepoint "Cleanup", Time since last: 2000712309 ns, Reaching safepoint: 184742 ns, At safepoint: 5581 ns, Total: 190323 ns
[2025-03-21T14:06:58.718+0000][7][safepoint   ] Safepoint "Cleanup", Time since last: 1000199678 ns, Reaching safepoint: 100602 ns, At safepoint: 3557 ns, Total: 104159 ns
[2025-03-21T14:07:01.720+0000][7][safepoint   ] Safepoint "Cleanup", Time since last: 3002217263 ns, Reaching safepoint: 112474 ns, At safepoint: 7184 ns, Total: 119658 ns
[2025-03-21T14:07:03.721+0000][7][safepoint   ] Safepoint "Cleanup", Time since last: 2000785569 ns, Reaching safepoint: 182738 ns, At safepoint: 5450 ns, Total: 188188 ns
[2025-03-21T14:07:04.722+0000][7][safepoint   ] Safepoint "Cleanup", Time since last: 1000865959 ns, Reaching safepoint: 91184 ns, At safepoint: 3667 ns, Total: 94851 ns
[2025-03-21T14:07:05.723+0000][7][safepoint   ] Safepoint "Cleanup", Time since last: 1001099884 ns, Reaching safepoint: 92186 ns, At safepoint: 3917 ns, Total: 96103 ns
[2025-03-21T14:07:07.725+0000][7][safepoint   ] Safepoint "Cleanup", Time since last: 2001377518 ns, Reaching safepoint: 175104 ns, At safepoint: 5130 ns, Total: 180234 ns
[2025-03-21T14:07:08.726+0000][7][safepoint   ] Safepoint "Cleanup", Time since last: 1000786107 ns, Reaching safepoint: 137421 ns, At safepoint: 4609 ns, Total: 142030 ns
[2025-03-21T14:07:10.727+0000][7][safepoint   ] Safepoint "Cleanup", Time since last: 2001192871 ns, Reaching safepoint: 160906 ns, At safepoint: 5621 ns, Total: 166527 ns
[2025-03-21T14:07:13.728+0000][7][safepoint   ] Safepoint "Cleanup", Time since last: 3001205915 ns, Reaching safepoint: 182839 ns, At safepoint: 5179 ns, Total: 188018 ns
[2025-03-21T14:07:16.729+0000][7][safepoint   ] Safepoint "Cleanup", Time since last: 3000914679 ns, Reaching safepoint: 105000 ns, At safepoint: 5821 ns, Total: 110821 ns
[2025-03-21T14:07:17.730+0000][7][safepoint   ] Safepoint "Cleanup", Time since last: 1000495825 ns, Reaching safepoint: 96985 ns, At safepoint: 3717 ns, Total: 100702 ns
[2025-03-21T14:07:18.731+0000][7][safepoint   ] Safepoint "Cleanup", Time since last: 1000931608 ns, Reaching safepoint: 84712 ns, At safepoint: 4137 ns, Total: 88849 ns
[2025-03-21T14:07:19.732+0000][7][safepoint   ] Safepoint "Cleanup", Time since last: 1000792134 ns, Reaching safepoint: 84481 ns, At safepoint: 3417 ns, Total: 87898 ns
[2025-03-21T14:07:20.732+0000][7][safepoint   ] Safepoint "Cleanup", Time since last: 1000404795 ns, Reaching safepoint: 68019 ns, At safepoint: 3537 ns, Total: 71556 ns
[2025-03-21T14:07:21.734+0000][7][safepoint   ] Safepoint "Cleanup", Time since last: 1001041159 ns, Reaching safepoint: 515780 ns, At safepoint: 21662 ns, Total: 537442 ns
[2025-03-21T14:07:23.735+0000][7][safepoint   ] Safepoint "Cleanup", Time since last: 2000526917 ns, Reaching safepoint: 77127 ns, At safepoint: 3396 ns, Total: 80523 ns
[2025-03-21T14:07:25.736+0000][7][safepoint   ] Safepoint "Cleanup", Time since last: 2001858208 ns, Reaching safepoint: 55827 ns, At safepoint: 4669 ns, Total: 60496 ns
[2025-03-21T14:07:27.737+0000][7][safepoint   ] Safepoint "Cleanup", Time since last: 2000774412 ns, Reaching safepoint: 97356 ns, At safepoint: 12413 ns, Total: 109769 ns
[2025-03-21T14:07:28.738+0000][7][safepoint   ] Safepoint "Cleanup", Time since last: 1000457407 ns, Reaching safepoint: 126571 ns, At safepoint: 4559 ns, Total: 131130 ns
[2025-03-21T14:07:31.740+0000][7][safepoint   ] Safepoint "Cleanup", Time since last: 3002363283 ns, Reaching safepoint: 114188 ns, At safepoint: 8336 ns, Total: 122524 ns
[2025-03-21T14:07:32.741+0000][7][safepoint   ] Safepoint "Cleanup", Time since last: 1000455098 ns, Reaching safepoint: 80153 ns, At safepoint: 3466 ns, Total: 83619 ns
[2025-03-21T14:07:33.743+0000][7][safepoint   ] Safepoint "Cleanup", Time since last: 1000780037 ns, Reaching safepoint: 1070228 ns, At safepoint: 16031 ns, Total: 1086259 ns
[2025-03-21T14:07:35.745+0000][7][safepoint   ] Safepoint "Cleanup", Time since last: 2002045784 ns, Reaching safepoint: 74472 ns, At safepoint: 3617 ns, Total: 78089 ns
[2025-03-21T14:07:37.746+0000][7][safepoint   ] Safepoint "Cleanup", Time since last: 2000978830 ns, Reaching safepoint: 110300 ns, At safepoint: 3487 ns, Total: 113787 ns
[2025-03-21T14:07:38.747+0000][7][safepoint   ] Safepoint "Cleanup", Time since last: 1000606586 ns, Reaching safepoint: 87627 ns, At safepoint: 4108 ns, Total: 91735 ns
[2025-03-21T14:07:39.748+0000][7][safepoint   ] Safepoint "Cleanup", Time since last: 1001027258 ns, Reaching safepoint: 100432 ns, At safepoint: 5089 ns, Total: 105521 ns
[2025-03-21T14:07:40.748+0000][7][safepoint   ] Safepoint "Cleanup", Time since last: 1000578333 ns, Reaching safepoint: 75674 ns, At safepoint: 3396 ns, Total: 79070 ns
[2025-03-21T14:07:42.750+0000][7][safepoint   ] Safepoint "Cleanup", Time since last: 2000944910 ns, Reaching safepoint: 108066 ns, At safepoint: 32772 ns, Total: 140838 ns
[2025-03-21T14:07:43.750+0000][7][safepoint   ] Safepoint "Cleanup", Time since last: 1000662502 ns, Reaching safepoint: 86965 ns, At safepoint: 6673 ns, Total: 93638 ns
[2025-03-21T14:07:45.752+0000][7][safepoint   ] Safepoint "Cleanup", Time since last: 2001090214 ns, Reaching safepoint: 122533 ns, At safepoint: 4619 ns, Total: 127152 ns
[2025-03-21T14:07:48.752+0000][7][safepoint   ] Safepoint "Cleanup", Time since last: 3000799185 ns, Reaching safepoint: 108797 ns, At safepoint: 4259 ns, Total: 113056 ns
[2025-03-21T14:07:49.753+0000][7][safepoint   ] Safepoint "Cleanup", Time since last: 1000358372 ns, Reaching safepoint: 105491 ns, At safepoint: 3797 ns, Total: 109288 ns
[2025-03-21T14:07:50.753+0000][7][safepoint   ] Safepoint "Cleanup", Time since last: 1000333355 ns, Reaching safepoint: 95531 ns, At safepoint: 3267 ns, Total: 98798 ns
[2025-03-21T14:07:51.754+0000][7][safepoint   ] Safepoint "Cleanup", Time since last: 1000949708 ns, Reaching safepoint: 98778 ns, At safepoint: 3847 ns, Total: 102625 ns
[2025-03-21T14:07:53.756+0000][7][safepoint   ] Safepoint "Cleanup", Time since last: 2001505094 ns, Reaching safepoint: 61267 ns, At safepoint: 3747 ns, Total: 65014 ns
[2025-03-21T14:07:54.757+0000][7][safepoint   ] Safepoint "Cleanup", Time since last: 1000754357 ns, Reaching safepoint: 97937 ns, At safepoint: 11792 ns, Total: 109729 ns
[2025-03-21T14:07:55.757+0000][7][safepoint   ] Safepoint "Cleanup", Time since last: 1000387759 ns, Reaching safepoint: 180233 ns, At safepoint: 6292 ns, Total: 186525 ns
[2025-03-21T14:07:57.759+0000][7][safepoint   ] Safepoint "Cleanup", Time since last: 2001606171 ns, Reaching safepoint: 148172 ns, At safepoint: 4920 ns, Total: 153092 ns
[2025-03-21T14:07:58.760+0000][7][safepoint   ] Safepoint "Cleanup", Time since last: 1000552371 ns, Reaching safepoint: 122363 ns, At safepoint: 4048 ns, Total: 126411 ns
[2025-03-21T14:08:00.763+0000][7][safepoint   ] Safepoint "Cleanup", Time since last: 2001799167 ns, Reaching safepoint: 1069444 ns, At safepoint: 6242 ns, Total: 1075686 ns
[2025-03-21T14:08:01.764+0000][7][safepoint   ] Safepoint "Cleanup", Time since last: 1000748738 ns, Reaching safepoint: 96013 ns, At safepoint: 4498 ns, Total: 100511 ns
[2025-03-21T14:08:03.750+0000][7][gc,start    ] GC(40) Pause Young (Normal) (G1 Evacuation Pause)
[2025-03-21T14:08:03.750+0000][7][gc,task     ] GC(40) Using 8 workers of 8 for evacuation
[2025-03-21T14:08:03.750+0000][7][gc,age      ] GC(40) Desired survivor size 18874368 bytes, new threshold 15 (max threshold 15)
[2025-03-21T14:08:03.754+0000][7][gc,age      ] GC(40) Age table with threshold 15 (max threshold 15)
[2025-03-21T14:08:03.754+0000][7][gc,age      ] GC(40) - age   1:    1127072 bytes,    1127072 total
[2025-03-21T14:08:03.755+0000][7][gc,age      ] GC(40) - age   2:     202072 bytes,    1329144 total
[2025-03-21T14:08:03.755+0000][7][gc,age      ] GC(40) - age   3:     237560 bytes,    1566704 total
[2025-03-21T14:08:03.755+0000][7][gc,age      ] GC(40) - age   4:      11072 bytes,    1577776 total
[2025-03-21T14:08:03.755+0000][7][gc,age      ] GC(40) - age   5:       9912 bytes,    1587688 total
[2025-03-21T14:08:03.755+0000][7][gc,age      ] GC(40) - age   6:       4520 bytes,    1592208 total
[2025-03-21T14:08:03.755+0000][7][gc,age      ] GC(40) - age   7:     148568 bytes,    1740776 total
[2025-03-21T14:08:03.755+0000][7][gc,age      ] GC(40) - age   8:      18072 bytes,    1758848 total
[2025-03-21T14:08:03.755+0000][7][gc,age      ] GC(40) - age   9:     168048 bytes,    1926896 total
[2025-03-21T14:08:03.755+0000][7][gc,age      ] GC(40) - age  10:      28824 bytes,    1955720 total
[2025-03-21T14:08:03.755+0000][7][gc,age      ] GC(40) - age  11:       6144 bytes,    1961864 total
[2025-03-21T14:08:03.755+0000][7][gc,age      ] GC(40) - age  12:      24776 bytes,    1986640 total
[2025-03-21T14:08:03.755+0000][7][gc,age      ] GC(40) - age  13:      41672 bytes,    2028312 total
[2025-03-21T14:08:03.755+0000][7][gc,age      ] GC(40) - age  14:    1110176 bytes,    3138488 total
[2025-03-21T14:08:03.755+0000][7][gc,age      ] GC(40) - age  15:      34112 bytes,    3172600 total
[2025-03-21T14:08:03.755+0000][7][gc,phases   ] GC(40)   Pre Evacuate Collection Set: 0.1ms
[2025-03-21T14:08:03.755+0000][7][gc,phases   ] GC(40)   Merge Heap Roots: 0.1ms
[2025-03-21T14:08:03.755+0000][7][gc,phases   ] GC(40)   Evacuate Collection Set: 3.0ms
[2025-03-21T14:08:03.755+0000][7][gc,phases   ] GC(40)   Post Evacuate Collection Set: 1.3ms
[2025-03-21T14:08:03.755+0000][7][gc,phases   ] GC(40)   Other: 0.3ms
[2025-03-21T14:08:03.755+0000][7][gc,heap     ] GC(40) Eden regions: 70->0(71)
[2025-03-21T14:08:03.755+0000][7][gc,heap     ] GC(40) Survivor regions: 2->1(9)
[2025-03-21T14:08:03.755+0000][7][gc,heap     ] GC(40) Old regions: 27->27
[2025-03-21T14:08:03.755+0000][7][gc,heap     ] GC(40) Archive regions: 2->2
[2025-03-21T14:08:03.755+0000][7][gc,heap     ] GC(40) Humongous regions: 5->5
[2025-03-21T14:08:03.755+0000][7][gc,metaspace] GC(40) Metaspace: 118811K(120448K)->118811K(120448K) NonClass: 103379K(104320K)->103379K(104320K) Class: 15432K(16128K)->15432K(16128K)
[2025-03-21T14:08:03.755+0000][7][gc          ] GC(40) Pause Young (Normal) (G1 Evacuation Pause) 412M->131M(512M) 4.809ms
[2025-03-21T14:08:03.755+0000][7][gc,cpu      ] GC(40) User=0.01s Sys=0.00s Real=0.00s
[2025-03-21T14:08:03.755+0000][7][safepoint   ] Safepoint "G1CollectForAllocation", Time since last: 1986177873 ns, Reaching safepoint: 80393 ns, At safepoint: 4884396 ns, Total: 4964789 ns
[2025-03-21T14:08:04.756+0000][7][safepoint   ] Safepoint "Cleanup", Time since last: 1000755930 ns, Reaching safepoint: 141349 ns, At safepoint: 4168 ns, Total: 145517 ns
[2025-03-21T14:08:05.756+0000][7][safepoint   ] Safepoint "Cleanup", Time since last: 1000101642 ns, Reaching safepoint: 176536 ns, At safepoint: 5471 ns, Total: 182007 ns
[2025-03-21T14:08:06.757+0000][7][safepoint   ] Safepoint "Cleanup", Time since last: 1000597018 ns, Reaching safepoint: 257310 ns, At safepoint: 17212 ns, Total: 274522 ns
[2025-03-21T14:08:07.758+0000][7][safepoint   ] Safepoint "Cleanup", Time since last: 1000613947 ns, Reaching safepoint: 178370 ns, At safepoint: 7935 ns, Total: 186305 ns
[2025-03-21T14:08:08.758+0000][7][safepoint   ] Safepoint "Cleanup", Time since last: 1000627786 ns, Reaching safepoint: 69332 ns, At safepoint: 4438 ns, Total: 73770 ns
[2025-03-21T14:08:09.759+0000][7][safepoint   ] Safepoint "Cleanup", Time since last: 1000575472 ns, Reaching safepoint: 131721 ns, At safepoint: 5270 ns, Total: 136991 ns
[2025-03-21T14:08:10.760+0000][7][safepoint   ] Safepoint "Cleanup", Time since last: 1001015348 ns, Reaching safepoint: 85523 ns, At safepoint: 3737 ns, Total: 89260 ns
[2025-03-21T14:08:12.761+0000][7][safepoint   ] Safepoint "Cleanup", Time since last: 2000530720 ns, Reaching safepoint: 217274 ns, At safepoint: 26731 ns, Total: 244005 ns
[2025-03-21T14:08:13.761+0000][7][safepoint   ] Safepoint "Cleanup", Time since last: 1000137133 ns, Reaching safepoint: 143984 ns, At safepoint: 6513 ns, Total: 150497 ns
[2025-03-21T14:08:15.762+0000][7][safepoint   ] Safepoint "Cleanup", Time since last: 2001111125 ns, Reaching safepoint: 115029 ns, At safepoint: 7264 ns, Total: 122293 ns
[2025-03-21T14:08:16.764+0000][7][safepoint   ] Safepoint "Cleanup", Time since last: 1000931443 ns, Reaching safepoint: 183239 ns, At safepoint: 5621 ns, Total: 188860 ns
[2025-03-21T14:08:18.764+0000][7][safepoint   ] Safepoint "Cleanup", Time since last: 2000552893 ns, Reaching safepoint: 93678 ns, At safepoint: 19718 ns, Total: 113396 ns
[2025-03-21T14:08:19.765+0000][7][safepoint   ] Safepoint "Cleanup", Time since last: 1000336456 ns, Reaching safepoint: 106022 ns, At safepoint: 4168 ns, Total: 110190 ns
[2025-03-21T14:08:20.765+0000][7][safepoint   ] Safepoint "Cleanup", Time since last: 1000461989 ns, Reaching safepoint: 114609 ns, At safepoint: 3296 ns, Total: 117905 ns
[2025-03-21T14:08:21.766+0000][7][safepoint   ] Safepoint "Cleanup", Time since last: 1000344820 ns, Reaching safepoint: 119238 ns, At safepoint: 5069 ns, Total: 124307 ns
[2025-03-21T14:08:23.767+0000][7][safepoint   ] Safepoint "Cleanup", Time since last: 2001396567 ns, Reaching safepoint: 101052 ns, At safepoint: 3186 ns, Total: 104238 ns
[2025-03-21T14:08:24.768+0000][7][safepoint   ] Safepoint "Cleanup", Time since last: 1001190744 ns, Reaching safepoint: 82767 ns, At safepoint: 14929 ns, Total: 97696 ns
[2025-03-21T14:08:25.769+0000][7][safepoint   ] Safepoint "Cleanup", Time since last: 1000237291 ns, Reaching safepoint: 156408 ns, At safepoint: 4860 ns, Total: 161268 ns
[2025-03-21T14:08:27.771+0000][7][safepoint   ] Safepoint "Cleanup", Time since last: 2002134940 ns, Reaching safepoint: 103417 ns, At safepoint: 5260 ns, Total: 108677 ns
[2025-03-21T14:08:28.772+0000][7][safepoint   ] Safepoint "Cleanup", Time since last: 1000734890 ns, Reaching safepoint: 105010 ns, At safepoint: 3777 ns, Total: 108787 ns
[2025-03-21T14:08:30.773+0000][7][safepoint   ] Safepoint "Cleanup", Time since last: 2001172463 ns, Reaching safepoint: 102525 ns, At safepoint: 5450 ns, Total: 107975 ns
[2025-03-21T14:08:31.774+0000][7][safepoint   ] Safepoint "Cleanup", Time since last: 1000205150 ns, Reaching safepoint: 189913 ns, At safepoint: 6612 ns, Total: 196525 ns
[2025-03-21T14:08:33.775+0000][7][safepoint   ] Safepoint "Cleanup", Time since last: 2000892487 ns, Reaching safepoint: 327572 ns, At safepoint: 7104 ns, Total: 334676 ns
[2025-03-21T14:08:35.776+0000][7][safepoint   ] Safepoint "Cleanup", Time since last: 2000504342 ns, Reaching safepoint: 127860 ns, At safepoint: 6333 ns, Total: 134193 ns
[2025-03-21T14:08:36.776+0000][7][safepoint   ] Safepoint "Cleanup", Time since last: 1000473041 ns, Reaching safepoint: 90542 ns, At safepoint: 19457 ns, Total: 109999 ns
[2025-03-21T14:08:37.777+0000][7][safepoint   ] Safepoint "Cleanup", Time since last: 1000374927 ns, Reaching safepoint: 192507 ns, At safepoint: 7454 ns, Total: 199961 ns
[2025-03-21T14:08:38.777+0000][7][safepoint   ] Safepoint "Cleanup", Time since last: 1000418358 ns, Reaching safepoint: 147120 ns, At safepoint: 6342 ns, Total: 153462 ns
[2025-03-21T14:08:39.778+0000][7][safepoint   ] Safepoint "Cleanup", Time since last: 1000477154 ns, Reaching safepoint: 76996 ns, At safepoint: 3367 ns, Total: 80363 ns
[2025-03-21T14:08:40.779+0000][7][safepoint   ] Safepoint "Cleanup", Time since last: 1000747624 ns, Reaching safepoint: 129196 ns, At safepoint: 3276 ns, Total: 132472 ns
[2025-03-21T14:08:42.779+0000][7][safepoint   ] Safepoint "Cleanup", Time since last: 2000613445 ns, Reaching safepoint: 120660 ns, At safepoint: 5280 ns, Total: 125940 ns
[2025-03-21T14:08:43.780+0000][7][safepoint   ] Safepoint "Cleanup", Time since last: 1000197159 ns, Reaching safepoint: 188970 ns, At safepoint: 4869 ns, Total: 193839 ns
[2025-03-21T14:08:45.781+0000][7][safepoint   ] Safepoint "Cleanup", Time since last: 2000752756 ns, Reaching safepoint: 93768 ns, At safepoint: 3286 ns, Total: 97054 ns
[2025-03-21T14:08:47.782+0000][7][safepoint   ] Safepoint "Cleanup", Time since last: 2001615927 ns, Reaching safepoint: 104970 ns, At safepoint: 5100 ns, Total: 110070 ns
[2025-03-21T14:08:48.783+0000][7][safepoint   ] Safepoint "Cleanup", Time since last: 1000630740 ns, Reaching safepoint: 133784 ns, At safepoint: 6312 ns, Total: 140096 ns
[2025-03-21T14:08:49.784+0000][7][safepoint   ] Safepoint "Cleanup", Time since last: 1000185977 ns, Reaching safepoint: 174522 ns, At safepoint: 5661 ns, Total: 180183 ns
[2025-03-21T14:08:50.784+0000][7][safepoint   ] Safepoint "Cleanup", Time since last: 1000104979 ns, Reaching safepoint: 84541 ns, At safepoint: 4118 ns, Total: 88659 ns
[2025-03-21T14:08:51.784+0000][7][safepoint   ] Safepoint "Cleanup", Time since last: 1000386555 ns, Reaching safepoint: 197316 ns, At safepoint: 18035 ns, Total: 215351 ns
[2025-03-21T14:08:53.541+0000][7][safepoint   ] Safepoint "Cleanup", Time since last: 1756051314 ns, Reaching safepoint: 247080 ns, At safepoint: 14328 ns, Total: 261408 ns
[2025-03-21T14:08:55.542+0000][7][safepoint   ] Safepoint "Cleanup", Time since last: 2001344170 ns, Reaching safepoint: 93378 ns, At safepoint: 4298 ns, Total: 97676 ns
[2025-03-21T14:08:56.543+0000][7][safepoint   ] Safepoint "Cleanup", Time since last: 1000543285 ns, Reaching safepoint: 96634 ns, At safepoint: 3727 ns, Total: 100361 ns
[2025-03-21T14:08:57.543+0000][7][safepoint   ] Safepoint "Cleanup", Time since last: 1000589994 ns, Reaching safepoint: 97496 ns, At safepoint: 4068 ns, Total: 101564 ns
[2025-03-21T14:08:58.545+0000][7][safepoint   ] Safepoint "Cleanup", Time since last: 1000988362 ns, Reaching safepoint: 110952 ns, At safepoint: 4198 ns, Total: 115150 ns
[2025-03-21T14:09:00.547+0000][7][safepoint   ] Safepoint "Cleanup", Time since last: 2001872105 ns, Reaching safepoint: 988463 ns, At safepoint: 22523 ns, Total: 1010986 ns
[2025-03-21T14:09:00.790+0000][7][gc,start    ] GC(41) Pause Young (Normal) (G1 Evacuation Pause)
[2025-03-21T14:09:00.790+0000][7][gc,task     ] GC(41) Using 8 workers of 8 for evacuation
[2025-03-21T14:09:00.790+0000][7][gc,age      ] GC(41) Desired survivor size 18874368 bytes, new threshold 15 (max threshold 15)
[2025-03-21T14:09:00.794+0000][7][gc,age      ] GC(41) Age table with threshold 15 (max threshold 15)
[2025-03-21T14:09:00.794+0000][7][gc,age      ] GC(41) - age   1:    2962528 bytes,    2962528 total
[2025-03-21T14:09:00.794+0000][7][gc,age      ] GC(41) - age   2:      27640 bytes,    2990168 total
[2025-03-21T14:09:00.794+0000][7][gc,age      ] GC(41) - age   3:      48656 bytes,    3038824 total
[2025-03-21T14:09:00.794+0000][7][gc,age      ] GC(41) - age   4:     236656 bytes,    3275480 total
[2025-03-21T14:09:00.794+0000][7][gc,age      ] GC(41) - age   5:      11072 bytes,    3286552 total
[2025-03-21T14:09:00.794+0000][7][gc,age      ] GC(41) - age   6:       9912 bytes,    3296464 total
[2025-03-21T14:09:00.794+0000][7][gc,age      ] GC(41) - age   7:       4520 bytes,    3300984 total
[2025-03-21T14:09:00.794+0000][7][gc,age      ] GC(41) - age   8:     148568 bytes,    3449552 total
[2025-03-21T14:09:00.794+0000][7][gc,age      ] GC(41) - age   9:      18072 bytes,    3467624 total
[2025-03-21T14:09:00.794+0000][7][gc,age      ] GC(41) - age  10:     168048 bytes,    3635672 total
[2025-03-21T14:09:00.794+0000][7][gc,age      ] GC(41) - age  11:      28824 bytes,    3664496 total
[2025-03-21T14:09:00.794+0000][7][gc,age      ] GC(41) - age  12:       6144 bytes,    3670640 total
[2025-03-21T14:09:00.794+0000][7][gc,age      ] GC(41) - age  13:      24776 bytes,    3695416 total
[2025-03-21T14:09:00.794+0000][7][gc,age      ] GC(41) - age  14:      41672 bytes,    3737088 total
[2025-03-21T14:09:00.794+0000][7][gc,age      ] GC(41) - age  15:    1110176 bytes,    4847264 total
[2025-03-21T14:09:00.794+0000][7][gc,phases   ] GC(41)   Pre Evacuate Collection Set: 0.1ms
[2025-03-21T14:09:00.794+0000][7][gc,phases   ] GC(41)   Merge Heap Roots: 0.1ms
[2025-03-21T14:09:00.794+0000][7][gc,phases   ] GC(41)   Evacuate Collection Set: 2.5ms
[2025-03-21T14:09:00.794+0000][7][gc,phases   ] GC(41)   Post Evacuate Collection Set: 1.3ms
[2025-03-21T14:09:00.794+0000][7][gc,phases   ] GC(41)   Other: 0.2ms
[2025-03-21T14:09:00.794+0000][7][gc,heap     ] GC(41) Eden regions: 71->0(70)
[2025-03-21T14:09:00.794+0000][7][gc,heap     ] GC(41) Survivor regions: 1->2(9)
[2025-03-21T14:09:00.794+0000][7][gc,heap     ] GC(41) Old regions: 27->27
[2025-03-21T14:09:00.794+0000][7][gc,heap     ] GC(41) Archive regions: 2->2
[2025-03-21T14:09:00.794+0000][7][gc,heap     ] GC(41) Humongous regions: 5->5
[2025-03-21T14:09:00.794+0000][7][gc,metaspace] GC(41) Metaspace: 118882K(120512K)->118882K(120512K) NonClass: 103450K(104384K)->103450K(104384K) Class: 15432K(16128K)->15432K(16128K)
[2025-03-21T14:09:00.794+0000][7][gc          ] GC(41) Pause Young (Normal) (G1 Evacuation Pause) 415M->133M(512M) 4.283ms
[2025-03-21T14:09:00.794+0000][7][gc,cpu      ] GC(41) User=0.01s Sys=0.00s Real=0.00s
[2025-03-21T14:09:00.794+0000][7][safepoint   ] Safepoint "G1CollectForAllocation", Time since last: 241282225 ns, Reaching safepoint: 1068885 ns, At safepoint: 4376654 ns, Total: 5445539 ns
[2025-03-21T14:09:01.795+0000][7][safepoint   ] Safepoint "Cleanup", Time since last: 1000383026 ns, Reaching safepoint: 99790 ns, At safepoint: 6152 ns, Total: 105942 ns
[2025-03-21T14:09:03.797+0000][7][safepoint   ] Safepoint "Cleanup", Time since last: 2002064236 ns, Reaching safepoint: 97115 ns, At safepoint: 6462 ns, Total: 103577 ns
[2025-03-21T14:09:05.799+0000][7][safepoint   ] Safepoint "Cleanup", Time since last: 2001616799 ns, Reaching safepoint: 116842 ns, At safepoint: 5861 ns, Total: 122703 ns
[2025-03-21T14:09:06.799+0000][7][safepoint   ] Safepoint "Cleanup", Time since last: 1000384382 ns, Reaching safepoint: 84511 ns, At safepoint: 3497 ns, Total: 88008 ns
[2025-03-21T14:09:07.800+0000][7][safepoint   ] Safepoint "Cleanup", Time since last: 1000892680 ns, Reaching safepoint: 109979 ns, At safepoint: 5901 ns, Total: 115880 ns
[2025-03-21T14:09:08.801+0000][7][safepoint   ] Safepoint "Cleanup", Time since last: 1000821504 ns, Reaching safepoint: 214238 ns, At safepoint: 6082 ns, Total: 220320 ns
[2025-03-21T14:09:09.802+0000][7][safepoint   ] Safepoint "Cleanup", Time since last: 1000820753 ns, Reaching safepoint: 67709 ns, At safepoint: 3546 ns, Total: 71255 ns
[2025-03-21T14:09:10.803+0000][7][safepoint   ] Safepoint "Cleanup", Time since last: 1000984934 ns, Reaching safepoint: 361709 ns, At safepoint: 5080 ns, Total: 366789 ns
[2025-03-21T14:09:12.806+0000][7][safepoint   ] Safepoint "Cleanup", Time since last: 2001909126 ns, Reaching safepoint: 1093864 ns, At safepoint: 21541 ns, Total: 1115405 ns
[2025-03-21T14:09:13.807+0000][7][safepoint   ] Safepoint "Cleanup", Time since last: 1000608308 ns, Reaching safepoint: 84040 ns, At safepoint: 4108 ns, Total: 88148 ns
[2025-03-21T14:09:15.809+0000][7][safepoint   ] Safepoint "Cleanup", Time since last: 2001495939 ns, Reaching safepoint: 172228 ns, At safepoint: 7394 ns, Total: 179622 ns
[2025-03-21T14:09:18.811+0000][7][safepoint   ] Safepoint "Cleanup", Time since last: 3002512336 ns, Reaching safepoint: 174302 ns, At safepoint: 7504 ns, Total: 181806 ns
[2025-03-21T14:09:19.813+0000][7][safepoint   ] Safepoint "Cleanup", Time since last: 1001024581 ns, Reaching safepoint: 104248 ns, At safepoint: 4138 ns, Total: 108386 ns
[2025-03-21T14:09:20.813+0000][7][safepoint   ] Safepoint "Cleanup", Time since last: 1000463832 ns, Reaching safepoint: 83118 ns, At safepoint: 3256 ns, Total: 86374 ns
[2025-03-21T14:09:21.814+0000][7][safepoint   ] Safepoint "Cleanup", Time since last: 1000688323 ns, Reaching safepoint: 73300 ns, At safepoint: 3236 ns, Total: 76536 ns
[2025-03-21T14:09:23.815+0000][7][safepoint   ] Safepoint "Cleanup", Time since last: 2001414955 ns, Reaching safepoint: 89651 ns, At safepoint: 4138 ns, Total: 93789 ns
[2025-03-21T14:09:24.816+0000][7][safepoint   ] Safepoint "Cleanup", Time since last: 1000595422 ns, Reaching safepoint: 128856 ns, At safepoint: 4037 ns, Total: 132893 ns
[2025-03-21T14:09:25.817+0000][7][safepoint   ] Safepoint "Cleanup", Time since last: 1000501197 ns, Reaching safepoint: 126040 ns, At safepoint: 6492 ns, Total: 132532 ns
[2025-03-21T14:09:27.818+0000][7][safepoint   ] Safepoint "Cleanup", Time since last: 2001321551 ns, Reaching safepoint: 58842 ns, At safepoint: 3758 ns, Total: 62600 ns
[2025-03-21T14:09:28.819+0000][7][safepoint   ] Safepoint "Cleanup", Time since last: 1000960083 ns, Reaching safepoint: 124176 ns, At safepoint: 4118 ns, Total: 128294 ns
[2025-03-21T14:09:30.821+0000][7][safepoint   ] Safepoint "Cleanup", Time since last: 2001444592 ns, Reaching safepoint: 123175 ns, At safepoint: 4909 ns, Total: 128084 ns
[2025-03-21T14:09:31.821+0000][7][safepoint   ] Safepoint "Cleanup", Time since last: 1000411151 ns, Reaching safepoint: 99700 ns, At safepoint: 4428 ns, Total: 104128 ns
[2025-03-21T14:09:33.822+0000][7][safepoint   ] Safepoint "Cleanup", Time since last: 2000942713 ns, Reaching safepoint: 192968 ns, At safepoint: 7244 ns, Total: 200212 ns
[2025-03-21T14:09:35.824+0000][7][safepoint   ] Safepoint "Cleanup", Time since last: 2001183928 ns, Reaching safepoint: 69743 ns, At safepoint: 3256 ns, Total: 72999 ns
[2025-03-21T14:09:36.824+0000][7][safepoint   ] Safepoint "Cleanup", Time since last: 1000381124 ns, Reaching safepoint: 86154 ns, At safepoint: 3547 ns, Total: 89701 ns
[2025-03-21T14:09:37.825+0000][7][safepoint   ] Safepoint "Cleanup", Time since last: 1000671041 ns, Reaching safepoint: 88639 ns, At safepoint: 3847 ns, Total: 92486 ns
[2025-03-21T14:09:38.825+0000][7][safepoint   ] Safepoint "Cleanup", Time since last: 1000281476 ns, Reaching safepoint: 117904 ns, At safepoint: 4679 ns, Total: 122583 ns
[2025-03-21T14:09:39.826+0000][7][safepoint   ] Safepoint "Cleanup", Time since last: 1000319528 ns, Reaching safepoint: 120750 ns, At safepoint: 5440 ns, Total: 126190 ns
[2025-03-21T14:09:40.826+0000][7][safepoint   ] Safepoint "Cleanup", Time since last: 1000374472 ns, Reaching safepoint: 50356 ns, At safepoint: 3046 ns, Total: 53402 ns
[2025-03-21T14:09:42.828+0000][7][safepoint   ] Safepoint "Cleanup", Time since last: 2002014187 ns, Reaching safepoint: 93337 ns, At safepoint: 4779 ns, Total: 98116 ns
[2025-03-21T14:09:43.829+0000][7][safepoint   ] Safepoint "Cleanup", Time since last: 1000558654 ns, Reaching safepoint: 100832 ns, At safepoint: 3687 ns, Total: 104519 ns
[2025-03-21T14:09:45.830+0000][7][safepoint   ] Safepoint "Cleanup", Time since last: 2001008211 ns, Reaching safepoint: 124958 ns, At safepoint: 5841 ns, Total: 130799 ns
[2025-03-21T14:09:48.832+0000][7][safepoint   ] Safepoint "Cleanup", Time since last: 3001330986 ns, Reaching safepoint: 103908 ns, At safepoint: 4038 ns, Total: 107946 ns
[2025-03-21T14:09:49.832+0000][7][safepoint   ] Safepoint "Cleanup", Time since last: 1000744883 ns, Reaching safepoint: 96033 ns, At safepoint: 5691 ns, Total: 101724 ns
[2025-03-21T14:09:50.833+0000][7][safepoint   ] Safepoint "Cleanup", Time since last: 1000163455 ns, Reaching safepoint: 138163 ns, At safepoint: 4338 ns, Total: 142501 ns
[2025-03-21T14:09:51.833+0000][7][safepoint   ] Safepoint "Cleanup", Time since last: 1000563990 ns, Reaching safepoint: 111653 ns, At safepoint: 4658 ns, Total: 116311 ns
[2025-03-21T14:09:53.835+0000][7][safepoint   ] Safepoint "Cleanup", Time since last: 2001025003 ns, Reaching safepoint: 614935 ns, At safepoint: 6553 ns, Total: 621488 ns
[2025-03-21T14:09:54.836+0000][7][safepoint   ] Safepoint "Cleanup", Time since last: 1000752363 ns, Reaching safepoint: 87907 ns, At safepoint: 2635 ns, Total: 90542 ns
[2025-03-21T14:09:55.836+0000][7][safepoint   ] Safepoint "Cleanup", Time since last: 1000304706 ns, Reaching safepoint: 103487 ns, At safepoint: 16021 ns, Total: 119508 ns
[2025-03-21T14:09:56.837+0000][7][safepoint   ] Safepoint "Cleanup", Time since last: 1000307300 ns, Reaching safepoint: 189872 ns, At safepoint: 5981 ns, Total: 195853 ns
[2025-03-21T14:09:57.838+0000][7][safepoint   ] Safepoint "Cleanup", Time since last: 1000689874 ns, Reaching safepoint: 230469 ns, At safepoint: 5941 ns, Total: 236410 ns
[2025-03-21T14:09:58.838+0000][7][safepoint   ] Safepoint "Cleanup", Time since last: 1000663242 ns, Reaching safepoint: 100030 ns, At safepoint: 3647 ns, Total: 103677 ns
[2025-03-21T14:10:00.839+0000][7][safepoint   ] Safepoint "Cleanup", Time since last: 2000445179 ns, Reaching safepoint: 73148 ns, At safepoint: 6934 ns, Total: 80082 ns
[2025-03-21T14:10:01.839+0000][7][safepoint   ] Safepoint "Cleanup", Time since last: 1000307057 ns, Reaching safepoint: 143533 ns, At safepoint: 4468 ns, Total: 148001 ns
[2025-03-21T14:10:03.841+0000][7][safepoint   ] Safepoint "Cleanup", Time since last: 2001566171 ns, Reaching safepoint: 118746 ns, At safepoint: 4729 ns, Total: 123475 ns
[2025-03-21T14:10:05.843+0000][7][safepoint   ] Safepoint "Cleanup", Time since last: 2001345063 ns, Reaching safepoint: 149624 ns, At safepoint: 6753 ns, Total: 156377 ns
[2025-03-21T14:10:06.792+0000][7][gc,start    ] GC(42) Pause Young (Normal) (G1 Evacuation Pause)
[2025-03-21T14:10:06.792+0000][7][gc,task     ] GC(42) Using 8 workers of 8 for evacuation
[2025-03-21T14:10:06.792+0000][7][gc,age      ] GC(42) Desired survivor size 18874368 bytes, new threshold 15 (max threshold 15)
[2025-03-21T14:10:06.796+0000][7][gc,age      ] GC(42) Age table with threshold 15 (max threshold 15)
[2025-03-21T14:10:06.796+0000][7][gc,age      ] GC(42) - age   1:    1240936 bytes,    1240936 total
[2025-03-21T14:10:06.796+0000][7][gc,age      ] GC(42) - age   2:      13312 bytes,    1254248 total
[2025-03-21T14:10:06.796+0000][7][gc,age      ] GC(42) - age   3:      25344 bytes,    1279592 total
[2025-03-21T14:10:06.796+0000][7][gc,age      ] GC(42) - age   4:      48400 bytes,    1327992 total
[2025-03-21T14:10:06.796+0000][7][gc,age      ] GC(42) - age   5:     236656 bytes,    1564648 total
[2025-03-21T14:10:06.796+0000][7][gc,age      ] GC(42) - age   6:      10944 bytes,    1575592 total
[2025-03-21T14:10:06.796+0000][7][gc,age      ] GC(42) - age   7:       9912 bytes,    1585504 total
[2025-03-21T14:10:06.796+0000][7][gc,age      ] GC(42) - age   8:       4520 bytes,    1590024 total
[2025-03-21T14:10:06.796+0000][7][gc,age      ] GC(42) - age   9:     148368 bytes,    1738392 total
[2025-03-21T14:10:06.796+0000][7][gc,age      ] GC(42) - age  10:      18072 bytes,    1756464 total
[2025-03-21T14:10:06.796+0000][7][gc,age      ] GC(42) - age  11:     165872 bytes,    1922336 total
[2025-03-21T14:10:06.796+0000][7][gc,age      ] GC(42) - age  12:      28824 bytes,    1951160 total
[2025-03-21T14:10:06.796+0000][7][gc,age      ] GC(42) - age  13:       6144 bytes,    1957304 total
[2025-03-21T14:10:06.796+0000][7][gc,age      ] GC(42) - age  14:      24776 bytes,    1982080 total
[2025-03-21T14:10:06.796+0000][7][gc,age      ] GC(42) - age  15:      41672 bytes,    2023752 total
[2025-03-21T14:10:06.796+0000][7][gc,phases   ] GC(42)   Pre Evacuate Collection Set: 0.2ms
[2025-03-21T14:10:06.796+0000][7][gc,phases   ] GC(42)   Merge Heap Roots: 0.1ms
[2025-03-21T14:10:06.796+0000][7][gc,phases   ] GC(42)   Evacuate Collection Set: 2.3ms
[2025-03-21T14:10:06.796+0000][7][gc,phases   ] GC(42)   Post Evacuate Collection Set: 0.8ms
[2025-03-21T14:10:06.796+0000][7][gc,phases   ] GC(42)   Other: 0.2ms
[2025-03-21T14:10:06.796+0000][7][gc,heap     ] GC(42) Eden regions: 70->0(71)
[2025-03-21T14:10:06.796+0000][7][gc,heap     ] GC(42) Survivor regions: 2->1(9)
[2025-03-21T14:10:06.796+0000][7][gc,heap     ] GC(42) Old regions: 27->27
[2025-03-21T14:10:06.796+0000][7][gc,heap     ] GC(42) Archive regions: 2->2
[2025-03-21T14:10:06.796+0000][7][gc,heap     ] GC(42) Humongous regions: 5->5
[2025-03-21T14:10:06.796+0000][7][gc,metaspace] GC(42) Metaspace: 118912K(120512K)->118912K(120512K) NonClass: 103479K(104384K)->103479K(104384K) Class: 15432K(16128K)->15432K(16128K)
[2025-03-21T14:10:06.796+0000][7][gc          ] GC(42) Pause Young (Normal) (G1 Evacuation Pause) 413M->132M(512M) 3.647ms
[2025-03-21T14:10:06.796+0000][7][gc,cpu      ] GC(42) User=0.01s Sys=0.00s Real=0.00s
[2025-03-21T14:10:06.796+0000][7][safepoint   ] Safepoint "G1CollectForAllocation", Time since last: 949570940 ns, Reaching safepoint: 127332 ns, At safepoint: 3723797 ns, Total: 3851129 ns
[2025-03-21T14:10:07.796+0000][7][safepoint   ] Safepoint "Cleanup", Time since last: 1000137516 ns, Reaching safepoint: 173801 ns, At safepoint: 4929 ns, Total: 178730 ns
[2025-03-21T14:10:08.797+0000][7][safepoint   ] Safepoint "Cleanup", Time since last: 1000543545 ns, Reaching safepoint: 181395 ns, At safepoint: 5901 ns, Total: 187296 ns
[2025-03-21T14:10:09.798+0000][7][safepoint   ] Safepoint "Cleanup", Time since last: 1001050830 ns, Reaching safepoint: 113126 ns, At safepoint: 3677 ns, Total: 116803 ns
[2025-03-21T14:10:10.799+0000][7][safepoint   ] Safepoint "Cleanup", Time since last: 1000317827 ns, Reaching safepoint: 133724 ns, At safepoint: 5250 ns, Total: 138974 ns
[2025-03-21T14:10:12.802+0000][7][safepoint   ] Safepoint "Cleanup", Time since last: 2001960023 ns, Reaching safepoint: 1055086 ns, At safepoint: 9007 ns, Total: 1064093 ns
[2025-03-21T14:10:13.803+0000][7][safepoint   ] Safepoint "Cleanup", Time since last: 1000995503 ns, Reaching safepoint: 173511 ns, At safepoint: 4779 ns, Total: 178290 ns
[2025-03-21T14:10:15.804+0000][7][safepoint   ] Safepoint "Cleanup", Time since last: 2001385017 ns, Reaching safepoint: 84771 ns, At safepoint: 5200 ns, Total: 89971 ns
[2025-03-21T14:10:18.807+0000][7][safepoint   ] Safepoint "Cleanup", Time since last: 3002520433 ns, Reaching safepoint: 84551 ns, At safepoint: 5189 ns, Total: 89740 ns
[2025-03-21T14:10:19.808+0000][7][safepoint   ] Safepoint "Cleanup", Time since last: 1000482133 ns, Reaching safepoint: 92677 ns, At safepoint: 2955 ns, Total: 95632 ns
[2025-03-21T14:10:20.808+0000][7][safepoint   ] Safepoint "Cleanup", Time since last: 1000521914 ns, Reaching safepoint: 109999 ns, At safepoint: 3978 ns, Total: 113977 ns
[2025-03-21T14:10:21.809+0000][7][safepoint   ] Safepoint "Cleanup", Time since last: 1000708638 ns, Reaching safepoint: 105862 ns, At safepoint: 4588 ns, Total: 110450 ns
[2025-03-21T14:10:23.810+0000][7][safepoint   ] Safepoint "Cleanup", Time since last: 2001095940 ns, Reaching safepoint: 92747 ns, At safepoint: 5400 ns, Total: 98147 ns
[2025-03-21T14:10:24.812+0000][7][safepoint   ] Safepoint "Cleanup", Time since last: 1000483062 ns, Reaching safepoint: 1541045 ns, At safepoint: 24567 ns, Total: 1565612 ns
[2025-03-21T14:10:25.813+0000][7][safepoint   ] Safepoint "Cleanup", Time since last: 1000452338 ns, Reaching safepoint: 130589 ns, At safepoint: 8566 ns, Total: 139155 ns
[2025-03-21T14:10:27.814+0000][7][safepoint   ] Safepoint "Cleanup", Time since last: 2000730367 ns, Reaching safepoint: 125980 ns, At safepoint: 6001 ns, Total: 131981 ns
[2025-03-21T14:10:28.815+0000][7][safepoint   ] Safepoint "Cleanup", Time since last: 1001194404 ns, Reaching safepoint: 85253 ns, At safepoint: 6061 ns, Total: 91314 ns
[2025-03-21T14:10:30.817+0000][7][safepoint   ] Safepoint "Cleanup", Time since last: 2002018367 ns, Reaching safepoint: 90621 ns, At safepoint: 6723 ns, Total: 97344 ns
[2025-03-21T14:10:31.818+0000][7][safepoint   ] Safepoint "Cleanup", Time since last: 1000657463 ns, Reaching safepoint: 78389 ns, At safepoint: 3888 ns, Total: 82277 ns
[2025-03-21T14:10:33.818+0000][7][safepoint   ] Safepoint "Cleanup", Time since last: 2000349631 ns, Reaching safepoint: 98908 ns, At safepoint: 5010 ns, Total: 103918 ns
[2025-03-21T14:10:35.820+0000][7][safepoint   ] Safepoint "Cleanup", Time since last: 2001692393 ns, Reaching safepoint: 72708 ns, At safepoint: 3677 ns, Total: 76385 ns
[2025-03-21T14:10:36.820+0000][7][safepoint   ] Safepoint "Cleanup", Time since last: 1000278441 ns, Reaching safepoint: 99389 ns, At safepoint: 3858 ns, Total: 103247 ns
[2025-03-21T14:10:37.821+0000][7][safepoint   ] Safepoint "Cleanup", Time since last: 1000777164 ns, Reaching safepoint: 166868 ns, At safepoint: 5560 ns, Total: 172428 ns
[2025-03-21T14:10:38.822+0000][7][safepoint   ] Safepoint "Cleanup", Time since last: 1000201860 ns, Reaching safepoint: 83910 ns, At safepoint: 3347 ns, Total: 87257 ns
[2025-03-21T14:10:39.822+0000][7][safepoint   ] Safepoint "Cleanup", Time since last: 1000520173 ns, Reaching safepoint: 110841 ns, At safepoint: 5781 ns, Total: 116622 ns
[2025-03-21T14:10:40.823+0000][7][safepoint   ] Safepoint "Cleanup", Time since last: 1000743221 ns, Reaching safepoint: 93487 ns, At safepoint: 7093 ns, Total: 100580 ns
[2025-03-21T14:10:42.824+0000][7][safepoint   ] Safepoint "Cleanup", Time since last: 2001118413 ns, Reaching safepoint: 119237 ns, At safepoint: 5551 ns, Total: 124788 ns
[2025-03-21T14:10:43.825+0000][7][safepoint   ] Safepoint "Cleanup", Time since last: 1000675096 ns, Reaching safepoint: 133995 ns, At safepoint: 3988 ns, Total: 137983 ns
[2025-03-21T14:10:44.826+0000][7][safepoint   ] Safepoint "Cleanup", Time since last: 1000109238 ns, Reaching safepoint: 148172 ns, At safepoint: 4329 ns, Total: 152501 ns
[2025-03-21T14:10:45.827+0000][7][safepoint   ] Safepoint "Cleanup", Time since last: 1001100344 ns, Reaching safepoint: 141901 ns, At safepoint: 14718 ns, Total: 156619 ns
[2025-03-21T14:10:48.829+0000][7][safepoint   ] Safepoint "Cleanup", Time since last: 3002063104 ns, Reaching safepoint: 105942 ns, At safepoint: 4358 ns, Total: 110300 ns
[2025-03-21T14:10:49.830+0000][7][safepoint   ] Safepoint "Cleanup", Time since last: 1000846263 ns, Reaching safepoint: 107504 ns, At safepoint: 4970 ns, Total: 112474 ns
[2025-03-21T14:10:50.832+0000][7][safepoint   ] Safepoint "Cleanup", Time since last: 1000528246 ns, Reaching safepoint: 1063064 ns, At safepoint: 15540 ns, Total: 1078604 ns
[2025-03-21T14:10:51.832+0000][7][safepoint   ] Safepoint "Cleanup", Time since last: 1000196397 ns, Reaching safepoint: 98347 ns, At safepoint: 3748 ns, Total: 102095 ns
[2025-03-21T14:10:53.833+0000][7][safepoint   ] Safepoint "Cleanup", Time since last: 2001381482 ns, Reaching safepoint: 85562 ns, At safepoint: 4008 ns, Total: 89570 ns
[2025-03-21T14:10:54.834+0000][7][safepoint   ] Safepoint "Cleanup", Time since last: 1000442064 ns, Reaching safepoint: 83189 ns, At safepoint: 3586 ns, Total: 86775 ns
[2025-03-21T14:10:55.835+0000][7][safepoint   ] Safepoint "Cleanup", Time since last: 1001125144 ns, Reaching safepoint: 79211 ns, At safepoint: 3316 ns, Total: 82527 ns
[2025-03-21T14:10:57.836+0000][7][safepoint   ] Safepoint "Cleanup", Time since last: 2000955076 ns, Reaching safepoint: 119177 ns, At safepoint: 4318 ns, Total: 123495 ns
[2025-03-21T14:10:58.837+0000][7][safepoint   ] Safepoint "Cleanup", Time since last: 1001019107 ns, Reaching safepoint: 89640 ns, At safepoint: 4238 ns, Total: 93878 ns
[2025-03-21T14:11:00.840+0000][7][safepoint   ] Safepoint "Cleanup", Time since last: 2002160978 ns, Reaching safepoint: 128775 ns, At safepoint: 4158 ns, Total: 132933 ns
[2025-03-21T14:11:01.820+0000][7][gc,start    ] GC(43) Pause Young (Normal) (G1 Evacuation Pause)
[2025-03-21T14:11:01.820+0000][7][gc,task     ] GC(43) Using 8 workers of 8 for evacuation
[2025-03-21T14:11:01.820+0000][7][gc,age      ] GC(43) Desired survivor size 18874368 bytes, new threshold 15 (max threshold 15)
[2025-03-21T14:11:01.824+0000][7][gc,age      ] GC(43) Age table with threshold 15 (max threshold 15)
[2025-03-21T14:11:01.824+0000][7][gc,age      ] GC(43) - age   1:    2798104 bytes,    2798104 total
[2025-03-21T14:11:01.824+0000][7][gc,age      ] GC(43) - age   2:     278936 bytes,    3077040 total
[2025-03-21T14:11:01.824+0000][7][gc,age      ] GC(43) - age   3:       9688 bytes,    3086728 total
[2025-03-21T14:11:01.824+0000][7][gc,age      ] GC(43) - age   4:       5864 bytes,    3092592 total
[2025-03-21T14:11:01.824+0000][7][gc,age      ] GC(43) - age   5:       9728 bytes,    3102320 total
[2025-03-21T14:11:01.824+0000][7][gc,age      ] GC(43) - age   6:     171648 bytes,    3273968 total
[2025-03-21T14:11:01.824+0000][7][gc,age      ] GC(43) - age   7:      10944 bytes,    3284912 total
[2025-03-21T14:11:01.824+0000][7][gc,age      ] GC(43) - age   8:       9840 bytes,    3294752 total
[2025-03-21T14:11:01.824+0000][7][gc,age      ] GC(43) - age   9:       4488 bytes,    3299240 total
[2025-03-21T14:11:01.824+0000][7][gc,age      ] GC(43) - age  10:     148344 bytes,    3447584 total
[2025-03-21T14:11:01.824+0000][7][gc,age      ] GC(43) - age  11:      18072 bytes,    3465656 total
[2025-03-21T14:11:01.824+0000][7][gc,age      ] GC(43) - age  12:     165872 bytes,    3631528 total
[2025-03-21T14:11:01.824+0000][7][gc,age      ] GC(43) - age  13:      28824 bytes,    3660352 total
[2025-03-21T14:11:01.824+0000][7][gc,age      ] GC(43) - age  14:       6112 bytes,    3666464 total
[2025-03-21T14:11:01.824+0000][7][gc,age      ] GC(43) - age  15:      24776 bytes,    3691240 total
[2025-03-21T14:11:01.824+0000][7][gc,phases   ] GC(43)   Pre Evacuate Collection Set: 0.1ms
[2025-03-21T14:11:01.824+0000][7][gc,phases   ] GC(43)   Merge Heap Roots: 0.1ms
[2025-03-21T14:11:01.824+0000][7][gc,phases   ] GC(43)   Evacuate Collection Set: 2.5ms
[2025-03-21T14:11:01.824+0000][7][gc,phases   ] GC(43)   Post Evacuate Collection Set: 1.1ms
[2025-03-21T14:11:01.824+0000][7][gc,phases   ] GC(43)   Other: 0.2ms
[2025-03-21T14:11:01.824+0000][7][gc,heap     ] GC(43) Eden regions: 71->0(71)
[2025-03-21T14:11:01.824+0000][7][gc,heap     ] GC(43) Survivor regions: 1->1(9)
[2025-03-21T14:11:01.824+0000][7][gc,heap     ] GC(43) Old regions: 27->27
[2025-03-21T14:11:01.824+0000][7][gc,heap     ] GC(43) Archive regions: 2->2
[2025-03-21T14:11:01.824+0000][7][gc,heap     ] GC(43) Humongous regions: 5->5
[2025-03-21T14:11:01.824+0000][7][gc,metaspace] GC(43) Metaspace: 118944K(120576K)->118944K(120576K) NonClass: 103511K(104448K)->103511K(104448K) Class: 15432K(16128K)->15432K(16128K)
[2025-03-21T14:11:01.824+0000][7][gc          ] GC(43) Pause Young (Normal) (G1 Evacuation Pause) 415M->133M(512M) 3.978ms
[2025-03-21T14:11:01.824+0000][7][gc,cpu      ] GC(43) User=0.01s Sys=0.00s Real=0.01s
[2025-03-21T14:11:01.824+0000][7][safepoint   ] Safepoint "G1CollectForAllocation", Time since last: 980149660 ns, Reaching safepoint: 82106 ns, At safepoint: 4154168 ns, Total: 4236274 ns
[2025-03-21T14:11:02.824+0000][7][safepoint   ] Safepoint "Cleanup", Time since last: 1000327787 ns, Reaching safepoint: 62960 ns, At safepoint: 5431 ns, Total: 68391 ns
[2025-03-21T14:11:03.825+0000][7][safepoint   ] Safepoint "Cleanup", Time since last: 1001028256 ns, Reaching safepoint: 98197 ns, At safepoint: 3958 ns, Total: 102155 ns
[2025-03-21T14:11:05.826+0000][7][safepoint   ] Safepoint "Cleanup", Time since last: 2000778194 ns, Reaching safepoint: 97716 ns, At safepoint: 4138 ns, Total: 101854 ns
[2025-03-21T14:11:06.827+0000][7][safepoint   ] Safepoint "Cleanup", Time since last: 1000664460 ns, Reaching safepoint: 111131 ns, At safepoint: 5781 ns, Total: 116912 ns
[2025-03-21T14:11:07.828+0000][7][safepoint   ] Safepoint "Cleanup", Time since last: 1000206073 ns, Reaching safepoint: 214889 ns, At safepoint: 21711 ns, Total: 236600 ns
[2025-03-21T14:11:08.828+0000][7][safepoint   ] Safepoint "Cleanup", Time since last: 1000704464 ns, Reaching safepoint: 202123 ns, At safepoint: 7695 ns, Total: 209818 ns
[2025-03-21T14:11:09.830+0000][7][safepoint   ] Safepoint "Cleanup", Time since last: 1001019910 ns, Reaching safepoint: 163281 ns, At safepoint: 5270 ns, Total: 168551 ns
[2025-03-21T14:11:10.830+0000][7][safepoint   ] Safepoint "Cleanup", Time since last: 1000287073 ns, Reaching safepoint: 113586 ns, At safepoint: 5871 ns, Total: 119457 ns
[2025-03-21T14:11:12.832+0000][7][safepoint   ] Safepoint "Cleanup", Time since last: 2001477264 ns, Reaching safepoint: 85152 ns, At safepoint: 3546 ns, Total: 88698 ns
[2025-03-21T14:11:13.833+0000][7][safepoint   ] Safepoint "Cleanup", Time since last: 1001036747 ns, Reaching safepoint: 102225 ns, At safepoint: 3827 ns, Total: 106052 ns
[2025-03-21T14:11:15.834+0000][7][safepoint   ] Safepoint "Cleanup", Time since last: 2000813009 ns, Reaching safepoint: 89140 ns, At safepoint: 3747 ns, Total: 92887 ns
[2025-03-21T14:11:18.836+0000][7][safepoint   ] Safepoint "Cleanup", Time since last: 3002082768 ns, Reaching safepoint: 70064 ns, At safepoint: 3206 ns, Total: 73270 ns
[2025-03-21T14:11:19.836+0000][7][safepoint   ] Safepoint "Cleanup", Time since last: 1000509453 ns, Reaching safepoint: 82337 ns, At safepoint: 3287 ns, Total: 85624 ns
[2025-03-21T14:11:20.837+0000][7][safepoint   ] Safepoint "Cleanup", Time since last: 1000348605 ns, Reaching safepoint: 88158 ns, At safepoint: 4008 ns, Total: 92166 ns
[2025-03-21T14:11:21.838+0000][7][safepoint   ] Safepoint "Cleanup", Time since last: 1001211525 ns, Reaching safepoint: 131691 ns, At safepoint: 5671 ns, Total: 137362 ns
[2025-03-21T14:11:23.840+0000][7][safepoint   ] Safepoint "Cleanup", Time since last: 2001490741 ns, Reaching safepoint: 164022 ns, At safepoint: 7815 ns, Total: 171837 ns
[2025-03-21T14:11:24.841+0000][7][safepoint   ] Safepoint "Cleanup", Time since last: 1000647462 ns, Reaching safepoint: 83990 ns, At safepoint: 4399 ns, Total: 88389 ns
[2025-03-21T14:11:25.841+0000][7][safepoint   ] Safepoint "Cleanup", Time since last: 1000520563 ns, Reaching safepoint: 140146 ns, At safepoint: 4429 ns, Total: 144575 ns
[2025-03-21T14:11:27.843+0000][7][safepoint   ] Safepoint "Cleanup", Time since last: 2001218936 ns, Reaching safepoint: 105842 ns, At safepoint: 8676 ns, Total: 114518 ns
[2025-03-21T14:11:28.844+0000][7][safepoint   ] Safepoint "Cleanup", Time since last: 1001144488 ns, Reaching safepoint: 92096 ns, At safepoint: 3587 ns, Total: 95683 ns
[2025-03-21T14:11:30.845+0000][7][safepoint   ] Safepoint "Cleanup", Time since last: 2001436721 ns, Reaching safepoint: 111102 ns, At safepoint: 10259 ns, Total: 121361 ns
[2025-03-21T14:11:31.847+0000][7][safepoint   ] Safepoint "Cleanup", Time since last: 1000995536 ns, Reaching safepoint: 149886 ns, At safepoint: 7364 ns, Total: 157250 ns
[2025-03-21T14:11:33.848+0000][7][safepoint   ] Safepoint "Cleanup", Time since last: 2001710638 ns, Reaching safepoint: 200833 ns, At safepoint: 7544 ns, Total: 208377 ns
[2025-03-21T14:11:34.849+0000][7][safepoint   ] Safepoint "Cleanup", Time since last: 1000384646 ns, Reaching safepoint: 93889 ns, At safepoint: 3968 ns, Total: 97857 ns
[2025-03-21T14:11:35.850+0000][7][safepoint   ] Safepoint "Cleanup", Time since last: 1000644024 ns, Reaching safepoint: 107906 ns, At safepoint: 4228 ns, Total: 112134 ns
[2025-03-21T14:11:36.850+0000][7][safepoint   ] Safepoint "Cleanup", Time since last: 1000642136 ns, Reaching safepoint: 100903 ns, At safepoint: 3957 ns, Total: 104860 ns
[2025-03-21T14:11:37.851+0000][7][safepoint   ] Safepoint "Cleanup", Time since last: 1000824549 ns, Reaching safepoint: 147691 ns, At safepoint: 4419 ns, Total: 152110 ns
[2025-03-21T14:11:38.852+0000][7][safepoint   ] Safepoint "Cleanup", Time since last: 1000213260 ns, Reaching safepoint: 83259 ns, At safepoint: 3526 ns, Total: 86785 ns
[2025-03-21T14:11:39.853+0000][7][safepoint   ] Safepoint "Cleanup", Time since last: 1001001929 ns, Reaching safepoint: 101363 ns, At safepoint: 5691 ns, Total: 107054 ns
[2025-03-21T14:11:42.856+0000][7][safepoint   ] Safepoint "Cleanup", Time since last: 3002979838 ns, Reaching safepoint: 108917 ns, At safepoint: 4749 ns, Total: 113666 ns
[2025-03-21T14:11:43.857+0000][7][safepoint   ] Safepoint "Cleanup", Time since last: 1000770868 ns, Reaching safepoint: 102520 ns, At safepoint: 8787 ns, Total: 111307 ns
[2025-03-21T14:11:45.858+0000][7][safepoint   ] Safepoint "Cleanup", Time since last: 2000929869 ns, Reaching safepoint: 136811 ns, At safepoint: 7474 ns, Total: 144285 ns
[2025-03-21T14:11:48.859+0000][7][safepoint   ] Safepoint "Cleanup", Time since last: 3001414869 ns, Reaching safepoint: 133494 ns, At safepoint: 5321 ns, Total: 138815 ns
[2025-03-21T14:11:49.860+0000][7][safepoint   ] Safepoint "Cleanup", Time since last: 1000538003 ns, Reaching safepoint: 156809 ns, At safepoint: 5120 ns, Total: 161929 ns
[2025-03-21T14:11:50.861+0000][7][safepoint   ] Safepoint "Cleanup", Time since last: 1000808742 ns, Reaching safepoint: 253234 ns, At safepoint: 8947 ns, Total: 262181 ns
[2025-03-21T14:11:51.862+0000][7][safepoint   ] Safepoint "Cleanup", Time since last: 1000632203 ns, Reaching safepoint: 141109 ns, At safepoint: 5461 ns, Total: 146570 ns
[2025-03-21T14:11:53.863+0000][7][safepoint   ] Safepoint "Cleanup", Time since last: 2000787960 ns, Reaching safepoint: 84872 ns, At safepoint: 3617 ns, Total: 88489 ns
[2025-03-21T14:11:54.863+0000][7][safepoint   ] Safepoint "Cleanup", Time since last: 1000509451 ns, Reaching safepoint: 76926 ns, At safepoint: 3818 ns, Total: 80744 ns
[2025-03-21T14:11:55.864+0000][7][safepoint   ] Safepoint "Cleanup", Time since last: 1000736555 ns, Reaching safepoint: 98077 ns, At safepoint: 4098 ns, Total: 102175 ns
[2025-03-21T14:11:57.865+0000][7][safepoint   ] Safepoint "Cleanup", Time since last: 2000865579 ns, Reaching safepoint: 123154 ns, At safepoint: 3958 ns, Total: 127112 ns
[2025-03-21T14:11:58.866+0000][7][safepoint   ] Safepoint "Cleanup", Time since last: 1000673928 ns, Reaching safepoint: 129958 ns, At safepoint: 3987 ns, Total: 133945 ns
[2025-03-21T14:12:00.821+0000][7][gc,start    ] GC(44) Pause Young (Normal) (G1 Evacuation Pause)
[2025-03-21T14:12:00.821+0000][7][gc,task     ] GC(44) Using 8 workers of 8 for evacuation
[2025-03-21T14:12:00.821+0000][7][gc,age      ] GC(44) Desired survivor size 18874368 bytes, new threshold 15 (max threshold 15)
[2025-03-21T14:12:00.827+0000][7][gc,age      ] GC(44) Age table with threshold 15 (max threshold 15)
[2025-03-21T14:12:00.827+0000][7][gc,age      ] GC(44) - age   1:    2187880 bytes,    2187880 total
[2025-03-21T14:12:00.827+0000][7][gc,age      ] GC(44) - age   2:      88744 bytes,    2276624 total
[2025-03-21T14:12:00.827+0000][7][gc,age      ] GC(44) - age   3:      16272 bytes,    2292896 total
[2025-03-21T14:12:00.827+0000][7][gc,age      ] GC(44) - age   4:       9432 bytes,    2302328 total
[2025-03-21T14:12:00.827+0000][7][gc,age      ] GC(44) - age   5:       5552 bytes,    2307880 total
[2025-03-21T14:12:00.827+0000][7][gc,age      ] GC(44) - age   6:       9264 bytes,    2317144 total
[2025-03-21T14:12:00.827+0000][7][gc,age      ] GC(44) - age   7:     171584 bytes,    2488728 total
[2025-03-21T14:12:00.827+0000][7][gc,age      ] GC(44) - age   8:      10720 bytes,    2499448 total
[2025-03-21T14:12:00.827+0000][7][gc,age      ] GC(44) - age   9:       9840 bytes,    2509288 total
[2025-03-21T14:12:00.827+0000][7][gc,age      ] GC(44) - age  10:       4488 bytes,    2513776 total
[2025-03-21T14:12:00.827+0000][7][gc,age      ] GC(44) - age  11:     147656 bytes,    2661432 total
[2025-03-21T14:12:00.827+0000][7][gc,age      ] GC(44) - age  12:      17624 bytes,    2679056 total
[2025-03-21T14:12:00.827+0000][7][gc,age      ] GC(44) - age  13:     118528 bytes,    2797584 total
[2025-03-21T14:12:00.827+0000][7][gc,age      ] GC(44) - age  14:      17784 bytes,    2815368 total
[2025-03-21T14:12:00.827+0000][7][gc,age      ] GC(44) - age  15:       6112 bytes,    2821480 total
[2025-03-21T14:12:00.827+0000][7][gc,phases   ] GC(44)   Pre Evacuate Collection Set: 0.1ms
[2025-03-21T14:12:00.827+0000][7][gc,phases   ] GC(44)   Merge Heap Roots: 0.1ms
[2025-03-21T14:12:00.827+0000][7][gc,phases   ] GC(44)   Evacuate Collection Set: 3.2ms
[2025-03-21T14:12:00.827+0000][7][gc,phases   ] GC(44)   Post Evacuate Collection Set: 1.9ms
[2025-03-21T14:12:00.827+0000][7][gc,phases   ] GC(44)   Other: 0.3ms
[2025-03-21T14:12:00.827+0000][7][gc,heap     ] GC(44) Eden regions: 71->0(71)
[2025-03-21T14:12:00.827+0000][7][gc,heap     ] GC(44) Survivor regions: 1->1(9)
[2025-03-21T14:12:00.827+0000][7][gc,heap     ] GC(44) Old regions: 27->27
[2025-03-21T14:12:00.827+0000][7][gc,heap     ] GC(44) Archive regions: 2->2
[2025-03-21T14:12:00.827+0000][7][gc,heap     ] GC(44) Humongous regions: 5->5
[2025-03-21T14:12:00.827+0000][7][gc,metaspace] GC(44) Metaspace: 119062K(120704K)->119062K(120704K) NonClass: 103613K(104512K)->103613K(104512K) Class: 15448K(16192K)->15448K(16192K)
[2025-03-21T14:12:00.827+0000][7][gc          ] GC(44) Pause Young (Normal) (G1 Evacuation Pause) 417M->132M(512M) 5.581ms
[2025-03-21T14:12:00.827+0000][7][gc,cpu      ] GC(44) User=0.01s Sys=0.00s Real=0.00s
[2025-03-21T14:12:00.827+0000][7][safepoint   ] Safepoint "G1CollectForAllocation", Time since last: 1955130676 ns, Reaching safepoint: 76536 ns, At safepoint: 5661988 ns, Total: 5738524 ns
[2025-03-21T14:12:01.828+0000][7][safepoint   ] Safepoint "Cleanup", Time since last: 1000536857 ns, Reaching safepoint: 125509 ns, At safepoint: 4628 ns, Total: 130137 ns
[2025-03-21T14:12:03.828+0000][7][safepoint   ] Safepoint "Cleanup", Time since last: 2000600083 ns, Reaching safepoint: 119228 ns, At safepoint: 5360 ns, Total: 124588 ns
[2025-03-21T14:12:05.829+0000][7][safepoint   ] Safepoint "Cleanup", Time since last: 2001006109 ns, Reaching safepoint: 141790 ns, At safepoint: 4839 ns, Total: 146629 ns
[2025-03-21T14:12:06.830+0000][7][safepoint   ] Safepoint "Cleanup", Time since last: 1000249626 ns, Reaching safepoint: 126832 ns, At safepoint: 3045 ns, Total: 129877 ns
[2025-03-21T14:12:07.831+0000][7][safepoint   ] Safepoint "Cleanup", Time since last: 1001108257 ns, Reaching safepoint: 185163 ns, At safepoint: 6502 ns, Total: 191665 ns
[2025-03-21T14:12:09.832+0000][7][safepoint   ] Safepoint "Cleanup", Time since last: 2000884279 ns, Reaching safepoint: 136861 ns, At safepoint: 3647 ns, Total: 140508 ns
[2025-03-21T14:12:10.833+0000][7][safepoint   ] Safepoint "Cleanup", Time since last: 1000853074 ns, Reaching safepoint: 104439 ns, At safepoint: 7124 ns, Total: 111563 ns
[2025-03-21T14:12:11.834+0000][7][safepoint   ] Safepoint "Cleanup", Time since last: 1000275058 ns, Reaching safepoint: 126681 ns, At safepoint: 4799 ns, Total: 131480 ns
[2025-03-21T14:12:12.834+0000][7][safepoint   ] Safepoint "Cleanup", Time since last: 1000502237 ns, Reaching safepoint: 79899 ns, At safepoint: 5992 ns, Total: 85891 ns
[2025-03-21T14:12:13.835+0000][7][safepoint   ] Safepoint "Cleanup", Time since last: 1000384907 ns, Reaching safepoint: 96714 ns, At safepoint: 3487 ns, Total: 100201 ns
[2025-03-21T14:12:15.837+0000][7][safepoint   ] Safepoint "Cleanup", Time since last: 2002226740 ns, Reaching safepoint: 162452 ns, At safepoint: 6222 ns, Total: 168674 ns
[2025-03-21T14:12:16.838+0000][7][safepoint   ] Safepoint "Cleanup", Time since last: 1001252623 ns, Reaching safepoint: 101724 ns, At safepoint: 5160 ns, Total: 106884 ns
[2025-03-21T14:12:18.839+0000][7][safepoint   ] Safepoint "Cleanup", Time since last: 2000797591 ns, Reaching safepoint: 108296 ns, At safepoint: 4489 ns, Total: 112785 ns
[2025-03-21T14:12:19.840+0000][7][safepoint   ] Safepoint "Cleanup", Time since last: 1000405977 ns, Reaching safepoint: 87386 ns, At safepoint: 3587 ns, Total: 90973 ns
[2025-03-21T14:12:21.842+0000][7][safepoint   ] Safepoint "Cleanup", Time since last: 2001636596 ns, Reaching safepoint: 121612 ns, At safepoint: 3626 ns, Total: 125238 ns
[2025-03-21T14:12:23.843+0000][7][safepoint   ] Safepoint "Cleanup", Time since last: 2001497918 ns, Reaching safepoint: 92907 ns, At safepoint: 4529 ns, Total: 97436 ns
[2025-03-21T14:12:24.844+0000][7][safepoint   ] Safepoint "Cleanup", Time since last: 1000575167 ns, Reaching safepoint: 66366 ns, At safepoint: 3527 ns, Total: 69893 ns
[2025-03-21T14:12:25.845+0000][7][safepoint   ] Safepoint "Cleanup", Time since last: 1000877322 ns, Reaching safepoint: 76706 ns, At safepoint: 3196 ns, Total: 79902 ns
[2025-03-21T14:12:30.848+0000][7][safepoint   ] Safepoint "Cleanup", Time since last: 5003428114 ns, Reaching safepoint: 191014 ns, At safepoint: 4899 ns, Total: 195913 ns
[2025-03-21T14:12:36.587+0000][7][safepoint   ] Safepoint "Cleanup", Time since last: 5738270573 ns, Reaching safepoint: 227063 ns, At safepoint: 25608 ns, Total: 252671 ns
[2025-03-21T14:12:36.633+0000][7][gc,start    ] GC(45) Pause Young (Normal) (G1 Evacuation Pause)
[2025-03-21T14:12:36.633+0000][7][gc,task     ] GC(45) Using 8 workers of 8 for evacuation
[2025-03-21T14:12:36.633+0000][7][gc,age      ] GC(45) Desired survivor size 18874368 bytes, new threshold 15 (max threshold 15)
[2025-03-21T14:12:36.636+0000][7][gc,age      ] GC(45) Age table with threshold 15 (max threshold 15)
[2025-03-21T14:12:36.636+0000][7][gc,age      ] GC(45) - age   1:    1807688 bytes,    1807688 total
[2025-03-21T14:12:36.636+0000][7][gc,age      ] GC(45) - age   2:     122736 bytes,    1930424 total
[2025-03-21T14:12:36.636+0000][7][gc,age      ] GC(45) - age   3:      20560 bytes,    1950984 total
[2025-03-21T14:12:36.636+0000][7][gc,age      ] GC(45) - age   4:      15328 bytes,    1966312 total
[2025-03-21T14:12:36.636+0000][7][gc,age      ] GC(45) - age   5:       9432 bytes,    1975744 total
[2025-03-21T14:12:36.636+0000][7][gc,age      ] GC(45) - age   6:       5552 bytes,    1981296 total
[2025-03-21T14:12:36.636+0000][7][gc,age      ] GC(45) - age   7:       7536 bytes,    1988832 total
[2025-03-21T14:12:36.636+0000][7][gc,age      ] GC(45) - age   8:      36304 bytes,    2025136 total
[2025-03-21T14:12:36.636+0000][7][gc,age      ] GC(45) - age   9:      10720 bytes,    2035856 total
[2025-03-21T14:12:36.636+0000][7][gc,age      ] GC(45) - age  10:       9840 bytes,    2045696 total
[2025-03-21T14:12:36.636+0000][7][gc,age      ] GC(45) - age  11:       4416 bytes,    2050112 total
[2025-03-21T14:12:36.636+0000][7][gc,age      ] GC(45) - age  12:       9024 bytes,    2059136 total
[2025-03-21T14:12:36.636+0000][7][gc,age      ] GC(45) - age  13:      17624 bytes,    2076760 total
[2025-03-21T14:12:36.636+0000][7][gc,age      ] GC(45) - age  14:     117864 bytes,    2194624 total
[2025-03-21T14:12:36.636+0000][7][gc,age      ] GC(45) - age  15:      17784 bytes,    2212408 total
[2025-03-21T14:12:36.636+0000][7][gc,phases   ] GC(45)   Pre Evacuate Collection Set: 0.1ms
[2025-03-21T14:12:36.636+0000][7][gc,phases   ] GC(45)   Merge Heap Roots: 0.1ms
[2025-03-21T14:12:36.636+0000][7][gc,phases   ] GC(45)   Evacuate Collection Set: 1.7ms
[2025-03-21T14:12:36.636+0000][7][gc,phases   ] GC(45)   Post Evacuate Collection Set: 0.8ms
[2025-03-21T14:12:36.636+0000][7][gc,phases   ] GC(45)   Other: 0.2ms
[2025-03-21T14:12:36.636+0000][7][gc,heap     ] GC(45) Eden regions: 71->0(71)
[2025-03-21T14:12:36.636+0000][7][gc,heap     ] GC(45) Survivor regions: 1->1(9)
[2025-03-21T14:12:36.636+0000][7][gc,heap     ] GC(45) Old regions: 27->27
[2025-03-21T14:12:36.636+0000][7][gc,heap     ] GC(45) Archive regions: 2->2
[2025-03-21T14:12:36.636+0000][7][gc,heap     ] GC(45) Humongous regions: 5->5
[2025-03-21T14:12:36.636+0000][7][gc,metaspace] GC(45) Metaspace: 119143K(120768K)->119143K(120768K) NonClass: 103695K(104576K)->103695K(104576K) Class: 15448K(16192K)->15448K(16192K)
[2025-03-21T14:12:36.636+0000][7][gc          ] GC(45) Pause Young (Normal) (G1 Evacuation Pause) 416M->132M(512M) 2.907ms
[2025-03-21T14:12:36.636+0000][7][gc,cpu      ] GC(45) User=0.01s Sys=0.00s Real=0.00s
[2025-03-21T14:12:36.636+0000][7][safepoint   ] Safepoint "G1CollectForAllocation", Time since last: 45907500 ns, Reaching safepoint: 120549 ns, At safepoint: 2988119 ns, Total: 3108668 ns
[2025-03-21T14:12:38.078+0000][7][safepoint   ] Safepoint "Cleanup", Time since last: 1441738086 ns, Reaching safepoint: 110861 ns, At safepoint: 3296 ns, Total: 114157 ns
[2025-03-21T14:12:46.084+0000][7][safepoint   ] Safepoint "Cleanup", Time since last: 8005678264 ns, Reaching safepoint: 161217 ns, At safepoint: 12103 ns, Total: 173320 ns
[2025-03-21T14:12:47.084+0000][7][safepoint   ] Safepoint "Cleanup", Time since last: 1000348443 ns, Reaching safepoint: 105131 ns, At safepoint: 4147 ns, Total: 109278 ns
[2025-03-21T14:12:48.085+0000][7][safepoint   ] Safepoint "Cleanup", Time since last: 1001009064 ns, Reaching safepoint: 87408 ns, At safepoint: 7113 ns, Total: 94521 ns
[2025-03-21T14:12:50.086+0000][7][safepoint   ] Safepoint "Cleanup", Time since last: 2000516717 ns, Reaching safepoint: 84771 ns, At safepoint: 3507 ns, Total: 88278 ns
[2025-03-21T14:12:51.087+0000][7][safepoint   ] Safepoint "Cleanup", Time since last: 1001027687 ns, Reaching safepoint: 100331 ns, At safepoint: 3857 ns, Total: 104188 ns
[2025-03-21T14:12:56.095+0000][7][safepoint   ] Safepoint "Cleanup", Time since last: 5007997937 ns, Reaching safepoint: 85983 ns, At safepoint: 3477 ns, Total: 89460 ns
[2025-03-21T14:12:58.096+0000][7][safepoint   ] Safepoint "Cleanup", Time since last: 2000926816 ns, Reaching safepoint: 94800 ns, At safepoint: 4048 ns, Total: 98848 ns
[2025-03-21T14:13:01.992+0000][7][safepoint   ] Safepoint "Cleanup", Time since last: 3895904806 ns, Reaching safepoint: 157871 ns, At safepoint: 4779 ns, Total: 162650 ns
[2025-03-21T14:13:06.996+0000][7][safepoint   ] Safepoint "Cleanup", Time since last: 5003445900 ns, Reaching safepoint: 101252 ns, At safepoint: 3828 ns, Total: 105080 ns
[2025-03-21T14:13:19.002+0000][7][safepoint   ] Safepoint "Cleanup", Time since last: 12005684608 ns, Reaching safepoint: 234737 ns, At safepoint: 5100 ns, Total: 239837 ns
[2025-03-21T14:13:22.003+0000][7][safepoint   ] Safepoint "Cleanup", Time since last: 3001664116 ns, Reaching safepoint: 145647 ns, At safepoint: 4619 ns, Total: 150266 ns
[2025-03-21T14:13:23.004+0000][7][safepoint   ] Safepoint "Cleanup", Time since last: 1000300111 ns, Reaching safepoint: 96373 ns, At safepoint: 5481 ns, Total: 101854 ns
[2025-03-21T14:13:24.903+0000][7][gc,start    ] GC(46) Pause Young (Normal) (G1 Evacuation Pause)
[2025-03-21T14:13:24.903+0000][7][gc,task     ] GC(46) Using 8 workers of 8 for evacuation
[2025-03-21T14:13:24.903+0000][7][gc,age      ] GC(46) Desired survivor size 18874368 bytes, new threshold 15 (max threshold 15)
[2025-03-21T14:13:24.905+0000][7][gc,age      ] GC(46) Age table with threshold 15 (max threshold 15)
[2025-03-21T14:13:24.905+0000][7][gc,age      ] GC(46) - age   1:    2499104 bytes,    2499104 total
[2025-03-21T14:13:24.905+0000][7][gc,age      ] GC(46) - age   2:    1199544 bytes,    3698648 total
[2025-03-21T14:13:24.905+0000][7][gc,age      ] GC(46) - age   3:     117672 bytes,    3816320 total
[2025-03-21T14:13:24.905+0000][7][gc,age      ] GC(46) - age   4:      19568 bytes,    3835888 total
[2025-03-21T14:13:24.905+0000][7][gc,age      ] GC(46) - age   5:      15168 bytes,    3851056 total
[2025-03-21T14:13:24.905+0000][7][gc,age      ] GC(46) - age   6:       9368 bytes,    3860424 total
[2025-03-21T14:13:24.905+0000][7][gc,age      ] GC(46) - age   7:       5488 bytes,    3865912 total
[2025-03-21T14:13:24.905+0000][7][gc,age      ] GC(46) - age   8:       6976 bytes,    3872888 total
[2025-03-21T14:13:24.905+0000][7][gc,age      ] GC(46) - age   9:      36144 bytes,    3909032 total
[2025-03-21T14:13:24.905+0000][7][gc,age      ] GC(46) - age  10:      10720 bytes,    3919752 total
[2025-03-21T14:13:24.905+0000][7][gc,age      ] GC(46) - age  11:       9840 bytes,    3929592 total
[2025-03-21T14:13:24.905+0000][7][gc,age      ] GC(46) - age  12:       4336 bytes,    3933928 total
[2025-03-21T14:13:24.905+0000][7][gc,age      ] GC(46) - age  13:       8928 bytes,    3942856 total
[2025-03-21T14:13:24.905+0000][7][gc,age      ] GC(46) - age  14:      17624 bytes,    3960480 total
[2025-03-21T14:13:24.905+0000][7][gc,age      ] GC(46) - age  15:     117864 bytes,    4078344 total
[2025-03-21T14:13:24.905+0000][7][gc,phases   ] GC(46)   Pre Evacuate Collection Set: 0.2ms
[2025-03-21T14:13:24.905+0000][7][gc,phases   ] GC(46)   Merge Heap Roots: 0.1ms
[2025-03-21T14:13:24.905+0000][7][gc,phases   ] GC(46)   Evacuate Collection Set: 1.5ms
[2025-03-21T14:13:24.905+0000][7][gc,phases   ] GC(46)   Post Evacuate Collection Set: 0.8ms
[2025-03-21T14:13:24.905+0000][7][gc,phases   ] GC(46)   Other: 0.2ms
[2025-03-21T14:13:24.905+0000][7][gc,heap     ] GC(46) Eden regions: 71->0(70)
[2025-03-21T14:13:24.905+0000][7][gc,heap     ] GC(46) Survivor regions: 1->2(9)
[2025-03-21T14:13:24.905+0000][7][gc,heap     ] GC(46) Old regions: 27->27
[2025-03-21T14:13:24.906+0000][7][gc,heap     ] GC(46) Archive regions: 2->2
[2025-03-21T14:13:24.906+0000][7][gc,heap     ] GC(46) Humongous regions: 5->5
[2025-03-21T14:13:24.906+0000][7][gc,metaspace] GC(46) Metaspace: 119184K(120768K)->119184K(120768K) NonClass: 103735K(104576K)->103735K(104576K) Class: 15449K(16192K)->15449K(16192K)
[2025-03-21T14:13:24.906+0000][7][gc          ] GC(46) Pause Young (Normal) (G1 Evacuation Pause) 416M->134M(512M) 2.924ms
[2025-03-21T14:13:24.906+0000][7][gc,cpu      ] GC(46) User=0.01s Sys=0.00s Real=0.00s
[2025-03-21T14:13:24.906+0000][7][safepoint   ] Safepoint "G1CollectForAllocation", Time since last: 1898616443 ns, Reaching safepoint: 136430 ns, At safepoint: 3004076 ns, Total: 3140506 ns
[2025-03-21T14:13:25.906+0000][7][safepoint   ] Safepoint "Cleanup", Time since last: 1000370486 ns, Reaching safepoint: 94670 ns, At safepoint: 3757 ns, Total: 98427 ns
[2025-03-21T14:13:27.907+0000][7][safepoint   ] Safepoint "Cleanup", Time since last: 2000876413 ns, Reaching safepoint: 84741 ns, At safepoint: 3056 ns, Total: 87797 ns
[2025-03-21T14:13:30.910+0000][7][safepoint   ] Safepoint "Cleanup", Time since last: 3002721982 ns, Reaching safepoint: 123194 ns, At safepoint: 3487 ns, Total: 126681 ns
[2025-03-21T14:13:31.910+0000][7][safepoint   ] Safepoint "Cleanup", Time since last: 1000471870 ns, Reaching safepoint: 116511 ns, At safepoint: 4870 ns, Total: 121381 ns
[2025-03-21T14:13:33.911+0000][7][safepoint   ] Safepoint "Cleanup", Time since last: 2000578113 ns, Reaching safepoint: 83208 ns, At safepoint: 3447 ns, Total: 86655 ns
[2025-03-21T14:13:36.913+0000][7][safepoint   ] Safepoint "Cleanup", Time since last: 3001395539 ns, Reaching safepoint: 134456 ns, At safepoint: 4238 ns, Total: 138694 ns
[2025-03-21T14:13:42.915+0000][7][safepoint   ] Safepoint "Cleanup", Time since last: 6002503181 ns, Reaching safepoint: 98698 ns, At safepoint: 18335 ns, Total: 117033 ns
[2025-03-21T14:13:48.919+0000][7][safepoint   ] Safepoint "Cleanup", Time since last: 6003997920 ns, Reaching safepoint: 136711 ns, At safepoint: 3897 ns, Total: 140608 ns
[2025-03-21T14:13:49.920+0000][7][safepoint   ] Safepoint "Cleanup", Time since last: 1000878154 ns, Reaching safepoint: 83479 ns, At safepoint: 5330 ns, Total: 88809 ns
[2025-03-21T14:13:50.922+0000][7][safepoint   ] Safepoint "Cleanup", Time since last: 1000199727 ns, Reaching safepoint: 1608042 ns, At safepoint: 19266 ns, Total: 1627308 ns
[2025-03-21T14:13:51.924+0000][7][safepoint   ] Safepoint "Cleanup", Time since last: 1000844543 ns, Reaching safepoint: 786514 ns, At safepoint: 6392 ns, Total: 792906 ns
[2025-03-21T14:13:53.925+0000][7][safepoint   ] Safepoint "Cleanup", Time since last: 2000691098 ns, Reaching safepoint: 78980 ns, At safepoint: 3207 ns, Total: 82187 ns
[2025-03-21T14:13:54.925+0000][7][safepoint   ] Safepoint "Cleanup", Time since last: 1000261329 ns, Reaching safepoint: 80553 ns, At safepoint: 3637 ns, Total: 84190 ns
[2025-03-21T14:13:57.926+0000][7][safepoint   ] Safepoint "Cleanup", Time since last: 3001303249 ns, Reaching safepoint: 93698 ns, At safepoint: 3978 ns, Total: 97676 ns
[2025-03-21T14:14:07.933+0000][7][safepoint   ] Safepoint "Cleanup", Time since last: 10006694930 ns, Reaching safepoint: 100362 ns, At safepoint: 4027 ns, Total: 104389 ns
[2025-03-21T14:14:19.939+0000][7][safepoint   ] Safepoint "Cleanup", Time since last: 12006025484 ns, Reaching safepoint: 99089 ns, At safepoint: 3557 ns, Total: 102646 ns
[2025-03-21T14:14:25.279+0000][7][gc,start    ] GC(47) Pause Young (Normal) (G1 Evacuation Pause)
[2025-03-21T14:14:25.279+0000][7][gc,task     ] GC(47) Using 8 workers of 8 for evacuation
[2025-03-21T14:14:25.279+0000][7][gc,age      ] GC(47) Desired survivor size 18874368 bytes, new threshold 15 (max threshold 15)
[2025-03-21T14:14:25.282+0000][7][gc,age      ] GC(47) Age table with threshold 15 (max threshold 15)
[2025-03-21T14:14:25.282+0000][7][gc,age      ] GC(47) - age   1:    1993664 bytes,    1993664 total
[2025-03-21T14:14:25.282+0000][7][gc,age      ] GC(47) - age   2:     619600 bytes,    2613264 total
[2025-03-21T14:14:25.282+0000][7][gc,age      ] GC(47) - age   3:    1044520 bytes,    3657784 total
[2025-03-21T14:14:25.282+0000][7][gc,age      ] GC(47) - age   4:     117104 bytes,    3774888 total
[2025-03-21T14:14:25.282+0000][7][gc,age      ] GC(47) - age   5:      19216 bytes,    3794104 total
[2025-03-21T14:14:25.282+0000][7][gc,age      ] GC(47) - age   6:      15168 bytes,    3809272 total
[2025-03-21T14:14:25.282+0000][7][gc,age      ] GC(47) - age   7:       9304 bytes,    3818576 total
[2025-03-21T14:14:25.282+0000][7][gc,age      ] GC(47) - age   8:       5488 bytes,    3824064 total
[2025-03-21T14:14:25.282+0000][7][gc,age      ] GC(47) - age   9:       6976 bytes,    3831040 total
[2025-03-21T14:14:25.282+0000][7][gc,age      ] GC(47) - age  10:      36144 bytes,    3867184 total
[2025-03-21T14:14:25.282+0000][7][gc,age      ] GC(47) - age  11:      10720 bytes,    3877904 total
[2025-03-21T14:14:25.282+0000][7][gc,age      ] GC(47) - age  12:       9840 bytes,    3887744 total
[2025-03-21T14:14:25.282+0000][7][gc,age      ] GC(47) - age  13:       4336 bytes,    3892080 total
[2025-03-21T14:14:25.282+0000][7][gc,age      ] GC(47) - age  14:       8928 bytes,    3901008 total
[2025-03-21T14:14:25.282+0000][7][gc,age      ] GC(47) - age  15:      17624 bytes,    3918632 total
[2025-03-21T14:14:25.282+0000][7][gc,phases   ] GC(47)   Pre Evacuate Collection Set: 0.1ms
[2025-03-21T14:14:25.282+0000][7][gc,phases   ] GC(47)   Merge Heap Roots: 0.1ms
[2025-03-21T14:14:25.282+0000][7][gc,phases   ] GC(47)   Evacuate Collection Set: 2.0ms
[2025-03-21T14:14:25.282+0000][7][gc,phases   ] GC(47)   Post Evacuate Collection Set: 0.9ms
[2025-03-21T14:14:25.282+0000][7][gc,phases   ] GC(47)   Other: 0.2ms
[2025-03-21T14:14:25.282+0000][7][gc,heap     ] GC(47) Eden regions: 70->0(71)
[2025-03-21T14:14:25.282+0000][7][gc,heap     ] GC(47) Survivor regions: 2->1(9)
[2025-03-21T14:14:25.282+0000][7][gc,heap     ] GC(47) Old regions: 27->27
[2025-03-21T14:14:25.282+0000][7][gc,heap     ] GC(47) Archive regions: 2->2
[2025-03-21T14:14:25.282+0000][7][gc,heap     ] GC(47) Humongous regions: 5->5
[2025-03-21T14:14:25.282+0000][7][gc,metaspace] GC(47) Metaspace: 119215K(120896K)->119215K(120896K) NonClass: 103766K(104704K)->103766K(104704K) Class: 15449K(16192K)->15449K(16192K)
[2025-03-21T14:14:25.282+0000][7][gc          ] GC(47) Pause Young (Normal) (G1 Evacuation Pause) 413M->134M(512M) 3.272ms
[2025-03-21T14:14:25.282+0000][7][gc,cpu      ] GC(47) User=0.01s Sys=0.00s Real=0.01s
[2025-03-21T14:14:25.282+0000][7][safepoint   ] Safepoint "G1CollectForAllocation", Time since last: 5339754115 ns, Reaching safepoint: 92015 ns, At safepoint: 3359608 ns, Total: 3451623 ns
[2025-03-21T14:14:37.290+0000][7][safepoint   ] Safepoint "Cleanup", Time since last: 12007184823 ns, Reaching safepoint: 159414 ns, At safepoint: 6803 ns, Total: 166217 ns
[2025-03-21T14:14:38.291+0000][7][safepoint   ] Safepoint "Cleanup", Time since last: 1000582796 ns, Reaching safepoint: 202476 ns, At safepoint: 7815 ns, Total: 210291 ns
[2025-03-21T14:14:41.292+0000][7][safepoint   ] Safepoint "Cleanup", Time since last: 3001591198 ns, Reaching safepoint: 182728 ns, At safepoint: 6553 ns, Total: 189281 ns
[2025-03-21T14:14:53.299+0000][7][safepoint   ] Safepoint "Cleanup", Time since last: 12006184885 ns, Reaching safepoint: 151589 ns, At safepoint: 4949 ns, Total: 156538 ns
[2025-03-21T14:14:58.303+0000][7][safepoint   ] Safepoint "Cleanup", Time since last: 5004125736 ns, Reaching safepoint: 126150 ns, At safepoint: 4669 ns, Total: 130819 ns
[2025-03-21T14:15:04.307+0000][7][safepoint   ] Safepoint "Cleanup", Time since last: 6003604448 ns, Reaching safepoint: 114328 ns, At safepoint: 6121 ns, Total: 120449 ns
[2025-03-21T14:15:05.308+0000][7][safepoint   ] Safepoint "Cleanup", Time since last: 1000672514 ns, Reaching safepoint: 211353 ns, At safepoint: 5530 ns, Total: 216883 ns
[2025-03-21T14:15:13.311+0000][7][safepoint   ] Safepoint "Cleanup", Time since last: 8003098650 ns, Reaching safepoint: 173871 ns, At safepoint: 4929 ns, Total: 178800 ns
[2025-03-21T14:15:16.313+0000][7][safepoint   ] Safepoint "Cleanup", Time since last: 3001731489 ns, Reaching safepoint: 142381 ns, At safepoint: 4429 ns, Total: 146810 ns
[2025-03-21T14:15:18.315+0000][7][safepoint   ] Safepoint "Cleanup", Time since last: 2001420168 ns, Reaching safepoint: 1036775 ns, At safepoint: 23154 ns, Total: 1059929 ns
[2025-03-21T14:15:19.316+0000][7][safepoint   ] Safepoint "Cleanup", Time since last: 1001026846 ns, Reaching safepoint: 87156 ns, At safepoint: 3357 ns, Total: 90513 ns
[2025-03-21T14:15:23.320+0000][7][safepoint   ] Safepoint "Cleanup", Time since last: 4003313163 ns, Reaching safepoint: 70654 ns, At safepoint: 3056 ns, Total: 73710 ns
[2025-03-21T14:15:24.320+0000][7][safepoint   ] Safepoint "Cleanup", Time since last: 1000182127 ns, Reaching safepoint: 84120 ns, At safepoint: 4088 ns, Total: 88208 ns
[2025-03-21T14:15:25.415+0000][7][gc,start    ] GC(48) Pause Young (Normal) (G1 Evacuation Pause)
[2025-03-21T14:15:25.415+0000][7][gc,task     ] GC(48) Using 8 workers of 8 for evacuation
[2025-03-21T14:15:25.415+0000][7][gc,age      ] GC(48) Desired survivor size 18874368 bytes, new threshold 15 (max threshold 15)
[2025-03-21T14:15:25.419+0000][7][gc,age      ] GC(48) Age table with threshold 15 (max threshold 15)
[2025-03-21T14:15:25.419+0000][7][gc,age      ] GC(48) - age   1:    2841888 bytes,    2841888 total
[2025-03-21T14:15:25.419+0000][7][gc,age      ] GC(48) - age   2:     365864 bytes,    3207752 total
[2025-03-21T14:15:25.419+0000][7][gc,age      ] GC(48) - age   3:     566408 bytes,    3774160 total
[2025-03-21T14:15:25.419+0000][7][gc,age      ] GC(48) - age   4:    1044136 bytes,    4818296 total
[2025-03-21T14:15:25.419+0000][7][gc,age      ] GC(48) - age   5:     117040 bytes,    4935336 total
[2025-03-21T14:15:25.419+0000][7][gc,age      ] GC(48) - age   6:      19216 bytes,    4954552 total
[2025-03-21T14:15:25.419+0000][7][gc,age      ] GC(48) - age   7:      15168 bytes,    4969720 total
[2025-03-21T14:15:25.419+0000][7][gc,age      ] GC(48) - age   8:       9304 bytes,    4979024 total
[2025-03-21T14:15:25.419+0000][7][gc,age      ] GC(48) - age   9:       5488 bytes,    4984512 total
[2025-03-21T14:15:25.419+0000][7][gc,age      ] GC(48) - age  10:       6976 bytes,    4991488 total
[2025-03-21T14:15:25.419+0000][7][gc,age      ] GC(48) - age  11:      36144 bytes,    5027632 total
[2025-03-21T14:15:25.419+0000][7][gc,age      ] GC(48) - age  12:      10720 bytes,    5038352 total
[2025-03-21T14:15:25.419+0000][7][gc,age      ] GC(48) - age  13:       9840 bytes,    5048192 total
[2025-03-21T14:15:25.419+0000][7][gc,age      ] GC(48) - age  14:       4336 bytes,    5052528 total
[2025-03-21T14:15:25.419+0000][7][gc,age      ] GC(48) - age  15:       8928 bytes,    5061456 total
[2025-03-21T14:15:25.419+0000][7][gc,phases   ] GC(48)   Pre Evacuate Collection Set: 0.1ms
[2025-03-21T14:15:25.419+0000][7][gc,phases   ] GC(48)   Merge Heap Roots: 0.1ms
[2025-03-21T14:15:25.419+0000][7][gc,phases   ] GC(48)   Evacuate Collection Set: 2.2ms
[2025-03-21T14:15:25.419+0000][7][gc,phases   ] GC(48)   Post Evacuate Collection Set: 1.0ms
[2025-03-21T14:15:25.419+0000][7][gc,phases   ] GC(48)   Other: 0.2ms
[2025-03-21T14:15:25.419+0000][7][gc,heap     ] GC(48) Eden regions: 71->0(70)
[2025-03-21T14:15:25.419+0000][7][gc,heap     ] GC(48) Survivor regions: 1->2(9)
[2025-03-21T14:15:25.419+0000][7][gc,heap     ] GC(48) Old regions: 27->27
[2025-03-21T14:15:25.419+0000][7][gc,heap     ] GC(48) Archive regions: 2->2
[2025-03-21T14:15:25.419+0000][7][gc,heap     ] GC(48) Humongous regions: 5->5
[2025-03-21T14:15:25.419+0000][7][gc,metaspace] GC(48) Metaspace: 119227K(120896K)->119227K(120896K) NonClass: 103778K(104704K)->103778K(104704K) Class: 15449K(16192K)->15449K(16192K)
[2025-03-21T14:15:25.419+0000][7][gc          ] GC(48) Pause Young (Normal) (G1 Evacuation Pause) 418M->135M(512M) 3.681ms
[2025-03-21T14:15:25.419+0000][7][gc,cpu      ] GC(48) User=0.01s Sys=0.00s Real=0.00s
[2025-03-21T14:15:25.419+0000][7][safepoint   ] Safepoint "G1CollectForAllocation", Time since last: 1095291551 ns, Reaching safepoint: 71947 ns, At safepoint: 3770183 ns, Total: 3842130 ns
[2025-03-21T14:15:26.420+0000][7][safepoint   ] Safepoint "Cleanup", Time since last: 1000725585 ns, Reaching safepoint: 74602 ns, At safepoint: 23074 ns, Total: 97676 ns
[2025-03-21T14:15:31.424+0000][7][safepoint   ] Safepoint "Cleanup", Time since last: 5002967975 ns, Reaching safepoint: 1231656 ns, At safepoint: 26631 ns, Total: 1258287 ns
[2025-03-21T14:15:38.428+0000][7][safepoint   ] Safepoint "Cleanup", Time since last: 7003261510 ns, Reaching safepoint: 367770 ns, At safepoint: 13005 ns, Total: 380775 ns
[2025-03-21T14:15:43.432+0000][7][safepoint   ] Safepoint "Cleanup", Time since last: 5004235639 ns, Reaching safepoint: 171297 ns, At safepoint: 18344 ns, Total: 189641 ns
[2025-03-21T14:15:55.440+0000][7][safepoint   ] Safepoint "Cleanup", Time since last: 12007136774 ns, Reaching safepoint: 188398 ns, At safepoint: 5291 ns, Total: 193689 ns
[2025-03-21T14:16:01.443+0000][7][safepoint   ] Safepoint "Cleanup", Time since last: 6003163393 ns, Reaching safepoint: 117714 ns, At safepoint: 5230 ns, Total: 122944 ns
[2025-03-21T14:16:13.450+0000][7][safepoint   ] Safepoint "Cleanup", Time since last: 12006794651 ns, Reaching safepoint: 107124 ns, At safepoint: 5421 ns, Total: 112545 ns
[2025-03-21T14:16:14.450+0000][7][safepoint   ] Safepoint "Cleanup", Time since last: 1000169234 ns, Reaching safepoint: 127032 ns, At safepoint: 4429 ns, Total: 131461 ns
[2025-03-21T14:16:23.457+0000][7][safepoint   ] Safepoint "Cleanup", Time since last: 9006354970 ns, Reaching safepoint: 150317 ns, At safepoint: 5009 ns, Total: 155326 ns
[2025-03-21T14:16:25.995+0000][7][gc,start    ] GC(49) Pause Young (Normal) (G1 Evacuation Pause)
[2025-03-21T14:16:25.995+0000][7][gc,task     ] GC(49) Using 8 workers of 8 for evacuation
[2025-03-21T14:16:25.995+0000][7][gc,age      ] GC(49) Desired survivor size 18874368 bytes, new threshold 15 (max threshold 15)
[2025-03-21T14:16:25.998+0000][7][gc,age      ] GC(49) Age table with threshold 15 (max threshold 15)
[2025-03-21T14:16:25.998+0000][7][gc,age      ] GC(49) - age   1:    1621280 bytes,    1621280 total
[2025-03-21T14:16:25.998+0000][7][gc,age      ] GC(49) - age   2:       4664 bytes,    1625944 total
[2025-03-21T14:16:25.998+0000][7][gc,age      ] GC(49) - age   3:     262584 bytes,    1888528 total
[2025-03-21T14:16:25.998+0000][7][gc,age      ] GC(49) - age   4:     565576 bytes,    2454104 total
[2025-03-21T14:16:25.998+0000][7][gc,age      ] GC(49) - age   5:    1044136 bytes,    3498240 total
[2025-03-21T14:16:25.998+0000][7][gc,age      ] GC(49) - age   6:     117040 bytes,    3615280 total
[2025-03-21T14:16:25.998+0000][7][gc,age      ] GC(49) - age   7:      19216 bytes,    3634496 total
[2025-03-21T14:16:25.998+0000][7][gc,age      ] GC(49) - age   8:       6608 bytes,    3641104 total
[2025-03-21T14:16:25.998+0000][7][gc,age      ] GC(49) - age   9:       9304 bytes,    3650408 total
[2025-03-21T14:16:25.998+0000][7][gc,age      ] GC(49) - age  10:       5488 bytes,    3655896 total
[2025-03-21T14:16:25.998+0000][7][gc,age      ] GC(49) - age  11:       6976 bytes,    3662872 total
[2025-03-21T14:16:25.998+0000][7][gc,age      ] GC(49) - age  12:      36144 bytes,    3699016 total
[2025-03-21T14:16:25.998+0000][7][gc,age      ] GC(49) - age  13:      10720 bytes,    3709736 total
[2025-03-21T14:16:25.998+0000][7][gc,age      ] GC(49) - age  14:       9840 bytes,    3719576 total
[2025-03-21T14:16:25.998+0000][7][gc,age      ] GC(49) - age  15:       4336 bytes,    3723912 total
[2025-03-21T14:16:25.998+0000][7][gc,phases   ] GC(49)   Pre Evacuate Collection Set: 0.1ms
[2025-03-21T14:16:25.998+0000][7][gc,phases   ] GC(49)   Merge Heap Roots: 0.1ms
[2025-03-21T14:16:25.998+0000][7][gc,phases   ] GC(49)   Evacuate Collection Set: 1.5ms
[2025-03-21T14:16:25.998+0000][7][gc,phases   ] GC(49)   Post Evacuate Collection Set: 0.9ms
[2025-03-21T14:16:25.998+0000][7][gc,phases   ] GC(49)   Other: 0.2ms
[2025-03-21T14:16:25.998+0000][7][gc,heap     ] GC(49) Eden regions: 70->0(71)
[2025-03-21T14:16:25.998+0000][7][gc,heap     ] GC(49) Survivor regions: 2->1(9)
[2025-03-21T14:16:25.998+0000][7][gc,heap     ] GC(49) Old regions: 27->27
[2025-03-21T14:16:25.998+0000][7][gc,heap     ] GC(49) Archive regions: 2->2
[2025-03-21T14:16:25.998+0000][7][gc,heap     ] GC(49) Humongous regions: 5->5
[2025-03-21T14:16:25.998+0000][7][gc,metaspace] GC(49) Metaspace: 119242K(120896K)->119242K(120896K) NonClass: 103793K(104704K)->103793K(104704K) Class: 15449K(16192K)->15449K(16192K)
[2025-03-21T14:16:25.998+0000][7][gc          ] GC(49) Pause Young (Normal) (G1 Evacuation Pause) 415M->133M(512M) 2.906ms
[2025-03-21T14:16:25.998+0000][7][gc,cpu      ] GC(49) User=0.01s Sys=0.00s Real=0.00s
[2025-03-21T14:16:25.998+0000][7][safepoint   ] Safepoint "G1CollectForAllocation", Time since last: 2538322913 ns, Reaching safepoint: 97656 ns, At safepoint: 2982857 ns, Total: 3080513 ns
[2025-03-21T14:16:37.004+0000][7][safepoint   ] Safepoint "Cleanup", Time since last: 11005607483 ns, Reaching safepoint: 107675 ns, At safepoint: 3787 ns, Total: 111462 ns
[2025-03-21T14:16:38.005+0000][7][safepoint   ] Safepoint "Cleanup", Time since last: 1000773774 ns, Reaching safepoint: 96925 ns, At safepoint: 5520 ns, Total: 102445 ns
[2025-03-21T14:16:58.015+0000][7][safepoint   ] Safepoint "Cleanup", Time since last: 20010504066 ns, Reaching safepoint: 215598 ns, At safepoint: 6523 ns, Total: 222121 ns
[2025-03-21T14:17:02.019+0000][7][safepoint   ] Safepoint "Cleanup", Time since last: 4003086823 ns, Reaching safepoint: 143453 ns, At safepoint: 7635 ns, Total: 151088 ns
[2025-03-21T14:17:07.022+0000][7][safepoint   ] Safepoint "Cleanup", Time since last: 5003391734 ns, Reaching safepoint: 106665 ns, At safepoint: 6141 ns, Total: 112806 ns
[2025-03-21T14:17:13.026+0000][7][safepoint   ] Safepoint "Cleanup", Time since last: 6003732456 ns, Reaching safepoint: 102796 ns, At safepoint: 4639 ns, Total: 107435 ns
[2025-03-21T14:17:24.900+0000][7][gc,start    ] GC(50) Pause Young (Normal) (G1 Evacuation Pause)
[2025-03-21T14:17:24.900+0000][7][gc,task     ] GC(50) Using 8 workers of 8 for evacuation
[2025-03-21T14:17:24.900+0000][7][gc,age      ] GC(50) Desired survivor size 18874368 bytes, new threshold 15 (max threshold 15)
[2025-03-21T14:17:24.903+0000][7][gc,age      ] GC(50) Age table with threshold 15 (max threshold 15)
[2025-03-21T14:17:24.903+0000][7][gc,age      ] GC(50) - age   1:    2749360 bytes,    2749360 total
[2025-03-21T14:17:24.903+0000][7][gc,age      ] GC(50) - age   2:     560384 bytes,    3309744 total
[2025-03-21T14:17:24.903+0000][7][gc,age      ] GC(50) - age   3:       1800 bytes,    3311544 total
[2025-03-21T14:17:24.903+0000][7][gc,age      ] GC(50) - age   4:     261904 bytes,    3573448 total
[2025-03-21T14:17:24.903+0000][7][gc,age      ] GC(50) - age   5:     565384 bytes,    4138832 total
[2025-03-21T14:17:24.903+0000][7][gc,age      ] GC(50) - age   6:    1044136 bytes,    5182968 total
[2025-03-21T14:17:24.903+0000][7][gc,age      ] GC(50) - age   7:     117040 bytes,    5300008 total
[2025-03-21T14:17:24.903+0000][7][gc,age      ] GC(50) - age   8:      19144 bytes,    5319152 total
[2025-03-21T14:17:24.903+0000][7][gc,age      ] GC(50) - age   9:       6544 bytes,    5325696 total
[2025-03-21T14:17:24.903+0000][7][gc,age      ] GC(50) - age  10:       9240 bytes,    5334936 total
[2025-03-21T14:17:24.903+0000][7][gc,age      ] GC(50) - age  11:       5488 bytes,    5340424 total
[2025-03-21T14:17:24.903+0000][7][gc,age      ] GC(50) - age  12:       6616 bytes,    5347040 total
[2025-03-21T14:17:24.903+0000][7][gc,age      ] GC(50) - age  13:      36144 bytes,    5383184 total
[2025-03-21T14:17:24.903+0000][7][gc,age      ] GC(50) - age  14:      10720 bytes,    5393904 total
[2025-03-21T14:17:24.903+0000][7][gc,age      ] GC(50) - age  15:       9840 bytes,    5403744 total
[2025-03-21T14:17:24.903+0000][7][gc,phases   ] GC(50)   Pre Evacuate Collection Set: 0.1ms
[2025-03-21T14:17:24.903+0000][7][gc,phases   ] GC(50)   Merge Heap Roots: 0.0ms
[2025-03-21T14:17:24.903+0000][7][gc,phases   ] GC(50)   Evacuate Collection Set: 2.3ms
[2025-03-21T14:17:24.904+0000][7][gc,phases   ] GC(50)   Post Evacuate Collection Set: 1.2ms
[2025-03-21T14:17:24.904+0000][7][gc,phases   ] GC(50)   Other: 0.2ms
[2025-03-21T14:17:24.904+0000][7][gc,heap     ] GC(50) Eden regions: 71->0(70)
[2025-03-21T14:17:24.904+0000][7][gc,heap     ] GC(50) Survivor regions: 1->2(9)
[2025-03-21T14:17:24.904+0000][7][gc,heap     ] GC(50) Old regions: 27->27
[2025-03-21T14:17:24.904+0000][7][gc,heap     ] GC(50) Archive regions: 2->2
[2025-03-21T14:17:24.904+0000][7][gc,heap     ] GC(50) Humongous regions: 5->5
[2025-03-21T14:17:24.904+0000][7][gc,metaspace] GC(50) Metaspace: 119247K(120896K)->119247K(120896K) NonClass: 103798K(104704K)->103798K(104704K) Class: 15449K(16192K)->15449K(16192K)
[2025-03-21T14:17:24.904+0000][7][gc          ] GC(50) Pause Young (Normal) (G1 Evacuation Pause) 417M->135M(512M) 3.880ms
[2025-03-21T14:17:24.904+0000][7][gc,cpu      ] GC(50) User=0.01s Sys=0.01s Real=0.01s
[2025-03-21T14:17:24.904+0000][7][safepoint   ] Safepoint "G1CollectForAllocation", Time since last: 11873611275 ns, Reaching safepoint: 117674 ns, At safepoint: 3976948 ns, Total: 4094622 ns
[2025-03-21T14:17:25.904+0000][7][safepoint   ] Safepoint "Cleanup", Time since last: 1000278312 ns, Reaching safepoint: 206042 ns, At safepoint: 7064 ns, Total: 213106 ns
[2025-03-21T14:17:27.905+0000][7][safepoint   ] Safepoint "Cleanup", Time since last: 2001207779 ns, Reaching safepoint: 74772 ns, At safepoint: 3056 ns, Total: 77828 ns
[2025-03-21T14:17:37.910+0000][7][safepoint   ] Safepoint "Cleanup", Time since last: 10004901176 ns, Reaching safepoint: 154975 ns, At safepoint: 6372 ns, Total: 161347 ns
[2025-03-21T14:17:45.916+0000][7][safepoint   ] Safepoint "Cleanup", Time since last: 8005688290 ns, Reaching safepoint: 137004 ns, At safepoint: 6403 ns, Total: 143407 ns
[2025-03-21T14:17:57.923+0000][7][safepoint   ] Safepoint "Cleanup", Time since last: 12006469379 ns, Reaching safepoint: 143834 ns, At safepoint: 6282 ns, Total: 150116 ns
[2025-03-21T14:18:06.928+0000][7][safepoint   ] Safepoint "Cleanup", Time since last: 9004511081 ns, Reaching safepoint: 136240 ns, At safepoint: 8226 ns, Total: 144466 ns
[2025-03-21T14:18:11.930+0000][7][safepoint   ] Safepoint "Cleanup", Time since last: 5002614465 ns, Reaching safepoint: 215260 ns, At safepoint: 14177 ns, Total: 229437 ns
[2025-03-21T14:18:18.934+0000][7][safepoint   ] Safepoint "Cleanup", Time since last: 7003390534 ns, Reaching safepoint: 135579 ns, At safepoint: 5791 ns, Total: 141370 ns
[2025-03-21T14:18:27.818+0000][7][gc,start    ] GC(51) Pause Young (Normal) (G1 Evacuation Pause)
[2025-03-21T14:18:27.818+0000][7][gc,task     ] GC(51) Using 8 workers of 8 for evacuation
[2025-03-21T14:18:27.818+0000][7][gc,age      ] GC(51) Desired survivor size 18874368 bytes, new threshold 15 (max threshold 15)
[2025-03-21T14:18:27.822+0000][7][gc,age      ] GC(51) Age table with threshold 15 (max threshold 15)
[2025-03-21T14:18:27.822+0000][7][gc,age      ] GC(51) - age   1:    1057448 bytes,    1057448 total
[2025-03-21T14:18:27.822+0000][7][gc,age      ] GC(51) - age   2:      32168 bytes,    1089616 total
[2025-03-21T14:18:27.822+0000][7][gc,age      ] GC(51) - age   3:     298344 bytes,    1387960 total
[2025-03-21T14:18:27.822+0000][7][gc,age      ] GC(51) - age   4:        904 bytes,    1388864 total
[2025-03-21T14:18:27.822+0000][7][gc,age      ] GC(51) - age   5:     261648 bytes,    1650512 total
[2025-03-21T14:18:27.822+0000][7][gc,age      ] GC(51) - age   6:     561304 bytes,    2211816 total
[2025-03-21T14:18:27.822+0000][7][gc,age      ] GC(51) - age   7:    1039936 bytes,    3251752 total
[2025-03-21T14:18:27.822+0000][7][gc,age      ] GC(51) - age   8:     112616 bytes,    3364368 total
[2025-03-21T14:18:27.822+0000][7][gc,age      ] GC(51) - age   9:      18496 bytes,    3382864 total
[2025-03-21T14:18:27.822+0000][7][gc,age      ] GC(51) - age  10:       6544 bytes,    3389408 total
[2025-03-21T14:18:27.822+0000][7][gc,age      ] GC(51) - age  11:       9240 bytes,    3398648 total
[2025-03-21T14:18:27.822+0000][7][gc,age      ] GC(51) - age  12:       5488 bytes,    3404136 total
[2025-03-21T14:18:27.822+0000][7][gc,age      ] GC(51) - age  13:       6616 bytes,    3410752 total
[2025-03-21T14:18:27.822+0000][7][gc,age      ] GC(51) - age  14:      36144 bytes,    3446896 total
[2025-03-21T14:18:27.822+0000][7][gc,age      ] GC(51) - age  15:      10720 bytes,    3457616 total
[2025-03-21T14:18:27.822+0000][7][gc,phases   ] GC(51)   Pre Evacuate Collection Set: 0.1ms
[2025-03-21T14:18:27.822+0000][7][gc,phases   ] GC(51)   Merge Heap Roots: 0.1ms
[2025-03-21T14:18:27.822+0000][7][gc,phases   ] GC(51)   Evacuate Collection Set: 1.8ms
[2025-03-21T14:18:27.822+0000][7][gc,phases   ] GC(51)   Post Evacuate Collection Set: 1.4ms
[2025-03-21T14:18:27.822+0000][7][gc,phases   ] GC(51)   Other: 0.3ms
[2025-03-21T14:18:27.822+0000][7][gc,heap     ] GC(51) Eden regions: 70->0(71)
[2025-03-21T14:18:27.822+0000][7][gc,heap     ] GC(51) Survivor regions: 2->1(9)
[2025-03-21T14:18:27.822+0000][7][gc,heap     ] GC(51) Old regions: 27->27
[2025-03-21T14:18:27.822+0000][7][gc,heap     ] GC(51) Archive regions: 2->2
[2025-03-21T14:18:27.822+0000][7][gc,heap     ] GC(51) Humongous regions: 5->5
[2025-03-21T14:18:27.822+0000][7][gc,metaspace] GC(51) Metaspace: 119252K(120896K)->119252K(120896K) NonClass: 103803K(104704K)->103803K(104704K) Class: 15449K(16192K)->15449K(16192K)
[2025-03-21T14:18:27.822+0000][7][gc          ] GC(51) Pause Young (Normal) (G1 Evacuation Pause) 415M->133M(512M) 3.706ms
[2025-03-21T14:18:27.822+0000][7][gc,cpu      ] GC(51) User=0.01s Sys=0.00s Real=0.01s
[2025-03-21T14:18:27.822+0000][7][safepoint   ] Safepoint "G1CollectForAllocation", Time since last: 8884054575 ns, Reaching safepoint: 97296 ns, At safepoint: 3802156 ns, Total: 3899452 ns
[2025-03-21T14:18:31.824+0000][7][safepoint   ] Safepoint "Cleanup", Time since last: 4002119366 ns, Reaching safepoint: 81715 ns, At safepoint: 4198 ns, Total: 85913 ns
[2025-03-21T14:18:37.830+0000][7][safepoint   ] Safepoint "Cleanup", Time since last: 6004879396 ns, Reaching safepoint: 1086438 ns, At safepoint: 18996 ns, Total: 1105434 ns
[2025-03-21T14:18:43.833+0000][7][safepoint   ] Safepoint "Cleanup", Time since last: 6002841638 ns, Reaching safepoint: 102255 ns, At safepoint: 3246 ns, Total: 105501 ns
[2025-03-21T14:18:46.835+0000][7][safepoint   ] Safepoint "Cleanup", Time since last: 3001472166 ns, Reaching safepoint: 98768 ns, At safepoint: 5320 ns, Total: 104088 ns
[2025-03-21T14:18:49.836+0000][7][safepoint   ] Safepoint "Cleanup", Time since last: 3001439266 ns, Reaching safepoint: 102265 ns, At safepoint: 3817 ns, Total: 106082 ns
[2025-03-21T14:18:51.838+0000][7][safepoint   ] Safepoint "Cleanup", Time since last: 2001542940 ns, Reaching safepoint: 133574 ns, At safepoint: 4499 ns, Total: 138073 ns
[2025-03-21T14:18:55.843+0000][7][safepoint   ] Safepoint "Cleanup", Time since last: 4003721020 ns, Reaching safepoint: 1092401 ns, At safepoint: 24536 ns, Total: 1116937 ns
[2025-03-21T14:18:57.843+0000][7][safepoint   ] Safepoint "Cleanup", Time since last: 2000666943 ns, Reaching safepoint: 113416 ns, At safepoint: 13145 ns, Total: 126561 ns
[2025-03-21T14:19:01.846+0000][7][safepoint   ] Safepoint "Cleanup", Time since last: 4002420922 ns, Reaching safepoint: 146429 ns, At safepoint: 15128 ns, Total: 161557 ns
[2025-03-21T14:19:08.850+0000][7][safepoint   ] Safepoint "Cleanup", Time since last: 7004268408 ns, Reaching safepoint: 95422 ns, At safepoint: 9879 ns, Total: 105301 ns
[2025-03-21T14:19:25.907+0000][7][gc,start    ] GC(52) Pause Young (Normal) (G1 Evacuation Pause)
[2025-03-21T14:19:25.907+0000][7][gc,task     ] GC(52) Using 8 workers of 8 for evacuation
[2025-03-21T14:19:25.907+0000][7][gc,age      ] GC(52) Desired survivor size 18874368 bytes, new threshold 15 (max threshold 15)
[2025-03-21T14:19:25.911+0000][7][gc,age      ] GC(52) Age table with threshold 15 (max threshold 15)
[2025-03-21T14:19:25.911+0000][7][gc,age      ] GC(52) - age   1:    2346008 bytes,    2346008 total
[2025-03-21T14:19:25.911+0000][7][gc,age      ] GC(52) - age   2:      19864 bytes,    2365872 total
[2025-03-21T14:19:25.911+0000][7][gc,age      ] GC(52) - age   3:      29440 bytes,    2395312 total
[2025-03-21T14:19:25.911+0000][7][gc,age      ] GC(52) - age   4:     296944 bytes,    2692256 total
[2025-03-21T14:19:25.911+0000][7][gc,age      ] GC(52) - age   5:        840 bytes,    2693096 total
[2025-03-21T14:19:25.911+0000][7][gc,age      ] GC(52) - age   6:     261648 bytes,    2954744 total
[2025-03-21T14:19:25.911+0000][7][gc,age      ] GC(52) - age   7:     561304 bytes,    3516048 total
[2025-03-21T14:19:25.911+0000][7][gc,age      ] GC(52) - age   8:    1006792 bytes,    4522840 total
[2025-03-21T14:19:25.911+0000][7][gc,age      ] GC(52) - age   9:     112616 bytes,    4635456 total
[2025-03-21T14:19:25.911+0000][7][gc,age      ] GC(52) - age  10:      18496 bytes,    4653952 total
[2025-03-21T14:19:25.911+0000][7][gc,age      ] GC(52) - age  11:       6544 bytes,    4660496 total
[2025-03-21T14:19:25.911+0000][7][gc,age      ] GC(52) - age  12:       9240 bytes,    4669736 total
[2025-03-21T14:19:25.911+0000][7][gc,age      ] GC(52) - age  13:       5488 bytes,    4675224 total
[2025-03-21T14:19:25.911+0000][7][gc,age      ] GC(52) - age  14:       6616 bytes,    4681840 total
[2025-03-21T14:19:25.911+0000][7][gc,age      ] GC(52) - age  15:      36144 bytes,    4717984 total
[2025-03-21T14:19:25.911+0000][7][gc,phases   ] GC(52)   Pre Evacuate Collection Set: 0.1ms
[2025-03-21T14:19:25.911+0000][7][gc,phases   ] GC(52)   Merge Heap Roots: 0.1ms
[2025-03-21T14:19:25.911+0000][7][gc,phases   ] GC(52)   Evacuate Collection Set: 1.8ms
[2025-03-21T14:19:25.911+0000][7][gc,phases   ] GC(52)   Post Evacuate Collection Set: 1.4ms
[2025-03-21T14:19:25.911+0000][7][gc,phases   ] GC(52)   Other: 0.2ms
[2025-03-21T14:19:25.911+0000][7][gc,heap     ] GC(52) Eden regions: 71->0(70)
[2025-03-21T14:19:25.911+0000][7][gc,heap     ] GC(52) Survivor regions: 1->2(9)
[2025-03-21T14:19:25.911+0000][7][gc,heap     ] GC(52) Old regions: 27->27
[2025-03-21T14:19:25.911+0000][7][gc,heap     ] GC(52) Archive regions: 2->2
[2025-03-21T14:19:25.911+0000][7][gc,heap     ] GC(52) Humongous regions: 5->5
[2025-03-21T14:19:25.911+0000][7][gc,metaspace] GC(52) Metaspace: 119276K(120960K)->119276K(120960K) NonClass: 103827K(104768K)->103827K(104768K) Class: 15449K(16192K)->15449K(16192K)
[2025-03-21T14:19:25.911+0000][7][gc          ] GC(52) Pause Young (Normal) (G1 Evacuation Pause) 417M->134M(512M) 3.701ms
[2025-03-21T14:19:25.911+0000][7][gc,cpu      ] GC(52) User=0.01s Sys=0.00s Real=0.01s
[2025-03-21T14:19:25.911+0000][7][safepoint   ] Safepoint "G1CollectForAllocation", Time since last: 17056415282 ns, Reaching safepoint: 124687 ns, At safepoint: 3778200 ns, Total: 3902887 ns
[2025-03-21T14:19:26.912+0000][7][safepoint   ] Safepoint "Cleanup", Time since last: 1001050906 ns, Reaching safepoint: 159795 ns, At safepoint: 6732 ns, Total: 166527 ns
[2025-03-21T14:19:37.918+0000][7][safepoint   ] Safepoint "Cleanup", Time since last: 11006105601 ns, Reaching safepoint: 114258 ns, At safepoint: 5531 ns, Total: 119789 ns
[2025-03-21T14:19:43.922+0000][7][safepoint   ] Safepoint "Cleanup", Time since last: 6003887717 ns, Reaching safepoint: 133946 ns, At safepoint: 4107 ns, Total: 138053 ns
[2025-03-21T14:19:52.928+0000][7][safepoint   ] Safepoint "Cleanup", Time since last: 9005223146 ns, Reaching safepoint: 91554 ns, At safepoint: 3557 ns, Total: 95111 ns
[2025-03-21T14:19:53.928+0000][7][safepoint   ] Safepoint "Cleanup", Time since last: 1000653958 ns, Reaching safepoint: 106734 ns, At safepoint: 3967 ns, Total: 110701 ns
[2025-03-21T14:19:55.929+0000][7][safepoint   ] Safepoint "Cleanup", Time since last: 2000483581 ns, Reaching safepoint: 98688 ns, At safepoint: 4408 ns, Total: 103096 ns
[2025-03-21T14:19:57.931+0000][7][safepoint   ] Safepoint "Cleanup", Time since last: 2001912443 ns, Reaching safepoint: 81576 ns, At safepoint: 3707 ns, Total: 85283 ns
[2025-03-21T14:20:01.933+0000][7][safepoint   ] Safepoint "Cleanup", Time since last: 4002316415 ns, Reaching safepoint: 105230 ns, At safepoint: 5461 ns, Total: 110691 ns
[2025-03-21T14:20:14.942+0000][7][safepoint   ] Safepoint "Cleanup", Time since last: 13008152446 ns, Reaching safepoint: 190493 ns, At safepoint: 6582 ns, Total: 197075 ns
[2025-03-21T14:20:17.943+0000][7][safepoint   ] Safepoint "Cleanup", Time since last: 3001262622 ns, Reaching safepoint: 100000 ns, At safepoint: 4038 ns, Total: 104038 ns
[2025-03-21T14:20:18.944+0000][7][safepoint   ] Safepoint "Cleanup", Time since last: 1000423163 ns, Reaching safepoint: 100902 ns, At safepoint: 4769 ns, Total: 105671 ns
[2025-03-21T14:20:22.947+0000][7][safepoint   ] Safepoint "Cleanup", Time since last: 4002958359 ns, Reaching safepoint: 70384 ns, At safepoint: 3066 ns, Total: 73450 ns
[2025-03-21T14:20:23.947+0000][7][safepoint   ] Safepoint "Cleanup", Time since last: 1000186051 ns, Reaching safepoint: 115600 ns, At safepoint: 4388 ns, Total: 119988 ns
[2025-03-21T14:20:24.948+0000][7][safepoint   ] Safepoint "Cleanup", Time since last: 1000831108 ns, Reaching safepoint: 65725 ns, At safepoint: 2746 ns, Total: 68471 ns
[2025-03-21T14:20:24.999+0000][7][gc,start    ] GC(53) Pause Young (Normal) (G1 Evacuation Pause)
[2025-03-21T14:20:24.999+0000][7][gc,task     ] GC(53) Using 8 workers of 8 for evacuation
[2025-03-21T14:20:24.999+0000][7][gc,age      ] GC(53) Desired survivor size 18874368 bytes, new threshold 15 (max threshold 15)
[2025-03-21T14:20:25.002+0000][7][gc,age      ] GC(53) Age table with threshold 15 (max threshold 15)
[2025-03-21T14:20:25.002+0000][7][gc,age      ] GC(53) - age   1:    1282416 bytes,    1282416 total
[2025-03-21T14:20:25.002+0000][7][gc,age      ] GC(53) - age   2:       6440 bytes,    1288856 total
[2025-03-21T14:20:25.002+0000][7][gc,age      ] GC(53) - age   3:      17968 bytes,    1306824 total
[2025-03-21T14:20:25.002+0000][7][gc,age      ] GC(53) - age   4:      28704 bytes,    1335528 total
[2025-03-21T14:20:25.002+0000][7][gc,age      ] GC(53) - age   5:     296720 bytes,    1632248 total
[2025-03-21T14:20:25.002+0000][7][gc,age      ] GC(53) - age   6:        808 bytes,    1633056 total
[2025-03-21T14:20:25.002+0000][7][gc,age      ] GC(53) - age   7:     261648 bytes,    1894704 total
[2025-03-21T14:20:25.002+0000][7][gc,age      ] GC(53) - age   8:     536552 bytes,    2431256 total
[2025-03-21T14:20:25.002+0000][7][gc,age      ] GC(53) - age   9:    1006736 bytes,    3437992 total
[2025-03-21T14:20:25.002+0000][7][gc,age      ] GC(53) - age  10:     112376 bytes,    3550368 total
[2025-03-21T14:20:25.003+0000][7][gc,age      ] GC(53) - age  11:      18496 bytes,    3568864 total
[2025-03-21T14:20:25.003+0000][7][gc,age      ] GC(53) - age  12:       4456 bytes,    3573320 total
[2025-03-21T14:20:25.003+0000][7][gc,age      ] GC(53) - age  13:       9240 bytes,    3582560 total
[2025-03-21T14:20:25.003+0000][7][gc,age      ] GC(53) - age  14:       5488 bytes,    3588048 total
[2025-03-21T14:20:25.003+0000][7][gc,age      ] GC(53) - age  15:       6616 bytes,    3594664 total
[2025-03-21T14:20:25.003+0000][7][gc,phases   ] GC(53)   Pre Evacuate Collection Set: 0.1ms
[2025-03-21T14:20:25.003+0000][7][gc,phases   ] GC(53)   Merge Heap Roots: 0.1ms
[2025-03-21T14:20:25.003+0000][7][gc,phases   ] GC(53)   Evacuate Collection Set: 2.0ms
[2025-03-21T14:20:25.003+0000][7][gc,phases   ] GC(53)   Post Evacuate Collection Set: 1.1ms
[2025-03-21T14:20:25.003+0000][7][gc,phases   ] GC(53)   Other: 0.2ms
[2025-03-21T14:20:25.003+0000][7][gc,heap     ] GC(53) Eden regions: 70->0(71)
[2025-03-21T14:20:25.003+0000][7][gc,heap     ] GC(53) Survivor regions: 2->1(9)
[2025-03-21T14:20:25.003+0000][7][gc,heap     ] GC(53) Old regions: 27->27
[2025-03-21T14:20:25.003+0000][7][gc,heap     ] GC(53) Archive regions: 2->2
[2025-03-21T14:20:25.003+0000][7][gc,heap     ] GC(53) Humongous regions: 5->5
[2025-03-21T14:20:25.003+0000][7][gc,metaspace] GC(53) Metaspace: 119291K(120960K)->119291K(120960K) NonClass: 103842K(104768K)->103842K(104768K) Class: 15449K(16192K)->15449K(16192K)
[2025-03-21T14:20:25.003+0000][7][gc          ] GC(53) Pause Young (Normal) (G1 Evacuation Pause) 414M->133M(512M) 3.562ms
[2025-03-21T14:20:25.003+0000][7][gc,cpu      ] GC(53) User=0.00s Sys=0.00s Real=0.01s
[2025-03-21T14:20:25.003+0000][7][safepoint   ] Safepoint "G1CollectForAllocation", Time since last: 51146529 ns, Reaching safepoint: 67037 ns, At safepoint: 3636455 ns, Total: 3703492 ns
[2025-03-21T14:20:27.004+0000][7][safepoint   ] Safepoint "Cleanup", Time since last: 2001295745 ns, Reaching safepoint: 160686 ns, At safepoint: 5460 ns, Total: 166146 ns
[2025-03-21T14:20:50.018+0000][7][safepoint   ] Safepoint "Cleanup", Time since last: 23013329868 ns, Reaching safepoint: 132052 ns, At safepoint: 3687 ns, Total: 135739 ns
[2025-03-21T14:20:55.021+0000][7][safepoint   ] Safepoint "Cleanup", Time since last: 5002934783 ns, Reaching safepoint: 127914 ns, At safepoint: 4789 ns, Total: 132703 ns
[2025-03-21T14:20:58.023+0000][7][safepoint   ] Safepoint "Cleanup", Time since last: 3001880543 ns, Reaching safepoint: 126430 ns, At safepoint: 5040 ns, Total: 131470 ns
[2025-03-21T14:21:07.031+0000][7][safepoint   ] Safepoint "Cleanup", Time since last: 9007837816 ns, Reaching safepoint: 121311 ns, At safepoint: 3677 ns, Total: 124988 ns
[2025-03-21T14:21:12.033+0000][7][safepoint   ] Safepoint "Cleanup", Time since last: 5002132415 ns, Reaching safepoint: 131641 ns, At safepoint: 12083 ns, Total: 143724 ns
[2025-03-21T14:21:13.034+0000][7][safepoint   ] Safepoint "Cleanup", Time since last: 1000453995 ns, Reaching safepoint: 815565 ns, At safepoint: 10330 ns, Total: 825895 ns
[2025-03-21T14:21:16.036+0000][7][safepoint   ] Safepoint "Cleanup", Time since last: 3001310107 ns, Reaching safepoint: 90342 ns, At safepoint: 3186 ns, Total: 93528 ns
[2025-03-21T14:21:18.970+0000][7][gc,start    ] GC(54) Pause Young (Normal) (G1 Evacuation Pause)
[2025-03-21T14:21:18.970+0000][7][gc,task     ] GC(54) Using 8 workers of 8 for evacuation
[2025-03-21T14:21:18.970+0000][7][gc,age      ] GC(54) Desired survivor size 18874368 bytes, new threshold 15 (max threshold 15)
[2025-03-21T14:21:18.976+0000][7][gc,age      ] GC(54) Age table with threshold 15 (max threshold 15)
[2025-03-21T14:21:18.976+0000][7][gc,age      ] GC(54) - age   1:    3095496 bytes,    3095496 total
[2025-03-21T14:21:18.976+0000][7][gc,age      ] GC(54) - age   2:     176408 bytes,    3271904 total
[2025-03-21T14:21:18.976+0000][7][gc,age      ] GC(54) - age   3:       4536 bytes,    3276440 total
[2025-03-21T14:21:18.976+0000][7][gc,age      ] GC(54) - age   4:      14304 bytes,    3290744 total
[2025-03-21T14:21:18.976+0000][7][gc,age      ] GC(54) - age   5:        896 bytes,    3291640 total
[2025-03-21T14:21:18.976+0000][7][gc,age      ] GC(54) - age   6:     121512 bytes,    3413152 total
[2025-03-21T14:21:18.976+0000][7][gc,age      ] GC(54) - age   7:        808 bytes,    3413960 total
[2025-03-21T14:21:18.976+0000][7][gc,age      ] GC(54) - age   8:     128584 bytes,    3542544 total
[2025-03-21T14:21:18.976+0000][7][gc,age      ] GC(54) - age   9:     401088 bytes,    3943632 total
[2025-03-21T14:21:18.976+0000][7][gc,age      ] GC(54) - age  10:     652032 bytes,    4595664 total
[2025-03-21T14:21:18.976+0000][7][gc,age      ] GC(54) - age  11:     111688 bytes,    4707352 total
[2025-03-21T14:21:18.976+0000][7][gc,age      ] GC(54) - age  12:       2568 bytes,    4709920 total
[2025-03-21T14:21:18.976+0000][7][gc,age      ] GC(54) - age  13:       4456 bytes,    4714376 total
[2025-03-21T14:21:18.976+0000][7][gc,age      ] GC(54) - age  14:       9240 bytes,    4723616 total
[2025-03-21T14:21:18.976+0000][7][gc,age      ] GC(54) - age  15:       5488 bytes,    4729104 total
[2025-03-21T14:21:18.976+0000][7][gc,phases   ] GC(54)   Pre Evacuate Collection Set: 0.2ms
[2025-03-21T14:21:18.976+0000][7][gc,phases   ] GC(54)   Merge Heap Roots: 0.1ms
[2025-03-21T14:21:18.976+0000][7][gc,phases   ] GC(54)   Evacuate Collection Set: 2.4ms
[2025-03-21T14:21:18.976+0000][7][gc,phases   ] GC(54)   Post Evacuate Collection Set: 1.0ms
[2025-03-21T14:21:18.976+0000][7][gc,phases   ] GC(54)   Other: 2.3ms
[2025-03-21T14:21:18.976+0000][7][gc,heap     ] GC(54) Eden regions: 71->0(70)
[2025-03-21T14:21:18.976+0000][7][gc,heap     ] GC(54) Survivor regions: 1->2(9)
[2025-03-21T14:21:18.976+0000][7][gc,heap     ] GC(54) Old regions: 27->27
[2025-03-21T14:21:18.976+0000][7][gc,heap     ] GC(54) Archive regions: 2->2
[2025-03-21T14:21:18.976+0000][7][gc,heap     ] GC(54) Humongous regions: 5->5
[2025-03-21T14:21:18.976+0000][7][gc,metaspace] GC(54) Metaspace: 119311K(120960K)->119311K(120960K) NonClass: 103862K(104768K)->103862K(104768K) Class: 15449K(16192K)->15449K(16192K)
[2025-03-21T14:21:18.976+0000][7][gc          ] GC(54) Pause Young (Normal) (G1 Evacuation Pause) 417M->135M(512M) 6.031ms
[2025-03-21T14:21:18.976+0000][7][gc,cpu      ] GC(54) User=0.01s Sys=0.01s Real=0.00s
[2025-03-21T14:21:18.976+0000][7][safepoint   ] Safepoint "G1CollectForAllocation", Time since last: 2934548655 ns, Reaching safepoint: 122503 ns, At safepoint: 6159775 ns, Total: 6282278 ns
[2025-03-21T14:21:19.977+0000][7][safepoint   ] Safepoint "Cleanup", Time since last: 1000244001 ns, Reaching safepoint: 149023 ns, At safepoint: 7996 ns, Total: 157019 ns
[2025-03-21T14:21:43.411+0000][7][safepoint   ] Safepoint "Cleanup", Time since last: 23434064638 ns, Reaching safepoint: 79241 ns, At safepoint: 16251 ns, Total: 95492 ns
[2025-03-21T14:21:44.412+0000][7][safepoint   ] Safepoint "Cleanup", Time since last: 1000673173 ns, Reaching safepoint: 124327 ns, At safepoint: 4859 ns, Total: 129186 ns
[2025-03-21T14:21:52.416+0000][7][safepoint   ] Safepoint "Cleanup", Time since last: 8004259004 ns, Reaching safepoint: 140769 ns, At safepoint: 5390 ns, Total: 146159 ns
[2025-03-21T14:21:53.417+0000][7][safepoint   ] Safepoint "Cleanup", Time since last: 1000471549 ns, Reaching safepoint: 85573 ns, At safepoint: 3687 ns, Total: 89260 ns
[2025-03-21T14:21:57.420+0000][7][safepoint   ] Safepoint "Cleanup", Time since last: 4002899323 ns, Reaching safepoint: 176085 ns, At safepoint: 5120 ns, Total: 181205 ns
[2025-03-21T14:22:01.422+0000][7][safepoint   ] Safepoint "Cleanup", Time since last: 4001936670 ns, Reaching safepoint: 108747 ns, At safepoint: 4519 ns, Total: 113266 ns
[2025-03-21T14:22:11.427+0000][7][safepoint   ] Safepoint "Cleanup", Time since last: 10004752711 ns, Reaching safepoint: 121251 ns, At safepoint: 3516 ns, Total: 124767 ns
[2025-03-21T14:22:13.428+0000][7][safepoint   ] Safepoint "Cleanup", Time since last: 2000767604 ns, Reaching safepoint: 75564 ns, At safepoint: 3276 ns, Total: 78840 ns
[2025-03-21T14:22:16.431+0000][7][safepoint   ] Safepoint "Cleanup", Time since last: 3002797252 ns, Reaching safepoint: 111973 ns, At safepoint: 4799 ns, Total: 116772 ns
[2025-03-21T14:22:24.966+0000][7][gc,start    ] GC(55) Pause Young (Normal) (G1 Evacuation Pause)
[2025-03-21T14:22:24.966+0000][7][gc,task     ] GC(55) Using 8 workers of 8 for evacuation
[2025-03-21T14:22:24.966+0000][7][gc,age      ] GC(55) Desired survivor size 18874368 bytes, new threshold 15 (max threshold 15)
[2025-03-21T14:22:24.968+0000][7][gc,age      ] GC(55) Age table with threshold 15 (max threshold 15)
[2025-03-21T14:22:24.968+0000][7][gc,age      ] GC(55) - age   1:    1733096 bytes,    1733096 total
[2025-03-21T14:22:24.968+0000][7][gc,age      ] GC(55) - age   2:     129224 bytes,    1862320 total
[2025-03-21T14:22:24.968+0000][7][gc,age      ] GC(55) - age   3:      14816 bytes,    1877136 total
[2025-03-21T14:22:24.968+0000][7][gc,age      ] GC(55) - age   4:       4120 bytes,    1881256 total
[2025-03-21T14:22:24.968+0000][7][gc,age      ] GC(55) - age   5:      14112 bytes,    1895368 total
[2025-03-21T14:22:24.968+0000][7][gc,age      ] GC(55) - age   6:        896 bytes,    1896264 total
[2025-03-21T14:22:24.968+0000][7][gc,age      ] GC(55) - age   7:     121288 bytes,    2017552 total
[2025-03-21T14:22:24.968+0000][7][gc,age      ] GC(55) - age   8:        808 bytes,    2018360 total
[2025-03-21T14:22:24.968+0000][7][gc,age      ] GC(55) - age   9:     128456 bytes,    2146816 total
[2025-03-21T14:22:24.968+0000][7][gc,age      ] GC(55) - age  10:     400776 bytes,    2547592 total
[2025-03-21T14:22:24.968+0000][7][gc,age      ] GC(55) - age  11:     651872 bytes,    3199464 total
[2025-03-21T14:22:24.968+0000][7][gc,age      ] GC(55) - age  12:     111688 bytes,    3311152 total
[2025-03-21T14:22:24.968+0000][7][gc,age      ] GC(55) - age  13:       2568 bytes,    3313720 total
[2025-03-21T14:22:24.968+0000][7][gc,age      ] GC(55) - age  14:       4456 bytes,    3318176 total
[2025-03-21T14:22:24.968+0000][7][gc,age      ] GC(55) - age  15:       9240 bytes,    3327416 total
[2025-03-21T14:22:24.969+0000][7][gc,phases   ] GC(55)   Pre Evacuate Collection Set: 0.1ms
[2025-03-21T14:22:24.969+0000][7][gc,phases   ] GC(55)   Merge Heap Roots: 0.1ms
[2025-03-21T14:22:24.969+0000][7][gc,phases   ] GC(55)   Evacuate Collection Set: 1.8ms
[2025-03-21T14:22:24.969+0000][7][gc,phases   ] GC(55)   Post Evacuate Collection Set: 0.7ms
[2025-03-21T14:22:24.969+0000][7][gc,phases   ] GC(55)   Other: 0.2ms
[2025-03-21T14:22:24.969+0000][7][gc,heap     ] GC(55) Eden regions: 70->0(71)
[2025-03-21T14:22:24.969+0000][7][gc,heap     ] GC(55) Survivor regions: 2->1(9)
[2025-03-21T14:22:24.969+0000][7][gc,heap     ] GC(55) Old regions: 27->27
[2025-03-21T14:22:24.969+0000][7][gc,heap     ] GC(55) Archive regions: 2->2
[2025-03-21T14:22:24.969+0000][7][gc,heap     ] GC(55) Humongous regions: 5->5
[2025-03-21T14:22:24.969+0000][7][gc,metaspace] GC(55) Metaspace: 119332K(120960K)->119332K(120960K) NonClass: 103882K(104768K)->103882K(104768K) Class: 15449K(16192K)->15449K(16192K)
[2025-03-21T14:22:24.969+0000][7][gc          ] GC(55) Pause Young (Normal) (G1 Evacuation Pause) 415M->133M(512M) 2.969ms
[2025-03-21T14:22:24.969+0000][7][gc,cpu      ] GC(55) User=0.01s Sys=0.00s Real=0.01s
[2025-03-21T14:22:24.969+0000][7][safepoint   ] Safepoint "G1CollectForAllocation", Time since last: 8534997968 ns, Reaching safepoint: 69202 ns, At safepoint: 3041181 ns, Total: 3110383 ns
[2025-03-21T14:22:25.970+0000][7][safepoint   ] Safepoint "Cleanup", Time since last: 1000838696 ns, Reaching safepoint: 94720 ns, At safepoint: 3837 ns, Total: 98557 ns
[2025-03-21T14:22:27.971+0000][7][safepoint   ] Safepoint "Cleanup", Time since last: 2001082254 ns, Reaching safepoint: 203287 ns, At safepoint: 5691 ns, Total: 208978 ns
[2025-03-21T14:22:31.972+0000][7][safepoint   ] Safepoint "Cleanup", Time since last: 4001119086 ns, Reaching safepoint: 85082 ns, At safepoint: 3516 ns, Total: 88598 ns
[2025-03-21T14:22:37.975+0000][7][safepoint   ] Safepoint "Cleanup", Time since last: 6003103305 ns, Reaching safepoint: 156608 ns, At safepoint: 9718 ns, Total: 166326 ns
[2025-03-21T14:22:42.978+0000][7][safepoint   ] Safepoint "Cleanup", Time since last: 5002319955 ns, Reaching safepoint: 204229 ns, At safepoint: 16081 ns, Total: 220310 ns
[2025-03-21T14:22:43.979+0000][7][safepoint   ] Safepoint "Cleanup", Time since last: 1000881862 ns, Reaching safepoint: 131260 ns, At safepoint: 4820 ns, Total: 136080 ns
[2025-03-21T14:22:45.980+0000][7][safepoint   ] Safepoint "Cleanup", Time since last: 2001470483 ns, Reaching safepoint: 114217 ns, At safepoint: 3878 ns, Total: 118095 ns
[2025-03-21T14:22:48.982+0000][7][safepoint   ] Safepoint "Cleanup", Time since last: 3001444693 ns, Reaching safepoint: 83209 ns, At safepoint: 4258 ns, Total: 87467 ns
[2025-03-21T14:22:57.997+0000][7][safepoint   ] Safepoint "Cleanup", Time since last: 9014243562 ns, Reaching safepoint: 909823 ns, At safepoint: 17033 ns, Total: 926856 ns
[2025-03-21T14:23:00.999+0000][7][safepoint   ] Safepoint "Cleanup", Time since last: 3001936090 ns, Reaching safepoint: 127072 ns, At safepoint: 26040 ns, Total: 153112 ns
[2025-03-21T14:23:02.000+0000][7][safepoint   ] Safepoint "Cleanup", Time since last: 1000738157 ns, Reaching safepoint: 138925 ns, At safepoint: 14838 ns, Total: 153763 ns
[2025-03-21T14:23:07.004+0000][7][safepoint   ] Safepoint "Cleanup", Time since last: 5003279269 ns, Reaching safepoint: 87277 ns, At safepoint: 13786 ns, Total: 101063 ns
[2025-03-21T14:23:08.006+0000][7][safepoint   ] Safepoint "Cleanup", Time since last: 1001163308 ns, Reaching safepoint: 1038668 ns, At safepoint: 15029 ns, Total: 1053697 ns
[2025-03-21T14:23:13.008+0000][7][safepoint   ] Safepoint "Cleanup", Time since last: 5002587191 ns, Reaching safepoint: 75865 ns, At safepoint: 3527 ns, Total: 79392 ns
[2025-03-21T14:23:19.012+0000][7][safepoint   ] Safepoint "Cleanup", Time since last: 6003427352 ns, Reaching safepoint: 100801 ns, At safepoint: 7996 ns, Total: 108797 ns
[2025-03-21T14:23:22.014+0000][7][safepoint   ] Safepoint "Cleanup", Time since last: 3002126410 ns, Reaching safepoint: 115530 ns, At safepoint: 5260 ns, Total: 120790 ns
[2025-03-21T14:23:22.036+0000][7][gc,start    ] GC(56) Pause Young (Normal) (G1 Evacuation Pause)
[2025-03-21T14:23:22.036+0000][7][gc,task     ] GC(56) Using 8 workers of 8 for evacuation
[2025-03-21T14:23:22.036+0000][7][gc,age      ] GC(56) Desired survivor size 18874368 bytes, new threshold 15 (max threshold 15)
[2025-03-21T14:23:22.039+0000][7][gc,age      ] GC(56) Age table with threshold 15 (max threshold 15)
[2025-03-21T14:23:22.039+0000][7][gc,age      ] GC(56) - age   1:    3027232 bytes,    3027232 total
[2025-03-21T14:23:22.039+0000][7][gc,age      ] GC(56) - age   2:     173872 bytes,    3201104 total
[2025-03-21T14:23:22.039+0000][7][gc,age      ] GC(56) - age   3:     126064 bytes,    3327168 total
[2025-03-21T14:23:22.039+0000][7][gc,age      ] GC(56) - age   4:      14560 bytes,    3341728 total
[2025-03-21T14:23:22.039+0000][7][gc,age      ] GC(56) - age   5:       4056 bytes,    3345784 total
[2025-03-21T14:23:22.039+0000][7][gc,age      ] GC(56) - age   6:      14112 bytes,    3359896 total
[2025-03-21T14:23:22.039+0000][7][gc,age      ] GC(56) - age   7:        832 bytes,    3360728 total
[2025-03-21T14:23:22.039+0000][7][gc,age      ] GC(56) - age   8:     121288 bytes,    3482016 total
[2025-03-21T14:23:22.039+0000][7][gc,age      ] GC(56) - age   9:        808 bytes,    3482824 total
[2025-03-21T14:23:22.039+0000][7][gc,age      ] GC(56) - age  10:     128424 bytes,    3611248 total
[2025-03-21T14:23:22.039+0000][7][gc,age      ] GC(56) - age  11:     400776 bytes,    4012024 total
[2025-03-21T14:23:22.039+0000][7][gc,age      ] GC(56) - age  12:     651680 bytes,    4663704 total
[2025-03-21T14:23:22.039+0000][7][gc,age      ] GC(56) - age  13:     111688 bytes,    4775392 total
[2025-03-21T14:23:22.039+0000][7][gc,age      ] GC(56) - age  14:       2568 bytes,    4777960 total
[2025-03-21T14:23:22.040+0000][7][gc,age      ] GC(56) - age  15:       4456 bytes,    4782416 total
[2025-03-21T14:23:22.040+0000][7][gc,phases   ] GC(56)   Pre Evacuate Collection Set: 0.1ms
[2025-03-21T14:23:22.040+0000][7][gc,phases   ] GC(56)   Merge Heap Roots: 0.0ms
[2025-03-21T14:23:22.040+0000][7][gc,phases   ] GC(56)   Evacuate Collection Set: 2.2ms
[2025-03-21T14:23:22.040+0000][7][gc,phases   ] GC(56)   Post Evacuate Collection Set: 0.6ms
[2025-03-21T14:23:22.040+0000][7][gc,phases   ] GC(56)   Other: 0.3ms
[2025-03-21T14:23:22.040+0000][7][gc,heap     ] GC(56) Eden regions: 71->0(70)
[2025-03-21T14:23:22.040+0000][7][gc,heap     ] GC(56) Survivor regions: 1->2(9)
[2025-03-21T14:23:22.040+0000][7][gc,heap     ] GC(56) Old regions: 27->27
[2025-03-21T14:23:22.040+0000][7][gc,heap     ] GC(56) Archive regions: 2->2
[2025-03-21T14:23:22.040+0000][7][gc,heap     ] GC(56) Humongous regions: 5->5
[2025-03-21T14:23:22.040+0000][7][gc,metaspace] GC(56) Metaspace: 119349K(120960K)->119349K(120960K) NonClass: 103899K(104768K)->103899K(104768K) Class: 15450K(16192K)->15450K(16192K)
[2025-03-21T14:23:22.040+0000][7][gc          ] GC(56) Pause Young (Normal) (G1 Evacuation Pause) 417M->134M(512M) 3.192ms
[2025-03-21T14:23:22.040+0000][7][gc,cpu      ] GC(56) User=0.01s Sys=0.00s Real=0.00s
[2025-03-21T14:23:22.040+0000][7][safepoint   ] Safepoint "G1CollectForAllocation", Time since last: 22070952 ns, Reaching safepoint: 130258 ns, At safepoint: 3292963 ns, Total: 3423221 ns
[2025-03-21T14:23:25.041+0000][7][safepoint   ] Safepoint "Cleanup", Time since last: 3001739119 ns, Reaching safepoint: 42711 ns, At safepoint: 16211 ns, Total: 58922 ns
[2025-03-21T14:23:26.043+0000][7][safepoint   ] Safepoint "Cleanup", Time since last: 1001102945 ns, Reaching safepoint: 157498 ns, At safepoint: 7384 ns, Total: 164882 ns
[2025-03-21T14:23:31.046+0000][7][safepoint   ] Safepoint "Cleanup", Time since last: 5002696320 ns, Reaching safepoint: 299493 ns, At safepoint: 7074 ns, Total: 306567 ns
[2025-03-21T14:23:32.047+0000][7][safepoint   ] Safepoint "Cleanup", Time since last: 1000899271 ns, Reaching safepoint: 138704 ns, At safepoint: 4829 ns, Total: 143533 ns
[2025-03-21T14:23:49.057+0000][7][safepoint   ] Safepoint "Cleanup", Time since last: 17009866341 ns, Reaching safepoint: 276724 ns, At safepoint: 15379 ns, Total: 292103 ns
[2025-03-21T14:23:56.062+0000][7][safepoint   ] Safepoint "Cleanup", Time since last: 7004633873 ns, Reaching safepoint: 249477 ns, At safepoint: 7564 ns, Total: 257041 ns
[2025-03-21T14:23:58.064+0000][7][safepoint   ] Safepoint "Cleanup", Time since last: 2001607624 ns, Reaching safepoint: 181245 ns, At safepoint: 5571 ns, Total: 186816 ns
[2025-03-21T14:24:07.070+0000][7][safepoint   ] Safepoint "Cleanup", Time since last: 9006276370 ns, Reaching safepoint: 197998 ns, At safepoint: 7084 ns, Total: 205082 ns
[2025-03-21T14:24:13.074+0000][7][safepoint   ] Safepoint "Cleanup", Time since last: 6003328154 ns, Reaching safepoint: 377790 ns, At safepoint: 20459 ns, Total: 398249 ns
[2025-03-21T14:24:14.076+0000][7][safepoint   ] Safepoint "Cleanup", Time since last: 1001234341 ns, Reaching safepoint: 764140 ns, At safepoint: 8066 ns, Total: 772206 ns
[2025-03-21T14:24:17.078+0000][7][safepoint   ] Safepoint "Cleanup", Time since last: 3001957304 ns, Reaching safepoint: 318758 ns, At safepoint: 6953 ns, Total: 325711 ns
[2025-03-21T14:24:19.080+0000][7][safepoint   ] Safepoint "Cleanup", Time since last: 2001335596 ns, Reaching safepoint: 96815 ns, At safepoint: 3276 ns, Total: 100091 ns
[2025-03-21T14:24:21.081+0000][7][safepoint   ] Safepoint "Cleanup", Time since last: 2001037507 ns, Reaching safepoint: 107454 ns, At safepoint: 3767 ns, Total: 111221 ns
[2025-03-21T14:24:21.990+0000][7][gc,start    ] GC(57) Pause Young (Normal) (G1 Evacuation Pause)
[2025-03-21T14:24:21.990+0000][7][gc,task     ] GC(57) Using 8 workers of 8 for evacuation
[2025-03-21T14:24:21.990+0000][7][gc,age      ] GC(57) Desired survivor size 18874368 bytes, new threshold 15 (max threshold 15)
[2025-03-21T14:24:21.992+0000][7][gc,age      ] GC(57) Age table with threshold 15 (max threshold 15)
[2025-03-21T14:24:21.992+0000][7][gc,age      ] GC(57) - age   1:    1400800 bytes,    1400800 total
[2025-03-21T14:24:21.992+0000][7][gc,age      ] GC(57) - age   2:      24176 bytes,    1424976 total
[2025-03-21T14:24:21.992+0000][7][gc,age      ] GC(57) - age   3:      24976 bytes,    1449952 total
[2025-03-21T14:24:21.992+0000][7][gc,age      ] GC(57) - age   4:     125496 bytes,    1575448 total
[2025-03-21T14:24:21.992+0000][7][gc,age      ] GC(57) - age   5:      14336 bytes,    1589784 total
[2025-03-21T14:24:21.992+0000][7][gc,age      ] GC(57) - age   6:       3992 bytes,    1593776 total
[2025-03-21T14:24:21.992+0000][7][gc,age      ] GC(57) - age   7:      13432 bytes,    1607208 total
[2025-03-21T14:24:21.992+0000][7][gc,age      ] GC(57) - age   8:        832 bytes,    1608040 total
[2025-03-21T14:24:21.992+0000][7][gc,age      ] GC(57) - age   9:     121224 bytes,    1729264 total
[2025-03-21T14:24:21.992+0000][7][gc,age      ] GC(57) - age  10:        808 bytes,    1730072 total
[2025-03-21T14:24:21.992+0000][7][gc,age      ] GC(57) - age  11:     128424 bytes,    1858496 total
[2025-03-21T14:24:21.992+0000][7][gc,age      ] GC(57) - age  12:     400776 bytes,    2259272 total
[2025-03-21T14:24:21.992+0000][7][gc,age      ] GC(57) - age  13:     651480 bytes,    2910752 total
[2025-03-21T14:24:21.992+0000][7][gc,age      ] GC(57) - age  14:     111688 bytes,    3022440 total
[2025-03-21T14:24:21.992+0000][7][gc,age      ] GC(57) - age  15:       2568 bytes,    3025008 total
[2025-03-21T14:24:21.992+0000][7][gc,phases   ] GC(57)   Pre Evacuate Collection Set: 0.1ms
[2025-03-21T14:24:21.992+0000][7][gc,phases   ] GC(57)   Merge Heap Roots: 0.1ms
[2025-03-21T14:24:21.992+0000][7][gc,phases   ] GC(57)   Evacuate Collection Set: 1.2ms
[2025-03-21T14:24:21.992+0000][7][gc,phases   ] GC(57)   Post Evacuate Collection Set: 0.8ms
[2025-03-21T14:24:21.992+0000][7][gc,phases   ] GC(57)   Other: 0.3ms
[2025-03-21T14:24:21.992+0000][7][gc,heap     ] GC(57) Eden regions: 70->0(71)
[2025-03-21T14:24:21.992+0000][7][gc,heap     ] GC(57) Survivor regions: 2->1(9)
[2025-03-21T14:24:21.992+0000][7][gc,heap     ] GC(57) Old regions: 27->27
[2025-03-21T14:24:21.992+0000][7][gc,heap     ] GC(57) Archive regions: 2->2
[2025-03-21T14:24:21.992+0000][7][gc,heap     ] GC(57) Humongous regions: 5->5
[2025-03-21T14:24:21.993+0000][7][gc,metaspace] GC(57) Metaspace: 119364K(121024K)->119364K(121024K) NonClass: 103913K(104832K)->103913K(104832K) Class: 15450K(16192K)->15450K(16192K)
[2025-03-21T14:24:21.993+0000][7][gc          ] GC(57) Pause Young (Normal) (G1 Evacuation Pause) 414M->133M(512M) 2.560ms
[2025-03-21T14:24:21.993+0000][7][gc,cpu      ] GC(57) User=0.01s Sys=0.00s Real=0.00s
[2025-03-21T14:24:21.993+0000][7][safepoint   ] Safepoint "G1CollectForAllocation", Time since last: 909101645 ns, Reaching safepoint: 102616 ns, At safepoint: 2646911 ns, Total: 2749527 ns
[2025-03-21T14:24:22.994+0000][7][safepoint   ] Safepoint "Cleanup", Time since last: 1000813209 ns, Reaching safepoint: 162279 ns, At safepoint: 5461 ns, Total: 167740 ns
[2025-03-21T14:24:27.997+0000][7][safepoint   ] Safepoint "Cleanup", Time since last: 5003421679 ns, Reaching safepoint: 62479 ns, At safepoint: 4348 ns, Total: 66827 ns
[2025-03-21T14:24:38.003+0000][7][safepoint   ] Safepoint "Cleanup", Time since last: 10006139295 ns, Reaching safepoint: 157810 ns, At safepoint: 4889 ns, Total: 162699 ns
[2025-03-21T14:24:40.005+0000][7][safepoint   ] Safepoint "Cleanup", Time since last: 2001234995 ns, Reaching safepoint: 103768 ns, At safepoint: 3366 ns, Total: 107134 ns
[2025-03-21T14:24:43.008+0000][7][safepoint   ] Safepoint "Cleanup", Time since last: 3002038443 ns, Reaching safepoint: 1124117 ns, At safepoint: 23936 ns, Total: 1148053 ns
[2025-03-21T14:24:44.009+0000][7][safepoint   ] Safepoint "Cleanup", Time since last: 1000644859 ns, Reaching safepoint: 176046 ns, At safepoint: 6302 ns, Total: 182348 ns
[2025-03-21T14:24:50.013+0000][7][safepoint   ] Safepoint "Cleanup", Time since last: 6003774215 ns, Reaching safepoint: 569387 ns, At safepoint: 6693 ns, Total: 576080 ns
[2025-03-21T14:24:56.017+0000][7][safepoint   ] Safepoint "Cleanup", Time since last: 6003281612 ns, Reaching safepoint: 484483 ns, At safepoint: 11582 ns, Total: 496065 ns
[2025-03-21T14:24:58.018+0000][7][safepoint   ] Safepoint "Cleanup", Time since last: 2000703853 ns, Reaching safepoint: 119388 ns, At safepoint: 5911 ns, Total: 125299 ns
[2025-03-21T14:25:10.024+0000][7][safepoint   ] Safepoint "Cleanup", Time since last: 12006611064 ns, Reaching safepoint: 101734 ns, At safepoint: 5059 ns, Total: 106793 ns
[2025-03-21T14:25:21.999+0000][7][gc,start    ] GC(58) Pause Young (Normal) (G1 Evacuation Pause)
[2025-03-21T14:25:21.999+0000][7][gc,task     ] GC(58) Using 8 workers of 8 for evacuation
[2025-03-21T14:25:21.999+0000][7][gc,age      ] GC(58) Desired survivor size 18874368 bytes, new threshold 15 (max threshold 15)
[2025-03-21T14:25:22.002+0000][7][gc,age      ] GC(58) Age table with threshold 15 (max threshold 15)
[2025-03-21T14:25:22.002+0000][7][gc,age      ] GC(58) - age   1:    2042840 bytes,    2042840 total
[2025-03-21T14:25:22.002+0000][7][gc,age      ] GC(58) - age   2:       5632 bytes,    2048472 total
[2025-03-21T14:25:22.002+0000][7][gc,age      ] GC(58) - age   3:      21768 bytes,    2070240 total
[2025-03-21T14:25:22.002+0000][7][gc,age      ] GC(58) - age   4:      24184 bytes,    2094424 total
[2025-03-21T14:25:22.002+0000][7][gc,age      ] GC(58) - age   5:     125432 bytes,    2219856 total
[2025-03-21T14:25:22.002+0000][7][gc,age      ] GC(58) - age   6:      14144 bytes,    2234000 total
[2025-03-21T14:25:22.002+0000][7][gc,age      ] GC(58) - age   7:       3928 bytes,    2237928 total
[2025-03-21T14:25:22.002+0000][7][gc,age      ] GC(58) - age   8:      13432 bytes,    2251360 total
[2025-03-21T14:25:22.002+0000][7][gc,age      ] GC(58) - age   9:        832 bytes,    2252192 total
[2025-03-21T14:25:22.002+0000][7][gc,age      ] GC(58) - age  10:     121224 bytes,    2373416 total
[2025-03-21T14:25:22.002+0000][7][gc,age      ] GC(58) - age  11:        808 bytes,    2374224 total
[2025-03-21T14:25:22.002+0000][7][gc,age      ] GC(58) - age  12:     128424 bytes,    2502648 total
[2025-03-21T14:25:22.002+0000][7][gc,age      ] GC(58) - age  13:     400776 bytes,    2903424 total
[2025-03-21T14:25:22.002+0000][7][gc,age      ] GC(58) - age  14:     651480 bytes,    3554904 total
[2025-03-21T14:25:22.002+0000][7][gc,age      ] GC(58) - age  15:     111560 bytes,    3666464 total
[2025-03-21T14:25:22.002+0000][7][gc,phases   ] GC(58)   Pre Evacuate Collection Set: 0.2ms
[2025-03-21T14:25:22.002+0000][7][gc,phases   ] GC(58)   Merge Heap Roots: 0.1ms
[2025-03-21T14:25:22.002+0000][7][gc,phases   ] GC(58)   Evacuate Collection Set: 1.9ms
[2025-03-21T14:25:22.002+0000][7][gc,phases   ] GC(58)   Post Evacuate Collection Set: 0.9ms
[2025-03-21T14:25:22.002+0000][7][gc,phases   ] GC(58)   Other: 0.3ms
[2025-03-21T14:25:22.002+0000][7][gc,heap     ] GC(58) Eden regions: 71->0(71)
[2025-03-21T14:25:22.002+0000][7][gc,heap     ] GC(58) Survivor regions: 1->1(9)
[2025-03-21T14:25:22.002+0000][7][gc,heap     ] GC(58) Old regions: 27->27
[2025-03-21T14:25:22.002+0000][7][gc,heap     ] GC(58) Archive regions: 2->2
[2025-03-21T14:25:22.002+0000][7][gc,heap     ] GC(58) Humongous regions: 5->5
[2025-03-21T14:25:22.002+0000][7][gc,metaspace] GC(58) Metaspace: 119378K(121024K)->119378K(121024K) NonClass: 103926K(104832K)->103926K(104832K) Class: 15452K(16192K)->15452K(16192K)
[2025-03-21T14:25:22.002+0000][7][gc          ] GC(58) Pause Young (Normal) (G1 Evacuation Pause) 417M->133M(512M) 3.352ms
[2025-03-21T14:25:22.002+0000][7][gc,cpu      ] GC(58) User=0.01s Sys=0.00s Real=0.01s
[2025-03-21T14:25:22.002+0000][7][safepoint   ] Safepoint "G1CollectForAllocation", Time since last: 11973993561 ns, Reaching safepoint: 99229 ns, At safepoint: 3429670 ns, Total: 3528899 ns
[2025-03-21T14:25:26.005+0000][7][safepoint   ] Safepoint "Cleanup", Time since last: 4002940815 ns, Reaching safepoint: 123295 ns, At safepoint: 4098 ns, Total: 127393 ns
[2025-03-21T14:25:43.017+0000][7][safepoint   ] Safepoint "Cleanup", Time since last: 17011174362 ns, Reaching safepoint: 1036013 ns, At safepoint: 19898 ns, Total: 1055911 ns
[2025-03-21T14:26:07.030+0000][7][safepoint   ] Safepoint "Cleanup", Time since last: 24013039956 ns, Reaching safepoint: 77878 ns, At safepoint: 3747 ns, Total: 81625 ns
[2025-03-21T14:26:08.031+0000][7][safepoint   ] Safepoint "Cleanup", Time since last: 1000597541 ns, Reaching safepoint: 81435 ns, At safepoint: 3156 ns, Total: 84591 ns
[2025-03-21T14:26:09.032+0000][7][safepoint   ] Safepoint "Cleanup", Time since last: 1000544356 ns, Reaching safepoint: 54564 ns, At safepoint: 3156 ns, Total: 57720 ns
[2025-03-21T14:26:13.034+0000][7][safepoint   ] Safepoint "Cleanup", Time since last: 4002488301 ns, Reaching safepoint: 134500 ns, At safepoint: 6602 ns, Total: 141102 ns
[2025-03-21T14:26:14.035+0000][7][safepoint   ] Safepoint "Cleanup", Time since last: 1000172700 ns, Reaching safepoint: 111723 ns, At safepoint: 3988 ns, Total: 115711 ns
[2025-03-21T14:26:15.035+0000][7][safepoint   ] Safepoint "Cleanup", Time since last: 1000656115 ns, Reaching safepoint: 110400 ns, At safepoint: 4519 ns, Total: 114919 ns
[2025-03-21T14:26:16.036+0000][7][safepoint   ] Safepoint "Cleanup", Time since last: 1001025509 ns, Reaching safepoint: 82708 ns, At safepoint: 3897 ns, Total: 86605 ns
[2025-03-21T14:26:22.040+0000][7][safepoint   ] Safepoint "Cleanup", Time since last: 6003357320 ns, Reaching safepoint: 106684 ns, At safepoint: 3947 ns, Total: 110631 ns
[2025-03-21T14:26:25.024+0000][7][gc,start    ] GC(59) Pause Young (Normal) (G1 Evacuation Pause)
[2025-03-21T14:26:25.024+0000][7][gc,task     ] GC(59) Using 8 workers of 8 for evacuation
[2025-03-21T14:26:25.024+0000][7][gc,age      ] GC(59) Desired survivor size 18874368 bytes, new threshold 15 (max threshold 15)
[2025-03-21T14:26:25.027+0000][7][gc,age      ] GC(59) Age table with threshold 15 (max threshold 15)
[2025-03-21T14:26:25.027+0000][7][gc,age      ] GC(59) - age   1:    1948304 bytes,    1948304 total
[2025-03-21T14:26:25.027+0000][7][gc,age      ] GC(59) - age   2:       6632 bytes,    1954936 total
[2025-03-21T14:26:25.027+0000][7][gc,age      ] GC(59) - age   3:       3240 bytes,    1958176 total
[2025-03-21T14:26:25.027+0000][7][gc,age      ] GC(59) - age   4:       4520 bytes,    1962696 total
[2025-03-21T14:26:25.027+0000][7][gc,age      ] GC(59) - age   5:       6000 bytes,    1968696 total
[2025-03-21T14:26:25.027+0000][7][gc,age      ] GC(59) - age   6:      48640 bytes,    2017336 total
[2025-03-21T14:26:25.027+0000][7][gc,age      ] GC(59) - age   7:      14144 bytes,    2031480 total
[2025-03-21T14:26:25.027+0000][7][gc,age      ] GC(59) - age   8:       3632 bytes,    2035112 total
[2025-03-21T14:26:25.027+0000][7][gc,age      ] GC(59) - age   9:      13432 bytes,    2048544 total
[2025-03-21T14:26:25.027+0000][7][gc,age      ] GC(59) - age  10:        832 bytes,    2049376 total
[2025-03-21T14:26:25.027+0000][7][gc,age      ] GC(59) - age  11:       3152 bytes,    2052528 total
[2025-03-21T14:26:25.027+0000][7][gc,age      ] GC(59) - age  12:        808 bytes,    2053336 total
[2025-03-21T14:26:25.027+0000][7][gc,age      ] GC(59) - age  13:     128424 bytes,    2181760 total
[2025-03-21T14:26:25.027+0000][7][gc,age      ] GC(59) - age  14:     400776 bytes,    2582536 total
[2025-03-21T14:26:25.027+0000][7][gc,age      ] GC(59) - age  15:     651480 bytes,    3234016 total
[2025-03-21T14:26:25.027+0000][7][gc,phases   ] GC(59)   Pre Evacuate Collection Set: 0.1ms
[2025-03-21T14:26:25.027+0000][7][gc,phases   ] GC(59)   Merge Heap Roots: 0.1ms
[2025-03-21T14:26:25.027+0000][7][gc,phases   ] GC(59)   Evacuate Collection Set: 1.5ms
[2025-03-21T14:26:25.027+0000][7][gc,phases   ] GC(59)   Post Evacuate Collection Set: 0.8ms
[2025-03-21T14:26:25.027+0000][7][gc,phases   ] GC(59)   Other: 0.3ms
[2025-03-21T14:26:25.027+0000][7][gc,heap     ] GC(59) Eden regions: 71->0(71)
[2025-03-21T14:26:25.027+0000][7][gc,heap     ] GC(59) Survivor regions: 1->1(9)
[2025-03-21T14:26:25.027+0000][7][gc,heap     ] GC(59) Old regions: 27->27
[2025-03-21T14:26:25.027+0000][7][gc,heap     ] GC(59) Archive regions: 2->2
[2025-03-21T14:26:25.027+0000][7][gc,heap     ] GC(59) Humongous regions: 5->5
[2025-03-21T14:26:25.027+0000][7][gc,metaspace] GC(59) Metaspace: 119403K(121024K)->119403K(121024K) NonClass: 103950K(104832K)->103950K(104832K) Class: 15452K(16192K)->15452K(16192K)
[2025-03-21T14:26:25.027+0000][7][gc          ] GC(59) Pause Young (Normal) (G1 Evacuation Pause) 417M->133M(512M) 2.840ms
[2025-03-21T14:26:25.027+0000][7][gc,cpu      ] GC(59) User=0.01s Sys=0.00s Real=0.00s
[2025-03-21T14:26:25.027+0000][7][safepoint   ] Safepoint "G1CollectForAllocation", Time since last: 2984180844 ns, Reaching safepoint: 73670 ns, At safepoint: 2926824 ns, Total: 3000494 ns
[2025-03-21T14:26:26.028+0000][7][safepoint   ] Safepoint "Cleanup", Time since last: 1000574387 ns, Reaching safepoint: 135658 ns, At safepoint: 4940 ns, Total: 140598 ns
[2025-03-21T14:26:28.029+0000][7][safepoint   ] Safepoint "Cleanup", Time since last: 2000963928 ns, Reaching safepoint: 156599 ns, At safepoint: 5991 ns, Total: 162590 ns
[2025-03-21T14:26:29.030+0000][7][safepoint   ] Safepoint "Cleanup", Time since last: 1000522123 ns, Reaching safepoint: 217638 ns, At safepoint: 7455 ns, Total: 225093 ns
[2025-03-21T14:26:38.035+0000][7][safepoint   ] Safepoint "Cleanup", Time since last: 9004908693 ns, Reaching safepoint: 179442 ns, At safepoint: 5290 ns, Total: 184732 ns
[2025-03-21T14:26:54.044+0000][7][safepoint   ] Safepoint "Cleanup", Time since last: 16008971131 ns, Reaching safepoint: 105721 ns, At safepoint: 3838 ns, Total: 109559 ns
[2025-03-21T14:26:55.045+0000][7][safepoint   ] Safepoint "Cleanup", Time since last: 1000415773 ns, Reaching safepoint: 1085238 ns, At safepoint: 17173 ns, Total: 1102411 ns
[2025-03-21T14:26:58.048+0000][7][safepoint   ] Safepoint "Cleanup", Time since last: 3002236176 ns, Reaching safepoint: 883144 ns, At safepoint: 8556 ns, Total: 891700 ns
[2025-03-21T14:27:19.920+0000][7][gc,start    ] GC(60) Pause Young (Normal) (G1 Evacuation Pause)
[2025-03-21T14:27:19.920+0000][7][gc,task     ] GC(60) Using 8 workers of 8 for evacuation
[2025-03-21T14:27:19.920+0000][7][gc,age      ] GC(60) Desired survivor size 18874368 bytes, new threshold 15 (max threshold 15)
[2025-03-21T14:27:19.923+0000][7][gc,age      ] GC(60) Age table with threshold 15 (max threshold 15)
[2025-03-21T14:27:19.923+0000][7][gc,age      ] GC(60) - age   1:    2097856 bytes,    2097856 total
[2025-03-21T14:27:19.923+0000][7][gc,age      ] GC(60) - age   2:     121488 bytes,    2219344 total
[2025-03-21T14:27:19.923+0000][7][gc,age      ] GC(60) - age   3:       4128 bytes,    2223472 total
[2025-03-21T14:27:19.923+0000][7][gc,age      ] GC(60) - age   4:       3048 bytes,    2226520 total
[2025-03-21T14:27:19.923+0000][7][gc,age      ] GC(60) - age   5:       3904 bytes,    2230424 total
[2025-03-21T14:27:19.923+0000][7][gc,age      ] GC(60) - age   6:       5904 bytes,    2236328 total
[2025-03-21T14:27:19.923+0000][7][gc,age      ] GC(60) - age   7:      48328 bytes,    2284656 total
[2025-03-21T14:27:19.923+0000][7][gc,age      ] GC(60) - age   8:       5936 bytes,    2290592 total
[2025-03-21T14:27:19.923+0000][7][gc,age      ] GC(60) - age   9:       3632 bytes,    2294224 total
[2025-03-21T14:27:19.923+0000][7][gc,age      ] GC(60) - age  10:      13432 bytes,    2307656 total
[2025-03-21T14:27:19.923+0000][7][gc,age      ] GC(60) - age  11:        832 bytes,    2308488 total
[2025-03-21T14:27:19.923+0000][7][gc,age      ] GC(60) - age  12:       3120 bytes,    2311608 total
[2025-03-21T14:27:19.923+0000][7][gc,age      ] GC(60) - age  13:        808 bytes,    2312416 total
[2025-03-21T14:27:19.923+0000][7][gc,age      ] GC(60) - age  14:     128424 bytes,    2440840 total
[2025-03-21T14:27:19.923+0000][7][gc,age      ] GC(60) - age  15:     400776 bytes,    2841616 total
[2025-03-21T14:27:19.923+0000][7][gc,phases   ] GC(60)   Pre Evacuate Collection Set: 0.1ms
[2025-03-21T14:27:19.923+0000][7][gc,phases   ] GC(60)   Merge Heap Roots: 0.1ms
[2025-03-21T14:27:19.923+0000][7][gc,phases   ] GC(60)   Evacuate Collection Set: 1.7ms
[2025-03-21T14:27:19.923+0000][7][gc,phases   ] GC(60)   Post Evacuate Collection Set: 0.9ms
[2025-03-21T14:27:19.923+0000][7][gc,phases   ] GC(60)   Other: 0.2ms
[2025-03-21T14:27:19.923+0000][7][gc,heap     ] GC(60) Eden regions: 71->0(71)
[2025-03-21T14:27:19.923+0000][7][gc,heap     ] GC(60) Survivor regions: 1->1(9)
[2025-03-21T14:27:19.923+0000][7][gc,heap     ] GC(60) Old regions: 27->27
[2025-03-21T14:27:19.923+0000][7][gc,heap     ] GC(60) Archive regions: 2->2
[2025-03-21T14:27:19.923+0000][7][gc,heap     ] GC(60) Humongous regions: 5->5
[2025-03-21T14:27:19.923+0000][7][gc,metaspace] GC(60) Metaspace: 119412K(121024K)->119412K(121024K) NonClass: 103960K(104832K)->103960K(104832K) Class: 15452K(16192K)->15452K(16192K)
[2025-03-21T14:27:19.923+0000][7][gc          ] GC(60) Pause Young (Normal) (G1 Evacuation Pause) 417M->133M(512M) 3.143ms
[2025-03-21T14:27:19.923+0000][7][gc,cpu      ] GC(60) User=0.01s Sys=0.00s Real=0.01s
[2025-03-21T14:27:19.923+0000][7][safepoint   ] Safepoint "G1CollectForAllocation", Time since last: 21870940165 ns, Reaching safepoint: 99671 ns, At safepoint: 3212417 ns, Total: 3312088 ns
[2025-03-21T14:27:26.926+0000][7][safepoint   ] Safepoint "Cleanup", Time since last: 7003681540 ns, Reaching safepoint: 84471 ns, At safepoint: 3697 ns, Total: 88168 ns
[2025-03-21T14:27:31.930+0000][7][safepoint   ] Safepoint "Cleanup", Time since last: 5003304297 ns, Reaching safepoint: 144194 ns, At safepoint: 4900 ns, Total: 149094 ns
[2025-03-21T14:27:40.935+0000][7][safepoint   ] Safepoint "Cleanup", Time since last: 9004561021 ns, Reaching safepoint: 184361 ns, At safepoint: 15480 ns, Total: 199841 ns
[2025-03-21T14:27:46.940+0000][7][safepoint   ] Safepoint "Cleanup", Time since last: 6004039179 ns, Reaching safepoint: 847963 ns, At safepoint: 10751 ns, Total: 858714 ns
[2025-03-21T14:27:48.941+0000][7][safepoint   ] Safepoint "Cleanup", Time since last: 2001414438 ns, Reaching safepoint: 123525 ns, At safepoint: 5170 ns, Total: 128695 ns
[2025-03-21T14:27:49.941+0000][7][safepoint   ] Safepoint "Cleanup", Time since last: 1000181806 ns, Reaching safepoint: 65815 ns, At safepoint: 3517 ns, Total: 69332 ns
[2025-03-21T14:27:50.942+0000][7][safepoint   ] Safepoint "Cleanup", Time since last: 1000329593 ns, Reaching safepoint: 105972 ns, At safepoint: 4508 ns, Total: 110480 ns
[2025-03-21T14:27:55.945+0000][7][safepoint   ] Safepoint "Cleanup", Time since last: 5003429714 ns, Reaching safepoint: 123666 ns, At safepoint: 5119 ns, Total: 128785 ns
[2025-03-21T14:27:56.946+0000][7][safepoint   ] Safepoint "Cleanup", Time since last: 1000211654 ns, Reaching safepoint: 109629 ns, At safepoint: 5730 ns, Total: 115359 ns
[2025-03-21T14:27:57.947+0000][7][safepoint   ] Safepoint "Cleanup", Time since last: 1000791136 ns, Reaching safepoint: 75133 ns, At safepoint: 3717 ns, Total: 78850 ns
[2025-03-21T14:28:01.949+0000][7][safepoint   ] Safepoint "Cleanup", Time since last: 4002521901 ns, Reaching safepoint: 104018 ns, At safepoint: 3887 ns, Total: 107905 ns
[2025-03-21T14:28:08.953+0000][7][safepoint   ] Safepoint "Cleanup", Time since last: 7003526886 ns, Reaching safepoint: 170154 ns, At safepoint: 6783 ns, Total: 176937 ns
[2025-03-21T14:28:17.958+0000][7][safepoint   ] Safepoint "Cleanup", Time since last: 9005233686 ns, Reaching safepoint: 96704 ns, At safepoint: 4408 ns, Total: 101112 ns
[2025-03-21T14:28:19.066+0000][7][gc,start    ] GC(61) Pause Young (Normal) (G1 Evacuation Pause)
[2025-03-21T14:28:19.066+0000][7][gc,task     ] GC(61) Using 8 workers of 8 for evacuation
[2025-03-21T14:28:19.066+0000][7][gc,age      ] GC(61) Desired survivor size 18874368 bytes, new threshold 15 (max threshold 15)
[2025-03-21T14:28:19.069+0000][7][gc,age      ] GC(61) Age table with threshold 15 (max threshold 15)
[2025-03-21T14:28:19.069+0000][7][gc,age      ] GC(61) - age   1:    2730376 bytes,    2730376 total
[2025-03-21T14:28:19.069+0000][7][gc,age      ] GC(61) - age   2:     154160 bytes,    2884536 total
[2025-03-21T14:28:19.069+0000][7][gc,age      ] GC(61) - age   3:       1832 bytes,    2886368 total
[2025-03-21T14:28:19.069+0000][7][gc,age      ] GC(61) - age   4:       3840 bytes,    2890208 total
[2025-03-21T14:28:19.069+0000][7][gc,age      ] GC(61) - age   5:       3048 bytes,    2893256 total
[2025-03-21T14:28:19.069+0000][7][gc,age      ] GC(61) - age   6:       3776 bytes,    2897032 total
[2025-03-21T14:28:19.069+0000][7][gc,age      ] GC(61) - age   7:       5904 bytes,    2902936 total
[2025-03-21T14:28:19.069+0000][7][gc,age      ] GC(61) - age   8:      48328 bytes,    2951264 total
[2025-03-21T14:28:19.069+0000][7][gc,age      ] GC(61) - age   9:       5936 bytes,    2957200 total
[2025-03-21T14:28:19.069+0000][7][gc,age      ] GC(61) - age  10:       3632 bytes,    2960832 total
[2025-03-21T14:28:19.069+0000][7][gc,age      ] GC(61) - age  11:      13360 bytes,    2974192 total
[2025-03-21T14:28:19.069+0000][7][gc,age      ] GC(61) - age  12:        832 bytes,    2975024 total
[2025-03-21T14:28:19.069+0000][7][gc,age      ] GC(61) - age  13:       3120 bytes,    2978144 total
[2025-03-21T14:28:19.069+0000][7][gc,age      ] GC(61) - age  14:        808 bytes,    2978952 total
[2025-03-21T14:28:19.069+0000][7][gc,age      ] GC(61) - age  15:      11416 bytes,    2990368 total
[2025-03-21T14:28:19.069+0000][7][gc,phases   ] GC(61)   Pre Evacuate Collection Set: 0.0ms
[2025-03-21T14:28:19.069+0000][7][gc,phases   ] GC(61)   Merge Heap Roots: 0.1ms
[2025-03-21T14:28:19.069+0000][7][gc,phases   ] GC(61)   Evacuate Collection Set: 1.6ms
[2025-03-21T14:28:19.069+0000][7][gc,phases   ] GC(61)   Post Evacuate Collection Set: 1.3ms
[2025-03-21T14:28:19.069+0000][7][gc,phases   ] GC(61)   Other: 0.2ms
[2025-03-21T14:28:19.069+0000][7][gc,heap     ] GC(61) Eden regions: 71->0(71)
[2025-03-21T14:28:19.069+0000][7][gc,heap     ] GC(61) Survivor regions: 1->1(9)
[2025-03-21T14:28:19.069+0000][7][gc,heap     ] GC(61) Old regions: 27->27
[2025-03-21T14:28:19.069+0000][7][gc,heap     ] GC(61) Archive regions: 2->2
[2025-03-21T14:28:19.069+0000][7][gc,heap     ] GC(61) Humongous regions: 5->5
[2025-03-21T14:28:19.069+0000][7][gc,metaspace] GC(61) Metaspace: 119426K(121088K)->119426K(121088K) NonClass: 103974K(104896K)->103974K(104896K) Class: 15452K(16192K)->15452K(16192K)
[2025-03-21T14:28:19.069+0000][7][gc          ] GC(61) Pause Young (Normal) (G1 Evacuation Pause) 417M->134M(512M) 3.239ms
[2025-03-21T14:28:19.069+0000][7][gc,cpu      ] GC(61) User=0.01s Sys=0.01s Real=0.01s
[2025-03-21T14:28:19.069+0000][7][safepoint   ] Safepoint "G1CollectForAllocation", Time since last: 1107180375 ns, Reaching safepoint: 62099 ns, At safepoint: 3307869 ns, Total: 3369968 ns
[2025-03-21T14:28:21.069+0000][7][safepoint   ] Safepoint "Cleanup", Time since last: 1999299982 ns, Reaching safepoint: 536943 ns, At safepoint: 7604 ns, Total: 544547 ns
[2025-03-21T14:28:26.072+0000][7][safepoint   ] Safepoint "Cleanup", Time since last: 5003111365 ns, Reaching safepoint: 124888 ns, At safepoint: 22292 ns, Total: 147180 ns
[2025-03-21T14:28:31.075+0000][7][safepoint   ] Safepoint "Cleanup", Time since last: 5002545500 ns, Reaching safepoint: 127724 ns, At safepoint: 4829 ns, Total: 132553 ns
[2025-03-21T14:28:35.077+0000][7][safepoint   ] Safepoint "Cleanup", Time since last: 4002387861 ns, Reaching safepoint: 109328 ns, At safepoint: 3497 ns, Total: 112825 ns
[2025-03-21T14:28:37.078+0000][7][safepoint   ] Safepoint "Cleanup", Time since last: 2000726998 ns, Reaching safepoint: 89090 ns, At safepoint: 3396 ns, Total: 92486 ns
[2025-03-21T14:28:38.079+0000][7][safepoint   ] Safepoint "Cleanup", Time since last: 1000910495 ns, Reaching safepoint: 153452 ns, At safepoint: 4328 ns, Total: 157780 ns
[2025-03-21T14:28:49.085+0000][7][safepoint   ] Safepoint "Cleanup", Time since last: 11005923856 ns, Reaching safepoint: 107455 ns, At safepoint: 3857 ns, Total: 111312 ns
[2025-03-21T14:28:50.085+0000][7][safepoint   ] Safepoint "Cleanup", Time since last: 1000297510 ns, Reaching safepoint: 88759 ns, At safepoint: 3657 ns, Total: 92416 ns
[2025-03-21T14:28:58.091+0000][7][safepoint   ] Safepoint "Cleanup", Time since last: 8005191695 ns, Reaching safepoint: 162109 ns, At safepoint: 5290 ns, Total: 167399 ns
[2025-03-21T14:29:01.092+0000][7][safepoint   ] Safepoint "Cleanup", Time since last: 3001361215 ns, Reaching safepoint: 98476 ns, At safepoint: 6322 ns, Total: 104798 ns
[2025-03-21T14:29:02.164+0000][7][safepoint   ] Safepoint "Cleanup", Time since last: 1071178912 ns, Reaching safepoint: 149705 ns, At safepoint: 8557 ns, Total: 158262 ns
[2025-03-21T14:29:04.165+0000][7][safepoint   ] Safepoint "Cleanup", Time since last: 2001555007 ns, Reaching safepoint: 77378 ns, At safepoint: 4839 ns, Total: 82217 ns
[2025-03-21T14:29:07.166+0000][7][safepoint   ] Safepoint "Cleanup", Time since last: 3001164495 ns, Reaching safepoint: 88208 ns, At safepoint: 22583 ns, Total: 110791 ns
[2025-03-21T14:29:13.170+0000][7][safepoint   ] Safepoint "Cleanup", Time since last: 6003541213 ns, Reaching safepoint: 139716 ns, At safepoint: 4048 ns, Total: 143764 ns
[2025-03-21T14:29:13.183+0000][7][gc,start    ] GC(62) Pause Young (Normal) (G1 Evacuation Pause)
[2025-03-21T14:29:13.183+0000][7][gc,task     ] GC(62) Using 8 workers of 8 for evacuation
[2025-03-21T14:29:13.183+0000][7][gc,age      ] GC(62) Desired survivor size 18874368 bytes, new threshold 15 (max threshold 15)
[2025-03-21T14:29:13.186+0000][7][gc,age      ] GC(62) Age table with threshold 15 (max threshold 15)
[2025-03-21T14:29:13.186+0000][7][gc,age      ] GC(62) - age   1:    1610752 bytes,    1610752 total
[2025-03-21T14:29:13.186+0000][7][gc,age      ] GC(62) - age   2:     396352 bytes,    2007104 total
[2025-03-21T14:29:13.186+0000][7][gc,age      ] GC(62) - age   3:       5016 bytes,    2012120 total
[2025-03-21T14:29:13.186+0000][7][gc,age      ] GC(62) - age   4:       1632 bytes,    2013752 total
[2025-03-21T14:29:13.186+0000][7][gc,age      ] GC(62) - age   5:       3584 bytes,    2017336 total
[2025-03-21T14:29:13.186+0000][7][gc,age      ] GC(62) - age   6:       3048 bytes,    2020384 total
[2025-03-21T14:29:13.186+0000][7][gc,age      ] GC(62) - age   7:       3776 bytes,    2024160 total
[2025-03-21T14:29:13.186+0000][7][gc,age      ] GC(62) - age   8:       5904 bytes,    2030064 total
[2025-03-21T14:29:13.186+0000][7][gc,age      ] GC(62) - age   9:      48328 bytes,    2078392 total
[2025-03-21T14:29:13.186+0000][7][gc,age      ] GC(62) - age  10:       5936 bytes,    2084328 total
[2025-03-21T14:29:13.186+0000][7][gc,age      ] GC(62) - age  11:       3632 bytes,    2087960 total
[2025-03-21T14:29:13.186+0000][7][gc,age      ] GC(62) - age  12:      13360 bytes,    2101320 total
[2025-03-21T14:29:13.186+0000][7][gc,age      ] GC(62) - age  13:        832 bytes,    2102152 total
[2025-03-21T14:29:13.186+0000][7][gc,age      ] GC(62) - age  14:       3120 bytes,    2105272 total
[2025-03-21T14:29:13.186+0000][7][gc,age      ] GC(62) - age  15:        808 bytes,    2106080 total
[2025-03-21T14:29:13.186+0000][7][gc,phases   ] GC(62)   Pre Evacuate Collection Set: 0.1ms
[2025-03-21T14:29:13.186+0000][7][gc,phases   ] GC(62)   Merge Heap Roots: 0.1ms
[2025-03-21T14:29:13.186+0000][7][gc,phases   ] GC(62)   Evacuate Collection Set: 1.2ms
[2025-03-21T14:29:13.186+0000][7][gc,phases   ] GC(62)   Post Evacuate Collection Set: 1.0ms
[2025-03-21T14:29:13.186+0000][7][gc,phases   ] GC(62)   Other: 0.3ms
[2025-03-21T14:29:13.186+0000][7][gc,heap     ] GC(62) Eden regions: 71->0(71)
[2025-03-21T14:29:13.186+0000][7][gc,heap     ] GC(62) Survivor regions: 1->1(9)
[2025-03-21T14:29:13.186+0000][7][gc,heap     ] GC(62) Old regions: 27->27
[2025-03-21T14:29:13.186+0000][7][gc,heap     ] GC(62) Archive regions: 2->2
[2025-03-21T14:29:13.186+0000][7][gc,heap     ] GC(62) Humongous regions: 5->5
[2025-03-21T14:29:13.186+0000][7][gc,metaspace] GC(62) Metaspace: 119452K(121152K)->119452K(121152K) NonClass: 103999K(104960K)->103999K(104960K) Class: 15452K(16192K)->15452K(16192K)
[2025-03-21T14:29:13.186+0000][7][gc          ] GC(62) Pause Young (Normal) (G1 Evacuation Pause) 418M->133M(512M) 2.694ms
[2025-03-21T14:29:13.186+0000][7][gc,cpu      ] GC(62) User=0.01s Sys=0.00s Real=0.00s
[2025-03-21T14:29:13.186+0000][7][safepoint   ] Safepoint "G1CollectForAllocation", Time since last: 12704449 ns, Reaching safepoint: 102425 ns, At safepoint: 2772630 ns, Total: 2875055 ns
[2025-03-21T14:29:26.191+0000][7][safepoint   ] Safepoint "Cleanup", Time since last: 13005330710 ns, Reaching safepoint: 125521 ns, At safepoint: 6753 ns, Total: 132274 ns
[2025-03-21T14:29:28.192+0000][7][safepoint   ] Safepoint "Cleanup", Time since last: 2000982448 ns, Reaching safepoint: 126191 ns, At safepoint: 3957 ns, Total: 130148 ns
