[2025-03-20T13:37:41.254+0000][7][gc] Using G1
[2025-03-20T13:37:41.394+0000][7][gc,init] Version: 16.0.2+7 (release)
[2025-03-20T13:37:41.394+0000][7][gc,init] CPUs: 8 total, 8 available
[2025-03-20T13:37:41.394+0000][7][gc,init] Memory: 7901M
[2025-03-20T13:37:41.394+0000][7][gc,init] Large Page Support: Disabled
[2025-03-20T13:37:41.394+0000][7][gc,init] NUMA Support: Disabled
[2025-03-20T13:37:41.394+0000][7][gc,init] Compressed Oops: Enabled (32-bit)
[2025-03-20T13:37:41.394+0000][7][gc,init] Heap Region Size: 4M
[2025-03-20T13:37:41.394+0000][7][gc,init] Heap Min Capacity: 512M
[2025-03-20T13:37:41.394+0000][7][gc,init] Heap Initial Capacity: 512M
[2025-03-20T13:37:41.394+0000][7][gc,init] Heap Max Capacity: 512M
[2025-03-20T13:37:41.394+0000][7][gc,init] Pre-touch: Enabled
[2025-03-20T13:37:41.394+0000][7][gc,init] Parallel Workers: 8
[2025-03-20T13:37:41.394+0000][7][gc,init] Concurrent Workers: 2
[2025-03-20T13:37:41.394+0000][7][gc,init] Concurrent Refinement Workers: 8
[2025-03-20T13:37:41.394+0000][7][gc,init] Periodic GC: Disabled
[2025-03-20T13:37:41.394+0000][7][gc,metaspace] CDS archive(s) mapped at: [0x0000000800000000-0x0000000800beb000-0x0000000800beb000), size 12496896, SharedBaseAddress: 0x0000000800000000, ArchiveRelocationMode: 0.
[2025-03-20T13:37:41.395+0000][7][gc,metaspace] Compressed class space mapped at: 0x0000000800c00000-0x0000000840c00000, reserved size: 1073741824
[2025-03-20T13:37:41.395+0000][7][gc,metaspace] Narrow klass base: 0x0000000800000000, Narrow klass shift: 3, Narrow klass range: 0x100000000
[2025-03-20T13:37:41.908+0000][7][safepoint   ] Safepoint "ICBufferFull", Time since last: 505747147 ns, Reaching safepoint: 274894 ns, At safepoint: 5030 ns, Total: 279924 ns
[2025-03-20T13:37:42.141+0000][7][gc,start    ] GC(0) Pause Young (Normal) (G1 Evacuation Pause)
[2025-03-20T13:37:42.141+0000][7][gc,task     ] GC(0) Using 8 workers of 8 for evacuation
[2025-03-20T13:37:42.141+0000][7][gc,age      ] GC(0) Desired survivor size 2097152 bytes, new threshold 15 (max threshold 15)
[2025-03-20T13:37:42.146+0000][7][gc,age      ] GC(0) Age table with threshold 15 (max threshold 15)
[2025-03-20T13:37:42.146+0000][7][gc,age      ] GC(0) - age   1:    4175280 bytes,    4175280 total
[2025-03-20T13:37:42.146+0000][7][gc,phases   ] GC(0)   Pre Evacuate Collection Set: 0.2ms
[2025-03-20T13:37:42.146+0000][7][gc,phases   ] GC(0)   Merge Heap Roots: 0.1ms
[2025-03-20T13:37:42.146+0000][7][gc,phases   ] GC(0)   Evacuate Collection Set: 3.8ms
[2025-03-20T13:37:42.146+0000][7][gc,phases   ] GC(0)   Post Evacuate Collection Set: 0.7ms
[2025-03-20T13:37:42.146+0000][7][gc,phases   ] GC(0)   Other: 0.2ms
[2025-03-20T13:37:42.146+0000][7][gc,heap     ] GC(0) Eden regions: 6->0(6)
[2025-03-20T13:37:42.146+0000][7][gc,heap     ] GC(0) Survivor regions: 0->1(1)
[2025-03-20T13:37:42.146+0000][7][gc,heap     ] GC(0) Old regions: 0->1
[2025-03-20T13:37:42.146+0000][7][gc,heap     ] GC(0) Archive regions: 2->2
[2025-03-20T13:37:42.146+0000][7][gc,heap     ] GC(0) Humongous regions: 0->0
[2025-03-20T13:37:42.146+0000][7][gc,metaspace] GC(0) Metaspace: 8222K(8384K)->8222K(8384K) NonClass: 7307K(7424K)->7307K(7424K) Class: 915K(960K)->915K(960K)
[2025-03-20T13:37:42.146+0000][7][gc          ] GC(0) Pause Young (Normal) (G1 Evacuation Pause) 27M->8M(512M) 5.077ms
[2025-03-20T13:37:42.146+0000][7][gc,cpu      ] GC(0) User=0.01s Sys=0.00s Real=0.00s
[2025-03-20T13:37:42.146+0000][7][safepoint   ] Safepoint "G1CollectForAllocation", Time since last: 232654444 ns, Reaching safepoint: 179241 ns, At safepoint: 5225045 ns, Total: 5404286 ns
[2025-03-20T13:37:42.838+0000][7][gc,start    ] GC(1) Pause Young (Normal) (G1 Evacuation Pause)
[2025-03-20T13:37:42.838+0000][7][gc,task     ] GC(1) Using 8 workers of 8 for evacuation
[2025-03-20T13:37:42.838+0000][7][gc,age      ] GC(1) Desired survivor size 2097152 bytes, new threshold 1 (max threshold 15)
[2025-03-20T13:37:42.848+0000][7][gc,age      ] GC(1) Age table with threshold 1 (max threshold 15)
[2025-03-20T13:37:42.848+0000][7][gc,age      ] GC(1) - age   1:    2080848 bytes,    2080848 total
[2025-03-20T13:37:42.848+0000][7][gc,phases   ] GC(1)   Pre Evacuate Collection Set: 0.1ms
[2025-03-20T13:37:42.848+0000][7][gc,phases   ] GC(1)   Merge Heap Roots: 1.2ms
[2025-03-20T13:37:42.848+0000][7][gc,phases   ] GC(1)   Evacuate Collection Set: 7.7ms
[2025-03-20T13:37:42.848+0000][7][gc,phases   ] GC(1)   Post Evacuate Collection Set: 1.4ms
[2025-03-20T13:37:42.848+0000][7][gc,phases   ] GC(1)   Other: 0.2ms
[2025-03-20T13:37:42.848+0000][7][gc,heap     ] GC(1) Eden regions: 6->0(14)
[2025-03-20T13:37:42.848+0000][7][gc,heap     ] GC(1) Survivor regions: 1->1(1)
[2025-03-20T13:37:42.848+0000][7][gc,heap     ] GC(1) Old regions: 1->2
[2025-03-20T13:37:42.848+0000][7][gc,heap     ] GC(1) Archive regions: 2->2
[2025-03-20T13:37:42.848+0000][7][gc,heap     ] GC(1) Humongous regions: 0->0
[2025-03-20T13:37:42.848+0000][7][gc,metaspace] GC(1) Metaspace: 12514K(12800K)->12514K(12800K) NonClass: 11040K(11200K)->11040K(11200K) Class: 1474K(1600K)->1474K(1600K)
[2025-03-20T13:37:42.848+0000][7][gc          ] GC(1) Pause Young (Normal) (G1 Evacuation Pause) 32M->10M(512M) 10.764ms
[2025-03-20T13:37:42.849+0000][7][gc,cpu      ] GC(1) User=0.01s Sys=0.00s Real=0.02s
[2025-03-20T13:37:42.849+0000][7][safepoint   ] Safepoint "G1CollectForAllocation", Time since last: 691071854 ns, Reaching safepoint: 187417 ns, At safepoint: 10891952 ns, Total: 11079369 ns
[2025-03-20T13:37:43.356+0000][7][safepoint   ] Safepoint "ICBufferFull", Time since last: 506954021 ns, Reaching safepoint: 215040 ns, At safepoint: 21120 ns, Total: 236160 ns
[2025-03-20T13:37:43.383+0000][7][gc,start    ] GC(2) Pause Young (Normal) (G1 Evacuation Pause)
[2025-03-20T13:37:43.383+0000][7][gc,task     ] GC(2) Using 8 workers of 8 for evacuation
[2025-03-20T13:37:43.383+0000][7][gc,age      ] GC(2) Desired survivor size 4194304 bytes, new threshold 15 (max threshold 15)
[2025-03-20T13:37:43.408+0000][7][gc,age      ] GC(2) Age table with threshold 15 (max threshold 15)
[2025-03-20T13:37:43.408+0000][7][gc,age      ] GC(2) - age   1:    1232264 bytes,    1232264 total
[2025-03-20T13:37:43.408+0000][7][gc,age      ] GC(2) - age   2:    2063496 bytes,    3295760 total
[2025-03-20T13:37:43.408+0000][7][gc,phases   ] GC(2)   Pre Evacuate Collection Set: 0.1ms
[2025-03-20T13:37:43.408+0000][7][gc,phases   ] GC(2)   Merge Heap Roots: 0.1ms
[2025-03-20T13:37:43.408+0000][7][gc,phases   ] GC(2)   Evacuate Collection Set: 15.1ms
[2025-03-20T13:37:43.408+0000][7][gc,phases   ] GC(2)   Post Evacuate Collection Set: 9.6ms
[2025-03-20T13:37:43.408+0000][7][gc,phases   ] GC(2)   Other: 0.2ms
[2025-03-20T13:37:43.408+0000][7][gc,heap     ] GC(2) Eden regions: 14->0(69)
[2025-03-20T13:37:43.408+0000][7][gc,heap     ] GC(2) Survivor regions: 1->1(2)
[2025-03-20T13:37:43.408+0000][7][gc,heap     ] GC(2) Old regions: 2->2
[2025-03-20T13:37:43.408+0000][7][gc,heap     ] GC(2) Archive regions: 2->2
[2025-03-20T13:37:43.408+0000][7][gc,heap     ] GC(2) Humongous regions: 0->0
[2025-03-20T13:37:43.408+0000][7][gc,metaspace] GC(2) Metaspace: 14584K(14848K)->14584K(14848K) NonClass: 12924K(13056K)->12924K(13056K) Class: 1659K(1792K)->1659K(1792K)
[2025-03-20T13:37:43.408+0000][7][gc          ] GC(2) Pause Young (Normal) (G1 Evacuation Pause) 66M->11M(512M) 25.118ms
[2025-03-20T13:37:43.408+0000][7][gc,cpu      ] GC(2) User=0.01s Sys=0.00s Real=0.03s
[2025-03-20T13:37:43.408+0000][7][safepoint   ] Safepoint "G1CollectForAllocation", Time since last: 27048425 ns, Reaching safepoint: 230278 ns, At safepoint: 25202259 ns, Total: 25432537 ns
[2025-03-20T13:37:43.487+0000][7][safepoint   ] Safepoint "ICBufferFull", Time since last: 78818900 ns, Reaching safepoint: 97295 ns, At safepoint: 3587 ns, Total: 100882 ns
[2025-03-20T13:37:43.491+0000][7][safepoint   ] Safepoint "ICBufferFull", Time since last: 3792673 ns, Reaching safepoint: 138864 ns, At safepoint: 18987 ns, Total: 157851 ns
[2025-03-20T13:37:43.494+0000][7][safepoint   ] Safepoint "ICBufferFull", Time since last: 2353372 ns, Reaching safepoint: 124587 ns, At safepoint: 3086 ns, Total: 127673 ns
[2025-03-20T13:37:43.496+0000][7][safepoint   ] Safepoint "ICBufferFull", Time since last: 2549235 ns, Reaching safepoint: 80333 ns, At safepoint: 3707 ns, Total: 84040 ns
[2025-03-20T13:37:43.499+0000][7][safepoint   ] Safepoint "ICBufferFull", Time since last: 3113328 ns, Reaching safepoint: 116832 ns, At safepoint: 19447 ns, Total: 136279 ns
[2025-03-20T13:37:43.503+0000][7][safepoint   ] Safepoint "ICBufferFull", Time since last: 2251749 ns, Reaching safepoint: 1178015 ns, At safepoint: 16982 ns, Total: 1194997 ns
[2025-03-20T13:37:43.506+0000][7][safepoint   ] Safepoint "ICBufferFull", Time since last: 2721861 ns, Reaching safepoint: 115409 ns, At safepoint: 3577 ns, Total: 118986 ns
[2025-03-20T13:37:43.508+0000][7][safepoint   ] Safepoint "ICBufferFull", Time since last: 2195243 ns, Reaching safepoint: 100401 ns, At safepoint: 2374 ns, Total: 102775 ns
[2025-03-20T13:37:43.510+0000][7][safepoint   ] Safepoint "ICBufferFull", Time since last: 1581031 ns, Reaching safepoint: 130088 ns, At safepoint: 2445 ns, Total: 132533 ns
[2025-03-20T13:37:43.512+0000][7][safepoint   ] Safepoint "ICBufferFull", Time since last: 2115516 ns, Reaching safepoint: 120389 ns, At safepoint: 13426 ns, Total: 133815 ns
[2025-03-20T13:37:43.517+0000][7][safepoint   ] Safepoint "ICBufferFull", Time since last: 4791004 ns, Reaching safepoint: 115941 ns, At safepoint: 3417 ns, Total: 119358 ns
[2025-03-20T13:37:43.520+0000][7][safepoint   ] Safepoint "ICBufferFull", Time since last: 2715454 ns, Reaching safepoint: 114949 ns, At safepoint: 3266 ns, Total: 118215 ns
[2025-03-20T13:37:43.523+0000][7][safepoint   ] Safepoint "ICBufferFull", Time since last: 3252695 ns, Reaching safepoint: 136290 ns, At safepoint: 3587 ns, Total: 139877 ns
[2025-03-20T13:37:43.527+0000][7][safepoint   ] Safepoint "ICBufferFull", Time since last: 3909566 ns, Reaching safepoint: 86755 ns, At safepoint: 3677 ns, Total: 90432 ns
[2025-03-20T13:37:43.530+0000][7][safepoint   ] Safepoint "ICBufferFull", Time since last: 2344985 ns, Reaching safepoint: 95021 ns, At safepoint: 2816 ns, Total: 97837 ns
[2025-03-20T13:37:43.586+0000][7][safepoint   ] Safepoint "ICBufferFull", Time since last: 56372142 ns, Reaching safepoint: 117404 ns, At safepoint: 30618 ns, Total: 148022 ns
[2025-03-20T13:37:43.930+0000][7][safepoint   ] Safepoint "ICBufferFull", Time since last: 343618755 ns, Reaching safepoint: 392667 ns, At safepoint: 11873 ns, Total: 404540 ns
[2025-03-20T13:37:43.996+0000][7][gc,start    ] GC(3) Pause Young (Normal) (G1 Evacuation Pause)
[2025-03-20T13:37:43.996+0000][7][gc,task     ] GC(3) Using 8 workers of 8 for evacuation
[2025-03-20T13:37:43.996+0000][7][gc,age      ] GC(3) Desired survivor size 18874368 bytes, new threshold 15 (max threshold 15)
[2025-03-20T13:37:44.007+0000][7][gc,age      ] GC(3) Age table with threshold 15 (max threshold 15)
[2025-03-20T13:37:44.007+0000][7][gc,age      ] GC(3) - age   1:    4881512 bytes,    4881512 total
[2025-03-20T13:37:44.007+0000][7][gc,age      ] GC(3) - age   2:    1213280 bytes,    6094792 total
[2025-03-20T13:37:44.007+0000][7][gc,age      ] GC(3) - age   3:    2049104 bytes,    8143896 total
[2025-03-20T13:37:44.007+0000][7][gc,phases   ] GC(3)   Pre Evacuate Collection Set: 0.1ms
[2025-03-20T13:37:44.007+0000][7][gc,phases   ] GC(3)   Merge Heap Roots: 0.1ms
[2025-03-20T13:37:44.007+0000][7][gc,phases   ] GC(3)   Evacuate Collection Set: 9.4ms
[2025-03-20T13:37:44.007+0000][7][gc,phases   ] GC(3)   Post Evacuate Collection Set: 1.5ms
[2025-03-20T13:37:44.007+0000][7][gc,phases   ] GC(3)   Other: 0.2ms
[2025-03-20T13:37:44.007+0000][7][gc,heap     ] GC(3) Eden regions: 69->0(73)
[2025-03-20T13:37:44.007+0000][7][gc,heap     ] GC(3) Survivor regions: 1->3(9)
[2025-03-20T13:37:44.007+0000][7][gc,heap     ] GC(3) Old regions: 2->2
[2025-03-20T13:37:44.007+0000][7][gc,heap     ] GC(3) Archive regions: 2->2
[2025-03-20T13:37:44.007+0000][7][gc,heap     ] GC(3) Humongous regions: 0->0
[2025-03-20T13:37:44.007+0000][7][gc,metaspace] GC(3) Metaspace: 18344K(18624K)->18344K(18624K) NonClass: 16138K(16256K)->16138K(16256K) Class: 2206K(2368K)->2206K(2368K)
[2025-03-20T13:37:44.007+0000][7][gc          ] GC(3) Pause Young (Normal) (G1 Evacuation Pause) 287M->16M(512M) 11.401ms
[2025-03-20T13:37:44.007+0000][7][gc,cpu      ] GC(3) User=0.03s Sys=0.00s Real=0.02s
[2025-03-20T13:37:44.007+0000][7][safepoint   ] Safepoint "G1CollectForAllocation", Time since last: 65448145 ns, Reaching safepoint: 121141 ns, At safepoint: 11584280 ns, Total: 11705421 ns
[2025-03-20T13:37:44.414+0000][7][gc,start    ] GC(4) Pause Young (Normal) (G1 Evacuation Pause)
[2025-03-20T13:37:44.414+0000][7][gc,task     ] GC(4) Using 8 workers of 8 for evacuation
[2025-03-20T13:37:44.414+0000][7][gc,age      ] GC(4) Desired survivor size 20971520 bytes, new threshold 15 (max threshold 15)
[2025-03-20T13:37:44.422+0000][7][gc,age      ] GC(4) Age table with threshold 15 (max threshold 15)
[2025-03-20T13:37:44.422+0000][7][gc,age      ] GC(4) - age   1:    3089176 bytes,    3089176 total
[2025-03-20T13:37:44.422+0000][7][gc,age      ] GC(4) - age   2:    4827456 bytes,    7916632 total
[2025-03-20T13:37:44.422+0000][7][gc,age      ] GC(4) - age   3:    1213280 bytes,    9129912 total
[2025-03-20T13:37:44.422+0000][7][gc,age      ] GC(4) - age   4:    2049104 bytes,   11179016 total
[2025-03-20T13:37:44.422+0000][7][gc,phases   ] GC(4)   Pre Evacuate Collection Set: 0.2ms
[2025-03-20T13:37:44.422+0000][7][gc,phases   ] GC(4)   Merge Heap Roots: 0.1ms
[2025-03-20T13:37:44.422+0000][7][gc,phases   ] GC(4)   Evacuate Collection Set: 6.4ms
[2025-03-20T13:37:44.422+0000][7][gc,phases   ] GC(4)   Post Evacuate Collection Set: 1.4ms
[2025-03-20T13:37:44.422+0000][7][gc,phases   ] GC(4)   Other: 0.2ms
[2025-03-20T13:37:44.422+0000][7][gc,heap     ] GC(4) Eden regions: 73->0(73)
[2025-03-20T13:37:44.423+0000][7][gc,heap     ] GC(4) Survivor regions: 3->3(10)
[2025-03-20T13:37:44.423+0000][7][gc,heap     ] GC(4) Old regions: 2->2
[2025-03-20T13:37:44.423+0000][7][gc,heap     ] GC(4) Archive regions: 2->2
[2025-03-20T13:37:44.423+0000][7][gc,heap     ] GC(4) Humongous regions: 0->0
[2025-03-20T13:37:44.423+0000][7][gc,metaspace] GC(4) Metaspace: 19124K(19520K)->19124K(19520K) NonClass: 16805K(17024K)->16805K(17024K) Class: 2318K(2496K)->2318K(2496K)
[2025-03-20T13:37:44.423+0000][7][gc          ] GC(4) Pause Young (Normal) (G1 Evacuation Pause) 308M->19M(512M) 8.471ms
[2025-03-20T13:37:44.423+0000][7][gc,cpu      ] GC(4) User=0.03s Sys=0.01s Real=0.01s
[2025-03-20T13:37:44.423+0000][7][safepoint   ] Safepoint "G1CollectForAllocation", Time since last: 406560589 ns, Reaching safepoint: 168090 ns, At safepoint: 8552147 ns, Total: 8720237 ns
[2025-03-20T13:37:44.729+0000][7][gc,start    ] GC(5) Pause Young (Normal) (G1 Evacuation Pause)
[2025-03-20T13:37:44.729+0000][7][gc,task     ] GC(5) Using 8 workers of 8 for evacuation
[2025-03-20T13:37:44.729+0000][7][gc,age      ] GC(5) Desired survivor size 20971520 bytes, new threshold 15 (max threshold 15)
[2025-03-20T13:37:44.737+0000][7][gc,age      ] GC(5) Age table with threshold 15 (max threshold 15)
[2025-03-20T13:37:44.737+0000][7][gc,age      ] GC(5) - age   1:    1262520 bytes,    1262520 total
[2025-03-20T13:37:44.737+0000][7][gc,age      ] GC(5) - age   2:    2273136 bytes,    3535656 total
[2025-03-20T13:37:44.737+0000][7][gc,age      ] GC(5) - age   3:    4827440 bytes,    8363096 total
[2025-03-20T13:37:44.737+0000][7][gc,age      ] GC(5) - age   4:    1205856 bytes,    9568952 total
[2025-03-20T13:37:44.737+0000][7][gc,age      ] GC(5) - age   5:    2049104 bytes,   11618056 total
[2025-03-20T13:37:44.737+0000][7][gc,phases   ] GC(5)   Pre Evacuate Collection Set: 0.1ms
[2025-03-20T13:37:44.737+0000][7][gc,phases   ] GC(5)   Merge Heap Roots: 0.1ms
[2025-03-20T13:37:44.737+0000][7][gc,phases   ] GC(5)   Evacuate Collection Set: 6.7ms
[2025-03-20T13:37:44.737+0000][7][gc,phases   ] GC(5)   Post Evacuate Collection Set: 0.8ms
[2025-03-20T13:37:44.737+0000][7][gc,phases   ] GC(5)   Other: 0.2ms
[2025-03-20T13:37:44.737+0000][7][gc,heap     ] GC(5) Eden regions: 73->0(73)
[2025-03-20T13:37:44.737+0000][7][gc,heap     ] GC(5) Survivor regions: 3->3(10)
[2025-03-20T13:37:44.737+0000][7][gc,heap     ] GC(5) Old regions: 2->2
[2025-03-20T13:37:44.737+0000][7][gc,heap     ] GC(5) Archive regions: 2->2
[2025-03-20T13:37:44.737+0000][7][gc,heap     ] GC(5) Humongous regions: 0->0
[2025-03-20T13:37:44.737+0000][7][gc,metaspace] GC(5) Metaspace: 19739K(20160K)->19739K(20160K) NonClass: 17343K(17600K)->17343K(17600K) Class: 2396K(2560K)->2396K(2560K)
[2025-03-20T13:37:44.737+0000][7][gc          ] GC(5) Pause Young (Normal) (G1 Evacuation Pause) 311M->19M(512M) 7.931ms
[2025-03-20T13:37:44.737+0000][7][gc,cpu      ] GC(5) User=0.03s Sys=0.00s Real=0.00s
[2025-03-20T13:37:44.737+0000][7][safepoint   ] Safepoint "G1CollectForAllocation", Time since last: 306162719 ns, Reaching safepoint: 105841 ns, At safepoint: 8017520 ns, Total: 8123361 ns
[2025-03-20T13:37:45.030+0000][7][gc,start    ] GC(6) Pause Young (Normal) (G1 Evacuation Pause)
[2025-03-20T13:37:45.031+0000][7][gc,task     ] GC(6) Using 8 workers of 8 for evacuation
[2025-03-20T13:37:45.031+0000][7][gc,age      ] GC(6) Desired survivor size 20971520 bytes, new threshold 15 (max threshold 15)
[2025-03-20T13:37:45.040+0000][7][gc,age      ] GC(6) Age table with threshold 15 (max threshold 15)
[2025-03-20T13:37:45.040+0000][7][gc,age      ] GC(6) - age   1:    1289024 bytes,    1289024 total
[2025-03-20T13:37:45.040+0000][7][gc,age      ] GC(6) - age   2:    1244000 bytes,    2533024 total
[2025-03-20T13:37:45.040+0000][7][gc,age      ] GC(6) - age   3:    2272464 bytes,    4805488 total
[2025-03-20T13:37:45.040+0000][7][gc,age      ] GC(6) - age   4:    4827088 bytes,    9632576 total
[2025-03-20T13:37:45.040+0000][7][gc,age      ] GC(6) - age   5:    1205712 bytes,   10838288 total
[2025-03-20T13:37:45.040+0000][7][gc,age      ] GC(6) - age   6:    2049104 bytes,   12887392 total
[2025-03-20T13:37:45.040+0000][7][gc,phases   ] GC(6)   Pre Evacuate Collection Set: 0.1ms
[2025-03-20T13:37:45.040+0000][7][gc,phases   ] GC(6)   Merge Heap Roots: 0.2ms
[2025-03-20T13:37:45.040+0000][7][gc,phases   ] GC(6)   Evacuate Collection Set: 5.5ms
[2025-03-20T13:37:45.040+0000][7][gc,phases   ] GC(6)   Post Evacuate Collection Set: 3.6ms
[2025-03-20T13:37:45.040+0000][7][gc,phases   ] GC(6)   Other: 0.2ms
[2025-03-20T13:37:45.040+0000][7][gc,heap     ] GC(6) Eden regions: 73->0(72)
[2025-03-20T13:37:45.040+0000][7][gc,heap     ] GC(6) Survivor regions: 3->4(10)
[2025-03-20T13:37:45.040+0000][7][gc,heap     ] GC(6) Old regions: 2->2
[2025-03-20T13:37:45.040+0000][7][gc,heap     ] GC(6) Archive regions: 2->2
[2025-03-20T13:37:45.040+0000][7][gc,heap     ] GC(6) Humongous regions: 0->0
[2025-03-20T13:37:45.040+0000][7][gc,metaspace] GC(6) Metaspace: 20052K(20480K)->20052K(20480K) NonClass: 17599K(17856K)->17599K(17856K) Class: 2453K(2624K)->2453K(2624K)
[2025-03-20T13:37:45.040+0000][7][gc          ] GC(6) Pause Young (Normal) (G1 Evacuation Pause) 311M->20M(512M) 9.707ms
[2025-03-20T13:37:45.040+0000][7][gc,cpu      ] GC(6) User=0.02s Sys=0.00s Real=0.01s
[2025-03-20T13:37:45.040+0000][7][safepoint   ] Safepoint "G1CollectForAllocation", Time since last: 293383855 ns, Reaching safepoint: 184459 ns, At safepoint: 9791820 ns, Total: 9976279 ns
[2025-03-20T13:37:45.286+0000][7][gc,start    ] GC(7) Pause Young (Concurrent Start) (Metadata GC Threshold)
[2025-03-20T13:37:45.286+0000][7][gc,task     ] GC(7) Using 8 workers of 8 for evacuation
[2025-03-20T13:37:45.286+0000][7][gc,age      ] GC(7) Desired survivor size 20971520 bytes, new threshold 15 (max threshold 15)
[2025-03-20T13:37:45.299+0000][7][gc,age      ] GC(7) Age table with threshold 15 (max threshold 15)
[2025-03-20T13:37:45.299+0000][7][gc,age      ] GC(7) - age   1:    1621008 bytes,    1621008 total
[2025-03-20T13:37:45.299+0000][7][gc,age      ] GC(7) - age   2:     477784 bytes,    2098792 total
[2025-03-20T13:37:45.299+0000][7][gc,age      ] GC(7) - age   3:    1244000 bytes,    3342792 total
[2025-03-20T13:37:45.299+0000][7][gc,age      ] GC(7) - age   4:    2271328 bytes,    5614120 total
[2025-03-20T13:37:45.299+0000][7][gc,age      ] GC(7) - age   5:    4827072 bytes,   10441192 total
[2025-03-20T13:37:45.299+0000][7][gc,age      ] GC(7) - age   6:    1205408 bytes,   11646600 total
[2025-03-20T13:37:45.299+0000][7][gc,age      ] GC(7) - age   7:    2048592 bytes,   13695192 total
[2025-03-20T13:37:45.299+0000][7][gc,phases   ] GC(7)   Pre Evacuate Collection Set: 0.3ms
[2025-03-20T13:37:45.299+0000][7][gc,phases   ] GC(7)   Merge Heap Roots: 0.3ms
[2025-03-20T13:37:45.299+0000][7][gc,phases   ] GC(7)   Evacuate Collection Set: 8.7ms
[2025-03-20T13:37:45.299+0000][7][gc,phases   ] GC(7)   Post Evacuate Collection Set: 3.1ms
[2025-03-20T13:37:45.299+0000][7][gc,phases   ] GC(7)   Other: 0.5ms
[2025-03-20T13:37:45.299+0000][7][gc,heap     ] GC(7) Eden regions: 31->0(72)
[2025-03-20T13:37:45.299+0000][7][gc,heap     ] GC(7) Survivor regions: 4->4(10)
[2025-03-20T13:37:45.299+0000][7][gc,heap     ] GC(7) Old regions: 2->2
[2025-03-20T13:37:45.299+0000][7][gc,heap     ] GC(7) Archive regions: 2->2
[2025-03-20T13:37:45.299+0000][7][gc,heap     ] GC(7) Humongous regions: 0->0
[2025-03-20T13:37:45.299+0000][7][gc,metaspace] GC(7) Metaspace: 20815K(21248K)->20815K(21248K) NonClass: 18259K(18560K)->18259K(18560K) Class: 2556K(2688K)->2556K(2688K)
[2025-03-20T13:37:45.299+0000][7][gc          ] GC(7) Pause Young (Concurrent Start) (Metadata GC Threshold) 144M->21M(512M) 12.949ms
[2025-03-20T13:37:45.299+0000][7][gc,cpu      ] GC(7) User=0.02s Sys=0.00s Real=0.01s
[2025-03-20T13:37:45.299+0000][7][safepoint   ] Safepoint "CollectForMetadataAllocation", Time since last: 245624911 ns, Reaching safepoint: 410902 ns, At safepoint: 13110356 ns, Total: 13521258 ns
[2025-03-20T13:37:45.299+0000][7][gc          ] GC(8) Concurrent Mark Cycle
[2025-03-20T13:37:45.299+0000][7][gc,marking  ] GC(8) Concurrent Clear Claimed Marks
[2025-03-20T13:37:45.300+0000][7][gc,marking  ] GC(8) Concurrent Clear Claimed Marks 0.043ms
[2025-03-20T13:37:45.300+0000][7][gc,marking  ] GC(8) Concurrent Scan Root Regions
[2025-03-20T13:37:45.303+0000][7][gc,marking  ] GC(8) Concurrent Scan Root Regions 3.543ms
[2025-03-20T13:37:45.303+0000][7][gc,marking  ] GC(8) Concurrent Mark
[2025-03-20T13:37:45.303+0000][7][gc,marking  ] GC(8) Concurrent Mark From Roots
[2025-03-20T13:37:45.303+0000][7][gc,task     ] GC(8) Using 2 workers of 2 for marking
[2025-03-20T13:37:45.315+0000][7][gc,marking  ] GC(8) Concurrent Mark From Roots 11.429ms
[2025-03-20T13:37:45.315+0000][7][gc,marking  ] GC(8) Concurrent Preclean
[2025-03-20T13:37:45.315+0000][7][gc,marking  ] GC(8) Concurrent Preclean 0.146ms
[2025-03-20T13:37:45.315+0000][7][gc,start    ] GC(8) Pause Remark
[2025-03-20T13:37:45.321+0000][7][gc          ] GC(8) Pause Remark 24M->24M(512M) 5.475ms
[2025-03-20T13:37:45.321+0000][7][gc,cpu      ] GC(8) User=0.01s Sys=0.00s Real=0.01s
[2025-03-20T13:37:45.321+0000][7][safepoint   ] Safepoint "G1Concurrent", Time since last: 15535467 ns, Reaching safepoint: 355519 ns, At safepoint: 5697527 ns, Total: 6053046 ns
[2025-03-20T13:37:45.323+0000][7][gc,marking  ] GC(8) Concurrent Mark 19.668ms
[2025-03-20T13:37:45.323+0000][7][gc,marking  ] GC(8) Concurrent Rebuild Remembered Sets
[2025-03-20T13:37:45.327+0000][7][gc,marking  ] GC(8) Concurrent Rebuild Remembered Sets 3.721ms
[2025-03-20T13:37:45.328+0000][7][gc,start    ] GC(8) Pause Cleanup
[2025-03-20T13:37:45.328+0000][7][gc          ] GC(8) Pause Cleanup 24M->24M(512M) 0.099ms
[2025-03-20T13:37:45.328+0000][7][gc,cpu      ] GC(8) User=0.00s Sys=0.00s Real=0.00s
[2025-03-20T13:37:45.328+0000][7][safepoint   ] Safepoint "G1Concurrent", Time since last: 5646868 ns, Reaching safepoint: 919973 ns, At safepoint: 146299 ns, Total: 1066272 ns
[2025-03-20T13:37:45.328+0000][7][gc,marking  ] GC(8) Concurrent Cleanup for Next Mark
[2025-03-20T13:37:45.334+0000][7][gc,marking  ] GC(8) Concurrent Cleanup for Next Mark 6.346ms
[2025-03-20T13:37:45.334+0000][7][gc          ] GC(8) Concurrent Mark Cycle 34.915ms
[2025-03-20T13:37:45.650+0000][7][gc,start    ] GC(9) Pause Young (Normal) (G1 Evacuation Pause)
[2025-03-20T13:37:45.650+0000][7][gc,task     ] GC(9) Using 8 workers of 8 for evacuation
[2025-03-20T13:37:45.650+0000][7][gc,age      ] GC(9) Desired survivor size 20971520 bytes, new threshold 15 (max threshold 15)
[2025-03-20T13:37:45.658+0000][7][gc,age      ] GC(9) Age table with threshold 15 (max threshold 15)
[2025-03-20T13:37:45.658+0000][7][gc,age      ] GC(9) - age   1:    2105768 bytes,    2105768 total
[2025-03-20T13:37:45.658+0000][7][gc,age      ] GC(9) - age   2:    1579984 bytes,    3685752 total
[2025-03-20T13:37:45.658+0000][7][gc,age      ] GC(9) - age   3:     476248 bytes,    4162000 total
[2025-03-20T13:37:45.658+0000][7][gc,age      ] GC(9) - age   4:    1243728 bytes,    5405728 total
[2025-03-20T13:37:45.658+0000][7][gc,age      ] GC(9) - age   5:    2271200 bytes,    7676928 total
[2025-03-20T13:37:45.658+0000][7][gc,age      ] GC(9) - age   6:    4826432 bytes,   12503360 total
[2025-03-20T13:37:45.658+0000][7][gc,age      ] GC(9) - age   7:    1205280 bytes,   13708640 total
[2025-03-20T13:37:45.658+0000][7][gc,age      ] GC(9) - age   8:    2046384 bytes,   15755024 total
[2025-03-20T13:37:45.658+0000][7][gc,phases   ] GC(9)   Pre Evacuate Collection Set: 0.2ms
[2025-03-20T13:37:45.658+0000][7][gc,phases   ] GC(9)   Merge Heap Roots: 0.1ms
[2025-03-20T13:37:45.658+0000][7][gc,phases   ] GC(9)   Evacuate Collection Set: 6.5ms
[2025-03-20T13:37:45.658+0000][7][gc,phases   ] GC(9)   Post Evacuate Collection Set: 0.9ms
[2025-03-20T13:37:45.658+0000][7][gc,phases   ] GC(9)   Other: 0.2ms
[2025-03-20T13:37:45.658+0000][7][gc,heap     ] GC(9) Eden regions: 72->0(71)
[2025-03-20T13:37:45.658+0000][7][gc,heap     ] GC(9) Survivor regions: 4->5(10)
[2025-03-20T13:37:45.658+0000][7][gc,heap     ] GC(9) Old regions: 2->2
[2025-03-20T13:37:45.658+0000][7][gc,heap     ] GC(9) Archive regions: 2->2
[2025-03-20T13:37:45.658+0000][7][gc,heap     ] GC(9) Humongous regions: 0->0
[2025-03-20T13:37:45.658+0000][7][gc,metaspace] GC(9) Metaspace: 21242K(21824K)->21242K(21824K) NonClass: 18630K(19008K)->18630K(19008K) Class: 2611K(2816K)->2611K(2816K)
[2025-03-20T13:37:45.658+0000][7][gc          ] GC(9) Pause Young (Normal) (G1 Evacuation Pause) 309M->24M(512M) 8.027ms
[2025-03-20T13:37:45.658+0000][7][gc,cpu      ] GC(9) User=0.02s Sys=0.01s Real=0.00s
[2025-03-20T13:37:45.658+0000][7][safepoint   ] Safepoint "G1CollectForAllocation", Time since last: 322288420 ns, Reaching safepoint: 131881 ns, At safepoint: 8082813 ns, Total: 8214694 ns
[2025-03-20T13:37:46.131+0000][7][gc,start    ] GC(10) Pause Young (Normal) (G1 Evacuation Pause)
[2025-03-20T13:37:46.131+0000][7][gc,task     ] GC(10) Using 8 workers of 8 for evacuation
[2025-03-20T13:37:46.131+0000][7][gc,age      ] GC(10) Desired survivor size 20971520 bytes, new threshold 15 (max threshold 15)
[2025-03-20T13:37:46.139+0000][7][gc,age      ] GC(10) Age table with threshold 15 (max threshold 15)
[2025-03-20T13:37:46.139+0000][7][gc,age      ] GC(10) - age   1:     948736 bytes,     948736 total
[2025-03-20T13:37:46.139+0000][7][gc,age      ] GC(10) - age   2:     902264 bytes,    1851000 total
[2025-03-20T13:37:46.139+0000][7][gc,age      ] GC(10) - age   3:    1579984 bytes,    3430984 total
[2025-03-20T13:37:46.139+0000][7][gc,age      ] GC(10) - age   4:     475928 bytes,    3906912 total
[2025-03-20T13:37:46.139+0000][7][gc,age      ] GC(10) - age   5:    1243456 bytes,    5150368 total
[2025-03-20T13:37:46.139+0000][7][gc,age      ] GC(10) - age   6:    2270864 bytes,    7421232 total
[2025-03-20T13:37:46.139+0000][7][gc,age      ] GC(10) - age   7:    4826096 bytes,   12247328 total
[2025-03-20T13:37:46.139+0000][7][gc,age      ] GC(10) - age   8:    1205280 bytes,   13452608 total
[2025-03-20T13:37:46.139+0000][7][gc,age      ] GC(10) - age   9:    2046224 bytes,   15498832 total
[2025-03-20T13:37:46.139+0000][7][gc,phases   ] GC(10)   Pre Evacuate Collection Set: 0.1ms
[2025-03-20T13:37:46.139+0000][7][gc,phases   ] GC(10)   Merge Heap Roots: 0.0ms
[2025-03-20T13:37:46.139+0000][7][gc,phases   ] GC(10)   Evacuate Collection Set: 5.5ms
[2025-03-20T13:37:46.139+0000][7][gc,phases   ] GC(10)   Post Evacuate Collection Set: 3.0ms
[2025-03-20T13:37:46.139+0000][7][gc,phases   ] GC(10)   Other: 0.3ms
[2025-03-20T13:37:46.139+0000][7][gc,heap     ] GC(10) Eden regions: 71->0(72)
[2025-03-20T13:37:46.139+0000][7][gc,heap     ] GC(10) Survivor regions: 5->4(10)
[2025-03-20T13:37:46.139+0000][7][gc,heap     ] GC(10) Old regions: 2->2
[2025-03-20T13:37:46.139+0000][7][gc,heap     ] GC(10) Archive regions: 2->2
[2025-03-20T13:37:46.139+0000][7][gc,heap     ] GC(10) Humongous regions: 0->0
[2025-03-20T13:37:46.139+0000][7][gc,metaspace] GC(10) Metaspace: 21371K(21952K)->21371K(21952K) NonClass: 18732K(19136K)->18732K(19136K) Class: 2639K(2816K)->2639K(2816K)
[2025-03-20T13:37:46.140+0000][7][gc          ] GC(10) Pause Young (Normal) (G1 Evacuation Pause) 308M->24M(512M) 8.970ms
[2025-03-20T13:37:46.140+0000][7][gc,cpu      ] GC(10) User=0.02s Sys=0.00s Real=0.01s
[2025-03-20T13:37:46.140+0000][7][safepoint   ] Safepoint "G1CollectForAllocation", Time since last: 471898432 ns, Reaching safepoint: 407156 ns, At safepoint: 9055580 ns, Total: 9462736 ns
[2025-03-20T13:37:46.634+0000][7][safepoint   ] Safepoint "ICBufferFull", Time since last: 491012089 ns, Reaching safepoint: 3106287 ns, At safepoint: 12454 ns, Total: 3118741 ns
[2025-03-20T13:37:47.510+0000][7][safepoint   ] Safepoint "ICBufferFull", Time since last: 876401682 ns, Reaching safepoint: 231220 ns, At safepoint: 3447 ns, Total: 234667 ns
[2025-03-20T13:37:48.645+0000][7][safepoint   ] Safepoint "ICBufferFull", Time since last: 1134449779 ns, Reaching safepoint: 245507 ns, At safepoint: 3988 ns, Total: 249495 ns
[2025-03-20T13:37:48.792+0000][7][gc,start    ] GC(11) Pause Young (Normal) (G1 Evacuation Pause)
[2025-03-20T13:37:48.792+0000][7][gc,task     ] GC(11) Using 8 workers of 8 for evacuation
[2025-03-20T13:37:48.792+0000][7][gc,age      ] GC(11) Desired survivor size 20971520 bytes, new threshold 15 (max threshold 15)
[2025-03-20T13:37:48.840+0000][7][gc,age      ] GC(11) Age table with threshold 15 (max threshold 15)
[2025-03-20T13:37:48.840+0000][7][gc,age      ] GC(11) - age   1:   27906552 bytes,   27906552 total
[2025-03-20T13:37:48.840+0000][7][gc,age      ] GC(11) - age   2:     917992 bytes,   28824544 total
[2025-03-20T13:37:48.840+0000][7][gc,age      ] GC(11) - age   3:     881328 bytes,   29705872 total
[2025-03-20T13:37:48.840+0000][7][gc,age      ] GC(11) - age   4:    1501952 bytes,   31207824 total
[2025-03-20T13:37:48.840+0000][7][gc,age      ] GC(11) - age   5:     241176 bytes,   31449000 total
[2025-03-20T13:37:48.840+0000][7][gc,age      ] GC(11) - age   6:     914360 bytes,   32363360 total
[2025-03-20T13:37:48.840+0000][7][gc,age      ] GC(11) - age   7:    2026264 bytes,   34389624 total
[2025-03-20T13:37:48.840+0000][7][gc,age      ] GC(11) - age   8:    4490208 bytes,   38879832 total
[2025-03-20T13:37:48.840+0000][7][gc,age      ] GC(11) - age   9:    1085768 bytes,   39965600 total
[2025-03-20T13:37:48.840+0000][7][gc,age      ] GC(11) - age  10:    1889856 bytes,   41855456 total
[2025-03-20T13:37:48.840+0000][7][gc,phases   ] GC(11)   Pre Evacuate Collection Set: 0.0ms
[2025-03-20T13:37:48.840+0000][7][gc,phases   ] GC(11)   Merge Heap Roots: 0.1ms
[2025-03-20T13:37:48.840+0000][7][gc,phases   ] GC(11)   Evacuate Collection Set: 41.9ms
[2025-03-20T13:37:48.840+0000][7][gc,phases   ] GC(11)   Post Evacuate Collection Set: 5.7ms
[2025-03-20T13:37:48.840+0000][7][gc,phases   ] GC(11)   Other: 0.3ms
[2025-03-20T13:37:48.840+0000][7][gc,heap     ] GC(11) Eden regions: 72->0(66)
[2025-03-20T13:37:48.840+0000][7][gc,heap     ] GC(11) Survivor regions: 4->10(10)
[2025-03-20T13:37:48.840+0000][7][gc,heap     ] GC(11) Old regions: 2->4
[2025-03-20T13:37:48.840+0000][7][gc,heap     ] GC(11) Archive regions: 2->2
[2025-03-20T13:37:48.840+0000][7][gc,heap     ] GC(11) Humongous regions: 0->0
[2025-03-20T13:37:48.840+0000][7][gc,metaspace] GC(11) Metaspace: 33813K(34752K)->33813K(34752K) NonClass: 29446K(30016K)->29446K(30016K) Class: 4366K(4736K)->4366K(4736K)
[2025-03-20T13:37:48.840+0000][7][gc          ] GC(11) Pause Young (Normal) (G1 Evacuation Pause) 312M->59M(512M) 48.100ms
[2025-03-20T13:37:48.840+0000][7][gc,cpu      ] GC(11) User=0.11s Sys=0.00s Real=0.05s
[2025-03-20T13:37:48.840+0000][7][safepoint   ] Safepoint "G1CollectForAllocation", Time since last: 146664202 ns, Reaching safepoint: 111362 ns, At safepoint: 48173291 ns, Total: 48284653 ns
[2025-03-20T13:37:48.899+0000][7][gc,start    ] GC(12) Pause Young (Concurrent Start) (Metadata GC Threshold)
[2025-03-20T13:37:48.899+0000][7][gc,task     ] GC(12) Using 8 workers of 8 for evacuation
[2025-03-20T13:37:48.899+0000][7][gc,age      ] GC(12) Desired survivor size 20971520 bytes, new threshold 1 (max threshold 15)
[2025-03-20T13:37:48.932+0000][7][gc,age      ] GC(12) Age table with threshold 1 (max threshold 15)
[2025-03-20T13:37:48.932+0000][7][gc,age      ] GC(12) - age   1:     325608 bytes,     325608 total
[2025-03-20T13:37:48.932+0000][7][gc,phases   ] GC(12)   Pre Evacuate Collection Set: 0.1ms
[2025-03-20T13:37:48.932+0000][7][gc,phases   ] GC(12)   Merge Heap Roots: 0.8ms
[2025-03-20T13:37:48.932+0000][7][gc,phases   ] GC(12)   Evacuate Collection Set: 27.4ms
[2025-03-20T13:37:48.932+0000][7][gc,phases   ] GC(12)   Post Evacuate Collection Set: 4.6ms
[2025-03-20T13:37:48.932+0000][7][gc,phases   ] GC(12)   Other: 0.4ms
[2025-03-20T13:37:48.932+0000][7][gc,heap     ] GC(12) Eden regions: 2->0(74)
[2025-03-20T13:37:48.932+0000][7][gc,heap     ] GC(12) Survivor regions: 10->2(10)
[2025-03-20T13:37:48.932+0000][7][gc,heap     ] GC(12) Old regions: 4->15
[2025-03-20T13:37:48.932+0000][7][gc,heap     ] GC(12) Archive regions: 2->2
[2025-03-20T13:37:48.932+0000][7][gc,heap     ] GC(12) Humongous regions: 0->0
[2025-03-20T13:37:48.932+0000][7][gc,metaspace] GC(12) Metaspace: 34608K(35520K)->34608K(35520K) NonClass: 30142K(30656K)->30142K(30656K) Class: 4465K(4864K)->4465K(4864K)
[2025-03-20T13:37:48.932+0000][7][gc          ] GC(12) Pause Young (Concurrent Start) (Metadata GC Threshold) 67M->65M(512M) 33.134ms
[2025-03-20T13:37:48.932+0000][7][gc,cpu      ] GC(12) User=0.08s Sys=0.00s Real=0.03s
[2025-03-20T13:37:48.932+0000][7][safepoint   ] Safepoint "CollectForMetadataAllocation", Time since last: 58130185 ns, Reaching safepoint: 182497 ns, At safepoint: 33527897 ns, Total: 33710394 ns
[2025-03-20T13:37:48.934+0000][7][gc          ] GC(13) Concurrent Mark Cycle
[2025-03-20T13:37:48.934+0000][7][gc,marking  ] GC(13) Concurrent Clear Claimed Marks
[2025-03-20T13:37:48.934+0000][7][gc,marking  ] GC(13) Concurrent Clear Claimed Marks 0.057ms
[2025-03-20T13:37:48.934+0000][7][gc,marking  ] GC(13) Concurrent Scan Root Regions
[2025-03-20T13:37:48.947+0000][7][safepoint   ] Safepoint "CollectForMetadataAllocation", Time since last: 15337528 ns, Reaching safepoint: 68831 ns, At safepoint: 52650 ns, Total: 121481 ns
[2025-03-20T13:37:48.960+0000][7][gc,marking  ] GC(13) Concurrent Scan Root Regions 25.303ms
[2025-03-20T13:37:48.960+0000][7][gc,marking  ] GC(13) Concurrent Mark
[2025-03-20T13:37:48.960+0000][7][gc,marking  ] GC(13) Concurrent Mark From Roots
[2025-03-20T13:37:48.960+0000][7][gc,task     ] GC(13) Using 2 workers of 2 for marking
[2025-03-20T13:37:48.962+0000][7][safepoint   ] Safepoint "CollectForMetadataAllocation", Time since last: 14768707 ns, Reaching safepoint: 131370 ns, At safepoint: 66347 ns, Total: 197717 ns
[2025-03-20T13:37:48.978+0000][7][safepoint   ] Safepoint "CollectForMetadataAllocation", Time since last: 15607747 ns, Reaching safepoint: 365015 ns, At safepoint: 85513 ns, Total: 450528 ns
[2025-03-20T13:37:48.995+0000][7][safepoint   ] Safepoint "CollectForMetadataAllocation", Time since last: 14187630 ns, Reaching safepoint: 2396583 ns, At safepoint: 84942 ns, Total: 2481525 ns
[2025-03-20T13:37:49.006+0000][7][gc,marking  ] GC(13) Concurrent Mark From Roots 46.677ms
[2025-03-20T13:37:49.006+0000][7][gc,marking  ] GC(13) Concurrent Preclean
[2025-03-20T13:37:49.006+0000][7][gc,marking  ] GC(13) Concurrent Preclean 0.114ms
[2025-03-20T13:37:49.007+0000][7][gc,start    ] GC(13) Pause Remark
[2025-03-20T13:37:49.013+0000][7][gc          ] GC(13) Pause Remark 71M->71M(512M) 6.454ms
[2025-03-20T13:37:49.013+0000][7][gc,cpu      ] GC(13) User=0.01s Sys=0.00s Real=0.00s
[2025-03-20T13:37:49.013+0000][7][safepoint   ] Safepoint "G1Concurrent", Time since last: 11583890 ns, Reaching safepoint: 229778 ns, At safepoint: 6617011 ns, Total: 6846789 ns
[2025-03-20T13:37:49.014+0000][7][gc,marking  ] GC(13) Concurrent Mark 54.678ms
[2025-03-20T13:37:49.014+0000][7][gc,marking  ] GC(13) Concurrent Rebuild Remembered Sets
[2025-03-20T13:37:49.063+0000][7][gc,marking  ] GC(13) Concurrent Rebuild Remembered Sets 48.177ms
[2025-03-20T13:37:49.064+0000][7][gc,start    ] GC(13) Pause Cleanup
[2025-03-20T13:37:49.064+0000][7][gc          ] GC(13) Pause Cleanup 105M->105M(512M) 0.119ms
[2025-03-20T13:37:49.064+0000][7][gc,cpu      ] GC(13) User=0.00s Sys=0.00s Real=0.00s
[2025-03-20T13:37:49.064+0000][7][safepoint   ] Safepoint "G1Concurrent", Time since last: 49221393 ns, Reaching safepoint: 901908 ns, At safepoint: 169082 ns, Total: 1070990 ns
[2025-03-20T13:37:49.066+0000][7][gc,marking  ] GC(13) Concurrent Cleanup for Next Mark
[2025-03-20T13:37:49.070+0000][7][gc,marking  ] GC(13) Concurrent Cleanup for Next Mark 4.143ms
[2025-03-20T13:37:49.071+0000][7][gc          ] GC(13) Concurrent Mark Cycle 136.289ms
[2025-03-20T13:37:50.122+0000][7][safepoint   ] Safepoint "ICBufferFull", Time since last: 1058294623 ns, Reaching safepoint: 217063 ns, At safepoint: 4980 ns, Total: 222043 ns
[2025-03-20T13:37:50.462+0000][7][gc,start    ] GC(14) Pause Young (Concurrent Start) (G1 Evacuation Pause)
[2025-03-20T13:37:50.463+0000][7][gc,task     ] GC(14) Using 8 workers of 8 for evacuation
[2025-03-20T13:37:50.463+0000][7][gc,age      ] GC(14) Desired survivor size 20971520 bytes, new threshold 15 (max threshold 15)
[2025-03-20T13:37:50.484+0000][7][gc,age      ] GC(14) Age table with threshold 15 (max threshold 15)
[2025-03-20T13:37:50.484+0000][7][gc,age      ] GC(14) - age   1:    6377824 bytes,    6377824 total
[2025-03-20T13:37:50.484+0000][7][gc,age      ] GC(14) - age   2:     318008 bytes,    6695832 total
[2025-03-20T13:37:50.484+0000][7][gc,phases   ] GC(14)   Pre Evacuate Collection Set: 0.2ms
[2025-03-20T13:37:50.484+0000][7][gc,phases   ] GC(14)   Merge Heap Roots: 0.1ms
[2025-03-20T13:37:50.484+0000][7][gc,phases   ] GC(14)   Evacuate Collection Set: 10.1ms
[2025-03-20T13:37:50.484+0000][7][gc,phases   ] GC(14)   Post Evacuate Collection Set: 10.9ms
[2025-03-20T13:37:50.484+0000][7][gc,phases   ] GC(14)   Other: 0.3ms
[2025-03-20T13:37:50.484+0000][7][gc,heap     ] GC(14) Eden regions: 74->0(74)
[2025-03-20T13:37:50.484+0000][7][gc,heap     ] GC(14) Survivor regions: 2->2(10)
[2025-03-20T13:37:50.484+0000][7][gc,heap     ] GC(14) Old regions: 15->15
[2025-03-20T13:37:50.484+0000][7][gc,heap     ] GC(14) Archive regions: 2->2
[2025-03-20T13:37:50.484+0000][7][gc,heap     ] GC(14) Humongous regions: 0->0
[2025-03-20T13:37:50.484+0000][7][gc,metaspace] GC(14) Metaspace: 52266K(53312K)->52266K(53312K) NonClass: 45356K(46016K)->45356K(46016K) Class: 6909K(7296K)->6909K(7296K)
[2025-03-20T13:37:50.484+0000][7][gc          ] GC(14) Pause Young (Concurrent Start) (G1 Evacuation Pause) 361M->67M(512M) 21.650ms
[2025-03-20T13:37:50.484+0000][7][gc,cpu      ] GC(14) User=0.04s Sys=0.00s Real=0.02s
[2025-03-20T13:37:50.484+0000][7][safepoint   ] Safepoint "G1CollectForAllocation", Time since last: 340108142 ns, Reaching safepoint: 143293 ns, At safepoint: 21822759 ns, Total: 21966052 ns
[2025-03-20T13:37:50.484+0000][7][gc          ] GC(15) Concurrent Mark Cycle
[2025-03-20T13:37:50.484+0000][7][gc,marking  ] GC(15) Concurrent Clear Claimed Marks
[2025-03-20T13:37:50.484+0000][7][gc,marking  ] GC(15) Concurrent Clear Claimed Marks 0.106ms
[2025-03-20T13:37:50.484+0000][7][gc,marking  ] GC(15) Concurrent Scan Root Regions
[2025-03-20T13:37:50.492+0000][7][gc,marking  ] GC(15) Concurrent Scan Root Regions 7.875ms
[2025-03-20T13:37:50.492+0000][7][gc,marking  ] GC(15) Concurrent Mark
[2025-03-20T13:37:50.492+0000][7][gc,marking  ] GC(15) Concurrent Mark From Roots
[2025-03-20T13:37:50.492+0000][7][gc,task     ] GC(15) Using 2 workers of 2 for marking
[2025-03-20T13:37:50.639+0000][7][gc,marking  ] GC(15) Concurrent Mark From Roots 146.848ms
[2025-03-20T13:37:50.639+0000][7][gc,marking  ] GC(15) Concurrent Preclean
[2025-03-20T13:37:50.640+0000][7][gc,marking  ] GC(15) Concurrent Preclean 0.233ms
[2025-03-20T13:37:50.651+0000][7][gc,start    ] GC(15) Pause Remark
[2025-03-20T13:37:50.671+0000][7][gc          ] GC(15) Pause Remark 119M->119M(512M) 20.279ms
[2025-03-20T13:37:50.671+0000][7][gc,cpu      ] GC(15) User=0.01s Sys=0.00s Real=0.02s
[2025-03-20T13:37:50.671+0000][7][safepoint   ] Safepoint "G1Concurrent", Time since last: 158805123 ns, Reaching safepoint: 7526514 ns, At safepoint: 20394721 ns, Total: 27921235 ns
[2025-03-20T13:37:50.674+0000][7][gc,marking  ] GC(15) Concurrent Mark 182.077ms
[2025-03-20T13:37:50.674+0000][7][gc,marking  ] GC(15) Concurrent Rebuild Remembered Sets
[2025-03-20T13:37:50.726+0000][7][gc,marking  ] GC(15) Concurrent Rebuild Remembered Sets 51.850ms
[2025-03-20T13:37:50.733+0000][7][gc,start    ] GC(15) Pause Cleanup
[2025-03-20T13:37:50.734+0000][7][gc          ] GC(15) Pause Cleanup 123M->123M(512M) 0.998ms
[2025-03-20T13:37:50.734+0000][7][gc,cpu      ] GC(15) User=0.00s Sys=0.00s Real=0.00s
[2025-03-20T13:37:50.734+0000][7][safepoint   ] Safepoint "G1Concurrent", Time since last: 55805030 ns, Reaching safepoint: 6402412 ns, At safepoint: 1122217 ns, Total: 7524629 ns
[2025-03-20T13:37:50.735+0000][7][gc,marking  ] GC(15) Concurrent Cleanup for Next Mark
[2025-03-20T13:37:50.736+0000][7][gc,marking  ] GC(15) Concurrent Cleanup for Next Mark 0.941ms
[2025-03-20T13:37:50.736+0000][7][gc          ] GC(15) Concurrent Mark Cycle 251.437ms
[2025-03-20T13:37:51.694+0000][7][safepoint   ] Safepoint "ICBufferFull", Time since last: 956447879 ns, Reaching safepoint: 3552767 ns, At safepoint: 23695 ns, Total: 3576462 ns
[2025-03-20T13:37:51.922+0000][7][safepoint   ] Safepoint "ICBufferFull", Time since last: 226933189 ns, Reaching safepoint: 255777 ns, At safepoint: 14337 ns, Total: 270114 ns
[2025-03-20T13:37:52.925+0000][7][safepoint   ] Safepoint "Cleanup", Time since last: 1003550507 ns, Reaching safepoint: 306935 ns, At safepoint: 19487 ns, Total: 326422 ns
[2025-03-20T13:37:53.081+0000][7][gc,start    ] GC(16) Pause Young (Normal) (G1 Evacuation Pause)
[2025-03-20T13:37:53.081+0000][7][gc,task     ] GC(16) Using 8 workers of 8 for evacuation
[2025-03-20T13:37:53.081+0000][7][gc,age      ] GC(16) Desired survivor size 20971520 bytes, new threshold 15 (max threshold 15)
[2025-03-20T13:37:53.102+0000][7][gc,age      ] GC(16) Age table with threshold 15 (max threshold 15)
[2025-03-20T13:37:53.103+0000][7][gc,age      ] GC(16) - age   1:   13174208 bytes,   13174208 total
[2025-03-20T13:37:53.103+0000][7][gc,age      ] GC(16) - age   2:    6205728 bytes,   19379936 total
[2025-03-20T13:37:53.103+0000][7][gc,age      ] GC(16) - age   3:     317384 bytes,   19697320 total
[2025-03-20T13:37:53.103+0000][7][gc,phases   ] GC(16)   Pre Evacuate Collection Set: 0.1ms
[2025-03-20T13:37:53.103+0000][7][gc,phases   ] GC(16)   Merge Heap Roots: 0.1ms
[2025-03-20T13:37:53.103+0000][7][gc,phases   ] GC(16)   Evacuate Collection Set: 12.9ms
[2025-03-20T13:37:53.103+0000][7][gc,phases   ] GC(16)   Post Evacuate Collection Set: 8.1ms
[2025-03-20T13:37:53.103+0000][7][gc,phases   ] GC(16)   Other: 0.2ms
[2025-03-20T13:37:53.103+0000][7][gc,heap     ] GC(16) Eden regions: 74->0(71)
[2025-03-20T13:37:53.103+0000][7][gc,heap     ] GC(16) Survivor regions: 2->5(10)
[2025-03-20T13:37:53.103+0000][7][gc,heap     ] GC(16) Old regions: 15->15
[2025-03-20T13:37:53.103+0000][7][gc,heap     ] GC(16) Archive regions: 2->2
[2025-03-20T13:37:53.103+0000][7][gc,heap     ] GC(16) Humongous regions: 0->0
[2025-03-20T13:37:53.103+0000][7][gc,metaspace] GC(16) Metaspace: 77782K(79104K)->77782K(79104K) NonClass: 67315K(68032K)->67315K(68032K) Class: 10467K(11072K)->10467K(11072K)
[2025-03-20T13:37:53.103+0000][7][gc          ] GC(16) Pause Young (Normal) (G1 Evacuation Pause) 363M->79M(512M) 21.335ms
[2025-03-20T13:37:53.103+0000][7][gc,cpu      ] GC(16) User=0.06s Sys=0.00s Real=0.02s
[2025-03-20T13:37:53.103+0000][7][safepoint   ] Safepoint "G1CollectForAllocation", Time since last: 155719625 ns, Reaching safepoint: 130609 ns, At safepoint: 21430964 ns, Total: 21561573 ns
[2025-03-20T13:37:53.793+0000][7][safepoint   ] Safepoint "ICBufferFull", Time since last: 690520239 ns, Reaching safepoint: 241107 ns, At safepoint: 14137 ns, Total: 255244 ns
[2025-03-20T13:37:53.997+0000][7][safepoint   ] Safepoint "ICBufferFull", Time since last: 203271296 ns, Reaching safepoint: 205392 ns, At safepoint: 24085 ns, Total: 229477 ns
[2025-03-20T13:37:54.059+0000][7][gc,start    ] GC(17) Pause Young (Concurrent Start) (Metadata GC Threshold)
[2025-03-20T13:37:54.059+0000][7][gc,task     ] GC(17) Using 8 workers of 8 for evacuation
[2025-03-20T13:37:54.059+0000][7][gc,age      ] GC(17) Desired survivor size 20971520 bytes, new threshold 15 (max threshold 15)
[2025-03-20T13:37:54.076+0000][7][gc,age      ] GC(17) Age table with threshold 15 (max threshold 15)
[2025-03-20T13:37:54.076+0000][7][gc,age      ] GC(17) - age   1:    4401952 bytes,    4401952 total
[2025-03-20T13:37:54.076+0000][7][gc,age      ] GC(17) - age   2:   12599096 bytes,   17001048 total
[2025-03-20T13:37:54.076+0000][7][gc,age      ] GC(17) - age   3:    6085152 bytes,   23086200 total
[2025-03-20T13:37:54.076+0000][7][gc,age      ] GC(17) - age   4:     316224 bytes,   23402424 total
[2025-03-20T13:37:54.077+0000][7][gc,phases   ] GC(17)   Pre Evacuate Collection Set: 0.1ms
[2025-03-20T13:37:54.077+0000][7][gc,phases   ] GC(17)   Merge Heap Roots: 0.1ms
[2025-03-20T13:37:54.077+0000][7][gc,phases   ] GC(17)   Evacuate Collection Set: 12.8ms
[2025-03-20T13:37:54.077+0000][7][gc,phases   ] GC(17)   Post Evacuate Collection Set: 4.6ms
[2025-03-20T13:37:54.077+0000][7][gc,phases   ] GC(17)   Other: 0.2ms
[2025-03-20T13:37:54.077+0000][7][gc,heap     ] GC(17) Eden regions: 22->0(70)
[2025-03-20T13:37:54.077+0000][7][gc,heap     ] GC(17) Survivor regions: 5->6(10)
[2025-03-20T13:37:54.077+0000][7][gc,heap     ] GC(17) Old regions: 15->15
[2025-03-20T13:37:54.077+0000][7][gc,heap     ] GC(17) Archive regions: 2->2
[2025-03-20T13:37:54.077+0000][7][gc,heap     ] GC(17) Humongous regions: 0->0
[2025-03-20T13:37:54.077+0000][7][gc,metaspace] GC(17) Metaspace: 88494K(89856K)->88494K(89856K) NonClass: 76440K(77184K)->76440K(77184K) Class: 12053K(12672K)->12053K(12672K)
[2025-03-20T13:37:54.077+0000][7][gc          ] GC(17) Pause Young (Concurrent Start) (Metadata GC Threshold) 167M->83M(512M) 17.898ms
[2025-03-20T13:37:54.077+0000][7][gc,cpu      ] GC(17) User=0.06s Sys=0.00s Real=0.01s
[2025-03-20T13:37:54.077+0000][7][safepoint   ] Safepoint "CollectForMetadataAllocation", Time since last: 61496378 ns, Reaching safepoint: 149665 ns, At safepoint: 18029124 ns, Total: 18178789 ns
[2025-03-20T13:37:54.077+0000][7][gc          ] GC(18) Concurrent Mark Cycle
[2025-03-20T13:37:54.077+0000][7][gc,marking  ] GC(18) Concurrent Clear Claimed Marks
[2025-03-20T13:37:54.077+0000][7][gc,marking  ] GC(18) Concurrent Clear Claimed Marks 0.146ms
[2025-03-20T13:37:54.077+0000][7][gc,marking  ] GC(18) Concurrent Scan Root Regions
[2025-03-20T13:37:54.089+0000][7][gc,marking  ] GC(18) Concurrent Scan Root Regions 12.357ms
[2025-03-20T13:37:54.089+0000][7][gc,marking  ] GC(18) Concurrent Mark
[2025-03-20T13:37:54.089+0000][7][gc,marking  ] GC(18) Concurrent Mark From Roots
[2025-03-20T13:37:54.089+0000][7][gc,task     ] GC(18) Using 2 workers of 2 for marking
[2025-03-20T13:37:54.147+0000][7][gc,marking  ] GC(18) Concurrent Mark From Roots 57.845ms
[2025-03-20T13:37:54.147+0000][7][gc,marking  ] GC(18) Concurrent Preclean
[2025-03-20T13:37:54.147+0000][7][gc,marking  ] GC(18) Concurrent Preclean 0.193ms
[2025-03-20T13:37:54.148+0000][7][safepoint   ] Safepoint "CollectForMetadataAllocation", Time since last: 70709223 ns, Reaching safepoint: 113036 ns, At safepoint: 49905 ns, Total: 162941 ns
[2025-03-20T13:37:54.148+0000][7][gc,start    ] GC(18) Pause Remark
[2025-03-20T13:37:54.154+0000][7][gc          ] GC(18) Pause Remark 87M->87M(512M) 5.128ms
[2025-03-20T13:37:54.154+0000][7][gc,cpu      ] GC(18) User=0.02s Sys=0.00s Real=0.00s
[2025-03-20T13:37:54.154+0000][7][safepoint   ] Safepoint "G1Concurrent", Time since last: 42651 ns, Reaching safepoint: 804414 ns, At safepoint: 5232687 ns, Total: 6037101 ns
[2025-03-20T13:37:54.154+0000][7][gc,marking  ] GC(18) Concurrent Mark 64.383ms
[2025-03-20T13:37:54.154+0000][7][gc,marking  ] GC(18) Concurrent Rebuild Remembered Sets
[2025-03-20T13:37:54.182+0000][7][gc,marking  ] GC(18) Concurrent Rebuild Remembered Sets 28.055ms
[2025-03-20T13:37:54.182+0000][7][gc,start    ] GC(18) Pause Cleanup
[2025-03-20T13:37:54.182+0000][7][gc          ] GC(18) Pause Cleanup 89M->89M(512M) 0.137ms
[2025-03-20T13:37:54.182+0000][7][gc,cpu      ] GC(18) User=0.00s Sys=0.00s Real=0.00s
[2025-03-20T13:37:54.182+0000][7][safepoint   ] Safepoint "G1Concurrent", Time since last: 28159280 ns, Reaching safepoint: 111903 ns, At safepoint: 175434 ns, Total: 287337 ns
[2025-03-20T13:37:54.182+0000][7][gc,marking  ] GC(18) Concurrent Cleanup for Next Mark
[2025-03-20T13:37:54.184+0000][7][gc,marking  ] GC(18) Concurrent Cleanup for Next Mark 1.570ms
[2025-03-20T13:37:54.184+0000][7][gc          ] GC(18) Concurrent Mark Cycle 106.993ms
[2025-03-20T13:37:54.662+0000][7][safepoint   ] Safepoint "ICBufferFull", Time since last: 479106097 ns, Reaching safepoint: 695514 ns, At safepoint: 22733 ns, Total: 718247 ns
[2025-03-20T13:37:55.123+0000][7][safepoint   ] Safepoint "ICBufferFull", Time since last: 455679145 ns, Reaching safepoint: 5357733 ns, At safepoint: 14658 ns, Total: 5372391 ns
[2025-03-20T13:37:55.135+0000][7][safepoint   ] Safepoint "ICBufferFull", Time since last: 11612867 ns, Reaching safepoint: 80072 ns, At safepoint: 29526 ns, Total: 109598 ns
[2025-03-20T13:37:55.516+0000][7][safepoint   ] Safepoint "ICBufferFull", Time since last: 379772941 ns, Reaching safepoint: 1329050 ns, At safepoint: 42932 ns, Total: 1371982 ns
[2025-03-20T13:37:55.523+0000][7][safepoint   ] Safepoint "ICBufferFull", Time since last: 4412965 ns, Reaching safepoint: 2981670 ns, At safepoint: 46699 ns, Total: 3028369 ns
[2025-03-20T13:37:55.872+0000][7][gc,start    ] GC(19) Pause Young (Concurrent Start) (G1 Evacuation Pause)
[2025-03-20T13:37:55.872+0000][7][gc,task     ] GC(19) Using 8 workers of 8 for evacuation
[2025-03-20T13:37:55.872+0000][7][gc,age      ] GC(19) Desired survivor size 20971520 bytes, new threshold 3 (max threshold 15)
[2025-03-20T13:37:55.918+0000][7][gc,age      ] GC(19) Age table with threshold 3 (max threshold 15)
[2025-03-20T13:37:55.918+0000][7][gc,age      ] GC(19) - age   1:   15415968 bytes,   15415968 total
[2025-03-20T13:37:55.918+0000][7][gc,age      ] GC(19) - age   2:    4041304 bytes,   19457272 total
[2025-03-20T13:37:55.918+0000][7][gc,age      ] GC(19) - age   3:   12391320 bytes,   31848592 total
[2025-03-20T13:37:55.918+0000][7][gc,phases   ] GC(19)   Pre Evacuate Collection Set: 0.2ms
[2025-03-20T13:37:55.918+0000][7][gc,phases   ] GC(19)   Merge Heap Roots: 0.1ms
[2025-03-20T13:37:55.918+0000][7][gc,phases   ] GC(19)   Evacuate Collection Set: 31.2ms
[2025-03-20T13:37:55.918+0000][7][gc,phases   ] GC(19)   Post Evacuate Collection Set: 14.6ms
[2025-03-20T13:37:55.918+0000][7][gc,phases   ] GC(19)   Other: 0.2ms
[2025-03-20T13:37:55.918+0000][7][gc,heap     ] GC(19) Eden regions: 70->0(64)
[2025-03-20T13:37:55.918+0000][7][gc,heap     ] GC(19) Survivor regions: 6->9(10)
[2025-03-20T13:37:55.918+0000][7][gc,heap     ] GC(19) Old regions: 15->16
[2025-03-20T13:37:55.918+0000][7][gc,heap     ] GC(19) Archive regions: 2->2
[2025-03-20T13:37:55.918+0000][7][gc,heap     ] GC(19) Humongous regions: 5->5
[2025-03-20T13:37:55.918+0000][7][gc,metaspace] GC(19) Metaspace: 99596K(101056K)->99596K(101056K) NonClass: 85891K(86720K)->85891K(86720K) Class: 13704K(14336K)->13704K(14336K)
[2025-03-20T13:37:55.918+0000][7][gc          ] GC(19) Pause Young (Concurrent Start) (G1 Evacuation Pause) 383M->118M(512M) 46.434ms
[2025-03-20T13:37:55.918+0000][7][gc,cpu      ] GC(19) User=0.07s Sys=0.04s Real=0.04s
[2025-03-20T13:37:55.918+0000][7][gc          ] GC(20) Concurrent Mark Cycle
[2025-03-20T13:37:55.918+0000][7][gc,marking  ] GC(20) Concurrent Clear Claimed Marks
[2025-03-20T13:37:55.918+0000][7][safepoint   ] Safepoint "G1CollectForAllocation", Time since last: 347653971 ns, Reaching safepoint: 737296 ns, At safepoint: 46591772 ns, Total: 47329068 ns
[2025-03-20T13:37:55.918+0000][7][gc,marking  ] GC(20) Concurrent Clear Claimed Marks 0.100ms
[2025-03-20T13:37:55.918+0000][7][gc,marking  ] GC(20) Concurrent Scan Root Regions
[2025-03-20T13:37:55.935+0000][7][gc,marking  ] GC(20) Concurrent Scan Root Regions 16.824ms
[2025-03-20T13:37:55.935+0000][7][gc,marking  ] GC(20) Concurrent Mark
[2025-03-20T13:37:55.935+0000][7][gc,marking  ] GC(20) Concurrent Mark From Roots
[2025-03-20T13:37:55.935+0000][7][gc,task     ] GC(20) Using 2 workers of 2 for marking
[2025-03-20T13:37:56.030+0000][7][gc,marking  ] GC(20) Concurrent Mark From Roots 95.056ms
[2025-03-20T13:37:56.030+0000][7][gc,marking  ] GC(20) Concurrent Preclean
[2025-03-20T13:37:56.031+0000][7][gc,marking  ] GC(20) Concurrent Preclean 0.203ms
[2025-03-20T13:37:56.039+0000][7][gc,start    ] GC(20) Pause Remark
[2025-03-20T13:37:56.048+0000][7][gc          ] GC(20) Pause Remark 142M->142M(512M) 8.581ms
[2025-03-20T13:37:56.048+0000][7][gc,cpu      ] GC(20) User=0.02s Sys=0.00s Real=0.01s
[2025-03-20T13:37:56.048+0000][7][safepoint   ] Safepoint "G1Concurrent", Time since last: 112368106 ns, Reaching safepoint: 8408891 ns, At safepoint: 8719637 ns, Total: 17128528 ns
[2025-03-20T13:37:56.049+0000][7][gc,marking  ] GC(20) Concurrent Mark 113.908ms
[2025-03-20T13:37:56.049+0000][7][gc,marking  ] GC(20) Concurrent Rebuild Remembered Sets
[2025-03-20T13:37:56.114+0000][7][gc,marking  ] GC(20) Concurrent Rebuild Remembered Sets 65.237ms
[2025-03-20T13:37:56.115+0000][7][gc,start    ] GC(20) Pause Cleanup
[2025-03-20T13:37:56.115+0000][7][gc          ] GC(20) Pause Cleanup 151M->151M(512M) 0.088ms
[2025-03-20T13:37:56.115+0000][7][gc,cpu      ] GC(20) User=0.00s Sys=0.00s Real=0.00s
[2025-03-20T13:37:56.115+0000][7][safepoint   ] Safepoint "G1Concurrent", Time since last: 66776193 ns, Reaching safepoint: 98748 ns, At safepoint: 150367 ns, Total: 249115 ns
[2025-03-20T13:37:56.115+0000][7][gc,marking  ] GC(20) Concurrent Cleanup for Next Mark
[2025-03-20T13:37:56.116+0000][7][gc,marking  ] GC(20) Concurrent Cleanup for Next Mark 0.854ms
[2025-03-20T13:37:56.116+0000][7][gc          ] GC(20) Concurrent Mark Cycle 197.584ms
[2025-03-20T13:37:56.512+0000][7][safepoint   ] Safepoint "ICBufferFull", Time since last: 396335785 ns, Reaching safepoint: 1192290 ns, At safepoint: 48813 ns, Total: 1241103 ns
[2025-03-20T13:37:57.210+0000][7][safepoint   ] Safepoint "ICBufferFull", Time since last: 696949179 ns, Reaching safepoint: 267722 ns, At safepoint: 23595 ns, Total: 291317 ns
[2025-03-20T13:37:57.309+0000][7][gc,start    ] GC(21) Pause Young (Normal) (G1 Evacuation Pause)
[2025-03-20T13:37:57.309+0000][7][gc,task     ] GC(21) Using 8 workers of 8 for evacuation
[2025-03-20T13:37:57.310+0000][7][gc,age      ] GC(21) Desired survivor size 20971520 bytes, new threshold 3 (max threshold 15)
[2025-03-20T13:37:57.334+0000][7][gc,age      ] GC(21) Age table with threshold 3 (max threshold 15)
[2025-03-20T13:37:57.334+0000][7][gc,age      ] GC(21) - age   1:    6296816 bytes,    6296816 total
[2025-03-20T13:37:57.334+0000][7][gc,age      ] GC(21) - age   2:   13051272 bytes,   19348088 total
[2025-03-20T13:37:57.334+0000][7][gc,age      ] GC(21) - age   3:    4033808 bytes,   23381896 total
[2025-03-20T13:37:57.334+0000][7][gc,phases   ] GC(21)   Pre Evacuate Collection Set: 0.2ms
[2025-03-20T13:37:57.334+0000][7][gc,phases   ] GC(21)   Merge Heap Roots: 0.2ms
[2025-03-20T13:37:57.334+0000][7][gc,phases   ] GC(21)   Evacuate Collection Set: 21.7ms
[2025-03-20T13:37:57.334+0000][7][gc,phases   ] GC(21)   Post Evacuate Collection Set: 2.6ms
[2025-03-20T13:37:57.334+0000][7][gc,phases   ] GC(21)   Other: 0.4ms
[2025-03-20T13:37:57.334+0000][7][gc,heap     ] GC(21) Eden regions: 64->0(64)
[2025-03-20T13:37:57.334+0000][7][gc,heap     ] GC(21) Survivor regions: 9->7(10)
[2025-03-20T13:37:57.336+0000][7][gc,heap     ] GC(21) Old regions: 16->19
[2025-03-20T13:37:57.336+0000][7][gc,heap     ] GC(21) Archive regions: 2->2
[2025-03-20T13:37:57.336+0000][7][gc,heap     ] GC(21) Humongous regions: 5->5
[2025-03-20T13:37:57.336+0000][7][gc,metaspace] GC(21) Metaspace: 103699K(105088K)->103699K(105088K) NonClass: 89481K(90304K)->89481K(90304K) Class: 14217K(14784K)->14217K(14784K)
[2025-03-20T13:37:57.336+0000][7][gc          ] GC(21) Pause Young (Normal) (G1 Evacuation Pause) 374M->123M(512M) 26.309ms
[2025-03-20T13:37:57.336+0000][7][gc,cpu      ] GC(21) User=0.08s Sys=0.00s Real=0.02s
[2025-03-20T13:37:57.336+0000][7][safepoint   ] Safepoint "G1CollectForAllocation", Time since last: 99614085 ns, Reaching safepoint: 188870 ns, At safepoint: 26436578 ns, Total: 26625448 ns
[2025-03-20T13:37:57.584+0000][7][safepoint   ] Safepoint "ICBufferFull", Time since last: 247572426 ns, Reaching safepoint: 593518 ns, At safepoint: 14147 ns, Total: 607665 ns
[2025-03-20T13:37:57.762+0000][7][safepoint   ] Safepoint "ICBufferFull", Time since last: 177393805 ns, Reaching safepoint: 197035 ns, At safepoint: 2845 ns, Total: 199880 ns
[2025-03-20T13:37:58.762+0000][7][safepoint   ] Safepoint "Cleanup", Time since last: 1000303640 ns, Reaching safepoint: 136379 ns, At safepoint: 3878 ns, Total: 140257 ns
[2025-03-20T13:37:59.764+0000][7][safepoint   ] Safepoint "Cleanup", Time since last: 1001518787 ns, Reaching safepoint: 289692 ns, At safepoint: 8075 ns, Total: 297767 ns
[2025-03-20T13:38:00.765+0000][7][safepoint   ] Safepoint "Cleanup", Time since last: 1000567314 ns, Reaching safepoint: 138283 ns, At safepoint: 4238 ns, Total: 142521 ns
[2025-03-20T13:38:01.781+0000][7][safepoint   ] Safepoint "ICBufferFull", Time since last: 1015067248 ns, Reaching safepoint: 960465 ns, At safepoint: 41920 ns, Total: 1002385 ns
[2025-03-20T13:38:02.060+0000][7][safepoint   ] Safepoint "ICBufferFull", Time since last: 278861599 ns, Reaching safepoint: 877372 ns, At safepoint: 69232 ns, Total: 946604 ns
[2025-03-20T13:38:03.061+0000][7][safepoint   ] Safepoint "Cleanup", Time since last: 1000676921 ns, Reaching safepoint: 204890 ns, At safepoint: 29266 ns, Total: 234156 ns
[2025-03-20T13:38:04.062+0000][7][safepoint   ] Safepoint "Cleanup", Time since last: 1000875894 ns, Reaching safepoint: 96063 ns, At safepoint: 4459 ns, Total: 100522 ns
[2025-03-20T13:38:04.679+0000][7][safepoint   ] Safepoint "ICBufferFull", Time since last: 616542490 ns, Reaching safepoint: 212565 ns, At safepoint: 19016 ns, Total: 231581 ns
[2025-03-20T13:38:04.850+0000][7][gc,start    ] GC(22) Pause Young (Normal) (G1 Evacuation Pause)
[2025-03-20T13:38:04.850+0000][7][gc,task     ] GC(22) Using 8 workers of 8 for evacuation
[2025-03-20T13:38:04.851+0000][7][gc,age      ] GC(22) Desired survivor size 18874368 bytes, new threshold 2 (max threshold 15)
[2025-03-20T13:38:04.860+0000][7][gc,age      ] GC(22) Age table with threshold 2 (max threshold 15)
[2025-03-20T13:38:04.860+0000][7][gc,age      ] GC(22) - age   1:    9109608 bytes,    9109608 total
[2025-03-20T13:38:04.860+0000][7][gc,age      ] GC(22) - age   2:    2360912 bytes,   11470520 total
[2025-03-20T13:38:04.860+0000][7][gc,phases   ] GC(22)   Pre Evacuate Collection Set: 0.1ms
[2025-03-20T13:38:04.860+0000][7][gc,phases   ] GC(22)   Merge Heap Roots: 0.1ms
[2025-03-20T13:38:04.860+0000][7][gc,phases   ] GC(22)   Evacuate Collection Set: 8.6ms
[2025-03-20T13:38:04.860+0000][7][gc,phases   ] GC(22)   Post Evacuate Collection Set: 1.0ms
[2025-03-20T13:38:04.860+0000][7][gc,phases   ] GC(22)   Other: 0.2ms
[2025-03-20T13:38:04.860+0000][7][gc,heap     ] GC(22) Eden regions: 64->0(64)
[2025-03-20T13:38:04.860+0000][7][gc,heap     ] GC(22) Survivor regions: 7->4(9)
[2025-03-20T13:38:04.860+0000][7][gc,heap     ] GC(22) Old regions: 19->23
[2025-03-20T13:38:04.860+0000][7][gc,heap     ] GC(22) Archive regions: 2->2
[2025-03-20T13:38:04.860+0000][7][gc,heap     ] GC(22) Humongous regions: 5->5
[2025-03-20T13:38:04.860+0000][7][gc,metaspace] GC(22) Metaspace: 109405K(111040K)->109405K(111040K) NonClass: 94431K(95360K)->94431K(95360K) Class: 14973K(15680K)->14973K(15680K)
[2025-03-20T13:38:04.861+0000][7][gc          ] GC(22) Pause Young (Normal) (G1 Evacuation Pause) 379M->127M(512M) 10.030ms
[2025-03-20T13:38:04.861+0000][7][gc,cpu      ] GC(22) User=0.05s Sys=0.00s Real=0.01s
[2025-03-20T13:38:04.861+0000][7][safepoint   ] Safepoint "G1CollectForAllocation", Time since last: 171196441 ns, Reaching safepoint: 137171 ns, At safepoint: 10141628 ns, Total: 10278799 ns
[2025-03-20T13:38:05.862+0000][7][safepoint   ] Safepoint "Cleanup", Time since last: 1001021225 ns, Reaching safepoint: 101743 ns, At safepoint: 11021 ns, Total: 112764 ns
[2025-03-20T13:38:06.863+0000][7][safepoint   ] Safepoint "Cleanup", Time since last: 1000893158 ns, Reaching safepoint: 90743 ns, At safepoint: 3637 ns, Total: 94380 ns
[2025-03-20T13:38:07.864+0000][7][safepoint   ] Safepoint "Cleanup", Time since last: 1000796368 ns, Reaching safepoint: 123315 ns, At safepoint: 4789 ns, Total: 128104 ns
[2025-03-20T13:38:08.864+0000][7][safepoint   ] Safepoint "Cleanup", Time since last: 1000688374 ns, Reaching safepoint: 93178 ns, At safepoint: 4178 ns, Total: 97356 ns
[2025-03-20T13:38:09.866+0000][7][safepoint   ] Safepoint "Cleanup", Time since last: 1001118080 ns, Reaching safepoint: 111302 ns, At safepoint: 4338 ns, Total: 115640 ns
[2025-03-20T13:38:10.782+0000][7][safepoint   ] Safepoint "ICBufferFull", Time since last: 916439606 ns, Reaching safepoint: 227403 ns, At safepoint: 5671 ns, Total: 233074 ns
[2025-03-20T13:38:11.784+0000][7][safepoint   ] Safepoint "Cleanup", Time since last: 1001141529 ns, Reaching safepoint: 192256 ns, At safepoint: 7244 ns, Total: 199500 ns
[2025-03-20T13:38:12.785+0000][7][safepoint   ] Safepoint "Cleanup", Time since last: 1000917416 ns, Reaching safepoint: 122814 ns, At safepoint: 4449 ns, Total: 127263 ns
[2025-03-20T13:38:13.785+0000][7][safepoint   ] Safepoint "Cleanup", Time since last: 1000172381 ns, Reaching safepoint: 140968 ns, At safepoint: 4739 ns, Total: 145707 ns
[2025-03-20T13:38:14.786+0000][7][safepoint   ] Safepoint "Cleanup", Time since last: 1000813784 ns, Reaching safepoint: 122654 ns, At safepoint: 4088 ns, Total: 126742 ns
[2025-03-20T13:38:16.788+0000][7][safepoint   ] Safepoint "Cleanup", Time since last: 2001588913 ns, Reaching safepoint: 201613 ns, At safepoint: 4359 ns, Total: 205972 ns
[2025-03-20T13:38:17.161+0000][7][safepoint   ] Safepoint "ICBufferFull", Time since last: 372515198 ns, Reaching safepoint: 893231 ns, At safepoint: 25218 ns, Total: 918449 ns
[2025-03-20T13:38:18.162+0000][7][safepoint   ] Safepoint "Cleanup", Time since last: 1000919081 ns, Reaching safepoint: 75223 ns, At safepoint: 3226 ns, Total: 78449 ns
[2025-03-20T13:38:19.163+0000][7][safepoint   ] Safepoint "Cleanup", Time since last: 1000711561 ns, Reaching safepoint: 98969 ns, At safepoint: 4328 ns, Total: 103297 ns
[2025-03-20T13:38:20.163+0000][7][safepoint   ] Safepoint "Cleanup", Time since last: 1000097666 ns, Reaching safepoint: 118205 ns, At safepoint: 4468 ns, Total: 122673 ns
[2025-03-20T13:38:21.164+0000][7][safepoint   ] Safepoint "Cleanup", Time since last: 1000981894 ns, Reaching safepoint: 101994 ns, At safepoint: 8517 ns, Total: 110511 ns
[2025-03-20T13:38:22.165+0000][7][safepoint   ] Safepoint "Cleanup", Time since last: 1000675982 ns, Reaching safepoint: 162059 ns, At safepoint: 20198 ns, Total: 182257 ns
[2025-03-20T13:38:23.166+0000][7][safepoint   ] Safepoint "Cleanup", Time since last: 1000901659 ns, Reaching safepoint: 116802 ns, At safepoint: 15039 ns, Total: 131841 ns
[2025-03-20T13:38:24.167+0000][7][safepoint   ] Safepoint "Cleanup", Time since last: 1000254599 ns, Reaching safepoint: 65856 ns, At safepoint: 5150 ns, Total: 71006 ns
[2025-03-20T13:38:25.167+0000][7][safepoint   ] Safepoint "Cleanup", Time since last: 1000505753 ns, Reaching safepoint: 119388 ns, At safepoint: 3907 ns, Total: 123295 ns
[2025-03-20T13:38:26.168+0000][7][safepoint   ] Safepoint "Cleanup", Time since last: 1000946046 ns, Reaching safepoint: 125529 ns, At safepoint: 8877 ns, Total: 134406 ns
[2025-03-20T13:38:27.170+0000][7][safepoint   ] Safepoint "Cleanup", Time since last: 1001170593 ns, Reaching safepoint: 108247 ns, At safepoint: 4348 ns, Total: 112595 ns
[2025-03-20T13:38:29.170+0000][7][safepoint   ] Safepoint "Cleanup", Time since last: 2000683386 ns, Reaching safepoint: 143914 ns, At safepoint: 3877 ns, Total: 147791 ns
[2025-03-20T13:38:30.171+0000][7][safepoint   ] Safepoint "Cleanup", Time since last: 1000146610 ns, Reaching safepoint: 96474 ns, At safepoint: 4428 ns, Total: 100902 ns
[2025-03-20T13:38:31.172+0000][7][safepoint   ] Safepoint "Cleanup", Time since last: 1001052169 ns, Reaching safepoint: 151147 ns, At safepoint: 4589 ns, Total: 155736 ns
[2025-03-20T13:38:32.173+0000][7][safepoint   ] Safepoint "Cleanup", Time since last: 1000771866 ns, Reaching safepoint: 126290 ns, At safepoint: 4449 ns, Total: 130739 ns
[2025-03-20T13:38:34.174+0000][7][safepoint   ] Safepoint "Cleanup", Time since last: 2000825325 ns, Reaching safepoint: 546323 ns, At safepoint: 6803 ns, Total: 553126 ns
[2025-03-20T13:38:35.174+0000][7][safepoint   ] Safepoint "Cleanup", Time since last: 1000170096 ns, Reaching safepoint: 212335 ns, At safepoint: 6763 ns, Total: 219098 ns
[2025-03-20T13:38:36.175+0000][7][safepoint   ] Safepoint "Cleanup", Time since last: 1000506367 ns, Reaching safepoint: 269743 ns, At safepoint: 6102 ns, Total: 275845 ns
[2025-03-20T13:38:37.176+0000][7][safepoint   ] Safepoint "Cleanup", Time since last: 1000246072 ns, Reaching safepoint: 150977 ns, At safepoint: 4950 ns, Total: 155927 ns
[2025-03-20T13:38:38.177+0000][7][safepoint   ] Safepoint "Cleanup", Time since last: 1000726938 ns, Reaching safepoint: 426422 ns, At safepoint: 8296 ns, Total: 434718 ns
[2025-03-20T13:38:39.177+0000][7][safepoint   ] Safepoint "Cleanup", Time since last: 1000234389 ns, Reaching safepoint: 131971 ns, At safepoint: 5591 ns, Total: 137562 ns
[2025-03-20T13:38:41.180+0000][7][safepoint   ] Safepoint "Cleanup", Time since last: 2001424091 ns, Reaching safepoint: 1168203 ns, At safepoint: 16772 ns, Total: 1184975 ns
[2025-03-20T13:38:42.180+0000][7][safepoint   ] Safepoint "Cleanup", Time since last: 1000398952 ns, Reaching safepoint: 155466 ns, At safepoint: 4849 ns, Total: 160315 ns
[2025-03-20T13:38:44.181+0000][7][safepoint   ] Safepoint "Cleanup", Time since last: 2000800531 ns, Reaching safepoint: 117083 ns, At safepoint: 3828 ns, Total: 120911 ns
[2025-03-20T13:38:46.182+0000][7][safepoint   ] Safepoint "Cleanup", Time since last: 2000457085 ns, Reaching safepoint: 114147 ns, At safepoint: 3517 ns, Total: 117664 ns
[2025-03-20T13:38:47.183+0000][7][safepoint   ] Safepoint "Cleanup", Time since last: 1000584637 ns, Reaching safepoint: 141921 ns, At safepoint: 3677 ns, Total: 145598 ns
[2025-03-20T13:38:48.184+0000][7][safepoint   ] Safepoint "Cleanup", Time since last: 1001039288 ns, Reaching safepoint: 106844 ns, At safepoint: 4558 ns, Total: 111402 ns
[2025-03-20T13:38:49.184+0000][7][safepoint   ] Safepoint "Cleanup", Time since last: 1000507372 ns, Reaching safepoint: 89230 ns, At safepoint: 3807 ns, Total: 93037 ns
[2025-03-20T13:38:50.185+0000][7][safepoint   ] Safepoint "Cleanup", Time since last: 1000880691 ns, Reaching safepoint: 98698 ns, At safepoint: 4308 ns, Total: 103006 ns
[2025-03-20T13:38:51.186+0000][7][safepoint   ] Safepoint "Cleanup", Time since last: 1000457073 ns, Reaching safepoint: 66307 ns, At safepoint: 3326 ns, Total: 69633 ns
[2025-03-20T13:38:52.187+0000][7][safepoint   ] Safepoint "Cleanup", Time since last: 1000664566 ns, Reaching safepoint: 126621 ns, At safepoint: 3987 ns, Total: 130608 ns
[2025-03-20T13:38:53.188+0000][7][safepoint   ] Safepoint "Cleanup", Time since last: 1000734956 ns, Reaching safepoint: 118185 ns, At safepoint: 4068 ns, Total: 122253 ns
[2025-03-20T13:38:54.189+0000][7][safepoint   ] Safepoint "Cleanup", Time since last: 1001073215 ns, Reaching safepoint: 109188 ns, At safepoint: 4329 ns, Total: 113517 ns
[2025-03-20T13:38:55.189+0000][7][safepoint   ] Safepoint "Cleanup", Time since last: 1000239951 ns, Reaching safepoint: 89080 ns, At safepoint: 4619 ns, Total: 93699 ns
[2025-03-20T13:38:56.190+0000][7][safepoint   ] Safepoint "Cleanup", Time since last: 1000757634 ns, Reaching safepoint: 107915 ns, At safepoint: 4900 ns, Total: 112815 ns
[2025-03-20T13:38:57.191+0000][7][safepoint   ] Safepoint "Cleanup", Time since last: 1001094658 ns, Reaching safepoint: 105351 ns, At safepoint: 3977 ns, Total: 109328 ns
[2025-03-20T13:38:58.192+0000][7][safepoint   ] Safepoint "Cleanup", Time since last: 1000858937 ns, Reaching safepoint: 115931 ns, At safepoint: 3938 ns, Total: 119869 ns
[2025-03-20T13:38:58.615+0000][7][gc,start    ] GC(23) Pause Young (Normal) (G1 Evacuation Pause)
[2025-03-20T13:38:58.615+0000][7][gc,task     ] GC(23) Using 8 workers of 8 for evacuation
[2025-03-20T13:38:58.615+0000][7][gc,age      ] GC(23) Desired survivor size 18874368 bytes, new threshold 15 (max threshold 15)
[2025-03-20T13:38:58.622+0000][7][gc,age      ] GC(23) Age table with threshold 15 (max threshold 15)
[2025-03-20T13:38:58.622+0000][7][gc,age      ] GC(23) - age   1:    1834696 bytes,    1834696 total
[2025-03-20T13:38:58.622+0000][7][gc,age      ] GC(23) - age   2:    7783800 bytes,    9618496 total
[2025-03-20T13:38:58.622+0000][7][gc,age      ] GC(23) - age   3:    2359728 bytes,   11978224 total
[2025-03-20T13:38:58.622+0000][7][gc,phases   ] GC(23)   Pre Evacuate Collection Set: 0.2ms
[2025-03-20T13:38:58.622+0000][7][gc,phases   ] GC(23)   Merge Heap Roots: 0.2ms
[2025-03-20T13:38:58.622+0000][7][gc,phases   ] GC(23)   Evacuate Collection Set: 5.1ms
[2025-03-20T13:38:58.622+0000][7][gc,phases   ] GC(23)   Post Evacuate Collection Set: 0.9ms
[2025-03-20T13:38:58.622+0000][7][gc,phases   ] GC(23)   Other: 0.2ms
[2025-03-20T13:38:58.622+0000][7][gc,heap     ] GC(23) Eden regions: 64->0(66)
[2025-03-20T13:38:58.622+0000][7][gc,heap     ] GC(23) Survivor regions: 4->4(9)
[2025-03-20T13:38:58.622+0000][7][gc,heap     ] GC(23) Old regions: 23->23
[2025-03-20T13:38:58.622+0000][7][gc,heap     ] GC(23) Archive regions: 2->2
[2025-03-20T13:38:58.622+0000][7][gc,heap     ] GC(23) Humongous regions: 5->5
[2025-03-20T13:38:58.622+0000][7][gc,metaspace] GC(23) Metaspace: 111401K(112960K)->111401K(112960K) NonClass: 96360K(97216K)->96360K(97216K) Class: 15040K(15744K)->15040K(15744K)
[2025-03-20T13:38:58.622+0000][7][gc          ] GC(23) Pause Young (Normal) (G1 Evacuation Pause) 383M->127M(512M) 6.523ms
[2025-03-20T13:38:58.622+0000][7][gc,cpu      ] GC(23) User=0.03s Sys=0.00s Real=0.01s
[2025-03-20T13:38:58.622+0000][7][safepoint   ] Safepoint "G1CollectForAllocation", Time since last: 423118456 ns, Reaching safepoint: 119207 ns, At safepoint: 6642067 ns, Total: 6761274 ns
[2025-03-20T13:38:59.622+0000][7][safepoint   ] Safepoint "Cleanup", Time since last: 1000382881 ns, Reaching safepoint: 124307 ns, At safepoint: 4208 ns, Total: 128515 ns
[2025-03-20T13:39:01.624+0000][7][safepoint   ] Safepoint "Cleanup", Time since last: 2001030602 ns, Reaching safepoint: 184922 ns, At safepoint: 5541 ns, Total: 190463 ns
[2025-03-20T13:39:02.624+0000][7][safepoint   ] Safepoint "Cleanup", Time since last: 1000483269 ns, Reaching safepoint: 167639 ns, At safepoint: 5430 ns, Total: 173069 ns
[2025-03-20T13:39:04.626+0000][7][safepoint   ] Safepoint "Cleanup", Time since last: 2001061171 ns, Reaching safepoint: 232493 ns, At safepoint: 16301 ns, Total: 248794 ns
[2025-03-20T13:39:05.627+0000][7][safepoint   ] Safepoint "Cleanup", Time since last: 1000727473 ns, Reaching safepoint: 239027 ns, At safepoint: 7414 ns, Total: 246441 ns
[2025-03-20T13:39:06.627+0000][7][safepoint   ] Safepoint "Cleanup", Time since last: 1000271230 ns, Reaching safepoint: 135669 ns, At safepoint: 4218 ns, Total: 139887 ns
[2025-03-20T13:39:07.628+0000][7][safepoint   ] Safepoint "Cleanup", Time since last: 1000425877 ns, Reaching safepoint: 231120 ns, At safepoint: 34566 ns, Total: 265686 ns
[2025-03-20T13:39:08.629+0000][7][safepoint   ] Safepoint "Cleanup", Time since last: 1001013801 ns, Reaching safepoint: 172718 ns, At safepoint: 5651 ns, Total: 178369 ns
[2025-03-20T13:39:09.629+0000][7][safepoint   ] Safepoint "Cleanup", Time since last: 1000429262 ns, Reaching safepoint: 117965 ns, At safepoint: 4137 ns, Total: 122102 ns
[2025-03-20T13:39:10.630+0000][7][safepoint   ] Safepoint "Cleanup", Time since last: 1000285215 ns, Reaching safepoint: 144281 ns, At safepoint: 5560 ns, Total: 149841 ns
[2025-03-20T13:39:11.631+0000][7][safepoint   ] Safepoint "Cleanup", Time since last: 1000496640 ns, Reaching safepoint: 145898 ns, At safepoint: 6482 ns, Total: 152380 ns
[2025-03-20T13:39:12.631+0000][7][safepoint   ] Safepoint "Cleanup", Time since last: 1000358474 ns, Reaching safepoint: 141830 ns, At safepoint: 11021 ns, Total: 152851 ns
[2025-03-20T13:39:13.632+0000][7][safepoint   ] Safepoint "Cleanup", Time since last: 1000653981 ns, Reaching safepoint: 100371 ns, At safepoint: 4479 ns, Total: 104850 ns
[2025-03-20T13:39:14.633+0000][7][safepoint   ] Safepoint "Cleanup", Time since last: 1001055505 ns, Reaching safepoint: 112855 ns, At safepoint: 6081 ns, Total: 118936 ns
[2025-03-20T13:39:16.598+0000][7][safepoint   ] Safepoint "Cleanup", Time since last: 1963887201 ns, Reaching safepoint: 733582 ns, At safepoint: 6683 ns, Total: 740265 ns
[2025-03-20T13:39:16.752+0000][7][safepoint   ] Safepoint "ICBufferFull", Time since last: 153734865 ns, Reaching safepoint: 190713 ns, At safepoint: 12644 ns, Total: 203357 ns
[2025-03-20T13:39:18.346+0000][7][safepoint   ] Safepoint "Cleanup", Time since last: 1594759550 ns, Reaching safepoint: 135337 ns, At safepoint: 3978 ns, Total: 139315 ns
[2025-03-20T13:39:19.348+0000][7][safepoint   ] Safepoint "Cleanup", Time since last: 1000966027 ns, Reaching safepoint: 113306 ns, At safepoint: 4989 ns, Total: 118295 ns
[2025-03-20T13:39:20.349+0000][7][safepoint   ] Safepoint "Cleanup", Time since last: 1000831794 ns, Reaching safepoint: 106763 ns, At safepoint: 18395 ns, Total: 125158 ns
[2025-03-20T13:39:21.349+0000][7][safepoint   ] Safepoint "Cleanup", Time since last: 1000855184 ns, Reaching safepoint: 78089 ns, At safepoint: 3467 ns, Total: 81556 ns
[2025-03-20T13:39:22.350+0000][7][safepoint   ] Safepoint "Cleanup", Time since last: 1000844508 ns, Reaching safepoint: 113716 ns, At safepoint: 8637 ns, Total: 122353 ns
[2025-03-20T13:39:23.352+0000][7][safepoint   ] Safepoint "Cleanup", Time since last: 1000394456 ns, Reaching safepoint: 1047239 ns, At safepoint: 25098 ns, Total: 1072337 ns
[2025-03-20T13:39:24.353+0000][7][safepoint   ] Safepoint "Cleanup", Time since last: 1000531828 ns, Reaching safepoint: 101914 ns, At safepoint: 5270 ns, Total: 107184 ns
[2025-03-20T13:39:25.354+0000][7][safepoint   ] Safepoint "Cleanup", Time since last: 1001050752 ns, Reaching safepoint: 108958 ns, At safepoint: 4889 ns, Total: 113847 ns
[2025-03-20T13:39:26.354+0000][7][safepoint   ] Safepoint "Cleanup", Time since last: 1000283587 ns, Reaching safepoint: 84811 ns, At safepoint: 3467 ns, Total: 88278 ns
[2025-03-20T13:39:27.355+0000][7][safepoint   ] Safepoint "Cleanup", Time since last: 1000740723 ns, Reaching safepoint: 80924 ns, At safepoint: 3386 ns, Total: 84310 ns
[2025-03-20T13:39:29.356+0000][7][safepoint   ] Safepoint "Cleanup", Time since last: 2000557888 ns, Reaching safepoint: 167930 ns, At safepoint: 4017 ns, Total: 171947 ns
[2025-03-20T13:39:30.356+0000][7][safepoint   ] Safepoint "Cleanup", Time since last: 1000366879 ns, Reaching safepoint: 82377 ns, At safepoint: 3607 ns, Total: 85984 ns
[2025-03-20T13:39:32.357+0000][7][safepoint   ] Safepoint "Cleanup", Time since last: 2000840937 ns, Reaching safepoint: 119307 ns, At safepoint: 4208 ns, Total: 123515 ns
[2025-03-20T13:39:34.359+0000][7][safepoint   ] Safepoint "Cleanup", Time since last: 2001448117 ns, Reaching safepoint: 136911 ns, At safepoint: 6522 ns, Total: 143433 ns
[2025-03-20T13:39:35.359+0000][7][safepoint   ] Safepoint "Cleanup", Time since last: 1000267679 ns, Reaching safepoint: 118145 ns, At safepoint: 4889 ns, Total: 123034 ns
[2025-03-20T13:39:36.360+0000][7][safepoint   ] Safepoint "Cleanup", Time since last: 1000618151 ns, Reaching safepoint: 115430 ns, At safepoint: 4018 ns, Total: 119448 ns
[2025-03-20T13:39:37.361+0000][7][safepoint   ] Safepoint "Cleanup", Time since last: 1000902249 ns, Reaching safepoint: 111322 ns, At safepoint: 7143 ns, Total: 118465 ns
[2025-03-20T13:39:38.361+0000][7][safepoint   ] Safepoint "Cleanup", Time since last: 1000360361 ns, Reaching safepoint: 276276 ns, At safepoint: 6923 ns, Total: 283199 ns
[2025-03-20T13:39:39.363+0000][7][safepoint   ] Safepoint "Cleanup", Time since last: 1000964598 ns, Reaching safepoint: 235299 ns, At safepoint: 6813 ns, Total: 242112 ns
[2025-03-20T13:39:41.364+0000][7][safepoint   ] Safepoint "Cleanup", Time since last: 2001451320 ns, Reaching safepoint: 125198 ns, At safepoint: 3336 ns, Total: 128534 ns
[2025-03-20T13:39:42.365+0000][7][safepoint   ] Safepoint "Cleanup", Time since last: 1000437409 ns, Reaching safepoint: 138474 ns, At safepoint: 19777 ns, Total: 158251 ns
[2025-03-20T13:39:44.367+0000][7][safepoint   ] Safepoint "Cleanup", Time since last: 2001803681 ns, Reaching safepoint: 124748 ns, At safepoint: 3727 ns, Total: 128475 ns
[2025-03-20T13:39:46.624+0000][7][gc,start    ] GC(24) Pause Young (Normal) (G1 Evacuation Pause)
[2025-03-20T13:39:46.624+0000][7][gc,task     ] GC(24) Using 8 workers of 8 for evacuation
[2025-03-20T13:39:46.624+0000][7][gc,age      ] GC(24) Desired survivor size 18874368 bytes, new threshold 15 (max threshold 15)
[2025-03-20T13:39:46.629+0000][7][gc,age      ] GC(24) Age table with threshold 15 (max threshold 15)
[2025-03-20T13:39:46.629+0000][7][gc,age      ] GC(24) - age   1:    1581424 bytes,    1581424 total
[2025-03-20T13:39:46.629+0000][7][gc,age      ] GC(24) - age   2:     507792 bytes,    2089216 total
[2025-03-20T13:39:46.629+0000][7][gc,age      ] GC(24) - age   3:    7774312 bytes,    9863528 total
[2025-03-20T13:39:46.629+0000][7][gc,age      ] GC(24) - age   4:    2359728 bytes,   12223256 total
[2025-03-20T13:39:46.629+0000][7][gc,phases   ] GC(24)   Pre Evacuate Collection Set: 0.1ms
[2025-03-20T13:39:46.629+0000][7][gc,phases   ] GC(24)   Merge Heap Roots: 0.1ms
[2025-03-20T13:39:46.629+0000][7][gc,phases   ] GC(24)   Evacuate Collection Set: 4.0ms
[2025-03-20T13:39:46.629+0000][7][gc,phases   ] GC(24)   Post Evacuate Collection Set: 0.8ms
[2025-03-20T13:39:46.629+0000][7][gc,phases   ] GC(24)   Other: 0.2ms
[2025-03-20T13:39:46.629+0000][7][gc,heap     ] GC(24) Eden regions: 66->0(67)
[2025-03-20T13:39:46.629+0000][7][gc,heap     ] GC(24) Survivor regions: 4->4(9)
[2025-03-20T13:39:46.629+0000][7][gc,heap     ] GC(24) Old regions: 23->23
[2025-03-20T13:39:46.629+0000][7][gc,heap     ] GC(24) Archive regions: 2->2
[2025-03-20T13:39:46.629+0000][7][gc,heap     ] GC(24) Humongous regions: 5->5
[2025-03-20T13:39:46.629+0000][7][gc,metaspace] GC(24) Metaspace: 112327K(113920K)->112327K(113920K) NonClass: 97278K(98176K)->97278K(98176K) Class: 15048K(15744K)->15048K(15744K)
[2025-03-20T13:39:46.629+0000][7][gc          ] GC(24) Pause Young (Normal) (G1 Evacuation Pause) 391M->127M(512M) 5.234ms
[2025-03-20T13:39:46.629+0000][7][gc,cpu      ] GC(24) User=0.03s Sys=0.00s Real=0.01s
[2025-03-20T13:39:46.629+0000][7][safepoint   ] Safepoint "G1CollectForAllocation", Time since last: 2256825685 ns, Reaching safepoint: 142561 ns, At safepoint: 5320592 ns, Total: 5463153 ns
[2025-03-20T13:39:47.630+0000][7][safepoint   ] Safepoint "Cleanup", Time since last: 1000583385 ns, Reaching safepoint: 127984 ns, At safepoint: 4929 ns, Total: 132913 ns
[2025-03-20T13:39:49.631+0000][7][safepoint   ] Safepoint "Cleanup", Time since last: 2001167768 ns, Reaching safepoint: 117453 ns, At safepoint: 3637 ns, Total: 121090 ns
[2025-03-20T13:39:51.633+0000][7][safepoint   ] Safepoint "Cleanup", Time since last: 2001510862 ns, Reaching safepoint: 81705 ns, At safepoint: 3096 ns, Total: 84801 ns
[2025-03-20T13:39:52.635+0000][7][safepoint   ] Safepoint "Cleanup", Time since last: 1000868689 ns, Reaching safepoint: 1220266 ns, At safepoint: 8265 ns, Total: 1228531 ns
[2025-03-20T13:39:53.635+0000][7][safepoint   ] Safepoint "Cleanup", Time since last: 1000213506 ns, Reaching safepoint: 221265 ns, At safepoint: 7163 ns, Total: 228428 ns
[2025-03-20T13:39:54.636+0000][7][safepoint   ] Safepoint "Cleanup", Time since last: 1000176050 ns, Reaching safepoint: 454184 ns, At safepoint: 8246 ns, Total: 462430 ns
[2025-03-20T13:39:55.637+0000][7][safepoint   ] Safepoint "Cleanup", Time since last: 1000772582 ns, Reaching safepoint: 148455 ns, At safepoint: 6793 ns, Total: 155248 ns
[2025-03-20T13:39:56.637+0000][7][safepoint   ] Safepoint "Cleanup", Time since last: 1000604895 ns, Reaching safepoint: 80874 ns, At safepoint: 3667 ns, Total: 84541 ns
[2025-03-20T13:39:57.638+0000][7][safepoint   ] Safepoint "Cleanup", Time since last: 1000589748 ns, Reaching safepoint: 84711 ns, At safepoint: 3808 ns, Total: 88519 ns
[2025-03-20T13:39:58.639+0000][7][safepoint   ] Safepoint "Cleanup", Time since last: 1000540207 ns, Reaching safepoint: 128915 ns, At safepoint: 3707 ns, Total: 132622 ns
[2025-03-20T13:39:59.640+0000][7][safepoint   ] Safepoint "Cleanup", Time since last: 1000858709 ns, Reaching safepoint: 100382 ns, At safepoint: 4318 ns, Total: 104700 ns
[2025-03-20T13:40:00.641+0000][7][safepoint   ] Safepoint "Cleanup", Time since last: 1001127830 ns, Reaching safepoint: 82196 ns, At safepoint: 4038 ns, Total: 86234 ns
[2025-03-20T13:40:01.642+0000][7][safepoint   ] Safepoint "Cleanup", Time since last: 1000701556 ns, Reaching safepoint: 201343 ns, At safepoint: 4849 ns, Total: 206192 ns
[2025-03-20T13:40:02.643+0000][7][safepoint   ] Safepoint "Cleanup", Time since last: 1001059475 ns, Reaching safepoint: 184381 ns, At safepoint: 5771 ns, Total: 190152 ns
[2025-03-20T13:40:04.644+0000][7][safepoint   ] Safepoint "Cleanup", Time since last: 2001222763 ns, Reaching safepoint: 115600 ns, At safepoint: 11332 ns, Total: 126932 ns
[2025-03-20T13:40:05.645+0000][7][safepoint   ] Safepoint "Cleanup", Time since last: 1000719914 ns, Reaching safepoint: 130388 ns, At safepoint: 4489 ns, Total: 134877 ns
[2025-03-20T13:40:06.646+0000][7][safepoint   ] Safepoint "Cleanup", Time since last: 1000844525 ns, Reaching safepoint: 148312 ns, At safepoint: 4569 ns, Total: 152881 ns
[2025-03-20T13:40:07.647+0000][7][safepoint   ] Safepoint "Cleanup", Time since last: 1000244714 ns, Reaching safepoint: 102966 ns, At safepoint: 5941 ns, Total: 108907 ns
[2025-03-20T13:40:09.648+0000][7][safepoint   ] Safepoint "Cleanup", Time since last: 2001126353 ns, Reaching safepoint: 112915 ns, At safepoint: 3336 ns, Total: 116251 ns
[2025-03-20T13:40:10.648+0000][7][safepoint   ] Safepoint "Cleanup", Time since last: 1000159348 ns, Reaching safepoint: 106342 ns, At safepoint: 3487 ns, Total: 109829 ns
[2025-03-20T13:40:11.649+0000][7][safepoint   ] Safepoint "Cleanup", Time since last: 1000526865 ns, Reaching safepoint: 98527 ns, At safepoint: 3217 ns, Total: 101744 ns
[2025-03-20T13:40:12.650+0000][7][safepoint   ] Safepoint "Cleanup", Time since last: 1000596798 ns, Reaching safepoint: 144035 ns, At safepoint: 4278 ns, Total: 148313 ns
[2025-03-20T13:40:13.650+0000][7][safepoint   ] Safepoint "Cleanup", Time since last: 1000307307 ns, Reaching safepoint: 129612 ns, At safepoint: 5681 ns, Total: 135293 ns
[2025-03-20T13:40:14.651+0000][7][safepoint   ] Safepoint "Cleanup", Time since last: 1000891875 ns, Reaching safepoint: 138363 ns, At safepoint: 4168 ns, Total: 142531 ns
[2025-03-20T13:40:16.652+0000][7][safepoint   ] Safepoint "Cleanup", Time since last: 2000643474 ns, Reaching safepoint: 93047 ns, At safepoint: 3146 ns, Total: 96193 ns
[2025-03-20T13:40:17.653+0000][7][safepoint   ] Safepoint "Cleanup", Time since last: 1001056803 ns, Reaching safepoint: 115129 ns, At safepoint: 3737 ns, Total: 118866 ns
[2025-03-20T13:40:19.654+0000][7][safepoint   ] Safepoint "Cleanup", Time since last: 2001115849 ns, Reaching safepoint: 141459 ns, At safepoint: 3707 ns, Total: 145166 ns
[2025-03-20T13:40:20.655+0000][7][safepoint   ] Safepoint "Cleanup", Time since last: 1000511215 ns, Reaching safepoint: 116432 ns, At safepoint: 4509 ns, Total: 120941 ns
[2025-03-20T13:40:21.656+0000][7][safepoint   ] Safepoint "Cleanup", Time since last: 1000771514 ns, Reaching safepoint: 116813 ns, At safepoint: 4779 ns, Total: 121592 ns
[2025-03-20T13:40:22.656+0000][7][safepoint   ] Safepoint "Cleanup", Time since last: 1000598017 ns, Reaching safepoint: 132252 ns, At safepoint: 3777 ns, Total: 136029 ns
[2025-03-20T13:40:23.657+0000][7][safepoint   ] Safepoint "Cleanup", Time since last: 1000698453 ns, Reaching safepoint: 104940 ns, At safepoint: 3877 ns, Total: 108817 ns
[2025-03-20T13:40:24.659+0000][7][safepoint   ] Safepoint "Cleanup", Time since last: 1001028723 ns, Reaching safepoint: 206183 ns, At safepoint: 7284 ns, Total: 213467 ns
[2025-03-20T13:40:25.659+0000][7][safepoint   ] Safepoint "Cleanup", Time since last: 1000540050 ns, Reaching safepoint: 112144 ns, At safepoint: 3947 ns, Total: 116091 ns
[2025-03-20T13:40:26.660+0000][7][safepoint   ] Safepoint "Cleanup", Time since last: 1000544409 ns, Reaching safepoint: 117845 ns, At safepoint: 6482 ns, Total: 124327 ns
[2025-03-20T13:40:27.661+0000][7][safepoint   ] Safepoint "Cleanup", Time since last: 1000684323 ns, Reaching safepoint: 78520 ns, At safepoint: 4268 ns, Total: 82788 ns
[2025-03-20T13:40:28.661+0000][7][safepoint   ] Safepoint "Cleanup", Time since last: 1000478012 ns, Reaching safepoint: 221140 ns, At safepoint: 6222 ns, Total: 227362 ns
[2025-03-20T13:40:29.662+0000][7][safepoint   ] Safepoint "Cleanup", Time since last: 1000287516 ns, Reaching safepoint: 165275 ns, At safepoint: 4248 ns, Total: 169523 ns
[2025-03-20T13:40:31.664+0000][7][safepoint   ] Safepoint "Cleanup", Time since last: 2001262404 ns, Reaching safepoint: 698934 ns, At safepoint: 7154 ns, Total: 706088 ns
[2025-03-20T13:40:32.664+0000][7][safepoint   ] Safepoint "Cleanup", Time since last: 1000512150 ns, Reaching safepoint: 98437 ns, At safepoint: 4509 ns, Total: 102946 ns
[2025-03-20T13:40:34.665+0000][7][safepoint   ] Safepoint "Cleanup", Time since last: 2000613161 ns, Reaching safepoint: 131370 ns, At safepoint: 3907 ns, Total: 135277 ns
[2025-03-20T13:40:35.666+0000][7][safepoint   ] Safepoint "Cleanup", Time since last: 1000796151 ns, Reaching safepoint: 119768 ns, At safepoint: 4408 ns, Total: 124176 ns
[2025-03-20T13:40:36.667+0000][7][safepoint   ] Safepoint "Cleanup", Time since last: 1000627988 ns, Reaching safepoint: 142712 ns, At safepoint: 4358 ns, Total: 147070 ns
[2025-03-20T13:40:37.668+0000][7][safepoint   ] Safepoint "Cleanup", Time since last: 1000936140 ns, Reaching safepoint: 166227 ns, At safepoint: 5751 ns, Total: 171978 ns
[2025-03-20T13:40:39.669+0000][7][safepoint   ] Safepoint "Cleanup", Time since last: 2000793288 ns, Reaching safepoint: 161237 ns, At safepoint: 10109 ns, Total: 171346 ns
[2025-03-20T13:40:40.670+0000][7][safepoint   ] Safepoint "Cleanup", Time since last: 1000611362 ns, Reaching safepoint: 91835 ns, At safepoint: 3096 ns, Total: 94931 ns
[2025-03-20T13:40:41.671+0000][7][safepoint   ] Safepoint "Cleanup", Time since last: 1000915285 ns, Reaching safepoint: 89234 ns, At safepoint: 7253 ns, Total: 96487 ns
[2025-03-20T13:40:42.671+0000][7][safepoint   ] Safepoint "Cleanup", Time since last: 1000692179 ns, Reaching safepoint: 117865 ns, At safepoint: 5600 ns, Total: 123465 ns
[2025-03-20T13:40:43.672+0000][7][safepoint   ] Safepoint "Cleanup", Time since last: 1000767738 ns, Reaching safepoint: 84320 ns, At safepoint: 3908 ns, Total: 88228 ns
[2025-03-20T13:40:44.673+0000][7][safepoint   ] Safepoint "Cleanup", Time since last: 1000760869 ns, Reaching safepoint: 133975 ns, At safepoint: 12364 ns, Total: 146339 ns
[2025-03-20T13:40:46.443+0000][7][gc,start    ] GC(25) Pause Young (Normal) (G1 Evacuation Pause)
[2025-03-20T13:40:46.443+0000][7][gc,task     ] GC(25) Using 8 workers of 8 for evacuation
[2025-03-20T13:40:46.443+0000][7][gc,age      ] GC(25) Desired survivor size 18874368 bytes, new threshold 15 (max threshold 15)
[2025-03-20T13:40:46.449+0000][7][gc,age      ] GC(25) Age table with threshold 15 (max threshold 15)
[2025-03-20T13:40:46.449+0000][7][gc,age      ] GC(25) - age   1:    1669856 bytes,    1669856 total
[2025-03-20T13:40:46.449+0000][7][gc,age      ] GC(25) - age   2:     197288 bytes,    1867144 total
[2025-03-20T13:40:46.449+0000][7][gc,age      ] GC(25) - age   3:     504048 bytes,    2371192 total
[2025-03-20T13:40:46.449+0000][7][gc,age      ] GC(25) - age   4:    7772528 bytes,   10143720 total
[2025-03-20T13:40:46.449+0000][7][gc,age      ] GC(25) - age   5:    2359728 bytes,   12503448 total
[2025-03-20T13:40:46.449+0000][7][gc,phases   ] GC(25)   Pre Evacuate Collection Set: 0.1ms
[2025-03-20T13:40:46.449+0000][7][gc,phases   ] GC(25)   Merge Heap Roots: 0.1ms
[2025-03-20T13:40:46.449+0000][7][gc,phases   ] GC(25)   Evacuate Collection Set: 4.5ms
[2025-03-20T13:40:46.449+0000][7][gc,phases   ] GC(25)   Post Evacuate Collection Set: 1.0ms
[2025-03-20T13:40:46.449+0000][7][gc,phases   ] GC(25)   Other: 0.2ms
[2025-03-20T13:40:46.449+0000][7][gc,heap     ] GC(25) Eden regions: 67->0(68)
[2025-03-20T13:40:46.449+0000][7][gc,heap     ] GC(25) Survivor regions: 4->4(9)
[2025-03-20T13:40:46.449+0000][7][gc,heap     ] GC(25) Old regions: 23->23
[2025-03-20T13:40:46.449+0000][7][gc,heap     ] GC(25) Archive regions: 2->2
[2025-03-20T13:40:46.449+0000][7][gc,heap     ] GC(25) Humongous regions: 5->5
[2025-03-20T13:40:46.449+0000][7][gc,metaspace] GC(25) Metaspace: 112921K(114496K)->112921K(114496K) NonClass: 97871K(98752K)->97871K(98752K) Class: 15050K(15744K)->15050K(15744K)
[2025-03-20T13:40:46.449+0000][7][gc          ] GC(25) Pause Young (Normal) (G1 Evacuation Pause) 395M->127M(512M) 5.989ms
[2025-03-20T13:40:46.449+0000][7][gc,cpu      ] GC(25) User=0.02s Sys=0.01s Real=0.01s
[2025-03-20T13:40:46.449+0000][7][safepoint   ] Safepoint "G1CollectForAllocation", Time since last: 1769594108 ns, Reaching safepoint: 81014 ns, At safepoint: 6072385 ns, Total: 6153399 ns
[2025-03-20T13:40:47.450+0000][7][safepoint   ] Safepoint "Cleanup", Time since last: 1001249401 ns, Reaching safepoint: 116381 ns, At safepoint: 4329 ns, Total: 120710 ns
[2025-03-20T13:40:48.451+0000][7][safepoint   ] Safepoint "Cleanup", Time since last: 1001024265 ns, Reaching safepoint: 136470 ns, At safepoint: 6643 ns, Total: 143113 ns
[2025-03-20T13:40:49.452+0000][7][safepoint   ] Safepoint "Cleanup", Time since last: 1000898876 ns, Reaching safepoint: 137021 ns, At safepoint: 8707 ns, Total: 145728 ns
[2025-03-20T13:40:50.453+0000][7][safepoint   ] Safepoint "Cleanup", Time since last: 1000186117 ns, Reaching safepoint: 106162 ns, At safepoint: 4228 ns, Total: 110390 ns
[2025-03-20T13:40:51.454+0000][7][safepoint   ] Safepoint "Cleanup", Time since last: 1000827991 ns, Reaching safepoint: 101032 ns, At safepoint: 4008 ns, Total: 105040 ns
[2025-03-20T13:40:52.455+0000][7][safepoint   ] Safepoint "Cleanup", Time since last: 1000779155 ns, Reaching safepoint: 117624 ns, At safepoint: 5992 ns, Total: 123616 ns
[2025-03-20T13:40:53.456+0000][7][safepoint   ] Safepoint "Cleanup", Time since last: 1000864818 ns, Reaching safepoint: 158294 ns, At safepoint: 6241 ns, Total: 164535 ns
[2025-03-20T13:40:54.456+0000][7][safepoint   ] Safepoint "Cleanup", Time since last: 1000715829 ns, Reaching safepoint: 88729 ns, At safepoint: 4428 ns, Total: 93157 ns
[2025-03-20T13:40:55.457+0000][7][safepoint   ] Safepoint "Cleanup", Time since last: 1000631800 ns, Reaching safepoint: 81215 ns, At safepoint: 3807 ns, Total: 85022 ns
[2025-03-20T13:40:56.458+0000][7][safepoint   ] Safepoint "Cleanup", Time since last: 1000407891 ns, Reaching safepoint: 160626 ns, At safepoint: 5500 ns, Total: 166126 ns
[2025-03-20T13:40:57.477+0000][7][safepoint   ] Safepoint "Cleanup", Time since last: 1018823537 ns, Reaching safepoint: 125168 ns, At safepoint: 4769 ns, Total: 129937 ns
[2025-03-20T13:40:59.478+0000][7][safepoint   ] Safepoint "Cleanup", Time since last: 2001071169 ns, Reaching safepoint: 99139 ns, At safepoint: 3457 ns, Total: 102596 ns
[2025-03-20T13:41:00.479+0000][7][safepoint   ] Safepoint "Cleanup", Time since last: 1000746848 ns, Reaching safepoint: 151298 ns, At safepoint: 8416 ns, Total: 159714 ns
[2025-03-20T13:41:01.479+0000][7][safepoint   ] Safepoint "Cleanup", Time since last: 1000388284 ns, Reaching safepoint: 95983 ns, At safepoint: 3917 ns, Total: 99900 ns
[2025-03-20T13:41:02.480+0000][7][safepoint   ] Safepoint "Cleanup", Time since last: 1000608887 ns, Reaching safepoint: 128024 ns, At safepoint: 4068 ns, Total: 132092 ns
[2025-03-20T13:41:04.482+0000][7][safepoint   ] Safepoint "Cleanup", Time since last: 2001963541 ns, Reaching safepoint: 113238 ns, At safepoint: 6502 ns, Total: 119740 ns
[2025-03-20T13:41:05.483+0000][7][safepoint   ] Safepoint "Cleanup", Time since last: 1000748227 ns, Reaching safepoint: 138864 ns, At safepoint: 4389 ns, Total: 143253 ns
[2025-03-20T13:41:06.483+0000][7][safepoint   ] Safepoint "Cleanup", Time since last: 1000266538 ns, Reaching safepoint: 91143 ns, At safepoint: 5390 ns, Total: 96533 ns
[2025-03-20T13:41:07.485+0000][7][safepoint   ] Safepoint "Cleanup", Time since last: 1001088408 ns, Reaching safepoint: 125670 ns, At safepoint: 4508 ns, Total: 130178 ns
[2025-03-20T13:41:08.486+0000][7][safepoint   ] Safepoint "Cleanup", Time since last: 1000911775 ns, Reaching safepoint: 142912 ns, At safepoint: 6082 ns, Total: 148994 ns
[2025-03-20T13:41:09.486+0000][7][safepoint   ] Safepoint "Cleanup", Time since last: 1000382242 ns, Reaching safepoint: 98067 ns, At safepoint: 4018 ns, Total: 102085 ns
[2025-03-20T13:41:10.486+0000][7][safepoint   ] Safepoint "Cleanup", Time since last: 1000226653 ns, Reaching safepoint: 114087 ns, At safepoint: 8676 ns, Total: 122763 ns
[2025-03-20T13:41:11.487+0000][7][safepoint   ] Safepoint "Cleanup", Time since last: 1000283744 ns, Reaching safepoint: 162129 ns, At safepoint: 4338 ns, Total: 166467 ns
[2025-03-20T13:41:12.488+0000][7][safepoint   ] Safepoint "Cleanup", Time since last: 1000566653 ns, Reaching safepoint: 134394 ns, At safepoint: 7825 ns, Total: 142219 ns
[2025-03-20T13:41:13.488+0000][7][safepoint   ] Safepoint "Cleanup", Time since last: 1000676382 ns, Reaching safepoint: 135357 ns, At safepoint: 4539 ns, Total: 139896 ns
[2025-03-20T13:41:14.489+0000][7][safepoint   ] Safepoint "Cleanup", Time since last: 1000429851 ns, Reaching safepoint: 174122 ns, At safepoint: 7154 ns, Total: 181276 ns
[2025-03-20T13:41:15.490+0000][7][safepoint   ] Safepoint "Cleanup", Time since last: 1000326948 ns, Reaching safepoint: 126701 ns, At safepoint: 9077 ns, Total: 135778 ns
[2025-03-20T13:41:17.491+0000][7][safepoint   ] Safepoint "Cleanup", Time since last: 2000988131 ns, Reaching safepoint: 120490 ns, At safepoint: 4969 ns, Total: 125459 ns
[2025-03-20T13:41:18.491+0000][7][safepoint   ] Safepoint "Cleanup", Time since last: 1000155150 ns, Reaching safepoint: 155786 ns, At safepoint: 6182 ns, Total: 161968 ns
[2025-03-20T13:41:19.492+0000][7][safepoint   ] Safepoint "Cleanup", Time since last: 1000839742 ns, Reaching safepoint: 105070 ns, At safepoint: 4429 ns, Total: 109499 ns
[2025-03-20T13:41:20.493+0000][7][safepoint   ] Safepoint "Cleanup", Time since last: 1001072514 ns, Reaching safepoint: 182548 ns, At safepoint: 9758 ns, Total: 192306 ns
[2025-03-20T13:41:22.494+0000][7][safepoint   ] Safepoint "Cleanup", Time since last: 2000829255 ns, Reaching safepoint: 109238 ns, At safepoint: 4989 ns, Total: 114227 ns
[2025-03-20T13:41:23.495+0000][7][safepoint   ] Safepoint "Cleanup", Time since last: 1000645119 ns, Reaching safepoint: 126401 ns, At safepoint: 5410 ns, Total: 131811 ns
[2025-03-20T13:41:24.495+0000][7][safepoint   ] Safepoint "Cleanup", Time since last: 1000143826 ns, Reaching safepoint: 92807 ns, At safepoint: 4919 ns, Total: 97726 ns
[2025-03-20T13:41:25.496+0000][7][safepoint   ] Safepoint "Cleanup", Time since last: 1001030396 ns, Reaching safepoint: 63711 ns, At safepoint: 3797 ns, Total: 67508 ns
[2025-03-20T13:41:26.497+0000][7][safepoint   ] Safepoint "Cleanup", Time since last: 1000531434 ns, Reaching safepoint: 122964 ns, At safepoint: 5120 ns, Total: 128084 ns
[2025-03-20T13:41:27.498+0000][7][safepoint   ] Safepoint "Cleanup", Time since last: 1000900658 ns, Reaching safepoint: 159654 ns, At safepoint: 6943 ns, Total: 166597 ns
[2025-03-20T13:41:28.499+0000][7][safepoint   ] Safepoint "Cleanup", Time since last: 1000653185 ns, Reaching safepoint: 108697 ns, At safepoint: 5350 ns, Total: 114047 ns
[2025-03-20T13:41:29.500+0000][7][safepoint   ] Safepoint "Cleanup", Time since last: 1000741158 ns, Reaching safepoint: 164944 ns, At safepoint: 5631 ns, Total: 170575 ns
[2025-03-20T13:41:30.500+0000][7][safepoint   ] Safepoint "Cleanup", Time since last: 1000462183 ns, Reaching safepoint: 183319 ns, At safepoint: 10189 ns, Total: 193508 ns
[2025-03-20T13:41:31.501+0000][7][safepoint   ] Safepoint "Cleanup", Time since last: 1000682318 ns, Reaching safepoint: 93288 ns, At safepoint: 4007 ns, Total: 97295 ns
[2025-03-20T13:41:32.501+0000][7][safepoint   ] Safepoint "Cleanup", Time since last: 1000273195 ns, Reaching safepoint: 145978 ns, At safepoint: 5371 ns, Total: 151349 ns
[2025-03-20T13:41:34.503+0000][7][safepoint   ] Safepoint "Cleanup", Time since last: 2001208472 ns, Reaching safepoint: 106553 ns, At safepoint: 4218 ns, Total: 110771 ns
[2025-03-20T13:41:35.503+0000][7][safepoint   ] Safepoint "Cleanup", Time since last: 1000448729 ns, Reaching safepoint: 146008 ns, At safepoint: 11231 ns, Total: 157239 ns
[2025-03-20T13:41:36.475+0000][7][gc,start    ] GC(26) Pause Young (Normal) (G1 Evacuation Pause)
[2025-03-20T13:41:36.475+0000][7][gc,task     ] GC(26) Using 8 workers of 8 for evacuation
[2025-03-20T13:41:36.475+0000][7][gc,age      ] GC(26) Desired survivor size 18874368 bytes, new threshold 15 (max threshold 15)
[2025-03-20T13:41:36.481+0000][7][gc,age      ] GC(26) Age table with threshold 15 (max threshold 15)
[2025-03-20T13:41:36.481+0000][7][gc,age      ] GC(26) - age   1:    1869288 bytes,    1869288 total
[2025-03-20T13:41:36.481+0000][7][gc,age      ] GC(26) - age   2:      71176 bytes,    1940464 total
[2025-03-20T13:41:36.481+0000][7][gc,age      ] GC(26) - age   3:     195136 bytes,    2135600 total
[2025-03-20T13:41:36.481+0000][7][gc,age      ] GC(26) - age   4:     503720 bytes,    2639320 total
[2025-03-20T13:41:36.481+0000][7][gc,age      ] GC(26) - age   5:    7772328 bytes,   10411648 total
[2025-03-20T13:41:36.481+0000][7][gc,age      ] GC(26) - age   6:    2359728 bytes,   12771376 total
[2025-03-20T13:41:36.481+0000][7][gc,phases   ] GC(26)   Pre Evacuate Collection Set: 0.1ms
[2025-03-20T13:41:36.481+0000][7][gc,phases   ] GC(26)   Merge Heap Roots: 0.1ms
[2025-03-20T13:41:36.481+0000][7][gc,phases   ] GC(26)   Evacuate Collection Set: 4.5ms
[2025-03-20T13:41:36.481+0000][7][gc,phases   ] GC(26)   Post Evacuate Collection Set: 0.9ms
[2025-03-20T13:41:36.481+0000][7][gc,phases   ] GC(26)   Other: 0.2ms
[2025-03-20T13:41:36.481+0000][7][gc,heap     ] GC(26) Eden regions: 68->0(69)
[2025-03-20T13:41:36.481+0000][7][gc,heap     ] GC(26) Survivor regions: 4->4(9)
[2025-03-20T13:41:36.481+0000][7][gc,heap     ] GC(26) Old regions: 23->23
[2025-03-20T13:41:36.481+0000][7][gc,heap     ] GC(26) Archive regions: 2->2
[2025-03-20T13:41:36.481+0000][7][gc,heap     ] GC(26) Humongous regions: 5->5
[2025-03-20T13:41:36.481+0000][7][gc,metaspace] GC(26) Metaspace: 113608K(115200K)->113608K(115200K) NonClass: 98557K(99456K)->98557K(99456K) Class: 15050K(15744K)->15050K(15744K)
[2025-03-20T13:41:36.481+0000][7][gc          ] GC(26) Pause Young (Normal) (G1 Evacuation Pause) 399M->127M(512M) 5.907ms
[2025-03-20T13:41:36.481+0000][7][gc,cpu      ] GC(26) User=0.02s Sys=0.00s Real=0.01s
[2025-03-20T13:41:36.481+0000][7][safepoint   ] Safepoint "G1CollectForAllocation", Time since last: 971709449 ns, Reaching safepoint: 100451 ns, At safepoint: 5997939 ns, Total: 6098390 ns
[2025-03-20T13:41:37.482+0000][7][safepoint   ] Safepoint "Cleanup", Time since last: 1000742102 ns, Reaching safepoint: 152140 ns, At safepoint: 6643 ns, Total: 158783 ns
[2025-03-20T13:41:38.483+0000][7][safepoint   ] Safepoint "Cleanup", Time since last: 1000957819 ns, Reaching safepoint: 194831 ns, At safepoint: 6131 ns, Total: 200962 ns
[2025-03-20T13:41:39.484+0000][7][safepoint   ] Safepoint "Cleanup", Time since last: 1000289472 ns, Reaching safepoint: 96694 ns, At safepoint: 3907 ns, Total: 100601 ns
[2025-03-20T13:41:41.485+0000][7][safepoint   ] Safepoint "Cleanup", Time since last: 2001147525 ns, Reaching safepoint: 234647 ns, At safepoint: 16441 ns, Total: 251088 ns
[2025-03-20T13:41:42.486+0000][7][safepoint   ] Safepoint "Cleanup", Time since last: 1000651870 ns, Reaching safepoint: 116943 ns, At safepoint: 4428 ns, Total: 121371 ns
[2025-03-20T13:41:44.487+0000][7][safepoint   ] Safepoint "Cleanup", Time since last: 2001126249 ns, Reaching safepoint: 102315 ns, At safepoint: 3978 ns, Total: 106293 ns
[2025-03-20T13:41:47.490+0000][7][safepoint   ] Safepoint "Cleanup", Time since last: 3002393426 ns, Reaching safepoint: 112194 ns, At safepoint: 3557 ns, Total: 115751 ns
[2025-03-20T13:41:48.491+0000][7][safepoint   ] Safepoint "Cleanup", Time since last: 1000871321 ns, Reaching safepoint: 76666 ns, At safepoint: 3877 ns, Total: 80543 ns
[2025-03-20T13:41:49.492+0000][7][safepoint   ] Safepoint "Cleanup", Time since last: 1000894133 ns, Reaching safepoint: 97015 ns, At safepoint: 4027 ns, Total: 101042 ns
[2025-03-20T13:41:50.492+0000][7][safepoint   ] Safepoint "Cleanup", Time since last: 1000344724 ns, Reaching safepoint: 143824 ns, At safepoint: 6392 ns, Total: 150216 ns
[2025-03-20T13:41:52.493+0000][7][safepoint   ] Safepoint "Cleanup", Time since last: 2000733770 ns, Reaching safepoint: 163401 ns, At safepoint: 4549 ns, Total: 167950 ns
[2025-03-20T13:41:53.493+0000][7][safepoint   ] Safepoint "Cleanup", Time since last: 1000385635 ns, Reaching safepoint: 118476 ns, At safepoint: 4749 ns, Total: 123225 ns
[2025-03-20T13:41:54.495+0000][7][safepoint   ] Safepoint "Cleanup", Time since last: 1001052703 ns, Reaching safepoint: 114468 ns, At safepoint: 5159 ns, Total: 119627 ns
[2025-03-20T13:41:55.496+0000][7][safepoint   ] Safepoint "Cleanup", Time since last: 1000796661 ns, Reaching safepoint: 122283 ns, At safepoint: 4308 ns, Total: 126591 ns
[2025-03-20T13:41:56.496+0000][7][safepoint   ] Safepoint "Cleanup", Time since last: 1000166348 ns, Reaching safepoint: 181586 ns, At safepoint: 10691 ns, Total: 192277 ns
[2025-03-20T13:41:57.498+0000][7][safepoint   ] Safepoint "Cleanup", Time since last: 1001285292 ns, Reaching safepoint: 555818 ns, At safepoint: 6633 ns, Total: 562451 ns
[2025-03-20T13:41:59.499+0000][7][safepoint   ] Safepoint "Cleanup", Time since last: 2001436390 ns, Reaching safepoint: 228647 ns, At safepoint: 7084 ns, Total: 235731 ns
[2025-03-20T13:42:00.501+0000][7][safepoint   ] Safepoint "Cleanup", Time since last: 1001074926 ns, Reaching safepoint: 133294 ns, At safepoint: 4689 ns, Total: 137983 ns
[2025-03-20T13:42:01.501+0000][7][safepoint   ] Safepoint "Cleanup", Time since last: 1000641182 ns, Reaching safepoint: 143874 ns, At safepoint: 4549 ns, Total: 148423 ns
[2025-03-20T13:42:02.502+0000][7][safepoint   ] Safepoint "Cleanup", Time since last: 1000309856 ns, Reaching safepoint: 136520 ns, At safepoint: 7474 ns, Total: 143994 ns
[2025-03-20T13:42:04.503+0000][7][safepoint   ] Safepoint "Cleanup", Time since last: 2000576312 ns, Reaching safepoint: 136700 ns, At safepoint: 4429 ns, Total: 141129 ns
[2025-03-20T13:42:05.503+0000][7][safepoint   ] Safepoint "Cleanup", Time since last: 1000686759 ns, Reaching safepoint: 119898 ns, At safepoint: 4870 ns, Total: 124768 ns
[2025-03-20T13:42:07.505+0000][7][safepoint   ] Safepoint "Cleanup", Time since last: 2001357015 ns, Reaching safepoint: 107966 ns, At safepoint: 4188 ns, Total: 112154 ns
[2025-03-20T13:42:08.505+0000][7][safepoint   ] Safepoint "Cleanup", Time since last: 1000370898 ns, Reaching safepoint: 142161 ns, At safepoint: 5160 ns, Total: 147321 ns
[2025-03-20T13:42:09.506+0000][7][safepoint   ] Safepoint "Cleanup", Time since last: 1001021781 ns, Reaching safepoint: 80363 ns, At safepoint: 3477 ns, Total: 83840 ns
[2025-03-20T13:42:11.507+0000][7][safepoint   ] Safepoint "Cleanup", Time since last: 2000909155 ns, Reaching safepoint: 76495 ns, At safepoint: 3066 ns, Total: 79561 ns
[2025-03-20T13:42:12.508+0000][7][safepoint   ] Safepoint "Cleanup", Time since last: 1000235221 ns, Reaching safepoint: 94299 ns, At safepoint: 3878 ns, Total: 98177 ns
[2025-03-20T13:42:14.509+0000][7][safepoint   ] Safepoint "Cleanup", Time since last: 2001110348 ns, Reaching safepoint: 124537 ns, At safepoint: 6413 ns, Total: 130950 ns
[2025-03-20T13:42:17.511+0000][7][safepoint   ] Safepoint "Cleanup", Time since last: 3001598693 ns, Reaching safepoint: 161277 ns, At safepoint: 4970 ns, Total: 166247 ns
[2025-03-20T13:42:18.511+0000][7][safepoint   ] Safepoint "Cleanup", Time since last: 1000198936 ns, Reaching safepoint: 105621 ns, At safepoint: 4108 ns, Total: 109729 ns
[2025-03-20T13:42:19.512+0000][7][safepoint   ] Safepoint "Cleanup", Time since last: 1000348437 ns, Reaching safepoint: 93017 ns, At safepoint: 4168 ns, Total: 97185 ns
[2025-03-20T13:42:20.512+0000][7][safepoint   ] Safepoint "Cleanup", Time since last: 1000655648 ns, Reaching safepoint: 219858 ns, At safepoint: 7845 ns, Total: 227703 ns
[2025-03-20T13:42:22.514+0000][7][safepoint   ] Safepoint "Cleanup", Time since last: 2000960553 ns, Reaching safepoint: 91570 ns, At safepoint: 7415 ns, Total: 98985 ns
[2025-03-20T13:42:23.515+0000][7][safepoint   ] Safepoint "Cleanup", Time since last: 1000963706 ns, Reaching safepoint: 123836 ns, At safepoint: 4248 ns, Total: 128084 ns
[2025-03-20T13:42:24.515+0000][7][safepoint   ] Safepoint "Cleanup", Time since last: 1000245269 ns, Reaching safepoint: 84892 ns, At safepoint: 3988 ns, Total: 88880 ns
[2025-03-20T13:42:25.516+0000][7][safepoint   ] Safepoint "Cleanup", Time since last: 1000719248 ns, Reaching safepoint: 75874 ns, At safepoint: 4248 ns, Total: 80122 ns
[2025-03-20T13:42:26.517+0000][7][safepoint   ] Safepoint "Cleanup", Time since last: 1000802235 ns, Reaching safepoint: 96734 ns, At safepoint: 5390 ns, Total: 102124 ns
[2025-03-20T13:42:27.518+0000][7][safepoint   ] Safepoint "Cleanup", Time since last: 1000827535 ns, Reaching safepoint: 120280 ns, At safepoint: 4248 ns, Total: 124528 ns
[2025-03-20T13:42:29.519+0000][7][safepoint   ] Safepoint "Cleanup", Time since last: 2001368400 ns, Reaching safepoint: 166317 ns, At safepoint: 4799 ns, Total: 171116 ns
[2025-03-20T13:42:32.521+0000][7][safepoint   ] Safepoint "Cleanup", Time since last: 3001711833 ns, Reaching safepoint: 81425 ns, At safepoint: 4499 ns, Total: 85924 ns
[2025-03-20T13:42:34.523+0000][7][safepoint   ] Safepoint "Cleanup", Time since last: 2001681087 ns, Reaching safepoint: 160946 ns, At safepoint: 8316 ns, Total: 169262 ns
[2025-03-20T13:42:34.645+0000][7][gc,start    ] GC(27) Pause Young (Normal) (G1 Evacuation Pause)
[2025-03-20T13:42:34.645+0000][7][gc,task     ] GC(27) Using 8 workers of 8 for evacuation
[2025-03-20T13:42:34.645+0000][7][gc,age      ] GC(27) Desired survivor size 20971520 bytes, new threshold 15 (max threshold 15)
[2025-03-20T13:42:34.651+0000][7][gc,age      ] GC(27) Age table with threshold 15 (max threshold 15)
[2025-03-20T13:42:34.651+0000][7][gc,age      ] GC(27) - age   1:    2032968 bytes,    2032968 total
[2025-03-20T13:42:34.651+0000][7][gc,age      ] GC(27) - age   2:      68896 bytes,    2101864 total
[2025-03-20T13:42:34.651+0000][7][gc,age      ] GC(27) - age   3:      68176 bytes,    2170040 total
[2025-03-20T13:42:34.651+0000][7][gc,age      ] GC(27) - age   4:     195040 bytes,    2365080 total
[2025-03-20T13:42:34.651+0000][7][gc,age      ] GC(27) - age   5:     503720 bytes,    2868800 total
[2025-03-20T13:42:34.651+0000][7][gc,age      ] GC(27) - age   6:    7772016 bytes,   10640816 total
[2025-03-20T13:42:34.651+0000][7][gc,age      ] GC(27) - age   7:    2359728 bytes,   13000544 total
[2025-03-20T13:42:34.652+0000][7][gc,phases   ] GC(27)   Pre Evacuate Collection Set: 0.2ms
[2025-03-20T13:42:34.652+0000][7][gc,phases   ] GC(27)   Merge Heap Roots: 0.1ms
[2025-03-20T13:42:34.652+0000][7][gc,phases   ] GC(27)   Evacuate Collection Set: 5.0ms
[2025-03-20T13:42:34.652+0000][7][gc,phases   ] GC(27)   Post Evacuate Collection Set: 1.0ms
[2025-03-20T13:42:34.652+0000][7][gc,phases   ] GC(27)   Other: 0.2ms
[2025-03-20T13:42:34.652+0000][7][gc,heap     ] GC(27) Eden regions: 69->0(70)
[2025-03-20T13:42:34.652+0000][7][gc,heap     ] GC(27) Survivor regions: 4->4(10)
[2025-03-20T13:42:34.652+0000][7][gc,heap     ] GC(27) Old regions: 23->23
[2025-03-20T13:42:34.652+0000][7][gc,heap     ] GC(27) Archive regions: 2->2
[2025-03-20T13:42:34.652+0000][7][gc,heap     ] GC(27) Humongous regions: 5->5
[2025-03-20T13:42:34.652+0000][7][gc,metaspace] GC(27) Metaspace: 113892K(115456K)->113892K(115456K) NonClass: 98839K(99712K)->98839K(99712K) Class: 15052K(15744K)->15052K(15744K)
[2025-03-20T13:42:34.652+0000][7][gc          ] GC(27) Pause Young (Normal) (G1 Evacuation Pause) 403M->128M(512M) 6.666ms
[2025-03-20T13:42:34.652+0000][7][gc,cpu      ] GC(27) User=0.02s Sys=0.00s Real=0.01s
[2025-03-20T13:42:34.652+0000][7][safepoint   ] Safepoint "G1CollectForAllocation", Time since last: 121997274 ns, Reaching safepoint: 135649 ns, At safepoint: 6771235 ns, Total: 6906884 ns
[2025-03-20T13:42:35.653+0000][7][safepoint   ] Safepoint "Cleanup", Time since last: 1000859069 ns, Reaching safepoint: 127813 ns, At safepoint: 16622 ns, Total: 144435 ns
[2025-03-20T13:42:37.654+0000][7][safepoint   ] Safepoint "Cleanup", Time since last: 2000907535 ns, Reaching safepoint: 130679 ns, At safepoint: 15289 ns, Total: 145968 ns
[2025-03-20T13:42:39.657+0000][7][safepoint   ] Safepoint "Cleanup", Time since last: 2002067396 ns, Reaching safepoint: 1030691 ns, At safepoint: 7254 ns, Total: 1037945 ns
[2025-03-20T13:42:40.658+0000][7][safepoint   ] Safepoint "Cleanup", Time since last: 1000920579 ns, Reaching safepoint: 261758 ns, At safepoint: 24828 ns, Total: 286586 ns
[2025-03-20T13:42:41.658+0000][7][safepoint   ] Safepoint "Cleanup", Time since last: 1000197588 ns, Reaching safepoint: 156218 ns, At safepoint: 6853 ns, Total: 163071 ns
[2025-03-20T13:42:42.659+0000][7][safepoint   ] Safepoint "Cleanup", Time since last: 1000263402 ns, Reaching safepoint: 172268 ns, At safepoint: 9849 ns, Total: 182117 ns
[2025-03-20T13:42:43.659+0000][7][safepoint   ] Safepoint "Cleanup", Time since last: 1000436820 ns, Reaching safepoint: 120209 ns, At safepoint: 4018 ns, Total: 124227 ns
[2025-03-20T13:42:44.660+0000][7][safepoint   ] Safepoint "Cleanup", Time since last: 1000602850 ns, Reaching safepoint: 86474 ns, At safepoint: 4248 ns, Total: 90722 ns
[2025-03-20T13:42:45.661+0000][7][safepoint   ] Safepoint "Cleanup", Time since last: 1000323050 ns, Reaching safepoint: 142662 ns, At safepoint: 4268 ns, Total: 146930 ns
[2025-03-20T13:42:46.661+0000][7][safepoint   ] Safepoint "Cleanup", Time since last: 1000240810 ns, Reaching safepoint: 79021 ns, At safepoint: 25668 ns, Total: 104689 ns
[2025-03-20T13:42:47.662+0000][7][safepoint   ] Safepoint "Cleanup", Time since last: 1001115467 ns, Reaching safepoint: 201872 ns, At safepoint: 24006 ns, Total: 225878 ns
[2025-03-20T13:42:49.664+0000][7][safepoint   ] Safepoint "Cleanup", Time since last: 2000755905 ns, Reaching safepoint: 1045872 ns, At safepoint: 30899 ns, Total: 1076771 ns
[2025-03-20T13:42:50.665+0000][7][safepoint   ] Safepoint "Cleanup", Time since last: 1000922967 ns, Reaching safepoint: 122424 ns, At safepoint: 18264 ns, Total: 140688 ns
[2025-03-20T13:42:51.665+0000][7][safepoint   ] Safepoint "Cleanup", Time since last: 1000130804 ns, Reaching safepoint: 154414 ns, At safepoint: 36118 ns, Total: 190532 ns
[2025-03-20T13:42:52.666+0000][7][safepoint   ] Safepoint "Cleanup", Time since last: 1000489896 ns, Reaching safepoint: 83409 ns, At safepoint: 3296 ns, Total: 86705 ns
[2025-03-20T13:42:53.667+0000][7][safepoint   ] Safepoint "Cleanup", Time since last: 1001148058 ns, Reaching safepoint: 202831 ns, At safepoint: 43533 ns, Total: 246364 ns
[2025-03-20T13:42:54.669+0000][7][safepoint   ] Safepoint "Cleanup", Time since last: 1000850917 ns, Reaching safepoint: 1012890 ns, At safepoint: 16341 ns, Total: 1029231 ns
[2025-03-20T13:42:55.670+0000][7][safepoint   ] Safepoint "Cleanup", Time since last: 1001048591 ns, Reaching safepoint: 68601 ns, At safepoint: 16942 ns, Total: 85543 ns
[2025-03-20T13:42:56.671+0000][7][safepoint   ] Safepoint "Cleanup", Time since last: 1000219287 ns, Reaching safepoint: 405101 ns, At safepoint: 37491 ns, Total: 442592 ns
[2025-03-20T13:42:57.673+0000][7][safepoint   ] Safepoint "Cleanup", Time since last: 1001132300 ns, Reaching safepoint: 1091912 ns, At safepoint: 18535 ns, Total: 1110447 ns
[2025-03-20T13:42:58.674+0000][7][safepoint   ] Safepoint "Cleanup", Time since last: 1001037478 ns, Reaching safepoint: 75715 ns, At safepoint: 6572 ns, Total: 82287 ns
[2025-03-20T13:42:59.676+0000][7][safepoint   ] Safepoint "Cleanup", Time since last: 1000765120 ns, Reaching safepoint: 270505 ns, At safepoint: 19046 ns, Total: 289551 ns
[2025-03-20T13:43:01.608+0000][7][safepoint   ] Safepoint "Cleanup", Time since last: 1932315776 ns, Reaching safepoint: 107134 ns, At safepoint: 11893 ns, Total: 119027 ns
[2025-03-20T13:43:01.788+0000][7][safepoint   ] Safepoint "ICBufferFull", Time since last: 179817836 ns, Reaching safepoint: 286337 ns, At safepoint: 68199 ns, Total: 354536 ns
[2025-03-20T13:43:01.791+0000][7][safepoint   ] Safepoint "ICBufferFull", Time since last: 1426387 ns, Reaching safepoint: 975427 ns, At safepoint: 41138 ns, Total: 1016565 ns
[2025-03-20T13:43:01.830+0000][7][safepoint   ] Safepoint "ICBufferFull", Time since last: 38243784 ns, Reaching safepoint: 810666 ns, At safepoint: 30258 ns, Total: 840924 ns
[2025-03-20T13:43:02.830+0000][7][safepoint   ] Safepoint "Cleanup", Time since last: 1000491937 ns, Reaching safepoint: 174963 ns, At safepoint: 15179 ns, Total: 190142 ns
[2025-03-20T13:43:03.831+0000][7][safepoint   ] Safepoint "Cleanup", Time since last: 1000481141 ns, Reaching safepoint: 88819 ns, At safepoint: 4008 ns, Total: 92827 ns
[2025-03-20T13:43:04.831+0000][7][safepoint   ] Safepoint "Cleanup", Time since last: 1000329118 ns, Reaching safepoint: 185724 ns, At safepoint: 4699 ns, Total: 190423 ns
[2025-03-20T13:43:05.832+0000][7][safepoint   ] Safepoint "Cleanup", Time since last: 1000715685 ns, Reaching safepoint: 93418 ns, At safepoint: 2856 ns, Total: 96274 ns
[2025-03-20T13:43:06.833+0000][7][safepoint   ] Safepoint "Cleanup", Time since last: 1001086360 ns, Reaching safepoint: 92967 ns, At safepoint: 3787 ns, Total: 96754 ns
[2025-03-20T13:43:07.834+0000][7][safepoint   ] Safepoint "Cleanup", Time since last: 1000659749 ns, Reaching safepoint: 88699 ns, At safepoint: 5821 ns, Total: 94520 ns
[2025-03-20T13:43:08.835+0000][7][safepoint   ] Safepoint "Cleanup", Time since last: 1000747293 ns, Reaching safepoint: 70965 ns, At safepoint: 6742 ns, Total: 77707 ns
[2025-03-20T13:43:09.836+0000][7][safepoint   ] Safepoint "Cleanup", Time since last: 1000816798 ns, Reaching safepoint: 258162 ns, At safepoint: 10800 ns, Total: 268962 ns
[2025-03-20T13:43:10.837+0000][7][safepoint   ] Safepoint "Cleanup", Time since last: 1000842236 ns, Reaching safepoint: 72589 ns, At safepoint: 3626 ns, Total: 76215 ns
[2025-03-20T13:43:11.838+0000][7][safepoint   ] Safepoint "Cleanup", Time since last: 1000868976 ns, Reaching safepoint: 78059 ns, At safepoint: 4098 ns, Total: 82157 ns
[2025-03-20T13:43:12.838+0000][7][safepoint   ] Safepoint "Cleanup", Time since last: 1000261983 ns, Reaching safepoint: 99048 ns, At safepoint: 8807 ns, Total: 107855 ns
[2025-03-20T13:43:13.794+0000][7][gc,start    ] GC(28) Pause Young (Normal) (G1 Evacuation Pause)
[2025-03-20T13:43:13.794+0000][7][gc,task     ] GC(28) Using 8 workers of 8 for evacuation
[2025-03-20T13:43:13.794+0000][7][gc,age      ] GC(28) Desired survivor size 20971520 bytes, new threshold 15 (max threshold 15)
[2025-03-20T13:43:13.801+0000][7][gc,age      ] GC(28) Age table with threshold 15 (max threshold 15)
[2025-03-20T13:43:13.801+0000][7][gc,age      ] GC(28) - age   1:    4155528 bytes,    4155528 total
[2025-03-20T13:43:13.801+0000][7][gc,age      ] GC(28) - age   2:      28432 bytes,    4183960 total
[2025-03-20T13:43:13.801+0000][7][gc,age      ] GC(28) - age   3:      18088 bytes,    4202048 total
[2025-03-20T13:43:13.801+0000][7][gc,age      ] GC(28) - age   4:      56760 bytes,    4258808 total
[2025-03-20T13:43:13.801+0000][7][gc,age      ] GC(28) - age   5:      45712 bytes,    4304520 total
[2025-03-20T13:43:13.801+0000][7][gc,age      ] GC(28) - age   6:     498352 bytes,    4802872 total
[2025-03-20T13:43:13.801+0000][7][gc,age      ] GC(28) - age   7:    7711840 bytes,   12514712 total
[2025-03-20T13:43:13.801+0000][7][gc,age      ] GC(28) - age   8:    2359136 bytes,   14873848 total
[2025-03-20T13:43:13.802+0000][7][gc,phases   ] GC(28)   Pre Evacuate Collection Set: 0.1ms
[2025-03-20T13:43:13.802+0000][7][gc,phases   ] GC(28)   Merge Heap Roots: 0.1ms
[2025-03-20T13:43:13.802+0000][7][gc,phases   ] GC(28)   Evacuate Collection Set: 5.5ms
[2025-03-20T13:43:13.802+0000][7][gc,phases   ] GC(28)   Post Evacuate Collection Set: 1.2ms
[2025-03-20T13:43:13.802+0000][7][gc,phases   ] GC(28)   Other: 0.2ms
[2025-03-20T13:43:13.802+0000][7][gc,heap     ] GC(28) Eden regions: 70->0(70)
[2025-03-20T13:43:13.802+0000][7][gc,heap     ] GC(28) Survivor regions: 4->4(10)
[2025-03-20T13:43:13.802+0000][7][gc,heap     ] GC(28) Old regions: 23->23
[2025-03-20T13:43:13.802+0000][7][gc,heap     ] GC(28) Archive regions: 2->2
[2025-03-20T13:43:13.802+0000][7][gc,heap     ] GC(28) Humongous regions: 5->5
[2025-03-20T13:43:13.802+0000][7][gc,metaspace] GC(28) Metaspace: 116007K(117696K)->116007K(117696K) NonClass: 100631K(101568K)->100631K(101568K) Class: 15376K(16128K)->15376K(16128K)
[2025-03-20T13:43:13.802+0000][7][gc          ] GC(28) Pause Young (Normal) (G1 Evacuation Pause) 408M->129M(512M) 7.296ms
[2025-03-20T13:43:13.802+0000][7][gc,cpu      ] GC(28) User=0.03s Sys=0.00s Real=0.01s
[2025-03-20T13:43:13.802+0000][7][safepoint   ] Safepoint "G1CollectForAllocation", Time since last: 955781874 ns, Reaching safepoint: 89320 ns, At safepoint: 7381814 ns, Total: 7471134 ns
[2025-03-20T13:43:14.802+0000][7][safepoint   ] Safepoint "Cleanup", Time since last: 1000241091 ns, Reaching safepoint: 122093 ns, At safepoint: 4268 ns, Total: 126361 ns
[2025-03-20T13:43:16.804+0000][7][safepoint   ] Safepoint "Cleanup", Time since last: 2001416454 ns, Reaching safepoint: 164242 ns, At safepoint: 14488 ns, Total: 178730 ns
[2025-03-20T13:43:17.804+0000][7][safepoint   ] Safepoint "Cleanup", Time since last: 1000364233 ns, Reaching safepoint: 122373 ns, At safepoint: 3828 ns, Total: 126201 ns
[2025-03-20T13:43:19.805+0000][7][safepoint   ] Safepoint "Cleanup", Time since last: 2000409759 ns, Reaching safepoint: 131220 ns, At safepoint: 5761 ns, Total: 136981 ns
[2025-03-20T13:43:20.806+0000][7][safepoint   ] Safepoint "Cleanup", Time since last: 1000965278 ns, Reaching safepoint: 115700 ns, At safepoint: 4048 ns, Total: 119748 ns
[2025-03-20T13:43:21.807+0000][7][safepoint   ] Safepoint "Cleanup", Time since last: 1000695239 ns, Reaching safepoint: 110140 ns, At safepoint: 5370 ns, Total: 115510 ns
[2025-03-20T13:43:22.807+0000][7][safepoint   ] Safepoint "Cleanup", Time since last: 1000561928 ns, Reaching safepoint: 131070 ns, At safepoint: 4899 ns, Total: 135969 ns
[2025-03-20T13:43:24.809+0000][7][safepoint   ] Safepoint "Cleanup", Time since last: 2001829499 ns, Reaching safepoint: 147591 ns, At safepoint: 6412 ns, Total: 154003 ns
[2025-03-20T13:43:25.810+0000][7][safepoint   ] Safepoint "Cleanup", Time since last: 1000950843 ns, Reaching safepoint: 85923 ns, At safepoint: 5891 ns, Total: 91814 ns
[2025-03-20T13:43:26.811+0000][7][safepoint   ] Safepoint "Cleanup", Time since last: 1000797054 ns, Reaching safepoint: 152060 ns, At safepoint: 4919 ns, Total: 156979 ns
[2025-03-20T13:43:28.812+0000][7][safepoint   ] Safepoint "Cleanup", Time since last: 2001033451 ns, Reaching safepoint: 107185 ns, At safepoint: 3466 ns, Total: 110651 ns
[2025-03-20T13:43:29.813+0000][7][safepoint   ] Safepoint "Cleanup", Time since last: 1000773215 ns, Reaching safepoint: 157881 ns, At safepoint: 5179 ns, Total: 163060 ns
[2025-03-20T13:43:31.815+0000][7][safepoint   ] Safepoint "Cleanup", Time since last: 2001505370 ns, Reaching safepoint: 180454 ns, At safepoint: 5581 ns, Total: 186035 ns
[2025-03-20T13:43:32.816+0000][7][safepoint   ] Safepoint "Cleanup", Time since last: 1000576689 ns, Reaching safepoint: 383514 ns, At safepoint: 7043 ns, Total: 390557 ns
[2025-03-20T13:43:34.817+0000][7][safepoint   ] Safepoint "Cleanup", Time since last: 2001371838 ns, Reaching safepoint: 87667 ns, At safepoint: 3917 ns, Total: 91584 ns
[2025-03-20T13:43:36.819+0000][7][safepoint   ] Safepoint "Cleanup", Time since last: 2001095278 ns, Reaching safepoint: 149615 ns, At safepoint: 4338 ns, Total: 153953 ns
[2025-03-20T13:43:37.819+0000][7][safepoint   ] Safepoint "Cleanup", Time since last: 1000431536 ns, Reaching safepoint: 68691 ns, At safepoint: 3918 ns, Total: 72609 ns
[2025-03-20T13:43:38.820+0000][7][safepoint   ] Safepoint "Cleanup", Time since last: 1000693854 ns, Reaching safepoint: 109689 ns, At safepoint: 4559 ns, Total: 114248 ns
[2025-03-20T13:43:39.820+0000][7][safepoint   ] Safepoint "Cleanup", Time since last: 1000284663 ns, Reaching safepoint: 111673 ns, At safepoint: 4569 ns, Total: 116242 ns
[2025-03-20T13:43:40.821+0000][7][safepoint   ] Safepoint "Cleanup", Time since last: 1000436602 ns, Reaching safepoint: 168723 ns, At safepoint: 33384 ns, Total: 202107 ns
[2025-03-20T13:43:41.822+0000][7][safepoint   ] Safepoint "Cleanup", Time since last: 1000718720 ns, Reaching safepoint: 115380 ns, At safepoint: 6833 ns, Total: 122213 ns
[2025-03-20T13:43:42.823+0000][7][safepoint   ] Safepoint "Cleanup", Time since last: 1000750731 ns, Reaching safepoint: 93989 ns, At safepoint: 4959 ns, Total: 98948 ns
[2025-03-20T13:43:43.823+0000][7][safepoint   ] Safepoint "Cleanup", Time since last: 1000414883 ns, Reaching safepoint: 181265 ns, At safepoint: 12744 ns, Total: 194009 ns
[2025-03-20T13:43:44.824+0000][7][safepoint   ] Safepoint "Cleanup", Time since last: 1000321764 ns, Reaching safepoint: 137552 ns, At safepoint: 6112 ns, Total: 143664 ns
[2025-03-20T13:43:46.825+0000][7][safepoint   ] Safepoint "Cleanup", Time since last: 2001219628 ns, Reaching safepoint: 120971 ns, At safepoint: 5059 ns, Total: 126030 ns
[2025-03-20T13:43:49.827+0000][7][safepoint   ] Safepoint "Cleanup", Time since last: 3001486638 ns, Reaching safepoint: 166107 ns, At safepoint: 13706 ns, Total: 179813 ns
[2025-03-20T13:43:51.828+0000][7][safepoint   ] Safepoint "Cleanup", Time since last: 2001046139 ns, Reaching safepoint: 176356 ns, At safepoint: 7945 ns, Total: 184301 ns
[2025-03-20T13:43:52.828+0000][7][safepoint   ] Safepoint "Cleanup", Time since last: 1000358242 ns, Reaching safepoint: 120539 ns, At safepoint: 3707 ns, Total: 124246 ns
[2025-03-20T13:43:53.829+0000][7][safepoint   ] Safepoint "Cleanup", Time since last: 1000710497 ns, Reaching safepoint: 182417 ns, At safepoint: 75204 ns, Total: 257621 ns
[2025-03-20T13:43:54.830+0000][7][safepoint   ] Safepoint "Cleanup", Time since last: 1000630503 ns, Reaching safepoint: 133314 ns, At safepoint: 5460 ns, Total: 138774 ns
[2025-03-20T13:43:55.323+0000][7][safepoint   ] Safepoint "ICBufferFull", Time since last: 492869781 ns, Reaching safepoint: 221696 ns, At safepoint: 5811 ns, Total: 227507 ns
[2025-03-20T13:43:55.434+0000][7][gc,start    ] GC(29) Pause Young (Normal) (G1 Evacuation Pause)
[2025-03-20T13:43:55.434+0000][7][gc,task     ] GC(29) Using 8 workers of 8 for evacuation
[2025-03-20T13:43:55.434+0000][7][gc,age      ] GC(29) Desired survivor size 20971520 bytes, new threshold 15 (max threshold 15)
[2025-03-20T13:43:55.442+0000][7][gc,age      ] GC(29) Age table with threshold 15 (max threshold 15)
[2025-03-20T13:43:55.442+0000][7][gc,age      ] GC(29) - age   1:    2281168 bytes,    2281168 total
[2025-03-20T13:43:55.442+0000][7][gc,age      ] GC(29) - age   2:    1872232 bytes,    4153400 total
[2025-03-20T13:43:55.442+0000][7][gc,age      ] GC(29) - age   3:      26128 bytes,    4179528 total
[2025-03-20T13:43:55.442+0000][7][gc,age      ] GC(29) - age   4:      17704 bytes,    4197232 total
[2025-03-20T13:43:55.442+0000][7][gc,age      ] GC(29) - age   5:      56696 bytes,    4253928 total
[2025-03-20T13:43:55.442+0000][7][gc,age      ] GC(29) - age   6:      42624 bytes,    4296552 total
[2025-03-20T13:43:55.442+0000][7][gc,age      ] GC(29) - age   7:     497728 bytes,    4794280 total
[2025-03-20T13:43:55.442+0000][7][gc,age      ] GC(29) - age   8:    7628704 bytes,   12422984 total
[2025-03-20T13:43:55.442+0000][7][gc,age      ] GC(29) - age   9:    2346896 bytes,   14769880 total
[2025-03-20T13:43:55.442+0000][7][gc,phases   ] GC(29)   Pre Evacuate Collection Set: 0.1ms
[2025-03-20T13:43:55.442+0000][7][gc,phases   ] GC(29)   Merge Heap Roots: 0.1ms
[2025-03-20T13:43:55.442+0000][7][gc,phases   ] GC(29)   Evacuate Collection Set: 6.3ms
[2025-03-20T13:43:55.442+0000][7][gc,phases   ] GC(29)   Post Evacuate Collection Set: 1.1ms
[2025-03-20T13:43:55.442+0000][7][gc,phases   ] GC(29)   Other: 0.3ms
[2025-03-20T13:43:55.442+0000][7][gc,heap     ] GC(29) Eden regions: 70->0(70)
[2025-03-20T13:43:55.442+0000][7][gc,heap     ] GC(29) Survivor regions: 4->4(10)
[2025-03-20T13:43:55.442+0000][7][gc,heap     ] GC(29) Old regions: 23->23
[2025-03-20T13:43:55.442+0000][7][gc,heap     ] GC(29) Archive regions: 2->2
[2025-03-20T13:43:55.442+0000][7][gc,heap     ] GC(29) Humongous regions: 5->5
[2025-03-20T13:43:55.442+0000][7][gc,metaspace] GC(29) Metaspace: 116485K(118208K)->116485K(118208K) NonClass: 101093K(102080K)->101093K(102080K) Class: 15391K(16128K)->15391K(16128K)
[2025-03-20T13:43:55.442+0000][7][gc          ] GC(29) Pause Young (Normal) (G1 Evacuation Pause) 409M->129M(512M) 7.900ms
[2025-03-20T13:43:55.442+0000][7][gc,cpu      ] GC(29) User=0.03s Sys=0.00s Real=0.01s
[2025-03-20T13:43:55.442+0000][7][safepoint   ] Safepoint "G1CollectForAllocation", Time since last: 110814482 ns, Reaching safepoint: 221107 ns, At safepoint: 7998396 ns, Total: 8219503 ns
[2025-03-20T13:43:56.109+0000][7][safepoint   ] Safepoint "ICBufferFull", Time since last: 666341441 ns, Reaching safepoint: 327674 ns, At safepoint: 21390 ns, Total: 349064 ns
[2025-03-20T13:43:57.110+0000][7][safepoint   ] Safepoint "Cleanup", Time since last: 1000695159 ns, Reaching safepoint: 168791 ns, At safepoint: 5661 ns, Total: 174452 ns
[2025-03-20T13:43:59.111+0000][7][safepoint   ] Safepoint "Cleanup", Time since last: 2000804135 ns, Reaching safepoint: 72588 ns, At safepoint: 3988 ns, Total: 76576 ns
[2025-03-20T13:44:00.112+0000][7][safepoint   ] Safepoint "Cleanup", Time since last: 1000797439 ns, Reaching safepoint: 222224 ns, At safepoint: 7384 ns, Total: 229608 ns
[2025-03-20T13:44:02.113+0000][7][safepoint   ] Safepoint "Cleanup", Time since last: 2001140936 ns, Reaching safepoint: 154714 ns, At safepoint: 4319 ns, Total: 159033 ns
[2025-03-20T13:44:03.114+0000][7][safepoint   ] Safepoint "Cleanup", Time since last: 1000751858 ns, Reaching safepoint: 77968 ns, At safepoint: 4259 ns, Total: 82227 ns
[2025-03-20T13:44:05.116+0000][7][safepoint   ] Safepoint "Cleanup", Time since last: 2001574860 ns, Reaching safepoint: 191645 ns, At safepoint: 6231 ns, Total: 197876 ns
[2025-03-20T13:44:06.117+0000][7][safepoint   ] Safepoint "Cleanup", Time since last: 1000997014 ns, Reaching safepoint: 185473 ns, At safepoint: 7013 ns, Total: 192486 ns
[2025-03-20T13:44:07.118+0000][7][safepoint   ] Safepoint "Cleanup", Time since last: 1001135455 ns, Reaching safepoint: 89450 ns, At safepoint: 4398 ns, Total: 93848 ns
[2025-03-20T13:44:08.119+0000][7][safepoint   ] Safepoint "Cleanup", Time since last: 1000498604 ns, Reaching safepoint: 187948 ns, At safepoint: 6062 ns, Total: 194010 ns
[2025-03-20T13:44:10.120+0000][7][safepoint   ] Safepoint "Cleanup", Time since last: 2001309816 ns, Reaching safepoint: 226571 ns, At safepoint: 7174 ns, Total: 233745 ns
[2025-03-20T13:44:11.122+0000][7][safepoint   ] Safepoint "Cleanup", Time since last: 1001000335 ns, Reaching safepoint: 157871 ns, At safepoint: 7093 ns, Total: 164964 ns
[2025-03-20T13:44:12.122+0000][7][safepoint   ] Safepoint "Cleanup", Time since last: 1000304316 ns, Reaching safepoint: 167178 ns, At safepoint: 7184 ns, Total: 174362 ns
[2025-03-20T13:44:13.123+0000][7][safepoint   ] Safepoint "Cleanup", Time since last: 1000982096 ns, Reaching safepoint: 126912 ns, At safepoint: 5691 ns, Total: 132603 ns
[2025-03-20T13:44:14.124+0000][7][safepoint   ] Safepoint "Cleanup", Time since last: 1001188215 ns, Reaching safepoint: 110751 ns, At safepoint: 5610 ns, Total: 116361 ns
[2025-03-20T13:44:15.125+0000][7][safepoint   ] Safepoint "Cleanup", Time since last: 1000341092 ns, Reaching safepoint: 138043 ns, At safepoint: 5881 ns, Total: 143924 ns
[2025-03-20T13:44:17.126+0000][7][safepoint   ] Safepoint "Cleanup", Time since last: 2000825879 ns, Reaching safepoint: 142120 ns, At safepoint: 5030 ns, Total: 147150 ns
[2025-03-20T13:44:18.126+0000][7][safepoint   ] Safepoint "Cleanup", Time since last: 1000258570 ns, Reaching safepoint: 91635 ns, At safepoint: 4088 ns, Total: 95723 ns
[2025-03-20T13:44:20.127+0000][7][safepoint   ] Safepoint "Cleanup", Time since last: 2000933877 ns, Reaching safepoint: 135579 ns, At safepoint: 4067 ns, Total: 139646 ns
[2025-03-20T13:44:21.128+0000][7][safepoint   ] Safepoint "Cleanup", Time since last: 1000517503 ns, Reaching safepoint: 94260 ns, At safepoint: 4558 ns, Total: 98818 ns
[2025-03-20T13:44:22.128+0000][7][safepoint   ] Safepoint "Cleanup", Time since last: 1000274737 ns, Reaching safepoint: 87717 ns, At safepoint: 4158 ns, Total: 91875 ns
[2025-03-20T13:44:23.129+0000][7][safepoint   ] Safepoint "Cleanup", Time since last: 1000700062 ns, Reaching safepoint: 107916 ns, At safepoint: 4759 ns, Total: 112675 ns
[2025-03-20T13:44:25.130+0000][7][safepoint   ] Safepoint "Cleanup", Time since last: 2000904781 ns, Reaching safepoint: 141740 ns, At safepoint: 4539 ns, Total: 146279 ns
[2025-03-20T13:44:26.131+0000][7][safepoint   ] Safepoint "Cleanup", Time since last: 1000558536 ns, Reaching safepoint: 119047 ns, At safepoint: 4468 ns, Total: 123515 ns
[2025-03-20T13:44:27.131+0000][7][safepoint   ] Safepoint "Cleanup", Time since last: 1000422072 ns, Reaching safepoint: 95341 ns, At safepoint: 4689 ns, Total: 100030 ns
[2025-03-20T13:44:29.132+0000][7][safepoint   ] Safepoint "Cleanup", Time since last: 2000944194 ns, Reaching safepoint: 149715 ns, At safepoint: 4579 ns, Total: 154294 ns
[2025-03-20T13:44:30.133+0000][7][safepoint   ] Safepoint "Cleanup", Time since last: 1000167182 ns, Reaching safepoint: 110691 ns, At safepoint: 4619 ns, Total: 115310 ns
[2025-03-20T13:44:31.573+0000][7][gc,start    ] GC(30) Pause Young (Normal) (G1 Evacuation Pause)
[2025-03-20T13:44:31.573+0000][7][gc,task     ] GC(30) Using 8 workers of 8 for evacuation
[2025-03-20T13:44:31.573+0000][7][gc,age      ] GC(30) Desired survivor size 20971520 bytes, new threshold 15 (max threshold 15)
[2025-03-20T13:44:31.579+0000][7][gc,age      ] GC(30) Age table with threshold 15 (max threshold 15)
[2025-03-20T13:44:31.579+0000][7][gc,age      ] GC(30) - age   1:     676336 bytes,     676336 total
[2025-03-20T13:44:31.579+0000][7][gc,age      ] GC(30) - age   2:     428808 bytes,    1105144 total
[2025-03-20T13:44:31.579+0000][7][gc,age      ] GC(30) - age   3:    1870680 bytes,    2975824 total
[2025-03-20T13:44:31.579+0000][7][gc,age      ] GC(30) - age   4:      25864 bytes,    3001688 total
[2025-03-20T13:44:31.579+0000][7][gc,age      ] GC(30) - age   5:      17704 bytes,    3019392 total
[2025-03-20T13:44:31.579+0000][7][gc,age      ] GC(30) - age   6:      56632 bytes,    3076024 total
[2025-03-20T13:44:31.579+0000][7][gc,age      ] GC(30) - age   7:      42488 bytes,    3118512 total
[2025-03-20T13:44:31.579+0000][7][gc,age      ] GC(30) - age   8:     497728 bytes,    3616240 total
[2025-03-20T13:44:31.579+0000][7][gc,age      ] GC(30) - age   9:    7627040 bytes,   11243280 total
[2025-03-20T13:44:31.579+0000][7][gc,age      ] GC(30) - age  10:    2346896 bytes,   13590176 total
[2025-03-20T13:44:31.579+0000][7][gc,phases   ] GC(30)   Pre Evacuate Collection Set: 0.1ms
[2025-03-20T13:44:31.579+0000][7][gc,phases   ] GC(30)   Merge Heap Roots: 0.1ms
[2025-03-20T13:44:31.579+0000][7][gc,phases   ] GC(30)   Evacuate Collection Set: 4.7ms
[2025-03-20T13:44:31.579+0000][7][gc,phases   ] GC(30)   Post Evacuate Collection Set: 1.1ms
[2025-03-20T13:44:31.579+0000][7][gc,phases   ] GC(30)   Other: 0.3ms
[2025-03-20T13:44:31.579+0000][7][gc,heap     ] GC(30) Eden regions: 70->0(70)
[2025-03-20T13:44:31.579+0000][7][gc,heap     ] GC(30) Survivor regions: 4->4(10)
[2025-03-20T13:44:31.579+0000][7][gc,heap     ] GC(30) Old regions: 23->23
[2025-03-20T13:44:31.579+0000][7][gc,heap     ] GC(30) Archive regions: 2->2
[2025-03-20T13:44:31.579+0000][7][gc,heap     ] GC(30) Humongous regions: 5->5
[2025-03-20T13:44:31.579+0000][7][gc,metaspace] GC(30) Metaspace: 116842K(118528K)->116842K(118528K) NonClass: 101450K(102400K)->101450K(102400K) Class: 15391K(16128K)->15391K(16128K)
[2025-03-20T13:44:31.579+0000][7][gc          ] GC(30) Pause Young (Normal) (G1 Evacuation Pause) 409M->128M(512M) 6.179ms
[2025-03-20T13:44:31.579+0000][7][gc,cpu      ] GC(30) User=0.02s Sys=0.00s Real=0.01s
[2025-03-20T13:44:31.579+0000][7][safepoint   ] Safepoint "G1CollectForAllocation", Time since last: 1439973885 ns, Reaching safepoint: 82447 ns, At safepoint: 6261422 ns, Total: 6343869 ns
[2025-03-20T13:44:32.579+0000][7][safepoint   ] Safepoint "Cleanup", Time since last: 1000182959 ns, Reaching safepoint: 166818 ns, At safepoint: 6112 ns, Total: 172930 ns
[2025-03-20T13:44:33.580+0000][7][safepoint   ] Safepoint "Cleanup", Time since last: 1000511332 ns, Reaching safepoint: 162119 ns, At safepoint: 4599 ns, Total: 166718 ns
[2025-03-20T13:44:34.581+0000][7][safepoint   ] Safepoint "Cleanup", Time since last: 1001110307 ns, Reaching safepoint: 97486 ns, At safepoint: 4318 ns, Total: 101804 ns
[2025-03-20T13:44:35.582+0000][7][safepoint   ] Safepoint "Cleanup", Time since last: 1000772161 ns, Reaching safepoint: 169383 ns, At safepoint: 9899 ns, Total: 179282 ns
[2025-03-20T13:44:37.584+0000][7][safepoint   ] Safepoint "Cleanup", Time since last: 2001510145 ns, Reaching safepoint: 97765 ns, At safepoint: 6854 ns, Total: 104619 ns
[2025-03-20T13:44:38.585+0000][7][safepoint   ] Safepoint "Cleanup", Time since last: 1000903222 ns, Reaching safepoint: 100962 ns, At safepoint: 3847 ns, Total: 104809 ns
[2025-03-20T13:44:39.586+0000][7][safepoint   ] Safepoint "Cleanup", Time since last: 1001101449 ns, Reaching safepoint: 88969 ns, At safepoint: 4088 ns, Total: 93057 ns
[2025-03-20T13:44:41.587+0000][7][safepoint   ] Safepoint "Cleanup", Time since last: 2000893528 ns, Reaching safepoint: 187467 ns, At safepoint: 4308 ns, Total: 191775 ns
[2025-03-20T13:44:42.588+0000][7][safepoint   ] Safepoint "Cleanup", Time since last: 1000280845 ns, Reaching safepoint: 137993 ns, At safepoint: 4138 ns, Total: 142131 ns
[2025-03-20T13:44:44.588+0000][7][safepoint   ] Safepoint "Cleanup", Time since last: 2000723613 ns, Reaching safepoint: 124016 ns, At safepoint: 4809 ns, Total: 128825 ns
[2025-03-20T13:44:47.590+0000][7][safepoint   ] Safepoint "Cleanup", Time since last: 3001227789 ns, Reaching safepoint: 101994 ns, At safepoint: 4408 ns, Total: 106402 ns
[2025-03-20T13:44:50.593+0000][7][safepoint   ] Safepoint "Cleanup", Time since last: 3002616295 ns, Reaching safepoint: 147871 ns, At safepoint: 4028 ns, Total: 151899 ns
[2025-03-20T13:44:51.593+0000][7][safepoint   ] Safepoint "Cleanup", Time since last: 1000240920 ns, Reaching safepoint: 79432 ns, At safepoint: 3827 ns, Total: 83259 ns
[2025-03-20T13:44:52.594+0000][7][safepoint   ] Safepoint "Cleanup", Time since last: 1000957281 ns, Reaching safepoint: 111553 ns, At safepoint: 5610 ns, Total: 117163 ns
[2025-03-20T13:44:53.594+0000][7][safepoint   ] Safepoint "Cleanup", Time since last: 1000106921 ns, Reaching safepoint: 103588 ns, At safepoint: 4418 ns, Total: 108006 ns
[2025-03-20T13:44:54.595+0000][7][safepoint   ] Safepoint "Cleanup", Time since last: 1000861733 ns, Reaching safepoint: 140537 ns, At safepoint: 4849 ns, Total: 145386 ns
[2025-03-20T13:44:55.597+0000][7][safepoint   ] Safepoint "Cleanup", Time since last: 1000978741 ns, Reaching safepoint: 629629 ns, At safepoint: 29166 ns, Total: 658795 ns
[2025-03-20T13:44:56.598+0000][7][safepoint   ] Safepoint "Cleanup", Time since last: 1000794762 ns, Reaching safepoint: 176295 ns, At safepoint: 7525 ns, Total: 183820 ns
[2025-03-20T13:44:57.598+0000][7][safepoint   ] Safepoint "Cleanup", Time since last: 1000507189 ns, Reaching safepoint: 74492 ns, At safepoint: 3777 ns, Total: 78269 ns
[2025-03-20T13:44:59.600+0000][7][safepoint   ] Safepoint "Cleanup", Time since last: 2001607085 ns, Reaching safepoint: 72668 ns, At safepoint: 3537 ns, Total: 76205 ns
[2025-03-20T13:45:01.601+0000][7][safepoint   ] Safepoint "Cleanup", Time since last: 2000953970 ns, Reaching safepoint: 110270 ns, At safepoint: 3076 ns, Total: 113346 ns
[2025-03-20T13:45:02.602+0000][7][safepoint   ] Safepoint "Cleanup", Time since last: 1000378703 ns, Reaching safepoint: 108877 ns, At safepoint: 4779 ns, Total: 113656 ns
[2025-03-20T13:45:04.604+0000][7][safepoint   ] Safepoint "Cleanup", Time since last: 2001837043 ns, Reaching safepoint: 133996 ns, At safepoint: 6071 ns, Total: 140067 ns
[2025-03-20T13:45:05.604+0000][7][safepoint   ] Safepoint "Cleanup", Time since last: 1000336540 ns, Reaching safepoint: 172668 ns, At safepoint: 9929 ns, Total: 182597 ns
[2025-03-20T13:45:06.605+0000][7][safepoint   ] Safepoint "Cleanup", Time since last: 1000972745 ns, Reaching safepoint: 73821 ns, At safepoint: 3466 ns, Total: 77287 ns
[2025-03-20T13:45:07.606+0000][7][safepoint   ] Safepoint "Cleanup", Time since last: 1000678655 ns, Reaching safepoint: 81615 ns, At safepoint: 3898 ns, Total: 85513 ns
[2025-03-20T13:45:08.606+0000][7][safepoint   ] Safepoint "Cleanup", Time since last: 1000200577 ns, Reaching safepoint: 108176 ns, At safepoint: 6302 ns, Total: 114478 ns
[2025-03-20T13:45:09.607+0000][7][safepoint   ] Safepoint "Cleanup", Time since last: 1000843477 ns, Reaching safepoint: 90151 ns, At safepoint: 4719 ns, Total: 94870 ns
[2025-03-20T13:45:11.609+0000][7][safepoint   ] Safepoint "Cleanup", Time since last: 2001306702 ns, Reaching safepoint: 139576 ns, At safepoint: 4699 ns, Total: 144275 ns
[2025-03-20T13:45:12.609+0000][7][safepoint   ] Safepoint "Cleanup", Time since last: 1000765993 ns, Reaching safepoint: 82758 ns, At safepoint: 3787 ns, Total: 86545 ns
[2025-03-20T13:45:14.611+0000][7][safepoint   ] Safepoint "Cleanup", Time since last: 2000902679 ns, Reaching safepoint: 196664 ns, At safepoint: 7294 ns, Total: 203958 ns
[2025-03-20T13:45:17.351+0000][7][gc,start    ] GC(31) Pause Young (Normal) (G1 Evacuation Pause)
[2025-03-20T13:45:17.351+0000][7][gc,task     ] GC(31) Using 8 workers of 8 for evacuation
[2025-03-20T13:45:17.351+0000][7][gc,age      ] GC(31) Desired survivor size 20971520 bytes, new threshold 15 (max threshold 15)
[2025-03-20T13:45:17.359+0000][7][gc,age      ] GC(31) Age table with threshold 15 (max threshold 15)
[2025-03-20T13:45:17.359+0000][7][gc,age      ] GC(31) - age   1:    1823696 bytes,    1823696 total
[2025-03-20T13:45:17.359+0000][7][gc,age      ] GC(31) - age   2:     406920 bytes,    2230616 total
[2025-03-20T13:45:17.359+0000][7][gc,age      ] GC(31) - age   3:     424952 bytes,    2655568 total
[2025-03-20T13:45:17.359+0000][7][gc,age      ] GC(31) - age   4:    1870112 bytes,    4525680 total
[2025-03-20T13:45:17.359+0000][7][gc,age      ] GC(31) - age   5:      25568 bytes,    4551248 total
[2025-03-20T13:45:17.359+0000][7][gc,age      ] GC(31) - age   6:      17704 bytes,    4568952 total
[2025-03-20T13:45:17.359+0000][7][gc,age      ] GC(31) - age   7:      56632 bytes,    4625584 total
[2025-03-20T13:45:17.359+0000][7][gc,age      ] GC(31) - age   8:      42488 bytes,    4668072 total
[2025-03-20T13:45:17.359+0000][7][gc,age      ] GC(31) - age   9:     491240 bytes,    5159312 total
[2025-03-20T13:45:17.359+0000][7][gc,age      ] GC(31) - age  10:    7412728 bytes,   12572040 total
[2025-03-20T13:45:17.359+0000][7][gc,age      ] GC(31) - age  11:    2290792 bytes,   14862832 total
[2025-03-20T13:45:17.359+0000][7][gc,phases   ] GC(31)   Pre Evacuate Collection Set: 0.1ms
[2025-03-20T13:45:17.359+0000][7][gc,phases   ] GC(31)   Merge Heap Roots: 0.1ms
[2025-03-20T13:45:17.359+0000][7][gc,phases   ] GC(31)   Evacuate Collection Set: 6.1ms
[2025-03-20T13:45:17.359+0000][7][gc,phases   ] GC(31)   Post Evacuate Collection Set: 1.9ms
[2025-03-20T13:45:17.359+0000][7][gc,phases   ] GC(31)   Other: 0.3ms
[2025-03-20T13:45:17.359+0000][7][gc,heap     ] GC(31) Eden regions: 70->0(70)
[2025-03-20T13:45:17.359+0000][7][gc,heap     ] GC(31) Survivor regions: 4->4(10)
[2025-03-20T13:45:17.359+0000][7][gc,heap     ] GC(31) Old regions: 23->23
[2025-03-20T13:45:17.359+0000][7][gc,heap     ] GC(31) Archive regions: 2->2
[2025-03-20T13:45:17.359+0000][7][gc,heap     ] GC(31) Humongous regions: 5->5
[2025-03-20T13:45:17.359+0000][7][gc,metaspace] GC(31) Metaspace: 117155K(118848K)->117155K(118848K) NonClass: 101763K(102720K)->101763K(102720K) Class: 15391K(16128K)->15391K(16128K)
[2025-03-20T13:45:17.359+0000][7][gc          ] GC(31) Pause Young (Normal) (G1 Evacuation Pause) 408M->130M(512M) 8.540ms
[2025-03-20T13:45:17.359+0000][7][gc,cpu      ] GC(31) User=0.03s Sys=0.00s Real=0.01s
[2025-03-20T13:45:17.359+0000][7][safepoint   ] Safepoint "G1CollectForAllocation", Time since last: 2739995747 ns, Reaching safepoint: 144655 ns, At safepoint: 8629576 ns, Total: 8774231 ns
[2025-03-20T13:45:19.361+0000][7][safepoint   ] Safepoint "Cleanup", Time since last: 2001407535 ns, Reaching safepoint: 189521 ns, At safepoint: 7354 ns, Total: 196875 ns
[2025-03-20T13:45:20.362+0000][7][safepoint   ] Safepoint "Cleanup", Time since last: 1000697339 ns, Reaching safepoint: 141870 ns, At safepoint: 5260 ns, Total: 147130 ns
[2025-03-20T13:45:21.362+0000][7][safepoint   ] Safepoint "Cleanup", Time since last: 1000509925 ns, Reaching safepoint: 132291 ns, At safepoint: 5591 ns, Total: 137882 ns
[2025-03-20T13:45:22.365+0000][7][safepoint   ] Safepoint "Cleanup", Time since last: 1002233555 ns, Reaching safepoint: 290163 ns, At safepoint: 8316 ns, Total: 298479 ns
[2025-03-20T13:45:23.366+0000][7][safepoint   ] Safepoint "Cleanup", Time since last: 1000923764 ns, Reaching safepoint: 157309 ns, At safepoint: 4509 ns, Total: 161818 ns
[2025-03-20T13:45:24.366+0000][7][safepoint   ] Safepoint "Cleanup", Time since last: 1000240598 ns, Reaching safepoint: 92897 ns, At safepoint: 4098 ns, Total: 96995 ns
[2025-03-20T13:45:25.367+0000][7][safepoint   ] Safepoint "Cleanup", Time since last: 1000107030 ns, Reaching safepoint: 89260 ns, At safepoint: 4117 ns, Total: 93377 ns
[2025-03-20T13:45:26.367+0000][7][safepoint   ] Safepoint "Cleanup", Time since last: 1000327259 ns, Reaching safepoint: 108516 ns, At safepoint: 4699 ns, Total: 113215 ns
[2025-03-20T13:45:27.367+0000][7][safepoint   ] Safepoint "Cleanup", Time since last: 1000131280 ns, Reaching safepoint: 170034 ns, At safepoint: 6422 ns, Total: 176456 ns
[2025-03-20T13:45:29.369+0000][7][safepoint   ] Safepoint "Cleanup", Time since last: 2001555428 ns, Reaching safepoint: 161748 ns, At safepoint: 5050 ns, Total: 166798 ns
[2025-03-20T13:45:32.376+0000][7][safepoint   ] Safepoint "Cleanup", Time since last: 3007014657 ns, Reaching safepoint: 94971 ns, At safepoint: 4308 ns, Total: 99279 ns
[2025-03-20T13:45:34.378+0000][7][safepoint   ] Safepoint "Cleanup", Time since last: 2001602506 ns, Reaching safepoint: 87737 ns, At safepoint: 4449 ns, Total: 92186 ns
[2025-03-20T13:45:35.378+0000][7][safepoint   ] Safepoint "Cleanup", Time since last: 1000423617 ns, Reaching safepoint: 101834 ns, At safepoint: 5200 ns, Total: 107034 ns
[2025-03-20T13:45:37.379+0000][7][safepoint   ] Safepoint "Cleanup", Time since last: 2000924157 ns, Reaching safepoint: 77026 ns, At safepoint: 3647 ns, Total: 80673 ns
[2025-03-20T13:45:38.380+0000][7][safepoint   ] Safepoint "Cleanup", Time since last: 1000839168 ns, Reaching safepoint: 93969 ns, At safepoint: 4218 ns, Total: 98187 ns
[2025-03-20T13:45:39.381+0000][7][safepoint   ] Safepoint "Cleanup", Time since last: 1000482365 ns, Reaching safepoint: 99419 ns, At safepoint: 3858 ns, Total: 103277 ns
[2025-03-20T13:45:41.382+0000][7][safepoint   ] Safepoint "Cleanup", Time since last: 2001004763 ns, Reaching safepoint: 126420 ns, At safepoint: 3888 ns, Total: 130308 ns
[2025-03-20T13:45:42.382+0000][7][safepoint   ] Safepoint "Cleanup", Time since last: 1000179634 ns, Reaching safepoint: 161368 ns, At safepoint: 5350 ns, Total: 166718 ns
[2025-03-20T13:45:44.384+0000][7][safepoint   ] Safepoint "Cleanup", Time since last: 2000972777 ns, Reaching safepoint: 102736 ns, At safepoint: 3978 ns, Total: 106714 ns
[2025-03-20T13:45:45.385+0000][7][safepoint   ] Safepoint "Cleanup", Time since last: 1001119629 ns, Reaching safepoint: 77758 ns, At safepoint: 3607 ns, Total: 81365 ns
[2025-03-20T13:45:47.386+0000][7][safepoint   ] Safepoint "Cleanup", Time since last: 2001213272 ns, Reaching safepoint: 91154 ns, At safepoint: 4137 ns, Total: 95291 ns
[2025-03-20T13:45:50.388+0000][7][safepoint   ] Safepoint "Cleanup", Time since last: 3002075089 ns, Reaching safepoint: 105892 ns, At safepoint: 4509 ns, Total: 110401 ns
[2025-03-20T13:45:52.390+0000][7][safepoint   ] Safepoint "Cleanup", Time since last: 2001275144 ns, Reaching safepoint: 103373 ns, At safepoint: 12855 ns, Total: 116228 ns
[2025-03-20T13:45:54.391+0000][7][safepoint   ] Safepoint "Cleanup", Time since last: 2001641556 ns, Reaching safepoint: 81846 ns, At safepoint: 4569 ns, Total: 86415 ns
[2025-03-20T13:45:55.392+0000][7][safepoint   ] Safepoint "Cleanup", Time since last: 1000284389 ns, Reaching safepoint: 94881 ns, At safepoint: 5771 ns, Total: 100652 ns
[2025-03-20T13:45:56.393+0000][7][safepoint   ] Safepoint "Cleanup", Time since last: 1000722969 ns, Reaching safepoint: 84682 ns, At safepoint: 4078 ns, Total: 88760 ns
[2025-03-20T13:45:56.622+0000][7][gc,start    ] GC(32) Pause Young (Normal) (G1 Evacuation Pause)
[2025-03-20T13:45:56.622+0000][7][gc,task     ] GC(32) Using 8 workers of 8 for evacuation
[2025-03-20T13:45:56.622+0000][7][gc,age      ] GC(32) Desired survivor size 20971520 bytes, new threshold 15 (max threshold 15)
[2025-03-20T13:45:56.632+0000][7][gc,age      ] GC(32) Age table with threshold 15 (max threshold 15)
[2025-03-20T13:45:56.632+0000][7][gc,age      ] GC(32) - age   1:     662288 bytes,     662288 total
[2025-03-20T13:45:56.632+0000][7][gc,age      ] GC(32) - age   2:      11944 bytes,     674232 total
[2025-03-20T13:45:56.632+0000][7][gc,age      ] GC(32) - age   3:     253384 bytes,     927616 total
[2025-03-20T13:45:56.632+0000][7][gc,age      ] GC(32) - age   4:     424048 bytes,    1351664 total
[2025-03-20T13:45:56.632+0000][7][gc,age      ] GC(32) - age   5:    1870080 bytes,    3221744 total
[2025-03-20T13:45:56.632+0000][7][gc,age      ] GC(32) - age   6:      25272 bytes,    3247016 total
[2025-03-20T13:45:56.632+0000][7][gc,age      ] GC(32) - age   7:      17704 bytes,    3264720 total
[2025-03-20T13:45:56.632+0000][7][gc,age      ] GC(32) - age   8:      56632 bytes,    3321352 total
[2025-03-20T13:45:56.632+0000][7][gc,age      ] GC(32) - age   9:      42488 bytes,    3363840 total
[2025-03-20T13:45:56.632+0000][7][gc,age      ] GC(32) - age  10:     491240 bytes,    3855080 total
[2025-03-20T13:45:56.632+0000][7][gc,age      ] GC(32) - age  11:    7412488 bytes,   11267568 total
[2025-03-20T13:45:56.632+0000][7][gc,age      ] GC(32) - age  12:    2290792 bytes,   13558360 total
[2025-03-20T13:45:56.632+0000][7][gc,phases   ] GC(32)   Pre Evacuate Collection Set: 0.1ms
[2025-03-20T13:45:56.633+0000][7][gc,phases   ] GC(32)   Merge Heap Roots: 0.1ms
[2025-03-20T13:45:56.633+0000][7][gc,phases   ] GC(32)   Evacuate Collection Set: 8.6ms
[2025-03-20T13:45:56.633+0000][7][gc,phases   ] GC(32)   Post Evacuate Collection Set: 1.4ms
[2025-03-20T13:45:56.633+0000][7][gc,phases   ] GC(32)   Other: 0.3ms
[2025-03-20T13:45:56.633+0000][7][gc,heap     ] GC(32) Eden regions: 70->0(70)
[2025-03-20T13:45:56.633+0000][7][gc,heap     ] GC(32) Survivor regions: 4->4(10)
[2025-03-20T13:45:56.633+0000][7][gc,heap     ] GC(32) Old regions: 23->23
[2025-03-20T13:45:56.633+0000][7][gc,heap     ] GC(32) Archive regions: 2->2
[2025-03-20T13:45:56.633+0000][7][gc,heap     ] GC(32) Humongous regions: 5->5
[2025-03-20T13:45:56.633+0000][7][gc,metaspace] GC(32) Metaspace: 117276K(118976K)->117276K(118976K) NonClass: 101884K(102848K)->101884K(102848K) Class: 15391K(16128K)->15391K(16128K)
[2025-03-20T13:45:56.633+0000][7][gc          ] GC(32) Pause Young (Normal) (G1 Evacuation Pause) 410M->128M(512M) 10.509ms
[2025-03-20T13:45:56.633+0000][7][gc,cpu      ] GC(32) User=0.02s Sys=0.01s Real=0.01s
[2025-03-20T13:45:56.633+0000][7][safepoint   ] Safepoint "G1CollectForAllocation", Time since last: 229436553 ns, Reaching safepoint: 66857 ns, At safepoint: 10617994 ns, Total: 10684851 ns
[2025-03-20T13:45:57.633+0000][7][safepoint   ] Safepoint "Cleanup", Time since last: 1000332806 ns, Reaching safepoint: 77909 ns, At safepoint: 3847 ns, Total: 81756 ns
[2025-03-20T13:45:59.634+0000][7][safepoint   ] Safepoint "Cleanup", Time since last: 2000919208 ns, Reaching safepoint: 77928 ns, At safepoint: 3968 ns, Total: 81896 ns
[2025-03-20T13:46:01.636+0000][7][safepoint   ] Safepoint "Cleanup", Time since last: 2001500460 ns, Reaching safepoint: 139595 ns, At safepoint: 5150 ns, Total: 144745 ns
[2025-03-20T13:46:02.637+0000][7][safepoint   ] Safepoint "Cleanup", Time since last: 1001146095 ns, Reaching safepoint: 145667 ns, At safepoint: 5460 ns, Total: 151127 ns
[2025-03-20T13:46:04.638+0000][7][safepoint   ] Safepoint "Cleanup", Time since last: 2000629856 ns, Reaching safepoint: 171227 ns, At safepoint: 8105 ns, Total: 179332 ns
[2025-03-20T13:46:05.639+0000][7][safepoint   ] Safepoint "Cleanup", Time since last: 1000663375 ns, Reaching safepoint: 147171 ns, At safepoint: 7043 ns, Total: 154214 ns
[2025-03-20T13:46:07.640+0000][7][safepoint   ] Safepoint "Cleanup", Time since last: 2001384443 ns, Reaching safepoint: 107936 ns, At safepoint: 6702 ns, Total: 114638 ns
[2025-03-20T13:46:08.641+0000][7][safepoint   ] Safepoint "Cleanup", Time since last: 1000589872 ns, Reaching safepoint: 99289 ns, At safepoint: 5301 ns, Total: 104590 ns
[2025-03-20T13:46:09.642+0000][7][safepoint   ] Safepoint "Cleanup", Time since last: 1000828920 ns, Reaching safepoint: 83469 ns, At safepoint: 3878 ns, Total: 87347 ns
[2025-03-20T13:46:11.643+0000][7][safepoint   ] Safepoint "Cleanup", Time since last: 2001460118 ns, Reaching safepoint: 76656 ns, At safepoint: 3617 ns, Total: 80273 ns
[2025-03-20T13:46:12.644+0000][7][safepoint   ] Safepoint "Cleanup", Time since last: 1000735531 ns, Reaching safepoint: 86656 ns, At safepoint: 4929 ns, Total: 91585 ns
[2025-03-20T13:46:14.534+0000][7][safepoint   ] Safepoint "Cleanup", Time since last: 1889498371 ns, Reaching safepoint: 706747 ns, At safepoint: 34826 ns, Total: 741573 ns
[2025-03-20T13:46:15.535+0000][7][safepoint   ] Safepoint "Cleanup", Time since last: 1000355690 ns, Reaching safepoint: 191993 ns, At safepoint: 18004 ns, Total: 209997 ns
[2025-03-20T13:46:17.536+0000][7][safepoint   ] Safepoint "Cleanup", Time since last: 2001323145 ns, Reaching safepoint: 166627 ns, At safepoint: 5400 ns, Total: 172027 ns
[2025-03-20T13:46:18.537+0000][7][safepoint   ] Safepoint "Cleanup", Time since last: 1000985301 ns, Reaching safepoint: 75534 ns, At safepoint: 5851 ns, Total: 81385 ns
[2025-03-20T13:46:19.539+0000][7][safepoint   ] Safepoint "Cleanup", Time since last: 1001220947 ns, Reaching safepoint: 125348 ns, At safepoint: 4459 ns, Total: 129807 ns
[2025-03-20T13:46:20.540+0000][7][safepoint   ] Safepoint "Cleanup", Time since last: 1000928020 ns, Reaching safepoint: 107044 ns, At safepoint: 4719 ns, Total: 111763 ns
[2025-03-20T13:46:21.541+0000][7][safepoint   ] Safepoint "Cleanup", Time since last: 1001110601 ns, Reaching safepoint: 80283 ns, At safepoint: 3346 ns, Total: 83629 ns
[2025-03-20T13:46:22.542+0000][7][safepoint   ] Safepoint "Cleanup", Time since last: 1000640532 ns, Reaching safepoint: 99660 ns, At safepoint: 7424 ns, Total: 107084 ns
[2025-03-20T13:46:24.543+0000][7][safepoint   ] Safepoint "Cleanup", Time since last: 2001313189 ns, Reaching safepoint: 97827 ns, At safepoint: 4548 ns, Total: 102375 ns
[2025-03-20T13:46:25.544+0000][7][safepoint   ] Safepoint "Cleanup", Time since last: 1000661632 ns, Reaching safepoint: 89300 ns, At safepoint: 5100 ns, Total: 94400 ns
[2025-03-20T13:46:26.766+0000][7][safepoint   ] Safepoint "Cleanup", Time since last: 1222135088 ns, Reaching safepoint: 113957 ns, At safepoint: 4528 ns, Total: 118485 ns
[2025-03-20T13:46:27.767+0000][7][safepoint   ] Safepoint "Cleanup", Time since last: 1000484703 ns, Reaching safepoint: 83088 ns, At safepoint: 3767 ns, Total: 86855 ns
[2025-03-20T13:46:28.768+0000][7][safepoint   ] Safepoint "Cleanup", Time since last: 1000261644 ns, Reaching safepoint: 1129106 ns, At safepoint: 17513 ns, Total: 1146619 ns
[2025-03-20T13:46:29.769+0000][7][safepoint   ] Safepoint "Cleanup", Time since last: 1000981937 ns, Reaching safepoint: 135949 ns, At safepoint: 4468 ns, Total: 140417 ns
[2025-03-20T13:46:31.771+0000][7][safepoint   ] Safepoint "Cleanup", Time since last: 2001791803 ns, Reaching safepoint: 143042 ns, At safepoint: 31971 ns, Total: 175013 ns
[2025-03-20T13:46:32.772+0000][7][safepoint   ] Safepoint "Cleanup", Time since last: 1000987345 ns, Reaching safepoint: 117443 ns, At safepoint: 3677 ns, Total: 121120 ns
[2025-03-20T13:46:34.774+0000][7][safepoint   ] Safepoint "Cleanup", Time since last: 2001563368 ns, Reaching safepoint: 75965 ns, At safepoint: 6012 ns, Total: 81977 ns
[2025-03-20T13:46:36.776+0000][7][safepoint   ] Safepoint "Cleanup", Time since last: 2001697367 ns, Reaching safepoint: 77217 ns, At safepoint: 17253 ns, Total: 94470 ns
[2025-03-20T13:46:37.776+0000][7][safepoint   ] Safepoint "Cleanup", Time since last: 1000347596 ns, Reaching safepoint: 83719 ns, At safepoint: 11973 ns, Total: 95692 ns
[2025-03-20T13:46:38.777+0000][7][safepoint   ] Safepoint "Cleanup", Time since last: 1000154548 ns, Reaching safepoint: 96394 ns, At safepoint: 4308 ns, Total: 100702 ns
[2025-03-20T13:46:40.286+0000][7][safepoint   ] Safepoint "Cleanup", Time since last: 1508916517 ns, Reaching safepoint: 150777 ns, At safepoint: 5090 ns, Total: 155867 ns
[2025-03-20T13:46:41.286+0000][7][safepoint   ] Safepoint "Cleanup", Time since last: 1000362721 ns, Reaching safepoint: 98828 ns, At safepoint: 4669 ns, Total: 103497 ns
[2025-03-20T13:46:42.287+0000][7][safepoint   ] Safepoint "Cleanup", Time since last: 1000492626 ns, Reaching safepoint: 112594 ns, At safepoint: 4649 ns, Total: 117243 ns
[2025-03-20T13:46:43.772+0000][7][gc,start    ] GC(33) Pause Young (Normal) (G1 Evacuation Pause)
[2025-03-20T13:46:43.772+0000][7][gc,task     ] GC(33) Using 8 workers of 8 for evacuation
[2025-03-20T13:46:43.772+0000][7][gc,age      ] GC(33) Desired survivor size 20971520 bytes, new threshold 15 (max threshold 15)
[2025-03-20T13:46:43.781+0000][7][gc,age      ] GC(33) Age table with threshold 15 (max threshold 15)
[2025-03-20T13:46:43.781+0000][7][gc,age      ] GC(33) - age   1:    1577456 bytes,    1577456 total
[2025-03-20T13:46:43.781+0000][7][gc,age      ] GC(33) - age   2:      10000 bytes,    1587456 total
[2025-03-20T13:46:43.781+0000][7][gc,age      ] GC(33) - age   3:       9192 bytes,    1596648 total
[2025-03-20T13:46:43.781+0000][7][gc,age      ] GC(33) - age   4:     252576 bytes,    1849224 total
[2025-03-20T13:46:43.781+0000][7][gc,age      ] GC(33) - age   5:     424048 bytes,    2273272 total
[2025-03-20T13:46:43.781+0000][7][gc,age      ] GC(33) - age   6:    1870080 bytes,    4143352 total
[2025-03-20T13:46:43.781+0000][7][gc,age      ] GC(33) - age   7:      25208 bytes,    4168560 total
[2025-03-20T13:46:43.781+0000][7][gc,age      ] GC(33) - age   8:      17704 bytes,    4186264 total
[2025-03-20T13:46:43.781+0000][7][gc,age      ] GC(33) - age   9:      56632 bytes,    4242896 total
[2025-03-20T13:46:43.781+0000][7][gc,age      ] GC(33) - age  10:      41160 bytes,    4284056 total
[2025-03-20T13:46:43.781+0000][7][gc,age      ] GC(33) - age  11:     491104 bytes,    4775160 total
[2025-03-20T13:46:43.781+0000][7][gc,age      ] GC(33) - age  12:    7412448 bytes,   12187608 total
[2025-03-20T13:46:43.781+0000][7][gc,age      ] GC(33) - age  13:    2290792 bytes,   14478400 total
[2025-03-20T13:46:43.781+0000][7][gc,phases   ] GC(33)   Pre Evacuate Collection Set: 0.1ms
[2025-03-20T13:46:43.781+0000][7][gc,phases   ] GC(33)   Merge Heap Roots: 0.1ms
[2025-03-20T13:46:43.781+0000][7][gc,phases   ] GC(33)   Evacuate Collection Set: 6.0ms
[2025-03-20T13:46:43.781+0000][7][gc,phases   ] GC(33)   Post Evacuate Collection Set: 1.8ms
[2025-03-20T13:46:43.781+0000][7][gc,phases   ] GC(33)   Other: 0.2ms
[2025-03-20T13:46:43.781+0000][7][gc,heap     ] GC(33) Eden regions: 70->0(70)
[2025-03-20T13:46:43.781+0000][7][gc,heap     ] GC(33) Survivor regions: 4->4(10)
[2025-03-20T13:46:43.781+0000][7][gc,heap     ] GC(33) Old regions: 23->23
[2025-03-20T13:46:43.781+0000][7][gc,heap     ] GC(33) Archive regions: 2->2
[2025-03-20T13:46:43.781+0000][7][gc,heap     ] GC(33) Humongous regions: 5->5
[2025-03-20T13:46:43.781+0000][7][gc,metaspace] GC(33) Metaspace: 117498K(119232K)->117498K(119232K) NonClass: 102104K(103104K)->102104K(103104K) Class: 15393K(16128K)->15393K(16128K)
[2025-03-20T13:46:43.781+0000][7][gc          ] GC(33) Pause Young (Normal) (G1 Evacuation Pause) 408M->129M(512M) 8.315ms
[2025-03-20T13:46:43.781+0000][7][gc,cpu      ] GC(33) User=0.03s Sys=0.00s Real=0.01s
[2025-03-20T13:46:43.781+0000][7][safepoint   ] Safepoint "G1CollectForAllocation", Time since last: 1485624219 ns, Reaching safepoint: 54524 ns, At safepoint: 8408850 ns, Total: 8463374 ns
[2025-03-20T13:46:44.781+0000][7][safepoint   ] Safepoint "Cleanup", Time since last: 1000408574 ns, Reaching safepoint: 200081 ns, At safepoint: 6713 ns, Total: 206794 ns
[2025-03-20T13:46:46.783+0000][7][safepoint   ] Safepoint "Cleanup", Time since last: 2001284060 ns, Reaching safepoint: 123385 ns, At safepoint: 4659 ns, Total: 128044 ns
[2025-03-20T13:46:49.785+0000][7][safepoint   ] Safepoint "Cleanup", Time since last: 3001588066 ns, Reaching safepoint: 102075 ns, At safepoint: 3707 ns, Total: 105782 ns
[2025-03-20T13:46:50.785+0000][7][safepoint   ] Safepoint "Cleanup", Time since last: 1000307117 ns, Reaching safepoint: 178820 ns, At safepoint: 5250 ns, Total: 184070 ns
[2025-03-20T13:46:51.786+0000][7][safepoint   ] Safepoint "Cleanup", Time since last: 1000393344 ns, Reaching safepoint: 123996 ns, At safepoint: 4619 ns, Total: 128615 ns
[2025-03-20T13:46:52.786+0000][7][safepoint   ] Safepoint "Cleanup", Time since last: 1000537524 ns, Reaching safepoint: 307145 ns, At safepoint: 16331 ns, Total: 323476 ns
[2025-03-20T13:46:53.787+0000][7][safepoint   ] Safepoint "Cleanup", Time since last: 1000918190 ns, Reaching safepoint: 112614 ns, At safepoint: 4118 ns, Total: 116732 ns
[2025-03-20T13:46:54.788+0000][7][safepoint   ] Safepoint "Cleanup", Time since last: 1000487340 ns, Reaching safepoint: 116388 ns, At safepoint: 7283 ns, Total: 123671 ns
[2025-03-20T13:46:55.789+0000][7][safepoint   ] Safepoint "Cleanup", Time since last: 1000774451 ns, Reaching safepoint: 65365 ns, At safepoint: 5210 ns, Total: 70575 ns
[2025-03-20T13:46:56.790+0000][7][safepoint   ] Safepoint "Cleanup", Time since last: 1000962427 ns, Reaching safepoint: 80784 ns, At safepoint: 4598 ns, Total: 85382 ns
[2025-03-20T13:46:58.791+0000][7][safepoint   ] Safepoint "Cleanup", Time since last: 2000854723 ns, Reaching safepoint: 85393 ns, At safepoint: 4990 ns, Total: 90383 ns
[2025-03-20T13:46:59.792+0000][7][safepoint   ] Safepoint "Cleanup", Time since last: 1000737878 ns, Reaching safepoint: 89741 ns, At safepoint: 6392 ns, Total: 96133 ns
[2025-03-20T13:47:01.793+0000][7][safepoint   ] Safepoint "Cleanup", Time since last: 2001598264 ns, Reaching safepoint: 95883 ns, At safepoint: 4128 ns, Total: 100011 ns
[2025-03-20T13:47:02.794+0000][7][safepoint   ] Safepoint "Cleanup", Time since last: 1000698772 ns, Reaching safepoint: 75794 ns, At safepoint: 3447 ns, Total: 79241 ns
[2025-03-20T13:47:04.795+0000][7][safepoint   ] Safepoint "Cleanup", Time since last: 2000756808 ns, Reaching safepoint: 75203 ns, At safepoint: 3296 ns, Total: 78499 ns
[2025-03-20T13:47:05.796+0000][7][safepoint   ] Safepoint "Cleanup", Time since last: 1000627629 ns, Reaching safepoint: 92396 ns, At safepoint: 4318 ns, Total: 96714 ns
[2025-03-20T13:47:06.796+0000][7][safepoint   ] Safepoint "Cleanup", Time since last: 1000377318 ns, Reaching safepoint: 83399 ns, At safepoint: 3767 ns, Total: 87166 ns
[2025-03-20T13:47:07.797+0000][7][safepoint   ] Safepoint "Cleanup", Time since last: 1000307430 ns, Reaching safepoint: 87486 ns, At safepoint: 6792 ns, Total: 94278 ns
[2025-03-20T13:47:08.798+0000][7][safepoint   ] Safepoint "Cleanup", Time since last: 1000799055 ns, Reaching safepoint: 98577 ns, At safepoint: 4218 ns, Total: 102795 ns
[2025-03-20T13:47:09.798+0000][7][safepoint   ] Safepoint "Cleanup", Time since last: 1000513981 ns, Reaching safepoint: 136159 ns, At safepoint: 5070 ns, Total: 141229 ns
[2025-03-20T13:47:10.799+0000][7][safepoint   ] Safepoint "Cleanup", Time since last: 1000279748 ns, Reaching safepoint: 99910 ns, At safepoint: 3827 ns, Total: 103737 ns
[2025-03-20T13:47:11.799+0000][7][safepoint   ] Safepoint "Cleanup", Time since last: 1000557553 ns, Reaching safepoint: 99169 ns, At safepoint: 3988 ns, Total: 103157 ns
[2025-03-20T13:47:12.800+0000][7][safepoint   ] Safepoint "Cleanup", Time since last: 1000494620 ns, Reaching safepoint: 113226 ns, At safepoint: 5059 ns, Total: 118285 ns
[2025-03-20T13:47:13.801+0000][7][safepoint   ] Safepoint "Cleanup", Time since last: 1000719023 ns, Reaching safepoint: 115440 ns, At safepoint: 3827 ns, Total: 119267 ns
[2025-03-20T13:47:14.801+0000][7][safepoint   ] Safepoint "Cleanup", Time since last: 1000516876 ns, Reaching safepoint: 146198 ns, At safepoint: 5831 ns, Total: 152029 ns
[2025-03-20T13:47:16.802+0000][7][safepoint   ] Safepoint "Cleanup", Time since last: 2000787224 ns, Reaching safepoint: 95983 ns, At safepoint: 3998 ns, Total: 99981 ns
[2025-03-20T13:47:17.803+0000][7][safepoint   ] Safepoint "Cleanup", Time since last: 1000228564 ns, Reaching safepoint: 167349 ns, At safepoint: 5911 ns, Total: 173260 ns
[2025-03-20T13:47:18.804+0000][7][safepoint   ] Safepoint "Cleanup", Time since last: 1000999007 ns, Reaching safepoint: 136069 ns, At safepoint: 4849 ns, Total: 140918 ns
[2025-03-20T13:47:19.154+0000][7][safepoint   ] Safepoint "ICBufferFull", Time since last: 349677671 ns, Reaching safepoint: 94039 ns, At safepoint: 3847 ns, Total: 97886 ns
[2025-03-20T13:47:19.337+0000][7][safepoint   ] Safepoint "ICBufferFull", Time since last: 183143434 ns, Reaching safepoint: 89982 ns, At safepoint: 3426 ns, Total: 93408 ns
[2025-03-20T13:47:19.376+0000][7][safepoint   ] Safepoint "ICBufferFull", Time since last: 38802517 ns, Reaching safepoint: 84692 ns, At safepoint: 3707 ns, Total: 88399 ns
[2025-03-20T13:47:19.390+0000][7][gc,start    ] GC(34) Pause Young (Normal) (G1 Evacuation Pause)
[2025-03-20T13:47:19.390+0000][7][gc,task     ] GC(34) Using 8 workers of 8 for evacuation
[2025-03-20T13:47:19.390+0000][7][gc,age      ] GC(34) Desired survivor size 20971520 bytes, new threshold 15 (max threshold 15)
[2025-03-20T13:47:19.399+0000][7][gc,age      ] GC(34) Age table with threshold 15 (max threshold 15)
[2025-03-20T13:47:19.399+0000][7][gc,age      ] GC(34) - age   1:    1601072 bytes,    1601072 total
[2025-03-20T13:47:19.399+0000][7][gc,age      ] GC(34) - age   2:     208400 bytes,    1809472 total
[2025-03-20T13:47:19.399+0000][7][gc,age      ] GC(34) - age   3:       7624 bytes,    1817096 total
[2025-03-20T13:47:19.399+0000][7][gc,age      ] GC(34) - age   4:       8744 bytes,    1825840 total
[2025-03-20T13:47:19.399+0000][7][gc,age      ] GC(34) - age   5:     251904 bytes,    2077744 total
[2025-03-20T13:47:19.399+0000][7][gc,age      ] GC(34) - age   6:     422472 bytes,    2500216 total
[2025-03-20T13:47:19.399+0000][7][gc,age      ] GC(34) - age   7:    1869608 bytes,    4369824 total
[2025-03-20T13:47:19.399+0000][7][gc,age      ] GC(34) - age   8:      25208 bytes,    4395032 total
[2025-03-20T13:47:19.399+0000][7][gc,age      ] GC(34) - age   9:      17640 bytes,    4412672 total
[2025-03-20T13:47:19.399+0000][7][gc,age      ] GC(34) - age  10:      56408 bytes,    4469080 total
[2025-03-20T13:47:19.399+0000][7][gc,age      ] GC(34) - age  11:      40664 bytes,    4509744 total
[2025-03-20T13:47:19.399+0000][7][gc,age      ] GC(34) - age  12:     491104 bytes,    5000848 total
[2025-03-20T13:47:19.399+0000][7][gc,age      ] GC(34) - age  13:    7412448 bytes,   12413296 total
[2025-03-20T13:47:19.399+0000][7][gc,age      ] GC(34) - age  14:    2290792 bytes,   14704088 total
[2025-03-20T13:47:19.399+0000][7][gc,phases   ] GC(34)   Pre Evacuate Collection Set: 0.1ms
[2025-03-20T13:47:19.399+0000][7][gc,phases   ] GC(34)   Merge Heap Roots: 0.2ms
[2025-03-20T13:47:19.399+0000][7][gc,phases   ] GC(34)   Evacuate Collection Set: 6.6ms
[2025-03-20T13:47:19.399+0000][7][gc,phases   ] GC(34)   Post Evacuate Collection Set: 2.3ms
[2025-03-20T13:47:19.399+0000][7][gc,phases   ] GC(34)   Other: 0.3ms
[2025-03-20T13:47:19.399+0000][7][gc,heap     ] GC(34) Eden regions: 70->0(70)
[2025-03-20T13:47:19.399+0000][7][gc,heap     ] GC(34) Survivor regions: 4->4(10)
[2025-03-20T13:47:19.399+0000][7][gc,heap     ] GC(34) Old regions: 23->23
[2025-03-20T13:47:19.399+0000][7][gc,heap     ] GC(34) Archive regions: 2->2
[2025-03-20T13:47:19.399+0000][7][gc,heap     ] GC(34) Humongous regions: 5->5
[2025-03-20T13:47:19.399+0000][7][gc,metaspace] GC(34) Metaspace: 117710K(119360K)->117710K(119360K) NonClass: 102299K(103232K)->102299K(103232K) Class: 15410K(16128K)->15410K(16128K)
[2025-03-20T13:47:19.399+0000][7][gc          ] GC(34) Pause Young (Normal) (G1 Evacuation Pause) 409M->129M(512M) 9.483ms
[2025-03-20T13:47:19.399+0000][7][gc,cpu      ] GC(34) User=0.02s Sys=0.01s Real=0.01s
[2025-03-20T13:47:19.399+0000][7][safepoint   ] Safepoint "G1CollectForAllocation", Time since last: 13942833 ns, Reaching safepoint: 85012 ns, At safepoint: 9596216 ns, Total: 9681228 ns
[2025-03-20T13:47:19.439+0000][7][safepoint   ] Safepoint "ICBufferFull", Time since last: 39254097 ns, Reaching safepoint: 75273 ns, At safepoint: 4058 ns, Total: 79331 ns
[2025-03-20T13:47:19.483+0000][7][safepoint   ] Safepoint "ICBufferFull", Time since last: 44383250 ns, Reaching safepoint: 111833 ns, At safepoint: 4368 ns, Total: 116201 ns
[2025-03-20T13:47:19.522+0000][7][safepoint   ] Safepoint "ICBufferFull", Time since last: 38992113 ns, Reaching safepoint: 130769 ns, At safepoint: 4879 ns, Total: 135648 ns
[2025-03-20T13:47:19.637+0000][7][safepoint   ] Safepoint "ICBufferFull", Time since last: 114192770 ns, Reaching safepoint: 110731 ns, At safepoint: 5691 ns, Total: 116422 ns
[2025-03-20T13:47:20.637+0000][7][safepoint   ] Safepoint "Cleanup", Time since last: 1000097495 ns, Reaching safepoint: 164173 ns, At safepoint: 3857 ns, Total: 168030 ns
[2025-03-20T13:47:21.637+0000][7][safepoint   ] Safepoint "Cleanup", Time since last: 1000469191 ns, Reaching safepoint: 65826 ns, At safepoint: 4107 ns, Total: 69933 ns
[2025-03-20T13:47:22.638+0000][7][safepoint   ] Safepoint "Cleanup", Time since last: 1000501495 ns, Reaching safepoint: 139185 ns, At safepoint: 6613 ns, Total: 145798 ns
[2025-03-20T13:47:23.639+0000][7][safepoint   ] Safepoint "Cleanup", Time since last: 1000609187 ns, Reaching safepoint: 149365 ns, At safepoint: 3947 ns, Total: 153312 ns
[2025-03-20T13:47:24.639+0000][7][safepoint   ] Safepoint "Cleanup", Time since last: 1000447314 ns, Reaching safepoint: 89891 ns, At safepoint: 3998 ns, Total: 93889 ns
[2025-03-20T13:47:25.640+0000][7][safepoint   ] Safepoint "Cleanup", Time since last: 1000573354 ns, Reaching safepoint: 83348 ns, At safepoint: 4138 ns, Total: 87486 ns
[2025-03-20T13:47:26.641+0000][7][safepoint   ] Safepoint "Cleanup", Time since last: 1000436300 ns, Reaching safepoint: 99961 ns, At safepoint: 4428 ns, Total: 104389 ns
[2025-03-20T13:47:27.641+0000][7][safepoint   ] Safepoint "Cleanup", Time since last: 1000478145 ns, Reaching safepoint: 109779 ns, At safepoint: 4358 ns, Total: 114137 ns
[2025-03-20T13:47:29.642+0000][7][safepoint   ] Safepoint "Cleanup", Time since last: 2000676956 ns, Reaching safepoint: 89811 ns, At safepoint: 3837 ns, Total: 93648 ns
[2025-03-20T13:47:30.643+0000][7][safepoint   ] Safepoint "Cleanup", Time since last: 1000957663 ns, Reaching safepoint: 94039 ns, At safepoint: 4699 ns, Total: 98738 ns
[2025-03-20T13:47:32.645+0000][7][safepoint   ] Safepoint "Cleanup", Time since last: 2001834311 ns, Reaching safepoint: 134506 ns, At safepoint: 5190 ns, Total: 139696 ns
[2025-03-20T13:47:34.646+0000][7][safepoint   ] Safepoint "Cleanup", Time since last: 2001240199 ns, Reaching safepoint: 164944 ns, At safepoint: 6642 ns, Total: 171586 ns
[2025-03-20T13:47:35.648+0000][7][safepoint   ] Safepoint "Cleanup", Time since last: 1001039485 ns, Reaching safepoint: 203979 ns, At safepoint: 6943 ns, Total: 210922 ns
[2025-03-20T13:47:37.649+0000][7][safepoint   ] Safepoint "Cleanup", Time since last: 2001193601 ns, Reaching safepoint: 150223 ns, At safepoint: 7945 ns, Total: 158168 ns
[2025-03-20T13:47:38.650+0000][7][safepoint   ] Safepoint "Cleanup", Time since last: 1000722401 ns, Reaching safepoint: 190823 ns, At safepoint: 6673 ns, Total: 197496 ns
[2025-03-20T13:47:39.651+0000][7][safepoint   ] Safepoint "Cleanup", Time since last: 1000972065 ns, Reaching safepoint: 94239 ns, At safepoint: 4288 ns, Total: 98527 ns
[2025-03-20T13:47:40.852+0000][7][gc,start    ] GC(35) Pause Young (Normal) (G1 Evacuation Pause)
[2025-03-20T13:47:40.852+0000][7][gc,task     ] GC(35) Using 8 workers of 8 for evacuation
[2025-03-20T13:47:40.852+0000][7][gc,age      ] GC(35) Desired survivor size 20971520 bytes, new threshold 15 (max threshold 15)
[2025-03-20T13:47:40.859+0000][7][gc,age      ] GC(35) Age table with threshold 15 (max threshold 15)
[2025-03-20T13:47:40.859+0000][7][gc,age      ] GC(35) - age   1:    3435752 bytes,    3435752 total
[2025-03-20T13:47:40.859+0000][7][gc,age      ] GC(35) - age   2:     400432 bytes,    3836184 total
[2025-03-20T13:47:40.859+0000][7][gc,age      ] GC(35) - age   3:     189496 bytes,    4025680 total
[2025-03-20T13:47:40.859+0000][7][gc,age      ] GC(35) - age   4:       7096 bytes,    4032776 total
[2025-03-20T13:47:40.859+0000][7][gc,age      ] GC(35) - age   5:       8320 bytes,    4041096 total
[2025-03-20T13:47:40.859+0000][7][gc,age      ] GC(35) - age   6:     238384 bytes,    4279480 total
[2025-03-20T13:47:40.859+0000][7][gc,age      ] GC(35) - age   7:     379000 bytes,    4658480 total
[2025-03-20T13:47:40.859+0000][7][gc,age      ] GC(35) - age   8:    1810216 bytes,    6468696 total
[2025-03-20T13:47:40.859+0000][7][gc,age      ] GC(35) - age   9:      25208 bytes,    6493904 total
[2025-03-20T13:47:40.859+0000][7][gc,age      ] GC(35) - age  10:      17640 bytes,    6511544 total
[2025-03-20T13:47:40.859+0000][7][gc,age      ] GC(35) - age  11:      56408 bytes,    6567952 total
[2025-03-20T13:47:40.859+0000][7][gc,age      ] GC(35) - age  12:      40664 bytes,    6608616 total
[2025-03-20T13:47:40.859+0000][7][gc,age      ] GC(35) - age  13:     490992 bytes,    7099608 total
[2025-03-20T13:47:40.859+0000][7][gc,age      ] GC(35) - age  14:    7412304 bytes,   14511912 total
[2025-03-20T13:47:40.859+0000][7][gc,age      ] GC(35) - age  15:    2290648 bytes,   16802560 total
[2025-03-20T13:47:40.859+0000][7][gc,phases   ] GC(35)   Pre Evacuate Collection Set: 0.1ms
[2025-03-20T13:47:40.859+0000][7][gc,phases   ] GC(35)   Merge Heap Roots: 0.1ms
[2025-03-20T13:47:40.859+0000][7][gc,phases   ] GC(35)   Evacuate Collection Set: 6.0ms
[2025-03-20T13:47:40.859+0000][7][gc,phases   ] GC(35)   Post Evacuate Collection Set: 1.4ms
[2025-03-20T13:47:40.859+0000][7][gc,phases   ] GC(35)   Other: 0.3ms
[2025-03-20T13:47:40.859+0000][7][gc,heap     ] GC(35) Eden regions: 70->0(68)
[2025-03-20T13:47:40.859+0000][7][gc,heap     ] GC(35) Survivor regions: 4->5(10)
[2025-03-20T13:47:40.859+0000][7][gc,heap     ] GC(35) Old regions: 23->23
[2025-03-20T13:47:40.859+0000][7][gc,heap     ] GC(35) Archive regions: 2->2
[2025-03-20T13:47:40.859+0000][7][gc,heap     ] GC(35) Humongous regions: 5->5
[2025-03-20T13:47:40.859+0000][7][gc,metaspace] GC(35) Metaspace: 118023K(119680K)->118023K(119680K) NonClass: 102591K(103552K)->102591K(103552K) Class: 15431K(16128K)->15431K(16128K)
[2025-03-20T13:47:40.859+0000][7][gc          ] GC(35) Pause Young (Normal) (G1 Evacuation Pause) 409M->132M(512M) 7.890ms
[2025-03-20T13:47:40.859+0000][7][gc,cpu      ] GC(35) User=0.03s Sys=0.01s Real=0.01s
[2025-03-20T13:47:40.859+0000][7][safepoint   ] Safepoint "G1CollectForAllocation", Time since last: 1200431634 ns, Reaching safepoint: 124427 ns, At safepoint: 7977749 ns, Total: 8102176 ns
[2025-03-20T13:47:41.860+0000][7][safepoint   ] Safepoint "Cleanup", Time since last: 1000686292 ns, Reaching safepoint: 112394 ns, At safepoint: 4869 ns, Total: 117263 ns
[2025-03-20T13:47:42.861+0000][7][safepoint   ] Safepoint "Cleanup", Time since last: 1000445870 ns, Reaching safepoint: 179341 ns, At safepoint: 7845 ns, Total: 187186 ns
[2025-03-20T13:47:43.862+0000][7][safepoint   ] Safepoint "Cleanup", Time since last: 1000609080 ns, Reaching safepoint: 93157 ns, At safepoint: 3196 ns, Total: 96353 ns
[2025-03-20T13:47:44.862+0000][7][safepoint   ] Safepoint "Cleanup", Time since last: 1000525131 ns, Reaching safepoint: 119317 ns, At safepoint: 6342 ns, Total: 125659 ns
[2025-03-20T13:47:46.864+0000][7][safepoint   ] Safepoint "Cleanup", Time since last: 2001862321 ns, Reaching safepoint: 132542 ns, At safepoint: 4879 ns, Total: 137421 ns
[2025-03-20T13:47:47.865+0000][7][safepoint   ] Safepoint "Cleanup", Time since last: 1000312747 ns, Reaching safepoint: 148092 ns, At safepoint: 6373 ns, Total: 154465 ns
[2025-03-20T13:47:49.866+0000][7][safepoint   ] Safepoint "Cleanup", Time since last: 2001343265 ns, Reaching safepoint: 157279 ns, At safepoint: 3858 ns, Total: 161137 ns
[2025-03-20T13:47:50.867+0000][7][safepoint   ] Safepoint "Cleanup", Time since last: 1000480947 ns, Reaching safepoint: 161608 ns, At safepoint: 5741 ns, Total: 167349 ns
[2025-03-20T13:47:51.867+0000][7][safepoint   ] Safepoint "Cleanup", Time since last: 1000248942 ns, Reaching safepoint: 158922 ns, At safepoint: 5220 ns, Total: 164142 ns
[2025-03-20T13:47:52.868+0000][7][safepoint   ] Safepoint "Cleanup", Time since last: 1000769709 ns, Reaching safepoint: 90833 ns, At safepoint: 3306 ns, Total: 94139 ns
[2025-03-20T13:47:54.869+0000][7][safepoint   ] Safepoint "Cleanup", Time since last: 2000411799 ns, Reaching safepoint: 227012 ns, At safepoint: 8737 ns, Total: 235749 ns
[2025-03-20T13:47:56.789+0000][7][safepoint   ] Safepoint "Cleanup", Time since last: 1920191966 ns, Reaching safepoint: 198649 ns, At safepoint: 7204 ns, Total: 205853 ns
[2025-03-20T13:47:57.790+0000][7][safepoint   ] Safepoint "Cleanup", Time since last: 1000589901 ns, Reaching safepoint: 100051 ns, At safepoint: 3917 ns, Total: 103968 ns
[2025-03-20T13:47:58.790+0000][7][safepoint   ] Safepoint "Cleanup", Time since last: 1000306165 ns, Reaching safepoint: 165385 ns, At safepoint: 4990 ns, Total: 170375 ns
[2025-03-20T13:47:59.791+0000][7][safepoint   ] Safepoint "Cleanup", Time since last: 1000663958 ns, Reaching safepoint: 139375 ns, At safepoint: 5771 ns, Total: 145146 ns
[2025-03-20T13:48:01.792+0000][7][safepoint   ] Safepoint "Cleanup", Time since last: 2001080224 ns, Reaching safepoint: 178370 ns, At safepoint: 23334 ns, Total: 201704 ns
[2025-03-20T13:48:02.793+0000][7][safepoint   ] Safepoint "Cleanup", Time since last: 1000234248 ns, Reaching safepoint: 106533 ns, At safepoint: 4077 ns, Total: 110610 ns
[2025-03-20T13:48:03.794+0000][7][safepoint   ] Safepoint "Cleanup", Time since last: 1000617149 ns, Reaching safepoint: 169082 ns, At safepoint: 4909 ns, Total: 173991 ns
[2025-03-20T13:48:04.794+0000][7][safepoint   ] Safepoint "Cleanup", Time since last: 1000815732 ns, Reaching safepoint: 101633 ns, At safepoint: 3507 ns, Total: 105140 ns
[2025-03-20T13:48:07.797+0000][7][safepoint   ] Safepoint "Cleanup", Time since last: 3001372644 ns, Reaching safepoint: 831354 ns, At safepoint: 29606 ns, Total: 860960 ns
[2025-03-20T13:48:08.797+0000][7][safepoint   ] Safepoint "Cleanup", Time since last: 1000639628 ns, Reaching safepoint: 101704 ns, At safepoint: 4358 ns, Total: 106062 ns
[2025-03-20T13:48:09.799+0000][7][safepoint   ] Safepoint "Cleanup", Time since last: 1001066493 ns, Reaching safepoint: 131601 ns, At safepoint: 5490 ns, Total: 137091 ns
[2025-03-20T13:48:10.799+0000][7][safepoint   ] Safepoint "Cleanup", Time since last: 1000395968 ns, Reaching safepoint: 181376 ns, At safepoint: 22373 ns, Total: 203749 ns
[2025-03-20T13:48:12.800+0000][7][safepoint   ] Safepoint "Cleanup", Time since last: 2000704704 ns, Reaching safepoint: 115430 ns, At safepoint: 4759 ns, Total: 120189 ns
[2025-03-20T13:48:13.801+0000][7][safepoint   ] Safepoint "Cleanup", Time since last: 1000876743 ns, Reaching safepoint: 141540 ns, At safepoint: 4068 ns, Total: 145608 ns
[2025-03-20T13:48:14.801+0000][7][safepoint   ] Safepoint "Cleanup", Time since last: 1000206865 ns, Reaching safepoint: 117984 ns, At safepoint: 9468 ns, Total: 127452 ns
[2025-03-20T13:48:16.804+0000][7][safepoint   ] Safepoint "Cleanup", Time since last: 2001881749 ns, Reaching safepoint: 1052896 ns, At safepoint: 25258 ns, Total: 1078154 ns
[2025-03-20T13:48:17.805+0000][7][safepoint   ] Safepoint "Cleanup", Time since last: 1000112625 ns, Reaching safepoint: 167008 ns, At safepoint: 6933 ns, Total: 173941 ns
[2025-03-20T13:48:19.799+0000][7][gc,start    ] GC(36) Pause Young (Normal) (G1 Evacuation Pause)
[2025-03-20T13:48:19.799+0000][7][gc,task     ] GC(36) Using 8 workers of 8 for evacuation
[2025-03-20T13:48:19.799+0000][7][gc,age      ] GC(36) Desired survivor size 20971520 bytes, new threshold 15 (max threshold 15)
[2025-03-20T13:48:19.806+0000][7][gc,age      ] GC(36) Age table with threshold 15 (max threshold 15)
[2025-03-20T13:48:19.806+0000][7][gc,age      ] GC(36) - age   1:    2941272 bytes,    2941272 total
[2025-03-20T13:48:19.806+0000][7][gc,age      ] GC(36) - age   2:     769272 bytes,    3710544 total
[2025-03-20T13:48:19.806+0000][7][gc,age      ] GC(36) - age   3:     397496 bytes,    4108040 total
[2025-03-20T13:48:19.806+0000][7][gc,age      ] GC(36) - age   4:      11240 bytes,    4119280 total
[2025-03-20T13:48:19.806+0000][7][gc,age      ] GC(36) - age   5:       6848 bytes,    4126128 total
[2025-03-20T13:48:19.806+0000][7][gc,age      ] GC(36) - age   6:       8320 bytes,    4134448 total
[2025-03-20T13:48:19.806+0000][7][gc,age      ] GC(36) - age   7:     237904 bytes,    4372352 total
[2025-03-20T13:48:19.806+0000][7][gc,age      ] GC(36) - age   8:     271504 bytes,    4643856 total
[2025-03-20T13:48:19.806+0000][7][gc,age      ] GC(36) - age   9:    1757824 bytes,    6401680 total
[2025-03-20T13:48:19.806+0000][7][gc,age      ] GC(36) - age  10:      25208 bytes,    6426888 total
[2025-03-20T13:48:19.806+0000][7][gc,age      ] GC(36) - age  11:      17640 bytes,    6444528 total
[2025-03-20T13:48:19.806+0000][7][gc,age      ] GC(36) - age  12:      56408 bytes,    6500936 total
[2025-03-20T13:48:19.806+0000][7][gc,age      ] GC(36) - age  13:      40664 bytes,    6541600 total
[2025-03-20T13:48:19.806+0000][7][gc,age      ] GC(36) - age  14:     490992 bytes,    7032592 total
[2025-03-20T13:48:19.806+0000][7][gc,age      ] GC(36) - age  15:    7399408 bytes,   14432000 total
[2025-03-20T13:48:19.806+0000][7][gc,phases   ] GC(36)   Pre Evacuate Collection Set: 0.1ms
[2025-03-20T13:48:19.806+0000][7][gc,phases   ] GC(36)   Merge Heap Roots: 0.1ms
[2025-03-20T13:48:19.806+0000][7][gc,phases   ] GC(36)   Evacuate Collection Set: 5.7ms
[2025-03-20T13:48:19.806+0000][7][gc,phases   ] GC(36)   Post Evacuate Collection Set: 1.4ms
[2025-03-20T13:48:19.806+0000][7][gc,phases   ] GC(36)   Other: 0.3ms
[2025-03-20T13:48:19.806+0000][7][gc,heap     ] GC(36) Eden regions: 68->0(69)
[2025-03-20T13:48:19.806+0000][7][gc,heap     ] GC(36) Survivor regions: 5->4(10)
[2025-03-20T13:48:19.806+0000][7][gc,heap     ] GC(36) Old regions: 23->24
[2025-03-20T13:48:19.806+0000][7][gc,heap     ] GC(36) Archive regions: 2->2
[2025-03-20T13:48:19.806+0000][7][gc,heap     ] GC(36) Humongous regions: 5->5
[2025-03-20T13:48:19.806+0000][7][gc,metaspace] GC(36) Metaspace: 118296K(120000K)->118296K(120000K) NonClass: 102820K(103744K)->102820K(103744K) Class: 15475K(16256K)->15475K(16256K)
[2025-03-20T13:48:19.806+0000][7][gc          ] GC(36) Pause Young (Normal) (G1 Evacuation Pause) 404M->131M(512M) 7.641ms
[2025-03-20T13:48:19.806+0000][7][gc,cpu      ] GC(36) User=0.03s Sys=0.00s Real=0.01s
[2025-03-20T13:48:19.807+0000][7][safepoint   ] Safepoint "G1CollectForAllocation", Time since last: 1993956174 ns, Reaching safepoint: 122323 ns, At safepoint: 7722026 ns, Total: 7844349 ns
[2025-03-20T13:48:20.807+0000][7][safepoint   ] Safepoint "Cleanup", Time since last: 1000157025 ns, Reaching safepoint: 163322 ns, At safepoint: 6612 ns, Total: 169934 ns
[2025-03-20T13:48:21.808+0000][7][safepoint   ] Safepoint "Cleanup", Time since last: 1000569006 ns, Reaching safepoint: 114548 ns, At safepoint: 5781 ns, Total: 120329 ns
[2025-03-20T13:48:22.809+0000][7][safepoint   ] Safepoint "Cleanup", Time since last: 1001126546 ns, Reaching safepoint: 126211 ns, At safepoint: 4478 ns, Total: 130689 ns
[2025-03-20T13:48:24.811+0000][7][safepoint   ] Safepoint "Cleanup", Time since last: 2001775499 ns, Reaching safepoint: 154735 ns, At safepoint: 6722 ns, Total: 161457 ns
[2025-03-20T13:48:25.812+0000][7][safepoint   ] Safepoint "Cleanup", Time since last: 1000831804 ns, Reaching safepoint: 97796 ns, At safepoint: 4699 ns, Total: 102495 ns
[2025-03-20T13:48:26.812+0000][7][safepoint   ] Safepoint "Cleanup", Time since last: 1000527708 ns, Reaching safepoint: 190803 ns, At safepoint: 4739 ns, Total: 195542 ns
[2025-03-20T13:48:27.813+0000][7][safepoint   ] Safepoint "Cleanup", Time since last: 1000584955 ns, Reaching safepoint: 161848 ns, At safepoint: 5480 ns, Total: 167328 ns
[2025-03-20T13:48:28.815+0000][7][safepoint   ] Safepoint "Cleanup", Time since last: 1000240721 ns, Reaching safepoint: 1153289 ns, At safepoint: 22072 ns, Total: 1175361 ns
[2025-03-20T13:48:29.816+0000][7][safepoint   ] Safepoint "Cleanup", Time since last: 1000888763 ns, Reaching safepoint: 232763 ns, At safepoint: 6493 ns, Total: 239256 ns
[2025-03-20T13:48:31.817+0000][7][safepoint   ] Safepoint "Cleanup", Time since last: 2001494130 ns, Reaching safepoint: 85353 ns, At safepoint: 3867 ns, Total: 89220 ns
[2025-03-20T13:48:32.819+0000][7][safepoint   ] Safepoint "Cleanup", Time since last: 1001081190 ns, Reaching safepoint: 168060 ns, At safepoint: 5721 ns, Total: 173781 ns
[2025-03-20T13:48:33.819+0000][7][safepoint   ] Safepoint "Cleanup", Time since last: 1000675334 ns, Reaching safepoint: 110335 ns, At safepoint: 6793 ns, Total: 117128 ns
[2025-03-20T13:48:34.820+0000][7][safepoint   ] Safepoint "Cleanup", Time since last: 1000638549 ns, Reaching safepoint: 104018 ns, At safepoint: 5581 ns, Total: 109599 ns
[2025-03-20T13:48:35.821+0000][7][safepoint   ] Safepoint "Cleanup", Time since last: 1000984077 ns, Reaching safepoint: 135708 ns, At safepoint: 4328 ns, Total: 140036 ns
[2025-03-20T13:48:36.822+0000][7][safepoint   ] Safepoint "Cleanup", Time since last: 1000567803 ns, Reaching safepoint: 204690 ns, At safepoint: 7995 ns, Total: 212685 ns
[2025-03-20T13:48:37.823+0000][7][safepoint   ] Safepoint "Cleanup", Time since last: 1000648946 ns, Reaching safepoint: 149876 ns, At safepoint: 4518 ns, Total: 154394 ns
[2025-03-20T13:48:38.823+0000][7][safepoint   ] Safepoint "Cleanup", Time since last: 1000337557 ns, Reaching safepoint: 114178 ns, At safepoint: 4458 ns, Total: 118636 ns
[2025-03-20T13:48:39.824+0000][7][safepoint   ] Safepoint "Cleanup", Time since last: 1000329490 ns, Reaching safepoint: 116352 ns, At safepoint: 4138 ns, Total: 120490 ns
[2025-03-20T13:48:40.824+0000][7][safepoint   ] Safepoint "Cleanup", Time since last: 1000356511 ns, Reaching safepoint: 156859 ns, At safepoint: 6162 ns, Total: 163021 ns
[2025-03-20T13:48:41.825+0000][7][safepoint   ] Safepoint "Cleanup", Time since last: 1000763554 ns, Reaching safepoint: 79792 ns, At safepoint: 3597 ns, Total: 83389 ns
[2025-03-20T13:48:42.826+0000][7][safepoint   ] Safepoint "Cleanup", Time since last: 1000541557 ns, Reaching safepoint: 108667 ns, At safepoint: 4659 ns, Total: 113326 ns
[2025-03-20T13:48:43.827+0000][7][safepoint   ] Safepoint "Cleanup", Time since last: 1000745271 ns, Reaching safepoint: 82597 ns, At safepoint: 3807 ns, Total: 86404 ns
[2025-03-20T13:48:44.827+0000][7][safepoint   ] Safepoint "Cleanup", Time since last: 1000187827 ns, Reaching safepoint: 112164 ns, At safepoint: 3997 ns, Total: 116161 ns
[2025-03-20T13:48:46.828+0000][7][safepoint   ] Safepoint "Cleanup", Time since last: 2001380753 ns, Reaching safepoint: 78600 ns, At safepoint: 3647 ns, Total: 82247 ns
[2025-03-20T13:48:49.829+0000][7][safepoint   ] Safepoint "Cleanup", Time since last: 3000730239 ns, Reaching safepoint: 108276 ns, At safepoint: 4920 ns, Total: 113196 ns
[2025-03-20T13:48:50.830+0000][7][safepoint   ] Safepoint "Cleanup", Time since last: 1000909203 ns, Reaching safepoint: 106703 ns, At safepoint: 4869 ns, Total: 111572 ns
[2025-03-20T13:48:51.831+0000][7][safepoint   ] Safepoint "Cleanup", Time since last: 1000555882 ns, Reaching safepoint: 124797 ns, At safepoint: 4880 ns, Total: 129677 ns
[2025-03-20T13:48:52.832+0000][7][safepoint   ] Safepoint "Cleanup", Time since last: 1000832630 ns, Reaching safepoint: 195813 ns, At safepoint: 6171 ns, Total: 201984 ns
[2025-03-20T13:48:53.833+0000][7][safepoint   ] Safepoint "Cleanup", Time since last: 1000790407 ns, Reaching safepoint: 131430 ns, At safepoint: 4499 ns, Total: 135929 ns
[2025-03-20T13:48:54.833+0000][7][safepoint   ] Safepoint "Cleanup", Time since last: 1000263423 ns, Reaching safepoint: 80804 ns, At safepoint: 3486 ns, Total: 84290 ns
[2025-03-20T13:48:55.469+0000][7][gc,start    ] GC(37) Pause Young (Normal) (G1 Evacuation Pause)
[2025-03-20T13:48:55.469+0000][7][gc,task     ] GC(37) Using 8 workers of 8 for evacuation
[2025-03-20T13:48:55.469+0000][7][gc,age      ] GC(37) Desired survivor size 20971520 bytes, new threshold 15 (max threshold 15)
[2025-03-20T13:48:55.475+0000][7][gc,age      ] GC(37) Age table with threshold 15 (max threshold 15)
[2025-03-20T13:48:55.475+0000][7][gc,age      ] GC(37) - age   1:    1581872 bytes,    1581872 total
[2025-03-20T13:48:55.475+0000][7][gc,age      ] GC(37) - age   2:     292808 bytes,    1874680 total
[2025-03-20T13:48:55.475+0000][7][gc,age      ] GC(37) - age   3:     494832 bytes,    2369512 total
[2025-03-20T13:48:55.475+0000][7][gc,age      ] GC(37) - age   4:     396648 bytes,    2766160 total
[2025-03-20T13:48:55.475+0000][7][gc,age      ] GC(37) - age   5:      10824 bytes,    2776984 total
[2025-03-20T13:48:55.475+0000][7][gc,age      ] GC(37) - age   6:       6848 bytes,    2783832 total
[2025-03-20T13:48:55.475+0000][7][gc,age      ] GC(37) - age   7:       8320 bytes,    2792152 total
[2025-03-20T13:48:55.475+0000][7][gc,age      ] GC(37) - age   8:     236968 bytes,    3029120 total
[2025-03-20T13:48:55.475+0000][7][gc,age      ] GC(37) - age   9:     271312 bytes,    3300432 total
[2025-03-20T13:48:55.475+0000][7][gc,age      ] GC(37) - age  10:    1513448 bytes,    4813880 total
[2025-03-20T13:48:55.475+0000][7][gc,age      ] GC(37) - age  11:      25208 bytes,    4839088 total
[2025-03-20T13:48:55.475+0000][7][gc,age      ] GC(37) - age  12:      17640 bytes,    4856728 total
[2025-03-20T13:48:55.475+0000][7][gc,age      ] GC(37) - age  13:      56408 bytes,    4913136 total
[2025-03-20T13:48:55.475+0000][7][gc,age      ] GC(37) - age  14:      40520 bytes,    4953656 total
[2025-03-20T13:48:55.475+0000][7][gc,age      ] GC(37) - age  15:     374696 bytes,    5328352 total
[2025-03-20T13:48:55.475+0000][7][gc,phases   ] GC(37)   Pre Evacuate Collection Set: 0.1ms
[2025-03-20T13:48:55.475+0000][7][gc,phases   ] GC(37)   Merge Heap Roots: 0.1ms
[2025-03-20T13:48:55.475+0000][7][gc,phases   ] GC(37)   Evacuate Collection Set: 4.8ms
[2025-03-20T13:48:55.475+0000][7][gc,phases   ] GC(37)   Post Evacuate Collection Set: 1.2ms
[2025-03-20T13:48:55.475+0000][7][gc,phases   ] GC(37)   Other: 0.2ms
[2025-03-20T13:48:55.475+0000][7][gc,heap     ] GC(37) Eden regions: 69->0(70)
[2025-03-20T13:48:55.475+0000][7][gc,heap     ] GC(37) Survivor regions: 4->2(10)
[2025-03-20T13:48:55.475+0000][7][gc,heap     ] GC(37) Old regions: 24->26
[2025-03-20T13:48:55.475+0000][7][gc,heap     ] GC(37) Archive regions: 2->2
[2025-03-20T13:48:55.475+0000][7][gc,heap     ] GC(37) Humongous regions: 5->5
[2025-03-20T13:48:55.475+0000][7][gc,metaspace] GC(37) Metaspace: 118406K(120128K)->118406K(120128K) NonClass: 102928K(103872K)->102928K(103872K) Class: 15477K(16256K)->15477K(16256K)
[2025-03-20T13:48:55.475+0000][7][gc          ] GC(37) Pause Young (Normal) (G1 Evacuation Pause) 407M->130M(512M) 6.458ms
[2025-03-20T13:48:55.475+0000][7][gc,cpu      ] GC(37) User=0.02s Sys=0.01s Real=0.00s
[2025-03-20T13:48:55.475+0000][7][safepoint   ] Safepoint "G1CollectForAllocation", Time since last: 635573379 ns, Reaching safepoint: 63812 ns, At safepoint: 6536885 ns, Total: 6600697 ns
[2025-03-20T13:48:56.476+0000][7][safepoint   ] Safepoint "Cleanup", Time since last: 1000836496 ns, Reaching safepoint: 124277 ns, At safepoint: 4218 ns, Total: 128495 ns
[2025-03-20T13:48:57.477+0000][7][safepoint   ] Safepoint "Cleanup", Time since last: 1000964993 ns, Reaching safepoint: 115330 ns, At safepoint: 3547 ns, Total: 118877 ns
[2025-03-20T13:48:58.478+0000][7][safepoint   ] Safepoint "Cleanup", Time since last: 1000144394 ns, Reaching safepoint: 113737 ns, At safepoint: 5791 ns, Total: 119528 ns
[2025-03-20T13:48:59.478+0000][7][safepoint   ] Safepoint "Cleanup", Time since last: 1000368685 ns, Reaching safepoint: 159043 ns, At safepoint: 7153 ns, Total: 166196 ns
[2025-03-20T13:49:02.480+0000][7][safepoint   ] Safepoint "Cleanup", Time since last: 3001687451 ns, Reaching safepoint: 122283 ns, At safepoint: 3827 ns, Total: 126110 ns
[2025-03-20T13:49:03.481+0000][7][safepoint   ] Safepoint "Cleanup", Time since last: 1000615201 ns, Reaching safepoint: 91895 ns, At safepoint: 3838 ns, Total: 95733 ns
[2025-03-20T13:49:04.482+0000][7][safepoint   ] Safepoint "Cleanup", Time since last: 1000700266 ns, Reaching safepoint: 149314 ns, At safepoint: 4549 ns, Total: 153863 ns
[2025-03-20T13:49:05.482+0000][7][safepoint   ] Safepoint "Cleanup", Time since last: 1000168164 ns, Reaching safepoint: 163261 ns, At safepoint: 6031 ns, Total: 169292 ns
[2025-03-20T13:49:07.483+0000][7][safepoint   ] Safepoint "Cleanup", Time since last: 2000487565 ns, Reaching safepoint: 156778 ns, At safepoint: 5671 ns, Total: 162449 ns
[2025-03-20T13:49:08.483+0000][7][safepoint   ] Safepoint "Cleanup", Time since last: 1000406630 ns, Reaching safepoint: 83219 ns, At safepoint: 4008 ns, Total: 87227 ns
[2025-03-20T13:49:09.484+0000][7][safepoint   ] Safepoint "Cleanup", Time since last: 1000433961 ns, Reaching safepoint: 87787 ns, At safepoint: 3817 ns, Total: 91604 ns
[2025-03-20T13:49:11.484+0000][7][safepoint   ] Safepoint "Cleanup", Time since last: 2000548459 ns, Reaching safepoint: 147781 ns, At safepoint: 4359 ns, Total: 152140 ns
[2025-03-20T13:49:12.485+0000][7][safepoint   ] Safepoint "Cleanup", Time since last: 1000986955 ns, Reaching safepoint: 93298 ns, At safepoint: 4619 ns, Total: 97917 ns
[2025-03-20T13:49:14.487+0000][7][safepoint   ] Safepoint "Cleanup", Time since last: 2001681199 ns, Reaching safepoint: 105370 ns, At safepoint: 4399 ns, Total: 109769 ns
[2025-03-20T13:49:15.488+0000][7][safepoint   ] Safepoint "Cleanup", Time since last: 1000792810 ns, Reaching safepoint: 88088 ns, At safepoint: 4358 ns, Total: 92446 ns
[2025-03-20T13:49:17.489+0000][7][safepoint   ] Safepoint "Cleanup", Time since last: 2001169453 ns, Reaching safepoint: 107205 ns, At safepoint: 4177 ns, Total: 111382 ns
[2025-03-20T13:49:19.491+0000][7][safepoint   ] Safepoint "Cleanup", Time since last: 2001315127 ns, Reaching safepoint: 146319 ns, At safepoint: 7544 ns, Total: 153863 ns
[2025-03-20T13:49:20.492+0000][7][safepoint   ] Safepoint "Cleanup", Time since last: 1000868497 ns, Reaching safepoint: 192139 ns, At safepoint: 6522 ns, Total: 198661 ns
[2025-03-20T13:49:22.493+0000][7][safepoint   ] Safepoint "Cleanup", Time since last: 2000833409 ns, Reaching safepoint: 171687 ns, At safepoint: 7414 ns, Total: 179101 ns
[2025-03-20T13:49:24.494+0000][7][safepoint   ] Safepoint "Cleanup", Time since last: 2000911411 ns, Reaching safepoint: 184191 ns, At safepoint: 13305 ns, Total: 197496 ns
[2025-03-20T13:49:25.495+0000][7][safepoint   ] Safepoint "Cleanup", Time since last: 1000828308 ns, Reaching safepoint: 95301 ns, At safepoint: 4359 ns, Total: 99660 ns
[2025-03-20T13:49:26.496+0000][7][safepoint   ] Safepoint "Cleanup", Time since last: 1000827644 ns, Reaching safepoint: 163641 ns, At safepoint: 7825 ns, Total: 171466 ns
[2025-03-20T13:49:27.496+0000][7][safepoint   ] Safepoint "Cleanup", Time since last: 1000332831 ns, Reaching safepoint: 78539 ns, At safepoint: 3718 ns, Total: 82257 ns
[2025-03-20T13:49:29.497+0000][7][safepoint   ] Safepoint "Cleanup", Time since last: 2000891123 ns, Reaching safepoint: 90913 ns, At safepoint: 5721 ns, Total: 96634 ns
[2025-03-20T13:49:32.499+0000][7][safepoint   ] Safepoint "Cleanup", Time since last: 3001474365 ns, Reaching safepoint: 256008 ns, At safepoint: 7905 ns, Total: 263913 ns
[2025-03-20T13:49:34.500+0000][7][safepoint   ] Safepoint "Cleanup", Time since last: 2000918391 ns, Reaching safepoint: 80423 ns, At safepoint: 3877 ns, Total: 84300 ns
[2025-03-20T13:49:35.121+0000][7][gc,start    ] GC(38) Pause Young (Normal) (G1 Evacuation Pause)
[2025-03-20T13:49:35.121+0000][7][gc,task     ] GC(38) Using 8 workers of 8 for evacuation
[2025-03-20T13:49:35.121+0000][7][gc,age      ] GC(38) Desired survivor size 18874368 bytes, new threshold 15 (max threshold 15)
[2025-03-20T13:49:35.128+0000][7][gc,age      ] GC(38) Age table with threshold 15 (max threshold 15)
[2025-03-20T13:49:35.128+0000][7][gc,age      ] GC(38) - age   1:    2844024 bytes,    2844024 total
[2025-03-20T13:49:35.128+0000][7][gc,age      ] GC(38) - age   2:     237024 bytes,    3081048 total
[2025-03-20T13:49:35.128+0000][7][gc,age      ] GC(38) - age   3:     289072 bytes,    3370120 total
[2025-03-20T13:49:35.128+0000][7][gc,age      ] GC(38) - age   4:     493832 bytes,    3863952 total
[2025-03-20T13:49:35.128+0000][7][gc,age      ] GC(38) - age   5:     396648 bytes,    4260600 total
[2025-03-20T13:49:35.128+0000][7][gc,age      ] GC(38) - age   6:      10824 bytes,    4271424 total
[2025-03-20T13:49:35.128+0000][7][gc,age      ] GC(38) - age   7:       6848 bytes,    4278272 total
[2025-03-20T13:49:35.128+0000][7][gc,age      ] GC(38) - age   8:       8320 bytes,    4286592 total
[2025-03-20T13:49:35.128+0000][7][gc,age      ] GC(38) - age   9:     233056 bytes,    4519648 total
[2025-03-20T13:49:35.128+0000][7][gc,age      ] GC(38) - age  10:     265512 bytes,    4785160 total
[2025-03-20T13:49:35.128+0000][7][gc,age      ] GC(38) - age  11:    1512336 bytes,    6297496 total
[2025-03-20T13:49:35.128+0000][7][gc,age      ] GC(38) - age  12:      25208 bytes,    6322704 total
[2025-03-20T13:49:35.128+0000][7][gc,age      ] GC(38) - age  13:      17640 bytes,    6340344 total
[2025-03-20T13:49:35.128+0000][7][gc,age      ] GC(38) - age  14:      56408 bytes,    6396752 total
[2025-03-20T13:49:35.128+0000][7][gc,age      ] GC(38) - age  15:      40520 bytes,    6437272 total
[2025-03-20T13:49:35.128+0000][7][gc,phases   ] GC(38)   Pre Evacuate Collection Set: 0.1ms
[2025-03-20T13:49:35.128+0000][7][gc,phases   ] GC(38)   Merge Heap Roots: 0.1ms
[2025-03-20T13:49:35.128+0000][7][gc,phases   ] GC(38)   Evacuate Collection Set: 5.8ms
[2025-03-20T13:49:35.128+0000][7][gc,phases   ] GC(38)   Post Evacuate Collection Set: 1.2ms
[2025-03-20T13:49:35.128+0000][7][gc,phases   ] GC(38)   Other: 0.2ms
[2025-03-20T13:49:35.128+0000][7][gc,heap     ] GC(38) Eden regions: 70->0(70)
[2025-03-20T13:49:35.128+0000][7][gc,heap     ] GC(38) Survivor regions: 2->2(9)
[2025-03-20T13:49:35.128+0000][7][gc,heap     ] GC(38) Old regions: 26->26
[2025-03-20T13:49:35.128+0000][7][gc,heap     ] GC(38) Archive regions: 2->2
[2025-03-20T13:49:35.128+0000][7][gc,heap     ] GC(38) Humongous regions: 5->5
[2025-03-20T13:49:35.128+0000][7][gc,metaspace] GC(38) Metaspace: 118455K(120128K)->118455K(120128K) NonClass: 102977K(103872K)->102977K(103872K) Class: 15478K(16256K)->15478K(16256K)
[2025-03-20T13:49:35.128+0000][7][gc          ] GC(38) Pause Young (Normal) (G1 Evacuation Pause) 410M->131M(512M) 7.462ms
[2025-03-20T13:49:35.128+0000][7][gc,cpu      ] GC(38) User=0.02s Sys=0.01s Real=0.01s
[2025-03-20T13:49:35.128+0000][7][safepoint   ] Safepoint "G1CollectForAllocation", Time since last: 620558992 ns, Reaching safepoint: 70875 ns, At safepoint: 7542035 ns, Total: 7612910 ns
[2025-03-20T13:49:37.129+0000][7][safepoint   ] Safepoint "Cleanup", Time since last: 2000433153 ns, Reaching safepoint: 86746 ns, At safepoint: 4057 ns, Total: 90803 ns
[2025-03-20T13:49:38.129+0000][7][safepoint   ] Safepoint "Cleanup", Time since last: 1000618167 ns, Reaching safepoint: 84592 ns, At safepoint: 16892 ns, Total: 101484 ns
[2025-03-20T13:49:40.130+0000][7][safepoint   ] Safepoint "Cleanup", Time since last: 2000570409 ns, Reaching safepoint: 88759 ns, At safepoint: 4378 ns, Total: 93137 ns
[2025-03-20T13:49:41.131+0000][7][safepoint   ] Safepoint "Cleanup", Time since last: 1001083725 ns, Reaching safepoint: 80814 ns, At safepoint: 3536 ns, Total: 84350 ns
[2025-03-20T13:49:42.132+0000][7][safepoint   ] Safepoint "Cleanup", Time since last: 1000268216 ns, Reaching safepoint: 98057 ns, At safepoint: 4548 ns, Total: 102605 ns
[2025-03-20T13:49:43.132+0000][7][safepoint   ] Safepoint "Cleanup", Time since last: 1000434021 ns, Reaching safepoint: 62990 ns, At safepoint: 3667 ns, Total: 66657 ns
[2025-03-20T13:49:44.133+0000][7][safepoint   ] Safepoint "Cleanup", Time since last: 1000912647 ns, Reaching safepoint: 82807 ns, At safepoint: 4078 ns, Total: 86885 ns
[2025-03-20T13:49:45.134+0000][7][safepoint   ] Safepoint "Cleanup", Time since last: 1000461191 ns, Reaching safepoint: 92155 ns, At safepoint: 4118 ns, Total: 96273 ns
[2025-03-20T13:49:47.135+0000][7][safepoint   ] Safepoint "Cleanup", Time since last: 2001546056 ns, Reaching safepoint: 90342 ns, At safepoint: 3818 ns, Total: 94160 ns
[2025-03-20T13:49:50.138+0000][7][safepoint   ] Safepoint "Cleanup", Time since last: 3002194137 ns, Reaching safepoint: 89971 ns, At safepoint: 5240 ns, Total: 95211 ns
[2025-03-20T13:49:52.138+0000][7][safepoint   ] Safepoint "Cleanup", Time since last: 2000668779 ns, Reaching safepoint: 122684 ns, At safepoint: 3987 ns, Total: 126671 ns
[2025-03-20T13:49:53.139+0000][7][safepoint   ] Safepoint "Cleanup", Time since last: 1000579093 ns, Reaching safepoint: 76787 ns, At safepoint: 4318 ns, Total: 81105 ns
[2025-03-20T13:49:55.140+0000][7][safepoint   ] Safepoint "Cleanup", Time since last: 2001227423 ns, Reaching safepoint: 90002 ns, At safepoint: 4037 ns, Total: 94039 ns
[2025-03-20T13:49:56.141+0000][7][safepoint   ] Safepoint "Cleanup", Time since last: 1000213737 ns, Reaching safepoint: 176376 ns, At safepoint: 6963 ns, Total: 183339 ns
[2025-03-20T13:49:57.141+0000][7][safepoint   ] Safepoint "Cleanup", Time since last: 1000363577 ns, Reaching safepoint: 104579 ns, At safepoint: 4258 ns, Total: 108837 ns
[2025-03-20T13:49:59.143+0000][7][safepoint   ] Safepoint "Cleanup", Time since last: 2001631498 ns, Reaching safepoint: 125219 ns, At safepoint: 4328 ns, Total: 129547 ns
[2025-03-20T13:50:00.144+0000][7][safepoint   ] Safepoint "Cleanup", Time since last: 1000670015 ns, Reaching safepoint: 91273 ns, At safepoint: 3768 ns, Total: 95041 ns
[2025-03-20T13:50:02.145+0000][7][safepoint   ] Safepoint "Cleanup", Time since last: 2000726348 ns, Reaching safepoint: 193027 ns, At safepoint: 4729 ns, Total: 197756 ns
[2025-03-20T13:50:05.147+0000][7][safepoint   ] Safepoint "Cleanup", Time since last: 3001744780 ns, Reaching safepoint: 164534 ns, At safepoint: 4528 ns, Total: 169062 ns
[2025-03-20T13:50:07.149+0000][7][safepoint   ] Safepoint "Cleanup", Time since last: 2002036100 ns, Reaching safepoint: 141189 ns, At safepoint: 4639 ns, Total: 145828 ns
[2025-03-20T13:50:08.150+0000][7][safepoint   ] Safepoint "Cleanup", Time since last: 1000913438 ns, Reaching safepoint: 134516 ns, At safepoint: 6903 ns, Total: 141419 ns
[2025-03-20T13:50:09.151+0000][7][safepoint   ] Safepoint "Cleanup", Time since last: 1000779660 ns, Reaching safepoint: 145147 ns, At safepoint: 4849 ns, Total: 149996 ns
[2025-03-20T13:50:10.151+0000][7][safepoint   ] Safepoint "Cleanup", Time since last: 1000472190 ns, Reaching safepoint: 164804 ns, At safepoint: 4759 ns, Total: 169563 ns
[2025-03-20T13:50:11.152+0000][7][safepoint   ] Safepoint "Cleanup", Time since last: 1000631850 ns, Reaching safepoint: 94440 ns, At safepoint: 5952 ns, Total: 100392 ns
[2025-03-20T13:50:12.153+0000][7][safepoint   ] Safepoint "Cleanup", Time since last: 1000922248 ns, Reaching safepoint: 110791 ns, At safepoint: 7605 ns, Total: 118396 ns
[2025-03-20T13:50:15.154+0000][7][safepoint   ] Safepoint "Cleanup", Time since last: 3000862876 ns, Reaching safepoint: 101514 ns, At safepoint: 15980 ns, Total: 117494 ns
[2025-03-20T13:50:17.155+0000][7][safepoint   ] Safepoint "Cleanup", Time since last: 2000590680 ns, Reaching safepoint: 193920 ns, At safepoint: 6622 ns, Total: 200542 ns
[2025-03-20T13:50:19.831+0000][7][gc,start    ] GC(39) Pause Young (Normal) (G1 Evacuation Pause)
[2025-03-20T13:50:19.831+0000][7][gc,task     ] GC(39) Using 8 workers of 8 for evacuation
[2025-03-20T13:50:19.831+0000][7][gc,age      ] GC(39) Desired survivor size 18874368 bytes, new threshold 15 (max threshold 15)
[2025-03-20T13:50:19.836+0000][7][gc,age      ] GC(39) Age table with threshold 15 (max threshold 15)
[2025-03-20T13:50:19.836+0000][7][gc,age      ] GC(39) - age   1:    1318904 bytes,    1318904 total
[2025-03-20T13:50:19.836+0000][7][gc,age      ] GC(39) - age   2:     313472 bytes,    1632376 total
[2025-03-20T13:50:19.836+0000][7][gc,age      ] GC(39) - age   3:     234464 bytes,    1866840 total
[2025-03-20T13:50:19.836+0000][7][gc,age      ] GC(39) - age   4:     288528 bytes,    2155368 total
[2025-03-20T13:50:19.836+0000][7][gc,age      ] GC(39) - age   5:     493832 bytes,    2649200 total
[2025-03-20T13:50:19.836+0000][7][gc,age      ] GC(39) - age   6:     396648 bytes,    3045848 total
[2025-03-20T13:50:19.836+0000][7][gc,age      ] GC(39) - age   7:      10824 bytes,    3056672 total
[2025-03-20T13:50:19.836+0000][7][gc,age      ] GC(39) - age   8:       6848 bytes,    3063520 total
[2025-03-20T13:50:19.836+0000][7][gc,age      ] GC(39) - age   9:       8320 bytes,    3071840 total
[2025-03-20T13:50:19.836+0000][7][gc,age      ] GC(39) - age  10:     233056 bytes,    3304896 total
[2025-03-20T13:50:19.836+0000][7][gc,age      ] GC(39) - age  11:     249984 bytes,    3554880 total
[2025-03-20T13:50:19.836+0000][7][gc,age      ] GC(39) - age  12:    1484696 bytes,    5039576 total
[2025-03-20T13:50:19.836+0000][7][gc,age      ] GC(39) - age  13:      25208 bytes,    5064784 total
[2025-03-20T13:50:19.836+0000][7][gc,age      ] GC(39) - age  14:      17640 bytes,    5082424 total
[2025-03-20T13:50:19.836+0000][7][gc,age      ] GC(39) - age  15:      56408 bytes,    5138832 total
[2025-03-20T13:50:19.837+0000][7][gc,phases   ] GC(39)   Pre Evacuate Collection Set: 0.1ms
[2025-03-20T13:50:19.837+0000][7][gc,phases   ] GC(39)   Merge Heap Roots: 0.1ms
[2025-03-20T13:50:19.837+0000][7][gc,phases   ] GC(39)   Evacuate Collection Set: 3.9ms
[2025-03-20T13:50:19.837+0000][7][gc,phases   ] GC(39)   Post Evacuate Collection Set: 1.5ms
[2025-03-20T13:50:19.837+0000][7][gc,phases   ] GC(39)   Other: 0.3ms
[2025-03-20T13:50:19.837+0000][7][gc,heap     ] GC(39) Eden regions: 70->0(71)
[2025-03-20T13:50:19.837+0000][7][gc,heap     ] GC(39) Survivor regions: 2->2(9)
[2025-03-20T13:50:19.837+0000][7][gc,heap     ] GC(39) Old regions: 26->26
[2025-03-20T13:50:19.837+0000][7][gc,heap     ] GC(39) Archive regions: 2->2
[2025-03-20T13:50:19.837+0000][7][gc,heap     ] GC(39) Humongous regions: 5->5
[2025-03-20T13:50:19.837+0000][7][gc,metaspace] GC(39) Metaspace: 118569K(120256K)->118569K(120256K) NonClass: 103091K(104000K)->103091K(104000K) Class: 15478K(16256K)->15478K(16256K)
[2025-03-20T13:50:19.837+0000][7][gc          ] GC(39) Pause Young (Normal) (G1 Evacuation Pause) 411M->130M(512M) 5.816ms
[2025-03-20T13:50:19.837+0000][7][gc,cpu      ] GC(39) User=0.02s Sys=0.00s Real=0.00s
[2025-03-20T13:50:19.837+0000][7][safepoint   ] Safepoint "G1CollectForAllocation", Time since last: 2675667370 ns, Reaching safepoint: 91394 ns, At safepoint: 5899230 ns, Total: 5990624 ns
[2025-03-20T13:50:20.837+0000][7][safepoint   ] Safepoint "Cleanup", Time since last: 1000444630 ns, Reaching safepoint: 164383 ns, At safepoint: 5821 ns, Total: 170204 ns
[2025-03-20T13:50:22.839+0000][7][safepoint   ] Safepoint "Cleanup", Time since last: 2001650027 ns, Reaching safepoint: 100501 ns, At safepoint: 4639 ns, Total: 105140 ns
[2025-03-20T13:50:24.376+0000][7][safepoint   ] Safepoint "Cleanup", Time since last: 1537191316 ns, Reaching safepoint: 131741 ns, At safepoint: 17173 ns, Total: 148914 ns
[2025-03-20T13:50:25.377+0000][7][safepoint   ] Safepoint "Cleanup", Time since last: 1000251816 ns, Reaching safepoint: 164854 ns, At safepoint: 5100 ns, Total: 169954 ns
[2025-03-20T13:50:26.377+0000][7][safepoint   ] Safepoint "Cleanup", Time since last: 1000413157 ns, Reaching safepoint: 101453 ns, At safepoint: 3747 ns, Total: 105200 ns
[2025-03-20T13:50:27.378+0000][7][safepoint   ] Safepoint "Cleanup", Time since last: 1000662725 ns, Reaching safepoint: 92736 ns, At safepoint: 3788 ns, Total: 96524 ns
[2025-03-20T13:50:29.380+0000][7][safepoint   ] Safepoint "Cleanup", Time since last: 2000995901 ns, Reaching safepoint: 561561 ns, At safepoint: 7785 ns, Total: 569346 ns
[2025-03-20T13:50:31.859+0000][7][safepoint   ] Safepoint "Cleanup", Time since last: 2478787722 ns, Reaching safepoint: 132943 ns, At safepoint: 26320 ns, Total: 159263 ns
[2025-03-20T13:50:32.859+0000][7][safepoint   ] Safepoint "Cleanup", Time since last: 1000181450 ns, Reaching safepoint: 179862 ns, At safepoint: 6463 ns, Total: 186325 ns
[2025-03-20T13:50:34.860+0000][7][safepoint   ] Safepoint "Cleanup", Time since last: 2001481844 ns, Reaching safepoint: 68060 ns, At safepoint: 4128 ns, Total: 72188 ns
[2025-03-20T13:50:36.861+0000][7][safepoint   ] Safepoint "Cleanup", Time since last: 2000751756 ns, Reaching safepoint: 136215 ns, At safepoint: 7925 ns, Total: 144140 ns
[2025-03-20T13:50:37.862+0000][7][safepoint   ] Safepoint "Cleanup", Time since last: 1000413807 ns, Reaching safepoint: 158412 ns, At safepoint: 4668 ns, Total: 163080 ns
[2025-03-20T13:50:39.863+0000][7][safepoint   ] Safepoint "Cleanup", Time since last: 2001184339 ns, Reaching safepoint: 104980 ns, At safepoint: 4860 ns, Total: 109840 ns
[2025-03-20T13:50:40.864+0000][7][safepoint   ] Safepoint "Cleanup", Time since last: 1000930788 ns, Reaching safepoint: 80213 ns, At safepoint: 3336 ns, Total: 83549 ns
[2025-03-20T13:50:41.865+0000][7][safepoint   ] Safepoint "Cleanup", Time since last: 1000615091 ns, Reaching safepoint: 98357 ns, At safepoint: 4609 ns, Total: 102966 ns
[2025-03-20T13:50:42.866+0000][7][safepoint   ] Safepoint "Cleanup", Time since last: 1000549422 ns, Reaching safepoint: 90332 ns, At safepoint: 4198 ns, Total: 94530 ns
[2025-03-20T13:50:43.867+0000][7][safepoint   ] Safepoint "Cleanup", Time since last: 1000914128 ns, Reaching safepoint: 90542 ns, At safepoint: 4308 ns, Total: 94850 ns
[2025-03-20T13:50:44.868+0000][7][safepoint   ] Safepoint "Cleanup", Time since last: 1001049223 ns, Reaching safepoint: 105712 ns, At safepoint: 4769 ns, Total: 110481 ns
[2025-03-20T13:50:46.870+0000][7][safepoint   ] Safepoint "Cleanup", Time since last: 2001721488 ns, Reaching safepoint: 95742 ns, At safepoint: 4118 ns, Total: 99860 ns
[2025-03-20T13:50:49.872+0000][7][safepoint   ] Safepoint "Cleanup", Time since last: 3001930008 ns, Reaching safepoint: 118105 ns, At safepoint: 5942 ns, Total: 124047 ns
[2025-03-20T13:50:50.873+0000][7][safepoint   ] Safepoint "Cleanup", Time since last: 1000779196 ns, Reaching safepoint: 160145 ns, At safepoint: 6853 ns, Total: 166998 ns
[2025-03-20T13:50:51.873+0000][7][safepoint   ] Safepoint "Cleanup", Time since last: 1000470567 ns, Reaching safepoint: 78660 ns, At safepoint: 5240 ns, Total: 83900 ns
[2025-03-20T13:50:52.874+0000][7][safepoint   ] Safepoint "Cleanup", Time since last: 1000644915 ns, Reaching safepoint: 98638 ns, At safepoint: 5010 ns, Total: 103648 ns
[2025-03-20T13:50:54.875+0000][7][safepoint   ] Safepoint "Cleanup", Time since last: 2001310409 ns, Reaching safepoint: 160255 ns, At safepoint: 5000 ns, Total: 165255 ns
[2025-03-20T13:50:55.876+0000][7][safepoint   ] Safepoint "Cleanup", Time since last: 1000808049 ns, Reaching safepoint: 215531 ns, At safepoint: 7073 ns, Total: 222604 ns
[2025-03-20T13:50:56.877+0000][7][safepoint   ] Safepoint "Cleanup", Time since last: 1000669402 ns, Reaching safepoint: 132522 ns, At safepoint: 5000 ns, Total: 137522 ns
[2025-03-20T13:50:58.878+0000][7][safepoint   ] Safepoint "Cleanup", Time since last: 2000950699 ns, Reaching safepoint: 139014 ns, At safepoint: 7174 ns, Total: 146188 ns
[2025-03-20T13:50:59.879+0000][7][safepoint   ] Safepoint "Cleanup", Time since last: 1000425444 ns, Reaching safepoint: 98859 ns, At safepoint: 6271 ns, Total: 105130 ns
[2025-03-20T13:51:01.586+0000][7][safepoint   ] Safepoint "Cleanup", Time since last: 1705723575 ns, Reaching safepoint: 890906 ns, At safepoint: 38292 ns, Total: 929198 ns
[2025-03-20T13:51:02.587+0000][7][safepoint   ] Safepoint "Cleanup", Time since last: 1000961373 ns, Reaching safepoint: 161969 ns, At safepoint: 10851 ns, Total: 172820 ns
[2025-03-20T13:51:04.588+0000][7][safepoint   ] Safepoint "Cleanup", Time since last: 2000846004 ns, Reaching safepoint: 133534 ns, At safepoint: 5441 ns, Total: 138975 ns
[2025-03-20T13:51:04.852+0000][7][gc,start    ] GC(40) Pause Young (Normal) (G1 Evacuation Pause)
[2025-03-20T13:51:04.852+0000][7][gc,task     ] GC(40) Using 8 workers of 8 for evacuation
[2025-03-20T13:51:04.852+0000][7][gc,age      ] GC(40) Desired survivor size 20971520 bytes, new threshold 15 (max threshold 15)
[2025-03-20T13:51:04.860+0000][7][gc,age      ] GC(40) Age table with threshold 15 (max threshold 15)
[2025-03-20T13:51:04.861+0000][7][gc,age      ] GC(40) - age   1:    2859784 bytes,    2859784 total
[2025-03-20T13:51:04.861+0000][7][gc,age      ] GC(40) - age   2:       7136 bytes,    2866920 total
[2025-03-20T13:51:04.861+0000][7][gc,age      ] GC(40) - age   3:     203080 bytes,    3070000 total
[2025-03-20T13:51:04.861+0000][7][gc,age      ] GC(40) - age   4:     232648 bytes,    3302648 total
[2025-03-20T13:51:04.861+0000][7][gc,age      ] GC(40) - age   5:     288232 bytes,    3590880 total
[2025-03-20T13:51:04.861+0000][7][gc,age      ] GC(40) - age   6:     493832 bytes,    4084712 total
[2025-03-20T13:51:04.861+0000][7][gc,age      ] GC(40) - age   7:     396648 bytes,    4481360 total
[2025-03-20T13:51:04.861+0000][7][gc,age      ] GC(40) - age   8:      10824 bytes,    4492184 total
[2025-03-20T13:51:04.861+0000][7][gc,age      ] GC(40) - age   9:       6848 bytes,    4499032 total
[2025-03-20T13:51:04.861+0000][7][gc,age      ] GC(40) - age  10:       8320 bytes,    4507352 total
[2025-03-20T13:51:04.861+0000][7][gc,age      ] GC(40) - age  11:     232984 bytes,    4740336 total
[2025-03-20T13:51:04.861+0000][7][gc,age      ] GC(40) - age  12:     249984 bytes,    4990320 total
[2025-03-20T13:51:04.861+0000][7][gc,age      ] GC(40) - age  13:    1484696 bytes,    6475016 total
[2025-03-20T13:51:04.861+0000][7][gc,age      ] GC(40) - age  14:      25208 bytes,    6500224 total
[2025-03-20T13:51:04.861+0000][7][gc,age      ] GC(40) - age  15:      17640 bytes,    6517864 total
[2025-03-20T13:51:04.861+0000][7][gc,phases   ] GC(40)   Pre Evacuate Collection Set: 0.1ms
[2025-03-20T13:51:04.861+0000][7][gc,phases   ] GC(40)   Merge Heap Roots: 0.1ms
[2025-03-20T13:51:04.861+0000][7][gc,phases   ] GC(40)   Evacuate Collection Set: 7.2ms
[2025-03-20T13:51:04.861+0000][7][gc,phases   ] GC(40)   Post Evacuate Collection Set: 1.4ms
[2025-03-20T13:51:04.861+0000][7][gc,phases   ] GC(40)   Other: 0.3ms
[2025-03-20T13:51:04.861+0000][7][gc,heap     ] GC(40) Eden regions: 71->0(70)
[2025-03-20T13:51:04.861+0000][7][gc,heap     ] GC(40) Survivor regions: 2->2(10)
[2025-03-20T13:51:04.861+0000][7][gc,heap     ] GC(40) Old regions: 26->26
[2025-03-20T13:51:04.861+0000][7][gc,heap     ] GC(40) Archive regions: 2->2
[2025-03-20T13:51:04.861+0000][7][gc,heap     ] GC(40) Humongous regions: 5->5
[2025-03-20T13:51:04.861+0000][7][gc,metaspace] GC(40) Metaspace: 118681K(120384K)->118681K(120384K) NonClass: 103201K(104128K)->103201K(104128K) Class: 15479K(16256K)->15479K(16256K)
[2025-03-20T13:51:04.861+0000][7][gc          ] GC(40) Pause Young (Normal) (G1 Evacuation Pause) 414M->131M(512M) 9.099ms
[2025-03-20T13:51:04.861+0000][7][gc,cpu      ] GC(40) User=0.02s Sys=0.01s Real=0.01s
[2025-03-20T13:51:04.861+0000][7][safepoint   ] Safepoint "G1CollectForAllocation", Time since last: 263298555 ns, Reaching safepoint: 595244 ns, At safepoint: 9360966 ns, Total: 9956210 ns
[2025-03-20T13:51:05.861+0000][7][safepoint   ] Safepoint "Cleanup", Time since last: 1000187760 ns, Reaching safepoint: 134967 ns, At safepoint: 5530 ns, Total: 140497 ns
[2025-03-20T13:51:06.862+0000][7][safepoint   ] Safepoint "Cleanup", Time since last: 1000267861 ns, Reaching safepoint: 197126 ns, At safepoint: 8346 ns, Total: 205472 ns
[2025-03-20T13:51:07.863+0000][7][safepoint   ] Safepoint "Cleanup", Time since last: 1000864959 ns, Reaching safepoint: 116352 ns, At safepoint: 4228 ns, Total: 120580 ns
[2025-03-20T13:51:09.864+0000][7][safepoint   ] Safepoint "Cleanup", Time since last: 2000876474 ns, Reaching safepoint: 166096 ns, At safepoint: 5892 ns, Total: 171988 ns
[2025-03-20T13:51:10.865+0000][7][safepoint   ] Safepoint "Cleanup", Time since last: 1000786386 ns, Reaching safepoint: 94630 ns, At safepoint: 3216 ns, Total: 97846 ns
[2025-03-20T13:51:11.865+0000][7][safepoint   ] Safepoint "Cleanup", Time since last: 1000469800 ns, Reaching safepoint: 85914 ns, At safepoint: 6533 ns, Total: 92447 ns
[2025-03-20T13:51:12.866+0000][7][safepoint   ] Safepoint "Cleanup", Time since last: 1000777764 ns, Reaching safepoint: 89049 ns, At safepoint: 3948 ns, Total: 92997 ns
[2025-03-20T13:51:13.867+0000][7][safepoint   ] Safepoint "Cleanup", Time since last: 1000357055 ns, Reaching safepoint: 131541 ns, At safepoint: 4518 ns, Total: 136059 ns
[2025-03-20T13:51:14.867+0000][7][safepoint   ] Safepoint "Cleanup", Time since last: 1000324174 ns, Reaching safepoint: 106523 ns, At safepoint: 6382 ns, Total: 112905 ns
[2025-03-20T13:51:16.868+0000][7][safepoint   ] Safepoint "Cleanup", Time since last: 2000828283 ns, Reaching safepoint: 79812 ns, At safepoint: 17814 ns, Total: 97626 ns
[2025-03-20T13:51:17.868+0000][7][safepoint   ] Safepoint "Cleanup", Time since last: 1000309683 ns, Reaching safepoint: 78710 ns, At safepoint: 3928 ns, Total: 82638 ns
[2025-03-20T13:51:19.869+0000][7][safepoint   ] Safepoint "Cleanup", Time since last: 2001091071 ns, Reaching safepoint: 101624 ns, At safepoint: 4658 ns, Total: 106282 ns
[2025-03-20T13:51:20.871+0000][7][safepoint   ] Safepoint "Cleanup", Time since last: 1001098053 ns, Reaching safepoint: 100893 ns, At safepoint: 3837 ns, Total: 104730 ns
[2025-03-20T13:51:21.871+0000][7][safepoint   ] Safepoint "Cleanup", Time since last: 1000628662 ns, Reaching safepoint: 69913 ns, At safepoint: 4589 ns, Total: 74502 ns
[2025-03-20T13:51:22.873+0000][7][safepoint   ] Safepoint "Cleanup", Time since last: 1001110898 ns, Reaching safepoint: 77578 ns, At safepoint: 3797 ns, Total: 81375 ns
[2025-03-20T13:51:24.875+0000][7][safepoint   ] Safepoint "Cleanup", Time since last: 2002158102 ns, Reaching safepoint: 147832 ns, At safepoint: 5520 ns, Total: 153352 ns
[2025-03-20T13:51:25.876+0000][7][safepoint   ] Safepoint "Cleanup", Time since last: 1000698922 ns, Reaching safepoint: 88949 ns, At safepoint: 3587 ns, Total: 92536 ns
[2025-03-20T13:51:26.876+0000][7][safepoint   ] Safepoint "Cleanup", Time since last: 1000373056 ns, Reaching safepoint: 119808 ns, At safepoint: 4759 ns, Total: 124567 ns
[2025-03-20T13:51:28.878+0000][7][safepoint   ] Safepoint "Cleanup", Time since last: 2001804696 ns, Reaching safepoint: 136250 ns, At safepoint: 5390 ns, Total: 141640 ns
[2025-03-20T13:51:29.879+0000][7][safepoint   ] Safepoint "Cleanup", Time since last: 1000267935 ns, Reaching safepoint: 102325 ns, At safepoint: 5782 ns, Total: 108107 ns
[2025-03-20T13:51:30.879+0000][7][safepoint   ] Safepoint "Cleanup", Time since last: 1000785938 ns, Reaching safepoint: 77508 ns, At safepoint: 3637 ns, Total: 81145 ns
[2025-03-20T13:51:31.880+0000][7][safepoint   ] Safepoint "Cleanup", Time since last: 1000403308 ns, Reaching safepoint: 108707 ns, At safepoint: 4058 ns, Total: 112765 ns
[2025-03-20T13:51:34.883+0000][7][safepoint   ] Safepoint "Cleanup", Time since last: 3002455754 ns, Reaching safepoint: 165054 ns, At safepoint: 5971 ns, Total: 171025 ns
[2025-03-20T13:51:36.884+0000][7][safepoint   ] Safepoint "Cleanup", Time since last: 2001352261 ns, Reaching safepoint: 131219 ns, At safepoint: 8226 ns, Total: 139445 ns
[2025-03-20T13:51:37.885+0000][7][safepoint   ] Safepoint "Cleanup", Time since last: 1000771958 ns, Reaching safepoint: 97846 ns, At safepoint: 3356 ns, Total: 101202 ns
[2025-03-20T13:51:39.886+0000][7][safepoint   ] Safepoint "Cleanup", Time since last: 2000734376 ns, Reaching safepoint: 102816 ns, At safepoint: 4399 ns, Total: 107215 ns
[2025-03-20T13:51:40.887+0000][7][safepoint   ] Safepoint "Cleanup", Time since last: 1000825280 ns, Reaching safepoint: 187988 ns, At safepoint: 6963 ns, Total: 194951 ns
[2025-03-20T13:51:41.887+0000][7][safepoint   ] Safepoint "Cleanup", Time since last: 1000369108 ns, Reaching safepoint: 113116 ns, At safepoint: 4198 ns, Total: 117314 ns
[2025-03-20T13:51:42.888+0000][7][safepoint   ] Safepoint "Cleanup", Time since last: 1000618599 ns, Reaching safepoint: 110150 ns, At safepoint: 4569 ns, Total: 114719 ns
[2025-03-20T13:51:44.890+0000][7][safepoint   ] Safepoint "Cleanup", Time since last: 2001503772 ns, Reaching safepoint: 149024 ns, At safepoint: 4779 ns, Total: 153803 ns
[2025-03-20T13:51:46.891+0000][7][safepoint   ] Safepoint "Cleanup", Time since last: 2001513416 ns, Reaching safepoint: 111372 ns, At safepoint: 4979 ns, Total: 116351 ns
[2025-03-20T13:51:49.845+0000][7][gc,start    ] GC(41) Pause Young (Normal) (G1 Evacuation Pause)
[2025-03-20T13:51:49.845+0000][7][gc,task     ] GC(41) Using 8 workers of 8 for evacuation
[2025-03-20T13:51:49.845+0000][7][gc,age      ] GC(41) Desired survivor size 18874368 bytes, new threshold 15 (max threshold 15)
[2025-03-20T13:51:49.851+0000][7][gc,age      ] GC(41) Age table with threshold 15 (max threshold 15)
[2025-03-20T13:51:49.851+0000][7][gc,age      ] GC(41) - age   1:    3243864 bytes,    3243864 total
[2025-03-20T13:51:49.851+0000][7][gc,age      ] GC(41) - age   2:     234224 bytes,    3478088 total
[2025-03-20T13:51:49.851+0000][7][gc,age      ] GC(41) - age   3:       5464 bytes,    3483552 total
[2025-03-20T13:51:49.851+0000][7][gc,age      ] GC(41) - age   4:     201864 bytes,    3685416 total
[2025-03-20T13:51:49.851+0000][7][gc,age      ] GC(41) - age   5:     232416 bytes,    3917832 total
[2025-03-20T13:51:49.851+0000][7][gc,age      ] GC(41) - age   6:     170768 bytes,    4088600 total
[2025-03-20T13:51:49.851+0000][7][gc,age      ] GC(41) - age   7:     485816 bytes,    4574416 total
[2025-03-20T13:51:49.851+0000][7][gc,age      ] GC(41) - age   8:     396648 bytes,    4971064 total
[2025-03-20T13:51:49.851+0000][7][gc,age      ] GC(41) - age   9:      10824 bytes,    4981888 total
[2025-03-20T13:51:49.851+0000][7][gc,age      ] GC(41) - age  10:       6848 bytes,    4988736 total
[2025-03-20T13:51:49.851+0000][7][gc,age      ] GC(41) - age  11:       8320 bytes,    4997056 total
[2025-03-20T13:51:49.851+0000][7][gc,age      ] GC(41) - age  12:     232016 bytes,    5229072 total
[2025-03-20T13:51:49.851+0000][7][gc,age      ] GC(41) - age  13:     249816 bytes,    5478888 total
[2025-03-20T13:51:49.851+0000][7][gc,age      ] GC(41) - age  14:    1483856 bytes,    6962744 total
[2025-03-20T13:51:49.851+0000][7][gc,age      ] GC(41) - age  15:      25208 bytes,    6987952 total
[2025-03-20T13:51:49.851+0000][7][gc,phases   ] GC(41)   Pre Evacuate Collection Set: 0.1ms
[2025-03-20T13:51:49.851+0000][7][gc,phases   ] GC(41)   Merge Heap Roots: 0.2ms
[2025-03-20T13:51:49.851+0000][7][gc,phases   ] GC(41)   Evacuate Collection Set: 4.0ms
[2025-03-20T13:51:49.851+0000][7][gc,phases   ] GC(41)   Post Evacuate Collection Set: 2.2ms
[2025-03-20T13:51:49.851+0000][7][gc,phases   ] GC(41)   Other: 0.3ms
[2025-03-20T13:51:49.851+0000][7][gc,heap     ] GC(41) Eden regions: 70->0(70)
[2025-03-20T13:51:49.851+0000][7][gc,heap     ] GC(41) Survivor regions: 2->2(9)
[2025-03-20T13:51:49.851+0000][7][gc,heap     ] GC(41) Old regions: 26->26
[2025-03-20T13:51:49.851+0000][7][gc,heap     ] GC(41) Archive regions: 2->2
[2025-03-20T13:51:49.851+0000][7][gc,heap     ] GC(41) Humongous regions: 5->5
[2025-03-20T13:51:49.851+0000][7][gc,metaspace] GC(41) Metaspace: 118736K(120448K)->118736K(120448K) NonClass: 103254K(104192K)->103254K(104192K) Class: 15482K(16256K)->15482K(16256K)
[2025-03-20T13:51:49.852+0000][7][gc          ] GC(41) Pause Young (Normal) (G1 Evacuation Pause) 411M->132M(512M) 6.980ms
[2025-03-20T13:51:49.852+0000][7][gc,cpu      ] GC(41) User=0.02s Sys=0.00s Real=0.01s
[2025-03-20T13:51:49.852+0000][7][safepoint   ] Safepoint "G1CollectForAllocation", Time since last: 2953103294 ns, Reaching safepoint: 132200 ns, At safepoint: 7119086 ns, Total: 7251286 ns
[2025-03-20T13:51:50.853+0000][7][safepoint   ] Safepoint "Cleanup", Time since last: 1000740315 ns, Reaching safepoint: 182488 ns, At safepoint: 16241 ns, Total: 198729 ns
[2025-03-20T13:51:51.854+0000][7][safepoint   ] Safepoint "Cleanup", Time since last: 1000535500 ns, Reaching safepoint: 1103633 ns, At safepoint: 18335 ns, Total: 1121968 ns
[2025-03-20T13:51:52.855+0000][7][safepoint   ] Safepoint "Cleanup", Time since last: 1000241923 ns, Reaching safepoint: 928126 ns, At safepoint: 33073 ns, Total: 961199 ns
[2025-03-20T13:51:53.856+0000][7][safepoint   ] Safepoint "Cleanup", Time since last: 1000942628 ns, Reaching safepoint: 122313 ns, At safepoint: 22032 ns, Total: 144345 ns
[2025-03-20T13:51:54.859+0000][7][safepoint   ] Safepoint "Cleanup", Time since last: 1000968791 ns, Reaching safepoint: 1033976 ns, At safepoint: 25950 ns, Total: 1059926 ns
[2025-03-20T13:51:55.860+0000][7][safepoint   ] Safepoint "Cleanup", Time since last: 1000503750 ns, Reaching safepoint: 1064672 ns, At safepoint: 15520 ns, Total: 1080192 ns
[2025-03-20T13:51:56.861+0000][7][safepoint   ] Safepoint "Cleanup", Time since last: 1000383217 ns, Reaching safepoint: 113817 ns, At safepoint: 22032 ns, Total: 135849 ns
[2025-03-20T13:51:57.862+0000][7][safepoint   ] Safepoint "Cleanup", Time since last: 1000944020 ns, Reaching safepoint: 167468 ns, At safepoint: 13596 ns, Total: 181064 ns
[2025-03-20T13:51:58.863+0000][7][safepoint   ] Safepoint "Cleanup", Time since last: 1000728845 ns, Reaching safepoint: 277930 ns, At safepoint: 15259 ns, Total: 293189 ns
[2025-03-20T13:51:59.864+0000][7][safepoint   ] Safepoint "Cleanup", Time since last: 1000252479 ns, Reaching safepoint: 1168776 ns, At safepoint: 13295 ns, Total: 1182071 ns
[2025-03-20T13:52:01.865+0000][7][safepoint   ] Safepoint "Cleanup", Time since last: 2000509373 ns, Reaching safepoint: 165254 ns, At safepoint: 19698 ns, Total: 184952 ns
[2025-03-20T13:52:02.866+0000][7][safepoint   ] Safepoint "Cleanup", Time since last: 1000939341 ns, Reaching safepoint: 97105 ns, At safepoint: 21992 ns, Total: 119097 ns
[2025-03-20T13:52:04.867+0000][7][safepoint   ] Safepoint "Cleanup", Time since last: 2001178288 ns, Reaching safepoint: 246211 ns, At safepoint: 22372 ns, Total: 268583 ns
[2025-03-20T13:52:05.868+0000][7][safepoint   ] Safepoint "Cleanup", Time since last: 1000418970 ns, Reaching safepoint: 125859 ns, At safepoint: 6483 ns, Total: 132342 ns
[2025-03-20T13:52:06.869+0000][7][safepoint   ] Safepoint "Cleanup", Time since last: 1000317739 ns, Reaching safepoint: 647953 ns, At safepoint: 21661 ns, Total: 669614 ns
[2025-03-20T13:52:07.871+0000][7][safepoint   ] Safepoint "Cleanup", Time since last: 1000914984 ns, Reaching safepoint: 1058866 ns, At safepoint: 6512 ns, Total: 1065378 ns
[2025-03-20T13:52:09.873+0000][7][safepoint   ] Safepoint "Cleanup", Time since last: 2001464718 ns, Reaching safepoint: 1069224 ns, At safepoint: 6903 ns, Total: 1076127 ns
[2025-03-20T13:52:10.874+0000][7][safepoint   ] Safepoint "Cleanup", Time since last: 1000701839 ns, Reaching safepoint: 65835 ns, At safepoint: 3998 ns, Total: 69833 ns
[2025-03-20T13:52:11.875+0000][7][safepoint   ] Safepoint "Cleanup", Time since last: 1000326063 ns, Reaching safepoint: 272899 ns, At safepoint: 36660 ns, Total: 309559 ns
[2025-03-20T13:52:12.876+0000][7][safepoint   ] Safepoint "Cleanup", Time since last: 1000916255 ns, Reaching safepoint: 246249 ns, At safepoint: 29225 ns, Total: 275474 ns
[2025-03-20T13:52:14.877+0000][7][safepoint   ] Safepoint "Cleanup", Time since last: 2001314960 ns, Reaching safepoint: 95842 ns, At safepoint: 5420 ns, Total: 101262 ns
[2025-03-20T13:52:16.879+0000][7][safepoint   ] Safepoint "Cleanup", Time since last: 2001086161 ns, Reaching safepoint: 159093 ns, At safepoint: 5180 ns, Total: 164273 ns
[2025-03-20T13:52:17.879+0000][7][safepoint   ] Safepoint "Cleanup", Time since last: 1000212208 ns, Reaching safepoint: 127163 ns, At safepoint: 4759 ns, Total: 131922 ns
[2025-03-20T13:52:19.881+0000][7][safepoint   ] Safepoint "Cleanup", Time since last: 2001743350 ns, Reaching safepoint: 525379 ns, At safepoint: 9708 ns, Total: 535087 ns
[2025-03-20T13:52:20.882+0000][7][safepoint   ] Safepoint "Cleanup", Time since last: 1000440097 ns, Reaching safepoint: 74712 ns, At safepoint: 3878 ns, Total: 78590 ns
[2025-03-20T13:52:21.883+0000][7][safepoint   ] Safepoint "Cleanup", Time since last: 1000628029 ns, Reaching safepoint: 67839 ns, At safepoint: 4278 ns, Total: 72117 ns
[2025-03-20T13:52:22.884+0000][7][safepoint   ] Safepoint "Cleanup", Time since last: 1000746817 ns, Reaching safepoint: 216252 ns, At safepoint: 6082 ns, Total: 222334 ns
[2025-03-20T13:52:24.885+0000][7][safepoint   ] Safepoint "Cleanup", Time since last: 2001413246 ns, Reaching safepoint: 124547 ns, At safepoint: 7054 ns, Total: 131601 ns
[2025-03-20T13:52:25.886+0000][7][safepoint   ] Safepoint "Cleanup", Time since last: 1000603076 ns, Reaching safepoint: 90753 ns, At safepoint: 4137 ns, Total: 94890 ns
[2025-03-20T13:52:26.887+0000][7][safepoint   ] Safepoint "Cleanup", Time since last: 1001078987 ns, Reaching safepoint: 124187 ns, At safepoint: 5170 ns, Total: 129357 ns
[2025-03-20T13:52:28.889+0000][7][safepoint   ] Safepoint "Cleanup", Time since last: 2001502754 ns, Reaching safepoint: 94480 ns, At safepoint: 3667 ns, Total: 98147 ns
[2025-03-20T13:52:29.889+0000][7][safepoint   ] Safepoint "Cleanup", Time since last: 1000383818 ns, Reaching safepoint: 136821 ns, At safepoint: 4699 ns, Total: 141520 ns
[2025-03-20T13:52:31.891+0000][7][safepoint   ] Safepoint "Cleanup", Time since last: 2001251519 ns, Reaching safepoint: 123455 ns, At safepoint: 6282 ns, Total: 129737 ns
[2025-03-20T13:52:32.589+0000][7][gc,start    ] GC(42) Pause Young (Normal) (G1 Evacuation Pause)
[2025-03-20T13:52:32.589+0000][7][gc,task     ] GC(42) Using 8 workers of 8 for evacuation
[2025-03-20T13:52:32.589+0000][7][gc,age      ] GC(42) Desired survivor size 18874368 bytes, new threshold 15 (max threshold 15)
[2025-03-20T13:52:32.594+0000][7][gc,age      ] GC(42) Age table with threshold 15 (max threshold 15)
[2025-03-20T13:52:32.594+0000][7][gc,age      ] GC(42) - age   1:    1983304 bytes,    1983304 total
[2025-03-20T13:52:32.594+0000][7][gc,age      ] GC(42) - age   2:    2060480 bytes,    4043784 total
[2025-03-20T13:52:32.594+0000][7][gc,age      ] GC(42) - age   3:     229928 bytes,    4273712 total
[2025-03-20T13:52:32.594+0000][7][gc,age      ] GC(42) - age   4:       5088 bytes,    4278800 total
[2025-03-20T13:52:32.594+0000][7][gc,age      ] GC(42) - age   5:     200816 bytes,    4479616 total
[2025-03-20T13:52:32.594+0000][7][gc,age      ] GC(42) - age   6:     232416 bytes,    4712032 total
[2025-03-20T13:52:32.594+0000][7][gc,age      ] GC(42) - age   7:     170736 bytes,    4882768 total
[2025-03-20T13:52:32.594+0000][7][gc,age      ] GC(42) - age   8:     465840 bytes,    5348608 total
[2025-03-20T13:52:32.594+0000][7][gc,age      ] GC(42) - age   9:     373464 bytes,    5722072 total
[2025-03-20T13:52:32.594+0000][7][gc,age      ] GC(42) - age  10:      10824 bytes,    5732896 total
[2025-03-20T13:52:32.594+0000][7][gc,age      ] GC(42) - age  11:       6776 bytes,    5739672 total
[2025-03-20T13:52:32.594+0000][7][gc,age      ] GC(42) - age  12:       8320 bytes,    5747992 total
[2025-03-20T13:52:32.594+0000][7][gc,age      ] GC(42) - age  13:     232016 bytes,    5980008 total
[2025-03-20T13:52:32.594+0000][7][gc,age      ] GC(42) - age  14:     249816 bytes,    6229824 total
[2025-03-20T13:52:32.594+0000][7][gc,age      ] GC(42) - age  15:    1483720 bytes,    7713544 total
[2025-03-20T13:52:32.594+0000][7][gc,phases   ] GC(42)   Pre Evacuate Collection Set: 0.1ms
[2025-03-20T13:52:32.594+0000][7][gc,phases   ] GC(42)   Merge Heap Roots: 0.1ms
[2025-03-20T13:52:32.594+0000][7][gc,phases   ] GC(42)   Evacuate Collection Set: 3.0ms
[2025-03-20T13:52:32.594+0000][7][gc,phases   ] GC(42)   Post Evacuate Collection Set: 1.1ms
[2025-03-20T13:52:32.594+0000][7][gc,phases   ] GC(42)   Other: 0.2ms
[2025-03-20T13:52:32.594+0000][7][gc,heap     ] GC(42) Eden regions: 70->0(70)
[2025-03-20T13:52:32.594+0000][7][gc,heap     ] GC(42) Survivor regions: 2->2(9)
[2025-03-20T13:52:32.594+0000][7][gc,heap     ] GC(42) Old regions: 26->26
[2025-03-20T13:52:32.594+0000][7][gc,heap     ] GC(42) Archive regions: 2->2
[2025-03-20T13:52:32.594+0000][7][gc,heap     ] GC(42) Humongous regions: 5->5
[2025-03-20T13:52:32.594+0000][7][gc,metaspace] GC(42) Metaspace: 118775K(120448K)->118775K(120448K) NonClass: 103293K(104192K)->103293K(104192K) Class: 15482K(16256K)->15482K(16256K)
[2025-03-20T13:52:32.594+0000][7][gc          ] GC(42) Pause Young (Normal) (G1 Evacuation Pause) 412M->132M(512M) 4.667ms
[2025-03-20T13:52:32.594+0000][7][gc,cpu      ] GC(42) User=0.01s Sys=0.00s Real=0.00s
[2025-03-20T13:52:32.594+0000][7][safepoint   ] Safepoint "G1CollectForAllocation", Time since last: 698612181 ns, Reaching safepoint: 124106 ns, At safepoint: 4750524 ns, Total: 4874630 ns
[2025-03-20T13:52:33.595+0000][7][safepoint   ] Safepoint "Cleanup", Time since last: 1000396547 ns, Reaching safepoint: 170013 ns, At safepoint: 7184 ns, Total: 177197 ns
[2025-03-20T13:52:34.596+0000][7][safepoint   ] Safepoint "Cleanup", Time since last: 1001167946 ns, Reaching safepoint: 121461 ns, At safepoint: 5180 ns, Total: 126641 ns
[2025-03-20T13:52:35.597+0000][7][safepoint   ] Safepoint "Cleanup", Time since last: 1000790077 ns, Reaching safepoint: 92596 ns, At safepoint: 4168 ns, Total: 96764 ns
[2025-03-20T13:52:37.598+0000][7][safepoint   ] Safepoint "Cleanup", Time since last: 2001535398 ns, Reaching safepoint: 105310 ns, At safepoint: 4148 ns, Total: 109458 ns
[2025-03-20T13:52:38.600+0000][7][safepoint   ] Safepoint "Cleanup", Time since last: 1001007174 ns, Reaching safepoint: 141620 ns, At safepoint: 6793 ns, Total: 148413 ns
[2025-03-20T13:52:39.600+0000][7][safepoint   ] Safepoint "Cleanup", Time since last: 1000393490 ns, Reaching safepoint: 91174 ns, At safepoint: 12253 ns, Total: 103427 ns
[2025-03-20T13:52:41.602+0000][7][safepoint   ] Safepoint "Cleanup", Time since last: 2001509380 ns, Reaching safepoint: 295002 ns, At safepoint: 10490 ns, Total: 305492 ns
[2025-03-20T13:52:42.602+0000][7][safepoint   ] Safepoint "Cleanup", Time since last: 1000506786 ns, Reaching safepoint: 127453 ns, At safepoint: 3987 ns, Total: 131440 ns
[2025-03-20T13:52:44.604+0000][7][safepoint   ] Safepoint "Cleanup", Time since last: 2001489362 ns, Reaching safepoint: 132282 ns, At safepoint: 4608 ns, Total: 136890 ns
[2025-03-20T13:52:47.606+0000][7][safepoint   ] Safepoint "Cleanup", Time since last: 3001626393 ns, Reaching safepoint: 103928 ns, At safepoint: 4779 ns, Total: 108707 ns
[2025-03-20T13:52:49.607+0000][7][safepoint   ] Safepoint "Cleanup", Time since last: 2000972859 ns, Reaching safepoint: 98968 ns, At safepoint: 4539 ns, Total: 103507 ns
[2025-03-20T13:52:50.607+0000][7][safepoint   ] Safepoint "Cleanup", Time since last: 1000290781 ns, Reaching safepoint: 134106 ns, At safepoint: 4468 ns, Total: 138574 ns
[2025-03-20T13:52:52.608+0000][7][safepoint   ] Safepoint "Cleanup", Time since last: 2000252957 ns, Reaching safepoint: 105241 ns, At safepoint: 5661 ns, Total: 110902 ns
[2025-03-20T13:52:54.608+0000][7][safepoint   ] Safepoint "Cleanup", Time since last: 2000501156 ns, Reaching safepoint: 82227 ns, At safepoint: 2925 ns, Total: 85152 ns
[2025-03-20T13:52:56.609+0000][7][safepoint   ] Safepoint "Cleanup", Time since last: 2000704526 ns, Reaching safepoint: 78680 ns, At safepoint: 4288 ns, Total: 82968 ns
[2025-03-20T13:52:57.610+0000][7][safepoint   ] Safepoint "Cleanup", Time since last: 1000606938 ns, Reaching safepoint: 163471 ns, At safepoint: 7014 ns, Total: 170485 ns
[2025-03-20T13:52:58.611+0000][7][safepoint   ] Safepoint "Cleanup", Time since last: 1000740304 ns, Reaching safepoint: 133494 ns, At safepoint: 11813 ns, Total: 145307 ns
[2025-03-20T13:52:59.611+0000][7][safepoint   ] Safepoint "Cleanup", Time since last: 1000500906 ns, Reaching safepoint: 83229 ns, At safepoint: 4037 ns, Total: 87266 ns
[2025-03-20T13:53:01.613+0000][7][safepoint   ] Safepoint "Cleanup", Time since last: 2001244322 ns, Reaching safepoint: 143823 ns, At safepoint: 12093 ns, Total: 155916 ns
[2025-03-20T13:53:02.613+0000][7][safepoint   ] Safepoint "Cleanup", Time since last: 1000441052 ns, Reaching safepoint: 100061 ns, At safepoint: 4428 ns, Total: 104489 ns
[2025-03-20T13:53:03.614+0000][7][safepoint   ] Safepoint "Cleanup", Time since last: 1000883929 ns, Reaching safepoint: 136861 ns, At safepoint: 4849 ns, Total: 141710 ns
[2025-03-20T13:53:04.615+0000][7][safepoint   ] Safepoint "Cleanup", Time since last: 1000569287 ns, Reaching safepoint: 89501 ns, At safepoint: 3967 ns, Total: 93468 ns
[2025-03-20T13:53:05.615+0000][7][safepoint   ] Safepoint "Cleanup", Time since last: 1000125749 ns, Reaching safepoint: 109058 ns, At safepoint: 4629 ns, Total: 113687 ns
[2025-03-20T13:53:06.616+0000][7][safepoint   ] Safepoint "Cleanup", Time since last: 1000408034 ns, Reaching safepoint: 95832 ns, At safepoint: 4238 ns, Total: 100070 ns
[2025-03-20T13:53:07.617+0000][7][safepoint   ] Safepoint "Cleanup", Time since last: 1000186313 ns, Reaching safepoint: 713519 ns, At safepoint: 7083 ns, Total: 720602 ns
[2025-03-20T13:53:08.617+0000][7][safepoint   ] Safepoint "Cleanup", Time since last: 1000375953 ns, Reaching safepoint: 100191 ns, At safepoint: 3848 ns, Total: 104039 ns
[2025-03-20T13:53:09.618+0000][7][safepoint   ] Safepoint "Cleanup", Time since last: 1000475535 ns, Reaching safepoint: 131029 ns, At safepoint: 9338 ns, Total: 140367 ns
[2025-03-20T13:53:10.619+0000][7][safepoint   ] Safepoint "Cleanup", Time since last: 1000161850 ns, Reaching safepoint: 894323 ns, At safepoint: 21061 ns, Total: 915384 ns
[2025-03-20T13:53:11.620+0000][7][safepoint   ] Safepoint "Cleanup", Time since last: 1001047897 ns, Reaching safepoint: 185103 ns, At safepoint: 7684 ns, Total: 192787 ns
[2025-03-20T13:53:12.621+0000][7][safepoint   ] Safepoint "Cleanup", Time since last: 1000300386 ns, Reaching safepoint: 186034 ns, At safepoint: 5852 ns, Total: 191886 ns
[2025-03-20T13:53:14.622+0000][7][safepoint   ] Safepoint "Cleanup", Time since last: 2001516346 ns, Reaching safepoint: 131130 ns, At safepoint: 4108 ns, Total: 135238 ns
[2025-03-20T13:53:14.711+0000][7][gc,start    ] GC(43) Pause Young (Normal) (G1 Evacuation Pause)
[2025-03-20T13:53:14.711+0000][7][gc,task     ] GC(43) Using 8 workers of 8 for evacuation
[2025-03-20T13:53:14.711+0000][7][gc,age      ] GC(43) Desired survivor size 18874368 bytes, new threshold 15 (max threshold 15)
[2025-03-20T13:53:14.717+0000][7][gc,age      ] GC(43) Age table with threshold 15 (max threshold 15)
[2025-03-20T13:53:14.717+0000][7][gc,age      ] GC(43) - age   1:    1333936 bytes,    1333936 total
[2025-03-20T13:53:14.717+0000][7][gc,age      ] GC(43) - age   2:      22320 bytes,    1356256 total
[2025-03-20T13:53:14.717+0000][7][gc,age      ] GC(43) - age   3:    1822712 bytes,    3178968 total
[2025-03-20T13:53:14.717+0000][7][gc,age      ] GC(43) - age   4:     229672 bytes,    3408640 total
[2025-03-20T13:53:14.717+0000][7][gc,age      ] GC(43) - age   5:       4896 bytes,    3413536 total
[2025-03-20T13:53:14.717+0000][7][gc,age      ] GC(43) - age   6:     200752 bytes,    3614288 total
[2025-03-20T13:53:14.717+0000][7][gc,age      ] GC(43) - age   7:     232416 bytes,    3846704 total
[2025-03-20T13:53:14.717+0000][7][gc,age      ] GC(43) - age   8:     170736 bytes,    4017440 total
[2025-03-20T13:53:14.717+0000][7][gc,age      ] GC(43) - age   9:     465744 bytes,    4483184 total
[2025-03-20T13:53:14.717+0000][7][gc,age      ] GC(43) - age  10:     373336 bytes,    4856520 total
[2025-03-20T13:53:14.717+0000][7][gc,age      ] GC(43) - age  11:      10824 bytes,    4867344 total
[2025-03-20T13:53:14.717+0000][7][gc,age      ] GC(43) - age  12:       6776 bytes,    4874120 total
[2025-03-20T13:53:14.717+0000][7][gc,age      ] GC(43) - age  13:       8320 bytes,    4882440 total
[2025-03-20T13:53:14.717+0000][7][gc,age      ] GC(43) - age  14:     232016 bytes,    5114456 total
[2025-03-20T13:53:14.717+0000][7][gc,age      ] GC(43) - age  15:     249816 bytes,    5364272 total
[2025-03-20T13:53:14.717+0000][7][gc,phases   ] GC(43)   Pre Evacuate Collection Set: 0.2ms
[2025-03-20T13:53:14.717+0000][7][gc,phases   ] GC(43)   Merge Heap Roots: 0.1ms
[2025-03-20T13:53:14.717+0000][7][gc,phases   ] GC(43)   Evacuate Collection Set: 4.6ms
[2025-03-20T13:53:14.717+0000][7][gc,phases   ] GC(43)   Post Evacuate Collection Set: 1.0ms
[2025-03-20T13:53:14.717+0000][7][gc,phases   ] GC(43)   Other: 0.3ms
[2025-03-20T13:53:14.717+0000][7][gc,heap     ] GC(43) Eden regions: 70->0(71)
[2025-03-20T13:53:14.717+0000][7][gc,heap     ] GC(43) Survivor regions: 2->2(9)
[2025-03-20T13:53:14.717+0000][7][gc,heap     ] GC(43) Old regions: 26->26
[2025-03-20T13:53:14.717+0000][7][gc,heap     ] GC(43) Archive regions: 2->2
[2025-03-20T13:53:14.717+0000][7][gc,heap     ] GC(43) Humongous regions: 5->5
[2025-03-20T13:53:14.717+0000][7][gc,metaspace] GC(43) Metaspace: 118837K(120576K)->118837K(120576K) NonClass: 103352K(104320K)->103352K(104320K) Class: 15484K(16256K)->15484K(16256K)
[2025-03-20T13:53:14.717+0000][7][gc          ] GC(43) Pause Young (Normal) (G1 Evacuation Pause) 412M->132M(512M) 6.164ms
[2025-03-20T13:53:14.717+0000][7][gc,cpu      ] GC(43) User=0.02s Sys=0.00s Real=0.00s
[2025-03-20T13:53:14.718+0000][7][safepoint   ] Safepoint "G1CollectForAllocation", Time since last: 88505819 ns, Reaching safepoint: 99019 ns, At safepoint: 6854723 ns, Total: 6953742 ns
[2025-03-20T13:53:17.720+0000][7][safepoint   ] Safepoint "Cleanup", Time since last: 3002477967 ns, Reaching safepoint: 122824 ns, At safepoint: 12664 ns, Total: 135488 ns
[2025-03-20T13:53:19.722+0000][7][safepoint   ] Safepoint "Cleanup", Time since last: 2001657852 ns, Reaching safepoint: 227213 ns, At safepoint: 40337 ns, Total: 267550 ns
[2025-03-20T13:53:20.724+0000][7][safepoint   ] Safepoint "Cleanup", Time since last: 1000578495 ns, Reaching safepoint: 957319 ns, At safepoint: 15740 ns, Total: 973059 ns
[2025-03-20T13:53:21.724+0000][7][safepoint   ] Safepoint "Cleanup", Time since last: 1000096907 ns, Reaching safepoint: 104839 ns, At safepoint: 23615 ns, Total: 128454 ns
[2025-03-20T13:53:22.724+0000][7][safepoint   ] Safepoint "Cleanup", Time since last: 1000162102 ns, Reaching safepoint: 80854 ns, At safepoint: 4068 ns, Total: 84922 ns
[2025-03-20T13:53:24.726+0000][7][safepoint   ] Safepoint "Cleanup", Time since last: 2001492771 ns, Reaching safepoint: 127263 ns, At safepoint: 35547 ns, Total: 162810 ns
[2025-03-20T13:53:26.727+0000][7][safepoint   ] Safepoint "Cleanup", Time since last: 2000901115 ns, Reaching safepoint: 148814 ns, At safepoint: 5250 ns, Total: 154064 ns
[2025-03-20T13:53:27.727+0000][7][safepoint   ] Safepoint "Cleanup", Time since last: 1000334000 ns, Reaching safepoint: 115270 ns, At safepoint: 4719 ns, Total: 119989 ns
[2025-03-20T13:53:28.729+0000][7][safepoint   ] Safepoint "Cleanup", Time since last: 1001127305 ns, Reaching safepoint: 128685 ns, At safepoint: 7805 ns, Total: 136490 ns
[2025-03-20T13:53:29.729+0000][7][safepoint   ] Safepoint "Cleanup", Time since last: 1000300055 ns, Reaching safepoint: 141119 ns, At safepoint: 8156 ns, Total: 149275 ns
[2025-03-20T13:53:32.731+0000][7][safepoint   ] Safepoint "Cleanup", Time since last: 3001359004 ns, Reaching safepoint: 145136 ns, At safepoint: 4418 ns, Total: 149554 ns
[2025-03-20T13:53:33.732+0000][7][safepoint   ] Safepoint "Cleanup", Time since last: 1000783938 ns, Reaching safepoint: 129897 ns, At safepoint: 6683 ns, Total: 136580 ns
[2025-03-20T13:53:34.733+0000][7][safepoint   ] Safepoint "Cleanup", Time since last: 1000878323 ns, Reaching safepoint: 1047670 ns, At safepoint: 20219 ns, Total: 1067889 ns
[2025-03-20T13:53:35.735+0000][7][safepoint   ] Safepoint "Cleanup", Time since last: 1001037598 ns, Reaching safepoint: 132672 ns, At safepoint: 18245 ns, Total: 150917 ns
[2025-03-20T13:53:37.736+0000][7][safepoint   ] Safepoint "Cleanup", Time since last: 2001073367 ns, Reaching safepoint: 70354 ns, At safepoint: 5089 ns, Total: 75443 ns
[2025-03-20T13:53:38.737+0000][7][safepoint   ] Safepoint "Cleanup", Time since last: 1000297829 ns, Reaching safepoint: 1076329 ns, At safepoint: 26791 ns, Total: 1103120 ns
[2025-03-20T13:53:39.738+0000][7][safepoint   ] Safepoint "Cleanup", Time since last: 1001007910 ns, Reaching safepoint: 82217 ns, At safepoint: 3937 ns, Total: 86154 ns
[2025-03-20T13:53:41.739+0000][7][safepoint   ] Safepoint "Cleanup", Time since last: 2000708614 ns, Reaching safepoint: 116612 ns, At safepoint: 4669 ns, Total: 121281 ns
[2025-03-20T13:53:42.740+0000][7][safepoint   ] Safepoint "Cleanup", Time since last: 1000587834 ns, Reaching safepoint: 121582 ns, At safepoint: 4268 ns, Total: 125850 ns
[2025-03-20T13:53:43.740+0000][7][safepoint   ] Safepoint "Cleanup", Time since last: 1000253402 ns, Reaching safepoint: 71716 ns, At safepoint: 4248 ns, Total: 75964 ns
[2025-03-20T13:53:44.741+0000][7][safepoint   ] Safepoint "Cleanup", Time since last: 1000628689 ns, Reaching safepoint: 133982 ns, At safepoint: 6763 ns, Total: 140745 ns
[2025-03-20T13:53:45.742+0000][7][safepoint   ] Safepoint "Cleanup", Time since last: 1000912483 ns, Reaching safepoint: 116161 ns, At safepoint: 6332 ns, Total: 122493 ns
[2025-03-20T13:53:47.743+0000][7][safepoint   ] Safepoint "Cleanup", Time since last: 2000673718 ns, Reaching safepoint: 95412 ns, At safepoint: 4188 ns, Total: 99600 ns
[2025-03-20T13:53:49.743+0000][7][safepoint   ] Safepoint "Cleanup", Time since last: 2000401868 ns, Reaching safepoint: 89721 ns, At safepoint: 4127 ns, Total: 93848 ns
[2025-03-20T13:53:50.744+0000][7][safepoint   ] Safepoint "Cleanup", Time since last: 1000807658 ns, Reaching safepoint: 112825 ns, At safepoint: 5370 ns, Total: 118195 ns
[2025-03-20T13:53:52.746+0000][7][safepoint   ] Safepoint "Cleanup", Time since last: 2001421040 ns, Reaching safepoint: 104810 ns, At safepoint: 4609 ns, Total: 109419 ns
[2025-03-20T13:53:53.747+0000][7][safepoint   ] Safepoint "Cleanup", Time since last: 1001195609 ns, Reaching safepoint: 164603 ns, At safepoint: 20800 ns, Total: 185403 ns
[2025-03-20T13:53:54.749+0000][7][safepoint   ] Safepoint "Cleanup", Time since last: 1000678706 ns, Reaching safepoint: 1015604 ns, At safepoint: 23134 ns, Total: 1038738 ns
[2025-03-20T13:53:55.749+0000][7][safepoint   ] Safepoint "Cleanup", Time since last: 1000242101 ns, Reaching safepoint: 92997 ns, At safepoint: 16832 ns, Total: 109829 ns
[2025-03-20T13:53:55.878+0000][7][gc,start    ] GC(44) Pause Young (Normal) (G1 Evacuation Pause)
[2025-03-20T13:53:55.878+0000][7][gc,task     ] GC(44) Using 8 workers of 8 for evacuation
[2025-03-20T13:53:55.878+0000][7][gc,age      ] GC(44) Desired survivor size 20971520 bytes, new threshold 15 (max threshold 15)
[2025-03-20T13:53:55.882+0000][7][gc,age      ] GC(44) Age table with threshold 15 (max threshold 15)
[2025-03-20T13:53:55.882+0000][7][gc,age      ] GC(44) - age   1:    2677368 bytes,    2677368 total
[2025-03-20T13:53:55.882+0000][7][gc,age      ] GC(44) - age   2:     231480 bytes,    2908848 total
[2025-03-20T13:53:55.882+0000][7][gc,age      ] GC(44) - age   3:      18984 bytes,    2927832 total
[2025-03-20T13:53:55.882+0000][7][gc,age      ] GC(44) - age   4:    1821424 bytes,    4749256 total
[2025-03-20T13:53:55.882+0000][7][gc,age      ] GC(44) - age   5:     229512 bytes,    4978768 total
[2025-03-20T13:53:55.882+0000][7][gc,age      ] GC(44) - age   6:       4832 bytes,    4983600 total
[2025-03-20T13:53:55.882+0000][7][gc,age      ] GC(44) - age   7:     200752 bytes,    5184352 total
[2025-03-20T13:53:55.882+0000][7][gc,age      ] GC(44) - age   8:     232416 bytes,    5416768 total
[2025-03-20T13:53:55.882+0000][7][gc,age      ] GC(44) - age   9:     170736 bytes,    5587504 total
[2025-03-20T13:53:55.882+0000][7][gc,age      ] GC(44) - age  10:     465744 bytes,    6053248 total
[2025-03-20T13:53:55.882+0000][7][gc,age      ] GC(44) - age  11:     370648 bytes,    6423896 total
[2025-03-20T13:53:55.882+0000][7][gc,age      ] GC(44) - age  12:      10824 bytes,    6434720 total
[2025-03-20T13:53:55.882+0000][7][gc,age      ] GC(44) - age  13:       6776 bytes,    6441496 total
[2025-03-20T13:53:55.882+0000][7][gc,age      ] GC(44) - age  14:       8320 bytes,    6449816 total
[2025-03-20T13:53:55.882+0000][7][gc,age      ] GC(44) - age  15:     232016 bytes,    6681832 total
[2025-03-20T13:53:55.882+0000][7][gc,phases   ] GC(44)   Pre Evacuate Collection Set: 0.2ms
[2025-03-20T13:53:55.882+0000][7][gc,phases   ] GC(44)   Merge Heap Roots: 0.1ms
[2025-03-20T13:53:55.882+0000][7][gc,phases   ] GC(44)   Evacuate Collection Set: 2.7ms
[2025-03-20T13:53:55.882+0000][7][gc,phases   ] GC(44)   Post Evacuate Collection Set: 1.2ms
[2025-03-20T13:53:55.882+0000][7][gc,phases   ] GC(44)   Other: 0.3ms
[2025-03-20T13:53:55.882+0000][7][gc,heap     ] GC(44) Eden regions: 71->0(70)
[2025-03-20T13:53:55.882+0000][7][gc,heap     ] GC(44) Survivor regions: 2->2(10)
[2025-03-20T13:53:55.882+0000][7][gc,heap     ] GC(44) Old regions: 26->26
[2025-03-20T13:53:55.882+0000][7][gc,heap     ] GC(44) Archive regions: 2->2
[2025-03-20T13:53:55.882+0000][7][gc,heap     ] GC(44) Humongous regions: 5->5
[2025-03-20T13:53:55.882+0000][7][gc,metaspace] GC(44) Metaspace: 118874K(120576K)->118874K(120576K) NonClass: 103389K(104320K)->103389K(104320K) Class: 15484K(16256K)->15484K(16256K)
[2025-03-20T13:53:55.882+0000][7][gc          ] GC(44) Pause Young (Normal) (G1 Evacuation Pause) 416M->133M(512M) 4.488ms
[2025-03-20T13:53:55.882+0000][7][gc,cpu      ] GC(44) User=0.02s Sys=0.00s Real=0.01s
[2025-03-20T13:53:55.882+0000][7][safepoint   ] Safepoint "G1CollectForAllocation", Time since last: 128455953 ns, Reaching safepoint: 84681 ns, At safepoint: 4587379 ns, Total: 4672060 ns
[2025-03-20T13:53:56.883+0000][7][safepoint   ] Safepoint "Cleanup", Time since last: 1000390109 ns, Reaching safepoint: 60164 ns, At safepoint: 3327 ns, Total: 63491 ns
[2025-03-20T13:53:57.884+0000][7][safepoint   ] Safepoint "Cleanup", Time since last: 1001046933 ns, Reaching safepoint: 108166 ns, At safepoint: 4769 ns, Total: 112935 ns
[2025-03-20T13:53:58.885+0000][7][safepoint   ] Safepoint "Cleanup", Time since last: 1000982064 ns, Reaching safepoint: 102255 ns, At safepoint: 3737 ns, Total: 105992 ns
[2025-03-20T13:53:59.886+0000][7][safepoint   ] Safepoint "Cleanup", Time since last: 1000770260 ns, Reaching safepoint: 83218 ns, At safepoint: 3747 ns, Total: 86965 ns
[2025-03-20T13:54:01.887+0000][7][safepoint   ] Safepoint "Cleanup", Time since last: 2000628597 ns, Reaching safepoint: 130849 ns, At safepoint: 3958 ns, Total: 134807 ns
[2025-03-20T13:54:02.888+0000][7][safepoint   ] Safepoint "Cleanup", Time since last: 1001027578 ns, Reaching safepoint: 76837 ns, At safepoint: 3757 ns, Total: 80594 ns
[2025-03-20T13:54:04.889+0000][7][safepoint   ] Safepoint "Cleanup", Time since last: 2001428698 ns, Reaching safepoint: 129256 ns, At safepoint: 13436 ns, Total: 142692 ns
[2025-03-20T13:54:05.890+0000][7][safepoint   ] Safepoint "Cleanup", Time since last: 1000412865 ns, Reaching safepoint: 76857 ns, At safepoint: 4098 ns, Total: 80955 ns
[2025-03-20T13:54:07.891+0000][7][safepoint   ] Safepoint "Cleanup", Time since last: 2001619333 ns, Reaching safepoint: 90222 ns, At safepoint: 3847 ns, Total: 94069 ns
[2025-03-20T13:54:09.892+0000][7][safepoint   ] Safepoint "Cleanup", Time since last: 2000888597 ns, Reaching safepoint: 76506 ns, At safepoint: 3647 ns, Total: 80153 ns
[2025-03-20T13:54:10.893+0000][7][safepoint   ] Safepoint "Cleanup", Time since last: 1000299251 ns, Reaching safepoint: 109749 ns, At safepoint: 4679 ns, Total: 114428 ns
[2025-03-20T13:54:12.895+0000][7][safepoint   ] Safepoint "Cleanup", Time since last: 2002055579 ns, Reaching safepoint: 139656 ns, At safepoint: 6562 ns, Total: 146218 ns
[2025-03-20T13:54:14.897+0000][7][safepoint   ] Safepoint "Cleanup", Time since last: 2001154262 ns, Reaching safepoint: 608298 ns, At safepoint: 29035 ns, Total: 637333 ns
[2025-03-20T13:54:15.898+0000][7][safepoint   ] Safepoint "Cleanup", Time since last: 1000519314 ns, Reaching safepoint: 163081 ns, At safepoint: 22092 ns, Total: 185173 ns
[2025-03-20T13:54:16.898+0000][7][safepoint   ] Safepoint "Cleanup", Time since last: 1000612355 ns, Reaching safepoint: 93588 ns, At safepoint: 3306 ns, Total: 96894 ns
[2025-03-20T13:54:17.899+0000][7][safepoint   ] Safepoint "Cleanup", Time since last: 1000404033 ns, Reaching safepoint: 125439 ns, At safepoint: 4799 ns, Total: 130238 ns
[2025-03-20T13:54:19.900+0000][7][safepoint   ] Safepoint "Cleanup", Time since last: 2001155374 ns, Reaching safepoint: 80714 ns, At safepoint: 3396 ns, Total: 84110 ns
[2025-03-20T13:54:20.901+0000][7][safepoint   ] Safepoint "Cleanup", Time since last: 1001076495 ns, Reaching safepoint: 133705 ns, At safepoint: 9608 ns, Total: 143313 ns
[2025-03-20T13:54:22.903+0000][7][safepoint   ] Safepoint "Cleanup", Time since last: 2001428511 ns, Reaching safepoint: 99670 ns, At safepoint: 4488 ns, Total: 104158 ns
[2025-03-20T13:54:23.903+0000][7][safepoint   ] Safepoint "Cleanup", Time since last: 1000487961 ns, Reaching safepoint: 130619 ns, At safepoint: 6462 ns, Total: 137081 ns
[2025-03-20T13:54:24.905+0000][7][safepoint   ] Safepoint "Cleanup", Time since last: 1000988786 ns, Reaching safepoint: 111121 ns, At safepoint: 4339 ns, Total: 115460 ns
[2025-03-20T13:54:25.905+0000][7][safepoint   ] Safepoint "Cleanup", Time since last: 1000315875 ns, Reaching safepoint: 169663 ns, At safepoint: 6582 ns, Total: 176245 ns
[2025-03-20T13:54:27.906+0000][7][safepoint   ] Safepoint "Cleanup", Time since last: 2001221472 ns, Reaching safepoint: 114358 ns, At safepoint: 5721 ns, Total: 120079 ns
[2025-03-20T13:54:28.907+0000][7][safepoint   ] Safepoint "Cleanup", Time since last: 1000911085 ns, Reaching safepoint: 100391 ns, At safepoint: 3917 ns, Total: 104308 ns
[2025-03-20T13:54:29.909+0000][7][safepoint   ] Safepoint "Cleanup", Time since last: 1001019038 ns, Reaching safepoint: 92226 ns, At safepoint: 3887 ns, Total: 96113 ns
[2025-03-20T13:54:31.910+0000][7][safepoint   ] Safepoint "Cleanup", Time since last: 2001108885 ns, Reaching safepoint: 147641 ns, At safepoint: 3627 ns, Total: 151268 ns
[2025-03-20T13:54:32.911+0000][7][safepoint   ] Safepoint "Cleanup", Time since last: 1000861021 ns, Reaching safepoint: 89220 ns, At safepoint: 3838 ns, Total: 93058 ns
[2025-03-20T13:54:34.913+0000][7][safepoint   ] Safepoint "Cleanup", Time since last: 2001882920 ns, Reaching safepoint: 148222 ns, At safepoint: 5480 ns, Total: 153702 ns
[2025-03-20T13:54:36.914+0000][7][safepoint   ] Safepoint "Cleanup", Time since last: 2001474664 ns, Reaching safepoint: 114538 ns, At safepoint: 8226 ns, Total: 122764 ns
[2025-03-20T13:54:37.915+0000][7][safepoint   ] Safepoint "Cleanup", Time since last: 1000797259 ns, Reaching safepoint: 86886 ns, At safepoint: 3596 ns, Total: 90482 ns
[2025-03-20T13:54:39.916+0000][7][safepoint   ] Safepoint "Cleanup", Time since last: 2000529724 ns, Reaching safepoint: 136540 ns, At safepoint: 6022 ns, Total: 142562 ns
[2025-03-20T13:54:40.897+0000][7][gc,start    ] GC(45) Pause Young (Normal) (G1 Evacuation Pause)
[2025-03-20T13:54:40.897+0000][7][gc,task     ] GC(45) Using 8 workers of 8 for evacuation
[2025-03-20T13:54:40.897+0000][7][gc,age      ] GC(45) Desired survivor size 18874368 bytes, new threshold 15 (max threshold 15)
[2025-03-20T13:54:40.903+0000][7][gc,age      ] GC(45) Age table with threshold 15 (max threshold 15)
[2025-03-20T13:54:40.903+0000][7][gc,age      ] GC(45) - age   1:    1697760 bytes,    1697760 total
[2025-03-20T13:54:40.903+0000][7][gc,age      ] GC(45) - age   2:       9720 bytes,    1707480 total
[2025-03-20T13:54:40.903+0000][7][gc,age      ] GC(45) - age   3:      12016 bytes,    1719496 total
[2025-03-20T13:54:40.903+0000][7][gc,age      ] GC(45) - age   4:      18920 bytes,    1738416 total
[2025-03-20T13:54:40.903+0000][7][gc,age      ] GC(45) - age   5:    1821424 bytes,    3559840 total
[2025-03-20T13:54:40.903+0000][7][gc,age      ] GC(45) - age   6:     229512 bytes,    3789352 total
[2025-03-20T13:54:40.903+0000][7][gc,age      ] GC(45) - age   7:       4832 bytes,    3794184 total
[2025-03-20T13:54:40.903+0000][7][gc,age      ] GC(45) - age   8:     200632 bytes,    3994816 total
[2025-03-20T13:54:40.903+0000][7][gc,age      ] GC(45) - age   9:     232416 bytes,    4227232 total
[2025-03-20T13:54:40.903+0000][7][gc,age      ] GC(45) - age  10:     170712 bytes,    4397944 total
[2025-03-20T13:54:40.903+0000][7][gc,age      ] GC(45) - age  11:     461456 bytes,    4859400 total
[2025-03-20T13:54:40.903+0000][7][gc,age      ] GC(45) - age  12:     370648 bytes,    5230048 total
[2025-03-20T13:54:40.903+0000][7][gc,age      ] GC(45) - age  13:      10824 bytes,    5240872 total
[2025-03-20T13:54:40.903+0000][7][gc,age      ] GC(45) - age  14:       6776 bytes,    5247648 total
[2025-03-20T13:54:40.903+0000][7][gc,age      ] GC(45) - age  15:       8320 bytes,    5255968 total
[2025-03-20T13:54:40.903+0000][7][gc,phases   ] GC(45)   Pre Evacuate Collection Set: 0.1ms
[2025-03-20T13:54:40.903+0000][7][gc,phases   ] GC(45)   Merge Heap Roots: 0.0ms
[2025-03-20T13:54:40.903+0000][7][gc,phases   ] GC(45)   Evacuate Collection Set: 3.2ms
[2025-03-20T13:54:40.903+0000][7][gc,phases   ] GC(45)   Post Evacuate Collection Set: 2.4ms
[2025-03-20T13:54:40.903+0000][7][gc,phases   ] GC(45)   Other: 0.3ms
[2025-03-20T13:54:40.903+0000][7][gc,heap     ] GC(45) Eden regions: 70->0(71)
[2025-03-20T13:54:40.903+0000][7][gc,heap     ] GC(45) Survivor regions: 2->2(9)
[2025-03-20T13:54:40.903+0000][7][gc,heap     ] GC(45) Old regions: 26->26
[2025-03-20T13:54:40.903+0000][7][gc,heap     ] GC(45) Archive regions: 2->2
[2025-03-20T13:54:40.903+0000][7][gc,heap     ] GC(45) Humongous regions: 5->5
[2025-03-20T13:54:40.903+0000][7][gc,metaspace] GC(45) Metaspace: 118906K(120640K)->118906K(120640K) NonClass: 103421K(104384K)->103421K(104384K) Class: 15484K(16256K)->15484K(16256K)
[2025-03-20T13:54:40.903+0000][7][gc          ] GC(45) Pause Young (Normal) (G1 Evacuation Pause) 413M->132M(512M) 6.048ms
[2025-03-20T13:54:40.903+0000][7][gc,cpu      ] GC(45) User=0.01s Sys=0.00s Real=0.01s
[2025-03-20T13:54:40.903+0000][7][safepoint   ] Safepoint "G1CollectForAllocation", Time since last: 981189098 ns, Reaching safepoint: 118456 ns, At safepoint: 6171813 ns, Total: 6290269 ns
[2025-03-20T13:54:41.904+0000][7][safepoint   ] Safepoint "Cleanup", Time since last: 1000450714 ns, Reaching safepoint: 130279 ns, At safepoint: 4438 ns, Total: 134717 ns
[2025-03-20T13:54:42.905+0000][7][safepoint   ] Safepoint "Cleanup", Time since last: 1000960469 ns, Reaching safepoint: 154595 ns, At safepoint: 5781 ns, Total: 160376 ns
[2025-03-20T13:54:43.906+0000][7][safepoint   ] Safepoint "Cleanup", Time since last: 1000250379 ns, Reaching safepoint: 337633 ns, At safepoint: 6633 ns, Total: 344266 ns
[2025-03-20T13:54:44.907+0000][7][safepoint   ] Safepoint "Cleanup", Time since last: 1000889353 ns, Reaching safepoint: 161828 ns, At safepoint: 6803 ns, Total: 168631 ns
[2025-03-20T13:54:46.908+0000][7][safepoint   ] Safepoint "Cleanup", Time since last: 2001126162 ns, Reaching safepoint: 91875 ns, At safepoint: 3176 ns, Total: 95051 ns
[2025-03-20T13:54:47.909+0000][7][safepoint   ] Safepoint "Cleanup", Time since last: 1000738357 ns, Reaching safepoint: 90713 ns, At safepoint: 3877 ns, Total: 94590 ns
[2025-03-20T13:54:49.910+0000][7][safepoint   ] Safepoint "Cleanup", Time since last: 2001270980 ns, Reaching safepoint: 92226 ns, At safepoint: 3947 ns, Total: 96173 ns
[2025-03-20T13:54:50.911+0000][7][safepoint   ] Safepoint "Cleanup", Time since last: 1000720153 ns, Reaching safepoint: 157530 ns, At safepoint: 4539 ns, Total: 162069 ns
[2025-03-20T13:54:52.912+0000][7][safepoint   ] Safepoint "Cleanup", Time since last: 2001210518 ns, Reaching safepoint: 74542 ns, At safepoint: 3737 ns, Total: 78279 ns
[2025-03-20T13:54:54.914+0000][7][safepoint   ] Safepoint "Cleanup", Time since last: 2001035438 ns, Reaching safepoint: 165986 ns, At safepoint: 6433 ns, Total: 172419 ns
[2025-03-20T13:54:55.915+0000][7][safepoint   ] Safepoint "Cleanup", Time since last: 1001008560 ns, Reaching safepoint: 139486 ns, At safepoint: 4779 ns, Total: 144265 ns
[2025-03-20T13:54:57.916+0000][7][safepoint   ] Safepoint "Cleanup", Time since last: 2000954041 ns, Reaching safepoint: 120269 ns, At safepoint: 4789 ns, Total: 125058 ns
[2025-03-20T13:54:58.917+0000][7][safepoint   ] Safepoint "Cleanup", Time since last: 1001234524 ns, Reaching safepoint: 86856 ns, At safepoint: 4158 ns, Total: 91014 ns
[2025-03-20T13:54:59.918+0000][7][safepoint   ] Safepoint "Cleanup", Time since last: 1000248082 ns, Reaching safepoint: 139736 ns, At safepoint: 8517 ns, Total: 148253 ns
[2025-03-20T13:55:01.581+0000][7][safepoint   ] Safepoint "Cleanup", Time since last: 1663033284 ns, Reaching safepoint: 166420 ns, At safepoint: 17593 ns, Total: 184013 ns
[2025-03-20T13:55:02.582+0000][7][safepoint   ] Safepoint "Cleanup", Time since last: 1000454031 ns, Reaching safepoint: 408828 ns, At safepoint: 6282 ns, Total: 415110 ns
[2025-03-20T13:55:04.583+0000][7][safepoint   ] Safepoint "Cleanup", Time since last: 2000956051 ns, Reaching safepoint: 134025 ns, At safepoint: 4689 ns, Total: 138714 ns
[2025-03-20T13:55:05.583+0000][7][safepoint   ] Safepoint "Cleanup", Time since last: 1000304373 ns, Reaching safepoint: 142902 ns, At safepoint: 4549 ns, Total: 147451 ns
[2025-03-20T13:55:07.584+0000][7][safepoint   ] Safepoint "Cleanup", Time since last: 2000391502 ns, Reaching safepoint: 107795 ns, At safepoint: 3728 ns, Total: 111523 ns
[2025-03-20T13:55:08.584+0000][7][safepoint   ] Safepoint "Cleanup", Time since last: 1000554595 ns, Reaching safepoint: 145517 ns, At safepoint: 4338 ns, Total: 149855 ns
[2025-03-20T13:55:09.586+0000][7][safepoint   ] Safepoint "Cleanup", Time since last: 1001125995 ns, Reaching safepoint: 164423 ns, At safepoint: 4509 ns, Total: 168932 ns
[2025-03-20T13:55:11.586+0000][7][safepoint   ] Safepoint "Cleanup", Time since last: 2000424716 ns, Reaching safepoint: 115530 ns, At safepoint: 5351 ns, Total: 120881 ns
[2025-03-20T13:55:12.587+0000][7][safepoint   ] Safepoint "Cleanup", Time since last: 1000837082 ns, Reaching safepoint: 80574 ns, At safepoint: 4148 ns, Total: 84722 ns
[2025-03-20T13:55:14.588+0000][7][safepoint   ] Safepoint "Cleanup", Time since last: 2001026805 ns, Reaching safepoint: 109950 ns, At safepoint: 5570 ns, Total: 115520 ns
[2025-03-20T13:55:17.590+0000][7][safepoint   ] Safepoint "Cleanup", Time since last: 3001516135 ns, Reaching safepoint: 161537 ns, At safepoint: 11302 ns, Total: 172839 ns
[2025-03-20T13:55:19.591+0000][7][safepoint   ] Safepoint "Cleanup", Time since last: 2001154675 ns, Reaching safepoint: 107264 ns, At safepoint: 4007 ns, Total: 111271 ns
[2025-03-20T13:55:20.083+0000][7][gc,start    ] GC(46) Pause Young (Normal) (G1 Evacuation Pause)
[2025-03-20T13:55:20.083+0000][7][gc,task     ] GC(46) Using 8 workers of 8 for evacuation
[2025-03-20T13:55:20.083+0000][7][gc,age      ] GC(46) Desired survivor size 20971520 bytes, new threshold 15 (max threshold 15)
[2025-03-20T13:55:20.087+0000][7][gc,age      ] GC(46) Age table with threshold 15 (max threshold 15)
[2025-03-20T13:55:20.087+0000][7][gc,age      ] GC(46) - age   1:    2090632 bytes,    2090632 total
[2025-03-20T13:55:20.087+0000][7][gc,age      ] GC(46) - age   2:     218512 bytes,    2309144 total
[2025-03-20T13:55:20.087+0000][7][gc,age      ] GC(46) - age   3:       5608 bytes,    2314752 total
[2025-03-20T13:55:20.087+0000][7][gc,age      ] GC(46) - age   4:      11664 bytes,    2326416 total
[2025-03-20T13:55:20.087+0000][7][gc,age      ] GC(46) - age   5:      18856 bytes,    2345272 total
[2025-03-20T13:55:20.087+0000][7][gc,age      ] GC(46) - age   6:    1821360 bytes,    4166632 total
[2025-03-20T13:55:20.087+0000][7][gc,age      ] GC(46) - age   7:     229512 bytes,    4396144 total
[2025-03-20T13:55:20.087+0000][7][gc,age      ] GC(46) - age   8:       4832 bytes,    4400976 total
[2025-03-20T13:55:20.087+0000][7][gc,age      ] GC(46) - age   9:     200632 bytes,    4601608 total
[2025-03-20T13:55:20.087+0000][7][gc,age      ] GC(46) - age  10:     232416 bytes,    4834024 total
[2025-03-20T13:55:20.087+0000][7][gc,age      ] GC(46) - age  11:     152296 bytes,    4986320 total
[2025-03-20T13:55:20.087+0000][7][gc,age      ] GC(46) - age  12:     461456 bytes,    5447776 total
[2025-03-20T13:55:20.087+0000][7][gc,age      ] GC(46) - age  13:     370648 bytes,    5818424 total
[2025-03-20T13:55:20.087+0000][7][gc,age      ] GC(46) - age  14:      10824 bytes,    5829248 total
[2025-03-20T13:55:20.087+0000][7][gc,age      ] GC(46) - age  15:       6776 bytes,    5836024 total
[2025-03-20T13:55:20.087+0000][7][gc,phases   ] GC(46)   Pre Evacuate Collection Set: 0.1ms
[2025-03-20T13:55:20.087+0000][7][gc,phases   ] GC(46)   Merge Heap Roots: 0.1ms
[2025-03-20T13:55:20.087+0000][7][gc,phases   ] GC(46)   Evacuate Collection Set: 2.5ms
[2025-03-20T13:55:20.087+0000][7][gc,phases   ] GC(46)   Post Evacuate Collection Set: 1.2ms
[2025-03-20T13:55:20.087+0000][7][gc,phases   ] GC(46)   Other: 0.2ms
[2025-03-20T13:55:20.087+0000][7][gc,heap     ] GC(46) Eden regions: 71->0(71)
[2025-03-20T13:55:20.087+0000][7][gc,heap     ] GC(46) Survivor regions: 2->2(10)
[2025-03-20T13:55:20.087+0000][7][gc,heap     ] GC(46) Old regions: 26->26
[2025-03-20T13:55:20.087+0000][7][gc,heap     ] GC(46) Archive regions: 2->2
[2025-03-20T13:55:20.087+0000][7][gc,heap     ] GC(46) Humongous regions: 5->5
[2025-03-20T13:55:20.087+0000][7][gc,metaspace] GC(46) Metaspace: 118942K(120640K)->118942K(120640K) NonClass: 103457K(104384K)->103457K(104384K) Class: 15484K(16256K)->15484K(16256K)
[2025-03-20T13:55:20.087+0000][7][gc          ] GC(46) Pause Young (Normal) (G1 Evacuation Pause) 416M->132M(512M) 4.122ms
[2025-03-20T13:55:20.087+0000][7][gc,cpu      ] GC(46) User=0.01s Sys=0.00s Real=0.01s
[2025-03-20T13:55:20.087+0000][7][safepoint   ] Safepoint "G1CollectForAllocation", Time since last: 491736394 ns, Reaching safepoint: 141740 ns, At safepoint: 4212770 ns, Total: 4354510 ns
[2025-03-20T13:55:22.089+0000][7][safepoint   ] Safepoint "Cleanup", Time since last: 2001612433 ns, Reaching safepoint: 241561 ns, At safepoint: 6442 ns, Total: 248003 ns
[2025-03-20T13:55:25.091+0000][7][safepoint   ] Safepoint "Cleanup", Time since last: 3002208103 ns, Reaching safepoint: 116522 ns, At safepoint: 5400 ns, Total: 121922 ns
[2025-03-20T13:55:26.093+0000][7][safepoint   ] Safepoint "Cleanup", Time since last: 1000982694 ns, Reaching safepoint: 99259 ns, At safepoint: 3757 ns, Total: 103016 ns
[2025-03-20T13:55:27.093+0000][7][safepoint   ] Safepoint "Cleanup", Time since last: 1000447793 ns, Reaching safepoint: 134035 ns, At safepoint: 4909 ns, Total: 138944 ns
[2025-03-20T13:55:29.095+0000][7][safepoint   ] Safepoint "Cleanup", Time since last: 2001303186 ns, Reaching safepoint: 147611 ns, At safepoint: 4889 ns, Total: 152500 ns
[2025-03-20T13:55:30.095+0000][7][safepoint   ] Safepoint "Cleanup", Time since last: 1000315977 ns, Reaching safepoint: 89951 ns, At safepoint: 4899 ns, Total: 94850 ns
[2025-03-20T13:55:32.096+0000][7][safepoint   ] Safepoint "Cleanup", Time since last: 2001239458 ns, Reaching safepoint: 125259 ns, At safepoint: 9137 ns, Total: 134396 ns
[2025-03-20T13:55:33.098+0000][7][safepoint   ] Safepoint "Cleanup", Time since last: 1001135677 ns, Reaching safepoint: 89971 ns, At safepoint: 4018 ns, Total: 93989 ns
[2025-03-20T13:55:35.099+0000][7][safepoint   ] Safepoint "Cleanup", Time since last: 2001591124 ns, Reaching safepoint: 97315 ns, At safepoint: 4328 ns, Total: 101643 ns
[2025-03-20T13:55:37.100+0000][7][safepoint   ] Safepoint "Cleanup", Time since last: 2000864129 ns, Reaching safepoint: 169292 ns, At safepoint: 6312 ns, Total: 175604 ns
[2025-03-20T13:55:38.101+0000][7][safepoint   ] Safepoint "Cleanup", Time since last: 1000988462 ns, Reaching safepoint: 101627 ns, At safepoint: 9067 ns, Total: 110694 ns
[2025-03-20T13:55:39.102+0000][7][safepoint   ] Safepoint "Cleanup", Time since last: 1000564520 ns, Reaching safepoint: 127472 ns, At safepoint: 6813 ns, Total: 134285 ns
[2025-03-20T13:55:40.103+0000][7][safepoint   ] Safepoint "Cleanup", Time since last: 1000798984 ns, Reaching safepoint: 118295 ns, At safepoint: 5030 ns, Total: 123325 ns
[2025-03-20T13:55:41.104+0000][7][safepoint   ] Safepoint "Cleanup", Time since last: 1000469510 ns, Reaching safepoint: 140027 ns, At safepoint: 4158 ns, Total: 144185 ns
[2025-03-20T13:55:42.104+0000][7][safepoint   ] Safepoint "Cleanup", Time since last: 1000304299 ns, Reaching safepoint: 97305 ns, At safepoint: 3727 ns, Total: 101032 ns
[2025-03-20T13:55:45.105+0000][7][safepoint   ] Safepoint "Cleanup", Time since last: 3000957693 ns, Reaching safepoint: 107765 ns, At safepoint: 3787 ns, Total: 111552 ns
[2025-03-20T13:55:47.106+0000][7][safepoint   ] Safepoint "Cleanup", Time since last: 2000695517 ns, Reaching safepoint: 114979 ns, At safepoint: 5480 ns, Total: 120459 ns
[2025-03-20T13:55:50.108+0000][7][safepoint   ] Safepoint "Cleanup", Time since last: 3001923221 ns, Reaching safepoint: 124578 ns, At safepoint: 4368 ns, Total: 128946 ns
[2025-03-20T13:55:52.110+0000][7][safepoint   ] Safepoint "Cleanup", Time since last: 2001654244 ns, Reaching safepoint: 92616 ns, At safepoint: 4478 ns, Total: 97094 ns
[2025-03-20T13:55:55.112+0000][7][safepoint   ] Safepoint "Cleanup", Time since last: 3001728769 ns, Reaching safepoint: 148663 ns, At safepoint: 4459 ns, Total: 153122 ns
[2025-03-20T13:55:56.113+0000][7][safepoint   ] Safepoint "Cleanup", Time since last: 1000873636 ns, Reaching safepoint: 107784 ns, At safepoint: 6853 ns, Total: 114637 ns
[2025-03-20T13:55:57.113+0000][7][safepoint   ] Safepoint "Cleanup", Time since last: 1000438446 ns, Reaching safepoint: 83408 ns, At safepoint: 3467 ns, Total: 86875 ns
[2025-03-20T13:55:59.115+0000][7][safepoint   ] Safepoint "Cleanup", Time since last: 2001250680 ns, Reaching safepoint: 97215 ns, At safepoint: 4058 ns, Total: 101273 ns
[2025-03-20T13:56:00.115+0000][7][safepoint   ] Safepoint "Cleanup", Time since last: 1000593247 ns, Reaching safepoint: 96143 ns, At safepoint: 5360 ns, Total: 101503 ns
[2025-03-20T13:56:02.117+0000][7][safepoint   ] Safepoint "Cleanup", Time since last: 2001492263 ns, Reaching safepoint: 130839 ns, At safepoint: 6773 ns, Total: 137612 ns
[2025-03-20T13:56:03.118+0000][7][safepoint   ] Safepoint "Cleanup", Time since last: 1000586935 ns, Reaching safepoint: 108226 ns, At safepoint: 7885 ns, Total: 116111 ns
[2025-03-20T13:56:05.119+0000][7][safepoint   ] Safepoint "Cleanup", Time since last: 2000807968 ns, Reaching safepoint: 168935 ns, At safepoint: 7775 ns, Total: 176710 ns
[2025-03-20T13:56:07.073+0000][7][gc,start    ] GC(47) Pause Young (Normal) (G1 Evacuation Pause)
[2025-03-20T13:56:07.073+0000][7][gc,task     ] GC(47) Using 8 workers of 8 for evacuation
[2025-03-20T13:56:07.073+0000][7][gc,age      ] GC(47) Desired survivor size 20971520 bytes, new threshold 15 (max threshold 15)
[2025-03-20T13:56:07.075+0000][7][gc,age      ] GC(47) Age table with threshold 15 (max threshold 15)
[2025-03-20T13:56:07.075+0000][7][gc,age      ] GC(47) - age   1:    1447320 bytes,    1447320 total
[2025-03-20T13:56:07.075+0000][7][gc,age      ] GC(47) - age   2:      61456 bytes,    1508776 total
[2025-03-20T13:56:07.075+0000][7][gc,age      ] GC(47) - age   3:      13008 bytes,    1521784 total
[2025-03-20T13:56:07.075+0000][7][gc,age      ] GC(47) - age   4:       4864 bytes,    1526648 total
[2025-03-20T13:56:07.075+0000][7][gc,age      ] GC(47) - age   5:      11376 bytes,    1538024 total
[2025-03-20T13:56:07.075+0000][7][gc,age      ] GC(47) - age   6:      17856 bytes,    1555880 total
[2025-03-20T13:56:07.075+0000][7][gc,age      ] GC(47) - age   7:    1785456 bytes,    3341336 total
[2025-03-20T13:56:07.075+0000][7][gc,age      ] GC(47) - age   8:     146696 bytes,    3488032 total
[2025-03-20T13:56:07.075+0000][7][gc,age      ] GC(47) - age   9:       4832 bytes,    3492864 total
[2025-03-20T13:56:07.075+0000][7][gc,age      ] GC(47) - age  10:     200200 bytes,    3693064 total
[2025-03-20T13:56:07.075+0000][7][gc,age      ] GC(47) - age  11:     232120 bytes,    3925184 total
[2025-03-20T13:56:07.075+0000][7][gc,age      ] GC(47) - age  12:     152296 bytes,    4077480 total
[2025-03-20T13:56:07.075+0000][7][gc,age      ] GC(47) - age  13:     461456 bytes,    4538936 total
[2025-03-20T13:56:07.075+0000][7][gc,age      ] GC(47) - age  14:     370648 bytes,    4909584 total
[2025-03-20T13:56:07.075+0000][7][gc,age      ] GC(47) - age  15:      10824 bytes,    4920408 total
[2025-03-20T13:56:07.075+0000][7][gc,phases   ] GC(47)   Pre Evacuate Collection Set: 0.1ms
[2025-03-20T13:56:07.075+0000][7][gc,phases   ] GC(47)   Merge Heap Roots: 0.1ms
[2025-03-20T13:56:07.075+0000][7][gc,phases   ] GC(47)   Evacuate Collection Set: 1.7ms
[2025-03-20T13:56:07.075+0000][7][gc,phases   ] GC(47)   Post Evacuate Collection Set: 0.7ms
[2025-03-20T13:56:07.075+0000][7][gc,phases   ] GC(47)   Other: 0.2ms
[2025-03-20T13:56:07.075+0000][7][gc,heap     ] GC(47) Eden regions: 71->0(71)
[2025-03-20T13:56:07.075+0000][7][gc,heap     ] GC(47) Survivor regions: 2->2(10)
[2025-03-20T13:56:07.075+0000][7][gc,heap     ] GC(47) Old regions: 26->26
[2025-03-20T13:56:07.075+0000][7][gc,heap     ] GC(47) Archive regions: 2->2
[2025-03-20T13:56:07.075+0000][7][gc,heap     ] GC(47) Humongous regions: 5->5
[2025-03-20T13:56:07.075+0000][7][gc,metaspace] GC(47) Metaspace: 118996K(120704K)->118996K(120704K) NonClass: 103511K(104448K)->103511K(104448K) Class: 15484K(16256K)->15484K(16256K)
[2025-03-20T13:56:07.075+0000][7][gc          ] GC(47) Pause Young (Normal) (G1 Evacuation Pause) 416M->131M(512M) 2.754ms
[2025-03-20T13:56:07.075+0000][7][gc,cpu      ] GC(47) User=0.01s Sys=0.01s Real=0.00s
[2025-03-20T13:56:07.075+0000][7][safepoint   ] Safepoint "G1CollectForAllocation", Time since last: 1953821656 ns, Reaching safepoint: 157029 ns, At safepoint: 2831449 ns, Total: 2988478 ns
[2025-03-20T13:56:08.077+0000][7][safepoint   ] Safepoint "Cleanup", Time since last: 1000549157 ns, Reaching safepoint: 1086756 ns, At safepoint: 11993 ns, Total: 1098749 ns
[2025-03-20T13:56:10.078+0000][7][safepoint   ] Safepoint "Cleanup", Time since last: 2001054059 ns, Reaching safepoint: 170295 ns, At safepoint: 5490 ns, Total: 175785 ns
[2025-03-20T13:56:11.079+0000][7][safepoint   ] Safepoint "Cleanup", Time since last: 1000567350 ns, Reaching safepoint: 81405 ns, At safepoint: 3707 ns, Total: 85112 ns
[2025-03-20T13:56:12.079+0000][7][safepoint   ] Safepoint "Cleanup", Time since last: 1000347046 ns, Reaching safepoint: 94941 ns, At safepoint: 4118 ns, Total: 99059 ns
[2025-03-20T13:56:15.082+0000][7][safepoint   ] Safepoint "Cleanup", Time since last: 3002703682 ns, Reaching safepoint: 110170 ns, At safepoint: 5831 ns, Total: 116001 ns
[2025-03-20T13:56:16.083+0000][7][safepoint   ] Safepoint "Cleanup", Time since last: 1000596191 ns, Reaching safepoint: 126521 ns, At safepoint: 7013 ns, Total: 133534 ns
[2025-03-20T13:56:17.084+0000][7][safepoint   ] Safepoint "Cleanup", Time since last: 1000757593 ns, Reaching safepoint: 104760 ns, At safepoint: 3867 ns, Total: 108627 ns
[2025-03-20T13:56:18.085+0000][7][safepoint   ] Safepoint "Cleanup", Time since last: 1000883004 ns, Reaching safepoint: 101534 ns, At safepoint: 4348 ns, Total: 105882 ns
[2025-03-20T13:56:20.086+0000][7][safepoint   ] Safepoint "Cleanup", Time since last: 2001126923 ns, Reaching safepoint: 151569 ns, At safepoint: 4508 ns, Total: 156077 ns
[2025-03-20T13:56:22.087+0000][7][safepoint   ] Safepoint "Cleanup", Time since last: 2001269511 ns, Reaching safepoint: 120119 ns, At safepoint: 6422 ns, Total: 126541 ns
[2025-03-20T13:56:25.089+0000][7][safepoint   ] Safepoint "Cleanup", Time since last: 3001812828 ns, Reaching safepoint: 123876 ns, At safepoint: 4027 ns, Total: 127903 ns
[2025-03-20T13:56:26.090+0000][7][safepoint   ] Safepoint "Cleanup", Time since last: 1000644313 ns, Reaching safepoint: 112284 ns, At safepoint: 6332 ns, Total: 118616 ns
[2025-03-20T13:56:27.090+0000][7][safepoint   ] Safepoint "Cleanup", Time since last: 1000274133 ns, Reaching safepoint: 92527 ns, At safepoint: 6252 ns, Total: 98779 ns
[2025-03-20T13:56:29.092+0000][7][safepoint   ] Safepoint "Cleanup", Time since last: 2001019007 ns, Reaching safepoint: 136480 ns, At safepoint: 5621 ns, Total: 142101 ns
[2025-03-20T13:56:30.092+0000][7][safepoint   ] Safepoint "Cleanup", Time since last: 1000381033 ns, Reaching safepoint: 80884 ns, At safepoint: 3927 ns, Total: 84811 ns
[2025-03-20T13:56:32.093+0000][7][safepoint   ] Safepoint "Cleanup", Time since last: 2001153908 ns, Reaching safepoint: 109709 ns, At safepoint: 4559 ns, Total: 114268 ns
[2025-03-20T13:56:34.094+0000][7][safepoint   ] Safepoint "Cleanup", Time since last: 2000766645 ns, Reaching safepoint: 129266 ns, At safepoint: 11222 ns, Total: 140488 ns
[2025-03-20T13:56:35.095+0000][7][safepoint   ] Safepoint "Cleanup", Time since last: 1000545713 ns, Reaching safepoint: 84340 ns, At safepoint: 3928 ns, Total: 88268 ns
[2025-03-20T13:56:37.096+0000][7][safepoint   ] Safepoint "Cleanup", Time since last: 2001399809 ns, Reaching safepoint: 93828 ns, At safepoint: 3958 ns, Total: 97786 ns
[2025-03-20T13:56:38.098+0000][7][safepoint   ] Safepoint "Cleanup", Time since last: 1001899867 ns, Reaching safepoint: 123876 ns, At safepoint: 6552 ns, Total: 130428 ns
[2025-03-20T13:56:40.100+0000][7][safepoint   ] Safepoint "Cleanup", Time since last: 2001153952 ns, Reaching safepoint: 120970 ns, At safepoint: 8977 ns, Total: 129947 ns
[2025-03-20T13:56:41.100+0000][7][safepoint   ] Safepoint "Cleanup", Time since last: 1000454412 ns, Reaching safepoint: 95081 ns, At safepoint: 5460 ns, Total: 100541 ns
[2025-03-20T13:56:42.101+0000][7][safepoint   ] Safepoint "Cleanup", Time since last: 1000886447 ns, Reaching safepoint: 182938 ns, At safepoint: 6863 ns, Total: 189801 ns
[2025-03-20T13:56:44.103+0000][7][safepoint   ] Safepoint "Cleanup", Time since last: 2001515851 ns, Reaching safepoint: 172128 ns, At safepoint: 5230 ns, Total: 177358 ns
[2025-03-20T13:56:45.104+0000][7][safepoint   ] Safepoint "Cleanup", Time since last: 1000722511 ns, Reaching safepoint: 130208 ns, At safepoint: 7354 ns, Total: 137562 ns
[2025-03-20T13:56:47.116+0000][7][safepoint   ] Safepoint "Cleanup", Time since last: 2003036570 ns, Reaching safepoint: 9158259 ns, At safepoint: 24256 ns, Total: 9182515 ns
[2025-03-20T13:56:50.118+0000][7][safepoint   ] Safepoint "Cleanup", Time since last: 3001941776 ns, Reaching safepoint: 157069 ns, At safepoint: 5220 ns, Total: 162289 ns
[2025-03-20T13:56:50.328+0000][7][gc,start    ] GC(48) Pause Young (Normal) (G1 Evacuation Pause)
[2025-03-20T13:56:50.328+0000][7][gc,task     ] GC(48) Using 8 workers of 8 for evacuation
[2025-03-20T13:56:50.328+0000][7][gc,age      ] GC(48) Desired survivor size 20971520 bytes, new threshold 15 (max threshold 15)
[2025-03-20T13:56:50.332+0000][7][gc,age      ] GC(48) Age table with threshold 15 (max threshold 15)
[2025-03-20T13:56:50.332+0000][7][gc,age      ] GC(48) - age   1:    2744632 bytes,    2744632 total
[2025-03-20T13:56:50.332+0000][7][gc,age      ] GC(48) - age   2:     340408 bytes,    3085040 total
[2025-03-20T13:56:50.332+0000][7][gc,age      ] GC(48) - age   3:       4752 bytes,    3089792 total
[2025-03-20T13:56:50.332+0000][7][gc,age      ] GC(48) - age   4:      12080 bytes,    3101872 total
[2025-03-20T13:56:50.332+0000][7][gc,age      ] GC(48) - age   5:       4704 bytes,    3106576 total
[2025-03-20T13:56:50.332+0000][7][gc,age      ] GC(48) - age   6:      11312 bytes,    3117888 total
[2025-03-20T13:56:50.332+0000][7][gc,age      ] GC(48) - age   7:      17656 bytes,    3135544 total
[2025-03-20T13:56:50.332+0000][7][gc,age      ] GC(48) - age   8:     202184 bytes,    3337728 total
[2025-03-20T13:56:50.332+0000][7][gc,age      ] GC(48) - age   9:     146568 bytes,    3484296 total
[2025-03-20T13:56:50.332+0000][7][gc,age      ] GC(48) - age  10:       4832 bytes,    3489128 total
[2025-03-20T13:56:50.332+0000][7][gc,age      ] GC(48) - age  11:     189672 bytes,    3678800 total
[2025-03-20T13:56:50.332+0000][7][gc,age      ] GC(48) - age  12:     232120 bytes,    3910920 total
[2025-03-20T13:56:50.332+0000][7][gc,age      ] GC(48) - age  13:     152296 bytes,    4063216 total
[2025-03-20T13:56:50.332+0000][7][gc,age      ] GC(48) - age  14:     461160 bytes,    4524376 total
[2025-03-20T13:56:50.332+0000][7][gc,age      ] GC(48) - age  15:     370648 bytes,    4895024 total
[2025-03-20T13:56:50.332+0000][7][gc,phases   ] GC(48)   Pre Evacuate Collection Set: 0.1ms
[2025-03-20T13:56:50.332+0000][7][gc,phases   ] GC(48)   Merge Heap Roots: 0.1ms
[2025-03-20T13:56:50.332+0000][7][gc,phases   ] GC(48)   Evacuate Collection Set: 2.5ms
[2025-03-20T13:56:50.332+0000][7][gc,phases   ] GC(48)   Post Evacuate Collection Set: 1.1ms
[2025-03-20T13:56:50.332+0000][7][gc,phases   ] GC(48)   Other: 0.3ms
[2025-03-20T13:56:50.332+0000][7][gc,heap     ] GC(48) Eden regions: 71->0(71)
[2025-03-20T13:56:50.332+0000][7][gc,heap     ] GC(48) Survivor regions: 2->2(10)
[2025-03-20T13:56:50.332+0000][7][gc,heap     ] GC(48) Old regions: 26->26
[2025-03-20T13:56:50.332+0000][7][gc,heap     ] GC(48) Archive regions: 2->2
[2025-03-20T13:56:50.332+0000][7][gc,heap     ] GC(48) Humongous regions: 5->5
[2025-03-20T13:56:50.332+0000][7][gc,metaspace] GC(48) Metaspace: 119010K(120704K)->119010K(120704K) NonClass: 103525K(104448K)->103525K(104448K) Class: 15485K(16256K)->15485K(16256K)
[2025-03-20T13:56:50.332+0000][7][gc          ] GC(48) Pause Young (Normal) (G1 Evacuation Pause) 415M->131M(512M) 4.041ms
[2025-03-20T13:56:50.332+0000][7][gc,cpu      ] GC(48) User=0.02s Sys=0.00s Real=0.00s
[2025-03-20T13:56:50.332+0000][7][safepoint   ] Safepoint "G1CollectForAllocation", Time since last: 209839387 ns, Reaching safepoint: 71276 ns, At safepoint: 4123457 ns, Total: 4194733 ns
[2025-03-20T13:56:52.334+0000][7][safepoint   ] Safepoint "Cleanup", Time since last: 2001568858 ns, Reaching safepoint: 134636 ns, At safepoint: 4278 ns, Total: 138914 ns
[2025-03-20T13:56:55.335+0000][7][safepoint   ] Safepoint "Cleanup", Time since last: 3001379554 ns, Reaching safepoint: 97000 ns, At safepoint: 6853 ns, Total: 103853 ns
[2025-03-20T13:56:56.336+0000][7][safepoint   ] Safepoint "Cleanup", Time since last: 1000418710 ns, Reaching safepoint: 104359 ns, At safepoint: 4749 ns, Total: 109108 ns
[2025-03-20T13:56:57.337+0000][7][safepoint   ] Safepoint "Cleanup", Time since last: 1000641975 ns, Reaching safepoint: 56858 ns, At safepoint: 3577 ns, Total: 60435 ns
[2025-03-20T13:56:59.337+0000][7][safepoint   ] Safepoint "Cleanup", Time since last: 2000349974 ns, Reaching safepoint: 149465 ns, At safepoint: 10249 ns, Total: 159714 ns
[2025-03-20T13:57:00.338+0000][7][safepoint   ] Safepoint "Cleanup", Time since last: 1000448063 ns, Reaching safepoint: 125269 ns, At safepoint: 5129 ns, Total: 130398 ns
[2025-03-20T13:57:02.339+0000][7][safepoint   ] Safepoint "Cleanup", Time since last: 2000751746 ns, Reaching safepoint: 159574 ns, At safepoint: 5100 ns, Total: 164674 ns
[2025-03-20T13:57:05.341+0000][7][safepoint   ] Safepoint "Cleanup", Time since last: 3001757982 ns, Reaching safepoint: 139516 ns, At safepoint: 4539 ns, Total: 144055 ns
[2025-03-20T13:57:07.343+0000][7][safepoint   ] Safepoint "Cleanup", Time since last: 2001937736 ns, Reaching safepoint: 119167 ns, At safepoint: 4729 ns, Total: 123896 ns
[2025-03-20T13:57:08.343+0000][7][safepoint   ] Safepoint "Cleanup", Time since last: 1000261171 ns, Reaching safepoint: 108567 ns, At safepoint: 4448 ns, Total: 113015 ns
[2025-03-20T13:57:10.344+0000][7][safepoint   ] Safepoint "Cleanup", Time since last: 2001053817 ns, Reaching safepoint: 198237 ns, At safepoint: 10340 ns, Total: 208577 ns
[2025-03-20T13:57:11.345+0000][7][safepoint   ] Safepoint "Cleanup", Time since last: 1000350198 ns, Reaching safepoint: 94479 ns, At safepoint: 5020 ns, Total: 99499 ns
[2025-03-20T13:57:12.346+0000][7][safepoint   ] Safepoint "Cleanup", Time since last: 1001085162 ns, Reaching safepoint: 135678 ns, At safepoint: 6102 ns, Total: 141780 ns
[2025-03-20T13:57:14.347+0000][7][safepoint   ] Safepoint "Cleanup", Time since last: 2000570013 ns, Reaching safepoint: 113746 ns, At safepoint: 6182 ns, Total: 119928 ns
[2025-03-20T13:57:15.348+0000][7][safepoint   ] Safepoint "Cleanup", Time since last: 1000673308 ns, Reaching safepoint: 168311 ns, At safepoint: 10209 ns, Total: 178520 ns
[2025-03-20T13:57:17.349+0000][7][safepoint   ] Safepoint "Cleanup", Time since last: 2000898885 ns, Reaching safepoint: 88058 ns, At safepoint: 6072 ns, Total: 94130 ns
[2025-03-20T13:57:20.352+0000][7][safepoint   ] Safepoint "Cleanup", Time since last: 3002198539 ns, Reaching safepoint: 986780 ns, At safepoint: 27693 ns, Total: 1014473 ns
[2025-03-20T13:57:22.353+0000][7][safepoint   ] Safepoint "Cleanup", Time since last: 2000733968 ns, Reaching safepoint: 158572 ns, At safepoint: 4829 ns, Total: 163401 ns
[2025-03-20T13:57:25.355+0000][7][safepoint   ] Safepoint "Cleanup", Time since last: 3001884798 ns, Reaching safepoint: 77407 ns, At safepoint: 27974 ns, Total: 105381 ns
[2025-03-20T13:57:26.355+0000][7][safepoint   ] Safepoint "Cleanup", Time since last: 1000527330 ns, Reaching safepoint: 203578 ns, At safepoint: 8206 ns, Total: 211784 ns
[2025-03-20T13:57:27.356+0000][7][safepoint   ] Safepoint "Cleanup", Time since last: 1000231211 ns, Reaching safepoint: 187797 ns, At safepoint: 6873 ns, Total: 194670 ns
[2025-03-20T13:57:29.358+0000][7][safepoint   ] Safepoint "Cleanup", Time since last: 2001720706 ns, Reaching safepoint: 102174 ns, At safepoint: 3918 ns, Total: 106092 ns
[2025-03-20T13:57:30.358+0000][7][safepoint   ] Safepoint "Cleanup", Time since last: 1000550128 ns, Reaching safepoint: 139277 ns, At safepoint: 22413 ns, Total: 161690 ns
[2025-03-20T13:57:31.916+0000][7][gc,start    ] GC(49) Pause Young (Normal) (G1 Evacuation Pause)
[2025-03-20T13:57:31.916+0000][7][gc,task     ] GC(49) Using 8 workers of 8 for evacuation
[2025-03-20T13:57:31.916+0000][7][gc,age      ] GC(49) Desired survivor size 20971520 bytes, new threshold 15 (max threshold 15)
[2025-03-20T13:57:31.919+0000][7][gc,age      ] GC(49) Age table with threshold 15 (max threshold 15)
[2025-03-20T13:57:31.919+0000][7][gc,age      ] GC(49) - age   1:    1799120 bytes,    1799120 total
[2025-03-20T13:57:31.919+0000][7][gc,age      ] GC(49) - age   2:     137520 bytes,    1936640 total
[2025-03-20T13:57:31.919+0000][7][gc,age      ] GC(49) - age   3:     121416 bytes,    2058056 total
[2025-03-20T13:57:31.919+0000][7][gc,age      ] GC(49) - age   4:       4496 bytes,    2062552 total
[2025-03-20T13:57:31.919+0000][7][gc,age      ] GC(49) - age   5:      12080 bytes,    2074632 total
[2025-03-20T13:57:31.919+0000][7][gc,age      ] GC(49) - age   6:       4704 bytes,    2079336 total
[2025-03-20T13:57:31.919+0000][7][gc,age      ] GC(49) - age   7:      11312 bytes,    2090648 total
[2025-03-20T13:57:31.919+0000][7][gc,age      ] GC(49) - age   8:      17656 bytes,    2108304 total
[2025-03-20T13:57:31.919+0000][7][gc,age      ] GC(49) - age   9:     202152 bytes,    2310456 total
[2025-03-20T13:57:31.919+0000][7][gc,age      ] GC(49) - age  10:     146568 bytes,    2457024 total
[2025-03-20T13:57:31.919+0000][7][gc,age      ] GC(49) - age  11:       4832 bytes,    2461856 total
[2025-03-20T13:57:31.919+0000][7][gc,age      ] GC(49) - age  12:     189672 bytes,    2651528 total
[2025-03-20T13:57:31.919+0000][7][gc,age      ] GC(49) - age  13:     232120 bytes,    2883648 total
[2025-03-20T13:57:31.920+0000][7][gc,age      ] GC(49) - age  14:     152296 bytes,    3035944 total
[2025-03-20T13:57:31.920+0000][7][gc,age      ] GC(49) - age  15:     461160 bytes,    3497104 total
[2025-03-20T13:57:31.920+0000][7][gc,phases   ] GC(49)   Pre Evacuate Collection Set: 0.1ms
[2025-03-20T13:57:31.920+0000][7][gc,phases   ] GC(49)   Merge Heap Roots: 0.1ms
[2025-03-20T13:57:31.920+0000][7][gc,phases   ] GC(49)   Evacuate Collection Set: 2.2ms
[2025-03-20T13:57:31.920+0000][7][gc,phases   ] GC(49)   Post Evacuate Collection Set: 0.6ms
[2025-03-20T13:57:31.920+0000][7][gc,phases   ] GC(49)   Other: 0.3ms
[2025-03-20T13:57:31.920+0000][7][gc,heap     ] GC(49) Eden regions: 71->0(72)
[2025-03-20T13:57:31.920+0000][7][gc,heap     ] GC(49) Survivor regions: 2->1(10)
[2025-03-20T13:57:31.920+0000][7][gc,heap     ] GC(49) Old regions: 26->26
[2025-03-20T13:57:31.920+0000][7][gc,heap     ] GC(49) Archive regions: 2->2
[2025-03-20T13:57:31.920+0000][7][gc,heap     ] GC(49) Humongous regions: 5->5
[2025-03-20T13:57:31.920+0000][7][gc,metaspace] GC(49) Metaspace: 119059K(120768K)->119059K(120768K) NonClass: 103573K(104512K)->103573K(104512K) Class: 15485K(16256K)->15485K(16256K)
[2025-03-20T13:57:31.920+0000][7][gc          ] GC(49) Pause Young (Normal) (G1 Evacuation Pause) 415M->130M(512M) 3.376ms
[2025-03-20T13:57:31.920+0000][7][gc,cpu      ] GC(49) User=0.01s Sys=0.00s Real=0.01s
[2025-03-20T13:57:31.920+0000][7][safepoint   ] Safepoint "G1CollectForAllocation", Time since last: 1557659887 ns, Reaching safepoint: 188842 ns, At safepoint: 3463125 ns, Total: 3651967 ns
[2025-03-20T13:57:32.920+0000][7][safepoint   ] Safepoint "Cleanup", Time since last: 1000700550 ns, Reaching safepoint: 97615 ns, At safepoint: 5130 ns, Total: 102745 ns
[2025-03-20T13:57:33.921+0000][7][safepoint   ] Safepoint "Cleanup", Time since last: 1000419957 ns, Reaching safepoint: 152100 ns, At safepoint: 4729 ns, Total: 156829 ns
[2025-03-20T13:57:34.921+0000][7][safepoint   ] Safepoint "Cleanup", Time since last: 1000255885 ns, Reaching safepoint: 90171 ns, At safepoint: 4349 ns, Total: 94520 ns
[2025-03-20T13:57:37.923+0000][7][safepoint   ] Safepoint "Cleanup", Time since last: 3001623083 ns, Reaching safepoint: 91144 ns, At safepoint: 3927 ns, Total: 95071 ns
[2025-03-20T13:57:38.924+0000][7][safepoint   ] Safepoint "Cleanup", Time since last: 1000578320 ns, Reaching safepoint: 162520 ns, At safepoint: 4929 ns, Total: 167449 ns
[2025-03-20T13:57:39.925+0000][7][safepoint   ] Safepoint "Cleanup", Time since last: 1000643643 ns, Reaching safepoint: 106132 ns, At safepoint: 4919 ns, Total: 111051 ns
[2025-03-20T13:57:40.927+0000][7][safepoint   ] Safepoint "Cleanup", Time since last: 1000991255 ns, Reaching safepoint: 1129581 ns, At safepoint: 25569 ns, Total: 1155150 ns
[2025-03-20T13:57:41.927+0000][7][safepoint   ] Safepoint "Cleanup", Time since last: 1000115978 ns, Reaching safepoint: 188840 ns, At safepoint: 6041 ns, Total: 194881 ns
[2025-03-20T13:57:42.928+0000][7][safepoint   ] Safepoint "Cleanup", Time since last: 1000484592 ns, Reaching safepoint: 136119 ns, At safepoint: 5401 ns, Total: 141520 ns
[2025-03-20T13:57:43.929+0000][7][safepoint   ] Safepoint "Cleanup", Time since last: 1001131591 ns, Reaching safepoint: 132603 ns, At safepoint: 4398 ns, Total: 137001 ns
[2025-03-20T13:57:44.929+0000][7][safepoint   ] Safepoint "Cleanup", Time since last: 1000267905 ns, Reaching safepoint: 79331 ns, At safepoint: 3918 ns, Total: 83249 ns
[2025-03-20T13:57:46.931+0000][7][safepoint   ] Safepoint "Cleanup", Time since last: 2001566286 ns, Reaching safepoint: 148292 ns, At safepoint: 9048 ns, Total: 157340 ns
[2025-03-20T13:57:47.931+0000][7][safepoint   ] Safepoint "Cleanup", Time since last: 1000148540 ns, Reaching safepoint: 118157 ns, At safepoint: 7995 ns, Total: 126152 ns
[2025-03-20T13:57:49.933+0000][7][safepoint   ] Safepoint "Cleanup", Time since last: 2001171413 ns, Reaching safepoint: 128265 ns, At safepoint: 5240 ns, Total: 133505 ns
[2025-03-20T13:57:52.935+0000][7][safepoint   ] Safepoint "Cleanup", Time since last: 3001572086 ns, Reaching safepoint: 1059990 ns, At safepoint: 21120 ns, Total: 1081110 ns
[2025-03-20T13:57:54.937+0000][7][safepoint   ] Safepoint "Cleanup", Time since last: 2001248371 ns, Reaching safepoint: 152310 ns, At safepoint: 6553 ns, Total: 158863 ns
[2025-03-20T13:57:55.938+0000][7][safepoint   ] Safepoint "Cleanup", Time since last: 1000796965 ns, Reaching safepoint: 90402 ns, At safepoint: 4238 ns, Total: 94640 ns
[2025-03-20T13:57:57.939+0000][7][safepoint   ] Safepoint "Cleanup", Time since last: 2001359015 ns, Reaching safepoint: 105390 ns, At safepoint: 4288 ns, Total: 109678 ns
[2025-03-20T13:57:58.941+0000][7][safepoint   ] Safepoint "Cleanup", Time since last: 1000917853 ns, Reaching safepoint: 1132049 ns, At safepoint: 9128 ns, Total: 1141177 ns
[2025-03-20T13:57:59.941+0000][7][safepoint   ] Safepoint "Cleanup", Time since last: 1000176299 ns, Reaching safepoint: 134296 ns, At safepoint: 7745 ns, Total: 142041 ns
[2025-03-20T13:58:01.943+0000][7][safepoint   ] Safepoint "Cleanup", Time since last: 2001774925 ns, Reaching safepoint: 138774 ns, At safepoint: 3938 ns, Total: 142712 ns
[2025-03-20T13:58:02.944+0000][7][safepoint   ] Safepoint "Cleanup", Time since last: 1000977277 ns, Reaching safepoint: 152300 ns, At safepoint: 6302 ns, Total: 158602 ns
[2025-03-20T13:58:04.945+0000][7][safepoint   ] Safepoint "Cleanup", Time since last: 2000789738 ns, Reaching safepoint: 94861 ns, At safepoint: 3306 ns, Total: 98167 ns
[2025-03-20T13:58:07.948+0000][7][safepoint   ] Safepoint "Cleanup", Time since last: 3002360348 ns, Reaching safepoint: 59384 ns, At safepoint: 5841 ns, Total: 65225 ns
[2025-03-20T13:58:09.950+0000][7][safepoint   ] Safepoint "Cleanup", Time since last: 2001671645 ns, Reaching safepoint: 98969 ns, At safepoint: 4047 ns, Total: 103016 ns
[2025-03-20T13:58:10.950+0000][7][safepoint   ] Safepoint "Cleanup", Time since last: 1000476225 ns, Reaching safepoint: 136500 ns, At safepoint: 4569 ns, Total: 141069 ns
[2025-03-20T13:58:12.951+0000][7][safepoint   ] Safepoint "Cleanup", Time since last: 2000921276 ns, Reaching safepoint: 112774 ns, At safepoint: 7004 ns, Total: 119778 ns
[2025-03-20T13:58:13.941+0000][7][gc,start    ] GC(50) Pause Young (Normal) (G1 Evacuation Pause)
[2025-03-20T13:58:13.941+0000][7][gc,task     ] GC(50) Using 8 workers of 8 for evacuation
[2025-03-20T13:58:13.941+0000][7][gc,age      ] GC(50) Desired survivor size 20971520 bytes, new threshold 15 (max threshold 15)
[2025-03-20T13:58:13.944+0000][7][gc,age      ] GC(50) Age table with threshold 15 (max threshold 15)
[2025-03-20T13:58:13.944+0000][7][gc,age      ] GC(50) - age   1:    3096880 bytes,    3096880 total
[2025-03-20T13:58:13.944+0000][7][gc,age      ] GC(50) - age   2:      24784 bytes,    3121664 total
[2025-03-20T13:58:13.944+0000][7][gc,age      ] GC(50) - age   3:     134264 bytes,    3255928 total
[2025-03-20T13:58:13.944+0000][7][gc,age      ] GC(50) - age   4:     120816 bytes,    3376744 total
[2025-03-20T13:58:13.944+0000][7][gc,age      ] GC(50) - age   5:       4496 bytes,    3381240 total
[2025-03-20T13:58:13.944+0000][7][gc,age      ] GC(50) - age   6:      12080 bytes,    3393320 total
[2025-03-20T13:58:13.944+0000][7][gc,age      ] GC(50) - age   7:       4408 bytes,    3397728 total
[2025-03-20T13:58:13.944+0000][7][gc,age      ] GC(50) - age   8:      11184 bytes,    3408912 total
[2025-03-20T13:58:13.944+0000][7][gc,age      ] GC(50) - age   9:      17656 bytes,    3426568 total
[2025-03-20T13:58:13.944+0000][7][gc,age      ] GC(50) - age  10:     152288 bytes,    3578856 total
[2025-03-20T13:58:13.944+0000][7][gc,age      ] GC(50) - age  11:     146568 bytes,    3725424 total
[2025-03-20T13:58:13.944+0000][7][gc,age      ] GC(50) - age  12:       4632 bytes,    3730056 total
[2025-03-20T13:58:13.944+0000][7][gc,age      ] GC(50) - age  13:     189672 bytes,    3919728 total
[2025-03-20T13:58:13.944+0000][7][gc,age      ] GC(50) - age  14:     232120 bytes,    4151848 total
[2025-03-20T13:58:13.944+0000][7][gc,age      ] GC(50) - age  15:     149824 bytes,    4301672 total
[2025-03-20T13:58:13.944+0000][7][gc,phases   ] GC(50)   Pre Evacuate Collection Set: 0.2ms
[2025-03-20T13:58:13.944+0000][7][gc,phases   ] GC(50)   Merge Heap Roots: 0.1ms
[2025-03-20T13:58:13.944+0000][7][gc,phases   ] GC(50)   Evacuate Collection Set: 2.1ms
[2025-03-20T13:58:13.944+0000][7][gc,phases   ] GC(50)   Post Evacuate Collection Set: 1.1ms
[2025-03-20T13:58:13.944+0000][7][gc,phases   ] GC(50)   Other: 0.2ms
[2025-03-20T13:58:13.944+0000][7][gc,heap     ] GC(50) Eden regions: 72->0(71)
[2025-03-20T13:58:13.944+0000][7][gc,heap     ] GC(50) Survivor regions: 1->2(10)
[2025-03-20T13:58:13.944+0000][7][gc,heap     ] GC(50) Old regions: 26->26
[2025-03-20T13:58:13.944+0000][7][gc,heap     ] GC(50) Archive regions: 2->2
[2025-03-20T13:58:13.944+0000][7][gc,heap     ] GC(50) Humongous regions: 5->5
[2025-03-20T13:58:13.944+0000][7][gc,metaspace] GC(50) Metaspace: 119131K(120832K)->119131K(120832K) NonClass: 103645K(104576K)->103645K(104576K) Class: 15485K(16256K)->15485K(16256K)
[2025-03-20T13:58:13.944+0000][7][gc          ] GC(50) Pause Young (Normal) (G1 Evacuation Pause) 418M->132M(512M) 3.798ms
[2025-03-20T13:58:13.944+0000][7][gc,cpu      ] GC(50) User=0.01s Sys=0.00s Real=0.00s
[2025-03-20T13:58:13.944+0000][7][safepoint   ] Safepoint "G1CollectForAllocation", Time since last: 988489979 ns, Reaching safepoint: 837966 ns, At safepoint: 3921400 ns, Total: 4759366 ns
[2025-03-20T13:58:14.945+0000][7][safepoint   ] Safepoint "Cleanup", Time since last: 1000096097 ns, Reaching safepoint: 145467 ns, At safepoint: 4970 ns, Total: 150437 ns
[2025-03-20T13:58:16.946+0000][7][safepoint   ] Safepoint "Cleanup", Time since last: 2001161856 ns, Reaching safepoint: 160406 ns, At safepoint: 18134 ns, Total: 178540 ns
[2025-03-20T13:58:17.947+0000][7][safepoint   ] Safepoint "Cleanup", Time since last: 1001164622 ns, Reaching safepoint: 135939 ns, At safepoint: 5811 ns, Total: 141750 ns
[2025-03-20T13:58:19.949+0000][7][safepoint   ] Safepoint "Cleanup", Time since last: 2001199152 ns, Reaching safepoint: 199562 ns, At safepoint: 8366 ns, Total: 207928 ns
[2025-03-20T13:58:22.951+0000][7][safepoint   ] Safepoint "Cleanup", Time since last: 3001967404 ns, Reaching safepoint: 169192 ns, At safepoint: 5610 ns, Total: 174802 ns
[2025-03-20T13:58:24.953+0000][7][safepoint   ] Safepoint "Cleanup", Time since last: 2001682951 ns, Reaching safepoint: 172478 ns, At safepoint: 7354 ns, Total: 179832 ns
[2025-03-20T13:58:25.954+0000][7][safepoint   ] Safepoint "Cleanup", Time since last: 1001092161 ns, Reaching safepoint: 174592 ns, At safepoint: 5180 ns, Total: 179772 ns
[2025-03-20T13:58:27.956+0000][7][safepoint   ] Safepoint "Cleanup", Time since last: 2001477358 ns, Reaching safepoint: 102746 ns, At safepoint: 6101 ns, Total: 108847 ns
[2025-03-20T13:58:28.956+0000][7][safepoint   ] Safepoint "Cleanup", Time since last: 1000616571 ns, Reaching safepoint: 140828 ns, At safepoint: 5841 ns, Total: 146669 ns
[2025-03-20T13:58:29.958+0000][7][safepoint   ] Safepoint "Cleanup", Time since last: 1000860677 ns, Reaching safepoint: 564094 ns, At safepoint: 7494 ns, Total: 571588 ns
[2025-03-20T13:58:31.959+0000][7][safepoint   ] Safepoint "Cleanup", Time since last: 2001257127 ns, Reaching safepoint: 185865 ns, At safepoint: 13957 ns, Total: 199822 ns
[2025-03-20T13:58:32.960+0000][7][safepoint   ] Safepoint "Cleanup", Time since last: 1000789000 ns, Reaching safepoint: 212234 ns, At safepoint: 6452 ns, Total: 218686 ns
[2025-03-20T13:58:34.962+0000][7][safepoint   ] Safepoint "Cleanup", Time since last: 2001220509 ns, Reaching safepoint: 91464 ns, At safepoint: 4449 ns, Total: 95913 ns
[2025-03-20T13:58:37.964+0000][7][safepoint   ] Safepoint "Cleanup", Time since last: 3002099249 ns, Reaching safepoint: 105190 ns, At safepoint: 4929 ns, Total: 110119 ns
[2025-03-20T13:58:39.965+0000][7][safepoint   ] Safepoint "Cleanup", Time since last: 2000695219 ns, Reaching safepoint: 93939 ns, At safepoint: 4959 ns, Total: 98898 ns
[2025-03-20T13:58:40.965+0000][7][safepoint   ] Safepoint "Cleanup", Time since last: 1000260253 ns, Reaching safepoint: 84872 ns, At safepoint: 15299 ns, Total: 100171 ns
[2025-03-20T13:58:42.967+0000][7][safepoint   ] Safepoint "Cleanup", Time since last: 2001688732 ns, Reaching safepoint: 132222 ns, At safepoint: 4679 ns, Total: 136901 ns
[2025-03-20T13:58:43.968+0000][7][safepoint   ] Safepoint "Cleanup", Time since last: 1001092919 ns, Reaching safepoint: 107374 ns, At safepoint: 4148 ns, Total: 111522 ns
[2025-03-20T13:58:44.969+0000][7][safepoint   ] Safepoint "Cleanup", Time since last: 1001004991 ns, Reaching safepoint: 85833 ns, At safepoint: 3817 ns, Total: 89650 ns
[2025-03-20T13:58:46.970+0000][7][safepoint   ] Safepoint "Cleanup", Time since last: 2001007774 ns, Reaching safepoint: 90983 ns, At safepoint: 3927 ns, Total: 94910 ns
[2025-03-20T13:58:47.971+0000][7][safepoint   ] Safepoint "Cleanup", Time since last: 1000672048 ns, Reaching safepoint: 97045 ns, At safepoint: 3968 ns, Total: 101013 ns
[2025-03-20T13:58:49.972+0000][7][safepoint   ] Safepoint "Cleanup", Time since last: 2001269107 ns, Reaching safepoint: 91565 ns, At safepoint: 4719 ns, Total: 96284 ns
[2025-03-20T13:58:52.975+0000][7][safepoint   ] Safepoint "Cleanup", Time since last: 3001547775 ns, Reaching safepoint: 654484 ns, At safepoint: 9458 ns, Total: 663942 ns
[2025-03-20T13:58:54.976+0000][7][safepoint   ] Safepoint "Cleanup", Time since last: 2001044055 ns, Reaching safepoint: 181657 ns, At safepoint: 6382 ns, Total: 188039 ns
[2025-03-20T13:58:55.977+0000][7][safepoint   ] Safepoint "Cleanup", Time since last: 1000827182 ns, Reaching safepoint: 111863 ns, At safepoint: 5651 ns, Total: 117514 ns
[2025-03-20T13:58:57.978+0000][7][safepoint   ] Safepoint "Cleanup", Time since last: 2000991901 ns, Reaching safepoint: 81295 ns, At safepoint: 4198 ns, Total: 85493 ns
[2025-03-20T13:58:58.952+0000][7][gc,start    ] GC(51) Pause Young (Normal) (G1 Evacuation Pause)
[2025-03-20T13:58:58.952+0000][7][gc,task     ] GC(51) Using 8 workers of 8 for evacuation
[2025-03-20T13:58:58.952+0000][7][gc,age      ] GC(51) Desired survivor size 20971520 bytes, new threshold 15 (max threshold 15)
[2025-03-20T13:58:58.955+0000][7][gc,age      ] GC(51) Age table with threshold 15 (max threshold 15)
[2025-03-20T13:58:58.955+0000][7][gc,age      ] GC(51) - age   1:    1853912 bytes,    1853912 total
[2025-03-20T13:58:58.955+0000][7][gc,age      ] GC(51) - age   2:      18728 bytes,    1872640 total
[2025-03-20T13:58:58.955+0000][7][gc,age      ] GC(51) - age   3:      21928 bytes,    1894568 total
[2025-03-20T13:58:58.955+0000][7][gc,age      ] GC(51) - age   4:     133912 bytes,    2028480 total
[2025-03-20T13:58:58.955+0000][7][gc,age      ] GC(51) - age   5:     120752 bytes,    2149232 total
[2025-03-20T13:58:58.955+0000][7][gc,age      ] GC(51) - age   6:       4496 bytes,    2153728 total
[2025-03-20T13:58:58.955+0000][7][gc,age      ] GC(51) - age   7:      12080 bytes,    2165808 total
[2025-03-20T13:58:58.955+0000][7][gc,age      ] GC(51) - age   8:       4408 bytes,    2170216 total
[2025-03-20T13:58:58.955+0000][7][gc,age      ] GC(51) - age   9:      10888 bytes,    2181104 total
[2025-03-20T13:58:58.955+0000][7][gc,age      ] GC(51) - age  10:      17656 bytes,    2198760 total
[2025-03-20T13:58:58.955+0000][7][gc,age      ] GC(51) - age  11:     152288 bytes,    2351048 total
[2025-03-20T13:58:58.955+0000][7][gc,age      ] GC(51) - age  12:     146568 bytes,    2497616 total
[2025-03-20T13:58:58.955+0000][7][gc,age      ] GC(51) - age  13:       4632 bytes,    2502248 total
[2025-03-20T13:58:58.955+0000][7][gc,age      ] GC(51) - age  14:     189672 bytes,    2691920 total
[2025-03-20T13:58:58.955+0000][7][gc,age      ] GC(51) - age  15:     232120 bytes,    2924040 total
[2025-03-20T13:58:58.955+0000][7][gc,phases   ] GC(51)   Pre Evacuate Collection Set: 0.1ms
[2025-03-20T13:58:58.955+0000][7][gc,phases   ] GC(51)   Merge Heap Roots: 0.1ms
[2025-03-20T13:58:58.955+0000][7][gc,phases   ] GC(51)   Evacuate Collection Set: 2.2ms
[2025-03-20T13:58:58.955+0000][7][gc,phases   ] GC(51)   Post Evacuate Collection Set: 1.1ms
[2025-03-20T13:58:58.955+0000][7][gc,phases   ] GC(51)   Other: 0.3ms
[2025-03-20T13:58:58.955+0000][7][gc,heap     ] GC(51) Eden regions: 71->0(72)
[2025-03-20T13:58:58.955+0000][7][gc,heap     ] GC(51) Survivor regions: 2->1(10)
[2025-03-20T13:58:58.955+0000][7][gc,heap     ] GC(51) Old regions: 26->26
[2025-03-20T13:58:58.955+0000][7][gc,heap     ] GC(51) Archive regions: 2->2
[2025-03-20T13:58:58.955+0000][7][gc,heap     ] GC(51) Humongous regions: 5->5
[2025-03-20T13:58:58.955+0000][7][gc,metaspace] GC(51) Metaspace: 119146K(120832K)->119146K(120832K) NonClass: 103661K(104576K)->103661K(104576K) Class: 15485K(16256K)->15485K(16256K)
[2025-03-20T13:58:58.955+0000][7][gc          ] GC(51) Pause Young (Normal) (G1 Evacuation Pause) 416M->130M(512M) 3.756ms
[2025-03-20T13:58:58.955+0000][7][gc,cpu      ] GC(51) User=0.01s Sys=0.00s Real=0.00s
[2025-03-20T13:58:58.955+0000][7][safepoint   ] Safepoint "G1CollectForAllocation", Time since last: 973748939 ns, Reaching safepoint: 86605 ns, At safepoint: 3861824 ns, Total: 3948429 ns
[2025-03-20T13:58:59.957+0000][7][safepoint   ] Safepoint "Cleanup", Time since last: 1001086250 ns, Reaching safepoint: 118155 ns, At safepoint: 4238 ns, Total: 122393 ns
[2025-03-20T13:59:01.958+0000][7][safepoint   ] Safepoint "Cleanup", Time since last: 2000930394 ns, Reaching safepoint: 141430 ns, At safepoint: 5179 ns, Total: 146609 ns
[2025-03-20T13:59:02.959+0000][7][safepoint   ] Safepoint "Cleanup", Time since last: 1000947359 ns, Reaching safepoint: 97967 ns, At safepoint: 4198 ns, Total: 102165 ns
[2025-03-20T13:59:04.960+0000][7][safepoint   ] Safepoint "Cleanup", Time since last: 2001241258 ns, Reaching safepoint: 89350 ns, At safepoint: 4549 ns, Total: 93899 ns
[2025-03-20T13:59:05.961+0000][7][safepoint   ] Safepoint "Cleanup", Time since last: 1000348849 ns, Reaching safepoint: 115901 ns, At safepoint: 4429 ns, Total: 120330 ns
[2025-03-20T13:59:07.962+0000][7][safepoint   ] Safepoint "Cleanup", Time since last: 2001220746 ns, Reaching safepoint: 95081 ns, At safepoint: 4138 ns, Total: 99219 ns
[2025-03-20T13:59:09.963+0000][7][safepoint   ] Safepoint "Cleanup", Time since last: 2001429180 ns, Reaching safepoint: 113987 ns, At safepoint: 4779 ns, Total: 118766 ns
[2025-03-20T13:59:10.964+0000][7][safepoint   ] Safepoint "Cleanup", Time since last: 1000886015 ns, Reaching safepoint: 109709 ns, At safepoint: 3867 ns, Total: 113576 ns
[2025-03-20T13:59:12.965+0000][7][safepoint   ] Safepoint "Cleanup", Time since last: 2000852017 ns, Reaching safepoint: 92827 ns, At safepoint: 4298 ns, Total: 97125 ns
[2025-03-20T13:59:13.966+0000][7][safepoint   ] Safepoint "Cleanup", Time since last: 1000740808 ns, Reaching safepoint: 70324 ns, At safepoint: 3667 ns, Total: 73991 ns
[2025-03-20T13:59:14.967+0000][7][safepoint   ] Safepoint "Cleanup", Time since last: 1000826458 ns, Reaching safepoint: 100542 ns, At safepoint: 5971 ns, Total: 106513 ns
[2025-03-20T13:59:16.968+0000][7][safepoint   ] Safepoint "Cleanup", Time since last: 2000983249 ns, Reaching safepoint: 59133 ns, At safepoint: 17493 ns, Total: 76626 ns
[2025-03-20T13:59:17.969+0000][7][safepoint   ] Safepoint "Cleanup", Time since last: 1000635680 ns, Reaching safepoint: 143944 ns, At safepoint: 4288 ns, Total: 148232 ns
[2025-03-20T13:59:19.970+0000][7][safepoint   ] Safepoint "Cleanup", Time since last: 2000800080 ns, Reaching safepoint: 102315 ns, At safepoint: 15580 ns, Total: 117895 ns
[2025-03-20T13:59:20.971+0000][7][safepoint   ] Safepoint "Cleanup", Time since last: 1000960825 ns, Reaching safepoint: 86502 ns, At safepoint: 6572 ns, Total: 93074 ns
[2025-03-20T13:59:22.971+0000][7][safepoint   ] Safepoint "Cleanup", Time since last: 2000360494 ns, Reaching safepoint: 90864 ns, At safepoint: 4568 ns, Total: 95432 ns
[2025-03-20T13:59:24.972+0000][7][safepoint   ] Safepoint "Cleanup", Time since last: 2000483775 ns, Reaching safepoint: 74402 ns, At safepoint: 4007 ns, Total: 78409 ns
[2025-03-20T13:59:25.973+0000][7][safepoint   ] Safepoint "Cleanup", Time since last: 1000754584 ns, Reaching safepoint: 141359 ns, At safepoint: 7354 ns, Total: 148713 ns
[2025-03-20T13:59:27.973+0000][7][safepoint   ] Safepoint "Cleanup", Time since last: 2000422458 ns, Reaching safepoint: 124137 ns, At safepoint: 8155 ns, Total: 132292 ns
[2025-03-20T13:59:28.974+0000][7][safepoint   ] Safepoint "Cleanup", Time since last: 1000415489 ns, Reaching safepoint: 92766 ns, At safepoint: 3878 ns, Total: 96644 ns
[2025-03-20T13:59:29.975+0000][7][safepoint   ] Safepoint "Cleanup", Time since last: 1000612834 ns, Reaching safepoint: 118065 ns, At safepoint: 4719 ns, Total: 122784 ns
[2025-03-20T13:59:31.976+0000][7][safepoint   ] Safepoint "Cleanup", Time since last: 2001002862 ns, Reaching safepoint: 643310 ns, At safepoint: 20288 ns, Total: 663598 ns
[2025-03-20T13:59:32.977+0000][7][safepoint   ] Safepoint "Cleanup", Time since last: 1000386391 ns, Reaching safepoint: 93899 ns, At safepoint: 3927 ns, Total: 97826 ns
[2025-03-20T13:59:34.978+0000][7][safepoint   ] Safepoint "Cleanup", Time since last: 2001212907 ns, Reaching safepoint: 80313 ns, At safepoint: 3847 ns, Total: 84160 ns
[2025-03-20T13:59:37.981+0000][7][safepoint   ] Safepoint "Cleanup", Time since last: 3002364331 ns, Reaching safepoint: 100232 ns, At safepoint: 6843 ns, Total: 107075 ns
[2025-03-20T13:59:39.982+0000][7][safepoint   ] Safepoint "Cleanup", Time since last: 2001279900 ns, Reaching safepoint: 90873 ns, At safepoint: 4168 ns, Total: 95041 ns
[2025-03-20T13:59:40.957+0000][7][gc,start    ] GC(52) Pause Young (Normal) (G1 Evacuation Pause)
[2025-03-20T13:59:40.957+0000][7][gc,task     ] GC(52) Using 8 workers of 8 for evacuation
[2025-03-20T13:59:40.957+0000][7][gc,age      ] GC(52) Desired survivor size 20971520 bytes, new threshold 15 (max threshold 15)
[2025-03-20T13:59:40.959+0000][7][gc,age      ] GC(52) Age table with threshold 15 (max threshold 15)
[2025-03-20T13:59:40.959+0000][7][gc,age      ] GC(52) - age   1:    1022848 bytes,    1022848 total
[2025-03-20T13:59:40.959+0000][7][gc,age      ] GC(52) - age   2:       5768 bytes,    1028616 total
[2025-03-20T13:59:40.959+0000][7][gc,age      ] GC(52) - age   3:      15432 bytes,    1044048 total
[2025-03-20T13:59:40.959+0000][7][gc,age      ] GC(52) - age   4:      21448 bytes,    1065496 total
[2025-03-20T13:59:40.959+0000][7][gc,age      ] GC(52) - age   5:     133880 bytes,    1199376 total
[2025-03-20T13:59:40.959+0000][7][gc,age      ] GC(52) - age   6:     120752 bytes,    1320128 total
[2025-03-20T13:59:40.959+0000][7][gc,age      ] GC(52) - age   7:       4432 bytes,    1324560 total
[2025-03-20T13:59:40.959+0000][7][gc,age      ] GC(52) - age   8:      11960 bytes,    1336520 total
[2025-03-20T13:59:40.959+0000][7][gc,age      ] GC(52) - age   9:       4408 bytes,    1340928 total
[2025-03-20T13:59:40.959+0000][7][gc,age      ] GC(52) - age  10:      10664 bytes,    1351592 total
[2025-03-20T13:59:40.959+0000][7][gc,age      ] GC(52) - age  11:      17656 bytes,    1369248 total
[2025-03-20T13:59:40.959+0000][7][gc,age      ] GC(52) - age  12:     150624 bytes,    1519872 total
[2025-03-20T13:59:40.959+0000][7][gc,age      ] GC(52) - age  13:     146496 bytes,    1666368 total
[2025-03-20T13:59:40.959+0000][7][gc,age      ] GC(52) - age  14:       4632 bytes,    1671000 total
[2025-03-20T13:59:40.959+0000][7][gc,age      ] GC(52) - age  15:     189176 bytes,    1860176 total
[2025-03-20T13:59:40.960+0000][7][gc,phases   ] GC(52)   Pre Evacuate Collection Set: 0.1ms
[2025-03-20T13:59:40.960+0000][7][gc,phases   ] GC(52)   Merge Heap Roots: 0.1ms
[2025-03-20T13:59:40.960+0000][7][gc,phases   ] GC(52)   Evacuate Collection Set: 1.6ms
[2025-03-20T13:59:40.960+0000][7][gc,phases   ] GC(52)   Post Evacuate Collection Set: 0.9ms
[2025-03-20T13:59:40.960+0000][7][gc,phases   ] GC(52)   Other: 0.3ms
[2025-03-20T13:59:40.960+0000][7][gc,heap     ] GC(52) Eden regions: 72->0(71)
[2025-03-20T13:59:40.960+0000][7][gc,heap     ] GC(52) Survivor regions: 1->1(10)
[2025-03-20T13:59:40.960+0000][7][gc,heap     ] GC(52) Old regions: 26->27
[2025-03-20T13:59:40.960+0000][7][gc,heap     ] GC(52) Archive regions: 2->2
[2025-03-20T13:59:40.960+0000][7][gc,heap     ] GC(52) Humongous regions: 5->5
[2025-03-20T13:59:40.960+0000][7][gc,metaspace] GC(52) Metaspace: 119160K(120832K)->119160K(120832K) NonClass: 103674K(104576K)->103674K(104576K) Class: 15485K(16256K)->15485K(16256K)
[2025-03-20T13:59:40.960+0000][7][gc          ] GC(52) Pause Young (Normal) (G1 Evacuation Pause) 418M->129M(512M) 3.049ms
[2025-03-20T13:59:40.960+0000][7][gc,cpu      ] GC(52) User=0.00s Sys=0.01s Real=0.01s
[2025-03-20T13:59:40.960+0000][7][safepoint   ] Safepoint "G1CollectForAllocation", Time since last: 974417787 ns, Reaching safepoint: 89461 ns, At safepoint: 3143761 ns, Total: 3233222 ns
[2025-03-20T13:59:41.961+0000][7][safepoint   ] Safepoint "Cleanup", Time since last: 1000847987 ns, Reaching safepoint: 186978 ns, At safepoint: 7624 ns, Total: 194602 ns
[2025-03-20T13:59:42.961+0000][7][safepoint   ] Safepoint "Cleanup", Time since last: 1000579040 ns, Reaching safepoint: 100241 ns, At safepoint: 4669 ns, Total: 104910 ns
[2025-03-20T13:59:43.962+0000][7][safepoint   ] Safepoint "Cleanup", Time since last: 1000209534 ns, Reaching safepoint: 96935 ns, At safepoint: 4799 ns, Total: 101734 ns
[2025-03-20T13:59:44.963+0000][7][safepoint   ] Safepoint "Cleanup", Time since last: 1001148154 ns, Reaching safepoint: 111082 ns, At safepoint: 5620 ns, Total: 116702 ns
[2025-03-20T13:59:46.965+0000][7][safepoint   ] Safepoint "Cleanup", Time since last: 2001571508 ns, Reaching safepoint: 135969 ns, At safepoint: 5320 ns, Total: 141289 ns
[2025-03-20T13:59:47.965+0000][7][safepoint   ] Safepoint "Cleanup", Time since last: 1000477774 ns, Reaching safepoint: 169153 ns, At safepoint: 5119 ns, Total: 174272 ns
[2025-03-20T13:59:49.967+0000][7][safepoint   ] Safepoint "Cleanup", Time since last: 2001627037 ns, Reaching safepoint: 240618 ns, At safepoint: 6713 ns, Total: 247331 ns
[2025-03-20T13:59:52.969+0000][7][safepoint   ] Safepoint "Cleanup", Time since last: 3002107741 ns, Reaching safepoint: 79100 ns, At safepoint: 3898 ns, Total: 82998 ns
[2025-03-20T14:00:01.975+0000][7][safepoint   ] Safepoint "Cleanup", Time since last: 9005600861 ns, Reaching safepoint: 120820 ns, At safepoint: 5100 ns, Total: 125920 ns
[2025-03-20T14:00:08.981+0000][7][safepoint   ] Safepoint "Cleanup", Time since last: 7005937852 ns, Reaching safepoint: 124282 ns, At safepoint: 7444 ns, Total: 131726 ns
[2025-03-20T14:00:09.981+0000][7][safepoint   ] Safepoint "Cleanup", Time since last: 1000179199 ns, Reaching safepoint: 88959 ns, At safepoint: 4018 ns, Total: 92977 ns
[2025-03-20T14:00:14.985+0000][7][safepoint   ] Safepoint "Cleanup", Time since last: 5003361365 ns, Reaching safepoint: 97575 ns, At safepoint: 4239 ns, Total: 101814 ns
[2025-03-20T14:00:22.107+0000][7][safepoint   ] Safepoint "Cleanup", Time since last: 7121999134 ns, Reaching safepoint: 129005 ns, At safepoint: 16812 ns, Total: 145817 ns
[2025-03-20T14:00:23.108+0000][7][safepoint   ] Safepoint "Cleanup", Time since last: 1000274161 ns, Reaching safepoint: 210000 ns, At safepoint: 25158 ns, Total: 235158 ns
[2025-03-20T14:00:26.109+0000][7][safepoint   ] Safepoint "Cleanup", Time since last: 3001161887 ns, Reaching safepoint: 181956 ns, At safepoint: 4609 ns, Total: 186565 ns
[2025-03-20T14:00:26.895+0000][7][gc,start    ] GC(53) Pause Young (Normal) (G1 Evacuation Pause)
[2025-03-20T14:00:26.895+0000][7][gc,task     ] GC(53) Using 8 workers of 8 for evacuation
[2025-03-20T14:00:26.895+0000][7][gc,age      ] GC(53) Desired survivor size 18874368 bytes, new threshold 15 (max threshold 15)
[2025-03-20T14:00:26.897+0000][7][gc,age      ] GC(53) Age table with threshold 15 (max threshold 15)
[2025-03-20T14:00:26.897+0000][7][gc,age      ] GC(53) - age   1:    2193480 bytes,    2193480 total
[2025-03-20T14:00:26.897+0000][7][gc,age      ] GC(53) - age   2:      10984 bytes,    2204464 total
[2025-03-20T14:00:26.897+0000][7][gc,age      ] GC(53) - age   3:       2376 bytes,    2206840 total
[2025-03-20T14:00:26.897+0000][7][gc,age      ] GC(53) - age   4:      14392 bytes,    2221232 total
[2025-03-20T14:00:26.897+0000][7][gc,age      ] GC(53) - age   5:      20792 bytes,    2242024 total
[2025-03-20T14:00:26.897+0000][7][gc,age      ] GC(53) - age   6:     133880 bytes,    2375904 total
[2025-03-20T14:00:26.897+0000][7][gc,age      ] GC(53) - age   7:     120552 bytes,    2496456 total
[2025-03-20T14:00:26.897+0000][7][gc,age      ] GC(53) - age   8:       4368 bytes,    2500824 total
[2025-03-20T14:00:26.897+0000][7][gc,age      ] GC(53) - age   9:      11928 bytes,    2512752 total
[2025-03-20T14:00:26.897+0000][7][gc,age      ] GC(53) - age  10:       4408 bytes,    2517160 total
[2025-03-20T14:00:26.897+0000][7][gc,age      ] GC(53) - age  11:      10664 bytes,    2527824 total
[2025-03-20T14:00:26.897+0000][7][gc,age      ] GC(53) - age  12:      17656 bytes,    2545480 total
[2025-03-20T14:00:26.897+0000][7][gc,age      ] GC(53) - age  13:     150624 bytes,    2696104 total
[2025-03-20T14:00:26.897+0000][7][gc,age      ] GC(53) - age  14:     146496 bytes,    2842600 total
[2025-03-20T14:00:26.897+0000][7][gc,age      ] GC(53) - age  15:       4632 bytes,    2847232 total
[2025-03-20T14:00:26.897+0000][7][gc,phases   ] GC(53)   Pre Evacuate Collection Set: 0.1ms
[2025-03-20T14:00:26.897+0000][7][gc,phases   ] GC(53)   Merge Heap Roots: 0.1ms
[2025-03-20T14:00:26.897+0000][7][gc,phases   ] GC(53)   Evacuate Collection Set: 1.1ms
[2025-03-20T14:00:26.897+0000][7][gc,phases   ] GC(53)   Post Evacuate Collection Set: 0.6ms
[2025-03-20T14:00:26.897+0000][7][gc,phases   ] GC(53)   Other: 0.2ms
[2025-03-20T14:00:26.897+0000][7][gc,heap     ] GC(53) Eden regions: 71->0(71)
[2025-03-20T14:00:26.897+0000][7][gc,heap     ] GC(53) Survivor regions: 1->1(9)
[2025-03-20T14:00:26.897+0000][7][gc,heap     ] GC(53) Old regions: 27->27
[2025-03-20T14:00:26.897+0000][7][gc,heap     ] GC(53) Archive regions: 2->2
[2025-03-20T14:00:26.897+0000][7][gc,heap     ] GC(53) Humongous regions: 5->5
[2025-03-20T14:00:26.897+0000][7][gc,metaspace] GC(53) Metaspace: 119180K(120832K)->119180K(120832K) NonClass: 103694K(104576K)->103694K(104576K) Class: 15485K(16256K)->15485K(16256K)
[2025-03-20T14:00:26.897+0000][7][gc          ] GC(53) Pause Young (Normal) (G1 Evacuation Pause) 413M->131M(512M) 2.307ms
[2025-03-20T14:00:26.897+0000][7][gc,cpu      ] GC(53) User=0.01s Sys=0.00s Real=0.00s
[2025-03-20T14:00:26.897+0000][7][safepoint   ] Safepoint "G1CollectForAllocation", Time since last: 785711506 ns, Reaching safepoint: 103988 ns, At safepoint: 2397597 ns, Total: 2501585 ns
[2025-03-20T14:00:29.900+0000][7][safepoint   ] Safepoint "Cleanup", Time since last: 3002406803 ns, Reaching safepoint: 82617 ns, At safepoint: 4649 ns, Total: 87266 ns
[2025-03-20T14:00:32.901+0000][7][safepoint   ] Safepoint "Cleanup", Time since last: 3001272396 ns, Reaching safepoint: 204940 ns, At safepoint: 7234 ns, Total: 212174 ns
[2025-03-20T14:00:38.907+0000][7][safepoint   ] Safepoint "Cleanup", Time since last: 6005327518 ns, Reaching safepoint: 92827 ns, At safepoint: 4188 ns, Total: 97015 ns
[2025-03-20T14:00:40.907+0000][7][safepoint   ] Safepoint "Cleanup", Time since last: 2000591999 ns, Reaching safepoint: 114608 ns, At safepoint: 7535 ns, Total: 122143 ns
[2025-03-20T14:00:42.066+0000][7][safepoint   ] Safepoint "Cleanup", Time since last: 1158607403 ns, Reaching safepoint: 99078 ns, At safepoint: 3928 ns, Total: 103006 ns
[2025-03-20T14:00:44.067+0000][7][safepoint   ] Safepoint "Cleanup", Time since last: 2001149905 ns, Reaching safepoint: 141961 ns, At safepoint: 6712 ns, Total: 148673 ns
[2025-03-20T14:00:51.072+0000][7][safepoint   ] Safepoint "Cleanup", Time since last: 7004947392 ns, Reaching safepoint: 106513 ns, At safepoint: 4549 ns, Total: 111062 ns
[2025-03-20T14:00:54.075+0000][7][safepoint   ] Safepoint "Cleanup", Time since last: 3002581628 ns, Reaching safepoint: 163341 ns, At safepoint: 6152 ns, Total: 169493 ns
[2025-03-20T14:00:55.076+0000][7][safepoint   ] Safepoint "Cleanup", Time since last: 1000934917 ns, Reaching safepoint: 210639 ns, At safepoint: 9759 ns, Total: 220398 ns
[2025-03-20T14:00:56.077+0000][7][safepoint   ] Safepoint "Cleanup", Time since last: 1000790851 ns, Reaching safepoint: 100362 ns, At safepoint: 6442 ns, Total: 106804 ns
[2025-03-20T14:01:02.080+0000][7][safepoint   ] Safepoint "Cleanup", Time since last: 6002566983 ns, Reaching safepoint: 113386 ns, At safepoint: 4328 ns, Total: 117714 ns
[2025-03-20T14:01:03.081+0000][7][safepoint   ] Safepoint "Cleanup", Time since last: 1000917022 ns, Reaching safepoint: 171526 ns, At safepoint: 7194 ns, Total: 178720 ns
[2025-03-20T14:01:05.083+0000][7][safepoint   ] Safepoint "Cleanup", Time since last: 2001513239 ns, Reaching safepoint: 122061 ns, At safepoint: 6763 ns, Total: 128824 ns
[2025-03-20T14:01:06.083+0000][7][safepoint   ] Safepoint "Cleanup", Time since last: 1000536130 ns, Reaching safepoint: 101212 ns, At safepoint: 4389 ns, Total: 105601 ns
[2025-03-20T14:01:07.084+0000][7][safepoint   ] Safepoint "Cleanup", Time since last: 1000860385 ns, Reaching safepoint: 112414 ns, At safepoint: 5360 ns, Total: 117774 ns
[2025-03-20T14:01:08.042+0000][7][gc,start    ] GC(54) Pause Young (Normal) (G1 Evacuation Pause)
[2025-03-20T14:01:08.042+0000][7][gc,task     ] GC(54) Using 8 workers of 8 for evacuation
[2025-03-20T14:01:08.042+0000][7][gc,age      ] GC(54) Desired survivor size 18874368 bytes, new threshold 15 (max threshold 15)
[2025-03-20T14:01:08.045+0000][7][gc,age      ] GC(54) Age table with threshold 15 (max threshold 15)
[2025-03-20T14:01:08.045+0000][7][gc,age      ] GC(54) - age   1:     642752 bytes,     642752 total
[2025-03-20T14:01:08.045+0000][7][gc,age      ] GC(54) - age   2:       7376 bytes,     650128 total
[2025-03-20T14:01:08.045+0000][7][gc,age      ] GC(54) - age   3:       9832 bytes,     659960 total
[2025-03-20T14:01:08.045+0000][7][gc,age      ] GC(54) - age   4:       1800 bytes,     661760 total
[2025-03-20T14:01:08.045+0000][7][gc,age      ] GC(54) - age   5:      14392 bytes,     676152 total
[2025-03-20T14:01:08.045+0000][7][gc,age      ] GC(54) - age   6:      20792 bytes,     696944 total
[2025-03-20T14:01:08.045+0000][7][gc,age      ] GC(54) - age   7:     133816 bytes,     830760 total
[2025-03-20T14:01:08.045+0000][7][gc,age      ] GC(54) - age   8:     120552 bytes,     951312 total
[2025-03-20T14:01:08.045+0000][7][gc,age      ] GC(54) - age   9:       4344 bytes,     955656 total
[2025-03-20T14:01:08.045+0000][7][gc,age      ] GC(54) - age  10:      11896 bytes,     967552 total
[2025-03-20T14:01:08.045+0000][7][gc,age      ] GC(54) - age  11:       4112 bytes,     971664 total
[2025-03-20T14:01:08.045+0000][7][gc,age      ] GC(54) - age  12:      10664 bytes,     982328 total
[2025-03-20T14:01:08.045+0000][7][gc,age      ] GC(54) - age  13:      17656 bytes,     999984 total
[2025-03-20T14:01:08.045+0000][7][gc,age      ] GC(54) - age  14:     150624 bytes,    1150608 total
[2025-03-20T14:01:08.045+0000][7][gc,age      ] GC(54) - age  15:     146496 bytes,    1297104 total
[2025-03-20T14:01:08.046+0000][7][gc,phases   ] GC(54)   Pre Evacuate Collection Set: 0.1ms
[2025-03-20T14:01:08.046+0000][7][gc,phases   ] GC(54)   Merge Heap Roots: 0.1ms
[2025-03-20T14:01:08.046+0000][7][gc,phases   ] GC(54)   Evacuate Collection Set: 2.3ms
[2025-03-20T14:01:08.046+0000][7][gc,phases   ] GC(54)   Post Evacuate Collection Set: 0.9ms
[2025-03-20T14:01:08.046+0000][7][gc,phases   ] GC(54)   Other: 0.3ms
[2025-03-20T14:01:08.046+0000][7][gc,heap     ] GC(54) Eden regions: 71->0(71)
[2025-03-20T14:01:08.046+0000][7][gc,heap     ] GC(54) Survivor regions: 1->1(9)
[2025-03-20T14:01:08.046+0000][7][gc,heap     ] GC(54) Old regions: 27->27
[2025-03-20T14:01:08.046+0000][7][gc,heap     ] GC(54) Archive regions: 2->2
[2025-03-20T14:01:08.046+0000][7][gc,heap     ] GC(54) Humongous regions: 5->5
[2025-03-20T14:01:08.046+0000][7][gc,metaspace] GC(54) Metaspace: 119203K(120896K)->119203K(120896K) NonClass: 103717K(104640K)->103717K(104640K) Class: 15485K(16256K)->15485K(16256K)
[2025-03-20T14:01:08.046+0000][7][gc          ] GC(54) Pause Young (Normal) (G1 Evacuation Pause) 415M->129M(512M) 3.661ms
[2025-03-20T14:01:08.046+0000][7][gc,cpu      ] GC(54) User=0.01s Sys=0.00s Real=0.00s
[2025-03-20T14:01:08.046+0000][7][safepoint   ] Safepoint "G1CollectForAllocation", Time since last: 957614650 ns, Reaching safepoint: 86866 ns, At safepoint: 3777398 ns, Total: 3864264 ns
[2025-03-20T14:01:20.053+0000][7][safepoint   ] Safepoint "Cleanup", Time since last: 12006832690 ns, Reaching safepoint: 130439 ns, At safepoint: 4759 ns, Total: 135198 ns
[2025-03-20T14:01:21.054+0000][7][safepoint   ] Safepoint "Cleanup", Time since last: 1000251006 ns, Reaching safepoint: 824137 ns, At safepoint: 22382 ns, Total: 846519 ns
[2025-03-20T14:01:25.056+0000][7][safepoint   ] Safepoint "Cleanup", Time since last: 4002601524 ns, Reaching safepoint: 86034 ns, At safepoint: 4228 ns, Total: 90262 ns
[2025-03-20T14:01:26.057+0000][7][safepoint   ] Safepoint "Cleanup", Time since last: 1000642263 ns, Reaching safepoint: 109408 ns, At safepoint: 5230 ns, Total: 114638 ns
[2025-03-20T14:01:27.058+0000][7][safepoint   ] Safepoint "Cleanup", Time since last: 1000568577 ns, Reaching safepoint: 101393 ns, At safepoint: 5491 ns, Total: 106884 ns
[2025-03-20T14:01:28.072+0000][7][safepoint   ] Safepoint "Cleanup", Time since last: 1014334134 ns, Reaching safepoint: 134245 ns, At safepoint: 5040 ns, Total: 139285 ns
[2025-03-20T14:01:33.075+0000][7][safepoint   ] Safepoint "Cleanup", Time since last: 5002877552 ns, Reaching safepoint: 134526 ns, At safepoint: 4619 ns, Total: 139145 ns
[2025-03-20T14:01:39.079+0000][7][safepoint   ] Safepoint "Cleanup", Time since last: 6003961397 ns, Reaching safepoint: 100822 ns, At safepoint: 3827 ns, Total: 104649 ns
[2025-03-20T14:01:41.081+0000][7][safepoint   ] Safepoint "Cleanup", Time since last: 2001247457 ns, Reaching safepoint: 137331 ns, At safepoint: 4659 ns, Total: 141990 ns
[2025-03-20T14:01:44.082+0000][7][safepoint   ] Safepoint "Cleanup", Time since last: 3001520988 ns, Reaching safepoint: 157140 ns, At safepoint: 5390 ns, Total: 162530 ns
[2025-03-20T14:01:50.136+0000][7][gc,start    ] GC(55) Pause Young (Normal) (G1 Evacuation Pause)
[2025-03-20T14:01:50.136+0000][7][gc,task     ] GC(55) Using 8 workers of 8 for evacuation
[2025-03-20T14:01:50.136+0000][7][gc,age      ] GC(55) Desired survivor size 18874368 bytes, new threshold 15 (max threshold 15)
[2025-03-20T14:01:50.139+0000][7][gc,age      ] GC(55) Age table with threshold 15 (max threshold 15)
[2025-03-20T14:01:50.139+0000][7][gc,age      ] GC(55) - age   1:    1784784 bytes,    1784784 total
[2025-03-20T14:01:50.139+0000][7][gc,age      ] GC(55) - age   2:       5448 bytes,    1790232 total
[2025-03-20T14:01:50.139+0000][7][gc,age      ] GC(55) - age   3:       5040 bytes,    1795272 total
[2025-03-20T14:01:50.139+0000][7][gc,age      ] GC(55) - age   4:       9608 bytes,    1804880 total
[2025-03-20T14:01:50.139+0000][7][gc,age      ] GC(55) - age   5:       1736 bytes,    1806616 total
[2025-03-20T14:01:50.139+0000][7][gc,age      ] GC(55) - age   6:      14392 bytes,    1821008 total
[2025-03-20T14:01:50.139+0000][7][gc,age      ] GC(55) - age   7:      20792 bytes,    1841800 total
[2025-03-20T14:01:50.139+0000][7][gc,age      ] GC(55) - age   8:     133648 bytes,    1975448 total
[2025-03-20T14:01:50.139+0000][7][gc,age      ] GC(55) - age   9:     120520 bytes,    2095968 total
[2025-03-20T14:01:50.139+0000][7][gc,age      ] GC(55) - age  10:       4344 bytes,    2100312 total
[2025-03-20T14:01:50.139+0000][7][gc,age      ] GC(55) - age  11:      11896 bytes,    2112208 total
[2025-03-20T14:01:50.139+0000][7][gc,age      ] GC(55) - age  12:       4112 bytes,    2116320 total
[2025-03-20T14:01:50.139+0000][7][gc,age      ] GC(55) - age  13:      10664 bytes,    2126984 total
[2025-03-20T14:01:50.139+0000][7][gc,age      ] GC(55) - age  14:      17656 bytes,    2144640 total
[2025-03-20T14:01:50.139+0000][7][gc,age      ] GC(55) - age  15:     150624 bytes,    2295264 total
[2025-03-20T14:01:50.139+0000][7][gc,phases   ] GC(55)   Pre Evacuate Collection Set: 0.1ms
[2025-03-20T14:01:50.139+0000][7][gc,phases   ] GC(55)   Merge Heap Roots: 0.1ms
[2025-03-20T14:01:50.139+0000][7][gc,phases   ] GC(55)   Evacuate Collection Set: 1.9ms
[2025-03-20T14:01:50.139+0000][7][gc,phases   ] GC(55)   Post Evacuate Collection Set: 1.4ms
[2025-03-20T14:01:50.139+0000][7][gc,phases   ] GC(55)   Other: 0.2ms
[2025-03-20T14:01:50.139+0000][7][gc,heap     ] GC(55) Eden regions: 71->0(71)
[2025-03-20T14:01:50.139+0000][7][gc,heap     ] GC(55) Survivor regions: 1->1(9)
[2025-03-20T14:01:50.139+0000][7][gc,heap     ] GC(55) Old regions: 27->27
[2025-03-20T14:01:50.139+0000][7][gc,heap     ] GC(55) Archive regions: 2->2
[2025-03-20T14:01:50.139+0000][7][gc,heap     ] GC(55) Humongous regions: 5->5
[2025-03-20T14:01:50.140+0000][7][gc,metaspace] GC(55) Metaspace: 119210K(120896K)->119210K(120896K) NonClass: 103724K(104640K)->103724K(104640K) Class: 15485K(16256K)->15485K(16256K)
[2025-03-20T14:01:50.140+0000][7][gc          ] GC(55) Pause Young (Normal) (G1 Evacuation Pause) 413M->130M(512M) 3.870ms
[2025-03-20T14:01:50.140+0000][7][gc,cpu      ] GC(55) User=0.01s Sys=0.00s Real=0.01s
[2025-03-20T14:01:50.140+0000][7][safepoint   ] Safepoint "G1CollectForAllocation", Time since last: 6053032686 ns, Reaching safepoint: 102405 ns, At safepoint: 3958720 ns, Total: 4061125 ns
[2025-03-20T14:02:05.148+0000][7][safepoint   ] Safepoint "Cleanup", Time since last: 15008693380 ns, Reaching safepoint: 97446 ns, At safepoint: 4088 ns, Total: 101534 ns
[2025-03-20T14:02:08.151+0000][7][safepoint   ] Safepoint "Cleanup", Time since last: 3002000447 ns, Reaching safepoint: 167740 ns, At safepoint: 6452 ns, Total: 174192 ns
[2025-03-20T14:02:11.153+0000][7][safepoint   ] Safepoint "Cleanup", Time since last: 3001928280 ns, Reaching safepoint: 169282 ns, At safepoint: 5591 ns, Total: 174873 ns
[2025-03-20T14:02:24.159+0000][7][safepoint   ] Safepoint "Cleanup", Time since last: 13005858378 ns, Reaching safepoint: 176536 ns, At safepoint: 5080 ns, Total: 181616 ns
[2025-03-20T14:02:25.160+0000][7][safepoint   ] Safepoint "Cleanup", Time since last: 1001088462 ns, Reaching safepoint: 129326 ns, At safepoint: 4438 ns, Total: 133764 ns
[2025-03-20T14:02:26.160+0000][7][safepoint   ] Safepoint "Cleanup", Time since last: 1000183797 ns, Reaching safepoint: 91529 ns, At safepoint: 6342 ns, Total: 97871 ns
[2025-03-20T14:02:29.162+0000][7][safepoint   ] Safepoint "Cleanup", Time since last: 3002043395 ns, Reaching safepoint: 104569 ns, At safepoint: 4288 ns, Total: 108857 ns
[2025-03-20T14:02:32.142+0000][7][gc,start    ] GC(56) Pause Young (Normal) (G1 Evacuation Pause)
[2025-03-20T14:02:32.142+0000][7][gc,task     ] GC(56) Using 8 workers of 8 for evacuation
[2025-03-20T14:02:32.142+0000][7][gc,age      ] GC(56) Desired survivor size 18874368 bytes, new threshold 15 (max threshold 15)
[2025-03-20T14:02:32.144+0000][7][gc,age      ] GC(56) Age table with threshold 15 (max threshold 15)
[2025-03-20T14:02:32.144+0000][7][gc,age      ] GC(56) - age   1:    2030712 bytes,    2030712 total
[2025-03-20T14:02:32.144+0000][7][gc,age      ] GC(56) - age   2:       6584 bytes,    2037296 total
[2025-03-20T14:02:32.144+0000][7][gc,age      ] GC(56) - age   3:       3472 bytes,    2040768 total
[2025-03-20T14:02:32.144+0000][7][gc,age      ] GC(56) - age   4:       3888 bytes,    2044656 total
[2025-03-20T14:02:32.144+0000][7][gc,age      ] GC(56) - age   5:       9384 bytes,    2054040 total
[2025-03-20T14:02:32.144+0000][7][gc,age      ] GC(56) - age   6:       1376 bytes,    2055416 total
[2025-03-20T14:02:32.144+0000][7][gc,age      ] GC(56) - age   7:      14392 bytes,    2069808 total
[2025-03-20T14:02:32.144+0000][7][gc,age      ] GC(56) - age   8:      20792 bytes,    2090600 total
[2025-03-20T14:02:32.144+0000][7][gc,age      ] GC(56) - age   9:     133648 bytes,    2224248 total
[2025-03-20T14:02:32.144+0000][7][gc,age      ] GC(56) - age  10:     120520 bytes,    2344768 total
[2025-03-20T14:02:32.144+0000][7][gc,age      ] GC(56) - age  11:       4048 bytes,    2348816 total
[2025-03-20T14:02:32.144+0000][7][gc,age      ] GC(56) - age  12:      11896 bytes,    2360712 total
[2025-03-20T14:02:32.144+0000][7][gc,age      ] GC(56) - age  13:       4112 bytes,    2364824 total
[2025-03-20T14:02:32.144+0000][7][gc,age      ] GC(56) - age  14:      10664 bytes,    2375488 total
[2025-03-20T14:02:32.144+0000][7][gc,age      ] GC(56) - age  15:      17640 bytes,    2393128 total
[2025-03-20T14:02:32.144+0000][7][gc,phases   ] GC(56)   Pre Evacuate Collection Set: 0.1ms
[2025-03-20T14:02:32.144+0000][7][gc,phases   ] GC(56)   Merge Heap Roots: 0.1ms
[2025-03-20T14:02:32.144+0000][7][gc,phases   ] GC(56)   Evacuate Collection Set: 1.0ms
[2025-03-20T14:02:32.144+0000][7][gc,phases   ] GC(56)   Post Evacuate Collection Set: 0.7ms
[2025-03-20T14:02:32.145+0000][7][gc,phases   ] GC(56)   Other: 0.2ms
[2025-03-20T14:02:32.145+0000][7][gc,heap     ] GC(56) Eden regions: 71->0(71)
[2025-03-20T14:02:32.145+0000][7][gc,heap     ] GC(56) Survivor regions: 1->1(9)
[2025-03-20T14:02:32.145+0000][7][gc,heap     ] GC(56) Old regions: 27->27
[2025-03-20T14:02:32.145+0000][7][gc,heap     ] GC(56) Archive regions: 2->2
[2025-03-20T14:02:32.145+0000][7][gc,heap     ] GC(56) Humongous regions: 5->5
[2025-03-20T14:02:32.145+0000][7][gc,metaspace] GC(56) Metaspace: 119229K(120960K)->119229K(120960K) NonClass: 103743K(104704K)->103743K(104704K) Class: 15485K(16256K)->15485K(16256K)
[2025-03-20T14:02:32.145+0000][7][gc          ] GC(56) Pause Young (Normal) (G1 Evacuation Pause) 414M->131M(512M) 2.138ms
[2025-03-20T14:02:32.145+0000][7][gc,cpu      ] GC(56) User=0.00s Sys=0.00s Real=0.00s
[2025-03-20T14:02:32.145+0000][7][safepoint   ] Safepoint "G1CollectForAllocation", Time since last: 2979873164 ns, Reaching safepoint: 159514 ns, At safepoint: 2220797 ns, Total: 2380311 ns
[2025-03-20T14:02:44.151+0000][7][safepoint   ] Safepoint "Cleanup", Time since last: 12005743494 ns, Reaching safepoint: 164243 ns, At safepoint: 5941 ns, Total: 170184 ns
[2025-03-20T14:02:46.152+0000][7][safepoint   ] Safepoint "Cleanup", Time since last: 2001501955 ns, Reaching safepoint: 106503 ns, At safepoint: 5180 ns, Total: 111683 ns
[2025-03-20T14:03:02.163+0000][7][safepoint   ] Safepoint "Cleanup", Time since last: 16011096816 ns, Reaching safepoint: 192006 ns, At safepoint: 5360 ns, Total: 197366 ns
[2025-03-20T14:03:05.166+0000][7][safepoint   ] Safepoint "Cleanup", Time since last: 3002388547 ns, Reaching safepoint: 125569 ns, At safepoint: 4789 ns, Total: 130358 ns
[2025-03-20T14:03:06.167+0000][7][safepoint   ] Safepoint "Cleanup", Time since last: 1000373983 ns, Reaching safepoint: 200922 ns, At safepoint: 6383 ns, Total: 207305 ns
[2025-03-20T14:03:08.168+0000][7][safepoint   ] Safepoint "Cleanup", Time since last: 2001128735 ns, Reaching safepoint: 179823 ns, At safepoint: 4549 ns, Total: 184372 ns
[2025-03-20T14:03:09.169+0000][7][safepoint   ] Safepoint "Cleanup", Time since last: 1001081421 ns, Reaching safepoint: 94490 ns, At safepoint: 5901 ns, Total: 100391 ns
[2025-03-20T14:03:11.171+0000][7][safepoint   ] Safepoint "Cleanup", Time since last: 2001486686 ns, Reaching safepoint: 145588 ns, At safepoint: 5230 ns, Total: 150818 ns
[2025-03-20T14:03:17.017+0000][7][gc,start    ] GC(57) Pause Young (Normal) (G1 Evacuation Pause)
[2025-03-20T14:03:17.017+0000][7][gc,task     ] GC(57) Using 8 workers of 8 for evacuation
[2025-03-20T14:03:17.018+0000][7][gc,age      ] GC(57) Desired survivor size 18874368 bytes, new threshold 15 (max threshold 15)
[2025-03-20T14:03:17.021+0000][7][gc,age      ] GC(57) Age table with threshold 15 (max threshold 15)
[2025-03-20T14:03:17.021+0000][7][gc,age      ] GC(57) - age   1:    2113584 bytes,    2113584 total
[2025-03-20T14:03:17.021+0000][7][gc,age      ] GC(57) - age   2:      17640 bytes,    2131224 total
[2025-03-20T14:03:17.021+0000][7][gc,age      ] GC(57) - age   3:       3576 bytes,    2134800 total
[2025-03-20T14:03:17.021+0000][7][gc,age      ] GC(57) - age   4:       2792 bytes,    2137592 total
[2025-03-20T14:03:17.021+0000][7][gc,age      ] GC(57) - age   5:       3592 bytes,    2141184 total
[2025-03-20T14:03:17.021+0000][7][gc,age      ] GC(57) - age   6:       9352 bytes,    2150536 total
[2025-03-20T14:03:17.021+0000][7][gc,age      ] GC(57) - age   7:       1376 bytes,    2151912 total
[2025-03-20T14:03:17.021+0000][7][gc,age      ] GC(57) - age   8:      14392 bytes,    2166304 total
[2025-03-20T14:03:17.021+0000][7][gc,age      ] GC(57) - age   9:      20792 bytes,    2187096 total
[2025-03-20T14:03:17.021+0000][7][gc,age      ] GC(57) - age  10:     133576 bytes,    2320672 total
[2025-03-20T14:03:17.021+0000][7][gc,age      ] GC(57) - age  11:     120520 bytes,    2441192 total
[2025-03-20T14:03:17.021+0000][7][gc,age      ] GC(57) - age  12:       4048 bytes,    2445240 total
[2025-03-20T14:03:17.021+0000][7][gc,age      ] GC(57) - age  13:      11896 bytes,    2457136 total
[2025-03-20T14:03:17.021+0000][7][gc,age      ] GC(57) - age  14:       4112 bytes,    2461248 total
[2025-03-20T14:03:17.021+0000][7][gc,age      ] GC(57) - age  15:      10664 bytes,    2471912 total
[2025-03-20T14:03:17.021+0000][7][gc,phases   ] GC(57)   Pre Evacuate Collection Set: 0.1ms
[2025-03-20T14:03:17.021+0000][7][gc,phases   ] GC(57)   Merge Heap Roots: 0.1ms
[2025-03-20T14:03:17.021+0000][7][gc,phases   ] GC(57)   Evacuate Collection Set: 2.5ms
[2025-03-20T14:03:17.021+0000][7][gc,phases   ] GC(57)   Post Evacuate Collection Set: 1.1ms
[2025-03-20T14:03:17.021+0000][7][gc,phases   ] GC(57)   Other: 0.2ms
[2025-03-20T14:03:17.022+0000][7][gc,heap     ] GC(57) Eden regions: 71->0(71)
[2025-03-20T14:03:17.022+0000][7][gc,heap     ] GC(57) Survivor regions: 1->1(9)
[2025-03-20T14:03:17.022+0000][7][gc,heap     ] GC(57) Old regions: 27->27
[2025-03-20T14:03:17.022+0000][7][gc,heap     ] GC(57) Archive regions: 2->2
[2025-03-20T14:03:17.022+0000][7][gc,heap     ] GC(57) Humongous regions: 5->5
[2025-03-20T14:03:17.022+0000][7][gc,metaspace] GC(57) Metaspace: 119244K(120960K)->119244K(120960K) NonClass: 103758K(104704K)->103758K(104704K) Class: 15485K(16256K)->15485K(16256K)
[2025-03-20T14:03:17.022+0000][7][gc          ] GC(57) Pause Young (Normal) (G1 Evacuation Pause) 415M->131M(512M) 4.083ms
[2025-03-20T14:03:17.022+0000][7][gc,cpu      ] GC(57) User=0.01s Sys=0.00s Real=0.01s
[2025-03-20T14:03:17.022+0000][7][safepoint   ] Safepoint "G1CollectForAllocation", Time since last: 5846624572 ns, Reaching safepoint: 161568 ns, At safepoint: 4172275 ns, Total: 4333843 ns
[2025-03-20T14:03:21.023+0000][7][safepoint   ] Safepoint "Cleanup", Time since last: 4001723641 ns, Reaching safepoint: 125679 ns, At safepoint: 4228 ns, Total: 129907 ns
[2025-03-20T14:03:26.028+0000][7][safepoint   ] Safepoint "Cleanup", Time since last: 5004181667 ns, Reaching safepoint: 118396 ns, At safepoint: 3797 ns, Total: 122193 ns
[2025-03-20T14:03:27.028+0000][7][safepoint   ] Safepoint "Cleanup", Time since last: 1000424278 ns, Reaching safepoint: 113115 ns, At safepoint: 6903 ns, Total: 120018 ns
[2025-03-20T14:03:32.032+0000][7][safepoint   ] Safepoint "Cleanup", Time since last: 5003155986 ns, Reaching safepoint: 120560 ns, At safepoint: 4258 ns, Total: 124818 ns
[2025-03-20T14:03:45.040+0000][7][safepoint   ] Safepoint "Cleanup", Time since last: 13008777798 ns, Reaching safepoint: 127062 ns, At safepoint: 4779 ns, Total: 131841 ns
[2025-03-20T14:03:53.045+0000][7][safepoint   ] Safepoint "Cleanup", Time since last: 8004850724 ns, Reaching safepoint: 96774 ns, At safepoint: 4038 ns, Total: 100812 ns
[2025-03-20T14:03:54.046+0000][7][safepoint   ] Safepoint "Cleanup", Time since last: 1000800847 ns, Reaching safepoint: 148442 ns, At safepoint: 10200 ns, Total: 158642 ns
[2025-03-20T14:03:56.048+0000][7][safepoint   ] Safepoint "Cleanup", Time since last: 2001349827 ns, Reaching safepoint: 158922 ns, At safepoint: 4669 ns, Total: 163591 ns
[2025-03-20T14:04:02.016+0000][7][gc,start    ] GC(58) Pause Young (Normal) (G1 Evacuation Pause)
[2025-03-20T14:04:02.016+0000][7][gc,task     ] GC(58) Using 8 workers of 8 for evacuation
[2025-03-20T14:04:02.016+0000][7][gc,age      ] GC(58) Desired survivor size 18874368 bytes, new threshold 15 (max threshold 15)
[2025-03-20T14:04:02.018+0000][7][gc,age      ] GC(58) Age table with threshold 15 (max threshold 15)
[2025-03-20T14:04:02.018+0000][7][gc,age      ] GC(58) - age   1:    1408632 bytes,    1408632 total
[2025-03-20T14:04:02.018+0000][7][gc,age      ] GC(58) - age   2:       5400 bytes,    1414032 total
[2025-03-20T14:04:02.018+0000][7][gc,age      ] GC(58) - age   3:      15520 bytes,    1429552 total
[2025-03-20T14:04:02.018+0000][7][gc,age      ] GC(58) - age   4:       3064 bytes,    1432616 total
[2025-03-20T14:04:02.018+0000][7][gc,age      ] GC(58) - age   5:       2728 bytes,    1435344 total
[2025-03-20T14:04:02.018+0000][7][gc,age      ] GC(58) - age   6:       3232 bytes,    1438576 total
[2025-03-20T14:04:02.018+0000][7][gc,age      ] GC(58) - age   7:       9352 bytes,    1447928 total
[2025-03-20T14:04:02.018+0000][7][gc,age      ] GC(58) - age   8:       1376 bytes,    1449304 total
[2025-03-20T14:04:02.018+0000][7][gc,age      ] GC(58) - age   9:      14392 bytes,    1463696 total
[2025-03-20T14:04:02.018+0000][7][gc,age      ] GC(58) - age  10:      20792 bytes,    1484488 total
[2025-03-20T14:04:02.018+0000][7][gc,age      ] GC(58) - age  11:     133488 bytes,    1617976 total
[2025-03-20T14:04:02.018+0000][7][gc,age      ] GC(58) - age  12:     120520 bytes,    1738496 total
[2025-03-20T14:04:02.018+0000][7][gc,age      ] GC(58) - age  13:       4048 bytes,    1742544 total
[2025-03-20T14:04:02.018+0000][7][gc,age      ] GC(58) - age  14:      11896 bytes,    1754440 total
[2025-03-20T14:04:02.018+0000][7][gc,age      ] GC(58) - age  15:       3920 bytes,    1758360 total
[2025-03-20T14:04:02.018+0000][7][gc,phases   ] GC(58)   Pre Evacuate Collection Set: 0.1ms
[2025-03-20T14:04:02.018+0000][7][gc,phases   ] GC(58)   Merge Heap Roots: 0.1ms
[2025-03-20T14:04:02.018+0000][7][gc,phases   ] GC(58)   Evacuate Collection Set: 1.0ms
[2025-03-20T14:04:02.018+0000][7][gc,phases   ] GC(58)   Post Evacuate Collection Set: 0.7ms
[2025-03-20T14:04:02.018+0000][7][gc,phases   ] GC(58)   Other: 0.2ms
[2025-03-20T14:04:02.018+0000][7][gc,heap     ] GC(58) Eden regions: 71->0(71)
[2025-03-20T14:04:02.018+0000][7][gc,heap     ] GC(58) Survivor regions: 1->1(9)
[2025-03-20T14:04:02.018+0000][7][gc,heap     ] GC(58) Old regions: 27->27
[2025-03-20T14:04:02.018+0000][7][gc,heap     ] GC(58) Archive regions: 2->2
[2025-03-20T14:04:02.018+0000][7][gc,heap     ] GC(58) Humongous regions: 5->5
[2025-03-20T14:04:02.018+0000][7][gc,metaspace] GC(58) Metaspace: 119256K(120960K)->119256K(120960K) NonClass: 103770K(104704K)->103770K(104704K) Class: 15485K(16256K)->15485K(16256K)
[2025-03-20T14:04:02.018+0000][7][gc          ] GC(58) Pause Young (Normal) (G1 Evacuation Pause) 415M->130M(512M) 2.177ms
[2025-03-20T14:04:02.018+0000][7][gc,cpu      ] GC(58) User=0.00s Sys=0.00s Real=0.00s
[2025-03-20T14:04:02.018+0000][7][safepoint   ] Safepoint "G1CollectForAllocation", Time since last: 5967612353 ns, Reaching safepoint: 97586 ns, At safepoint: 2241368 ns, Total: 2338954 ns
[2025-03-20T14:04:03.019+0000][7][safepoint   ] Safepoint "Cleanup", Time since last: 1000838579 ns, Reaching safepoint: 123325 ns, At safepoint: 4118 ns, Total: 127443 ns
[2025-03-20T14:04:04.019+0000][7][safepoint   ] Safepoint "Cleanup", Time since last: 1000172056 ns, Reaching safepoint: 121902 ns, At safepoint: 5039 ns, Total: 126941 ns
[2025-03-20T14:04:09.022+0000][7][safepoint   ] Safepoint "Cleanup", Time since last: 5002735980 ns, Reaching safepoint: 162319 ns, At safepoint: 5912 ns, Total: 168231 ns
[2025-03-20T14:04:12.023+0000][7][safepoint   ] Safepoint "Cleanup", Time since last: 3001026376 ns, Reaching safepoint: 105441 ns, At safepoint: 4128 ns, Total: 109569 ns
[2025-03-20T14:04:14.025+0000][7][safepoint   ] Safepoint "Cleanup", Time since last: 2001388207 ns, Reaching safepoint: 109639 ns, At safepoint: 20349 ns, Total: 129988 ns
[2025-03-20T14:04:18.027+0000][7][safepoint   ] Safepoint "Cleanup", Time since last: 4002583502 ns, Reaching safepoint: 101974 ns, At safepoint: 4359 ns, Total: 106333 ns
[2025-03-20T14:04:21.028+0000][7][safepoint   ] Safepoint "Cleanup", Time since last: 3000812077 ns, Reaching safepoint: 145136 ns, At safepoint: 4439 ns, Total: 149575 ns
[2025-03-20T14:04:27.032+0000][7][safepoint   ] Safepoint "Cleanup", Time since last: 6003623443 ns, Reaching safepoint: 93819 ns, At safepoint: 3767 ns, Total: 97586 ns
[2025-03-20T14:04:38.040+0000][7][safepoint   ] Safepoint "Cleanup", Time since last: 11007620442 ns, Reaching safepoint: 148142 ns, At safepoint: 5761 ns, Total: 153903 ns
[2025-03-20T14:04:41.585+0000][7][gc,start    ] GC(59) Pause Young (Normal) (G1 Evacuation Pause)
[2025-03-20T14:04:41.585+0000][7][gc,task     ] GC(59) Using 8 workers of 8 for evacuation
[2025-03-20T14:04:41.585+0000][7][gc,age      ] GC(59) Desired survivor size 18874368 bytes, new threshold 15 (max threshold 15)
[2025-03-20T14:04:41.588+0000][7][gc,age      ] GC(59) Age table with threshold 15 (max threshold 15)
[2025-03-20T14:04:41.588+0000][7][gc,age      ] GC(59) - age   1:    1744992 bytes,    1744992 total
[2025-03-20T14:04:41.588+0000][7][gc,age      ] GC(59) - age   2:     262480 bytes,    2007472 total
[2025-03-20T14:04:41.588+0000][7][gc,age      ] GC(59) - age   3:       2256 bytes,    2009728 total
[2025-03-20T14:04:41.588+0000][7][gc,age      ] GC(59) - age   4:      14976 bytes,    2024704 total
[2025-03-20T14:04:41.588+0000][7][gc,age      ] GC(59) - age   5:       2904 bytes,    2027608 total
[2025-03-20T14:04:41.588+0000][7][gc,age      ] GC(59) - age   6:       2632 bytes,    2030240 total
[2025-03-20T14:04:41.588+0000][7][gc,age      ] GC(59) - age   7:       3232 bytes,    2033472 total
[2025-03-20T14:04:41.588+0000][7][gc,age      ] GC(59) - age   8:       9200 bytes,    2042672 total
[2025-03-20T14:04:41.588+0000][7][gc,age      ] GC(59) - age   9:       1376 bytes,    2044048 total
[2025-03-20T14:04:41.588+0000][7][gc,age      ] GC(59) - age  10:       6032 bytes,    2050080 total
[2025-03-20T14:04:41.588+0000][7][gc,age      ] GC(59) - age  11:      20792 bytes,    2070872 total
[2025-03-20T14:04:41.588+0000][7][gc,age      ] GC(59) - age  12:     133456 bytes,    2204328 total
[2025-03-20T14:04:41.588+0000][7][gc,age      ] GC(59) - age  13:     120520 bytes,    2324848 total
[2025-03-20T14:04:41.588+0000][7][gc,age      ] GC(59) - age  14:       4048 bytes,    2328896 total
[2025-03-20T14:04:41.588+0000][7][gc,age      ] GC(59) - age  15:      11400 bytes,    2340296 total
[2025-03-20T14:04:41.588+0000][7][gc,phases   ] GC(59)   Pre Evacuate Collection Set: 0.1ms
[2025-03-20T14:04:41.588+0000][7][gc,phases   ] GC(59)   Merge Heap Roots: 0.1ms
[2025-03-20T14:04:41.588+0000][7][gc,phases   ] GC(59)   Evacuate Collection Set: 1.3ms
[2025-03-20T14:04:41.588+0000][7][gc,phases   ] GC(59)   Post Evacuate Collection Set: 1.7ms
[2025-03-20T14:04:41.588+0000][7][gc,phases   ] GC(59)   Other: 0.3ms
[2025-03-20T14:04:41.588+0000][7][gc,heap     ] GC(59) Eden regions: 71->0(71)
[2025-03-20T14:04:41.589+0000][7][gc,heap     ] GC(59) Survivor regions: 1->1(9)
[2025-03-20T14:04:41.589+0000][7][gc,heap     ] GC(59) Old regions: 27->27
[2025-03-20T14:04:41.589+0000][7][gc,heap     ] GC(59) Archive regions: 2->2
[2025-03-20T14:04:41.589+0000][7][gc,heap     ] GC(59) Humongous regions: 5->5
[2025-03-20T14:04:41.589+0000][7][gc,metaspace] GC(59) Metaspace: 119276K(120960K)->119276K(120960K) NonClass: 103789K(104704K)->103789K(104704K) Class: 15486K(16256K)->15486K(16256K)
[2025-03-20T14:04:41.589+0000][7][gc          ] GC(59) Pause Young (Normal) (G1 Evacuation Pause) 414M->131M(512M) 3.482ms
[2025-03-20T14:04:41.589+0000][7][gc,cpu      ] GC(59) User=0.00s Sys=0.00s Real=0.01s
[2025-03-20T14:04:41.589+0000][7][safepoint   ] Safepoint "G1CollectForAllocation", Time since last: 3545101922 ns, Reaching safepoint: 73861 ns, At safepoint: 3603868 ns, Total: 3677729 ns
[2025-03-20T14:04:44.590+0000][7][safepoint   ] Safepoint "Cleanup", Time since last: 3001482418 ns, Reaching safepoint: 132232 ns, At safepoint: 5100 ns, Total: 137332 ns
[2025-03-20T14:04:50.593+0000][7][safepoint   ] Safepoint "Cleanup", Time since last: 6002140154 ns, Reaching safepoint: 148293 ns, At safepoint: 6192 ns, Total: 154485 ns
[2025-03-20T14:04:55.596+0000][7][safepoint   ] Safepoint "Cleanup", Time since last: 5003063441 ns, Reaching safepoint: 142831 ns, At safepoint: 8236 ns, Total: 151067 ns
[2025-03-20T14:04:56.596+0000][7][safepoint   ] Safepoint "Cleanup", Time since last: 1000473400 ns, Reaching safepoint: 112244 ns, At safepoint: 5220 ns, Total: 117464 ns
[2025-03-20T14:05:01.599+0000][7][safepoint   ] Safepoint "Cleanup", Time since last: 5003013216 ns, Reaching safepoint: 59743 ns, At safepoint: 3197 ns, Total: 62940 ns
[2025-03-20T14:05:20.611+0000][7][safepoint   ] Safepoint "Cleanup", Time since last: 19011182144 ns, Reaching safepoint: 96263 ns, At safepoint: 4659 ns, Total: 100922 ns
[2025-03-20T14:05:23.104+0000][7][gc,start    ] GC(60) Pause Young (Normal) (G1 Evacuation Pause)
[2025-03-20T14:05:23.104+0000][7][gc,task     ] GC(60) Using 8 workers of 8 for evacuation
[2025-03-20T14:05:23.104+0000][7][gc,age      ] GC(60) Desired survivor size 18874368 bytes, new threshold 15 (max threshold 15)
[2025-03-20T14:05:23.108+0000][7][gc,age      ] GC(60) Age table with threshold 15 (max threshold 15)
[2025-03-20T14:05:23.108+0000][7][gc,age      ] GC(60) - age   1:    1952616 bytes,    1952616 total
[2025-03-20T14:05:23.108+0000][7][gc,age      ] GC(60) - age   2:       9104 bytes,    1961720 total
[2025-03-20T14:05:23.108+0000][7][gc,age      ] GC(60) - age   3:       2568 bytes,    1964288 total
[2025-03-20T14:05:23.108+0000][7][gc,age      ] GC(60) - age   4:       1456 bytes,    1965744 total
[2025-03-20T14:05:23.108+0000][7][gc,age      ] GC(60) - age   5:      14816 bytes,    1980560 total
[2025-03-20T14:05:23.108+0000][7][gc,age      ] GC(60) - age   6:       2904 bytes,    1983464 total
[2025-03-20T14:05:23.108+0000][7][gc,age      ] GC(60) - age   7:       2632 bytes,    1986096 total
[2025-03-20T14:05:23.108+0000][7][gc,age      ] GC(60) - age   8:       3232 bytes,    1989328 total
[2025-03-20T14:05:23.108+0000][7][gc,age      ] GC(60) - age   9:       9200 bytes,    1998528 total
[2025-03-20T14:05:23.108+0000][7][gc,age      ] GC(60) - age  10:       1376 bytes,    1999904 total
[2025-03-20T14:05:23.108+0000][7][gc,age      ] GC(60) - age  11:       6032 bytes,    2005936 total
[2025-03-20T14:05:23.108+0000][7][gc,age      ] GC(60) - age  12:      20792 bytes,    2026728 total
[2025-03-20T14:05:23.108+0000][7][gc,age      ] GC(60) - age  13:     133456 bytes,    2160184 total
[2025-03-20T14:05:23.108+0000][7][gc,age      ] GC(60) - age  14:     120520 bytes,    2280704 total
[2025-03-20T14:05:23.108+0000][7][gc,age      ] GC(60) - age  15:       4048 bytes,    2284752 total
[2025-03-20T14:05:23.108+0000][7][gc,phases   ] GC(60)   Pre Evacuate Collection Set: 0.1ms
[2025-03-20T14:05:23.108+0000][7][gc,phases   ] GC(60)   Merge Heap Roots: 0.1ms
[2025-03-20T14:05:23.108+0000][7][gc,phases   ] GC(60)   Evacuate Collection Set: 2.4ms
[2025-03-20T14:05:23.108+0000][7][gc,phases   ] GC(60)   Post Evacuate Collection Set: 0.7ms
[2025-03-20T14:05:23.108+0000][7][gc,phases   ] GC(60)   Other: 0.3ms
[2025-03-20T14:05:23.108+0000][7][gc,heap     ] GC(60) Eden regions: 71->0(71)
[2025-03-20T14:05:23.108+0000][7][gc,heap     ] GC(60) Survivor regions: 1->1(9)
[2025-03-20T14:05:23.108+0000][7][gc,heap     ] GC(60) Old regions: 27->27
[2025-03-20T14:05:23.108+0000][7][gc,heap     ] GC(60) Archive regions: 2->2
[2025-03-20T14:05:23.108+0000][7][gc,heap     ] GC(60) Humongous regions: 5->5
[2025-03-20T14:05:23.108+0000][7][gc,metaspace] GC(60) Metaspace: 119282K(120960K)->119282K(120960K) NonClass: 103796K(104704K)->103796K(104704K) Class: 15486K(16256K)->15486K(16256K)
[2025-03-20T14:05:23.108+0000][7][gc          ] GC(60) Pause Young (Normal) (G1 Evacuation Pause) 415M->130M(512M) 3.611ms
[2025-03-20T14:05:23.108+0000][7][gc,cpu      ] GC(60) User=0.00s Sys=0.01s Real=0.01s
[2025-03-20T14:05:23.108+0000][7][safepoint   ] Safepoint "G1CollectForAllocation", Time since last: 2493394988 ns, Reaching safepoint: 107895 ns, At safepoint: 3721426 ns, Total: 3829321 ns
[2025-03-20T14:05:24.109+0000][7][safepoint   ] Safepoint "Cleanup", Time since last: 1000876616 ns, Reaching safepoint: 159774 ns, At safepoint: 7665 ns, Total: 167439 ns
[2025-03-20T14:05:26.111+0000][7][safepoint   ] Safepoint "Cleanup", Time since last: 2001559220 ns, Reaching safepoint: 141830 ns, At safepoint: 4789 ns, Total: 146619 ns
[2025-03-20T14:05:30.113+0000][7][safepoint   ] Safepoint "Cleanup", Time since last: 4002132722 ns, Reaching safepoint: 177176 ns, At safepoint: 8196 ns, Total: 185372 ns
[2025-03-20T14:05:33.114+0000][7][safepoint   ] Safepoint "Cleanup", Time since last: 3001082752 ns, Reaching safepoint: 123195 ns, At safepoint: 4939 ns, Total: 128134 ns
[2025-03-20T14:05:41.119+0000][7][safepoint   ] Safepoint "Cleanup", Time since last: 8004234602 ns, Reaching safepoint: 147100 ns, At safepoint: 5190 ns, Total: 152290 ns
[2025-03-20T14:05:53.127+0000][7][safepoint   ] Safepoint "Cleanup", Time since last: 12008461095 ns, Reaching safepoint: 246576 ns, At safepoint: 6813 ns, Total: 253389 ns
[2025-03-20T14:05:56.129+0000][7][safepoint   ] Safepoint "Cleanup", Time since last: 3001888548 ns, Reaching safepoint: 205882 ns, At safepoint: 7624 ns, Total: 213506 ns
[2025-03-20T14:06:02.132+0000][7][safepoint   ] Safepoint "Cleanup", Time since last: 6002687480 ns, Reaching safepoint: 186545 ns, At safepoint: 6002 ns, Total: 192547 ns
[2025-03-20T14:06:08.047+0000][7][gc,start    ] GC(61) Pause Young (Normal) (G1 Evacuation Pause)
[2025-03-20T14:06:08.048+0000][7][gc,task     ] GC(61) Using 8 workers of 8 for evacuation
[2025-03-20T14:06:08.048+0000][7][gc,age      ] GC(61) Desired survivor size 18874368 bytes, new threshold 15 (max threshold 15)
[2025-03-20T14:06:08.050+0000][7][gc,age      ] GC(61) Age table with threshold 15 (max threshold 15)
[2025-03-20T14:06:08.050+0000][7][gc,age      ] GC(61) - age   1:    2136832 bytes,    2136832 total
[2025-03-20T14:06:08.050+0000][7][gc,age      ] GC(61) - age   2:     225656 bytes,    2362488 total
[2025-03-20T14:06:08.050+0000][7][gc,age      ] GC(61) - age   3:       6472 bytes,    2368960 total
[2025-03-20T14:06:08.050+0000][7][gc,age      ] GC(61) - age   4:       2008 bytes,    2370968 total
[2025-03-20T14:06:08.050+0000][7][gc,age      ] GC(61) - age   5:       1000 bytes,    2371968 total
[2025-03-20T14:06:08.050+0000][7][gc,age      ] GC(61) - age   6:      14816 bytes,    2386784 total
[2025-03-20T14:06:08.050+0000][7][gc,age      ] GC(61) - age   7:       2608 bytes,    2389392 total
[2025-03-20T14:06:08.050+0000][7][gc,age      ] GC(61) - age   8:       2632 bytes,    2392024 total
[2025-03-20T14:06:08.050+0000][7][gc,age      ] GC(61) - age   9:       3232 bytes,    2395256 total
[2025-03-20T14:06:08.050+0000][7][gc,age      ] GC(61) - age  10:       9200 bytes,    2404456 total
[2025-03-20T14:06:08.050+0000][7][gc,age      ] GC(61) - age  11:       1376 bytes,    2405832 total
[2025-03-20T14:06:08.050+0000][7][gc,age      ] GC(61) - age  12:       6032 bytes,    2411864 total
[2025-03-20T14:06:08.050+0000][7][gc,age      ] GC(61) - age  13:      20792 bytes,    2432656 total
[2025-03-20T14:06:08.050+0000][7][gc,age      ] GC(61) - age  14:     133456 bytes,    2566112 total
[2025-03-20T14:06:08.050+0000][7][gc,age      ] GC(61) - age  15:     120520 bytes,    2686632 total
[2025-03-20T14:06:08.050+0000][7][gc,phases   ] GC(61)   Pre Evacuate Collection Set: 0.1ms
[2025-03-20T14:06:08.050+0000][7][gc,phases   ] GC(61)   Merge Heap Roots: 0.1ms
[2025-03-20T14:06:08.050+0000][7][gc,phases   ] GC(61)   Evacuate Collection Set: 1.3ms
[2025-03-20T14:06:08.050+0000][7][gc,phases   ] GC(61)   Post Evacuate Collection Set: 0.7ms
[2025-03-20T14:06:08.050+0000][7][gc,phases   ] GC(61)   Other: 0.2ms
[2025-03-20T14:06:08.050+0000][7][gc,heap     ] GC(61) Eden regions: 71->0(71)
[2025-03-20T14:06:08.050+0000][7][gc,heap     ] GC(61) Survivor regions: 1->1(9)
[2025-03-20T14:06:08.050+0000][7][gc,heap     ] GC(61) Old regions: 27->27
[2025-03-20T14:06:08.050+0000][7][gc,heap     ] GC(61) Archive regions: 2->2
[2025-03-20T14:06:08.050+0000][7][gc,heap     ] GC(61) Humongous regions: 5->5
[2025-03-20T14:06:08.050+0000][7][gc,metaspace] GC(61) Metaspace: 119298K(121024K)->119298K(121024K) NonClass: 103812K(104768K)->103812K(104768K) Class: 15486K(16256K)->15486K(16256K)
[2025-03-20T14:06:08.050+0000][7][gc          ] GC(61) Pause Young (Normal) (G1 Evacuation Pause) 414M->131M(512M) 2.466ms
[2025-03-20T14:06:08.050+0000][7][gc,cpu      ] GC(61) User=0.00s Sys=0.00s Real=0.00s
[2025-03-20T14:06:08.050+0000][7][safepoint   ] Safepoint "G1CollectForAllocation", Time since last: 5915004749 ns, Reaching safepoint: 152340 ns, At safepoint: 2542520 ns, Total: 2694860 ns
[2025-03-20T14:06:18.057+0000][7][safepoint   ] Safepoint "Cleanup", Time since last: 10006548293 ns, Reaching safepoint: 133634 ns, At safepoint: 4780 ns, Total: 138414 ns
[2025-03-20T14:06:20.059+0000][7][safepoint   ] Safepoint "Cleanup", Time since last: 2001720871 ns, Reaching safepoint: 150857 ns, At safepoint: 4599 ns, Total: 155456 ns
[2025-03-20T14:06:21.059+0000][7][safepoint   ] Safepoint "Cleanup", Time since last: 1000363009 ns, Reaching safepoint: 184572 ns, At safepoint: 7133 ns, Total: 191705 ns
[2025-03-20T14:06:26.063+0000][7][safepoint   ] Safepoint "Cleanup", Time since last: 5003378802 ns, Reaching safepoint: 92396 ns, At safepoint: 6122 ns, Total: 98518 ns
[2025-03-20T14:06:30.065+0000][7][safepoint   ] Safepoint "Cleanup", Time since last: 4002028919 ns, Reaching safepoint: 96744 ns, At safepoint: 4549 ns, Total: 101293 ns
[2025-03-20T14:06:32.067+0000][7][safepoint   ] Safepoint "Cleanup", Time since last: 2001512223 ns, Reaching safepoint: 389792 ns, At safepoint: 7394 ns, Total: 397186 ns
[2025-03-20T14:06:42.074+0000][7][safepoint   ] Safepoint "Cleanup", Time since last: 10007587794 ns, Reaching safepoint: 96924 ns, At safepoint: 3727 ns, Total: 100651 ns
[2025-03-20T14:06:44.076+0000][7][safepoint   ] Safepoint "Cleanup", Time since last: 2001496895 ns, Reaching safepoint: 95512 ns, At safepoint: 3877 ns, Total: 99389 ns
[2025-03-20T14:06:53.050+0000][7][gc,start    ] GC(62) Pause Young (Normal) (G1 Evacuation Pause)
[2025-03-20T14:06:53.050+0000][7][gc,task     ] GC(62) Using 8 workers of 8 for evacuation
[2025-03-20T14:06:53.050+0000][7][gc,age      ] GC(62) Desired survivor size 18874368 bytes, new threshold 15 (max threshold 15)
[2025-03-20T14:06:53.053+0000][7][gc,age      ] GC(62) Age table with threshold 15 (max threshold 15)
[2025-03-20T14:06:53.053+0000][7][gc,age      ] GC(62) - age   1:    1043872 bytes,    1043872 total
[2025-03-20T14:06:53.053+0000][7][gc,age      ] GC(62) - age   2:       8192 bytes,    1052064 total
[2025-03-20T14:06:53.053+0000][7][gc,age      ] GC(62) - age   3:       1784 bytes,    1053848 total
[2025-03-20T14:06:53.053+0000][7][gc,age      ] GC(62) - age   4:       6184 bytes,    1060032 total
[2025-03-20T14:06:53.053+0000][7][gc,age      ] GC(62) - age   5:       1816 bytes,    1061848 total
[2025-03-20T14:06:53.053+0000][7][gc,age      ] GC(62) - age   6:       1000 bytes,    1062848 total
[2025-03-20T14:06:53.053+0000][7][gc,age      ] GC(62) - age   7:      14816 bytes,    1077664 total
[2025-03-20T14:06:53.053+0000][7][gc,age      ] GC(62) - age   8:       2608 bytes,    1080272 total
[2025-03-20T14:06:53.053+0000][7][gc,age      ] GC(62) - age   9:       2632 bytes,    1082904 total
[2025-03-20T14:06:53.053+0000][7][gc,age      ] GC(62) - age  10:       3232 bytes,    1086136 total
[2025-03-20T14:06:53.053+0000][7][gc,age      ] GC(62) - age  11:       9136 bytes,    1095272 total
[2025-03-20T14:06:53.053+0000][7][gc,age      ] GC(62) - age  12:       1376 bytes,    1096648 total
[2025-03-20T14:06:53.053+0000][7][gc,age      ] GC(62) - age  13:       6032 bytes,    1102680 total
[2025-03-20T14:06:53.053+0000][7][gc,age      ] GC(62) - age  14:      20792 bytes,    1123472 total
[2025-03-20T14:06:53.053+0000][7][gc,age      ] GC(62) - age  15:     133456 bytes,    1256928 total
[2025-03-20T14:06:53.053+0000][7][gc,phases   ] GC(62)   Pre Evacuate Collection Set: 0.1ms
[2025-03-20T14:06:53.053+0000][7][gc,phases   ] GC(62)   Merge Heap Roots: 0.2ms
[2025-03-20T14:06:53.053+0000][7][gc,phases   ] GC(62)   Evacuate Collection Set: 1.3ms
[2025-03-20T14:06:53.053+0000][7][gc,phases   ] GC(62)   Post Evacuate Collection Set: 0.8ms
[2025-03-20T14:06:53.053+0000][7][gc,phases   ] GC(62)   Other: 0.2ms
[2025-03-20T14:06:53.053+0000][7][gc,heap     ] GC(62) Eden regions: 71->0(71)
[2025-03-20T14:06:53.053+0000][7][gc,heap     ] GC(62) Survivor regions: 1->1(9)
[2025-03-20T14:06:53.053+0000][7][gc,heap     ] GC(62) Old regions: 27->27
[2025-03-20T14:06:53.053+0000][7][gc,heap     ] GC(62) Archive regions: 2->2
[2025-03-20T14:06:53.053+0000][7][gc,heap     ] GC(62) Humongous regions: 5->5
[2025-03-20T14:06:53.053+0000][7][gc,metaspace] GC(62) Metaspace: 119302K(121024K)->119302K(121024K) NonClass: 103815K(104768K)->103815K(104768K) Class: 15486K(16256K)->15486K(16256K)
[2025-03-20T14:06:53.053+0000][7][gc          ] GC(62) Pause Young (Normal) (G1 Evacuation Pause) 415M->130M(512M) 2.699ms
[2025-03-20T14:06:53.053+0000][7][gc,cpu      ] GC(62) User=0.00s Sys=0.00s Real=0.00s
[2025-03-20T14:06:53.053+0000][7][safepoint   ] Safepoint "G1CollectForAllocation", Time since last: 8974389519 ns, Reaching safepoint: 82717 ns, At safepoint: 2768063 ns, Total: 2850780 ns
[2025-03-20T14:06:55.054+0000][7][safepoint   ] Safepoint "Cleanup", Time since last: 2000767034 ns, Reaching safepoint: 284111 ns, At safepoint: 34586 ns, Total: 318697 ns
[2025-03-20T14:06:56.055+0000][7][safepoint   ] Safepoint "Cleanup", Time since last: 1000881216 ns, Reaching safepoint: 118256 ns, At safepoint: 23194 ns, Total: 141450 ns
[2025-03-20T14:06:58.058+0000][7][safepoint   ] Safepoint "Cleanup", Time since last: 2002367184 ns, Reaching safepoint: 104759 ns, At safepoint: 4369 ns, Total: 109128 ns
[2025-03-20T14:07:02.061+0000][7][safepoint   ] Safepoint "Cleanup", Time since last: 4001607040 ns, Reaching safepoint: 1175970 ns, At safepoint: 18926 ns, Total: 1194896 ns
[2025-03-20T14:07:04.062+0000][7][safepoint   ] Safepoint "Cleanup", Time since last: 2001238581 ns, Reaching safepoint: 157701 ns, At safepoint: 9267 ns, Total: 166968 ns
[2025-03-20T14:07:06.064+0000][7][safepoint   ] Safepoint "Cleanup", Time since last: 2001685527 ns, Reaching safepoint: 93107 ns, At safepoint: 4068 ns, Total: 97175 ns
[2025-03-20T14:07:24.075+0000][7][safepoint   ] Safepoint "Cleanup", Time since last: 18010729402 ns, Reaching safepoint: 120379 ns, At safepoint: 6172 ns, Total: 126551 ns
[2025-03-20T14:07:29.077+0000][7][safepoint   ] Safepoint "Cleanup", Time since last: 5001937933 ns, Reaching safepoint: 81065 ns, At safepoint: 5049 ns, Total: 86114 ns
[2025-03-20T14:07:38.064+0000][7][gc,start    ] GC(63) Pause Young (Normal) (G1 Evacuation Pause)
[2025-03-20T14:07:38.064+0000][7][gc,task     ] GC(63) Using 8 workers of 8 for evacuation
[2025-03-20T14:07:38.064+0000][7][gc,age      ] GC(63) Desired survivor size 18874368 bytes, new threshold 15 (max threshold 15)
[2025-03-20T14:07:38.066+0000][7][gc,age      ] GC(63) Age table with threshold 15 (max threshold 15)
[2025-03-20T14:07:38.066+0000][7][gc,age      ] GC(63) - age   1:    2072200 bytes,    2072200 total
[2025-03-20T14:07:38.066+0000][7][gc,age      ] GC(63) - age   2:       3680 bytes,    2075880 total
[2025-03-20T14:07:38.066+0000][7][gc,age      ] GC(63) - age   3:       4008 bytes,    2079888 total
[2025-03-20T14:07:38.066+0000][7][gc,age      ] GC(63) - age   4:       1144 bytes,    2081032 total
[2025-03-20T14:07:38.066+0000][7][gc,age      ] GC(63) - age   5:       5928 bytes,    2086960 total
[2025-03-20T14:07:38.066+0000][7][gc,age      ] GC(63) - age   6:       1816 bytes,    2088776 total
[2025-03-20T14:07:38.066+0000][7][gc,age      ] GC(63) - age   7:        936 bytes,    2089712 total
[2025-03-20T14:07:38.066+0000][7][gc,age      ] GC(63) - age   8:      14520 bytes,    2104232 total
[2025-03-20T14:07:38.066+0000][7][gc,age      ] GC(63) - age   9:       2608 bytes,    2106840 total
[2025-03-20T14:07:38.066+0000][7][gc,age      ] GC(63) - age  10:       2632 bytes,    2109472 total
[2025-03-20T14:07:38.066+0000][7][gc,age      ] GC(63) - age  11:       3232 bytes,    2112704 total
[2025-03-20T14:07:38.066+0000][7][gc,age      ] GC(63) - age  12:       9136 bytes,    2121840 total
[2025-03-20T14:07:38.066+0000][7][gc,age      ] GC(63) - age  13:       1376 bytes,    2123216 total
[2025-03-20T14:07:38.066+0000][7][gc,age      ] GC(63) - age  14:       6032 bytes,    2129248 total
[2025-03-20T14:07:38.066+0000][7][gc,age      ] GC(63) - age  15:      20792 bytes,    2150040 total
[2025-03-20T14:07:38.066+0000][7][gc,phases   ] GC(63)   Pre Evacuate Collection Set: 0.1ms
[2025-03-20T14:07:38.066+0000][7][gc,phases   ] GC(63)   Merge Heap Roots: 0.1ms
[2025-03-20T14:07:38.066+0000][7][gc,phases   ] GC(63)   Evacuate Collection Set: 1.1ms
[2025-03-20T14:07:38.066+0000][7][gc,phases   ] GC(63)   Post Evacuate Collection Set: 0.7ms
[2025-03-20T14:07:38.066+0000][7][gc,phases   ] GC(63)   Other: 0.2ms
[2025-03-20T14:07:38.066+0000][7][gc,heap     ] GC(63) Eden regions: 71->0(71)
[2025-03-20T14:07:38.066+0000][7][gc,heap     ] GC(63) Survivor regions: 1->1(9)
[2025-03-20T14:07:38.066+0000][7][gc,heap     ] GC(63) Old regions: 27->27
[2025-03-20T14:07:38.066+0000][7][gc,heap     ] GC(63) Archive regions: 2->2
[2025-03-20T14:07:38.066+0000][7][gc,heap     ] GC(63) Humongous regions: 5->5
[2025-03-20T14:07:38.066+0000][7][gc,metaspace] GC(63) Metaspace: 119319K(121024K)->119319K(121024K) NonClass: 103832K(104768K)->103832K(104768K) Class: 15486K(16256K)->15486K(16256K)
[2025-03-20T14:07:38.066+0000][7][gc          ] GC(63) Pause Young (Normal) (G1 Evacuation Pause) 414M->131M(512M) 2.210ms
[2025-03-20T14:07:38.066+0000][7][gc,cpu      ] GC(63) User=0.00s Sys=0.01s Real=0.01s
[2025-03-20T14:07:38.066+0000][7][safepoint   ] Safepoint "G1CollectForAllocation", Time since last: 8987346000 ns, Reaching safepoint: 77257 ns, At safepoint: 2363672 ns, Total: 2440929 ns
[2025-03-20T14:07:51.074+0000][7][safepoint   ] Safepoint "Cleanup", Time since last: 13007534095 ns, Reaching safepoint: 148884 ns, At safepoint: 15459 ns, Total: 164343 ns
[2025-03-20T14:07:52.074+0000][7][safepoint   ] Safepoint "Cleanup", Time since last: 1000154014 ns, Reaching safepoint: 126941 ns, At safepoint: 4629 ns, Total: 131570 ns
[2025-03-20T14:07:55.077+0000][7][safepoint   ] Safepoint "Cleanup", Time since last: 3002036429 ns, Reaching safepoint: 157259 ns, At safepoint: 4439 ns, Total: 161698 ns
[2025-03-20T14:08:02.080+0000][7][safepoint   ] Safepoint "Cleanup", Time since last: 7003090544 ns, Reaching safepoint: 174193 ns, At safepoint: 7314 ns, Total: 181507 ns
[2025-03-20T14:08:03.081+0000][7][safepoint   ] Safepoint "Cleanup", Time since last: 1000739276 ns, Reaching safepoint: 145187 ns, At safepoint: 4648 ns, Total: 149835 ns
[2025-03-20T14:08:05.083+0000][7][safepoint   ] Safepoint "Cleanup", Time since last: 2000904295 ns, Reaching safepoint: 997361 ns, At safepoint: 23264 ns, Total: 1020625 ns
[2025-03-20T14:08:06.084+0000][7][safepoint   ] Safepoint "Cleanup", Time since last: 1000748770 ns, Reaching safepoint: 192219 ns, At safepoint: 6753 ns, Total: 198972 ns
[2025-03-20T14:08:09.086+0000][7][safepoint   ] Safepoint "Cleanup", Time since last: 3002065416 ns, Reaching safepoint: 112114 ns, At safepoint: 4789 ns, Total: 116903 ns
[2025-03-20T14:08:18.092+0000][7][safepoint   ] Safepoint "Cleanup", Time since last: 9006282549 ns, Reaching safepoint: 172218 ns, At safepoint: 5060 ns, Total: 177278 ns
[2025-03-20T14:08:20.077+0000][7][gc,start    ] GC(64) Pause Young (Normal) (G1 Evacuation Pause)
[2025-03-20T14:08:20.077+0000][7][gc,task     ] GC(64) Using 8 workers of 8 for evacuation
[2025-03-20T14:08:20.077+0000][7][gc,age      ] GC(64) Desired survivor size 18874368 bytes, new threshold 15 (max threshold 15)
[2025-03-20T14:08:20.078+0000][7][gc,age      ] GC(64) Age table with threshold 15 (max threshold 15)
[2025-03-20T14:08:20.078+0000][7][gc,age      ] GC(64) - age   1:    1394664 bytes,    1394664 total
[2025-03-20T14:08:20.078+0000][7][gc,age      ] GC(64) - age   2:       5800 bytes,    1400464 total
[2025-03-20T14:08:20.078+0000][7][gc,age      ] GC(64) - age   3:       1624 bytes,    1402088 total
[2025-03-20T14:08:20.078+0000][7][gc,age      ] GC(64) - age   4:       3504 bytes,    1405592 total
[2025-03-20T14:08:20.078+0000][7][gc,age      ] GC(64) - age   5:       1016 bytes,    1406608 total
[2025-03-20T14:08:20.078+0000][7][gc,age      ] GC(64) - age   6:       5800 bytes,    1412408 total
[2025-03-20T14:08:20.078+0000][7][gc,age      ] GC(64) - age   7:       1552 bytes,    1413960 total
[2025-03-20T14:08:20.078+0000][7][gc,age      ] GC(64) - age   8:        936 bytes,    1414896 total
[2025-03-20T14:08:20.078+0000][7][gc,age      ] GC(64) - age   9:      14520 bytes,    1429416 total
[2025-03-20T14:08:20.078+0000][7][gc,age      ] GC(64) - age  10:       2608 bytes,    1432024 total
[2025-03-20T14:08:20.078+0000][7][gc,age      ] GC(64) - age  11:       2632 bytes,    1434656 total
[2025-03-20T14:08:20.078+0000][7][gc,age      ] GC(64) - age  12:       3232 bytes,    1437888 total
[2025-03-20T14:08:20.079+0000][7][gc,age      ] GC(64) - age  13:       9136 bytes,    1447024 total
[2025-03-20T14:08:20.079+0000][7][gc,age      ] GC(64) - age  14:       1376 bytes,    1448400 total
[2025-03-20T14:08:20.079+0000][7][gc,age      ] GC(64) - age  15:       3536 bytes,    1451936 total
[2025-03-20T14:08:20.079+0000][7][gc,phases   ] GC(64)   Pre Evacuate Collection Set: 0.1ms
[2025-03-20T14:08:20.079+0000][7][gc,phases   ] GC(64)   Merge Heap Roots: 0.0ms
[2025-03-20T14:08:20.079+0000][7][gc,phases   ] GC(64)   Evacuate Collection Set: 0.9ms
[2025-03-20T14:08:20.079+0000][7][gc,phases   ] GC(64)   Post Evacuate Collection Set: 0.6ms
[2025-03-20T14:08:20.079+0000][7][gc,phases   ] GC(64)   Other: 0.3ms
[2025-03-20T14:08:20.079+0000][7][gc,heap     ] GC(64) Eden regions: 71->0(71)
[2025-03-20T14:08:20.079+0000][7][gc,heap     ] GC(64) Survivor regions: 1->1(9)
[2025-03-20T14:08:20.079+0000][7][gc,heap     ] GC(64) Old regions: 27->27
[2025-03-20T14:08:20.079+0000][7][gc,heap     ] GC(64) Archive regions: 2->2
[2025-03-20T14:08:20.079+0000][7][gc,heap     ] GC(64) Humongous regions: 5->5
[2025-03-20T14:08:20.079+0000][7][gc,metaspace] GC(64) Metaspace: 119340K(121024K)->119340K(121024K) NonClass: 103852K(104768K)->103852K(104768K) Class: 15487K(16256K)->15487K(16256K)
[2025-03-20T14:08:20.079+0000][7][gc          ] GC(64) Pause Young (Normal) (G1 Evacuation Pause) 414M->130M(512M) 1.939ms
[2025-03-20T14:08:20.079+0000][7][gc,cpu      ] GC(64) User=0.01s Sys=0.00s Real=0.01s
[2025-03-20T14:08:20.079+0000][7][safepoint   ] Safepoint "G1CollectForAllocation", Time since last: 1984307949 ns, Reaching safepoint: 102616 ns, At safepoint: 2014703 ns, Total: 2117319 ns
[2025-03-20T14:08:23.081+0000][7][safepoint   ] Safepoint "Cleanup", Time since last: 3001133544 ns, Reaching safepoint: 1082652 ns, At safepoint: 26821 ns, Total: 1109473 ns
[2025-03-20T14:08:24.082+0000][7][safepoint   ] Safepoint "Cleanup", Time since last: 1000481610 ns, Reaching safepoint: 659035 ns, At safepoint: 6803 ns, Total: 665838 ns
[2025-03-20T14:08:25.083+0000][7][safepoint   ] Safepoint "Cleanup", Time since last: 1000662673 ns, Reaching safepoint: 107495 ns, At safepoint: 4829 ns, Total: 112324 ns
[2025-03-20T14:08:26.084+0000][7][safepoint   ] Safepoint "Cleanup", Time since last: 1000249765 ns, Reaching safepoint: 1212735 ns, At safepoint: 27712 ns, Total: 1240447 ns
[2025-03-20T14:08:27.085+0000][7][safepoint   ] Safepoint "Cleanup", Time since last: 1000815229 ns, Reaching safepoint: 169833 ns, At safepoint: 7044 ns, Total: 176877 ns
[2025-03-20T14:08:29.087+0000][7][safepoint   ] Safepoint "Cleanup", Time since last: 2001335078 ns, Reaching safepoint: 159092 ns, At safepoint: 16000 ns, Total: 175092 ns
[2025-03-20T14:08:34.090+0000][7][safepoint   ] Safepoint "Cleanup", Time since last: 5003453912 ns, Reaching safepoint: 186385 ns, At safepoint: 8226 ns, Total: 194611 ns
[2025-03-20T14:08:43.095+0000][7][safepoint   ] Safepoint "Cleanup", Time since last: 9004281447 ns, Reaching safepoint: 138984 ns, At safepoint: 6032 ns, Total: 145016 ns
[2025-03-20T14:08:44.096+0000][7][safepoint   ] Safepoint "Cleanup", Time since last: 1000783206 ns, Reaching safepoint: 756985 ns, At safepoint: 7394 ns, Total: 764379 ns
[2025-03-20T14:08:56.270+0000][7][gc,start    ] GC(65) Pause Young (Normal) (G1 Evacuation Pause)
[2025-03-20T14:08:56.270+0000][7][gc,task     ] GC(65) Using 8 workers of 8 for evacuation
[2025-03-20T14:08:56.270+0000][7][gc,age      ] GC(65) Desired survivor size 18874368 bytes, new threshold 15 (max threshold 15)
[2025-03-20T14:08:56.272+0000][7][gc,age      ] GC(65) Age table with threshold 15 (max threshold 15)
[2025-03-20T14:08:56.272+0000][7][gc,age      ] GC(65) - age   1:    3473312 bytes,    3473312 total
[2025-03-20T14:08:56.272+0000][7][gc,age      ] GC(65) - age   2:      22560 bytes,    3495872 total
[2025-03-20T14:08:56.272+0000][7][gc,age      ] GC(65) - age   3:       2272 bytes,    3498144 total
[2025-03-20T14:08:56.272+0000][7][gc,age      ] GC(65) - age   4:       1240 bytes,    3499384 total
[2025-03-20T14:08:56.272+0000][7][gc,age      ] GC(65) - age   5:       3440 bytes,    3502824 total
[2025-03-20T14:08:56.272+0000][7][gc,age      ] GC(65) - age   6:       1016 bytes,    3503840 total
[2025-03-20T14:08:56.272+0000][7][gc,age      ] GC(65) - age   7:       5800 bytes,    3509640 total
[2025-03-20T14:08:56.272+0000][7][gc,age      ] GC(65) - age   8:       1552 bytes,    3511192 total
[2025-03-20T14:08:56.272+0000][7][gc,age      ] GC(65) - age   9:        936 bytes,    3512128 total
[2025-03-20T14:08:56.273+0000][7][gc,age      ] GC(65) - age  10:      14224 bytes,    3526352 total
[2025-03-20T14:08:56.273+0000][7][gc,age      ] GC(65) - age  11:       2608 bytes,    3528960 total
[2025-03-20T14:08:56.273+0000][7][gc,age      ] GC(65) - age  12:       2608 bytes,    3531568 total
[2025-03-20T14:08:56.273+0000][7][gc,age      ] GC(65) - age  13:       3232 bytes,    3534800 total
[2025-03-20T14:08:56.273+0000][7][gc,age      ] GC(65) - age  14:       9136 bytes,    3543936 total
[2025-03-20T14:08:56.273+0000][7][gc,age      ] GC(65) - age  15:       1376 bytes,    3545312 total
[2025-03-20T14:08:56.273+0000][7][gc,phases   ] GC(65)   Pre Evacuate Collection Set: 0.2ms
[2025-03-20T14:08:56.273+0000][7][gc,phases   ] GC(65)   Merge Heap Roots: 0.1ms
[2025-03-20T14:08:56.273+0000][7][gc,phases   ] GC(65)   Evacuate Collection Set: 1.2ms
[2025-03-20T14:08:56.273+0000][7][gc,phases   ] GC(65)   Post Evacuate Collection Set: 0.7ms
[2025-03-20T14:08:56.273+0000][7][gc,phases   ] GC(65)   Other: 0.2ms
[2025-03-20T14:08:56.273+0000][7][gc,heap     ] GC(65) Eden regions: 71->0(71)
[2025-03-20T14:08:56.273+0000][7][gc,heap     ] GC(65) Survivor regions: 1->1(9)
[2025-03-20T14:08:56.273+0000][7][gc,heap     ] GC(65) Old regions: 27->27
[2025-03-20T14:08:56.273+0000][7][gc,heap     ] GC(65) Archive regions: 2->2
[2025-03-20T14:08:56.273+0000][7][gc,heap     ] GC(65) Humongous regions: 5->5
[2025-03-20T14:08:56.273+0000][7][gc,metaspace] GC(65) Metaspace: 119366K(121088K)->119366K(121088K) NonClass: 103878K(104832K)->103878K(104832K) Class: 15487K(16256K)->15487K(16256K)
[2025-03-20T14:08:56.273+0000][7][gc          ] GC(65) Pause Young (Normal) (G1 Evacuation Pause) 414M->132M(512M) 2.477ms
[2025-03-20T14:08:56.273+0000][7][gc,cpu      ] GC(65) User=0.01s Sys=0.00s Real=0.00s
[2025-03-20T14:08:56.273+0000][7][safepoint   ] Safepoint "G1CollectForAllocation", Time since last: 12173583223 ns, Reaching safepoint: 68270 ns, At safepoint: 2561038 ns, Total: 2629308 ns
[2025-03-20T14:09:02.276+0000][7][safepoint   ] Safepoint "Cleanup", Time since last: 6003414765 ns, Reaching safepoint: 199450 ns, At safepoint: 5981 ns, Total: 205431 ns
[2025-03-20T14:09:05.279+0000][7][safepoint   ] Safepoint "Cleanup", Time since last: 3002378773 ns, Reaching safepoint: 181576 ns, At safepoint: 19577 ns, Total: 201153 ns
[2025-03-20T14:09:08.281+0000][7][safepoint   ] Safepoint "Cleanup", Time since last: 3001558445 ns, Reaching safepoint: 151529 ns, At safepoint: 6662 ns, Total: 158191 ns
[2025-03-20T14:09:17.286+0000][7][safepoint   ] Safepoint "Cleanup", Time since last: 9005827234 ns, Reaching safepoint: 84852 ns, At safepoint: 5861 ns, Total: 90713 ns
[2025-03-20T14:09:20.289+0000][7][safepoint   ] Safepoint "Cleanup", Time since last: 3002009064 ns, Reaching safepoint: 141590 ns, At safepoint: 6212 ns, Total: 147802 ns
[2025-03-20T14:09:23.291+0000][7][safepoint   ] Safepoint "Cleanup", Time since last: 3002564177 ns, Reaching safepoint: 176836 ns, At safepoint: 6603 ns, Total: 183439 ns
[2025-03-20T14:09:26.294+0000][7][safepoint   ] Safepoint "Cleanup", Time since last: 3002420683 ns, Reaching safepoint: 93979 ns, At safepoint: 4448 ns, Total: 98427 ns
[2025-03-20T14:09:27.295+0000][7][safepoint   ] Safepoint "Cleanup", Time since last: 1000624286 ns, Reaching safepoint: 159309 ns, At safepoint: 6933 ns, Total: 166242 ns
[2025-03-20T14:09:33.299+0000][7][safepoint   ] Safepoint "Cleanup", Time since last: 6003779857 ns, Reaching safepoint: 75113 ns, At safepoint: 4058 ns, Total: 79171 ns
[2025-03-20T14:09:35.300+0000][7][safepoint   ] Safepoint "Cleanup", Time since last: 2001283478 ns, Reaching safepoint: 77257 ns, At safepoint: 3787 ns, Total: 81044 ns
[2025-03-20T14:09:38.382+0000][7][gc,start    ] GC(66) Pause Young (Normal) (G1 Evacuation Pause)
[2025-03-20T14:09:38.382+0000][7][gc,task     ] GC(66) Using 8 workers of 8 for evacuation
[2025-03-20T14:09:38.382+0000][7][gc,age      ] GC(66) Desired survivor size 18874368 bytes, new threshold 15 (max threshold 15)
[2025-03-20T14:09:38.384+0000][7][gc,age      ] GC(66) Age table with threshold 15 (max threshold 15)
[2025-03-20T14:09:38.384+0000][7][gc,age      ] GC(66) - age   1:    1631936 bytes,    1631936 total
[2025-03-20T14:09:38.384+0000][7][gc,age      ] GC(66) - age   2:       7544 bytes,    1639480 total
[2025-03-20T14:09:38.384+0000][7][gc,age      ] GC(66) - age   3:      21184 bytes,    1660664 total
[2025-03-20T14:09:38.384+0000][7][gc,age      ] GC(66) - age   4:       2016 bytes,    1662680 total
[2025-03-20T14:09:38.384+0000][7][gc,age      ] GC(66) - age   5:       1240 bytes,    1663920 total
[2025-03-20T14:09:38.384+0000][7][gc,age      ] GC(66) - age   6:       3112 bytes,    1667032 total
[2025-03-20T14:09:38.384+0000][7][gc,age      ] GC(66) - age   7:       1016 bytes,    1668048 total
[2025-03-20T14:09:38.384+0000][7][gc,age      ] GC(66) - age   8:       5680 bytes,    1673728 total
[2025-03-20T14:09:38.384+0000][7][gc,age      ] GC(66) - age   9:       1488 bytes,    1675216 total
[2025-03-20T14:09:38.384+0000][7][gc,age      ] GC(66) - age  10:        936 bytes,    1676152 total
[2025-03-20T14:09:38.384+0000][7][gc,age      ] GC(66) - age  11:      14224 bytes,    1690376 total
[2025-03-20T14:09:38.384+0000][7][gc,age      ] GC(66) - age  12:       2608 bytes,    1692984 total
[2025-03-20T14:09:38.384+0000][7][gc,age      ] GC(66) - age  13:       2608 bytes,    1695592 total
[2025-03-20T14:09:38.384+0000][7][gc,age      ] GC(66) - age  14:       3232 bytes,    1698824 total
[2025-03-20T14:09:38.384+0000][7][gc,age      ] GC(66) - age  15:       8640 bytes,    1707464 total
[2025-03-20T14:09:38.384+0000][7][gc,phases   ] GC(66)   Pre Evacuate Collection Set: 0.2ms
[2025-03-20T14:09:38.384+0000][7][gc,phases   ] GC(66)   Merge Heap Roots: 0.1ms
[2025-03-20T14:09:38.384+0000][7][gc,phases   ] GC(66)   Evacuate Collection Set: 1.2ms
[2025-03-20T14:09:38.384+0000][7][gc,phases   ] GC(66)   Post Evacuate Collection Set: 0.7ms
[2025-03-20T14:09:38.384+0000][7][gc,phases   ] GC(66)   Other: 0.2ms
[2025-03-20T14:09:38.384+0000][7][gc,heap     ] GC(66) Eden regions: 71->0(71)
[2025-03-20T14:09:38.384+0000][7][gc,heap     ] GC(66) Survivor regions: 1->1(9)
[2025-03-20T14:09:38.384+0000][7][gc,heap     ] GC(66) Old regions: 27->27
[2025-03-20T14:09:38.384+0000][7][gc,heap     ] GC(66) Archive regions: 2->2
[2025-03-20T14:09:38.384+0000][7][gc,heap     ] GC(66) Humongous regions: 5->5
[2025-03-20T14:09:38.384+0000][7][gc,metaspace] GC(66) Metaspace: 119370K(121088K)->119370K(121088K) NonClass: 103883K(104832K)->103883K(104832K) Class: 15487K(16256K)->15487K(16256K)
[2025-03-20T14:09:38.384+0000][7][gc          ] GC(66) Pause Young (Normal) (G1 Evacuation Pause) 416M->130M(512M) 2.502ms
[2025-03-20T14:09:38.384+0000][7][gc,cpu      ] GC(66) User=0.01s Sys=0.00s Real=0.00s
[2025-03-20T14:09:38.384+0000][7][safepoint   ] Safepoint "G1CollectForAllocation", Time since last: 3081662594 ns, Reaching safepoint: 70204 ns, At safepoint: 2589494 ns, Total: 2659698 ns
[2025-03-20T14:09:45.178+0000][7][safepoint   ] Safepoint "Cleanup", Time since last: 6793755004 ns, Reaching safepoint: 130779 ns, At safepoint: 4048 ns, Total: 134827 ns
[2025-03-20T14:09:51.180+0000][7][safepoint   ] Safepoint "Cleanup", Time since last: 6001796976 ns, Reaching safepoint: 71486 ns, At safepoint: 3476 ns, Total: 74962 ns
[2025-03-20T14:09:56.181+0000][7][safepoint   ] Safepoint "Cleanup", Time since last: 5001121774 ns, Reaching safepoint: 93037 ns, At safepoint: 4919 ns, Total: 97956 ns
[2025-03-20T14:10:02.184+0000][7][safepoint   ] Safepoint "Cleanup", Time since last: 6002602670 ns, Reaching safepoint: 99078 ns, At safepoint: 4639 ns, Total: 103717 ns
[2025-03-20T14:10:08.189+0000][7][safepoint   ] Safepoint "Cleanup", Time since last: 6005433792 ns, Reaching safepoint: 77588 ns, At safepoint: 3537 ns, Total: 81125 ns
[2025-03-20T14:10:12.193+0000][7][safepoint   ] Safepoint "Cleanup", Time since last: 4003392730 ns, Reaching safepoint: 118656 ns, At safepoint: 3777 ns, Total: 122433 ns
[2025-03-20T14:10:15.195+0000][7][safepoint   ] Safepoint "Cleanup", Time since last: 3002237704 ns, Reaching safepoint: 101704 ns, At safepoint: 3436 ns, Total: 105140 ns
[2025-03-20T14:10:18.197+0000][7][safepoint   ] Safepoint "Cleanup", Time since last: 3001190695 ns, Reaching safepoint: 89240 ns, At safepoint: 3987 ns, Total: 93227 ns
[2025-03-20T14:10:26.108+0000][7][gc,start    ] GC(67) Pause Young (Normal) (G1 Evacuation Pause)
[2025-03-20T14:10:26.108+0000][7][gc,task     ] GC(67) Using 8 workers of 8 for evacuation
[2025-03-20T14:10:26.108+0000][7][gc,age      ] GC(67) Desired survivor size 18874368 bytes, new threshold 15 (max threshold 15)
[2025-03-20T14:10:26.111+0000][7][gc,age      ] GC(67) Age table with threshold 15 (max threshold 15)
[2025-03-20T14:10:26.111+0000][7][gc,age      ] GC(67) - age   1:    1898712 bytes,    1898712 total
[2025-03-20T14:10:26.111+0000][7][gc,age      ] GC(67) - age   2:     283488 bytes,    2182200 total
[2025-03-20T14:10:26.111+0000][7][gc,age      ] GC(67) - age   3:       3272 bytes,    2185472 total
[2025-03-20T14:10:26.111+0000][7][gc,age      ] GC(67) - age   4:      20192 bytes,    2205664 total
[2025-03-20T14:10:26.111+0000][7][gc,age      ] GC(67) - age   5:       1824 bytes,    2207488 total
[2025-03-20T14:10:26.111+0000][7][gc,age      ] GC(67) - age   6:       1112 bytes,    2208600 total
[2025-03-20T14:10:26.111+0000][7][gc,age      ] GC(67) - age   7:       3112 bytes,    2211712 total
[2025-03-20T14:10:26.111+0000][7][gc,age      ] GC(67) - age   8:       1016 bytes,    2212728 total
[2025-03-20T14:10:26.111+0000][7][gc,age      ] GC(67) - age   9:       5680 bytes,    2218408 total
[2025-03-20T14:10:26.111+0000][7][gc,age      ] GC(67) - age  10:       1488 bytes,    2219896 total
[2025-03-20T14:10:26.111+0000][7][gc,age      ] GC(67) - age  11:        936 bytes,    2220832 total
[2025-03-20T14:10:26.111+0000][7][gc,age      ] GC(67) - age  12:      14224 bytes,    2235056 total
[2025-03-20T14:10:26.111+0000][7][gc,age      ] GC(67) - age  13:       2608 bytes,    2237664 total
[2025-03-20T14:10:26.111+0000][7][gc,age      ] GC(67) - age  14:       2608 bytes,    2240272 total
[2025-03-20T14:10:26.111+0000][7][gc,age      ] GC(67) - age  15:       3232 bytes,    2243504 total
[2025-03-20T14:10:26.111+0000][7][gc,phases   ] GC(67)   Pre Evacuate Collection Set: 0.1ms
[2025-03-20T14:10:26.111+0000][7][gc,phases   ] GC(67)   Merge Heap Roots: 0.0ms
[2025-03-20T14:10:26.111+0000][7][gc,phases   ] GC(67)   Evacuate Collection Set: 1.6ms
[2025-03-20T14:10:26.111+0000][7][gc,phases   ] GC(67)   Post Evacuate Collection Set: 0.9ms
[2025-03-20T14:10:26.111+0000][7][gc,phases   ] GC(67)   Other: 0.2ms
[2025-03-20T14:10:26.111+0000][7][gc,heap     ] GC(67) Eden regions: 71->0(71)
[2025-03-20T14:10:26.111+0000][7][gc,heap     ] GC(67) Survivor regions: 1->1(9)
[2025-03-20T14:10:26.111+0000][7][gc,heap     ] GC(67) Old regions: 27->27
[2025-03-20T14:10:26.111+0000][7][gc,heap     ] GC(67) Archive regions: 2->2
[2025-03-20T14:10:26.111+0000][7][gc,heap     ] GC(67) Humongous regions: 5->5
[2025-03-20T14:10:26.111+0000][7][gc,metaspace] GC(67) Metaspace: 119375K(121088K)->119375K(121088K) NonClass: 103888K(104832K)->103888K(104832K) Class: 15487K(16256K)->15487K(16256K)
[2025-03-20T14:10:26.111+0000][7][gc          ] GC(67) Pause Young (Normal) (G1 Evacuation Pause) 414M->131M(512M) 2.916ms
[2025-03-20T14:10:26.111+0000][7][gc,cpu      ] GC(67) User=0.01s Sys=0.00s Real=0.00s
[2025-03-20T14:10:26.111+0000][7][safepoint   ] Safepoint "G1CollectForAllocation", Time since last: 7911250565 ns, Reaching safepoint: 62218 ns, At safepoint: 2994371 ns, Total: 3056589 ns
[2025-03-20T14:10:27.111+0000][7][safepoint   ] Safepoint "Cleanup", Time since last: 1000415981 ns, Reaching safepoint: 148032 ns, At safepoint: 5130 ns, Total: 153162 ns
[2025-03-20T14:10:50.123+0000][7][safepoint   ] Safepoint "Cleanup", Time since last: 23011155414 ns, Reaching safepoint: 135288 ns, At safepoint: 15269 ns, Total: 150557 ns
[2025-03-20T14:10:53.125+0000][7][safepoint   ] Safepoint "Cleanup", Time since last: 3001403886 ns, Reaching safepoint: 796857 ns, At safepoint: 8917 ns, Total: 805774 ns
[2025-03-20T14:10:55.127+0000][7][safepoint   ] Safepoint "Cleanup", Time since last: 2001044162 ns, Reaching safepoint: 725070 ns, At safepoint: 9719 ns, Total: 734789 ns
[2025-03-20T14:10:56.128+0000][7][safepoint   ] Safepoint "Cleanup", Time since last: 1000371917 ns, Reaching safepoint: 986426 ns, At safepoint: 19868 ns, Total: 1006294 ns
[2025-03-20T14:10:57.129+0000][7][safepoint   ] Safepoint "Cleanup", Time since last: 1000484693 ns, Reaching safepoint: 183126 ns, At safepoint: 8426 ns, Total: 191552 ns
[2025-03-20T14:11:02.123+0000][7][gc,start    ] GC(68) Pause Young (Normal) (G1 Evacuation Pause)
[2025-03-20T14:11:02.123+0000][7][gc,task     ] GC(68) Using 8 workers of 8 for evacuation
[2025-03-20T14:11:02.123+0000][7][gc,age      ] GC(68) Desired survivor size 18874368 bytes, new threshold 15 (max threshold 15)
[2025-03-20T14:11:02.126+0000][7][gc,age      ] GC(68) Age table with threshold 15 (max threshold 15)
[2025-03-20T14:11:02.126+0000][7][gc,age      ] GC(68) - age   1:    3235800 bytes,    3235800 total
[2025-03-20T14:11:02.126+0000][7][gc,age      ] GC(68) - age   2:       9840 bytes,    3245640 total
[2025-03-20T14:11:02.126+0000][7][gc,age      ] GC(68) - age   3:       3384 bytes,    3249024 total
[2025-03-20T14:11:02.126+0000][7][gc,age      ] GC(68) - age   4:       2760 bytes,    3251784 total
[2025-03-20T14:11:02.126+0000][7][gc,age      ] GC(68) - age   5:      20136 bytes,    3271920 total
[2025-03-20T14:11:02.126+0000][7][gc,age      ] GC(68) - age   6:       1792 bytes,    3273712 total
[2025-03-20T14:11:02.126+0000][7][gc,age      ] GC(68) - age   7:       1112 bytes,    3274824 total
[2025-03-20T14:11:02.126+0000][7][gc,age      ] GC(68) - age   8:       2912 bytes,    3277736 total
[2025-03-20T14:11:02.126+0000][7][gc,age      ] GC(68) - age   9:       1016 bytes,    3278752 total
[2025-03-20T14:11:02.126+0000][7][gc,age      ] GC(68) - age  10:       5184 bytes,    3283936 total
[2025-03-20T14:11:02.126+0000][7][gc,age      ] GC(68) - age  11:       1488 bytes,    3285424 total
[2025-03-20T14:11:02.126+0000][7][gc,age      ] GC(68) - age  12:        936 bytes,    3286360 total
[2025-03-20T14:11:02.126+0000][7][gc,age      ] GC(68) - age  13:      14224 bytes,    3300584 total
[2025-03-20T14:11:02.126+0000][7][gc,age      ] GC(68) - age  14:       2608 bytes,    3303192 total
[2025-03-20T14:11:02.126+0000][7][gc,age      ] GC(68) - age  15:       2608 bytes,    3305800 total
[2025-03-20T14:11:02.127+0000][7][gc,phases   ] GC(68)   Pre Evacuate Collection Set: 0.1ms
[2025-03-20T14:11:02.127+0000][7][gc,phases   ] GC(68)   Merge Heap Roots: 0.1ms
[2025-03-20T14:11:02.127+0000][7][gc,phases   ] GC(68)   Evacuate Collection Set: 1.9ms
[2025-03-20T14:11:02.127+0000][7][gc,phases   ] GC(68)   Post Evacuate Collection Set: 1.0ms
[2025-03-20T14:11:02.127+0000][7][gc,phases   ] GC(68)   Other: 0.2ms
[2025-03-20T14:11:02.127+0000][7][gc,heap     ] GC(68) Eden regions: 71->0(71)
[2025-03-20T14:11:02.127+0000][7][gc,heap     ] GC(68) Survivor regions: 1->1(9)
[2025-03-20T14:11:02.127+0000][7][gc,heap     ] GC(68) Old regions: 27->27
[2025-03-20T14:11:02.127+0000][7][gc,heap     ] GC(68) Archive regions: 2->2
[2025-03-20T14:11:02.127+0000][7][gc,heap     ] GC(68) Humongous regions: 5->5
[2025-03-20T14:11:02.127+0000][7][gc,metaspace] GC(68) Metaspace: 119469K(121152K)->119469K(121152K) NonClass: 103982K(104896K)->103982K(104896K) Class: 15487K(16256K)->15487K(16256K)
[2025-03-20T14:11:02.127+0000][7][gc          ] GC(68) Pause Young (Normal) (G1 Evacuation Pause) 415M->132M(512M) 3.283ms
[2025-03-20T14:11:02.127+0000][7][gc,cpu      ] GC(68) User=0.01s Sys=0.00s Real=0.01s
[2025-03-20T14:11:02.127+0000][7][safepoint   ] Safepoint "G1CollectForAllocation", Time since last: 4994385125 ns, Reaching safepoint: 56809 ns, At safepoint: 3355645 ns, Total: 3412454 ns
[2025-03-20T14:11:03.127+0000][7][safepoint   ] Safepoint "Cleanup", Time since last: 1000716196 ns, Reaching safepoint: 109368 ns, At safepoint: 4288 ns, Total: 113656 ns
[2025-03-20T14:11:05.129+0000][7][safepoint   ] Safepoint "Cleanup", Time since last: 2001315167 ns, Reaching safepoint: 75323 ns, At safepoint: 2996 ns, Total: 78319 ns
[2025-03-20T14:11:06.129+0000][7][safepoint   ] Safepoint "Cleanup", Time since last: 1000113566 ns, Reaching safepoint: 88679 ns, At safepoint: 3797 ns, Total: 92476 ns
[2025-03-20T14:11:20.137+0000][7][safepoint   ] Safepoint "Cleanup", Time since last: 14007379796 ns, Reaching safepoint: 121511 ns, At safepoint: 4489 ns, Total: 126000 ns
[2025-03-20T14:11:25.141+0000][7][safepoint   ] Safepoint "Cleanup", Time since last: 5003831733 ns, Reaching safepoint: 104539 ns, At safepoint: 3938 ns, Total: 108477 ns
[2025-03-20T14:11:27.142+0000][7][safepoint   ] Safepoint "Cleanup", Time since last: 2001739782 ns, Reaching safepoint: 112384 ns, At safepoint: 5150 ns, Total: 117534 ns
[2025-03-20T14:11:32.145+0000][7][safepoint   ] Safepoint "Cleanup", Time since last: 5002751156 ns, Reaching safepoint: 89851 ns, At safepoint: 4299 ns, Total: 94150 ns
[2025-03-20T14:11:35.146+0000][7][safepoint   ] Safepoint "Cleanup", Time since last: 3000977653 ns, Reaching safepoint: 93267 ns, At safepoint: 4178 ns, Total: 97445 ns
[2025-03-20T14:11:38.149+0000][7][safepoint   ] Safepoint "Cleanup", Time since last: 3002273371 ns, Reaching safepoint: 132542 ns, At safepoint: 4689 ns, Total: 137231 ns
[2025-03-20T14:11:44.124+0000][7][gc,start    ] GC(69) Pause Young (Normal) (G1 Evacuation Pause)
[2025-03-20T14:11:44.124+0000][7][gc,task     ] GC(69) Using 8 workers of 8 for evacuation
[2025-03-20T14:11:44.124+0000][7][gc,age      ] GC(69) Desired survivor size 18874368 bytes, new threshold 15 (max threshold 15)
[2025-03-20T14:11:44.126+0000][7][gc,age      ] GC(69) Age table with threshold 15 (max threshold 15)
[2025-03-20T14:11:44.126+0000][7][gc,age      ] GC(69) - age   1:    1778704 bytes,    1778704 total
[2025-03-20T14:11:44.126+0000][7][gc,age      ] GC(69) - age   2:     609144 bytes,    2387848 total
[2025-03-20T14:11:44.126+0000][7][gc,age      ] GC(69) - age   3:       6608 bytes,    2394456 total
[2025-03-20T14:11:44.126+0000][7][gc,age      ] GC(69) - age   4:       2648 bytes,    2397104 total
[2025-03-20T14:11:44.126+0000][7][gc,age      ] GC(69) - age   5:       2064 bytes,    2399168 total
[2025-03-20T14:11:44.126+0000][7][gc,age      ] GC(69) - age   6:      19904 bytes,    2419072 total
[2025-03-20T14:11:44.126+0000][7][gc,age      ] GC(69) - age   7:       1432 bytes,    2420504 total
[2025-03-20T14:11:44.126+0000][7][gc,age      ] GC(69) - age   8:       1112 bytes,    2421616 total
[2025-03-20T14:11:44.126+0000][7][gc,age      ] GC(69) - age   9:       2912 bytes,    2424528 total
[2025-03-20T14:11:44.126+0000][7][gc,age      ] GC(69) - age  10:       1016 bytes,    2425544 total
[2025-03-20T14:11:44.126+0000][7][gc,age      ] GC(69) - age  11:       5184 bytes,    2430728 total
[2025-03-20T14:11:44.126+0000][7][gc,age      ] GC(69) - age  12:       1488 bytes,    2432216 total
[2025-03-20T14:11:44.126+0000][7][gc,age      ] GC(69) - age  13:        936 bytes,    2433152 total
[2025-03-20T14:11:44.126+0000][7][gc,age      ] GC(69) - age  14:      14224 bytes,    2447376 total
[2025-03-20T14:11:44.126+0000][7][gc,age      ] GC(69) - age  15:       2608 bytes,    2449984 total
[2025-03-20T14:11:44.126+0000][7][gc,phases   ] GC(69)   Pre Evacuate Collection Set: 0.1ms
[2025-03-20T14:11:44.126+0000][7][gc,phases   ] GC(69)   Merge Heap Roots: 0.0ms
[2025-03-20T14:11:44.126+0000][7][gc,phases   ] GC(69)   Evacuate Collection Set: 1.1ms
[2025-03-20T14:11:44.126+0000][7][gc,phases   ] GC(69)   Post Evacuate Collection Set: 0.7ms
[2025-03-20T14:11:44.126+0000][7][gc,phases   ] GC(69)   Other: 0.2ms
[2025-03-20T14:11:44.126+0000][7][gc,heap     ] GC(69) Eden regions: 71->0(71)
[2025-03-20T14:11:44.126+0000][7][gc,heap     ] GC(69) Survivor regions: 1->1(9)
[2025-03-20T14:11:44.126+0000][7][gc,heap     ] GC(69) Old regions: 27->27
[2025-03-20T14:11:44.126+0000][7][gc,heap     ] GC(69) Archive regions: 2->2
[2025-03-20T14:11:44.126+0000][7][gc,heap     ] GC(69) Humongous regions: 5->5
[2025-03-20T14:11:44.126+0000][7][gc,metaspace] GC(69) Metaspace: 119479K(121152K)->119479K(121152K) NonClass: 103991K(104896K)->103991K(104896K) Class: 15487K(16256K)->15487K(16256K)
[2025-03-20T14:11:44.126+0000][7][gc          ] GC(69) Pause Young (Normal) (G1 Evacuation Pause) 416M->131M(512M) 2.120ms
[2025-03-20T14:11:44.126+0000][7][gc,cpu      ] GC(69) User=0.00s Sys=0.00s Real=0.00s
[2025-03-20T14:11:44.126+0000][7][safepoint   ] Safepoint "G1CollectForAllocation", Time since last: 5975318752 ns, Reaching safepoint: 76055 ns, At safepoint: 2191481 ns, Total: 2267536 ns
[2025-03-20T14:11:45.127+0000][7][safepoint   ] Safepoint "Cleanup", Time since last: 1000928294 ns, Reaching safepoint: 127263 ns, At safepoint: 4909 ns, Total: 132172 ns
[2025-03-20T14:11:47.128+0000][7][safepoint   ] Safepoint "Cleanup", Time since last: 2000523388 ns, Reaching safepoint: 70485 ns, At safepoint: 3777 ns, Total: 74262 ns
[2025-03-20T14:11:50.131+0000][7][safepoint   ] Safepoint "Cleanup", Time since last: 3002405783 ns, Reaching safepoint: 442700 ns, At safepoint: 7163 ns, Total: 449863 ns
[2025-03-20T14:11:53.132+0000][7][safepoint   ] Safepoint "Cleanup", Time since last: 3001191867 ns, Reaching safepoint: 92497 ns, At safepoint: 14928 ns, Total: 107425 ns
[2025-03-20T14:11:54.133+0000][7][safepoint   ] Safepoint "Cleanup", Time since last: 1000321625 ns, Reaching safepoint: 95662 ns, At safepoint: 4478 ns, Total: 100140 ns
[2025-03-20T14:11:56.135+0000][7][safepoint   ] Safepoint "Cleanup", Time since last: 2001201062 ns, Reaching safepoint: 1299373 ns, At safepoint: 27552 ns, Total: 1326925 ns
[2025-03-20T14:12:02.139+0000][7][safepoint   ] Safepoint "Cleanup", Time since last: 6004163127 ns, Reaching safepoint: 133003 ns, At safepoint: 6463 ns, Total: 139466 ns
[2025-03-20T14:12:06.143+0000][7][safepoint   ] Safepoint "Cleanup", Time since last: 4003372582 ns, Reaching safepoint: 90963 ns, At safepoint: 5791 ns, Total: 96754 ns
[2025-03-20T14:12:08.145+0000][7][safepoint   ] Safepoint "Cleanup", Time since last: 2002031173 ns, Reaching safepoint: 88087 ns, At safepoint: 6402 ns, Total: 94489 ns
[2025-03-20T14:12:20.152+0000][7][safepoint   ] Safepoint "Cleanup", Time since last: 12006372420 ns, Reaching safepoint: 186916 ns, At safepoint: 6993 ns, Total: 193909 ns
[2025-03-20T14:12:23.154+0000][7][safepoint   ] Safepoint "Cleanup", Time since last: 3002852165 ns, Reaching safepoint: 136139 ns, At safepoint: 7575 ns, Total: 143714 ns
[2025-03-20T14:12:28.157+0000][7][safepoint   ] Safepoint "Cleanup", Time since last: 5002186476 ns, Reaching safepoint: 108096 ns, At safepoint: 3727 ns, Total: 111823 ns
[2025-03-20T14:12:29.269+0000][7][gc,start    ] GC(70) Pause Young (Normal) (G1 Evacuation Pause)
[2025-03-20T14:12:29.269+0000][7][gc,task     ] GC(70) Using 8 workers of 8 for evacuation
[2025-03-20T14:12:29.269+0000][7][gc,age      ] GC(70) Desired survivor size 18874368 bytes, new threshold 15 (max threshold 15)
[2025-03-20T14:12:29.271+0000][7][gc,age      ] GC(70) Age table with threshold 15 (max threshold 15)
[2025-03-20T14:12:29.271+0000][7][gc,age      ] GC(70) - age   1:    3046896 bytes,    3046896 total
[2025-03-20T14:12:29.271+0000][7][gc,age      ] GC(70) - age   2:       3800 bytes,    3050696 total
[2025-03-20T14:12:29.271+0000][7][gc,age      ] GC(70) - age   3:     593880 bytes,    3644576 total
[2025-03-20T14:12:29.271+0000][7][gc,age      ] GC(70) - age   4:       6168 bytes,    3650744 total
[2025-03-20T14:12:29.271+0000][7][gc,age      ] GC(70) - age   5:       2032 bytes,    3652776 total
[2025-03-20T14:12:29.271+0000][7][gc,age      ] GC(70) - age   6:       2064 bytes,    3654840 total
[2025-03-20T14:12:29.271+0000][7][gc,age      ] GC(70) - age   7:      19904 bytes,    3674744 total
[2025-03-20T14:12:29.271+0000][7][gc,age      ] GC(70) - age   8:       1432 bytes,    3676176 total
[2025-03-20T14:12:29.271+0000][7][gc,age      ] GC(70) - age   9:       1112 bytes,    3677288 total
[2025-03-20T14:12:29.272+0000][7][gc,age      ] GC(70) - age  10:       2912 bytes,    3680200 total
[2025-03-20T14:12:29.272+0000][7][gc,age      ] GC(70) - age  11:       1016 bytes,    3681216 total
[2025-03-20T14:12:29.272+0000][7][gc,age      ] GC(70) - age  12:       5184 bytes,    3686400 total
[2025-03-20T14:12:29.272+0000][7][gc,age      ] GC(70) - age  13:       1488 bytes,    3687888 total
[2025-03-20T14:12:29.272+0000][7][gc,age      ] GC(70) - age  14:        936 bytes,    3688824 total
[2025-03-20T14:12:29.272+0000][7][gc,age      ] GC(70) - age  15:      14224 bytes,    3703048 total
[2025-03-20T14:12:29.272+0000][7][gc,phases   ] GC(70)   Pre Evacuate Collection Set: 0.1ms
[2025-03-20T14:12:29.272+0000][7][gc,phases   ] GC(70)   Merge Heap Roots: 0.0ms
[2025-03-20T14:12:29.272+0000][7][gc,phases   ] GC(70)   Evacuate Collection Set: 2.0ms
[2025-03-20T14:12:29.272+0000][7][gc,phases   ] GC(70)   Post Evacuate Collection Set: 0.6ms
[2025-03-20T14:12:29.272+0000][7][gc,phases   ] GC(70)   Other: 0.3ms
[2025-03-20T14:12:29.272+0000][7][gc,heap     ] GC(70) Eden regions: 71->0(71)
[2025-03-20T14:12:29.272+0000][7][gc,heap     ] GC(70) Survivor regions: 1->1(9)
[2025-03-20T14:12:29.272+0000][7][gc,heap     ] GC(70) Old regions: 27->27
[2025-03-20T14:12:29.272+0000][7][gc,heap     ] GC(70) Archive regions: 2->2
[2025-03-20T14:12:29.272+0000][7][gc,heap     ] GC(70) Humongous regions: 5->5
[2025-03-20T14:12:29.272+0000][7][gc,metaspace] GC(70) Metaspace: 119492K(121152K)->119492K(121152K) NonClass: 104004K(104896K)->104004K(104896K) Class: 15488K(16256K)->15488K(16256K)
[2025-03-20T14:12:29.272+0000][7][gc          ] GC(70) Pause Young (Normal) (G1 Evacuation Pause) 415M->132M(512M) 2.979ms
[2025-03-20T14:12:29.272+0000][7][gc,cpu      ] GC(70) User=0.01s Sys=0.00s Real=0.00s
[2025-03-20T14:12:29.272+0000][7][safepoint   ] Safepoint "G1CollectForAllocation", Time since last: 1111725437 ns, Reaching safepoint: 81035 ns, At safepoint: 3100645 ns, Total: 3181680 ns
[2025-03-20T14:12:38.277+0000][7][safepoint   ] Safepoint "Cleanup", Time since last: 9005502373 ns, Reaching safepoint: 91915 ns, At safepoint: 7674 ns, Total: 99589 ns
[2025-03-20T14:12:45.280+0000][7][safepoint   ] Safepoint "Cleanup", Time since last: 7002236638 ns, Reaching safepoint: 147631 ns, At safepoint: 6373 ns, Total: 154004 ns
[2025-03-20T14:12:50.283+0000][7][safepoint   ] Safepoint "Cleanup", Time since last: 5003521072 ns, Reaching safepoint: 94680 ns, At safepoint: 7745 ns, Total: 102425 ns
[2025-03-20T14:13:02.290+0000][7][safepoint   ] Safepoint "Cleanup", Time since last: 12006253434 ns, Reaching safepoint: 79812 ns, At safepoint: 3467 ns, Total: 83279 ns
[2025-03-20T14:13:06.291+0000][7][safepoint   ] Safepoint "Cleanup", Time since last: 4001745083 ns, Reaching safepoint: 87887 ns, At safepoint: 3757 ns, Total: 91644 ns
[2025-03-20T14:13:12.294+0000][7][safepoint   ] Safepoint "Cleanup", Time since last: 6002390434 ns, Reaching safepoint: 155469 ns, At safepoint: 13967 ns, Total: 169436 ns
[2025-03-20T14:13:14.151+0000][7][gc,start    ] GC(71) Pause Young (Normal) (G1 Evacuation Pause)
[2025-03-20T14:13:14.151+0000][7][gc,task     ] GC(71) Using 8 workers of 8 for evacuation
[2025-03-20T14:13:14.151+0000][7][gc,age      ] GC(71) Desired survivor size 18874368 bytes, new threshold 15 (max threshold 15)
[2025-03-20T14:13:14.153+0000][7][gc,age      ] GC(71) Age table with threshold 15 (max threshold 15)
[2025-03-20T14:13:14.153+0000][7][gc,age      ] GC(71) - age   1:    1435888 bytes,    1435888 total
[2025-03-20T14:13:14.153+0000][7][gc,age      ] GC(71) - age   2:       7024 bytes,    1442912 total
[2025-03-20T14:13:14.153+0000][7][gc,age      ] GC(71) - age   3:       2240 bytes,    1445152 total
[2025-03-20T14:13:14.153+0000][7][gc,age      ] GC(71) - age   4:     593472 bytes,    2038624 total
[2025-03-20T14:13:14.153+0000][7][gc,age      ] GC(71) - age   5:       5984 bytes,    2044608 total
[2025-03-20T14:13:14.153+0000][7][gc,age      ] GC(71) - age   6:       1936 bytes,    2046544 total
[2025-03-20T14:13:14.153+0000][7][gc,age      ] GC(71) - age   7:       2064 bytes,    2048608 total
[2025-03-20T14:13:14.153+0000][7][gc,age      ] GC(71) - age   8:      19904 bytes,    2068512 total
[2025-03-20T14:13:14.153+0000][7][gc,age      ] GC(71) - age   9:       1432 bytes,    2069944 total
[2025-03-20T14:13:14.153+0000][7][gc,age      ] GC(71) - age  10:       1112 bytes,    2071056 total
[2025-03-20T14:13:14.153+0000][7][gc,age      ] GC(71) - age  11:       2912 bytes,    2073968 total
[2025-03-20T14:13:14.153+0000][7][gc,age      ] GC(71) - age  12:       1016 bytes,    2074984 total
[2025-03-20T14:13:14.153+0000][7][gc,age      ] GC(71) - age  13:       5184 bytes,    2080168 total
[2025-03-20T14:13:14.153+0000][7][gc,age      ] GC(71) - age  14:       1488 bytes,    2081656 total
[2025-03-20T14:13:14.153+0000][7][gc,age      ] GC(71) - age  15:        936 bytes,    2082592 total
[2025-03-20T14:13:14.153+0000][7][gc,phases   ] GC(71)   Pre Evacuate Collection Set: 0.1ms
[2025-03-20T14:13:14.153+0000][7][gc,phases   ] GC(71)   Merge Heap Roots: 0.1ms
[2025-03-20T14:13:14.153+0000][7][gc,phases   ] GC(71)   Evacuate Collection Set: 1.4ms
[2025-03-20T14:13:14.153+0000][7][gc,phases   ] GC(71)   Post Evacuate Collection Set: 0.8ms
[2025-03-20T14:13:14.153+0000][7][gc,phases   ] GC(71)   Other: 0.3ms
[2025-03-20T14:13:14.153+0000][7][gc,heap     ] GC(71) Eden regions: 71->0(71)
[2025-03-20T14:13:14.153+0000][7][gc,heap     ] GC(71) Survivor regions: 1->1(9)
[2025-03-20T14:13:14.153+0000][7][gc,heap     ] GC(71) Old regions: 27->27
[2025-03-20T14:13:14.153+0000][7][gc,heap     ] GC(71) Archive regions: 2->2
[2025-03-20T14:13:14.153+0000][7][gc,heap     ] GC(71) Humongous regions: 5->5
[2025-03-20T14:13:14.153+0000][7][gc,metaspace] GC(71) Metaspace: 119511K(121216K)->119511K(121216K) NonClass: 104023K(104960K)->104023K(104960K) Class: 15488K(16256K)->15488K(16256K)
[2025-03-20T14:13:14.153+0000][7][gc          ] GC(71) Pause Young (Normal) (G1 Evacuation Pause) 416M->131M(512M) 2.700ms
[2025-03-20T14:13:14.153+0000][7][gc,cpu      ] GC(71) User=0.01s Sys=0.01s Real=0.00s
[2025-03-20T14:13:14.153+0000][7][safepoint   ] Safepoint "G1CollectForAllocation", Time since last: 1856328875 ns, Reaching safepoint: 267911 ns, At safepoint: 2779443 ns, Total: 3047354 ns
[2025-03-20T14:13:18.155+0000][7][safepoint   ] Safepoint "Cleanup", Time since last: 4001761804 ns, Reaching safepoint: 133544 ns, At safepoint: 4980 ns, Total: 138524 ns
[2025-03-20T14:13:25.159+0000][7][safepoint   ] Safepoint "Cleanup", Time since last: 7003211685 ns, Reaching safepoint: 109128 ns, At safepoint: 5461 ns, Total: 114589 ns
[2025-03-20T14:13:27.160+0000][7][safepoint   ] Safepoint "Cleanup", Time since last: 2000756961 ns, Reaching safepoint: 95472 ns, At safepoint: 3867 ns, Total: 99339 ns
[2025-03-20T14:13:30.161+0000][7][safepoint   ] Safepoint "Cleanup", Time since last: 3001718541 ns, Reaching safepoint: 162991 ns, At safepoint: 23895 ns, Total: 186886 ns
[2025-03-20T14:13:31.162+0000][7][safepoint   ] Safepoint "Cleanup", Time since last: 1000242198 ns, Reaching safepoint: 103137 ns, At safepoint: 3807 ns, Total: 106944 ns
[2025-03-20T14:13:32.163+0000][7][safepoint   ] Safepoint "Cleanup", Time since last: 1000853519 ns, Reaching safepoint: 114478 ns, At safepoint: 6112 ns, Total: 120590 ns
[2025-03-20T14:13:35.168+0000][7][safepoint   ] Safepoint "Cleanup", Time since last: 3001385548 ns, Reaching safepoint: 3773775 ns, At safepoint: 31570 ns, Total: 3805345 ns
[2025-03-20T14:13:39.170+0000][7][safepoint   ] Safepoint "Cleanup", Time since last: 4001721994 ns, Reaching safepoint: 178560 ns, At safepoint: 8827 ns, Total: 187387 ns
[2025-03-20T14:13:42.173+0000][7][safepoint   ] Safepoint "Cleanup", Time since last: 3002553578 ns, Reaching safepoint: 168862 ns, At safepoint: 7785 ns, Total: 176647 ns
[2025-03-20T14:13:53.159+0000][7][gc,start    ] GC(72) Pause Young (Normal) (G1 Evacuation Pause)
[2025-03-20T14:13:53.159+0000][7][gc,task     ] GC(72) Using 8 workers of 8 for evacuation
[2025-03-20T14:13:53.159+0000][7][gc,age      ] GC(72) Desired survivor size 18874368 bytes, new threshold 15 (max threshold 15)
[2025-03-20T14:13:53.162+0000][7][gc,age      ] GC(72) Age table with threshold 15 (max threshold 15)
[2025-03-20T14:13:53.162+0000][7][gc,age      ] GC(72) - age   1:    3319488 bytes,    3319488 total
[2025-03-20T14:13:53.162+0000][7][gc,age      ] GC(72) - age   2:       5272 bytes,    3324760 total
[2025-03-20T14:13:53.162+0000][7][gc,age      ] GC(72) - age   3:       4304 bytes,    3329064 total
[2025-03-20T14:13:53.162+0000][7][gc,age      ] GC(72) - age   4:       1872 bytes,    3330936 total
[2025-03-20T14:13:53.162+0000][7][gc,age      ] GC(72) - age   5:     593248 bytes,    3924184 total
[2025-03-20T14:13:53.162+0000][7][gc,age      ] GC(72) - age   6:       5920 bytes,    3930104 total
[2025-03-20T14:13:53.162+0000][7][gc,age      ] GC(72) - age   7:       1936 bytes,    3932040 total
[2025-03-20T14:13:53.162+0000][7][gc,age      ] GC(72) - age   8:       2064 bytes,    3934104 total
[2025-03-20T14:13:53.162+0000][7][gc,age      ] GC(72) - age   9:      19904 bytes,    3954008 total
[2025-03-20T14:13:53.162+0000][7][gc,age      ] GC(72) - age  10:       1432 bytes,    3955440 total
[2025-03-20T14:13:53.162+0000][7][gc,age      ] GC(72) - age  11:       1112 bytes,    3956552 total
[2025-03-20T14:13:53.162+0000][7][gc,age      ] GC(72) - age  12:       2912 bytes,    3959464 total
[2025-03-20T14:13:53.162+0000][7][gc,age      ] GC(72) - age  13:       1016 bytes,    3960480 total
[2025-03-20T14:13:53.162+0000][7][gc,age      ] GC(72) - age  14:       5184 bytes,    3965664 total
[2025-03-20T14:13:53.162+0000][7][gc,age      ] GC(72) - age  15:       1488 bytes,    3967152 total
[2025-03-20T14:13:53.162+0000][7][gc,phases   ] GC(72)   Pre Evacuate Collection Set: 0.2ms
[2025-03-20T14:13:53.162+0000][7][gc,phases   ] GC(72)   Merge Heap Roots: 0.1ms
[2025-03-20T14:13:53.162+0000][7][gc,phases   ] GC(72)   Evacuate Collection Set: 1.6ms
[2025-03-20T14:13:53.162+0000][7][gc,phases   ] GC(72)   Post Evacuate Collection Set: 0.8ms
[2025-03-20T14:13:53.162+0000][7][gc,phases   ] GC(72)   Other: 0.4ms
[2025-03-20T14:13:53.162+0000][7][gc,heap     ] GC(72) Eden regions: 71->0(71)
[2025-03-20T14:13:53.162+0000][7][gc,heap     ] GC(72) Survivor regions: 1->1(9)
[2025-03-20T14:13:53.162+0000][7][gc,heap     ] GC(72) Old regions: 27->27
[2025-03-20T14:13:53.162+0000][7][gc,heap     ] GC(72) Archive regions: 2->2
[2025-03-20T14:13:53.162+0000][7][gc,heap     ] GC(72) Humongous regions: 5->5
[2025-03-20T14:13:53.162+0000][7][gc,metaspace] GC(72) Metaspace: 119529K(121216K)->119529K(121216K) NonClass: 104040K(104960K)->104040K(104960K) Class: 15489K(16256K)->15489K(16256K)
[2025-03-20T14:13:53.163+0000][7][gc          ] GC(72) Pause Young (Normal) (G1 Evacuation Pause) 415M->132M(512M) 3.121ms
[2025-03-20T14:13:53.163+0000][7][gc,cpu      ] GC(72) User=0.01s Sys=0.00s Real=0.00s
[2025-03-20T14:13:53.163+0000][7][safepoint   ] Safepoint "G1CollectForAllocation", Time since last: 10986640276 ns, Reaching safepoint: 130318 ns, At safepoint: 3209242 ns, Total: 3339560 ns
[2025-03-20T14:13:54.163+0000][7][safepoint   ] Safepoint "Cleanup", Time since last: 1000435736 ns, Reaching safepoint: 106302 ns, At safepoint: 4238 ns, Total: 110540 ns
[2025-03-20T14:13:55.164+0000][7][safepoint   ] Safepoint "Cleanup", Time since last: 1000677796 ns, Reaching safepoint: 115050 ns, At safepoint: 4258 ns, Total: 119308 ns
[2025-03-20T14:13:57.166+0000][7][safepoint   ] Safepoint "Cleanup", Time since last: 2001658186 ns, Reaching safepoint: 237613 ns, At safepoint: 5029 ns, Total: 242642 ns
[2025-03-20T14:14:09.172+0000][7][safepoint   ] Safepoint "Cleanup", Time since last: 12006139976 ns, Reaching safepoint: 121922 ns, At safepoint: 4749 ns, Total: 126671 ns
[2025-03-20T14:14:16.177+0000][7][safepoint   ] Safepoint "Cleanup", Time since last: 7004744567 ns, Reaching safepoint: 145898 ns, At safepoint: 4519 ns, Total: 150417 ns
[2025-03-20T14:14:21.180+0000][7][safepoint   ] Safepoint "Cleanup", Time since last: 5003250335 ns, Reaching safepoint: 120550 ns, At safepoint: 4128 ns, Total: 124678 ns
[2025-03-20T14:14:22.519+0000][7][gc,start    ] GC(73) Pause Young (Normal) (G1 Evacuation Pause)
[2025-03-20T14:14:22.519+0000][7][gc,task     ] GC(73) Using 8 workers of 8 for evacuation
[2025-03-20T14:14:22.519+0000][7][gc,age      ] GC(73) Desired survivor size 18874368 bytes, new threshold 15 (max threshold 15)
[2025-03-20T14:14:22.521+0000][7][gc,age      ] GC(73) Age table with threshold 15 (max threshold 15)
[2025-03-20T14:14:22.521+0000][7][gc,age      ] GC(73) - age   1:    2654672 bytes,    2654672 total
[2025-03-20T14:14:22.521+0000][7][gc,age      ] GC(73) - age   2:      11072 bytes,    2665744 total
[2025-03-20T14:14:22.521+0000][7][gc,age      ] GC(73) - age   3:       3304 bytes,    2669048 total
[2025-03-20T14:14:22.521+0000][7][gc,age      ] GC(73) - age   4:       3440 bytes,    2672488 total
[2025-03-20T14:14:22.521+0000][7][gc,age      ] GC(73) - age   5:       1712 bytes,    2674200 total
[2025-03-20T14:14:22.521+0000][7][gc,age      ] GC(73) - age   6:     402800 bytes,    3077000 total
[2025-03-20T14:14:22.521+0000][7][gc,age      ] GC(73) - age   7:       5920 bytes,    3082920 total
[2025-03-20T14:14:22.521+0000][7][gc,age      ] GC(73) - age   8:       1816 bytes,    3084736 total
[2025-03-20T14:14:22.521+0000][7][gc,age      ] GC(73) - age   9:       1768 bytes,    3086504 total
[2025-03-20T14:14:22.521+0000][7][gc,age      ] GC(73) - age  10:      19704 bytes,    3106208 total
[2025-03-20T14:14:22.521+0000][7][gc,age      ] GC(73) - age  11:       1432 bytes,    3107640 total
[2025-03-20T14:14:22.521+0000][7][gc,age      ] GC(73) - age  12:       1112 bytes,    3108752 total
[2025-03-20T14:14:22.521+0000][7][gc,age      ] GC(73) - age  13:       2912 bytes,    3111664 total
[2025-03-20T14:14:22.521+0000][7][gc,age      ] GC(73) - age  14:       1016 bytes,    3112680 total
[2025-03-20T14:14:22.521+0000][7][gc,age      ] GC(73) - age  15:       5112 bytes,    3117792 total
[2025-03-20T14:14:22.521+0000][7][gc,phases   ] GC(73)   Pre Evacuate Collection Set: 0.1ms
[2025-03-20T14:14:22.521+0000][7][gc,phases   ] GC(73)   Merge Heap Roots: 0.0ms
[2025-03-20T14:14:22.521+0000][7][gc,phases   ] GC(73)   Evacuate Collection Set: 1.5ms
[2025-03-20T14:14:22.521+0000][7][gc,phases   ] GC(73)   Post Evacuate Collection Set: 0.7ms
[2025-03-20T14:14:22.521+0000][7][gc,phases   ] GC(73)   Other: 0.3ms
[2025-03-20T14:14:22.521+0000][7][gc,heap     ] GC(73) Eden regions: 71->0(70)
[2025-03-20T14:14:22.521+0000][7][gc,heap     ] GC(73) Survivor regions: 1->1(9)
[2025-03-20T14:14:22.521+0000][7][gc,heap     ] GC(73) Old regions: 27->27
[2025-03-20T14:14:22.521+0000][7][gc,heap     ] GC(73) Archive regions: 2->2
[2025-03-20T14:14:22.521+0000][7][gc,heap     ] GC(73) Humongous regions: 5->5
[2025-03-20T14:14:22.521+0000][7][gc,metaspace] GC(73) Metaspace: 119672K(121408K)->119672K(121408K) NonClass: 104183K(105152K)->104183K(105152K) Class: 15489K(16256K)->15489K(16256K)
[2025-03-20T14:14:22.521+0000][7][gc          ] GC(73) Pause Young (Normal) (G1 Evacuation Pause) 416M->132M(512M) 2.693ms
[2025-03-20T14:14:22.521+0000][7][gc,cpu      ] GC(73) User=0.01s Sys=0.00s Real=0.00s
[2025-03-20T14:14:22.521+0000][7][safepoint   ] Safepoint "G1CollectForAllocation", Time since last: 1338276805 ns, Reaching safepoint: 80914 ns, At safepoint: 2765563 ns, Total: 2846477 ns
[2025-03-20T14:14:25.523+0000][7][safepoint   ] Safepoint "Cleanup", Time since last: 3001863375 ns, Reaching safepoint: 120169 ns, At safepoint: 4278 ns, Total: 124447 ns
[2025-03-20T14:14:32.528+0000][7][safepoint   ] Safepoint "Cleanup", Time since last: 7003946514 ns, Reaching safepoint: 133504 ns, At safepoint: 14087 ns, Total: 147591 ns
[2025-03-20T14:14:53.539+0000][7][safepoint   ] Safepoint "Cleanup", Time since last: 21011082492 ns, Reaching safepoint: 131360 ns, At safepoint: 9137 ns, Total: 140497 ns
[2025-03-20T14:15:02.544+0000][7][safepoint   ] Safepoint "Cleanup", Time since last: 9004840059 ns, Reaching safepoint: 188710 ns, At safepoint: 6071 ns, Total: 194781 ns
[2025-03-20T14:15:05.181+0000][7][gc,start    ] GC(74) Pause Young (Normal) (G1 Evacuation Pause)
[2025-03-20T14:15:05.181+0000][7][gc,task     ] GC(74) Using 8 workers of 8 for evacuation
[2025-03-20T14:15:05.182+0000][7][gc,age      ] GC(74) Desired survivor size 18874368 bytes, new threshold 15 (max threshold 15)
[2025-03-20T14:15:05.185+0000][7][gc,age      ] GC(74) Age table with threshold 15 (max threshold 15)
[2025-03-20T14:15:05.185+0000][7][gc,age      ] GC(74) - age   1:    3049944 bytes,    3049944 total
[2025-03-20T14:15:05.185+0000][7][gc,age      ] GC(74) - age   2:     928560 bytes,    3978504 total
[2025-03-20T14:15:05.185+0000][7][gc,age      ] GC(74) - age   3:       7096 bytes,    3985600 total
[2025-03-20T14:15:05.185+0000][7][gc,age      ] GC(74) - age   4:       2088 bytes,    3987688 total
[2025-03-20T14:15:05.185+0000][7][gc,age      ] GC(74) - age   5:       2416 bytes,    3990104 total
[2025-03-20T14:15:05.185+0000][7][gc,age      ] GC(74) - age   6:       1376 bytes,    3991480 total
[2025-03-20T14:15:05.185+0000][7][gc,age      ] GC(74) - age   7:     402800 bytes,    4394280 total
[2025-03-20T14:15:05.185+0000][7][gc,age      ] GC(74) - age   8:       5920 bytes,    4400200 total
[2025-03-20T14:15:05.185+0000][7][gc,age      ] GC(74) - age   9:       1816 bytes,    4402016 total
[2025-03-20T14:15:05.185+0000][7][gc,age      ] GC(74) - age  10:       1768 bytes,    4403784 total
[2025-03-20T14:15:05.185+0000][7][gc,age      ] GC(74) - age  11:      11568 bytes,    4415352 total
[2025-03-20T14:15:05.185+0000][7][gc,age      ] GC(74) - age  12:       1432 bytes,    4416784 total
[2025-03-20T14:15:05.185+0000][7][gc,age      ] GC(74) - age  13:       1112 bytes,    4417896 total
[2025-03-20T14:15:05.185+0000][7][gc,age      ] GC(74) - age  14:       2912 bytes,    4420808 total
[2025-03-20T14:15:05.185+0000][7][gc,age      ] GC(74) - age  15:       1016 bytes,    4421824 total
[2025-03-20T14:15:05.185+0000][7][gc,phases   ] GC(74)   Pre Evacuate Collection Set: 0.1ms
[2025-03-20T14:15:05.185+0000][7][gc,phases   ] GC(74)   Merge Heap Roots: 0.0ms
[2025-03-20T14:15:05.185+0000][7][gc,phases   ] GC(74)   Evacuate Collection Set: 1.9ms
[2025-03-20T14:15:05.185+0000][7][gc,phases   ] GC(74)   Post Evacuate Collection Set: 1.1ms
[2025-03-20T14:15:05.185+0000][7][gc,phases   ] GC(74)   Other: 0.2ms
[2025-03-20T14:15:05.185+0000][7][gc,heap     ] GC(74) Eden regions: 70->0(69)
[2025-03-20T14:15:05.185+0000][7][gc,heap     ] GC(74) Survivor regions: 1->2(9)
[2025-03-20T14:15:05.185+0000][7][gc,heap     ] GC(74) Old regions: 27->27
[2025-03-20T14:15:05.185+0000][7][gc,heap     ] GC(74) Archive regions: 2->2
[2025-03-20T14:15:05.185+0000][7][gc,heap     ] GC(74) Humongous regions: 5->5
[2025-03-20T14:15:05.185+0000][7][gc,metaspace] GC(74) Metaspace: 119685K(121408K)->119685K(121408K) NonClass: 104195K(105152K)->104195K(105152K) Class: 15489K(16256K)->15489K(16256K)
[2025-03-20T14:15:05.185+0000][7][gc          ] GC(74) Pause Young (Normal) (G1 Evacuation Pause) 412M->133M(512M) 3.455ms
[2025-03-20T14:15:05.185+0000][7][gc,cpu      ] GC(74) User=0.02s Sys=0.00s Real=0.00s
[2025-03-20T14:15:05.185+0000][7][safepoint   ] Safepoint "G1CollectForAllocation", Time since last: 2637547668 ns, Reaching safepoint: 84110 ns, At safepoint: 3553487 ns, Total: 3637597 ns
[2025-03-20T14:15:16.849+0000][7][safepoint   ] Safepoint "Cleanup", Time since last: 11663830879 ns, Reaching safepoint: 183590 ns, At safepoint: 5430 ns, Total: 189020 ns
[2025-03-20T14:15:24.855+0000][7][safepoint   ] Safepoint "Cleanup", Time since last: 8005842045 ns, Reaching safepoint: 103848 ns, At safepoint: 4478 ns, Total: 108326 ns
[2025-03-20T14:15:25.855+0000][7][safepoint   ] Safepoint "Cleanup", Time since last: 1000266730 ns, Reaching safepoint: 124397 ns, At safepoint: 6012 ns, Total: 130409 ns
[2025-03-20T14:15:32.860+0000][7][safepoint   ] Safepoint "Cleanup", Time since last: 7004478174 ns, Reaching safepoint: 142181 ns, At safepoint: 4158 ns, Total: 146339 ns
[2025-03-20T14:15:44.345+0000][7][gc,start    ] GC(75) Pause Young (Normal) (G1 Evacuation Pause)
[2025-03-20T14:15:44.345+0000][7][gc,task     ] GC(75) Using 8 workers of 8 for evacuation
[2025-03-20T14:15:44.346+0000][7][gc,age      ] GC(75) Desired survivor size 18874368 bytes, new threshold 15 (max threshold 15)
[2025-03-20T14:15:44.348+0000][7][gc,age      ] GC(75) Age table with threshold 15 (max threshold 15)
[2025-03-20T14:15:44.348+0000][7][gc,age      ] GC(75) - age   1:    1976136 bytes,    1976136 total
[2025-03-20T14:15:44.348+0000][7][gc,age      ] GC(75) - age   2:       7728 bytes,    1983864 total
[2025-03-20T14:15:44.348+0000][7][gc,age      ] GC(75) - age   3:     922920 bytes,    2906784 total
[2025-03-20T14:15:44.348+0000][7][gc,age      ] GC(75) - age   4:       6648 bytes,    2913432 total
[2025-03-20T14:15:44.348+0000][7][gc,age      ] GC(75) - age   5:       1704 bytes,    2915136 total
[2025-03-20T14:15:44.348+0000][7][gc,age      ] GC(75) - age   6:       2352 bytes,    2917488 total
[2025-03-20T14:15:44.348+0000][7][gc,age      ] GC(75) - age   7:       1376 bytes,    2918864 total
[2025-03-20T14:15:44.348+0000][7][gc,age      ] GC(75) - age   8:     402800 bytes,    3321664 total
[2025-03-20T14:15:44.348+0000][7][gc,age      ] GC(75) - age   9:       5920 bytes,    3327584 total
[2025-03-20T14:15:44.348+0000][7][gc,age      ] GC(75) - age  10:       1816 bytes,    3329400 total
[2025-03-20T14:15:44.348+0000][7][gc,age      ] GC(75) - age  11:       1768 bytes,    3331168 total
[2025-03-20T14:15:44.348+0000][7][gc,age      ] GC(75) - age  12:      11568 bytes,    3342736 total
[2025-03-20T14:15:44.348+0000][7][gc,age      ] GC(75) - age  13:       1432 bytes,    3344168 total
[2025-03-20T14:15:44.348+0000][7][gc,age      ] GC(75) - age  14:       1112 bytes,    3345280 total
[2025-03-20T14:15:44.348+0000][7][gc,age      ] GC(75) - age  15:       2912 bytes,    3348192 total
[2025-03-20T14:15:44.348+0000][7][gc,phases   ] GC(75)   Pre Evacuate Collection Set: 0.2ms
[2025-03-20T14:15:44.348+0000][7][gc,phases   ] GC(75)   Merge Heap Roots: 0.1ms
[2025-03-20T14:15:44.348+0000][7][gc,phases   ] GC(75)   Evacuate Collection Set: 1.6ms
[2025-03-20T14:15:44.348+0000][7][gc,phases   ] GC(75)   Post Evacuate Collection Set: 0.8ms
[2025-03-20T14:15:44.348+0000][7][gc,phases   ] GC(75)   Other: 0.3ms
[2025-03-20T14:15:44.348+0000][7][gc,heap     ] GC(75) Eden regions: 69->0(70)
[2025-03-20T14:15:44.348+0000][7][gc,heap     ] GC(75) Survivor regions: 2->1(9)
[2025-03-20T14:15:44.348+0000][7][gc,heap     ] GC(75) Old regions: 27->27
[2025-03-20T14:15:44.348+0000][7][gc,heap     ] GC(75) Archive regions: 2->2
[2025-03-20T14:15:44.348+0000][7][gc,heap     ] GC(75) Humongous regions: 5->5
[2025-03-20T14:15:44.348+0000][7][gc,metaspace] GC(75) Metaspace: 119701K(121408K)->119701K(121408K) NonClass: 104211K(105152K)->104211K(105152K) Class: 15489K(16256K)->15489K(16256K)
[2025-03-20T14:15:44.348+0000][7][gc          ] GC(75) Pause Young (Normal) (G1 Evacuation Pause) 409M->132M(512M) 2.962ms
[2025-03-20T14:15:44.348+0000][7][gc,cpu      ] GC(75) User=0.01s Sys=0.00s Real=0.01s
[2025-03-20T14:15:44.348+0000][7][safepoint   ] Safepoint "G1CollectForAllocation", Time since last: 11485261206 ns, Reaching safepoint: 155806 ns, At safepoint: 3051014 ns, Total: 3206820 ns
[2025-03-20T14:15:53.353+0000][7][safepoint   ] Safepoint "Cleanup", Time since last: 9004070524 ns, Reaching safepoint: 96354 ns, At safepoint: 4909 ns, Total: 101263 ns
[2025-03-20T14:16:01.357+0000][7][safepoint   ] Safepoint "Cleanup", Time since last: 8004404670 ns, Reaching safepoint: 371965 ns, At safepoint: 7354 ns, Total: 379319 ns
[2025-03-20T14:16:08.361+0000][7][safepoint   ] Safepoint "Cleanup", Time since last: 7003740529 ns, Reaching safepoint: 104729 ns, At safepoint: 4198 ns, Total: 108927 ns
[2025-03-20T14:16:16.366+0000][7][safepoint   ] Safepoint "Cleanup", Time since last: 8004741064 ns, Reaching safepoint: 132472 ns, At safepoint: 4429 ns, Total: 136901 ns
[2025-03-20T14:16:20.369+0000][7][safepoint   ] Safepoint "Cleanup", Time since last: 4002636534 ns, Reaching safepoint: 128985 ns, At safepoint: 9268 ns, Total: 138253 ns
[2025-03-20T14:16:26.372+0000][7][safepoint   ] Safepoint "Cleanup", Time since last: 6003019668 ns, Reaching safepoint: 124928 ns, At safepoint: 4559 ns, Total: 129487 ns
[2025-03-20T14:16:29.194+0000][7][gc,start    ] GC(76) Pause Young (Normal) (G1 Evacuation Pause)
[2025-03-20T14:16:29.194+0000][7][gc,task     ] GC(76) Using 8 workers of 8 for evacuation
[2025-03-20T14:16:29.194+0000][7][gc,age      ] GC(76) Desired survivor size 18874368 bytes, new threshold 15 (max threshold 15)
[2025-03-20T14:16:29.197+0000][7][gc,age      ] GC(76) Age table with threshold 15 (max threshold 15)
[2025-03-20T14:16:29.197+0000][7][gc,age      ] GC(76) - age   1:    3667448 bytes,    3667448 total
[2025-03-20T14:16:29.197+0000][7][gc,age      ] GC(76) - age   2:       4072 bytes,    3671520 total
[2025-03-20T14:16:29.197+0000][7][gc,age      ] GC(76) - age   3:       3304 bytes,    3674824 total
[2025-03-20T14:16:29.197+0000][7][gc,age      ] GC(76) - age   4:     922160 bytes,    4596984 total
[2025-03-20T14:16:29.197+0000][7][gc,age      ] GC(76) - age   5:       6552 bytes,    4603536 total
[2025-03-20T14:16:29.197+0000][7][gc,age      ] GC(76) - age   6:       1264 bytes,    4604800 total
[2025-03-20T14:16:29.197+0000][7][gc,age      ] GC(76) - age   7:       2288 bytes,    4607088 total
[2025-03-20T14:16:29.197+0000][7][gc,age      ] GC(76) - age   8:       1312 bytes,    4608400 total
[2025-03-20T14:16:29.197+0000][7][gc,age      ] GC(76) - age   9:     394880 bytes,    5003280 total
[2025-03-20T14:16:29.197+0000][7][gc,age      ] GC(76) - age  10:       5920 bytes,    5009200 total
[2025-03-20T14:16:29.197+0000][7][gc,age      ] GC(76) - age  11:       1816 bytes,    5011016 total
[2025-03-20T14:16:29.197+0000][7][gc,age      ] GC(76) - age  12:       1768 bytes,    5012784 total
[2025-03-20T14:16:29.197+0000][7][gc,age      ] GC(76) - age  13:      11568 bytes,    5024352 total
[2025-03-20T14:16:29.197+0000][7][gc,age      ] GC(76) - age  14:       1432 bytes,    5025784 total
[2025-03-20T14:16:29.197+0000][7][gc,age      ] GC(76) - age  15:       1112 bytes,    5026896 total
[2025-03-20T14:16:29.197+0000][7][gc,phases   ] GC(76)   Pre Evacuate Collection Set: 0.1ms
[2025-03-20T14:16:29.197+0000][7][gc,phases   ] GC(76)   Merge Heap Roots: 0.1ms
[2025-03-20T14:16:29.197+0000][7][gc,phases   ] GC(76)   Evacuate Collection Set: 1.6ms
[2025-03-20T14:16:29.197+0000][7][gc,phases   ] GC(76)   Post Evacuate Collection Set: 0.8ms
[2025-03-20T14:16:29.197+0000][7][gc,phases   ] GC(76)   Other: 0.3ms
[2025-03-20T14:16:29.197+0000][7][gc,heap     ] GC(76) Eden regions: 70->0(69)
[2025-03-20T14:16:29.197+0000][7][gc,heap     ] GC(76) Survivor regions: 1->2(9)
[2025-03-20T14:16:29.197+0000][7][gc,heap     ] GC(76) Old regions: 27->27
[2025-03-20T14:16:29.197+0000][7][gc,heap     ] GC(76) Archive regions: 2->2
[2025-03-20T14:16:29.197+0000][7][gc,heap     ] GC(76) Humongous regions: 5->5
[2025-03-20T14:16:29.197+0000][7][gc,metaspace] GC(76) Metaspace: 119725K(121408K)->119725K(121408K) NonClass: 104235K(105152K)->104235K(105152K) Class: 15489K(16256K)->15489K(16256K)
[2025-03-20T14:16:29.197+0000][7][gc          ] GC(76) Pause Young (Normal) (G1 Evacuation Pause) 412M->134M(512M) 2.906ms
[2025-03-20T14:16:29.197+0000][7][gc,cpu      ] GC(76) User=0.01s Sys=0.00s Real=0.00s
[2025-03-20T14:16:29.197+0000][7][safepoint   ] Safepoint "G1CollectForAllocation", Time since last: 2821498005 ns, Reaching safepoint: 521676 ns, At safepoint: 3002686 ns, Total: 3524362 ns
[2025-03-20T14:16:44.947+0000][7][safepoint   ] Safepoint "Cleanup", Time since last: 15750125574 ns, Reaching safepoint: 120830 ns, At safepoint: 5040 ns, Total: 125870 ns
[2025-03-20T14:17:01.958+0000][7][safepoint   ] Safepoint "Cleanup", Time since last: 17010536715 ns, Reaching safepoint: 110651 ns, At safepoint: 3467 ns, Total: 114118 ns
[2025-03-20T14:17:08.555+0000][7][gc,start    ] GC(77) Pause Young (Normal) (G1 Evacuation Pause)
[2025-03-20T14:17:08.555+0000][7][gc,task     ] GC(77) Using 8 workers of 8 for evacuation
[2025-03-20T14:17:08.555+0000][7][gc,age      ] GC(77) Desired survivor size 18874368 bytes, new threshold 15 (max threshold 15)
[2025-03-20T14:17:08.557+0000][7][gc,age      ] GC(77) Age table with threshold 15 (max threshold 15)
[2025-03-20T14:17:08.557+0000][7][gc,age      ] GC(77) - age   1:    1056184 bytes,    1056184 total
[2025-03-20T14:17:08.557+0000][7][gc,age      ] GC(77) - age   2:      19488 bytes,    1075672 total
[2025-03-20T14:17:08.557+0000][7][gc,age      ] GC(77) - age   3:       1928 bytes,    1077600 total
[2025-03-20T14:17:08.557+0000][7][gc,age      ] GC(77) - age   4:       2576 bytes,    1080176 total
[2025-03-20T14:17:08.557+0000][7][gc,age      ] GC(77) - age   5:     922064 bytes,    2002240 total
[2025-03-20T14:17:08.557+0000][7][gc,age      ] GC(77) - age   6:       6520 bytes,    2008760 total
[2025-03-20T14:17:08.557+0000][7][gc,age      ] GC(77) - age   7:       1200 bytes,    2009960 total
[2025-03-20T14:17:08.557+0000][7][gc,age      ] GC(77) - age   8:       2288 bytes,    2012248 total
[2025-03-20T14:17:08.557+0000][7][gc,age      ] GC(77) - age   9:       1312 bytes,    2013560 total
[2025-03-20T14:17:08.557+0000][7][gc,age      ] GC(77) - age  10:     394880 bytes,    2408440 total
[2025-03-20T14:17:08.557+0000][7][gc,age      ] GC(77) - age  11:       5920 bytes,    2414360 total
[2025-03-20T14:17:08.557+0000][7][gc,age      ] GC(77) - age  12:       1816 bytes,    2416176 total
[2025-03-20T14:17:08.557+0000][7][gc,age      ] GC(77) - age  13:       1768 bytes,    2417944 total
[2025-03-20T14:17:08.557+0000][7][gc,age      ] GC(77) - age  14:      11568 bytes,    2429512 total
[2025-03-20T14:17:08.557+0000][7][gc,age      ] GC(77) - age  15:       1432 bytes,    2430944 total
[2025-03-20T14:17:08.558+0000][7][gc,phases   ] GC(77)   Pre Evacuate Collection Set: 0.1ms
[2025-03-20T14:17:08.558+0000][7][gc,phases   ] GC(77)   Merge Heap Roots: 0.1ms
[2025-03-20T14:17:08.558+0000][7][gc,phases   ] GC(77)   Evacuate Collection Set: 1.5ms
[2025-03-20T14:17:08.558+0000][7][gc,phases   ] GC(77)   Post Evacuate Collection Set: 0.7ms
[2025-03-20T14:17:08.558+0000][7][gc,phases   ] GC(77)   Other: 0.3ms
[2025-03-20T14:17:08.558+0000][7][gc,heap     ] GC(77) Eden regions: 69->0(71)
[2025-03-20T14:17:08.558+0000][7][gc,heap     ] GC(77) Survivor regions: 2->1(9)
[2025-03-20T14:17:08.558+0000][7][gc,heap     ] GC(77) Old regions: 27->27
[2025-03-20T14:17:08.558+0000][7][gc,heap     ] GC(77) Archive regions: 2->2
[2025-03-20T14:17:08.558+0000][7][gc,heap     ] GC(77) Humongous regions: 5->5
[2025-03-20T14:17:08.558+0000][7][gc,metaspace] GC(77) Metaspace: 119744K(121408K)->119744K(121408K) NonClass: 104255K(105152K)->104255K(105152K) Class: 15489K(16256K)->15489K(16256K)
[2025-03-20T14:17:08.558+0000][7][gc          ] GC(77) Pause Young (Normal) (G1 Evacuation Pause) 410M->131M(512M) 2.656ms
[2025-03-20T14:17:08.558+0000][7][gc,cpu      ] GC(77) User=0.01s Sys=0.00s Real=0.00s
[2025-03-20T14:17:08.558+0000][7][safepoint   ] Safepoint "G1CollectForAllocation", Time since last: 6596816634 ns, Reaching safepoint: 95963 ns, At safepoint: 2730841 ns, Total: 2826804 ns
[2025-03-20T14:17:10.559+0000][7][safepoint   ] Safepoint "Cleanup", Time since last: 2001635228 ns, Reaching safepoint: 113406 ns, At safepoint: 5220 ns, Total: 118626 ns
[2025-03-20T14:17:23.566+0000][7][safepoint   ] Safepoint "Cleanup", Time since last: 13006868456 ns, Reaching safepoint: 180063 ns, At safepoint: 7013 ns, Total: 187076 ns
[2025-03-20T14:17:30.570+0000][7][safepoint   ] Safepoint "Cleanup", Time since last: 7003768457 ns, Reaching safepoint: 114879 ns, At safepoint: 4479 ns, Total: 119358 ns
[2025-03-20T14:17:32.572+0000][7][safepoint   ] Safepoint "Cleanup", Time since last: 2001192454 ns, Reaching safepoint: 86835 ns, At safepoint: 5170 ns, Total: 92005 ns
[2025-03-20T14:17:38.575+0000][7][safepoint   ] Safepoint "Cleanup", Time since last: 6003220359 ns, Reaching safepoint: 151709 ns, At safepoint: 4819 ns, Total: 156528 ns
[2025-03-20T14:17:41.582+0000][7][safepoint   ] Safepoint "Cleanup", Time since last: 3006520089 ns, Reaching safepoint: 84340 ns, At safepoint: 4008 ns, Total: 88348 ns
[2025-03-20T14:17:53.589+0000][7][safepoint   ] Safepoint "Cleanup", Time since last: 12007124367 ns, Reaching safepoint: 141099 ns, At safepoint: 4238 ns, Total: 145337 ns
[2025-03-20T14:17:55.591+0000][7][safepoint   ] Safepoint "Cleanup", Time since last: 2001604814 ns, Reaching safepoint: 80493 ns, At safepoint: 5320 ns, Total: 85813 ns
[2025-03-20T14:17:56.199+0000][7][gc,start    ] GC(78) Pause Young (Normal) (G1 Evacuation Pause)
[2025-03-20T14:17:56.199+0000][7][gc,task     ] GC(78) Using 8 workers of 8 for evacuation
[2025-03-20T14:17:56.199+0000][7][gc,age      ] GC(78) Desired survivor size 18874368 bytes, new threshold 15 (max threshold 15)
[2025-03-20T14:17:56.202+0000][7][gc,age      ] GC(78) Age table with threshold 15 (max threshold 15)
[2025-03-20T14:17:56.202+0000][7][gc,age      ] GC(78) - age   1:    2167296 bytes,    2167296 total
[2025-03-20T14:17:56.202+0000][7][gc,age      ] GC(78) - age   2:     321760 bytes,    2489056 total
[2025-03-20T14:17:56.202+0000][7][gc,age      ] GC(78) - age   3:      15120 bytes,    2504176 total
[2025-03-20T14:17:56.202+0000][7][gc,age      ] GC(78) - age   4:       1384 bytes,    2505560 total
[2025-03-20T14:17:56.202+0000][7][gc,age      ] GC(78) - age   5:       2072 bytes,    2507632 total
[2025-03-20T14:17:56.202+0000][7][gc,age      ] GC(78) - age   6:     921664 bytes,    3429296 total
[2025-03-20T14:17:56.202+0000][7][gc,age      ] GC(78) - age   7:       6520 bytes,    3435816 total
[2025-03-20T14:17:56.202+0000][7][gc,age      ] GC(78) - age   8:       1200 bytes,    3437016 total
[2025-03-20T14:17:56.202+0000][7][gc,age      ] GC(78) - age   9:       2288 bytes,    3439304 total
[2025-03-20T14:17:56.202+0000][7][gc,age      ] GC(78) - age  10:       1312 bytes,    3440616 total
[2025-03-20T14:17:56.202+0000][7][gc,age      ] GC(78) - age  11:     362208 bytes,    3802824 total
[2025-03-20T14:17:56.202+0000][7][gc,age      ] GC(78) - age  12:       5920 bytes,    3808744 total
[2025-03-20T14:17:56.202+0000][7][gc,age      ] GC(78) - age  13:       1816 bytes,    3810560 total
[2025-03-20T14:17:56.202+0000][7][gc,age      ] GC(78) - age  14:       1768 bytes,    3812328 total
[2025-03-20T14:17:56.202+0000][7][gc,age      ] GC(78) - age  15:      10320 bytes,    3822648 total
[2025-03-20T14:17:56.202+0000][7][gc,phases   ] GC(78)   Pre Evacuate Collection Set: 0.1ms
[2025-03-20T14:17:56.202+0000][7][gc,phases   ] GC(78)   Merge Heap Roots: 0.0ms
[2025-03-20T14:17:56.202+0000][7][gc,phases   ] GC(78)   Evacuate Collection Set: 1.5ms
[2025-03-20T14:17:56.202+0000][7][gc,phases   ] GC(78)   Post Evacuate Collection Set: 1.2ms
[2025-03-20T14:17:56.202+0000][7][gc,phases   ] GC(78)   Other: 0.2ms
[2025-03-20T14:17:56.202+0000][7][gc,heap     ] GC(78) Eden regions: 71->0(71)
[2025-03-20T14:17:56.202+0000][7][gc,heap     ] GC(78) Survivor regions: 1->1(9)
[2025-03-20T14:17:56.202+0000][7][gc,heap     ] GC(78) Old regions: 27->27
[2025-03-20T14:17:56.202+0000][7][gc,heap     ] GC(78) Archive regions: 2->2
[2025-03-20T14:17:56.202+0000][7][gc,heap     ] GC(78) Humongous regions: 5->5
[2025-03-20T14:17:56.202+0000][7][gc,metaspace] GC(78) Metaspace: 119759K(121408K)->119759K(121408K) NonClass: 104269K(105152K)->104269K(105152K) Class: 15489K(16256K)->15489K(16256K)
[2025-03-20T14:17:56.202+0000][7][gc          ] GC(78) Pause Young (Normal) (G1 Evacuation Pause) 415M->132M(512M) 3.101ms
[2025-03-20T14:17:56.202+0000][7][gc,cpu      ] GC(78) User=0.01s Sys=0.01s Real=0.00s
[2025-03-20T14:17:56.203+0000][7][safepoint   ] Safepoint "G1CollectForAllocation", Time since last: 608596021 ns, Reaching safepoint: 80664 ns, At safepoint: 3305288 ns, Total: 3385952 ns
[2025-03-20T14:17:57.203+0000][7][safepoint   ] Safepoint "Cleanup", Time since last: 1000577551 ns, Reaching safepoint: 164584 ns, At safepoint: 6502 ns, Total: 171086 ns
[2025-03-20T14:18:02.207+0000][7][safepoint   ] Safepoint "Cleanup", Time since last: 5003174798 ns, Reaching safepoint: 136881 ns, At safepoint: 4218 ns, Total: 141099 ns
[2025-03-20T14:18:06.211+0000][7][safepoint   ] Safepoint "Cleanup", Time since last: 4003471362 ns, Reaching safepoint: 584033 ns, At safepoint: 8196 ns, Total: 592229 ns
[2025-03-20T14:18:08.212+0000][7][safepoint   ] Safepoint "Cleanup", Time since last: 2000980111 ns, Reaching safepoint: 151509 ns, At safepoint: 4649 ns, Total: 156158 ns
[2025-03-20T14:18:18.218+0000][7][safepoint   ] Safepoint "Cleanup", Time since last: 10006125973 ns, Reaching safepoint: 146890 ns, At safepoint: 5320 ns, Total: 152210 ns
[2025-03-20T14:18:20.218+0000][7][safepoint   ] Safepoint "Cleanup", Time since last: 2000261371 ns, Reaching safepoint: 129797 ns, At safepoint: 12273 ns, Total: 142070 ns
[2025-03-20T14:18:21.219+0000][7][safepoint   ] Safepoint "Cleanup", Time since last: 1000668877 ns, Reaching safepoint: 135609 ns, At safepoint: 6292 ns, Total: 141901 ns
[2025-03-20T14:18:22.221+0000][7][safepoint   ] Safepoint "Cleanup", Time since last: 1001216273 ns, Reaching safepoint: 124337 ns, At safepoint: 7203 ns, Total: 131540 ns
[2025-03-20T14:18:27.223+0000][7][safepoint   ] Safepoint "Cleanup", Time since last: 5002029240 ns, Reaching safepoint: 194971 ns, At safepoint: 7955 ns, Total: 202926 ns
[2025-03-20T14:18:29.224+0000][7][safepoint   ] Safepoint "Cleanup", Time since last: 2000883569 ns, Reaching safepoint: 172919 ns, At safepoint: 27713 ns, Total: 200632 ns
[2025-03-20T14:18:30.225+0000][7][safepoint   ] Safepoint "Cleanup", Time since last: 1000761817 ns, Reaching safepoint: 191835 ns, At safepoint: 7003 ns, Total: 198838 ns
[2025-03-20T14:18:32.226+0000][7][safepoint   ] Safepoint "Cleanup", Time since last: 2001191016 ns, Reaching safepoint: 84431 ns, At safepoint: 4238 ns, Total: 88669 ns
[2025-03-20T14:18:37.649+0000][7][gc,start    ] GC(79) Pause Young (Normal) (G1 Evacuation Pause)
[2025-03-20T14:18:37.649+0000][7][gc,task     ] GC(79) Using 8 workers of 8 for evacuation
[2025-03-20T14:18:37.649+0000][7][gc,age      ] GC(79) Desired survivor size 18874368 bytes, new threshold 15 (max threshold 15)
[2025-03-20T14:18:37.651+0000][7][gc,age      ] GC(79) Age table with threshold 15 (max threshold 15)
[2025-03-20T14:18:37.651+0000][7][gc,age      ] GC(79) - age   1:     857344 bytes,     857344 total
[2025-03-20T14:18:37.651+0000][7][gc,age      ] GC(79) - age   2:      16432 bytes,     873776 total
[2025-03-20T14:18:37.651+0000][7][gc,age      ] GC(79) - age   3:       2416 bytes,     876192 total
[2025-03-20T14:18:37.651+0000][7][gc,age      ] GC(79) - age   4:      14240 bytes,     890432 total
[2025-03-20T14:18:37.651+0000][7][gc,age      ] GC(79) - age   5:       1064 bytes,     891496 total
[2025-03-20T14:18:37.651+0000][7][gc,age      ] GC(79) - age   6:       2008 bytes,     893504 total
[2025-03-20T14:18:37.651+0000][7][gc,age      ] GC(79) - age   7:     921664 bytes,    1815168 total
[2025-03-20T14:18:37.651+0000][7][gc,age      ] GC(79) - age   8:       6520 bytes,    1821688 total
[2025-03-20T14:18:37.651+0000][7][gc,age      ] GC(79) - age   9:       1200 bytes,    1822888 total
[2025-03-20T14:18:37.651+0000][7][gc,age      ] GC(79) - age  10:       2288 bytes,    1825176 total
[2025-03-20T14:18:37.651+0000][7][gc,age      ] GC(79) - age  11:       1312 bytes,    1826488 total
[2025-03-20T14:18:37.651+0000][7][gc,age      ] GC(79) - age  12:     362208 bytes,    2188696 total
[2025-03-20T14:18:37.651+0000][7][gc,age      ] GC(79) - age  13:       5920 bytes,    2194616 total
[2025-03-20T14:18:37.651+0000][7][gc,age      ] GC(79) - age  14:       1816 bytes,    2196432 total
[2025-03-20T14:18:37.651+0000][7][gc,age      ] GC(79) - age  15:       1768 bytes,    2198200 total
[2025-03-20T14:18:37.651+0000][7][gc,phases   ] GC(79)   Pre Evacuate Collection Set: 0.1ms
[2025-03-20T14:18:37.651+0000][7][gc,phases   ] GC(79)   Merge Heap Roots: 0.0ms
[2025-03-20T14:18:37.651+0000][7][gc,phases   ] GC(79)   Evacuate Collection Set: 1.4ms
[2025-03-20T14:18:37.651+0000][7][gc,phases   ] GC(79)   Post Evacuate Collection Set: 0.7ms
[2025-03-20T14:18:37.651+0000][7][gc,phases   ] GC(79)   Other: 0.2ms
[2025-03-20T14:18:37.651+0000][7][gc,heap     ] GC(79) Eden regions: 71->0(71)
[2025-03-20T14:18:37.651+0000][7][gc,heap     ] GC(79) Survivor regions: 1->1(9)
[2025-03-20T14:18:37.651+0000][7][gc,heap     ] GC(79) Old regions: 27->27
[2025-03-20T14:18:37.651+0000][7][gc,heap     ] GC(79) Archive regions: 2->2
[2025-03-20T14:18:37.651+0000][7][gc,heap     ] GC(79) Humongous regions: 5->5
[2025-03-20T14:18:37.651+0000][7][gc,metaspace] GC(79) Metaspace: 119786K(121472K)->119786K(121472K) NonClass: 104297K(105216K)->104297K(105216K) Class: 15489K(16256K)->15489K(16256K)
[2025-03-20T14:18:37.651+0000][7][gc          ] GC(79) Pause Young (Normal) (G1 Evacuation Pause) 416M->131M(512M) 2.488ms
[2025-03-20T14:18:37.651+0000][7][gc,cpu      ] GC(79) User=0.01s Sys=0.01s Real=0.00s
[2025-03-20T14:18:37.651+0000][7][safepoint   ] Safepoint "G1CollectForAllocation", Time since last: 5422512458 ns, Reaching safepoint: 83308 ns, At safepoint: 2560329 ns, Total: 2643637 ns
[2025-03-20T14:18:44.656+0000][7][safepoint   ] Safepoint "Cleanup", Time since last: 7004851836 ns, Reaching safepoint: 160496 ns, At safepoint: 5080 ns, Total: 165576 ns
[2025-03-20T14:18:51.660+0000][7][safepoint   ] Safepoint "Cleanup", Time since last: 7003961444 ns, Reaching safepoint: 131731 ns, At safepoint: 4628 ns, Total: 136359 ns
[2025-03-20T14:18:56.663+0000][7][safepoint   ] Safepoint "Cleanup", Time since last: 5002698034 ns, Reaching safepoint: 119287 ns, At safepoint: 4489 ns, Total: 123776 ns
[2025-03-20T14:19:02.666+0000][7][safepoint   ] Safepoint "Cleanup", Time since last: 6003098043 ns, Reaching safepoint: 108084 ns, At safepoint: 7665 ns, Total: 115749 ns
[2025-03-20T14:19:05.668+0000][7][safepoint   ] Safepoint "Cleanup", Time since last: 3001457434 ns, Reaching safepoint: 111612 ns, At safepoint: 7725 ns, Total: 119337 ns
[2025-03-20T14:19:10.671+0000][7][safepoint   ] Safepoint "Cleanup", Time since last: 5003176973 ns, Reaching safepoint: 133053 ns, At safepoint: 9157 ns, Total: 142210 ns
[2025-03-20T14:19:15.675+0000][7][safepoint   ] Safepoint "Cleanup", Time since last: 5003402304 ns, Reaching safepoint: 190904 ns, At safepoint: 8616 ns, Total: 199520 ns
[2025-03-20T14:19:17.285+0000][7][gc,start    ] GC(80) Pause Young (Normal) (G1 Evacuation Pause)
[2025-03-20T14:19:17.285+0000][7][gc,task     ] GC(80) Using 8 workers of 8 for evacuation
[2025-03-20T14:19:17.285+0000][7][gc,age      ] GC(80) Desired survivor size 18874368 bytes, new threshold 15 (max threshold 15)
[2025-03-20T14:19:17.288+0000][7][gc,age      ] GC(80) Age table with threshold 15 (max threshold 15)
[2025-03-20T14:19:17.288+0000][7][gc,age      ] GC(80) - age   1:    1980016 bytes,    1980016 total
[2025-03-20T14:19:17.288+0000][7][gc,age      ] GC(80) - age   2:       6552 bytes,    1986568 total
[2025-03-20T14:19:17.288+0000][7][gc,age      ] GC(80) - age   3:      12432 bytes,    1999000 total
[2025-03-20T14:19:17.288+0000][7][gc,age      ] GC(80) - age   4:       1872 bytes,    2000872 total
[2025-03-20T14:19:17.288+0000][7][gc,age      ] GC(80) - age   5:      13600 bytes,    2014472 total
[2025-03-20T14:19:17.288+0000][7][gc,age      ] GC(80) - age   6:       1000 bytes,    2015472 total
[2025-03-20T14:19:17.288+0000][7][gc,age      ] GC(80) - age   7:       1880 bytes,    2017352 total
[2025-03-20T14:19:17.288+0000][7][gc,age      ] GC(80) - age   8:     894744 bytes,    2912096 total
[2025-03-20T14:19:17.288+0000][7][gc,age      ] GC(80) - age   9:       2840 bytes,    2914936 total
[2025-03-20T14:19:17.288+0000][7][gc,age      ] GC(80) - age  10:       1200 bytes,    2916136 total
[2025-03-20T14:19:17.288+0000][7][gc,age      ] GC(80) - age  11:       2288 bytes,    2918424 total
[2025-03-20T14:19:17.288+0000][7][gc,age      ] GC(80) - age  12:       1312 bytes,    2919736 total
[2025-03-20T14:19:17.288+0000][7][gc,age      ] GC(80) - age  13:     362208 bytes,    3281944 total
[2025-03-20T14:19:17.288+0000][7][gc,age      ] GC(80) - age  14:       5920 bytes,    3287864 total
[2025-03-20T14:19:17.288+0000][7][gc,age      ] GC(80) - age  15:       1816 bytes,    3289680 total
[2025-03-20T14:19:17.288+0000][7][gc,phases   ] GC(80)   Pre Evacuate Collection Set: 0.1ms
[2025-03-20T14:19:17.288+0000][7][gc,phases   ] GC(80)   Merge Heap Roots: 0.0ms
[2025-03-20T14:19:17.288+0000][7][gc,phases   ] GC(80)   Evacuate Collection Set: 2.0ms
[2025-03-20T14:19:17.288+0000][7][gc,phases   ] GC(80)   Post Evacuate Collection Set: 0.9ms
[2025-03-20T14:19:17.288+0000][7][gc,phases   ] GC(80)   Other: 0.3ms
[2025-03-20T14:19:17.288+0000][7][gc,heap     ] GC(80) Eden regions: 71->0(71)
[2025-03-20T14:19:17.288+0000][7][gc,heap     ] GC(80) Survivor regions: 1->1(9)
[2025-03-20T14:19:17.288+0000][7][gc,heap     ] GC(80) Old regions: 27->27
[2025-03-20T14:19:17.288+0000][7][gc,heap     ] GC(80) Archive regions: 2->2
[2025-03-20T14:19:17.288+0000][7][gc,heap     ] GC(80) Humongous regions: 5->5
[2025-03-20T14:19:17.288+0000][7][gc,metaspace] GC(80) Metaspace: 119811K(121472K)->119811K(121472K) NonClass: 104321K(105216K)->104321K(105216K) Class: 15489K(16256K)->15489K(16256K)
[2025-03-20T14:19:17.288+0000][7][gc          ] GC(80) Pause Young (Normal) (G1 Evacuation Pause) 415M->132M(512M) 3.351ms
[2025-03-20T14:19:17.288+0000][7][gc,cpu      ] GC(80) User=0.01s Sys=0.00s Real=0.01s
[2025-03-20T14:19:17.288+0000][7][safepoint   ] Safepoint "G1CollectForAllocation", Time since last: 1609819016 ns, Reaching safepoint: 78971 ns, At safepoint: 3430523 ns, Total: 3509494 ns
[2025-03-20T14:19:18.308+0000][7][safepoint   ] Safepoint "Cleanup", Time since last: 1019321678 ns, Reaching safepoint: 150577 ns, At safepoint: 5130 ns, Total: 155707 ns
[2025-03-20T14:19:20.309+0000][7][safepoint   ] Safepoint "Cleanup", Time since last: 2001203388 ns, Reaching safepoint: 80744 ns, At safepoint: 4298 ns, Total: 85042 ns
[2025-03-20T14:19:21.310+0000][7][safepoint   ] Safepoint "Cleanup", Time since last: 1000930624 ns, Reaching safepoint: 190892 ns, At safepoint: 41431 ns, Total: 232323 ns
[2025-03-20T14:19:29.316+0000][7][safepoint   ] Safepoint "Cleanup", Time since last: 8005350518 ns, Reaching safepoint: 191658 ns, At safepoint: 7294 ns, Total: 198952 ns
[2025-03-20T14:19:32.319+0000][7][safepoint   ] Safepoint "Cleanup", Time since last: 3002627117 ns, Reaching safepoint: 100432 ns, At safepoint: 5029 ns, Total: 105461 ns
[2025-03-20T14:19:50.329+0000][7][safepoint   ] Safepoint "Cleanup", Time since last: 18010301507 ns, Reaching safepoint: 102144 ns, At safepoint: 4088 ns, Total: 106232 ns
[2025-03-20T14:19:51.330+0000][7][safepoint   ] Safepoint "Cleanup", Time since last: 1000371988 ns, Reaching safepoint: 299781 ns, At safepoint: 11362 ns, Total: 311143 ns
[2025-03-20T14:19:52.330+0000][7][safepoint   ] Safepoint "Cleanup", Time since last: 1000640604 ns, Reaching safepoint: 118495 ns, At safepoint: 7184 ns, Total: 125679 ns
[2025-03-20T14:19:53.331+0000][7][safepoint   ] Safepoint "Cleanup", Time since last: 1000160377 ns, Reaching safepoint: 161798 ns, At safepoint: 7434 ns, Total: 169232 ns
[2025-03-20T14:19:56.224+0000][7][gc,start    ] GC(81) Pause Young (Normal) (G1 Evacuation Pause)
[2025-03-20T14:19:56.224+0000][7][gc,task     ] GC(81) Using 8 workers of 8 for evacuation
[2025-03-20T14:19:56.224+0000][7][gc,age      ] GC(81) Desired survivor size 18874368 bytes, new threshold 15 (max threshold 15)
[2025-03-20T14:19:56.226+0000][7][gc,age      ] GC(81) Age table with threshold 15 (max threshold 15)
[2025-03-20T14:19:56.226+0000][7][gc,age      ] GC(81) - age   1:    2108616 bytes,    2108616 total
[2025-03-20T14:19:56.226+0000][7][gc,age      ] GC(81) - age   2:      35952 bytes,    2144568 total
[2025-03-20T14:19:56.226+0000][7][gc,age      ] GC(81) - age   3:       5304 bytes,    2149872 total
[2025-03-20T14:19:56.226+0000][7][gc,age      ] GC(81) - age   4:      11584 bytes,    2161456 total
[2025-03-20T14:19:56.226+0000][7][gc,age      ] GC(81) - age   5:       1136 bytes,    2162592 total
[2025-03-20T14:19:56.226+0000][7][gc,age      ] GC(81) - age   6:      13400 bytes,    2175992 total
[2025-03-20T14:19:56.226+0000][7][gc,age      ] GC(81) - age   7:       1000 bytes,    2176992 total
[2025-03-20T14:19:56.226+0000][7][gc,age      ] GC(81) - age   8:       1816 bytes,    2178808 total
[2025-03-20T14:19:56.226+0000][7][gc,age      ] GC(81) - age   9:     785936 bytes,    2964744 total
[2025-03-20T14:19:56.226+0000][7][gc,age      ] GC(81) - age  10:       2840 bytes,    2967584 total
[2025-03-20T14:19:56.226+0000][7][gc,age      ] GC(81) - age  11:       1200 bytes,    2968784 total
[2025-03-20T14:19:56.226+0000][7][gc,age      ] GC(81) - age  12:       2128 bytes,    2970912 total
[2025-03-20T14:19:56.226+0000][7][gc,age      ] GC(81) - age  13:       1312 bytes,    2972224 total
[2025-03-20T14:19:56.226+0000][7][gc,age      ] GC(81) - age  14:     360240 bytes,    3332464 total
[2025-03-20T14:19:56.226+0000][7][gc,age      ] GC(81) - age  15:       5920 bytes,    3338384 total
[2025-03-20T14:19:56.226+0000][7][gc,phases   ] GC(81)   Pre Evacuate Collection Set: 0.1ms
[2025-03-20T14:19:56.226+0000][7][gc,phases   ] GC(81)   Merge Heap Roots: 0.1ms
[2025-03-20T14:19:56.226+0000][7][gc,phases   ] GC(81)   Evacuate Collection Set: 1.2ms
[2025-03-20T14:19:56.226+0000][7][gc,phases   ] GC(81)   Post Evacuate Collection Set: 0.7ms
[2025-03-20T14:19:56.226+0000][7][gc,phases   ] GC(81)   Other: 0.2ms
[2025-03-20T14:19:56.226+0000][7][gc,heap     ] GC(81) Eden regions: 71->0(71)
[2025-03-20T14:19:56.226+0000][7][gc,heap     ] GC(81) Survivor regions: 1->1(9)
[2025-03-20T14:19:56.226+0000][7][gc,heap     ] GC(81) Old regions: 27->27
[2025-03-20T14:19:56.226+0000][7][gc,heap     ] GC(81) Archive regions: 2->2
[2025-03-20T14:19:56.226+0000][7][gc,heap     ] GC(81) Humongous regions: 5->5
[2025-03-20T14:19:56.226+0000][7][gc,metaspace] GC(81) Metaspace: 119827K(121472K)->119827K(121472K) NonClass: 104334K(105216K)->104334K(105216K) Class: 15492K(16256K)->15492K(16256K)
[2025-03-20T14:19:56.226+0000][7][gc          ] GC(81) Pause Young (Normal) (G1 Evacuation Pause) 416M->132M(512M) 2.252ms
[2025-03-20T14:19:56.226+0000][7][gc,cpu      ] GC(81) User=0.01s Sys=0.00s Real=0.00s
[2025-03-20T14:19:56.226+0000][7][safepoint   ] Safepoint "G1CollectForAllocation", Time since last: 2893013718 ns, Reaching safepoint: 71626 ns, At safepoint: 2345918 ns, Total: 2417544 ns
[2025-03-20T14:20:02.230+0000][7][safepoint   ] Safepoint "Cleanup", Time since last: 6003374693 ns, Reaching safepoint: 164193 ns, At safepoint: 19266 ns, Total: 183459 ns
[2025-03-20T14:20:05.232+0000][7][safepoint   ] Safepoint "Cleanup", Time since last: 3001905788 ns, Reaching safepoint: 215761 ns, At safepoint: 5360 ns, Total: 221121 ns
[2025-03-20T14:20:08.234+0000][7][safepoint   ] Safepoint "Cleanup", Time since last: 3001804780 ns, Reaching safepoint: 468402 ns, At safepoint: 17604 ns, Total: 486006 ns
[2025-03-20T14:20:09.235+0000][7][safepoint   ] Safepoint "Cleanup", Time since last: 1000347663 ns, Reaching safepoint: 140417 ns, At safepoint: 6362 ns, Total: 146779 ns
[2025-03-20T14:20:20.243+0000][7][safepoint   ] Safepoint "Cleanup", Time since last: 11008569929 ns, Reaching safepoint: 239917 ns, At safepoint: 8015 ns, Total: 247932 ns
[2025-03-20T14:20:26.248+0000][7][safepoint   ] Safepoint "Cleanup", Time since last: 6004744398 ns, Reaching safepoint: 87917 ns, At safepoint: 3797 ns, Total: 91714 ns
[2025-03-20T14:20:29.252+0000][7][safepoint   ] Safepoint "Cleanup", Time since last: 3002529255 ns, Reaching safepoint: 865360 ns, At safepoint: 19968 ns, Total: 885328 ns
[2025-03-20T14:20:30.252+0000][7][safepoint   ] Safepoint "Cleanup", Time since last: 1000542816 ns, Reaching safepoint: 158132 ns, At safepoint: 6362 ns, Total: 164494 ns
[2025-03-20T14:20:36.255+0000][7][safepoint   ] Safepoint "Cleanup", Time since last: 6002826744 ns, Reaching safepoint: 165485 ns, At safepoint: 6963 ns, Total: 172448 ns
[2025-03-20T14:20:38.257+0000][7][safepoint   ] Safepoint "Cleanup", Time since last: 2001549280 ns, Reaching safepoint: 91163 ns, At safepoint: 7054 ns, Total: 98217 ns
[2025-03-20T14:20:38.781+0000][7][gc,start    ] GC(82) Pause Young (Normal) (G1 Evacuation Pause)
[2025-03-20T14:20:38.781+0000][7][gc,task     ] GC(82) Using 8 workers of 8 for evacuation
[2025-03-20T14:20:38.781+0000][7][gc,age      ] GC(82) Desired survivor size 18874368 bytes, new threshold 15 (max threshold 15)
[2025-03-20T14:20:38.784+0000][7][gc,age      ] GC(82) Age table with threshold 15 (max threshold 15)
[2025-03-20T14:20:38.784+0000][7][gc,age      ] GC(82) - age   1:    2912944 bytes,    2912944 total
[2025-03-20T14:20:38.784+0000][7][gc,age      ] GC(82) - age   2:      22728 bytes,    2935672 total
[2025-03-20T14:20:38.784+0000][7][gc,age      ] GC(82) - age   3:      33112 bytes,    2968784 total
[2025-03-20T14:20:38.784+0000][7][gc,age      ] GC(82) - age   4:       4448 bytes,    2973232 total
[2025-03-20T14:20:38.784+0000][7][gc,age      ] GC(82) - age   5:      11120 bytes,    2984352 total
[2025-03-20T14:20:38.784+0000][7][gc,age      ] GC(82) - age   6:       1136 bytes,    2985488 total
[2025-03-20T14:20:38.784+0000][7][gc,age      ] GC(82) - age   7:      13400 bytes,    2998888 total
[2025-03-20T14:20:38.784+0000][7][gc,age      ] GC(82) - age   8:       1000 bytes,    2999888 total
[2025-03-20T14:20:38.784+0000][7][gc,age      ] GC(82) - age   9:       1656 bytes,    3001544 total
[2025-03-20T14:20:38.784+0000][7][gc,age      ] GC(82) - age  10:     704080 bytes,    3705624 total
[2025-03-20T14:20:38.784+0000][7][gc,age      ] GC(82) - age  11:       2840 bytes,    3708464 total
[2025-03-20T14:20:38.784+0000][7][gc,age      ] GC(82) - age  12:       1200 bytes,    3709664 total
[2025-03-20T14:20:38.784+0000][7][gc,age      ] GC(82) - age  13:       2128 bytes,    3711792 total
[2025-03-20T14:20:38.784+0000][7][gc,age      ] GC(82) - age  14:       1312 bytes,    3713104 total
[2025-03-20T14:20:38.784+0000][7][gc,age      ] GC(82) - age  15:     345480 bytes,    4058584 total
[2025-03-20T14:20:38.784+0000][7][gc,phases   ] GC(82)   Pre Evacuate Collection Set: 0.1ms
[2025-03-20T14:20:38.784+0000][7][gc,phases   ] GC(82)   Merge Heap Roots: 0.1ms
[2025-03-20T14:20:38.784+0000][7][gc,phases   ] GC(82)   Evacuate Collection Set: 2.0ms
[2025-03-20T14:20:38.784+0000][7][gc,phases   ] GC(82)   Post Evacuate Collection Set: 0.7ms
[2025-03-20T14:20:38.784+0000][7][gc,phases   ] GC(82)   Other: 0.3ms
[2025-03-20T14:20:38.784+0000][7][gc,heap     ] GC(82) Eden regions: 71->0(70)
[2025-03-20T14:20:38.784+0000][7][gc,heap     ] GC(82) Survivor regions: 1->1(9)
[2025-03-20T14:20:38.784+0000][7][gc,heap     ] GC(82) Old regions: 27->27
[2025-03-20T14:20:38.784+0000][7][gc,heap     ] GC(82) Archive regions: 2->2
[2025-03-20T14:20:38.784+0000][7][gc,heap     ] GC(82) Humongous regions: 5->5
[2025-03-20T14:20:38.784+0000][7][gc,metaspace] GC(82) Metaspace: 119862K(121536K)->119862K(121536K) NonClass: 104369K(105280K)->104369K(105280K) Class: 15492K(16256K)->15492K(16256K)
[2025-03-20T14:20:38.784+0000][7][gc          ] GC(82) Pause Young (Normal) (G1 Evacuation Pause) 416M->133M(512M) 3.380ms
[2025-03-20T14:20:38.784+0000][7][gc,cpu      ] GC(82) User=0.01s Sys=0.00s Real=0.00s
[2025-03-20T14:20:38.784+0000][7][safepoint   ] Safepoint "G1CollectForAllocation", Time since last: 523770616 ns, Reaching safepoint: 144125 ns, At safepoint: 3469315 ns, Total: 3613440 ns
[2025-03-20T14:20:39.275+0000][7][safepoint   ] Safepoint "ICBufferFull", Time since last: 489981899 ns, Reaching safepoint: 288938 ns, At safepoint: 7284 ns, Total: 296222 ns
[2025-03-20T14:20:39.838+0000][7][gc,start    ] GC(83) Pause Young (Normal) (G1 Evacuation Pause)
[2025-03-20T14:20:39.838+0000][7][gc,task     ] GC(83) Using 8 workers of 8 for evacuation
[2025-03-20T14:20:39.838+0000][7][gc,age      ] GC(83) Desired survivor size 18874368 bytes, new threshold 15 (max threshold 15)
[2025-03-20T14:20:39.843+0000][7][gc,age      ] GC(83) Age table with threshold 15 (max threshold 15)
[2025-03-20T14:20:39.843+0000][7][gc,age      ] GC(83) - age   1:    9497232 bytes,    9497232 total
[2025-03-20T14:20:39.843+0000][7][gc,age      ] GC(83) - age   2:    1343808 bytes,   10841040 total
[2025-03-20T14:20:39.843+0000][7][gc,age      ] GC(83) - age   3:      14160 bytes,   10855200 total
[2025-03-20T14:20:39.843+0000][7][gc,age      ] GC(83) - age   4:      33080 bytes,   10888280 total
[2025-03-20T14:20:39.843+0000][7][gc,age      ] GC(83) - age   5:       4448 bytes,   10892728 total
[2025-03-20T14:20:39.843+0000][7][gc,age      ] GC(83) - age   6:      10888 bytes,   10903616 total
[2025-03-20T14:20:39.843+0000][7][gc,age      ] GC(83) - age   7:       1136 bytes,   10904752 total
[2025-03-20T14:20:39.843+0000][7][gc,age      ] GC(83) - age   8:      13400 bytes,   10918152 total
[2025-03-20T14:20:39.843+0000][7][gc,age      ] GC(83) - age   9:       1000 bytes,   10919152 total
[2025-03-20T14:20:39.843+0000][7][gc,age      ] GC(83) - age  10:       1640 bytes,   10920792 total
[2025-03-20T14:20:39.843+0000][7][gc,age      ] GC(83) - age  11:     666792 bytes,   11587584 total
[2025-03-20T14:20:39.843+0000][7][gc,age      ] GC(83) - age  12:       2840 bytes,   11590424 total
[2025-03-20T14:20:39.843+0000][7][gc,age      ] GC(83) - age  13:       1200 bytes,   11591624 total
[2025-03-20T14:20:39.843+0000][7][gc,age      ] GC(83) - age  14:       2128 bytes,   11593752 total
[2025-03-20T14:20:39.843+0000][7][gc,age      ] GC(83) - age  15:       1312 bytes,   11595064 total
[2025-03-20T14:20:39.843+0000][7][gc,phases   ] GC(83)   Pre Evacuate Collection Set: 0.1ms
[2025-03-20T14:20:39.843+0000][7][gc,phases   ] GC(83)   Merge Heap Roots: 0.0ms
[2025-03-20T14:20:39.843+0000][7][gc,phases   ] GC(83)   Evacuate Collection Set: 3.7ms
[2025-03-20T14:20:39.843+0000][7][gc,phases   ] GC(83)   Post Evacuate Collection Set: 1.2ms
[2025-03-20T14:20:39.843+0000][7][gc,phases   ] GC(83)   Other: 0.3ms
[2025-03-20T14:20:39.843+0000][7][gc,heap     ] GC(83) Eden regions: 70->0(67)
[2025-03-20T14:20:39.843+0000][7][gc,heap     ] GC(83) Survivor regions: 1->3(9)
[2025-03-20T14:20:39.843+0000][7][gc,heap     ] GC(83) Old regions: 27->27
[2025-03-20T14:20:39.843+0000][7][gc,heap     ] GC(83) Archive regions: 2->2
[2025-03-20T14:20:39.843+0000][7][gc,heap     ] GC(83) Humongous regions: 5->5
[2025-03-20T14:20:39.843+0000][7][gc,metaspace] GC(83) Metaspace: 120227K(121856K)->120227K(121856K) NonClass: 104733K(105600K)->104733K(105600K) Class: 15493K(16256K)->15493K(16256K)
[2025-03-20T14:20:39.843+0000][7][gc          ] GC(83) Pause Young (Normal) (G1 Evacuation Pause) 413M->140M(512M) 5.292ms
[2025-03-20T14:20:39.844+0000][7][gc,cpu      ] GC(83) User=0.02s Sys=0.00s Real=0.01s
[2025-03-20T14:20:39.844+0000][7][safepoint   ] Safepoint "G1CollectForAllocation", Time since last: 563306895 ns, Reaching safepoint: 141219 ns, At safepoint: 5395779 ns, Total: 5536998 ns
[2025-03-20T14:20:41.845+0000][7][safepoint   ] Safepoint "Cleanup", Time since last: 2001111458 ns, Reaching safepoint: 134877 ns, At safepoint: 4669 ns, Total: 139546 ns
[2025-03-20T14:20:45.847+0000][7][safepoint   ] Safepoint "Cleanup", Time since last: 4002173330 ns, Reaching safepoint: 112284 ns, At safepoint: 4479 ns, Total: 116763 ns
[2025-03-20T14:20:54.852+0000][7][safepoint   ] Safepoint "Cleanup", Time since last: 9004340640 ns, Reaching safepoint: 161347 ns, At safepoint: 7024 ns, Total: 168371 ns
[2025-03-20T14:21:01.855+0000][7][safepoint   ] Safepoint "Cleanup", Time since last: 7003073811 ns, Reaching safepoint: 139757 ns, At safepoint: 6482 ns, Total: 146239 ns
[2025-03-20T14:21:05.861+0000][7][safepoint   ] Safepoint "Cleanup", Time since last: 4004554267 ns, Reaching safepoint: 1197849 ns, At safepoint: 24187 ns, Total: 1222036 ns
[2025-03-20T14:21:12.737+0000][7][gc,start    ] GC(84) Pause Young (Normal) (G1 Evacuation Pause)
[2025-03-20T14:21:12.737+0000][7][gc,task     ] GC(84) Using 8 workers of 8 for evacuation
[2025-03-20T14:21:12.737+0000][7][gc,age      ] GC(84) Desired survivor size 18874368 bytes, new threshold 15 (max threshold 15)
[2025-03-20T14:21:12.742+0000][7][gc,age      ] GC(84) Age table with threshold 15 (max threshold 15)
[2025-03-20T14:21:12.742+0000][7][gc,age      ] GC(84) - age   1:    1258408 bytes,    1258408 total
[2025-03-20T14:21:12.742+0000][7][gc,age      ] GC(84) - age   2:    3128376 bytes,    4386784 total
[2025-03-20T14:21:12.742+0000][7][gc,age      ] GC(84) - age   3:     501472 bytes,    4888256 total
[2025-03-20T14:21:12.742+0000][7][gc,age      ] GC(84) - age   4:      11256 bytes,    4899512 total
[2025-03-20T14:21:12.742+0000][7][gc,age      ] GC(84) - age   5:      32704 bytes,    4932216 total
[2025-03-20T14:21:12.742+0000][7][gc,age      ] GC(84) - age   6:       4384 bytes,    4936600 total
[2025-03-20T14:21:12.742+0000][7][gc,age      ] GC(84) - age   7:      10888 bytes,    4947488 total
[2025-03-20T14:21:12.742+0000][7][gc,age      ] GC(84) - age   8:        944 bytes,    4948432 total
[2025-03-20T14:21:12.742+0000][7][gc,age      ] GC(84) - age   9:      13024 bytes,    4961456 total
[2025-03-20T14:21:12.742+0000][7][gc,age      ] GC(84) - age  10:       1000 bytes,    4962456 total
[2025-03-20T14:21:12.742+0000][7][gc,age      ] GC(84) - age  11:       1344 bytes,    4963800 total
[2025-03-20T14:21:12.742+0000][7][gc,age      ] GC(84) - age  12:     666792 bytes,    5630592 total
[2025-03-20T14:21:12.742+0000][7][gc,age      ] GC(84) - age  13:       2664 bytes,    5633256 total
[2025-03-20T14:21:12.742+0000][7][gc,age      ] GC(84) - age  14:       1200 bytes,    5634456 total
[2025-03-20T14:21:12.742+0000][7][gc,age      ] GC(84) - age  15:       2128 bytes,    5636584 total
[2025-03-20T14:21:12.742+0000][7][gc,phases   ] GC(84)   Pre Evacuate Collection Set: 0.1ms
[2025-03-20T14:21:12.742+0000][7][gc,phases   ] GC(84)   Merge Heap Roots: 0.1ms
[2025-03-20T14:21:12.742+0000][7][gc,phases   ] GC(84)   Evacuate Collection Set: 3.3ms
[2025-03-20T14:21:12.742+0000][7][gc,phases   ] GC(84)   Post Evacuate Collection Set: 1.5ms
[2025-03-20T14:21:12.742+0000][7][gc,phases   ] GC(84)   Other: 0.3ms
[2025-03-20T14:21:12.742+0000][7][gc,heap     ] GC(84) Eden regions: 67->0(68)
[2025-03-20T14:21:12.742+0000][7][gc,heap     ] GC(84) Survivor regions: 3->2(9)
[2025-03-20T14:21:12.742+0000][7][gc,heap     ] GC(84) Old regions: 27->27
[2025-03-20T14:21:12.742+0000][7][gc,heap     ] GC(84) Archive regions: 2->2
[2025-03-20T14:21:12.742+0000][7][gc,heap     ] GC(84) Humongous regions: 5->5
[2025-03-20T14:21:12.742+0000][7][gc,metaspace] GC(84) Metaspace: 120245K(121920K)->120245K(121920K) NonClass: 104751K(105664K)->104751K(105664K) Class: 15494K(16256K)->15494K(16256K)
[2025-03-20T14:21:12.742+0000][7][gc          ] GC(84) Pause Young (Normal) (G1 Evacuation Pause) 408M->135M(512M) 5.298ms
[2025-03-20T14:21:12.742+0000][7][gc,cpu      ] GC(84) User=0.02s Sys=0.00s Real=0.01s
[2025-03-20T14:21:12.742+0000][7][safepoint   ] Safepoint "G1CollectForAllocation", Time since last: 6876088031 ns, Reaching safepoint: 155049 ns, At safepoint: 5398528 ns, Total: 5553577 ns
[2025-03-20T14:21:18.747+0000][7][safepoint   ] Safepoint "Cleanup", Time since last: 6003602750 ns, Reaching safepoint: 1291417 ns, At safepoint: 25849 ns, Total: 1317266 ns
[2025-03-20T14:21:20.023+0000][7][safepoint   ] Safepoint "Cleanup", Time since last: 1274349729 ns, Reaching safepoint: 1003809 ns, At safepoint: 12765 ns, Total: 1016574 ns
[2025-03-20T14:21:21.023+0000][7][safepoint   ] Safepoint "Cleanup", Time since last: 1000417688 ns, Reaching safepoint: 171537 ns, At safepoint: 4609 ns, Total: 176146 ns
[2025-03-20T14:21:22.024+0000][7][safepoint   ] Safepoint "Cleanup", Time since last: 1000735724 ns, Reaching safepoint: 129126 ns, At safepoint: 4298 ns, Total: 133424 ns
[2025-03-20T14:21:24.026+0000][7][safepoint   ] Safepoint "Cleanup", Time since last: 2001523627 ns, Reaching safepoint: 283300 ns, At safepoint: 8776 ns, Total: 292076 ns
[2025-03-20T14:21:25.026+0000][7][safepoint   ] Safepoint "Cleanup", Time since last: 1000566693 ns, Reaching safepoint: 111502 ns, At safepoint: 4539 ns, Total: 116041 ns
[2025-03-20T14:21:27.027+0000][7][safepoint   ] Safepoint "Cleanup", Time since last: 2000592898 ns, Reaching safepoint: 125208 ns, At safepoint: 5130 ns, Total: 130338 ns
[2025-03-20T14:21:28.028+0000][7][safepoint   ] Safepoint "Cleanup", Time since last: 1000874232 ns, Reaching safepoint: 89259 ns, At safepoint: 3748 ns, Total: 93007 ns
[2025-03-20T14:21:41.268+0000][7][gc,start    ] GC(85) Pause Young (Normal) (G1 Evacuation Pause)
[2025-03-20T14:21:41.268+0000][7][gc,task     ] GC(85) Using 8 workers of 8 for evacuation
[2025-03-20T14:21:41.268+0000][7][gc,age      ] GC(85) Desired survivor size 18874368 bytes, new threshold 15 (max threshold 15)
[2025-03-20T14:21:41.272+0000][7][gc,age      ] GC(85) Age table with threshold 15 (max threshold 15)
[2025-03-20T14:21:41.272+0000][7][gc,age      ] GC(85) - age   1:    3945368 bytes,    3945368 total
[2025-03-20T14:21:41.272+0000][7][gc,age      ] GC(85) - age   2:     656472 bytes,    4601840 total
[2025-03-20T14:21:41.272+0000][7][gc,age      ] GC(85) - age   3:    3128248 bytes,    7730088 total
[2025-03-20T14:21:41.272+0000][7][gc,age      ] GC(85) - age   4:     177680 bytes,    7907768 total
[2025-03-20T14:21:41.272+0000][7][gc,age      ] GC(85) - age   5:      10128 bytes,    7917896 total
[2025-03-20T14:21:41.272+0000][7][gc,age      ] GC(85) - age   6:      32576 bytes,    7950472 total
[2025-03-20T14:21:41.272+0000][7][gc,age      ] GC(85) - age   7:       4320 bytes,    7954792 total
[2025-03-20T14:21:41.272+0000][7][gc,age      ] GC(85) - age   8:      10720 bytes,    7965512 total
[2025-03-20T14:21:41.272+0000][7][gc,age      ] GC(85) - age   9:        944 bytes,    7966456 total
[2025-03-20T14:21:41.272+0000][7][gc,age      ] GC(85) - age  10:      13024 bytes,    7979480 total
[2025-03-20T14:21:41.272+0000][7][gc,age      ] GC(85) - age  11:       1000 bytes,    7980480 total
[2025-03-20T14:21:41.272+0000][7][gc,age      ] GC(85) - age  12:       1344 bytes,    7981824 total
[2025-03-20T14:21:41.272+0000][7][gc,age      ] GC(85) - age  13:     666792 bytes,    8648616 total
[2025-03-20T14:21:41.272+0000][7][gc,age      ] GC(85) - age  14:       2664 bytes,    8651280 total
[2025-03-20T14:21:41.272+0000][7][gc,age      ] GC(85) - age  15:       1200 bytes,    8652480 total
[2025-03-20T14:21:41.272+0000][7][gc,phases   ] GC(85)   Pre Evacuate Collection Set: 0.2ms
[2025-03-20T14:21:41.272+0000][7][gc,phases   ] GC(85)   Merge Heap Roots: 0.1ms
[2025-03-20T14:21:41.272+0000][7][gc,phases   ] GC(85)   Evacuate Collection Set: 2.8ms
[2025-03-20T14:21:41.272+0000][7][gc,phases   ] GC(85)   Post Evacuate Collection Set: 0.6ms
[2025-03-20T14:21:41.272+0000][7][gc,phases   ] GC(85)   Other: 0.3ms
[2025-03-20T14:21:41.272+0000][7][gc,heap     ] GC(85) Eden regions: 68->0(67)
[2025-03-20T14:21:41.272+0000][7][gc,heap     ] GC(85) Survivor regions: 2->3(9)
[2025-03-20T14:21:41.272+0000][7][gc,heap     ] GC(85) Old regions: 27->27
[2025-03-20T14:21:41.272+0000][7][gc,heap     ] GC(85) Archive regions: 2->2
[2025-03-20T14:21:41.272+0000][7][gc,heap     ] GC(85) Humongous regions: 5->5
[2025-03-20T14:21:41.272+0000][7][gc,metaspace] GC(85) Metaspace: 120260K(121920K)->120260K(121920K) NonClass: 104762K(105664K)->104762K(105664K) Class: 15498K(16256K)->15498K(16256K)
[2025-03-20T14:21:41.272+0000][7][gc          ] GC(85) Pause Young (Normal) (G1 Evacuation Pause) 407M->138M(512M) 4.020ms
[2025-03-20T14:21:41.272+0000][7][gc,cpu      ] GC(85) User=0.01s Sys=0.00s Real=0.00s
[2025-03-20T14:21:41.272+0000][7][safepoint   ] Safepoint "G1CollectForAllocation", Time since last: 13239485227 ns, Reaching safepoint: 286643 ns, At safepoint: 4124779 ns, Total: 4411422 ns
[2025-03-20T14:21:42.273+0000][7][safepoint   ] Safepoint "Cleanup", Time since last: 1001111638 ns, Reaching safepoint: 194691 ns, At safepoint: 7424 ns, Total: 202115 ns
[2025-03-20T14:21:45.275+0000][7][safepoint   ] Safepoint "Cleanup", Time since last: 3001577581 ns, Reaching safepoint: 113126 ns, At safepoint: 4588 ns, Total: 117714 ns
[2025-03-20T14:21:54.280+0000][7][safepoint   ] Safepoint "Cleanup", Time since last: 9004809668 ns, Reaching safepoint: 129126 ns, At safepoint: 8125 ns, Total: 137251 ns
[2025-03-20T14:21:58.283+0000][7][safepoint   ] Safepoint "Cleanup", Time since last: 4002725176 ns, Reaching safepoint: 238425 ns, At safepoint: 7244 ns, Total: 245669 ns
[2025-03-20T14:22:02.286+0000][7][safepoint   ] Safepoint "Cleanup", Time since last: 4003140100 ns, Reaching safepoint: 187006 ns, At safepoint: 6162 ns, Total: 193168 ns
[2025-03-20T14:22:08.290+0000][7][safepoint   ] Safepoint "Cleanup", Time since last: 6003139104 ns, Reaching safepoint: 98939 ns, At safepoint: 3617 ns, Total: 102556 ns
[2025-03-20T14:22:17.265+0000][7][gc,start    ] GC(86) Pause Young (Normal) (G1 Evacuation Pause)
[2025-03-20T14:22:17.265+0000][7][gc,task     ] GC(86) Using 8 workers of 8 for evacuation
[2025-03-20T14:22:17.265+0000][7][gc,age      ] GC(86) Desired survivor size 18874368 bytes, new threshold 15 (max threshold 15)
[2025-03-20T14:22:17.269+0000][7][gc,age      ] GC(86) Age table with threshold 15 (max threshold 15)
[2025-03-20T14:22:17.269+0000][7][gc,age      ] GC(86) - age   1:    1579392 bytes,    1579392 total
[2025-03-20T14:22:17.269+0000][7][gc,age      ] GC(86) - age   2:     950768 bytes,    2530160 total
[2025-03-20T14:22:17.269+0000][7][gc,age      ] GC(86) - age   3:     440112 bytes,    2970272 total
[2025-03-20T14:22:17.269+0000][7][gc,age      ] GC(86) - age   4:    3128048 bytes,    6098320 total
[2025-03-20T14:22:17.269+0000][7][gc,age      ] GC(86) - age   5:     176880 bytes,    6275200 total
[2025-03-20T14:22:17.269+0000][7][gc,age      ] GC(86) - age   6:       9560 bytes,    6284760 total
[2025-03-20T14:22:17.269+0000][7][gc,age      ] GC(86) - age   7:      32576 bytes,    6317336 total
[2025-03-20T14:22:17.269+0000][7][gc,age      ] GC(86) - age   8:       4256 bytes,    6321592 total
[2025-03-20T14:22:17.269+0000][7][gc,age      ] GC(86) - age   9:      10720 bytes,    6332312 total
[2025-03-20T14:22:17.269+0000][7][gc,age      ] GC(86) - age  10:        944 bytes,    6333256 total
[2025-03-20T14:22:17.269+0000][7][gc,age      ] GC(86) - age  11:      13024 bytes,    6346280 total
[2025-03-20T14:22:17.269+0000][7][gc,age      ] GC(86) - age  12:       1000 bytes,    6347280 total
[2025-03-20T14:22:17.269+0000][7][gc,age      ] GC(86) - age  13:       1344 bytes,    6348624 total
[2025-03-20T14:22:17.269+0000][7][gc,age      ] GC(86) - age  14:     666792 bytes,    7015416 total
[2025-03-20T14:22:17.269+0000][7][gc,age      ] GC(86) - age  15:       2664 bytes,    7018080 total
[2025-03-20T14:22:17.269+0000][7][gc,phases   ] GC(86)   Pre Evacuate Collection Set: 0.1ms
[2025-03-20T14:22:17.269+0000][7][gc,phases   ] GC(86)   Merge Heap Roots: 0.1ms
[2025-03-20T14:22:17.269+0000][7][gc,phases   ] GC(86)   Evacuate Collection Set: 2.4ms
[2025-03-20T14:22:17.269+0000][7][gc,phases   ] GC(86)   Post Evacuate Collection Set: 0.7ms
[2025-03-20T14:22:17.269+0000][7][gc,phases   ] GC(86)   Other: 0.2ms
[2025-03-20T14:22:17.269+0000][7][gc,heap     ] GC(86) Eden regions: 67->0(69)
[2025-03-20T14:22:17.269+0000][7][gc,heap     ] GC(86) Survivor regions: 3->2(9)
[2025-03-20T14:22:17.269+0000][7][gc,heap     ] GC(86) Old regions: 27->27
[2025-03-20T14:22:17.269+0000][7][gc,heap     ] GC(86) Archive regions: 2->2
[2025-03-20T14:22:17.269+0000][7][gc,heap     ] GC(86) Humongous regions: 5->5
[2025-03-20T14:22:17.269+0000][7][gc,metaspace] GC(86) Metaspace: 120264K(121920K)->120264K(121920K) NonClass: 104766K(105664K)->104766K(105664K) Class: 15498K(16256K)->15498K(16256K)
[2025-03-20T14:22:17.269+0000][7][gc          ] GC(86) Pause Young (Normal) (G1 Evacuation Pause) 406M->136M(512M) 3.584ms
[2025-03-20T14:22:17.269+0000][7][gc,cpu      ] GC(86) User=0.01s Sys=0.00s Real=0.01s
[2025-03-20T14:22:17.269+0000][7][safepoint   ] Safepoint "G1CollectForAllocation", Time since last: 8975451800 ns, Reaching safepoint: 81706 ns, At safepoint: 3671836 ns, Total: 3753542 ns
[2025-03-20T14:22:30.277+0000][7][safepoint   ] Safepoint "Cleanup", Time since last: 13008273641 ns, Reaching safepoint: 164253 ns, At safepoint: 11752 ns, Total: 176005 ns
[2025-03-20T14:22:32.279+0000][7][safepoint   ] Safepoint "Cleanup", Time since last: 2001315505 ns, Reaching safepoint: 342748 ns, At safepoint: 7113 ns, Total: 349861 ns
[2025-03-20T14:22:34.280+0000][7][safepoint   ] Safepoint "Cleanup", Time since last: 2001234193 ns, Reaching safepoint: 104709 ns, At safepoint: 4639 ns, Total: 109348 ns
[2025-03-20T14:22:38.281+0000][7][safepoint   ] Safepoint "Cleanup", Time since last: 4001029362 ns, Reaching safepoint: 106001 ns, At safepoint: 6302 ns, Total: 112303 ns
[2025-03-20T14:22:40.284+0000][7][safepoint   ] Safepoint "Cleanup", Time since last: 2001961332 ns, Reaching safepoint: 582139 ns, At safepoint: 11552 ns, Total: 593691 ns
[2025-03-20T14:22:42.285+0000][7][safepoint   ] Safepoint "Cleanup", Time since last: 2000636416 ns, Reaching safepoint: 223506 ns, At safepoint: 6823 ns, Total: 230329 ns
[2025-03-20T14:22:49.290+0000][7][safepoint   ] Safepoint "Cleanup", Time since last: 7004746776 ns, Reaching safepoint: 125319 ns, At safepoint: 7514 ns, Total: 132833 ns
[2025-03-20T14:22:55.293+0000][7][safepoint   ] Safepoint "Cleanup", Time since last: 6003663186 ns, Reaching safepoint: 108877 ns, At safepoint: 3517 ns, Total: 112394 ns
[2025-03-20T14:22:56.477+0000][7][gc,start    ] GC(87) Pause Young (Normal) (G1 Evacuation Pause)
[2025-03-20T14:22:56.477+0000][7][gc,task     ] GC(87) Using 8 workers of 8 for evacuation
[2025-03-20T14:22:56.477+0000][7][gc,age      ] GC(87) Desired survivor size 18874368 bytes, new threshold 15 (max threshold 15)
[2025-03-20T14:22:56.481+0000][7][gc,age      ] GC(87) Age table with threshold 15 (max threshold 15)
[2025-03-20T14:22:56.481+0000][7][gc,age      ] GC(87) - age   1:    2190392 bytes,    2190392 total
[2025-03-20T14:22:56.481+0000][7][gc,age      ] GC(87) - age   2:       6648 bytes,    2197040 total
[2025-03-20T14:22:56.481+0000][7][gc,age      ] GC(87) - age   3:     710368 bytes,    2907408 total
[2025-03-20T14:22:56.481+0000][7][gc,age      ] GC(87) - age   4:     439296 bytes,    3346704 total
[2025-03-20T14:22:56.481+0000][7][gc,age      ] GC(87) - age   5:    3128048 bytes,    6474752 total
[2025-03-20T14:22:56.481+0000][7][gc,age      ] GC(87) - age   6:     176496 bytes,    6651248 total
[2025-03-20T14:22:56.481+0000][7][gc,age      ] GC(87) - age   7:       9560 bytes,    6660808 total
[2025-03-20T14:22:56.481+0000][7][gc,age      ] GC(87) - age   8:      32576 bytes,    6693384 total
[2025-03-20T14:22:56.481+0000][7][gc,age      ] GC(87) - age   9:       4256 bytes,    6697640 total
[2025-03-20T14:22:56.481+0000][7][gc,age      ] GC(87) - age  10:      10656 bytes,    6708296 total
[2025-03-20T14:22:56.481+0000][7][gc,age      ] GC(87) - age  11:        944 bytes,    6709240 total
[2025-03-20T14:22:56.481+0000][7][gc,age      ] GC(87) - age  12:      13024 bytes,    6722264 total
[2025-03-20T14:22:56.481+0000][7][gc,age      ] GC(87) - age  13:       1000 bytes,    6723264 total
[2025-03-20T14:22:56.481+0000][7][gc,age      ] GC(87) - age  14:       1344 bytes,    6724608 total
[2025-03-20T14:22:56.481+0000][7][gc,age      ] GC(87) - age  15:     666792 bytes,    7391400 total
[2025-03-20T14:22:56.481+0000][7][gc,phases   ] GC(87)   Pre Evacuate Collection Set: 0.1ms
[2025-03-20T14:22:56.481+0000][7][gc,phases   ] GC(87)   Merge Heap Roots: 0.1ms
[2025-03-20T14:22:56.481+0000][7][gc,phases   ] GC(87)   Evacuate Collection Set: 2.5ms
[2025-03-20T14:22:56.481+0000][7][gc,phases   ] GC(87)   Post Evacuate Collection Set: 1.1ms
[2025-03-20T14:22:56.481+0000][7][gc,phases   ] GC(87)   Other: 0.3ms
[2025-03-20T14:22:56.481+0000][7][gc,heap     ] GC(87) Eden regions: 69->0(69)
[2025-03-20T14:22:56.481+0000][7][gc,heap     ] GC(87) Survivor regions: 2->2(9)
[2025-03-20T14:22:56.481+0000][7][gc,heap     ] GC(87) Old regions: 27->27
[2025-03-20T14:22:56.481+0000][7][gc,heap     ] GC(87) Archive regions: 2->2
[2025-03-20T14:22:56.481+0000][7][gc,heap     ] GC(87) Humongous regions: 5->5
[2025-03-20T14:22:56.481+0000][7][gc,metaspace] GC(87) Metaspace: 120278K(121984K)->120278K(121984K) NonClass: 104780K(105728K)->104780K(105728K) Class: 15498K(16256K)->15498K(16256K)
[2025-03-20T14:22:56.481+0000][7][gc          ] GC(87) Pause Young (Normal) (G1 Evacuation Pause) 412M->137M(512M) 4.037ms
[2025-03-20T14:22:56.481+0000][7][gc,cpu      ] GC(87) User=0.01s Sys=0.00s Real=0.01s
[2025-03-20T14:22:56.481+0000][7][safepoint   ] Safepoint "G1CollectForAllocation", Time since last: 1183233734 ns, Reaching safepoint: 80914 ns, At safepoint: 4127313 ns, Total: 4208227 ns
[2025-03-20T14:22:57.482+0000][7][safepoint   ] Safepoint "Cleanup", Time since last: 1001118981 ns, Reaching safepoint: 160545 ns, At safepoint: 9939 ns, Total: 170484 ns
[2025-03-20T14:23:03.486+0000][7][safepoint   ] Safepoint "Cleanup", Time since last: 6003907159 ns, Reaching safepoint: 172288 ns, At safepoint: 4318 ns, Total: 176606 ns
[2025-03-20T14:23:08.490+0000][7][safepoint   ] Safepoint "Cleanup", Time since last: 5003876683 ns, Reaching safepoint: 137692 ns, At safepoint: 4188 ns, Total: 141880 ns
[2025-03-20T14:23:12.493+0000][7][safepoint   ] Safepoint "Cleanup", Time since last: 4002297244 ns, Reaching safepoint: 161477 ns, At safepoint: 11923 ns, Total: 173400 ns
[2025-03-20T14:23:14.494+0000][7][safepoint   ] Safepoint "Cleanup", Time since last: 2001214146 ns, Reaching safepoint: 87456 ns, At safepoint: 3778 ns, Total: 91234 ns
[2025-03-20T14:23:18.496+0000][7][safepoint   ] Safepoint "Cleanup", Time since last: 4002205226 ns, Reaching safepoint: 113516 ns, At safepoint: 4429 ns, Total: 117945 ns
[2025-03-20T14:23:38.585+0000][7][gc,start    ] GC(88) Pause Young (Normal) (G1 Evacuation Pause)
[2025-03-20T14:23:38.585+0000][7][gc,task     ] GC(88) Using 8 workers of 8 for evacuation
[2025-03-20T14:23:38.585+0000][7][gc,age      ] GC(88) Desired survivor size 18874368 bytes, new threshold 15 (max threshold 15)
[2025-03-20T14:23:38.589+0000][7][gc,age      ] GC(88) Age table with threshold 15 (max threshold 15)
[2025-03-20T14:23:38.589+0000][7][gc,age      ] GC(88) - age   1:     755912 bytes,     755912 total
[2025-03-20T14:23:38.589+0000][7][gc,age      ] GC(88) - age   2:     294016 bytes,    1049928 total
[2025-03-20T14:23:38.589+0000][7][gc,age      ] GC(88) - age   3:       5104 bytes,    1055032 total
[2025-03-20T14:23:38.589+0000][7][gc,age      ] GC(88) - age   4:     709632 bytes,    1764664 total
[2025-03-20T14:23:38.589+0000][7][gc,age      ] GC(88) - age   5:     438936 bytes,    2203600 total
[2025-03-20T14:23:38.589+0000][7][gc,age      ] GC(88) - age   6:    3128048 bytes,    5331648 total
[2025-03-20T14:23:38.589+0000][7][gc,age      ] GC(88) - age   7:     176496 bytes,    5508144 total
[2025-03-20T14:23:38.589+0000][7][gc,age      ] GC(88) - age   8:       9560 bytes,    5517704 total
[2025-03-20T14:23:38.589+0000][7][gc,age      ] GC(88) - age   9:      32576 bytes,    5550280 total
[2025-03-20T14:23:38.589+0000][7][gc,age      ] GC(88) - age  10:       4256 bytes,    5554536 total
[2025-03-20T14:23:38.589+0000][7][gc,age      ] GC(88) - age  11:      10656 bytes,    5565192 total
[2025-03-20T14:23:38.589+0000][7][gc,age      ] GC(88) - age  12:        944 bytes,    5566136 total
[2025-03-20T14:23:38.589+0000][7][gc,age      ] GC(88) - age  13:      13024 bytes,    5579160 total
[2025-03-20T14:23:38.589+0000][7][gc,age      ] GC(88) - age  14:       1000 bytes,    5580160 total
[2025-03-20T14:23:38.589+0000][7][gc,age      ] GC(88) - age  15:       1344 bytes,    5581504 total
[2025-03-20T14:23:38.589+0000][7][gc,phases   ] GC(88)   Pre Evacuate Collection Set: 0.1ms
[2025-03-20T14:23:38.589+0000][7][gc,phases   ] GC(88)   Merge Heap Roots: 0.0ms
[2025-03-20T14:23:38.589+0000][7][gc,phases   ] GC(88)   Evacuate Collection Set: 2.3ms
[2025-03-20T14:23:38.589+0000][7][gc,phases   ] GC(88)   Post Evacuate Collection Set: 0.8ms
[2025-03-20T14:23:38.589+0000][7][gc,phases   ] GC(88)   Other: 0.2ms
[2025-03-20T14:23:38.589+0000][7][gc,heap     ] GC(88) Eden regions: 69->0(69)
[2025-03-20T14:23:38.589+0000][7][gc,heap     ] GC(88) Survivor regions: 2->2(9)
[2025-03-20T14:23:38.589+0000][7][gc,heap     ] GC(88) Old regions: 27->27
[2025-03-20T14:23:38.589+0000][7][gc,heap     ] GC(88) Archive regions: 2->2
[2025-03-20T14:23:38.589+0000][7][gc,heap     ] GC(88) Humongous regions: 5->5
[2025-03-20T14:23:38.589+0000][7][gc,metaspace] GC(88) Metaspace: 120293K(121984K)->120293K(121984K) NonClass: 104795K(105728K)->104795K(105728K) Class: 15498K(16256K)->15498K(16256K)
[2025-03-20T14:23:38.589+0000][7][gc          ] GC(88) Pause Young (Normal) (G1 Evacuation Pause) 413M->136M(512M) 3.568ms
[2025-03-20T14:23:38.589+0000][7][gc,cpu      ] GC(88) User=0.02s Sys=0.00s Real=0.01s
[2025-03-20T14:23:38.589+0000][7][safepoint   ] Safepoint "G1CollectForAllocation", Time since last: 20088811231 ns, Reaching safepoint: 88469 ns, At safepoint: 3647416 ns, Total: 3735885 ns
[2025-03-20T14:23:53.597+0000][7][safepoint   ] Safepoint "Cleanup", Time since last: 15008219024 ns, Reaching safepoint: 117804 ns, At safepoint: 5391 ns, Total: 123195 ns
[2025-03-20T14:23:55.598+0000][7][safepoint   ] Safepoint "Cleanup", Time since last: 2000509489 ns, Reaching safepoint: 123515 ns, At safepoint: 5240 ns, Total: 128755 ns
[2025-03-20T14:24:01.602+0000][7][safepoint   ] Safepoint "Cleanup", Time since last: 6003846268 ns, Reaching safepoint: 133905 ns, At safepoint: 3787 ns, Total: 137692 ns
[2025-03-20T14:24:06.609+0000][7][safepoint   ] Safepoint "Cleanup", Time since last: 5007345602 ns, Reaching safepoint: 133382 ns, At safepoint: 6382 ns, Total: 139764 ns
[2025-03-20T14:24:19.618+0000][7][safepoint   ] Safepoint "Cleanup", Time since last: 13008093729 ns, Reaching safepoint: 130638 ns, At safepoint: 9238 ns, Total: 139876 ns
[2025-03-20T14:24:20.694+0000][7][gc,start    ] GC(89) Pause Young (Normal) (G1 Evacuation Pause)
[2025-03-20T14:24:20.694+0000][7][gc,task     ] GC(89) Using 8 workers of 8 for evacuation
[2025-03-20T14:24:20.694+0000][7][gc,age      ] GC(89) Desired survivor size 18874368 bytes, new threshold 15 (max threshold 15)
[2025-03-20T14:24:20.698+0000][7][gc,age      ] GC(89) Age table with threshold 15 (max threshold 15)
[2025-03-20T14:24:20.698+0000][7][gc,age      ] GC(89) - age   1:    2165608 bytes,    2165608 total
[2025-03-20T14:24:20.698+0000][7][gc,age      ] GC(89) - age   2:       4624 bytes,    2170232 total
[2025-03-20T14:24:20.698+0000][7][gc,age      ] GC(89) - age   3:     236200 bytes,    2406432 total
[2025-03-20T14:24:20.698+0000][7][gc,age      ] GC(89) - age   4:       4248 bytes,    2410680 total
[2025-03-20T14:24:20.698+0000][7][gc,age      ] GC(89) - age   5:     709088 bytes,    3119768 total
[2025-03-20T14:24:20.698+0000][7][gc,age      ] GC(89) - age   6:     438872 bytes,    3558640 total
[2025-03-20T14:24:20.698+0000][7][gc,age      ] GC(89) - age   7:    3127848 bytes,    6686488 total
[2025-03-20T14:24:20.698+0000][7][gc,age      ] GC(89) - age   8:     176496 bytes,    6862984 total
[2025-03-20T14:24:20.698+0000][7][gc,age      ] GC(89) - age   9:       9560 bytes,    6872544 total
[2025-03-20T14:24:20.698+0000][7][gc,age      ] GC(89) - age  10:      32576 bytes,    6905120 total
[2025-03-20T14:24:20.698+0000][7][gc,age      ] GC(89) - age  11:       4256 bytes,    6909376 total
[2025-03-20T14:24:20.698+0000][7][gc,age      ] GC(89) - age  12:       2520 bytes,    6911896 total
[2025-03-20T14:24:20.698+0000][7][gc,age      ] GC(89) - age  13:        944 bytes,    6912840 total
[2025-03-20T14:24:20.698+0000][7][gc,age      ] GC(89) - age  14:      12992 bytes,    6925832 total
[2025-03-20T14:24:20.698+0000][7][gc,age      ] GC(89) - age  15:        976 bytes,    6926808 total
[2025-03-20T14:24:20.698+0000][7][gc,phases   ] GC(89)   Pre Evacuate Collection Set: 0.1ms
[2025-03-20T14:24:20.698+0000][7][gc,phases   ] GC(89)   Merge Heap Roots: 0.1ms
[2025-03-20T14:24:20.698+0000][7][gc,phases   ] GC(89)   Evacuate Collection Set: 2.2ms
[2025-03-20T14:24:20.698+0000][7][gc,phases   ] GC(89)   Post Evacuate Collection Set: 1.0ms
[2025-03-20T14:24:20.698+0000][7][gc,phases   ] GC(89)   Other: 0.2ms
[2025-03-20T14:24:20.698+0000][7][gc,heap     ] GC(89) Eden regions: 69->0(69)
[2025-03-20T14:24:20.698+0000][7][gc,heap     ] GC(89) Survivor regions: 2->2(9)
[2025-03-20T14:24:20.698+0000][7][gc,heap     ] GC(89) Old regions: 27->27
[2025-03-20T14:24:20.698+0000][7][gc,heap     ] GC(89) Archive regions: 2->2
[2025-03-20T14:24:20.698+0000][7][gc,heap     ] GC(89) Humongous regions: 5->5
[2025-03-20T14:24:20.698+0000][7][gc,metaspace] GC(89) Metaspace: 120295K(121984K)->120295K(121984K) NonClass: 104796K(105728K)->104796K(105728K) Class: 15498K(16256K)->15498K(16256K)
[2025-03-20T14:24:20.698+0000][7][gc          ] GC(89) Pause Young (Normal) (G1 Evacuation Pause) 412M->137M(512M) 3.695ms
[2025-03-20T14:24:20.698+0000][7][gc,cpu      ] GC(89) User=0.01s Sys=0.00s Real=0.00s
[2025-03-20T14:24:20.698+0000][7][safepoint   ] Safepoint "G1CollectForAllocation", Time since last: 1076386658 ns, Reaching safepoint: 120510 ns, At safepoint: 3774818 ns, Total: 3895328 ns
[2025-03-20T14:24:25.700+0000][7][safepoint   ] Safepoint "Cleanup", Time since last: 5001601755 ns, Reaching safepoint: 174342 ns, At safepoint: 4419 ns, Total: 178761 ns
[2025-03-20T14:24:26.700+0000][7][safepoint   ] Safepoint "Cleanup", Time since last: 1000398944 ns, Reaching safepoint: 86505 ns, At safepoint: 3967 ns, Total: 90472 ns
[2025-03-20T14:24:29.702+0000][7][safepoint   ] Safepoint "Cleanup", Time since last: 3001841901 ns, Reaching safepoint: 121792 ns, At safepoint: 4478 ns, Total: 126270 ns
[2025-03-20T14:24:32.704+0000][7][safepoint   ] Safepoint "Cleanup", Time since last: 3001525943 ns, Reaching safepoint: 170735 ns, At safepoint: 5961 ns, Total: 176696 ns
[2025-03-20T14:24:41.710+0000][7][safepoint   ] Safepoint "Cleanup", Time since last: 9005891054 ns, Reaching safepoint: 415201 ns, At safepoint: 7074 ns, Total: 422275 ns
[2025-03-20T14:24:42.711+0000][7][safepoint   ] Safepoint "Cleanup", Time since last: 1000717124 ns, Reaching safepoint: 155536 ns, At safepoint: 4429 ns, Total: 159965 ns
[2025-03-20T14:24:44.712+0000][7][safepoint   ] Safepoint "Cleanup", Time since last: 2001042001 ns, Reaching safepoint: 117714 ns, At safepoint: 4268 ns, Total: 121982 ns
[2025-03-20T14:24:52.716+0000][7][safepoint   ] Safepoint "Cleanup", Time since last: 8003887459 ns, Reaching safepoint: 100080 ns, At safepoint: 3848 ns, Total: 103928 ns
[2025-03-20T14:24:53.717+0000][7][safepoint   ] Safepoint "Cleanup", Time since last: 1000345644 ns, Reaching safepoint: 137151 ns, At safepoint: 3858 ns, Total: 141009 ns
[2025-03-20T14:25:05.312+0000][7][gc,start    ] GC(90) Pause Young (Normal) (G1 Evacuation Pause)
[2025-03-20T14:25:05.312+0000][7][gc,task     ] GC(90) Using 8 workers of 8 for evacuation
[2025-03-20T14:25:05.312+0000][7][gc,age      ] GC(90) Desired survivor size 18874368 bytes, new threshold 15 (max threshold 15)
[2025-03-20T14:25:05.316+0000][7][gc,age      ] GC(90) Age table with threshold 15 (max threshold 15)
[2025-03-20T14:25:05.316+0000][7][gc,age      ] GC(90) - age   1:    2553840 bytes,    2553840 total
[2025-03-20T14:25:05.316+0000][7][gc,age      ] GC(90) - age   2:     201208 bytes,    2755048 total
[2025-03-20T14:25:05.316+0000][7][gc,age      ] GC(90) - age   3:       2648 bytes,    2757696 total
[2025-03-20T14:25:05.316+0000][7][gc,age      ] GC(90) - age   4:     234408 bytes,    2992104 total
[2025-03-20T14:25:05.316+0000][7][gc,age      ] GC(90) - age   5:       4056 bytes,    2996160 total
[2025-03-20T14:25:05.316+0000][7][gc,age      ] GC(90) - age   6:     709024 bytes,    3705184 total
[2025-03-20T14:25:05.316+0000][7][gc,age      ] GC(90) - age   7:     438872 bytes,    4144056 total
[2025-03-20T14:25:05.316+0000][7][gc,age      ] GC(90) - age   8:    3127848 bytes,    7271904 total
[2025-03-20T14:25:05.316+0000][7][gc,age      ] GC(90) - age   9:     176496 bytes,    7448400 total
[2025-03-20T14:25:05.316+0000][7][gc,age      ] GC(90) - age  10:       9560 bytes,    7457960 total
[2025-03-20T14:25:05.316+0000][7][gc,age      ] GC(90) - age  11:      32576 bytes,    7490536 total
[2025-03-20T14:25:05.316+0000][7][gc,age      ] GC(90) - age  12:       4256 bytes,    7494792 total
[2025-03-20T14:25:05.316+0000][7][gc,age      ] GC(90) - age  13:       2520 bytes,    7497312 total
[2025-03-20T14:25:05.316+0000][7][gc,age      ] GC(90) - age  14:        944 bytes,    7498256 total
[2025-03-20T14:25:05.316+0000][7][gc,age      ] GC(90) - age  15:      12992 bytes,    7511248 total
[2025-03-20T14:25:05.316+0000][7][gc,phases   ] GC(90)   Pre Evacuate Collection Set: 0.1ms
[2025-03-20T14:25:05.316+0000][7][gc,phases   ] GC(90)   Merge Heap Roots: 0.0ms
[2025-03-20T14:25:05.316+0000][7][gc,phases   ] GC(90)   Evacuate Collection Set: 2.4ms
[2025-03-20T14:25:05.316+0000][7][gc,phases   ] GC(90)   Post Evacuate Collection Set: 0.9ms
[2025-03-20T14:25:05.316+0000][7][gc,phases   ] GC(90)   Other: 0.3ms
[2025-03-20T14:25:05.316+0000][7][gc,heap     ] GC(90) Eden regions: 69->0(69)
[2025-03-20T14:25:05.316+0000][7][gc,heap     ] GC(90) Survivor regions: 2->2(9)
[2025-03-20T14:25:05.316+0000][7][gc,heap     ] GC(90) Old regions: 27->27
[2025-03-20T14:25:05.316+0000][7][gc,heap     ] GC(90) Archive regions: 2->2
[2025-03-20T14:25:05.316+0000][7][gc,heap     ] GC(90) Humongous regions: 5->5
[2025-03-20T14:25:05.316+0000][7][gc,metaspace] GC(90) Metaspace: 120301K(121984K)->120301K(121984K) NonClass: 104802K(105728K)->104802K(105728K) Class: 15498K(16256K)->15498K(16256K)
[2025-03-20T14:25:05.316+0000][7][gc          ] GC(90) Pause Young (Normal) (G1 Evacuation Pause) 413M->138M(512M) 3.765ms
[2025-03-20T14:25:05.316+0000][7][gc,cpu      ] GC(90) User=0.02s Sys=0.00s Real=0.00s
[2025-03-20T14:25:05.316+0000][7][safepoint   ] Safepoint "G1CollectForAllocation", Time since last: 11595470314 ns, Reaching safepoint: 131711 ns, At safepoint: 3853117 ns, Total: 3984828 ns
[2025-03-20T14:25:06.317+0000][7][safepoint   ] Safepoint "Cleanup", Time since last: 1000741815 ns, Reaching safepoint: 183199 ns, At safepoint: 5851 ns, Total: 189050 ns
[2025-03-20T14:25:22.325+0000][7][safepoint   ] Safepoint "Cleanup", Time since last: 16007422070 ns, Reaching safepoint: 91133 ns, At safepoint: 5180 ns, Total: 96313 ns
[2025-03-20T14:25:41.335+0000][7][safepoint   ] Safepoint "Cleanup", Time since last: 19009818025 ns, Reaching safepoint: 166718 ns, At safepoint: 14598 ns, Total: 181316 ns
[2025-03-20T14:25:44.318+0000][7][gc,start    ] GC(91) Pause Young (Normal) (G1 Evacuation Pause)
[2025-03-20T14:25:44.318+0000][7][gc,task     ] GC(91) Using 8 workers of 8 for evacuation
[2025-03-20T14:25:44.318+0000][7][gc,age      ] GC(91) Desired survivor size 18874368 bytes, new threshold 15 (max threshold 15)
[2025-03-20T14:25:44.321+0000][7][gc,age      ] GC(91) Age table with threshold 15 (max threshold 15)
[2025-03-20T14:25:44.321+0000][7][gc,age      ] GC(91) - age   1:     969800 bytes,     969800 total
[2025-03-20T14:25:44.321+0000][7][gc,age      ] GC(91) - age   2:     124992 bytes,    1094792 total
[2025-03-20T14:25:44.321+0000][7][gc,age      ] GC(91) - age   3:     194344 bytes,    1289136 total
[2025-03-20T14:25:44.321+0000][7][gc,age      ] GC(91) - age   4:       1624 bytes,    1290760 total
[2025-03-20T14:25:44.321+0000][7][gc,age      ] GC(91) - age   5:     234152 bytes,    1524912 total
[2025-03-20T14:25:44.321+0000][7][gc,age      ] GC(91) - age   6:       3680 bytes,    1528592 total
[2025-03-20T14:25:44.321+0000][7][gc,age      ] GC(91) - age   7:     708928 bytes,    2237520 total
[2025-03-20T14:25:44.321+0000][7][gc,age      ] GC(91) - age   8:     414232 bytes,    2651752 total
[2025-03-20T14:25:44.321+0000][7][gc,age      ] GC(91) - age   9:    3072832 bytes,    5724584 total
[2025-03-20T14:25:44.321+0000][7][gc,age      ] GC(91) - age  10:     176496 bytes,    5901080 total
[2025-03-20T14:25:44.321+0000][7][gc,age      ] GC(91) - age  11:       9560 bytes,    5910640 total
[2025-03-20T14:25:44.321+0000][7][gc,age      ] GC(91) - age  12:      31968 bytes,    5942608 total
[2025-03-20T14:25:44.321+0000][7][gc,age      ] GC(91) - age  13:       4256 bytes,    5946864 total
[2025-03-20T14:25:44.321+0000][7][gc,age      ] GC(91) - age  14:       2520 bytes,    5949384 total
[2025-03-20T14:25:44.321+0000][7][gc,age      ] GC(91) - age  15:        944 bytes,    5950328 total
[2025-03-20T14:25:44.321+0000][7][gc,phases   ] GC(91)   Pre Evacuate Collection Set: 0.2ms
[2025-03-20T14:25:44.321+0000][7][gc,phases   ] GC(91)   Merge Heap Roots: 0.1ms
[2025-03-20T14:25:44.321+0000][7][gc,phases   ] GC(91)   Evacuate Collection Set: 1.8ms
[2025-03-20T14:25:44.321+0000][7][gc,phases   ] GC(91)   Post Evacuate Collection Set: 0.7ms
[2025-03-20T14:25:44.321+0000][7][gc,phases   ] GC(91)   Other: 0.3ms
[2025-03-20T14:25:44.321+0000][7][gc,heap     ] GC(91) Eden regions: 69->0(70)
[2025-03-20T14:25:44.321+0000][7][gc,heap     ] GC(91) Survivor regions: 2->2(9)
[2025-03-20T14:25:44.321+0000][7][gc,heap     ] GC(91) Old regions: 27->27
[2025-03-20T14:25:44.321+0000][7][gc,heap     ] GC(91) Archive regions: 2->2
[2025-03-20T14:25:44.321+0000][7][gc,heap     ] GC(91) Humongous regions: 5->5
[2025-03-20T14:25:44.321+0000][7][gc,metaspace] GC(91) Metaspace: 120307K(121984K)->120307K(121984K) NonClass: 104807K(105728K)->104807K(105728K) Class: 15499K(16256K)->15499K(16256K)
[2025-03-20T14:25:44.321+0000][7][gc          ] GC(91) Pause Young (Normal) (G1 Evacuation Pause) 414M->136M(512M) 2.998ms
[2025-03-20T14:25:44.321+0000][7][gc,cpu      ] GC(91) User=0.01s Sys=0.01s Real=0.00s
[2025-03-20T14:25:44.321+0000][7][safepoint   ] Safepoint "G1CollectForAllocation", Time since last: 2983439841 ns, Reaching safepoint: 145116 ns, At safepoint: 3119504 ns, Total: 3264620 ns
[2025-03-20T14:25:57.330+0000][7][safepoint   ] Safepoint "Cleanup", Time since last: 13008161792 ns, Reaching safepoint: 135819 ns, At safepoint: 21631 ns, Total: 157450 ns
[2025-03-20T14:26:02.333+0000][7][safepoint   ] Safepoint "Cleanup", Time since last: 5003672462 ns, Reaching safepoint: 96835 ns, At safepoint: 13996 ns, Total: 110831 ns
[2025-03-20T14:26:06.334+0000][7][safepoint   ] Safepoint "Cleanup", Time since last: 4000921836 ns, Reaching safepoint: 76105 ns, At safepoint: 4218 ns, Total: 80323 ns
[2025-03-20T14:26:21.343+0000][7][safepoint   ] Safepoint "Cleanup", Time since last: 15008385757 ns, Reaching safepoint: 304312 ns, At safepoint: 16181 ns, Total: 320493 ns
[2025-03-20T14:26:24.006+0000][7][gc,start    ] GC(92) Pause Young (Normal) (G1 Evacuation Pause)
[2025-03-20T14:26:24.006+0000][7][gc,task     ] GC(92) Using 8 workers of 8 for evacuation
[2025-03-20T14:26:24.006+0000][7][gc,age      ] GC(92) Desired survivor size 18874368 bytes, new threshold 15 (max threshold 15)
[2025-03-20T14:26:24.009+0000][7][gc,age      ] GC(92) Age table with threshold 15 (max threshold 15)
[2025-03-20T14:26:24.009+0000][7][gc,age      ] GC(92) - age   1:    1377400 bytes,    1377400 total
[2025-03-20T14:26:24.009+0000][7][gc,age      ] GC(92) - age   2:     311400 bytes,    1688800 total
[2025-03-20T14:26:24.009+0000][7][gc,age      ] GC(92) - age   3:     120416 bytes,    1809216 total
[2025-03-20T14:26:24.009+0000][7][gc,age      ] GC(92) - age   4:     193840 bytes,    2003056 total
[2025-03-20T14:26:24.009+0000][7][gc,age      ] GC(92) - age   5:       1624 bytes,    2004680 total
[2025-03-20T14:26:24.009+0000][7][gc,age      ] GC(92) - age   6:     234088 bytes,    2238768 total
[2025-03-20T14:26:24.009+0000][7][gc,age      ] GC(92) - age   7:       3680 bytes,    2242448 total
[2025-03-20T14:26:24.009+0000][7][gc,age      ] GC(92) - age   8:     708928 bytes,    2951376 total
[2025-03-20T14:26:24.009+0000][7][gc,age      ] GC(92) - age   9:     413912 bytes,    3365288 total
[2025-03-20T14:26:24.009+0000][7][gc,age      ] GC(92) - age  10:    3072632 bytes,    6437920 total
[2025-03-20T14:26:24.009+0000][7][gc,age      ] GC(92) - age  11:     176496 bytes,    6614416 total
[2025-03-20T14:26:24.009+0000][7][gc,age      ] GC(92) - age  12:       9560 bytes,    6623976 total
[2025-03-20T14:26:24.009+0000][7][gc,age      ] GC(92) - age  13:      31968 bytes,    6655944 total
[2025-03-20T14:26:24.009+0000][7][gc,age      ] GC(92) - age  14:       4256 bytes,    6660200 total
[2025-03-20T14:26:24.009+0000][7][gc,age      ] GC(92) - age  15:       2520 bytes,    6662720 total
[2025-03-20T14:26:24.009+0000][7][gc,phases   ] GC(92)   Pre Evacuate Collection Set: 0.1ms
[2025-03-20T14:26:24.009+0000][7][gc,phases   ] GC(92)   Merge Heap Roots: 0.1ms
[2025-03-20T14:26:24.009+0000][7][gc,phases   ] GC(92)   Evacuate Collection Set: 2.2ms
[2025-03-20T14:26:24.009+0000][7][gc,phases   ] GC(92)   Post Evacuate Collection Set: 0.7ms
[2025-03-20T14:26:24.009+0000][7][gc,phases   ] GC(92)   Other: 0.2ms
[2025-03-20T14:26:24.009+0000][7][gc,heap     ] GC(92) Eden regions: 70->0(70)
[2025-03-20T14:26:24.009+0000][7][gc,heap     ] GC(92) Survivor regions: 2->2(9)
[2025-03-20T14:26:24.009+0000][7][gc,heap     ] GC(92) Old regions: 27->27
[2025-03-20T14:26:24.009+0000][7][gc,heap     ] GC(92) Archive regions: 2->2
[2025-03-20T14:26:24.009+0000][7][gc,heap     ] GC(92) Humongous regions: 5->5
[2025-03-20T14:26:24.009+0000][7][gc,metaspace] GC(92) Metaspace: 120310K(122048K)->120310K(122048K) NonClass: 104811K(105792K)->104811K(105792K) Class: 15499K(16256K)->15499K(16256K)
[2025-03-20T14:26:24.009+0000][7][gc          ] GC(92) Pause Young (Normal) (G1 Evacuation Pause) 416M->137M(512M) 3.476ms
[2025-03-20T14:26:24.009+0000][7][gc,cpu      ] GC(92) User=0.01s Sys=0.00s Real=0.01s
[2025-03-20T14:26:24.009+0000][7][safepoint   ] Safepoint "G1CollectForAllocation", Time since last: 2662569040 ns, Reaching safepoint: 97636 ns, At safepoint: 3556033 ns, Total: 3653669 ns
[2025-03-20T14:26:36.623+0000][7][safepoint   ] Safepoint "Cleanup", Time since last: 12613698026 ns, Reaching safepoint: 140207 ns, At safepoint: 13206 ns, Total: 153413 ns
[2025-03-20T14:27:02.453+0000][7][safepoint   ] Safepoint "Cleanup", Time since last: 25829584837 ns, Reaching safepoint: 138514 ns, At safepoint: 8576 ns, Total: 147090 ns
[2025-03-20T14:27:03.454+0000][7][safepoint   ] Safepoint "Cleanup", Time since last: 1000598210 ns, Reaching safepoint: 98057 ns, At safepoint: 4268 ns, Total: 102325 ns
[2025-03-20T14:27:05.330+0000][7][gc,start    ] GC(93) Pause Young (Normal) (G1 Evacuation Pause)
[2025-03-20T14:27:05.330+0000][7][gc,task     ] GC(93) Using 8 workers of 8 for evacuation
[2025-03-20T14:27:05.330+0000][7][gc,age      ] GC(93) Desired survivor size 18874368 bytes, new threshold 15 (max threshold 15)
[2025-03-20T14:27:05.333+0000][7][gc,age      ] GC(93) Age table with threshold 15 (max threshold 15)
[2025-03-20T14:27:05.333+0000][7][gc,age      ] GC(93) - age   1:     796248 bytes,     796248 total
[2025-03-20T14:27:05.333+0000][7][gc,age      ] GC(93) - age   2:       4552 bytes,     800800 total
[2025-03-20T14:27:05.333+0000][7][gc,age      ] GC(93) - age   3:     136688 bytes,     937488 total
[2025-03-20T14:27:05.333+0000][7][gc,age      ] GC(93) - age   4:      79688 bytes,    1017176 total
[2025-03-20T14:27:05.333+0000][7][gc,age      ] GC(93) - age   5:     131120 bytes,    1148296 total
[2025-03-20T14:27:05.333+0000][7][gc,age      ] GC(93) - age   6:       1592 bytes,    1149888 total
[2025-03-20T14:27:05.333+0000][7][gc,age      ] GC(93) - age   7:     233592 bytes,    1383480 total
[2025-03-20T14:27:05.333+0000][7][gc,age      ] GC(93) - age   8:       3680 bytes,    1387160 total
[2025-03-20T14:27:05.333+0000][7][gc,age      ] GC(93) - age   9:     708928 bytes,    2096088 total
[2025-03-20T14:27:05.333+0000][7][gc,age      ] GC(93) - age  10:     413912 bytes,    2510000 total
[2025-03-20T14:27:05.333+0000][7][gc,age      ] GC(93) - age  11:    3072632 bytes,    5582632 total
[2025-03-20T14:27:05.333+0000][7][gc,age      ] GC(93) - age  12:     176496 bytes,    5759128 total
[2025-03-20T14:27:05.333+0000][7][gc,age      ] GC(93) - age  13:       9560 bytes,    5768688 total
[2025-03-20T14:27:05.333+0000][7][gc,age      ] GC(93) - age  14:      31968 bytes,    5800656 total
[2025-03-20T14:27:05.333+0000][7][gc,age      ] GC(93) - age  15:       4256 bytes,    5804912 total
[2025-03-20T14:27:05.333+0000][7][gc,phases   ] GC(93)   Pre Evacuate Collection Set: 0.2ms
[2025-03-20T14:27:05.333+0000][7][gc,phases   ] GC(93)   Merge Heap Roots: 0.1ms
[2025-03-20T14:27:05.333+0000][7][gc,phases   ] GC(93)   Evacuate Collection Set: 2.0ms
[2025-03-20T14:27:05.333+0000][7][gc,phases   ] GC(93)   Post Evacuate Collection Set: 1.0ms
[2025-03-20T14:27:05.333+0000][7][gc,phases   ] GC(93)   Other: 0.3ms
[2025-03-20T14:27:05.333+0000][7][gc,heap     ] GC(93) Eden regions: 70->0(70)
[2025-03-20T14:27:05.333+0000][7][gc,heap     ] GC(93) Survivor regions: 2->2(9)
[2025-03-20T14:27:05.333+0000][7][gc,heap     ] GC(93) Old regions: 27->27
[2025-03-20T14:27:05.333+0000][7][gc,heap     ] GC(93) Archive regions: 2->2
[2025-03-20T14:27:05.333+0000][7][gc,heap     ] GC(93) Humongous regions: 5->5
[2025-03-20T14:27:05.333+0000][7][gc,metaspace] GC(93) Metaspace: 120317K(122048K)->120317K(122048K) NonClass: 104817K(105792K)->104817K(105792K) Class: 15499K(16256K)->15499K(16256K)
[2025-03-20T14:27:05.333+0000][7][gc          ] GC(93) Pause Young (Normal) (G1 Evacuation Pause) 417M->136M(512M) 3.660ms
[2025-03-20T14:27:05.334+0000][7][gc,cpu      ] GC(93) User=0.02s Sys=0.00s Real=0.00s
[2025-03-20T14:27:05.334+0000][7][safepoint   ] Safepoint "G1CollectForAllocation", Time since last: 1876064018 ns, Reaching safepoint: 127854 ns, At safepoint: 3780584 ns, Total: 3908438 ns
[2025-03-20T14:27:08.335+0000][7][safepoint   ] Safepoint "Cleanup", Time since last: 3000792079 ns, Reaching safepoint: 129336 ns, At safepoint: 8968 ns, Total: 138304 ns
[2025-03-20T14:27:27.344+0000][7][safepoint   ] Safepoint "Cleanup", Time since last: 19009202179 ns, Reaching safepoint: 121552 ns, At safepoint: 3987 ns, Total: 125539 ns
[2025-03-20T14:27:30.346+0000][7][safepoint   ] Safepoint "Cleanup", Time since last: 3001663009 ns, Reaching safepoint: 124918 ns, At safepoint: 4458 ns, Total: 129376 ns
[2025-03-20T14:27:39.466+0000][7][safepoint   ] Safepoint "Cleanup", Time since last: 9119999433 ns, Reaching safepoint: 235108 ns, At safepoint: 8315 ns, Total: 243423 ns
[2025-03-20T14:27:47.942+0000][7][gc,start    ] GC(94) Pause Young (Normal) (G1 Evacuation Pause)
[2025-03-20T14:27:47.942+0000][7][gc,task     ] GC(94) Using 8 workers of 8 for evacuation
[2025-03-20T14:27:47.942+0000][7][gc,age      ] GC(94) Desired survivor size 18874368 bytes, new threshold 15 (max threshold 15)
[2025-03-20T14:27:47.945+0000][7][gc,age      ] GC(94) Age table with threshold 15 (max threshold 15)
[2025-03-20T14:27:47.945+0000][7][gc,age      ] GC(94) - age   1:    2212608 bytes,    2212608 total
[2025-03-20T14:27:47.945+0000][7][gc,age      ] GC(94) - age   2:     132152 bytes,    2344760 total
[2025-03-20T14:27:47.945+0000][7][gc,age      ] GC(94) - age   3:       2664 bytes,    2347424 total
[2025-03-20T14:27:47.945+0000][7][gc,age      ] GC(94) - age   4:     135120 bytes,    2482544 total
[2025-03-20T14:27:47.945+0000][7][gc,age      ] GC(94) - age   5:      79368 bytes,    2561912 total
[2025-03-20T14:27:47.945+0000][7][gc,age      ] GC(94) - age   6:     130752 bytes,    2692664 total
[2025-03-20T14:27:47.945+0000][7][gc,age      ] GC(94) - age   7:       1592 bytes,    2694256 total
[2025-03-20T14:27:47.945+0000][7][gc,age      ] GC(94) - age   8:     233568 bytes,    2927824 total
[2025-03-20T14:27:47.945+0000][7][gc,age      ] GC(94) - age   9:       3680 bytes,    2931504 total
[2025-03-20T14:27:47.945+0000][7][gc,age      ] GC(94) - age  10:     708848 bytes,    3640352 total
[2025-03-20T14:27:47.945+0000][7][gc,age      ] GC(94) - age  11:     413520 bytes,    4053872 total
[2025-03-20T14:27:47.945+0000][7][gc,age      ] GC(94) - age  12:    3037112 bytes,    7090984 total
[2025-03-20T14:27:47.945+0000][7][gc,age      ] GC(94) - age  13:     176496 bytes,    7267480 total
[2025-03-20T14:27:47.945+0000][7][gc,age      ] GC(94) - age  14:       9560 bytes,    7277040 total
[2025-03-20T14:27:47.945+0000][7][gc,age      ] GC(94) - age  15:      31968 bytes,    7309008 total
[2025-03-20T14:27:47.945+0000][7][gc,phases   ] GC(94)   Pre Evacuate Collection Set: 0.1ms
[2025-03-20T14:27:47.945+0000][7][gc,phases   ] GC(94)   Merge Heap Roots: 0.1ms
[2025-03-20T14:27:47.945+0000][7][gc,phases   ] GC(94)   Evacuate Collection Set: 1.9ms
[2025-03-20T14:27:47.945+0000][7][gc,phases   ] GC(94)   Post Evacuate Collection Set: 1.0ms
[2025-03-20T14:27:47.945+0000][7][gc,phases   ] GC(94)   Other: 0.3ms
[2025-03-20T14:27:47.945+0000][7][gc,heap     ] GC(94) Eden regions: 70->0(70)
[2025-03-20T14:27:47.945+0000][7][gc,heap     ] GC(94) Survivor regions: 2->2(9)
[2025-03-20T14:27:47.945+0000][7][gc,heap     ] GC(94) Old regions: 27->27
[2025-03-20T14:27:47.945+0000][7][gc,heap     ] GC(94) Archive regions: 2->2
[2025-03-20T14:27:47.945+0000][7][gc,heap     ] GC(94) Humongous regions: 5->5
[2025-03-20T14:27:47.945+0000][7][gc,metaspace] GC(94) Metaspace: 120323K(122048K)->120323K(122048K) NonClass: 104823K(105792K)->104823K(105792K) Class: 15499K(16256K)->15499K(16256K)
[2025-03-20T14:27:47.945+0000][7][gc          ] GC(94) Pause Young (Normal) (G1 Evacuation Pause) 416M->137M(512M) 3.423ms
[2025-03-20T14:27:47.945+0000][7][gc,cpu      ] GC(94) User=0.02s Sys=0.01s Real=0.00s
[2025-03-20T14:27:47.945+0000][7][safepoint   ] Safepoint "G1CollectForAllocation", Time since last: 8475845076 ns, Reaching safepoint: 90322 ns, At safepoint: 3518271 ns, Total: 3608593 ns
[2025-03-20T14:27:53.949+0000][7][safepoint   ] Safepoint "Cleanup", Time since last: 6003894995 ns, Reaching safepoint: 201705 ns, At safepoint: 6462 ns, Total: 208167 ns
[2025-03-20T14:27:54.950+0000][7][safepoint   ] Safepoint "Cleanup", Time since last: 1000501576 ns, Reaching safepoint: 190112 ns, At safepoint: 6522 ns, Total: 196634 ns
[2025-03-20T14:27:56.951+0000][7][safepoint   ] Safepoint "Cleanup", Time since last: 2001180473 ns, Reaching safepoint: 118817 ns, At safepoint: 5460 ns, Total: 124277 ns
[2025-03-20T14:27:57.953+0000][7][safepoint   ] Safepoint "Cleanup", Time since last: 1001260423 ns, Reaching safepoint: 88869 ns, At safepoint: 3206 ns, Total: 92075 ns
[2025-03-20T14:28:01.956+0000][7][safepoint   ] Safepoint "Cleanup", Time since last: 4003418249 ns, Reaching safepoint: 173922 ns, At safepoint: 5540 ns, Total: 179462 ns
[2025-03-20T14:28:02.957+0000][7][safepoint   ] Safepoint "Cleanup", Time since last: 1000622340 ns, Reaching safepoint: 108817 ns, At safepoint: 8206 ns, Total: 117023 ns
[2025-03-20T14:28:15.503+0000][7][safepoint   ] Safepoint "Cleanup", Time since last: 12545531787 ns, Reaching safepoint: 96284 ns, At safepoint: 15409 ns, Total: 111693 ns
[2025-03-20T14:28:16.504+0000][7][safepoint   ] Safepoint "Cleanup", Time since last: 1000896236 ns, Reaching safepoint: 100682 ns, At safepoint: 3817 ns, Total: 104499 ns
[2025-03-20T14:28:17.504+0000][7][safepoint   ] Safepoint "Cleanup", Time since last: 1000554706 ns, Reaching safepoint: 119919 ns, At safepoint: 4298 ns, Total: 124217 ns
[2025-03-20T14:28:29.512+0000][7][safepoint   ] Safepoint "Cleanup", Time since last: 12007178048 ns, Reaching safepoint: 110951 ns, At safepoint: 4569 ns, Total: 115520 ns
[2025-03-20T14:28:30.339+0000][7][gc,start    ] GC(95) Pause Young (Normal) (G1 Evacuation Pause)
[2025-03-20T14:28:30.339+0000][7][gc,task     ] GC(95) Using 8 workers of 8 for evacuation
[2025-03-20T14:28:30.339+0000][7][gc,age      ] GC(95) Desired survivor size 18874368 bytes, new threshold 15 (max threshold 15)
[2025-03-20T14:28:30.343+0000][7][gc,age      ] GC(95) Age table with threshold 15 (max threshold 15)
[2025-03-20T14:28:30.343+0000][7][gc,age      ] GC(95) - age   1:    1973360 bytes,    1973360 total
[2025-03-20T14:28:30.343+0000][7][gc,age      ] GC(95) - age   2:    1050368 bytes,    3023728 total
[2025-03-20T14:28:30.343+0000][7][gc,age      ] GC(95) - age   3:     129992 bytes,    3153720 total
[2025-03-20T14:28:30.343+0000][7][gc,age      ] GC(95) - age   4:       1520 bytes,    3155240 total
[2025-03-20T14:28:30.343+0000][7][gc,age      ] GC(95) - age   5:     134800 bytes,    3290040 total
[2025-03-20T14:28:30.343+0000][7][gc,age      ] GC(95) - age   6:      78928 bytes,    3368968 total
[2025-03-20T14:28:30.343+0000][7][gc,age      ] GC(95) - age   7:     130752 bytes,    3499720 total
[2025-03-20T14:28:30.343+0000][7][gc,age      ] GC(95) - age   8:       1592 bytes,    3501312 total
[2025-03-20T14:28:30.343+0000][7][gc,age      ] GC(95) - age   9:     233568 bytes,    3734880 total
[2025-03-20T14:28:30.343+0000][7][gc,age      ] GC(95) - age  10:       3680 bytes,    3738560 total
[2025-03-20T14:28:30.343+0000][7][gc,age      ] GC(95) - age  11:     708848 bytes,    4447408 total
[2025-03-20T14:28:30.343+0000][7][gc,age      ] GC(95) - age  12:     413520 bytes,    4860928 total
[2025-03-20T14:28:30.343+0000][7][gc,age      ] GC(95) - age  13:    3036816 bytes,    7897744 total
[2025-03-20T14:28:30.343+0000][7][gc,age      ] GC(95) - age  14:     176496 bytes,    8074240 total
[2025-03-20T14:28:30.343+0000][7][gc,age      ] GC(95) - age  15:       9560 bytes,    8083800 total
[2025-03-20T14:28:30.343+0000][7][gc,phases   ] GC(95)   Pre Evacuate Collection Set: 0.1ms
[2025-03-20T14:28:30.343+0000][7][gc,phases   ] GC(95)   Merge Heap Roots: 0.1ms
[2025-03-20T14:28:30.343+0000][7][gc,phases   ] GC(95)   Evacuate Collection Set: 2.6ms
[2025-03-20T14:28:30.343+0000][7][gc,phases   ] GC(95)   Post Evacuate Collection Set: 0.7ms
[2025-03-20T14:28:30.343+0000][7][gc,phases   ] GC(95)   Other: 0.2ms
[2025-03-20T14:28:30.343+0000][7][gc,heap     ] GC(95) Eden regions: 70->0(70)
[2025-03-20T14:28:30.343+0000][7][gc,heap     ] GC(95) Survivor regions: 2->2(9)
[2025-03-20T14:28:30.343+0000][7][gc,heap     ] GC(95) Old regions: 27->27
[2025-03-20T14:28:30.343+0000][7][gc,heap     ] GC(95) Archive regions: 2->2
[2025-03-20T14:28:30.343+0000][7][gc,heap     ] GC(95) Humongous regions: 5->5
[2025-03-20T14:28:30.343+0000][7][gc,metaspace] GC(95) Metaspace: 120328K(122048K)->120328K(122048K) NonClass: 104828K(105792K)->104828K(105792K) Class: 15499K(16256K)->15499K(16256K)
[2025-03-20T14:28:30.343+0000][7][gc          ] GC(95) Pause Young (Normal) (G1 Evacuation Pause) 417M->138M(512M) 3.846ms
[2025-03-20T14:28:30.343+0000][7][gc,cpu      ] GC(95) User=0.01s Sys=0.00s Real=0.00s
[2025-03-20T14:28:30.343+0000][7][safepoint   ] Safepoint "G1CollectForAllocation", Time since last: 827122608 ns, Reaching safepoint: 67909 ns, At safepoint: 3929014 ns, Total: 3996923 ns
[2025-03-20T14:28:33.344+0000][7][safepoint   ] Safepoint "Cleanup", Time since last: 3001177489 ns, Reaching safepoint: 98237 ns, At safepoint: 3577 ns, Total: 101814 ns
[2025-03-20T14:29:02.363+0000][7][safepoint   ] Safepoint "Cleanup", Time since last: 29018975546 ns, Reaching safepoint: 153974 ns, At safepoint: 16431 ns, Total: 170405 ns
[2025-03-20T14:29:03.364+0000][7][safepoint   ] Safepoint "Cleanup", Time since last: 1000214443 ns, Reaching safepoint: 94109 ns, At safepoint: 4809 ns, Total: 98918 ns
[2025-03-20T14:29:06.366+0000][7][safepoint   ] Safepoint "Cleanup", Time since last: 3002154889 ns, Reaching safepoint: 126200 ns, At safepoint: 4319 ns, Total: 130519 ns
[2025-03-20T14:29:09.369+0000][7][safepoint   ] Safepoint "Cleanup", Time since last: 3002789948 ns, Reaching safepoint: 90482 ns, At safepoint: 4248 ns, Total: 94730 ns
[2025-03-20T14:29:11.370+0000][7][gc,start    ] GC(96) Pause Young (Normal) (G1 Evacuation Pause)
[2025-03-20T14:29:11.370+0000][7][gc,task     ] GC(96) Using 8 workers of 8 for evacuation
[2025-03-20T14:29:11.370+0000][7][gc,age      ] GC(96) Desired survivor size 18874368 bytes, new threshold 15 (max threshold 15)
[2025-03-20T14:29:11.375+0000][7][gc,age      ] GC(96) Age table with threshold 15 (max threshold 15)
[2025-03-20T14:29:11.375+0000][7][gc,age      ] GC(96) - age   1:     846416 bytes,     846416 total
[2025-03-20T14:29:11.375+0000][7][gc,age      ] GC(96) - age   2:      63000 bytes,     909416 total
[2025-03-20T14:29:11.375+0000][7][gc,age      ] GC(96) - age   3:    1047960 bytes,    1957376 total
[2025-03-20T14:29:11.375+0000][7][gc,age      ] GC(96) - age   4:     129456 bytes,    2086832 total
[2025-03-20T14:29:11.375+0000][7][gc,age      ] GC(96) - age   5:       1200 bytes,    2088032 total
[2025-03-20T14:29:11.375+0000][7][gc,age      ] GC(96) - age   6:     134800 bytes,    2222832 total
[2025-03-20T14:29:11.375+0000][7][gc,age      ] GC(96) - age   7:      78864 bytes,    2301696 total
[2025-03-20T14:29:11.375+0000][7][gc,age      ] GC(96) - age   8:     130728 bytes,    2432424 total
[2025-03-20T14:29:11.375+0000][7][gc,age      ] GC(96) - age   9:       1592 bytes,    2434016 total
[2025-03-20T14:29:11.375+0000][7][gc,age      ] GC(96) - age  10:     233568 bytes,    2667584 total
[2025-03-20T14:29:11.375+0000][7][gc,age      ] GC(96) - age  11:       3680 bytes,    2671264 total
[2025-03-20T14:29:11.375+0000][7][gc,age      ] GC(96) - age  12:     708848 bytes,    3380112 total
[2025-03-20T14:29:11.375+0000][7][gc,age      ] GC(96) - age  13:     413520 bytes,    3793632 total
[2025-03-20T14:29:11.375+0000][7][gc,age      ] GC(96) - age  14:    3036816 bytes,    6830448 total
[2025-03-20T14:29:11.375+0000][7][gc,age      ] GC(96) - age  15:     176496 bytes,    7006944 total
[2025-03-20T14:29:11.375+0000][7][gc,phases   ] GC(96)   Pre Evacuate Collection Set: 0.1ms
[2025-03-20T14:29:11.375+0000][7][gc,phases   ] GC(96)   Merge Heap Roots: 0.1ms
[2025-03-20T14:29:11.375+0000][7][gc,phases   ] GC(96)   Evacuate Collection Set: 2.5ms
[2025-03-20T14:29:11.375+0000][7][gc,phases   ] GC(96)   Post Evacuate Collection Set: 1.8ms
[2025-03-20T14:29:11.375+0000][7][gc,phases   ] GC(96)   Other: 0.3ms
[2025-03-20T14:29:11.375+0000][7][gc,heap     ] GC(96) Eden regions: 70->0(70)
[2025-03-20T14:29:11.375+0000][7][gc,heap     ] GC(96) Survivor regions: 2->2(9)
[2025-03-20T14:29:11.375+0000][7][gc,heap     ] GC(96) Old regions: 27->27
[2025-03-20T14:29:11.375+0000][7][gc,heap     ] GC(96) Archive regions: 2->2
[2025-03-20T14:29:11.375+0000][7][gc,heap     ] GC(96) Humongous regions: 5->5
[2025-03-20T14:29:11.375+0000][7][gc,metaspace] GC(96) Metaspace: 120345K(122048K)->120345K(122048K) NonClass: 104844K(105792K)->104844K(105792K) Class: 15501K(16256K)->15501K(16256K)
[2025-03-20T14:29:11.375+0000][7][gc          ] GC(96) Pause Young (Normal) (G1 Evacuation Pause) 418M->137M(512M) 4.807ms
[2025-03-20T14:29:11.375+0000][7][gc,cpu      ] GC(96) User=0.01s Sys=0.00s Real=0.00s
[2025-03-20T14:29:11.375+0000][7][safepoint   ] Safepoint "G1CollectForAllocation", Time since last: 2001531141 ns, Reaching safepoint: 68771 ns, At safepoint: 4891979 ns, Total: 4960750 ns
[2025-03-20T14:29:14.377+0000][7][safepoint   ] Safepoint "Cleanup", Time since last: 3001870008 ns, Reaching safepoint: 74522 ns, At safepoint: 4408 ns, Total: 78930 ns
[2025-03-20T14:29:20.382+0000][7][safepoint   ] Safepoint "Cleanup", Time since last: 6003401433 ns, Reaching safepoint: 1170468 ns, At safepoint: 8146 ns, Total: 1178614 ns
[2025-03-20T14:29:21.382+0000][7][safepoint   ] Safepoint "Cleanup", Time since last: 1000294488 ns, Reaching safepoint: 114979 ns, At safepoint: 4779 ns, Total: 119758 ns
[2025-03-20T14:29:23.384+0000][7][safepoint   ] Safepoint "Cleanup", Time since last: 2001396872 ns, Reaching safepoint: 186866 ns, At safepoint: 8827 ns, Total: 195693 ns
[2025-03-20T14:29:25.385+0000][7][safepoint   ] Safepoint "Cleanup", Time since last: 2001089628 ns, Reaching safepoint: 190983 ns, At safepoint: 12334 ns, Total: 203317 ns
[2025-03-20T14:29:36.393+0000][7][safepoint   ] Safepoint "Cleanup", Time since last: 11007994454 ns, Reaching safepoint: 201554 ns, At safepoint: 10690 ns, Total: 212244 ns
[2025-03-20T14:29:39.395+0000][7][safepoint   ] Safepoint "Cleanup", Time since last: 3001414572 ns, Reaching safepoint: 114608 ns, At safepoint: 5872 ns, Total: 120480 ns
[2025-03-20T14:29:53.394+0000][7][gc,start    ] GC(97) Pause Young (Normal) (G1 Evacuation Pause)
[2025-03-20T14:29:53.394+0000][7][gc,task     ] GC(97) Using 8 workers of 8 for evacuation
[2025-03-20T14:29:53.394+0000][7][gc,age      ] GC(97) Desired survivor size 18874368 bytes, new threshold 15 (max threshold 15)
[2025-03-20T14:29:53.398+0000][7][gc,age      ] GC(97) Age table with threshold 15 (max threshold 15)
[2025-03-20T14:29:53.398+0000][7][gc,age      ] GC(97) - age   1:    1931832 bytes,    1931832 total
[2025-03-20T14:29:53.398+0000][7][gc,age      ] GC(97) - age   2:       6384 bytes,    1938216 total
[2025-03-20T14:29:53.398+0000][7][gc,age      ] GC(97) - age   3:      59384 bytes,    1997600 total
[2025-03-20T14:29:53.398+0000][7][gc,age      ] GC(97) - age   4:    1047176 bytes,    3044776 total
[2025-03-20T14:29:53.398+0000][7][gc,age      ] GC(97) - age   5:     128848 bytes,    3173624 total
[2025-03-20T14:29:53.398+0000][7][gc,age      ] GC(97) - age   6:       1200 bytes,    3174824 total
[2025-03-20T14:29:53.398+0000][7][gc,age      ] GC(97) - age   7:     134672 bytes,    3309496 total
[2025-03-20T14:29:53.398+0000][7][gc,age      ] GC(97) - age   8:      78864 bytes,    3388360 total
[2025-03-20T14:29:53.398+0000][7][gc,age      ] GC(97) - age   9:     130728 bytes,    3519088 total
[2025-03-20T14:29:53.398+0000][7][gc,age      ] GC(97) - age  10:       1592 bytes,    3520680 total
[2025-03-20T14:29:53.398+0000][7][gc,age      ] GC(97) - age  11:     233568 bytes,    3754248 total
[2025-03-20T14:29:53.398+0000][7][gc,age      ] GC(97) - age  12:       3680 bytes,    3757928 total
[2025-03-20T14:29:53.398+0000][7][gc,age      ] GC(97) - age  13:     708632 bytes,    4466560 total
[2025-03-20T14:29:53.398+0000][7][gc,age      ] GC(97) - age  14:     413520 bytes,    4880080 total
[2025-03-20T14:29:53.398+0000][7][gc,age      ] GC(97) - age  15:    3032152 bytes,    7912232 total
[2025-03-20T14:29:53.398+0000][7][gc,phases   ] GC(97)   Pre Evacuate Collection Set: 0.1ms
[2025-03-20T14:29:53.398+0000][7][gc,phases   ] GC(97)   Merge Heap Roots: 0.1ms
[2025-03-20T14:29:53.398+0000][7][gc,phases   ] GC(97)   Evacuate Collection Set: 2.7ms
[2025-03-20T14:29:53.398+0000][7][gc,phases   ] GC(97)   Post Evacuate Collection Set: 0.8ms
[2025-03-20T14:29:53.398+0000][7][gc,phases   ] GC(97)   Other: 0.2ms
[2025-03-20T14:29:53.398+0000][7][gc,heap     ] GC(97) Eden regions: 70->0(70)
[2025-03-20T14:29:53.398+0000][7][gc,heap     ] GC(97) Survivor regions: 2->2(9)
[2025-03-20T14:29:53.398+0000][7][gc,heap     ] GC(97) Old regions: 27->27
[2025-03-20T14:29:53.398+0000][7][gc,heap     ] GC(97) Archive regions: 2->2
[2025-03-20T14:29:53.398+0000][7][gc,heap     ] GC(97) Humongous regions: 5->5
[2025-03-20T14:29:53.398+0000][7][gc,metaspace] GC(97) Metaspace: 120345K(122048K)->120345K(122048K) NonClass: 104844K(105792K)->104844K(105792K) Class: 15501K(16256K)->15501K(16256K)
[2025-03-20T14:29:53.398+0000][7][gc          ] GC(97) Pause Young (Normal) (G1 Evacuation Pause) 417M->138M(512M) 3.966ms
[2025-03-20T14:29:53.398+0000][7][gc,cpu      ] GC(97) User=0.02s Sys=0.00s Real=0.00s
[2025-03-20T14:29:53.398+0000][7][safepoint   ] Safepoint "G1CollectForAllocation", Time since last: 13999161990 ns, Reaching safepoint: 110090 ns, At safepoint: 4044423 ns, Total: 4154513 ns
[2025-03-20T14:30:15.411+0000][7][safepoint   ] Safepoint "Cleanup", Time since last: 22012797362 ns, Reaching safepoint: 68481 ns, At safepoint: 5580 ns, Total: 74061 ns
[2025-03-20T14:30:17.412+0000][7][safepoint   ] Safepoint "Cleanup", Time since last: 2000744206 ns, Reaching safepoint: 698019 ns, At safepoint: 12725 ns, Total: 710744 ns
[2025-03-20T14:30:21.415+0000][7][safepoint   ] Safepoint "Cleanup", Time since last: 4002761669 ns, Reaching safepoint: 98873 ns, At safepoint: 6693 ns, Total: 105566 ns
[2025-03-20T14:30:32.423+0000][7][safepoint   ] Safepoint "Cleanup", Time since last: 11007063130 ns, Reaching safepoint: 87036 ns, At safepoint: 19126 ns, Total: 106162 ns
[2025-03-20T14:30:33.034+0000][7][gc,start    ] GC(98) Pause Young (Normal) (G1 Evacuation Pause)
[2025-03-20T14:30:33.034+0000][7][gc,task     ] GC(98) Using 8 workers of 8 for evacuation
[2025-03-20T14:30:33.034+0000][7][gc,age      ] GC(98) Desired survivor size 18874368 bytes, new threshold 15 (max threshold 15)
[2025-03-20T14:30:33.037+0000][7][gc,age      ] GC(98) Age table with threshold 15 (max threshold 15)
[2025-03-20T14:30:33.037+0000][7][gc,age      ] GC(98) - age   1:     724216 bytes,     724216 total
[2025-03-20T14:30:33.037+0000][7][gc,age      ] GC(98) - age   2:       6952 bytes,     731168 total
[2025-03-20T14:30:33.037+0000][7][gc,age      ] GC(98) - age   3:       3864 bytes,     735032 total
[2025-03-20T14:30:33.037+0000][7][gc,age      ] GC(98) - age   4:      58848 bytes,     793880 total
[2025-03-20T14:30:33.037+0000][7][gc,age      ] GC(98) - age   5:    1046752 bytes,    1840632 total
[2025-03-20T14:30:33.037+0000][7][gc,age      ] GC(98) - age   6:     128784 bytes,    1969416 total
[2025-03-20T14:30:33.037+0000][7][gc,age      ] GC(98) - age   7:       1200 bytes,    1970616 total
[2025-03-20T14:30:33.037+0000][7][gc,age      ] GC(98) - age   8:     134672 bytes,    2105288 total
[2025-03-20T14:30:33.037+0000][7][gc,age      ] GC(98) - age   9:      78864 bytes,    2184152 total
[2025-03-20T14:30:33.037+0000][7][gc,age      ] GC(98) - age  10:     130728 bytes,    2314880 total
[2025-03-20T14:30:33.037+0000][7][gc,age      ] GC(98) - age  11:       1592 bytes,    2316472 total
[2025-03-20T14:30:33.037+0000][7][gc,age      ] GC(98) - age  12:     233568 bytes,    2550040 total
[2025-03-20T14:30:33.037+0000][7][gc,age      ] GC(98) - age  13:       3680 bytes,    2553720 total
[2025-03-20T14:30:33.037+0000][7][gc,age      ] GC(98) - age  14:     708632 bytes,    3262352 total
[2025-03-20T14:30:33.037+0000][7][gc,age      ] GC(98) - age  15:     413520 bytes,    3675872 total
[2025-03-20T14:30:33.037+0000][7][gc,phases   ] GC(98)   Pre Evacuate Collection Set: 0.1ms
[2025-03-20T14:30:33.037+0000][7][gc,phases   ] GC(98)   Merge Heap Roots: 0.1ms
[2025-03-20T14:30:33.037+0000][7][gc,phases   ] GC(98)   Evacuate Collection Set: 2.0ms
[2025-03-20T14:30:33.037+0000][7][gc,phases   ] GC(98)   Post Evacuate Collection Set: 0.7ms
[2025-03-20T14:30:33.037+0000][7][gc,phases   ] GC(98)   Other: 0.2ms
[2025-03-20T14:30:33.037+0000][7][gc,heap     ] GC(98) Eden regions: 70->0(70)
[2025-03-20T14:30:33.037+0000][7][gc,heap     ] GC(98) Survivor regions: 2->1(9)
[2025-03-20T14:30:33.037+0000][7][gc,heap     ] GC(98) Old regions: 27->28
[2025-03-20T14:30:33.037+0000][7][gc,heap     ] GC(98) Archive regions: 2->2
[2025-03-20T14:30:33.037+0000][7][gc,heap     ] GC(98) Humongous regions: 5->5
[2025-03-20T14:30:33.037+0000][7][gc,metaspace] GC(98) Metaspace: 120346K(122048K)->120346K(122048K) NonClass: 104845K(105792K)->104845K(105792K) Class: 15501K(16256K)->15501K(16256K)
[2025-03-20T14:30:33.037+0000][7][gc          ] GC(98) Pause Young (Normal) (G1 Evacuation Pause) 418M->137M(512M) 3.192ms
[2025-03-20T14:30:33.037+0000][7][gc,cpu      ] GC(98) User=0.01s Sys=0.00s Real=0.00s
[2025-03-20T14:30:33.037+0000][7][safepoint   ] Safepoint "G1CollectForAllocation", Time since last: 610904983 ns, Reaching safepoint: 97734 ns, At safepoint: 3274786 ns, Total: 3372520 ns
[2025-03-20T14:31:06.055+0000][7][safepoint   ] Safepoint "Cleanup", Time since last: 33018396514 ns, Reaching safepoint: 109849 ns, At safepoint: 4969 ns, Total: 114818 ns
[2025-03-20T14:31:09.056+0000][7][safepoint   ] Safepoint "Cleanup", Time since last: 3000641522 ns, Reaching safepoint: 96784 ns, At safepoint: 4418 ns, Total: 101202 ns
[2025-03-20T14:31:17.411+0000][7][gc,start    ] GC(99) Pause Young (Normal) (G1 Evacuation Pause)
[2025-03-20T14:31:17.411+0000][7][gc,task     ] GC(99) Using 8 workers of 8 for evacuation
[2025-03-20T14:31:17.411+0000][7][gc,age      ] GC(99) Desired survivor size 18874368 bytes, new threshold 15 (max threshold 15)
[2025-03-20T14:31:17.415+0000][7][gc,age      ] GC(99) Age table with threshold 15 (max threshold 15)
[2025-03-20T14:31:17.415+0000][7][gc,age      ] GC(99) - age   1:    1935944 bytes,    1935944 total
[2025-03-20T14:31:17.415+0000][7][gc,age      ] GC(99) - age   2:       3152 bytes,    1939096 total
[2025-03-20T14:31:17.415+0000][7][gc,age      ] GC(99) - age   3:       3936 bytes,    1943032 total
[2025-03-20T14:31:17.415+0000][7][gc,age      ] GC(99) - age   4:       3384 bytes,    1946416 total
[2025-03-20T14:31:17.415+0000][7][gc,age      ] GC(99) - age   5:      58848 bytes,    2005264 total
[2025-03-20T14:31:17.415+0000][7][gc,age      ] GC(99) - age   6:    1046752 bytes,    3052016 total
[2025-03-20T14:31:17.415+0000][7][gc,age      ] GC(99) - age   7:     128784 bytes,    3180800 total
[2025-03-20T14:31:17.415+0000][7][gc,age      ] GC(99) - age   8:       1200 bytes,    3182000 total
[2025-03-20T14:31:17.415+0000][7][gc,age      ] GC(99) - age   9:     119824 bytes,    3301824 total
[2025-03-20T14:31:17.415+0000][7][gc,age      ] GC(99) - age  10:      78864 bytes,    3380688 total
[2025-03-20T14:31:17.415+0000][7][gc,age      ] GC(99) - age  11:     130728 bytes,    3511416 total
[2025-03-20T14:31:17.415+0000][7][gc,age      ] GC(99) - age  12:       1592 bytes,    3513008 total
[2025-03-20T14:31:17.415+0000][7][gc,age      ] GC(99) - age  13:     233568 bytes,    3746576 total
[2025-03-20T14:31:17.415+0000][7][gc,age      ] GC(99) - age  14:       3680 bytes,    3750256 total
[2025-03-20T14:31:17.415+0000][7][gc,age      ] GC(99) - age  15:     708632 bytes,    4458888 total
[2025-03-20T14:31:17.415+0000][7][gc,phases   ] GC(99)   Pre Evacuate Collection Set: 0.1ms
[2025-03-20T14:31:17.415+0000][7][gc,phases   ] GC(99)   Merge Heap Roots: 0.0ms
[2025-03-20T14:31:17.415+0000][7][gc,phases   ] GC(99)   Evacuate Collection Set: 2.9ms
[2025-03-20T14:31:17.415+0000][7][gc,phases   ] GC(99)   Post Evacuate Collection Set: 0.9ms
[2025-03-20T14:31:17.415+0000][7][gc,phases   ] GC(99)   Other: 0.3ms
[2025-03-20T14:31:17.415+0000][7][gc,heap     ] GC(99) Eden regions: 70->0(69)
[2025-03-20T14:31:17.415+0000][7][gc,heap     ] GC(99) Survivor regions: 1->2(9)
[2025-03-20T14:31:17.415+0000][7][gc,heap     ] GC(99) Old regions: 28->28
[2025-03-20T14:31:17.415+0000][7][gc,heap     ] GC(99) Archive regions: 2->2
[2025-03-20T14:31:17.415+0000][7][gc,heap     ] GC(99) Humongous regions: 5->5
[2025-03-20T14:31:17.415+0000][7][gc,metaspace] GC(99) Metaspace: 120347K(122048K)->120347K(122048K) NonClass: 104846K(105792K)->104846K(105792K) Class: 15501K(16256K)->15501K(16256K)
[2025-03-20T14:31:17.415+0000][7][gc          ] GC(99) Pause Young (Normal) (G1 Evacuation Pause) 417M->138M(512M) 4.317ms
[2025-03-20T14:31:17.415+0000][7][gc,cpu      ] GC(99) User=0.01s Sys=0.00s Real=0.00s
[2025-03-20T14:31:17.415+0000][7][safepoint   ] Safepoint "G1CollectForAllocation", Time since last: 8354431519 ns, Reaching safepoint: 89731 ns, At safepoint: 4400267 ns, Total: 4489998 ns
[2025-03-20T14:31:25.420+0000][7][safepoint   ] Safepoint "Cleanup", Time since last: 8004821882 ns, Reaching safepoint: 84391 ns, At safepoint: 4398 ns, Total: 88789 ns
[2025-03-20T14:31:33.425+0000][7][safepoint   ] Safepoint "Cleanup", Time since last: 8004611990 ns, Reaching safepoint: 106923 ns, At safepoint: 7595 ns, Total: 114518 ns
[2025-03-20T14:31:55.439+0000][7][safepoint   ] Safepoint "Cleanup", Time since last: 22013908603 ns, Reaching safepoint: 120199 ns, At safepoint: 9298 ns, Total: 129497 ns
[2025-03-20T14:31:56.906+0000][7][gc,start    ] GC(100) Pause Young (Normal) (G1 Evacuation Pause)
[2025-03-20T14:31:56.906+0000][7][gc,task     ] GC(100) Using 8 workers of 8 for evacuation
[2025-03-20T14:31:56.906+0000][7][gc,age      ] GC(100) Desired survivor size 18874368 bytes, new threshold 15 (max threshold 15)
[2025-03-20T14:31:56.909+0000][7][gc,age      ] GC(100) Age table with threshold 15 (max threshold 15)
[2025-03-20T14:31:56.909+0000][7][gc,age      ] GC(100) - age   1:    3164984 bytes,    3164984 total
[2025-03-20T14:31:56.909+0000][7][gc,age      ] GC(100) - age   2:       5920 bytes,    3170904 total
[2025-03-20T14:31:56.909+0000][7][gc,age      ] GC(100) - age   3:       1464 bytes,    3172368 total
[2025-03-20T14:31:56.909+0000][7][gc,age      ] GC(100) - age   4:       3208 bytes,    3175576 total
[2025-03-20T14:31:56.909+0000][7][gc,age      ] GC(100) - age   5:       2944 bytes,    3178520 total
[2025-03-20T14:31:56.909+0000][7][gc,age      ] GC(100) - age   6:      58304 bytes,    3236824 total
[2025-03-20T14:31:56.909+0000][7][gc,age      ] GC(100) - age   7:    1046688 bytes,    4283512 total
[2025-03-20T14:31:56.909+0000][7][gc,age      ] GC(100) - age   8:     128784 bytes,    4412296 total
[2025-03-20T14:31:56.909+0000][7][gc,age      ] GC(100) - age   9:       1200 bytes,    4413496 total
[2025-03-20T14:31:56.909+0000][7][gc,age      ] GC(100) - age  10:     119680 bytes,    4533176 total
[2025-03-20T14:31:56.909+0000][7][gc,age      ] GC(100) - age  11:      78864 bytes,    4612040 total
[2025-03-20T14:31:56.909+0000][7][gc,age      ] GC(100) - age  12:     130728 bytes,    4742768 total
[2025-03-20T14:31:56.909+0000][7][gc,age      ] GC(100) - age  13:       1592 bytes,    4744360 total
[2025-03-20T14:31:56.909+0000][7][gc,age      ] GC(100) - age  14:     233568 bytes,    4977928 total
[2025-03-20T14:31:56.909+0000][7][gc,age      ] GC(100) - age  15:       3680 bytes,    4981608 total
[2025-03-20T14:31:56.909+0000][7][gc,phases   ] GC(100)   Pre Evacuate Collection Set: 0.1ms
[2025-03-20T14:31:56.909+0000][7][gc,phases   ] GC(100)   Merge Heap Roots: 0.1ms
[2025-03-20T14:31:56.909+0000][7][gc,phases   ] GC(100)   Evacuate Collection Set: 1.9ms
[2025-03-20T14:31:56.909+0000][7][gc,phases   ] GC(100)   Post Evacuate Collection Set: 0.7ms
[2025-03-20T14:31:56.909+0000][7][gc,phases   ] GC(100)   Other: 0.5ms
[2025-03-20T14:31:56.909+0000][7][gc,heap     ] GC(100) Eden regions: 69->0(69)
[2025-03-20T14:31:56.909+0000][7][gc,heap     ] GC(100) Survivor regions: 2->2(9)
[2025-03-20T14:31:56.909+0000][7][gc,heap     ] GC(100) Old regions: 28->28
[2025-03-20T14:31:56.909+0000][7][gc,heap     ] GC(100) Archive regions: 2->2
[2025-03-20T14:31:56.909+0000][7][gc,heap     ] GC(100) Humongous regions: 5->5
[2025-03-20T14:31:56.909+0000][7][gc,metaspace] GC(100) Metaspace: 120352K(122048K)->120352K(122048K) NonClass: 104850K(105792K)->104850K(105792K) Class: 15501K(16256K)->15501K(16256K)
[2025-03-20T14:31:56.909+0000][7][gc          ] GC(100) Pause Young (Normal) (G1 Evacuation Pause) 414M->139M(512M) 3.308ms
[2025-03-20T14:31:56.909+0000][7][gc,cpu      ] GC(100) User=0.01s Sys=0.00s Real=0.01s
[2025-03-20T14:31:56.909+0000][7][safepoint   ] Safepoint "G1CollectForAllocation", Time since last: 1467347730 ns, Reaching safepoint: 94749 ns, At safepoint: 3392806 ns, Total: 3487555 ns
[2025-03-20T14:31:57.910+0000][7][safepoint   ] Safepoint "Cleanup", Time since last: 1000842843 ns, Reaching safepoint: 91564 ns, At safepoint: 4369 ns, Total: 95933 ns
[2025-03-20T14:32:01.912+0000][7][safepoint   ] Safepoint "Cleanup", Time since last: 4001674530 ns, Reaching safepoint: 160687 ns, At safepoint: 13405 ns, Total: 174092 ns
[2025-03-20T14:32:11.916+0000][7][safepoint   ] Safepoint "Cleanup", Time since last: 10004119412 ns, Reaching safepoint: 85092 ns, At safepoint: 3917 ns, Total: 89009 ns
[2025-03-20T14:32:21.922+0000][7][safepoint   ] Safepoint "Cleanup", Time since last: 10005531722 ns, Reaching safepoint: 91494 ns, At safepoint: 3907 ns, Total: 95401 ns
[2025-03-20T14:32:39.002+0000][7][gc,start    ] GC(101) Pause Young (Normal) (G1 Evacuation Pause)
[2025-03-20T14:32:39.002+0000][7][gc,task     ] GC(101) Using 8 workers of 8 for evacuation
[2025-03-20T14:32:39.003+0000][7][gc,age      ] GC(101) Desired survivor size 18874368 bytes, new threshold 15 (max threshold 15)
[2025-03-20T14:32:39.005+0000][7][gc,age      ] GC(101) Age table with threshold 15 (max threshold 15)
[2025-03-20T14:32:39.005+0000][7][gc,age      ] GC(101) - age   1:    1218776 bytes,    1218776 total
[2025-03-20T14:32:39.005+0000][7][gc,age      ] GC(101) - age   2:      10376 bytes,    1229152 total
[2025-03-20T14:32:39.005+0000][7][gc,age      ] GC(101) - age   3:       3304 bytes,    1232456 total
[2025-03-20T14:32:39.005+0000][7][gc,age      ] GC(101) - age   4:       1256 bytes,    1233712 total
[2025-03-20T14:32:39.005+0000][7][gc,age      ] GC(101) - age   5:       3064 bytes,    1236776 total
[2025-03-20T14:32:39.005+0000][7][gc,age      ] GC(101) - age   6:       2944 bytes,    1239720 total
[2025-03-20T14:32:39.005+0000][7][gc,age      ] GC(101) - age   7:      12816 bytes,    1252536 total
[2025-03-20T14:32:39.005+0000][7][gc,age      ] GC(101) - age   8:     137880 bytes,    1390416 total
[2025-03-20T14:32:39.005+0000][7][gc,age      ] GC(101) - age   9:       3744 bytes,    1394160 total
[2025-03-20T14:32:39.005+0000][7][gc,age      ] GC(101) - age  10:       1168 bytes,    1395328 total
[2025-03-20T14:32:39.005+0000][7][gc,age      ] GC(101) - age  11:     108472 bytes,    1503800 total
[2025-03-20T14:32:39.005+0000][7][gc,age      ] GC(101) - age  12:      78864 bytes,    1582664 total
[2025-03-20T14:32:39.005+0000][7][gc,age      ] GC(101) - age  13:      14832 bytes,    1597496 total
[2025-03-20T14:32:39.005+0000][7][gc,age      ] GC(101) - age  14:       1592 bytes,    1599088 total
[2025-03-20T14:32:39.005+0000][7][gc,age      ] GC(101) - age  15:     233568 bytes,    1832656 total
[2025-03-20T14:32:39.005+0000][7][gc,phases   ] GC(101)   Pre Evacuate Collection Set: 0.2ms
[2025-03-20T14:32:39.005+0000][7][gc,phases   ] GC(101)   Merge Heap Roots: 0.1ms
[2025-03-20T14:32:39.005+0000][7][gc,phases   ] GC(101)   Evacuate Collection Set: 1.2ms
[2025-03-20T14:32:39.005+0000][7][gc,phases   ] GC(101)   Post Evacuate Collection Set: 0.7ms
[2025-03-20T14:32:39.005+0000][7][gc,phases   ] GC(101)   Other: 0.2ms
[2025-03-20T14:32:39.005+0000][7][gc,heap     ] GC(101) Eden regions: 69->0(70)
[2025-03-20T14:32:39.005+0000][7][gc,heap     ] GC(101) Survivor regions: 2->1(9)
[2025-03-20T14:32:39.005+0000][7][gc,heap     ] GC(101) Old regions: 28->28
[2025-03-20T14:32:39.005+0000][7][gc,heap     ] GC(101) Archive regions: 2->2
[2025-03-20T14:32:39.005+0000][7][gc,heap     ] GC(101) Humongous regions: 5->5
[2025-03-20T14:32:39.005+0000][7][gc,metaspace] GC(101) Metaspace: 120352K(122048K)->120352K(122048K) NonClass: 104851K(105792K)->104851K(105792K) Class: 15501K(16256K)->15501K(16256K)
[2025-03-20T14:32:39.005+0000][7][gc          ] GC(101) Pause Young (Normal) (G1 Evacuation Pause) 415M->136M(512M) 2.371ms
[2025-03-20T14:32:39.005+0000][7][gc,cpu      ] GC(101) User=0.01s Sys=0.00s Real=0.00s
[2025-03-20T14:32:39.005+0000][7][safepoint   ] Safepoint "G1CollectForAllocation", Time since last: 17080159839 ns, Reaching safepoint: 135217 ns, At safepoint: 2452801 ns, Total: 2588018 ns
[2025-03-20T14:33:03.020+0000][7][safepoint   ] Safepoint "Cleanup", Time since last: 24014649441 ns, Reaching safepoint: 164783 ns, At safepoint: 5130 ns, Total: 169913 ns
[2025-03-20T14:33:12.025+0000][7][safepoint   ] Safepoint "Cleanup", Time since last: 9005579406 ns, Reaching safepoint: 139456 ns, At safepoint: 4438 ns, Total: 143894 ns
[2025-03-20T14:33:20.432+0000][7][gc,start    ] GC(102) Pause Young (Normal) (G1 Evacuation Pause)
[2025-03-20T14:33:20.432+0000][7][gc,task     ] GC(102) Using 8 workers of 8 for evacuation
[2025-03-20T14:33:20.432+0000][7][gc,age      ] GC(102) Desired survivor size 18874368 bytes, new threshold 15 (max threshold 15)
[2025-03-20T14:33:20.435+0000][7][gc,age      ] GC(102) Age table with threshold 15 (max threshold 15)
[2025-03-20T14:33:20.435+0000][7][gc,age      ] GC(102) - age   1:    2021568 bytes,    2021568 total
[2025-03-20T14:33:20.435+0000][7][gc,age      ] GC(102) - age   2:     185408 bytes,    2206976 total
[2025-03-20T14:33:20.435+0000][7][gc,age      ] GC(102) - age   3:       6680 bytes,    2213656 total
[2025-03-20T14:33:20.435+0000][7][gc,age      ] GC(102) - age   4:       2920 bytes,    2216576 total
[2025-03-20T14:33:20.435+0000][7][gc,age      ] GC(102) - age   5:        880 bytes,    2217456 total
[2025-03-20T14:33:20.435+0000][7][gc,age      ] GC(102) - age   6:       3000 bytes,    2220456 total
[2025-03-20T14:33:20.435+0000][7][gc,age      ] GC(102) - age   7:       2840 bytes,    2223296 total
[2025-03-20T14:33:20.435+0000][7][gc,age      ] GC(102) - age   8:      12440 bytes,    2235736 total
[2025-03-20T14:33:20.435+0000][7][gc,age      ] GC(102) - age   9:     137752 bytes,    2373488 total
[2025-03-20T14:33:20.435+0000][7][gc,age      ] GC(102) - age  10:       3680 bytes,    2377168 total
[2025-03-20T14:33:20.435+0000][7][gc,age      ] GC(102) - age  11:       1168 bytes,    2378336 total
[2025-03-20T14:33:20.435+0000][7][gc,age      ] GC(102) - age  12:     108472 bytes,    2486808 total
[2025-03-20T14:33:20.435+0000][7][gc,age      ] GC(102) - age  13:      78864 bytes,    2565672 total
[2025-03-20T14:33:20.435+0000][7][gc,age      ] GC(102) - age  14:      14832 bytes,    2580504 total
[2025-03-20T14:33:20.435+0000][7][gc,age      ] GC(102) - age  15:       1592 bytes,    2582096 total
[2025-03-20T14:33:20.435+0000][7][gc,phases   ] GC(102)   Pre Evacuate Collection Set: 0.1ms
[2025-03-20T14:33:20.435+0000][7][gc,phases   ] GC(102)   Merge Heap Roots: 0.0ms
[2025-03-20T14:33:20.435+0000][7][gc,phases   ] GC(102)   Evacuate Collection Set: 1.6ms
[2025-03-20T14:33:20.435+0000][7][gc,phases   ] GC(102)   Post Evacuate Collection Set: 1.1ms
[2025-03-20T14:33:20.435+0000][7][gc,phases   ] GC(102)   Other: 0.3ms
[2025-03-20T14:33:20.435+0000][7][gc,heap     ] GC(102) Eden regions: 70->0(70)
[2025-03-20T14:33:20.435+0000][7][gc,heap     ] GC(102) Survivor regions: 1->1(9)
[2025-03-20T14:33:20.435+0000][7][gc,heap     ] GC(102) Old regions: 28->28
[2025-03-20T14:33:20.435+0000][7][gc,heap     ] GC(102) Archive regions: 2->2
[2025-03-20T14:33:20.435+0000][7][gc,heap     ] GC(102) Humongous regions: 5->5
[2025-03-20T14:33:20.436+0000][7][gc,metaspace] GC(102) Metaspace: 120353K(122048K)->120353K(122048K) NonClass: 104852K(105792K)->104852K(105792K) Class: 15501K(16256K)->15501K(16256K)
[2025-03-20T14:33:20.436+0000][7][gc          ] GC(102) Pause Young (Normal) (G1 Evacuation Pause) 416M->137M(512M) 3.097ms
[2025-03-20T14:33:20.436+0000][7][gc,cpu      ] GC(102) User=0.01s Sys=0.00s Real=0.00s
[2025-03-20T14:33:20.436+0000][7][safepoint   ] Safepoint "G1CollectForAllocation", Time since last: 8406944057 ns, Reaching safepoint: 68100 ns, At safepoint: 3167344 ns, Total: 3235444 ns
[2025-03-20T14:33:42.449+0000][7][safepoint   ] Safepoint "Cleanup", Time since last: 22012977755 ns, Reaching safepoint: 129567 ns, At safepoint: 4739 ns, Total: 134306 ns
[2025-03-20T14:33:48.452+0000][7][safepoint   ] Safepoint "Cleanup", Time since last: 6003145565 ns, Reaching safepoint: 144615 ns, At safepoint: 4809 ns, Total: 149424 ns
[2025-03-20T14:33:51.454+0000][7][safepoint   ] Safepoint "Cleanup", Time since last: 3001654870 ns, Reaching safepoint: 119468 ns, At safepoint: 4027 ns, Total: 123495 ns
[2025-03-20T14:34:02.450+0000][7][gc,start    ] GC(103) Pause Young (Normal) (G1 Evacuation Pause)
[2025-03-20T14:34:02.450+0000][7][gc,task     ] GC(103) Using 8 workers of 8 for evacuation
[2025-03-20T14:34:02.450+0000][7][gc,age      ] GC(103) Desired survivor size 18874368 bytes, new threshold 15 (max threshold 15)
[2025-03-20T14:34:02.453+0000][7][gc,age      ] GC(103) Age table with threshold 15 (max threshold 15)
[2025-03-20T14:34:02.453+0000][7][gc,age      ] GC(103) - age   1:    3073520 bytes,    3073520 total
[2025-03-20T14:34:02.453+0000][7][gc,age      ] GC(103) - age   2:      45136 bytes,    3118656 total
[2025-03-20T14:34:02.453+0000][7][gc,age      ] GC(103) - age   3:     183960 bytes,    3302616 total
[2025-03-20T14:34:02.453+0000][7][gc,age      ] GC(103) - age   4:       5928 bytes,    3308544 total
[2025-03-20T14:34:02.453+0000][7][gc,age      ] GC(103) - age   5:       2344 bytes,    3310888 total
[2025-03-20T14:34:02.453+0000][7][gc,age      ] GC(103) - age   6:        568 bytes,    3311456 total
[2025-03-20T14:34:02.453+0000][7][gc,age      ] GC(103) - age   7:       3000 bytes,    3314456 total
[2025-03-20T14:34:02.453+0000][7][gc,age      ] GC(103) - age   8:       2840 bytes,    3317296 total
[2025-03-20T14:34:02.453+0000][7][gc,age      ] GC(103) - age   9:      12376 bytes,    3329672 total
[2025-03-20T14:34:02.453+0000][7][gc,age      ] GC(103) - age  10:     137752 bytes,    3467424 total
[2025-03-20T14:34:02.453+0000][7][gc,age      ] GC(103) - age  11:       3680 bytes,    3471104 total
[2025-03-20T14:34:02.453+0000][7][gc,age      ] GC(103) - age  12:       1168 bytes,    3472272 total
[2025-03-20T14:34:02.453+0000][7][gc,age      ] GC(103) - age  13:     108472 bytes,    3580744 total
[2025-03-20T14:34:02.453+0000][7][gc,age      ] GC(103) - age  14:      78864 bytes,    3659608 total
[2025-03-20T14:34:02.453+0000][7][gc,age      ] GC(103) - age  15:      14256 bytes,    3673864 total
[2025-03-20T14:34:02.453+0000][7][gc,phases   ] GC(103)   Pre Evacuate Collection Set: 0.1ms
[2025-03-20T14:34:02.453+0000][7][gc,phases   ] GC(103)   Merge Heap Roots: 0.1ms
[2025-03-20T14:34:02.453+0000][7][gc,phases   ] GC(103)   Evacuate Collection Set: 1.2ms
[2025-03-20T14:34:02.453+0000][7][gc,phases   ] GC(103)   Post Evacuate Collection Set: 0.6ms
[2025-03-20T14:34:02.453+0000][7][gc,phases   ] GC(103)   Other: 0.2ms
[2025-03-20T14:34:02.453+0000][7][gc,heap     ] GC(103) Eden regions: 70->0(70)
[2025-03-20T14:34:02.453+0000][7][gc,heap     ] GC(103) Survivor regions: 1->1(9)
[2025-03-20T14:34:02.453+0000][7][gc,heap     ] GC(103) Old regions: 28->28
[2025-03-20T14:34:02.453+0000][7][gc,heap     ] GC(103) Archive regions: 2->2
[2025-03-20T14:34:02.453+0000][7][gc,heap     ] GC(103) Humongous regions: 5->5
[2025-03-20T14:34:02.453+0000][7][gc,metaspace] GC(103) Metaspace: 120368K(122048K)->120368K(122048K) NonClass: 104866K(105792K)->104866K(105792K) Class: 15501K(16256K)->15501K(16256K)
[2025-03-20T14:34:02.453+0000][7][gc          ] GC(103) Pause Young (Normal) (G1 Evacuation Pause) 417M->138M(512M) 2.324ms
[2025-03-20T14:34:02.453+0000][7][gc,cpu      ] GC(103) User=0.01s Sys=0.00s Real=0.00s
[2025-03-20T14:34:02.453+0000][7][safepoint   ] Safepoint "G1CollectForAllocation", Time since last: 10996524810 ns, Reaching safepoint: 81325 ns, At safepoint: 2390963 ns, Total: 2472288 ns
[2025-03-20T14:34:14.461+0000][7][safepoint   ] Safepoint "Cleanup", Time since last: 12007736952 ns, Reaching safepoint: 91134 ns, At safepoint: 3917 ns, Total: 95051 ns
[2025-03-20T14:34:21.468+0000][7][safepoint   ] Safepoint "Cleanup", Time since last: 7007690916 ns, Reaching safepoint: 205993 ns, At safepoint: 6662 ns, Total: 212655 ns
[2025-03-20T14:34:23.469+0000][7][safepoint   ] Safepoint "Cleanup", Time since last: 2000895381 ns, Reaching safepoint: 117744 ns, At safepoint: 8176 ns, Total: 125920 ns
[2025-03-20T14:34:25.471+0000][7][safepoint   ] Safepoint "Cleanup", Time since last: 2001034633 ns, Reaching safepoint: 196483 ns, At safepoint: 7103 ns, Total: 203586 ns
[2025-03-20T14:34:28.473+0000][7][safepoint   ] Safepoint "Cleanup", Time since last: 3002026309 ns, Reaching safepoint: 148453 ns, At safepoint: 4779 ns, Total: 153232 ns
[2025-03-20T14:34:30.475+0000][7][safepoint   ] Safepoint "Cleanup", Time since last: 2001508267 ns, Reaching safepoint: 125108 ns, At safepoint: 5100 ns, Total: 130208 ns
[2025-03-20T14:34:36.480+0000][7][safepoint   ] Safepoint "Cleanup", Time since last: 6004900560 ns, Reaching safepoint: 131109 ns, At safepoint: 4980 ns, Total: 136089 ns
[2025-03-20T14:34:38.482+0000][7][safepoint   ] Safepoint "Cleanup", Time since last: 2001858264 ns, Reaching safepoint: 75263 ns, At safepoint: 5260 ns, Total: 80523 ns
[2025-03-20T14:34:44.447+0000][7][gc,start    ] GC(104) Pause Young (Normal) (G1 Evacuation Pause)
[2025-03-20T14:34:44.447+0000][7][gc,task     ] GC(104) Using 8 workers of 8 for evacuation
[2025-03-20T14:34:44.447+0000][7][gc,age      ] GC(104) Desired survivor size 18874368 bytes, new threshold 15 (max threshold 15)
[2025-03-20T14:34:44.449+0000][7][gc,age      ] GC(104) Age table with threshold 15 (max threshold 15)
[2025-03-20T14:34:44.449+0000][7][gc,age      ] GC(104) - age   1:    1644760 bytes,    1644760 total
[2025-03-20T14:34:44.449+0000][7][gc,age      ] GC(104) - age   2:       8568 bytes,    1653328 total
[2025-03-20T14:34:44.449+0000][7][gc,age      ] GC(104) - age   3:      42472 bytes,    1695800 total
[2025-03-20T14:34:44.449+0000][7][gc,age      ] GC(104) - age   4:     182904 bytes,    1878704 total
[2025-03-20T14:34:44.449+0000][7][gc,age      ] GC(104) - age   5:       5704 bytes,    1884408 total
[2025-03-20T14:34:44.449+0000][7][gc,age      ] GC(104) - age   6:       2344 bytes,    1886752 total
[2025-03-20T14:34:44.449+0000][7][gc,age      ] GC(104) - age   7:        504 bytes,    1887256 total
[2025-03-20T14:34:44.449+0000][7][gc,age      ] GC(104) - age   8:       2816 bytes,    1890072 total
[2025-03-20T14:34:44.449+0000][7][gc,age      ] GC(104) - age   9:       2840 bytes,    1892912 total
[2025-03-20T14:34:44.449+0000][7][gc,age      ] GC(104) - age  10:       4168 bytes,    1897080 total
[2025-03-20T14:34:44.449+0000][7][gc,age      ] GC(104) - age  11:     137688 bytes,    2034768 total
[2025-03-20T14:34:44.449+0000][7][gc,age      ] GC(104) - age  12:       3680 bytes,    2038448 total
[2025-03-20T14:34:44.449+0000][7][gc,age      ] GC(104) - age  13:       1168 bytes,    2039616 total
[2025-03-20T14:34:44.449+0000][7][gc,age      ] GC(104) - age  14:     108472 bytes,    2148088 total
[2025-03-20T14:34:44.449+0000][7][gc,age      ] GC(104) - age  15:      78864 bytes,    2226952 total
[2025-03-20T14:34:44.449+0000][7][gc,phases   ] GC(104)   Pre Evacuate Collection Set: 0.1ms
[2025-03-20T14:34:44.449+0000][7][gc,phases   ] GC(104)   Merge Heap Roots: 0.1ms
[2025-03-20T14:34:44.449+0000][7][gc,phases   ] GC(104)   Evacuate Collection Set: 1.0ms
[2025-03-20T14:34:44.449+0000][7][gc,phases   ] GC(104)   Post Evacuate Collection Set: 1.1ms
[2025-03-20T14:34:44.449+0000][7][gc,phases   ] GC(104)   Other: 0.3ms
[2025-03-20T14:34:44.449+0000][7][gc,heap     ] GC(104) Eden regions: 70->0(70)
[2025-03-20T14:34:44.449+0000][7][gc,heap     ] GC(104) Survivor regions: 1->1(9)
[2025-03-20T14:34:44.449+0000][7][gc,heap     ] GC(104) Old regions: 28->28
[2025-03-20T14:34:44.449+0000][7][gc,heap     ] GC(104) Archive regions: 2->2
[2025-03-20T14:34:44.449+0000][7][gc,heap     ] GC(104) Humongous regions: 5->5
[2025-03-20T14:34:44.450+0000][7][gc,metaspace] GC(104) Metaspace: 120381K(122112K)->120381K(122112K) NonClass: 104879K(105856K)->104879K(105856K) Class: 15501K(16256K)->15501K(16256K)
[2025-03-20T14:34:44.450+0000][7][gc          ] GC(104) Pause Young (Normal) (G1 Evacuation Pause) 418M->137M(512M) 2.644ms
[2025-03-20T14:34:44.450+0000][7][gc,cpu      ] GC(104) User=0.00s Sys=0.00s Real=0.00s
[2025-03-20T14:34:44.450+0000][7][safepoint   ] Safepoint "G1CollectForAllocation", Time since last: 5965150590 ns, Reaching safepoint: 161046 ns, At safepoint: 2715883 ns, Total: 2876929 ns
[2025-03-20T14:34:57.455+0000][7][safepoint   ] Safepoint "Cleanup", Time since last: 13005038776 ns, Reaching safepoint: 86825 ns, At safepoint: 4819 ns, Total: 91644 ns
[2025-03-20T14:35:02.458+0000][7][safepoint   ] Safepoint "Cleanup", Time since last: 5002973186 ns, Reaching safepoint: 137722 ns, At safepoint: 12023 ns, Total: 149745 ns
[2025-03-20T14:35:08.463+0000][7][safepoint   ] Safepoint "Cleanup", Time since last: 6003889670 ns, Reaching safepoint: 1279904 ns, At safepoint: 39565 ns, Total: 1319469 ns
[2025-03-20T14:35:09.463+0000][7][safepoint   ] Safepoint "Cleanup", Time since last: 1000204402 ns, Reaching safepoint: 193168 ns, At safepoint: 6643 ns, Total: 199811 ns
[2025-03-20T14:35:14.467+0000][7][safepoint   ] Safepoint "Cleanup", Time since last: 5003337189 ns, Reaching safepoint: 91815 ns, At safepoint: 4408 ns, Total: 96223 ns
[2025-03-20T14:35:25.472+0000][7][safepoint   ] Safepoint "Cleanup", Time since last: 11005240763 ns, Reaching safepoint: 142362 ns, At safepoint: 11532 ns, Total: 153894 ns
[2025-03-20T14:35:26.465+0000][7][gc,start    ] GC(105) Pause Young (Normal) (G1 Evacuation Pause)
[2025-03-20T14:35:26.465+0000][7][gc,task     ] GC(105) Using 8 workers of 8 for evacuation
[2025-03-20T14:35:26.465+0000][7][gc,age      ] GC(105) Desired survivor size 18874368 bytes, new threshold 15 (max threshold 15)
[2025-03-20T14:35:26.468+0000][7][gc,age      ] GC(105) Age table with threshold 15 (max threshold 15)
[2025-03-20T14:35:26.468+0000][7][gc,age      ] GC(105) - age   1:    2053968 bytes,    2053968 total
[2025-03-20T14:35:26.468+0000][7][gc,age      ] GC(105) - age   2:     209072 bytes,    2263040 total
[2025-03-20T14:35:26.468+0000][7][gc,age      ] GC(105) - age   3:       4120 bytes,    2267160 total
[2025-03-20T14:35:26.468+0000][7][gc,age      ] GC(105) - age   4:      42088 bytes,    2309248 total
[2025-03-20T14:35:26.468+0000][7][gc,age      ] GC(105) - age   5:     182456 bytes,    2491704 total
[2025-03-20T14:35:26.468+0000][7][gc,age      ] GC(105) - age   6:       5392 bytes,    2497096 total
[2025-03-20T14:35:26.468+0000][7][gc,age      ] GC(105) - age   7:       2344 bytes,    2499440 total
[2025-03-20T14:35:26.468+0000][7][gc,age      ] GC(105) - age   8:        504 bytes,    2499944 total
[2025-03-20T14:35:26.468+0000][7][gc,age      ] GC(105) - age   9:       2816 bytes,    2502760 total
[2025-03-20T14:35:26.468+0000][7][gc,age      ] GC(105) - age  10:       2840 bytes,    2505600 total
[2025-03-20T14:35:26.468+0000][7][gc,age      ] GC(105) - age  11:       4168 bytes,    2509768 total
[2025-03-20T14:35:26.468+0000][7][gc,age      ] GC(105) - age  12:     137688 bytes,    2647456 total
[2025-03-20T14:35:26.468+0000][7][gc,age      ] GC(105) - age  13:       3680 bytes,    2651136 total
[2025-03-20T14:35:26.468+0000][7][gc,age      ] GC(105) - age  14:       1168 bytes,    2652304 total
[2025-03-20T14:35:26.468+0000][7][gc,age      ] GC(105) - age  15:     108472 bytes,    2760776 total
[2025-03-20T14:35:26.468+0000][7][gc,phases   ] GC(105)   Pre Evacuate Collection Set: 0.1ms
[2025-03-20T14:35:26.468+0000][7][gc,phases   ] GC(105)   Merge Heap Roots: 0.1ms
[2025-03-20T14:35:26.468+0000][7][gc,phases   ] GC(105)   Evacuate Collection Set: 1.6ms
[2025-03-20T14:35:26.468+0000][7][gc,phases   ] GC(105)   Post Evacuate Collection Set: 0.9ms
[2025-03-20T14:35:26.468+0000][7][gc,phases   ] GC(105)   Other: 0.3ms
[2025-03-20T14:35:26.468+0000][7][gc,heap     ] GC(105) Eden regions: 70->0(70)
[2025-03-20T14:35:26.468+0000][7][gc,heap     ] GC(105) Survivor regions: 1->1(9)
[2025-03-20T14:35:26.468+0000][7][gc,heap     ] GC(105) Old regions: 28->28
[2025-03-20T14:35:26.468+0000][7][gc,heap     ] GC(105) Archive regions: 2->2
[2025-03-20T14:35:26.468+0000][7][gc,heap     ] GC(105) Humongous regions: 5->5
[2025-03-20T14:35:26.468+0000][7][gc,metaspace] GC(105) Metaspace: 120384K(122112K)->120384K(122112K) NonClass: 104882K(105856K)->104882K(105856K) Class: 15501K(16256K)->15501K(16256K)
[2025-03-20T14:35:26.468+0000][7][gc          ] GC(105) Pause Young (Normal) (G1 Evacuation Pause) 417M->137M(512M) 3.114ms
[2025-03-20T14:35:26.468+0000][7][gc,cpu      ] GC(105) User=0.01s Sys=0.00s Real=0.01s
[2025-03-20T14:35:26.468+0000][7][safepoint   ] Safepoint "G1CollectForAllocation", Time since last: 992429621 ns, Reaching safepoint: 106801 ns, At safepoint: 3213062 ns, Total: 3319863 ns
[2025-03-20T14:35:27.468+0000][7][safepoint   ] Safepoint "Cleanup", Time since last: 1000278855 ns, Reaching safepoint: 86014 ns, At safepoint: 3847 ns, Total: 89861 ns
[2025-03-20T14:35:28.469+0000][7][safepoint   ] Safepoint "Cleanup", Time since last: 1000261149 ns, Reaching safepoint: 145467 ns, At safepoint: 7484 ns, Total: 152951 ns
[2025-03-20T14:35:32.471+0000][7][safepoint   ] Safepoint "Cleanup", Time since last: 4002298237 ns, Reaching safepoint: 111242 ns, At safepoint: 4779 ns, Total: 116021 ns
[2025-03-20T14:35:42.476+0000][7][safepoint   ] Safepoint "Cleanup", Time since last: 10003814639 ns, Reaching safepoint: 1083574 ns, At safepoint: 20719 ns, Total: 1104293 ns
[2025-03-20T14:35:59.485+0000][7][safepoint   ] Safepoint "Cleanup", Time since last: 17008433395 ns, Reaching safepoint: 170034 ns, At safepoint: 5710 ns, Total: 175744 ns
[2025-03-20T14:36:02.537+0000][7][gc,start    ] GC(106) Pause Young (Normal) (G1 Evacuation Pause)
[2025-03-20T14:36:02.537+0000][7][gc,task     ] GC(106) Using 8 workers of 8 for evacuation
[2025-03-20T14:36:02.537+0000][7][gc,age      ] GC(106) Desired survivor size 18874368 bytes, new threshold 15 (max threshold 15)
[2025-03-20T14:36:02.540+0000][7][gc,age      ] GC(106) Age table with threshold 15 (max threshold 15)
[2025-03-20T14:36:02.540+0000][7][gc,age      ] GC(106) - age   1:   11337888 bytes,   11337888 total
[2025-03-20T14:36:02.540+0000][7][gc,age      ] GC(106) - age   2:     183520 bytes,   11521408 total
[2025-03-20T14:36:02.540+0000][7][gc,age      ] GC(106) - age   3:       2408 bytes,   11523816 total
[2025-03-20T14:36:02.540+0000][7][gc,age      ] GC(106) - age   4:       3488 bytes,   11527304 total
[2025-03-20T14:36:02.540+0000][7][gc,age      ] GC(106) - age   5:      41704 bytes,   11569008 total
[2025-03-20T14:36:02.540+0000][7][gc,age      ] GC(106) - age   6:     181744 bytes,   11750752 total
[2025-03-20T14:36:02.540+0000][7][gc,age      ] GC(106) - age   7:       5392 bytes,   11756144 total
[2025-03-20T14:36:02.540+0000][7][gc,age      ] GC(106) - age   8:       2344 bytes,   11758488 total
[2025-03-20T14:36:02.540+0000][7][gc,age      ] GC(106) - age   9:        440 bytes,   11758928 total
[2025-03-20T14:36:02.540+0000][7][gc,age      ] GC(106) - age  10:       2296 bytes,   11761224 total
[2025-03-20T14:36:02.540+0000][7][gc,age      ] GC(106) - age  11:       2840 bytes,   11764064 total
[2025-03-20T14:36:02.540+0000][7][gc,age      ] GC(106) - age  12:       3872 bytes,   11767936 total
[2025-03-20T14:36:02.540+0000][7][gc,age      ] GC(106) - age  13:     137216 bytes,   11905152 total
[2025-03-20T14:36:02.540+0000][7][gc,age      ] GC(106) - age  14:       3616 bytes,   11908768 total
[2025-03-20T14:36:02.540+0000][7][gc,age      ] GC(106) - age  15:       1168 bytes,   11909936 total
[2025-03-20T14:36:02.540+0000][7][gc,phases   ] GC(106)   Pre Evacuate Collection Set: 0.1ms
[2025-03-20T14:36:02.540+0000][7][gc,phases   ] GC(106)   Merge Heap Roots: 0.1ms
[2025-03-20T14:36:02.540+0000][7][gc,phases   ] GC(106)   Evacuate Collection Set: 2.0ms
[2025-03-20T14:36:02.540+0000][7][gc,phases   ] GC(106)   Post Evacuate Collection Set: 0.9ms
[2025-03-20T14:36:02.540+0000][7][gc,phases   ] GC(106)   Other: 0.3ms
[2025-03-20T14:36:02.540+0000][7][gc,heap     ] GC(106) Eden regions: 70->0(65)
[2025-03-20T14:36:02.540+0000][7][gc,heap     ] GC(106) Survivor regions: 1->3(9)
[2025-03-20T14:36:02.540+0000][7][gc,heap     ] GC(106) Old regions: 28->28
[2025-03-20T14:36:02.540+0000][7][gc,heap     ] GC(106) Archive regions: 2->2
[2025-03-20T14:36:02.540+0000][7][gc,heap     ] GC(106) Humongous regions: 5->5
[2025-03-20T14:36:02.540+0000][7][gc,metaspace] GC(106) Metaspace: 120396K(122112K)->120396K(122112K) NonClass: 104894K(105856K)->104894K(105856K) Class: 15501K(16256K)->15501K(16256K)
[2025-03-20T14:36:02.540+0000][7][gc          ] GC(106) Pause Young (Normal) (G1 Evacuation Pause) 417M->146M(512M) 3.417ms
[2025-03-20T14:36:02.540+0000][7][gc,cpu      ] GC(106) User=0.01s Sys=0.00s Real=0.01s
[2025-03-20T14:36:02.540+0000][7][safepoint   ] Safepoint "G1CollectForAllocation", Time since last: 3052024833 ns, Reaching safepoint: 99259 ns, At safepoint: 3500366 ns, Total: 3599625 ns
[2025-03-20T14:36:17.547+0000][7][safepoint   ] Safepoint "Cleanup", Time since last: 15006915096 ns, Reaching safepoint: 106784 ns, At safepoint: 6262 ns, Total: 113046 ns
[2025-03-20T14:36:19.549+0000][7][safepoint   ] Safepoint "Cleanup", Time since last: 2001428788 ns, Reaching safepoint: 165235 ns, At safepoint: 12063 ns, Total: 177298 ns
[2025-03-20T14:36:38.639+0000][7][gc,start    ] GC(107) Pause Young (Normal) (G1 Evacuation Pause)
[2025-03-20T14:36:38.639+0000][7][gc,task     ] GC(107) Using 8 workers of 8 for evacuation
[2025-03-20T14:36:38.639+0000][7][gc,age      ] GC(107) Desired survivor size 18874368 bytes, new threshold 15 (max threshold 15)
[2025-03-20T14:36:38.641+0000][7][gc,age      ] GC(107) Age table with threshold 15 (max threshold 15)
[2025-03-20T14:36:38.641+0000][7][gc,age      ] GC(107) - age   1:    1302064 bytes,    1302064 total
[2025-03-20T14:36:38.641+0000][7][gc,age      ] GC(107) - age   2:    8077592 bytes,    9379656 total
[2025-03-20T14:36:38.641+0000][7][gc,age      ] GC(107) - age   3:       1848 bytes,    9381504 total
[2025-03-20T14:36:38.641+0000][7][gc,age      ] GC(107) - age   4:       1520 bytes,    9383024 total
[2025-03-20T14:36:38.641+0000][7][gc,age      ] GC(107) - age   5:       2368 bytes,    9385392 total
[2025-03-20T14:36:38.641+0000][7][gc,age      ] GC(107) - age   6:      41296 bytes,    9426688 total
[2025-03-20T14:36:38.641+0000][7][gc,age      ] GC(107) - age   7:     181712 bytes,    9608400 total
[2025-03-20T14:36:38.641+0000][7][gc,age      ] GC(107) - age   8:       5328 bytes,    9613728 total
[2025-03-20T14:36:38.641+0000][7][gc,age      ] GC(107) - age   9:       2344 bytes,    9616072 total
[2025-03-20T14:36:38.641+0000][7][gc,age      ] GC(107) - age  10:        440 bytes,    9616512 total
[2025-03-20T14:36:38.641+0000][7][gc,age      ] GC(107) - age  11:       2296 bytes,    9618808 total
[2025-03-20T14:36:38.641+0000][7][gc,age      ] GC(107) - age  12:       2840 bytes,    9621648 total
[2025-03-20T14:36:38.641+0000][7][gc,age      ] GC(107) - age  13:       3872 bytes,    9625520 total
[2025-03-20T14:36:38.641+0000][7][gc,age      ] GC(107) - age  14:     136600 bytes,    9762120 total
[2025-03-20T14:36:38.641+0000][7][gc,age      ] GC(107) - age  15:       3616 bytes,    9765736 total
[2025-03-20T14:36:38.641+0000][7][gc,phases   ] GC(107)   Pre Evacuate Collection Set: 0.1ms
[2025-03-20T14:36:38.641+0000][7][gc,phases   ] GC(107)   Merge Heap Roots: 0.1ms
[2025-03-20T14:36:38.641+0000][7][gc,phases   ] GC(107)   Evacuate Collection Set: 1.6ms
[2025-03-20T14:36:38.641+0000][7][gc,phases   ] GC(107)   Post Evacuate Collection Set: 0.8ms
[2025-03-20T14:36:38.641+0000][7][gc,phases   ] GC(107)   Other: 0.2ms
[2025-03-20T14:36:38.641+0000][7][gc,heap     ] GC(107) Eden regions: 65->0(66)
[2025-03-20T14:36:38.641+0000][7][gc,heap     ] GC(107) Survivor regions: 3->3(9)
[2025-03-20T14:36:38.641+0000][7][gc,heap     ] GC(107) Old regions: 28->28
[2025-03-20T14:36:38.641+0000][7][gc,heap     ] GC(107) Archive regions: 2->2
[2025-03-20T14:36:38.641+0000][7][gc,heap     ] GC(107) Humongous regions: 5->5
[2025-03-20T14:36:38.641+0000][7][gc,metaspace] GC(107) Metaspace: 120399K(122112K)->120399K(122112K) NonClass: 104897K(105856K)->104897K(105856K) Class: 15501K(16256K)->15501K(16256K)
[2025-03-20T14:36:38.641+0000][7][gc          ] GC(107) Pause Young (Normal) (G1 Evacuation Pause) 406M->145M(512M) 2.813ms
[2025-03-20T14:36:38.641+0000][7][gc,cpu      ] GC(107) User=0.01s Sys=0.00s Real=0.00s
[2025-03-20T14:36:38.641+0000][7][safepoint   ] Safepoint "G1CollectForAllocation", Time since last: 19089445113 ns, Reaching safepoint: 107465 ns, At safepoint: 2902267 ns, Total: 3009732 ns
[2025-03-20T14:36:40.643+0000][7][safepoint   ] Safepoint "Cleanup", Time since last: 2001150622 ns, Reaching safepoint: 207038 ns, At safepoint: 6973 ns, Total: 214011 ns
[2025-03-20T14:36:42.644+0000][7][safepoint   ] Safepoint "Cleanup", Time since last: 2000784840 ns, Reaching safepoint: 87166 ns, At safepoint: 4238 ns, Total: 91404 ns
[2025-03-20T14:36:44.644+0000][7][safepoint   ] Safepoint "Cleanup", Time since last: 2000544722 ns, Reaching safepoint: 103306 ns, At safepoint: 4168 ns, Total: 107474 ns
[2025-03-20T14:36:53.649+0000][7][safepoint   ] Safepoint "Cleanup", Time since last: 9004976393 ns, Reaching safepoint: 114909 ns, At safepoint: 6693 ns, Total: 121602 ns
[2025-03-20T14:36:55.651+0000][7][safepoint   ] Safepoint "Cleanup", Time since last: 2001202680 ns, Reaching safepoint: 118817 ns, At safepoint: 9939 ns, Total: 128756 ns
[2025-03-20T14:37:01.655+0000][7][safepoint   ] Safepoint "Cleanup", Time since last: 6004247579 ns, Reaching safepoint: 163752 ns, At safepoint: 7404 ns, Total: 171156 ns
[2025-03-20T14:37:05.658+0000][7][safepoint   ] Safepoint "Cleanup", Time since last: 4002625246 ns, Reaching safepoint: 160176 ns, At safepoint: 6071 ns, Total: 166247 ns
[2025-03-20T14:37:08.660+0000][7][safepoint   ] Safepoint "Cleanup", Time since last: 3001396209 ns, Reaching safepoint: 157791 ns, At safepoint: 4789 ns, Total: 162580 ns
[2025-03-20T14:37:14.662+0000][7][safepoint   ] Safepoint "Cleanup", Time since last: 6002546554 ns, Reaching safepoint: 101394 ns, At safepoint: 3707 ns, Total: 105101 ns
[2025-03-20T14:37:20.473+0000][7][gc,start    ] GC(108) Pause Young (Normal) (G1 Evacuation Pause)
[2025-03-20T14:37:20.473+0000][7][gc,task     ] GC(108) Using 8 workers of 8 for evacuation
[2025-03-20T14:37:20.473+0000][7][gc,age      ] GC(108) Desired survivor size 18874368 bytes, new threshold 15 (max threshold 15)
[2025-03-20T14:37:20.476+0000][7][gc,age      ] GC(108) Age table with threshold 15 (max threshold 15)
[2025-03-20T14:37:20.476+0000][7][gc,age      ] GC(108) - age   1:    1709472 bytes,    1709472 total
[2025-03-20T14:37:20.476+0000][7][gc,age      ] GC(108) - age   2:       8992 bytes,    1718464 total
[2025-03-20T14:37:20.476+0000][7][gc,age      ] GC(108) - age   3:    8046880 bytes,    9765344 total
[2025-03-20T14:37:20.476+0000][7][gc,age      ] GC(108) - age   4:       1176 bytes,    9766520 total
[2025-03-20T14:37:20.476+0000][7][gc,age      ] GC(108) - age   5:       1456 bytes,    9767976 total
[2025-03-20T14:37:20.476+0000][7][gc,age      ] GC(108) - age   6:       2304 bytes,    9770280 total
[2025-03-20T14:37:20.476+0000][7][gc,age      ] GC(108) - age   7:      41296 bytes,    9811576 total
[2025-03-20T14:37:20.476+0000][7][gc,age      ] GC(108) - age   8:     181712 bytes,    9993288 total
[2025-03-20T14:37:20.476+0000][7][gc,age      ] GC(108) - age   9:       5328 bytes,    9998616 total
[2025-03-20T14:37:20.476+0000][7][gc,age      ] GC(108) - age  10:       2344 bytes,   10000960 total
[2025-03-20T14:37:20.476+0000][7][gc,age      ] GC(108) - age  11:        440 bytes,   10001400 total
[2025-03-20T14:37:20.476+0000][7][gc,age      ] GC(108) - age  12:       2296 bytes,   10003696 total
[2025-03-20T14:37:20.476+0000][7][gc,age      ] GC(108) - age  13:       2840 bytes,   10006536 total
[2025-03-20T14:37:20.476+0000][7][gc,age      ] GC(108) - age  14:       3872 bytes,   10010408 total
[2025-03-20T14:37:20.476+0000][7][gc,age      ] GC(108) - age  15:     136600 bytes,   10147008 total
[2025-03-20T14:37:20.476+0000][7][gc,phases   ] GC(108)   Pre Evacuate Collection Set: 0.1ms
[2025-03-20T14:37:20.476+0000][7][gc,phases   ] GC(108)   Merge Heap Roots: 0.1ms
[2025-03-20T14:37:20.476+0000][7][gc,phases   ] GC(108)   Evacuate Collection Set: 1.9ms
[2025-03-20T14:37:20.476+0000][7][gc,phases   ] GC(108)   Post Evacuate Collection Set: 1.4ms
[2025-03-20T14:37:20.476+0000][7][gc,phases   ] GC(108)   Other: 0.3ms
[2025-03-20T14:37:20.476+0000][7][gc,heap     ] GC(108) Eden regions: 66->0(67)
[2025-03-20T14:37:20.476+0000][7][gc,heap     ] GC(108) Survivor regions: 3->3(9)
[2025-03-20T14:37:20.476+0000][7][gc,heap     ] GC(108) Old regions: 28->28
[2025-03-20T14:37:20.476+0000][7][gc,heap     ] GC(108) Archive regions: 2->2
[2025-03-20T14:37:20.476+0000][7][gc,heap     ] GC(108) Humongous regions: 5->5
[2025-03-20T14:37:20.476+0000][7][gc,metaspace] GC(108) Metaspace: 120419K(122112K)->120419K(122112K) NonClass: 104917K(105856K)->104917K(105856K) Class: 15501K(16256K)->15501K(16256K)
[2025-03-20T14:37:20.476+0000][7][gc          ] GC(108) Pause Young (Normal) (G1 Evacuation Pause) 409M->145M(512M) 3.802ms
[2025-03-20T14:37:20.476+0000][7][gc,cpu      ] GC(108) User=0.01s Sys=0.00s Real=0.00s
[2025-03-20T14:37:20.476+0000][7][safepoint   ] Safepoint "G1CollectForAllocation", Time since last: 5810239997 ns, Reaching safepoint: 122914 ns, At safepoint: 3887031 ns, Total: 4009945 ns
[2025-03-20T14:37:25.485+0000][7][safepoint   ] Safepoint "Cleanup", Time since last: 5008429103 ns, Reaching safepoint: 189320 ns, At safepoint: 4649 ns, Total: 193969 ns
[2025-03-20T14:37:54.500+0000][7][safepoint   ] Safepoint "Cleanup", Time since last: 29015124855 ns, Reaching safepoint: 115501 ns, At safepoint: 6993 ns, Total: 122494 ns
[2025-03-20T14:37:55.501+0000][7][safepoint   ] Safepoint "Cleanup", Time since last: 1000437177 ns, Reaching safepoint: 67389 ns, At safepoint: 3436 ns, Total: 70825 ns
[2025-03-20T14:38:02.484+0000][7][gc,start    ] GC(109) Pause Young (Normal) (G1 Evacuation Pause)
[2025-03-20T14:38:02.484+0000][7][gc,task     ] GC(109) Using 8 workers of 8 for evacuation
[2025-03-20T14:38:02.484+0000][7][gc,age      ] GC(109) Desired survivor size 18874368 bytes, new threshold 15 (max threshold 15)
[2025-03-20T14:38:02.487+0000][7][gc,age      ] GC(109) Age table with threshold 15 (max threshold 15)
[2025-03-20T14:38:02.487+0000][7][gc,age      ] GC(109) - age   1:    2372816 bytes,    2372816 total
[2025-03-20T14:38:02.487+0000][7][gc,age      ] GC(109) - age   2:       4232 bytes,    2377048 total
[2025-03-20T14:38:02.487+0000][7][gc,age      ] GC(109) - age   3:       5728 bytes,    2382776 total
[2025-03-20T14:38:02.487+0000][7][gc,age      ] GC(109) - age   4:    8045800 bytes,   10428576 total
[2025-03-20T14:38:02.487+0000][7][gc,age      ] GC(109) - age   5:        792 bytes,   10429368 total
[2025-03-20T14:38:02.487+0000][7][gc,age      ] GC(109) - age   6:       1328 bytes,   10430696 total
[2025-03-20T14:38:02.487+0000][7][gc,age      ] GC(109) - age   7:       2304 bytes,   10433000 total
[2025-03-20T14:38:02.487+0000][7][gc,age      ] GC(109) - age   8:      41152 bytes,   10474152 total
[2025-03-20T14:38:02.487+0000][7][gc,age      ] GC(109) - age   9:     181672 bytes,   10655824 total
[2025-03-20T14:38:02.487+0000][7][gc,age      ] GC(109) - age  10:       5328 bytes,   10661152 total
[2025-03-20T14:38:02.487+0000][7][gc,age      ] GC(109) - age  11:       2344 bytes,   10663496 total
[2025-03-20T14:38:02.487+0000][7][gc,age      ] GC(109) - age  12:        440 bytes,   10663936 total
[2025-03-20T14:38:02.487+0000][7][gc,age      ] GC(109) - age  13:       2296 bytes,   10666232 total
[2025-03-20T14:38:02.487+0000][7][gc,age      ] GC(109) - age  14:       2840 bytes,   10669072 total
[2025-03-20T14:38:02.487+0000][7][gc,age      ] GC(109) - age  15:       1400 bytes,   10670472 total
[2025-03-20T14:38:02.487+0000][7][gc,phases   ] GC(109)   Pre Evacuate Collection Set: 0.2ms
[2025-03-20T14:38:02.487+0000][7][gc,phases   ] GC(109)   Merge Heap Roots: 0.1ms
[2025-03-20T14:38:02.487+0000][7][gc,phases   ] GC(109)   Evacuate Collection Set: 2.1ms
[2025-03-20T14:38:02.487+0000][7][gc,phases   ] GC(109)   Post Evacuate Collection Set: 0.8ms
[2025-03-20T14:38:02.487+0000][7][gc,phases   ] GC(109)   Other: 0.4ms
[2025-03-20T14:38:02.487+0000][7][gc,heap     ] GC(109) Eden regions: 67->0(67)
[2025-03-20T14:38:02.487+0000][7][gc,heap     ] GC(109) Survivor regions: 3->3(9)
[2025-03-20T14:38:02.487+0000][7][gc,heap     ] GC(109) Old regions: 28->28
[2025-03-20T14:38:02.487+0000][7][gc,heap     ] GC(109) Archive regions: 2->2
[2025-03-20T14:38:02.487+0000][7][gc,heap     ] GC(109) Humongous regions: 5->5
[2025-03-20T14:38:02.487+0000][7][gc,metaspace] GC(109) Metaspace: 120450K(122112K)->120450K(122112K) NonClass: 104947K(105856K)->104947K(105856K) Class: 15503K(16256K)->15503K(16256K)
[2025-03-20T14:38:02.487+0000][7][gc          ] GC(109) Pause Young (Normal) (G1 Evacuation Pause) 413M->146M(512M) 3.573ms
[2025-03-20T14:38:02.487+0000][7][gc,cpu      ] GC(109) User=0.01s Sys=0.00s Real=0.01s
[2025-03-20T14:38:02.487+0000][7][safepoint   ] Safepoint "G1CollectForAllocation", Time since last: 6982504690 ns, Reaching safepoint: 116313 ns, At safepoint: 3702925 ns, Total: 3819238 ns
[2025-03-20T14:38:06.490+0000][7][safepoint   ] Safepoint "Cleanup", Time since last: 4002341591 ns, Reaching safepoint: 130469 ns, At safepoint: 6873 ns, Total: 137342 ns
[2025-03-20T14:38:08.491+0000][7][safepoint   ] Safepoint "Cleanup", Time since last: 2001005150 ns, Reaching safepoint: 92517 ns, At safepoint: 9418 ns, Total: 101935 ns
[2025-03-20T14:38:24.499+0000][7][safepoint   ] Safepoint "Cleanup", Time since last: 16008356308 ns, Reaching safepoint: 107765 ns, At safepoint: 4429 ns, Total: 112194 ns
[2025-03-20T14:38:38.491+0000][7][gc,start    ] GC(110) Pause Young (Normal) (G1 Evacuation Pause)
[2025-03-20T14:38:38.492+0000][7][gc,task     ] GC(110) Using 8 workers of 8 for evacuation
[2025-03-20T14:38:38.492+0000][7][gc,age      ] GC(110) Desired survivor size 18874368 bytes, new threshold 15 (max threshold 15)
[2025-03-20T14:38:38.495+0000][7][gc,age      ] GC(110) Age table with threshold 15 (max threshold 15)
[2025-03-20T14:38:38.495+0000][7][gc,age      ] GC(110) - age   1:    1174800 bytes,    1174800 total
[2025-03-20T14:38:38.495+0000][7][gc,age      ] GC(110) - age   2:      21712 bytes,    1196512 total
[2025-03-20T14:38:38.495+0000][7][gc,age      ] GC(110) - age   3:       1848 bytes,    1198360 total
[2025-03-20T14:38:38.495+0000][7][gc,age      ] GC(110) - age   4:       4928 bytes,    1203288 total
[2025-03-20T14:38:38.495+0000][7][gc,age      ] GC(110) - age   5:    8045672 bytes,    9248960 total
[2025-03-20T14:38:38.495+0000][7][gc,age      ] GC(110) - age   6:        728 bytes,    9249688 total
[2025-03-20T14:38:38.495+0000][7][gc,age      ] GC(110) - age   7:       1328 bytes,    9251016 total
[2025-03-20T14:38:38.495+0000][7][gc,age      ] GC(110) - age   8:       2304 bytes,    9253320 total
[2025-03-20T14:38:38.495+0000][7][gc,age      ] GC(110) - age   9:      41152 bytes,    9294472 total
[2025-03-20T14:38:38.495+0000][7][gc,age      ] GC(110) - age  10:     181672 bytes,    9476144 total
[2025-03-20T14:38:38.495+0000][7][gc,age      ] GC(110) - age  11:       5256 bytes,    9481400 total
[2025-03-20T14:38:38.495+0000][7][gc,age      ] GC(110) - age  12:       2344 bytes,    9483744 total
[2025-03-20T14:38:38.495+0000][7][gc,age      ] GC(110) - age  13:        440 bytes,    9484184 total
[2025-03-20T14:38:38.495+0000][7][gc,age      ] GC(110) - age  14:       2296 bytes,    9486480 total
[2025-03-20T14:38:38.495+0000][7][gc,age      ] GC(110) - age  15:       2840 bytes,    9489320 total
[2025-03-20T14:38:38.495+0000][7][gc,phases   ] GC(110)   Pre Evacuate Collection Set: 0.1ms
[2025-03-20T14:38:38.495+0000][7][gc,phases   ] GC(110)   Merge Heap Roots: 0.1ms
[2025-03-20T14:38:38.495+0000][7][gc,phases   ] GC(110)   Evacuate Collection Set: 1.7ms
[2025-03-20T14:38:38.495+0000][7][gc,phases   ] GC(110)   Post Evacuate Collection Set: 1.4ms
[2025-03-20T14:38:38.495+0000][7][gc,phases   ] GC(110)   Other: 0.2ms
[2025-03-20T14:38:38.495+0000][7][gc,heap     ] GC(110) Eden regions: 67->0(67)
[2025-03-20T14:38:38.495+0000][7][gc,heap     ] GC(110) Survivor regions: 3->3(9)
[2025-03-20T14:38:38.495+0000][7][gc,heap     ] GC(110) Old regions: 28->28
[2025-03-20T14:38:38.495+0000][7][gc,heap     ] GC(110) Archive regions: 2->2
[2025-03-20T14:38:38.495+0000][7][gc,heap     ] GC(110) Humongous regions: 5->5
[2025-03-20T14:38:38.495+0000][7][gc,metaspace] GC(110) Metaspace: 120451K(122112K)->120451K(122112K) NonClass: 104948K(105856K)->104948K(105856K) Class: 15503K(16256K)->15503K(16256K)
[2025-03-20T14:38:38.495+0000][7][gc          ] GC(110) Pause Young (Normal) (G1 Evacuation Pause) 414M->145M(512M) 3.499ms
[2025-03-20T14:38:38.495+0000][7][gc,cpu      ] GC(110) User=0.01s Sys=0.00s Real=0.00s
[2025-03-20T14:38:38.495+0000][7][safepoint   ] Safepoint "G1CollectForAllocation", Time since last: 13992144281 ns, Reaching safepoint: 101213 ns, At safepoint: 3576601 ns, Total: 3677814 ns
[2025-03-20T14:39:02.509+0000][7][safepoint   ] Safepoint "Cleanup", Time since last: 24013982971 ns, Reaching safepoint: 123926 ns, At safepoint: 17023 ns, Total: 140949 ns
[2025-03-20T14:39:03.510+0000][7][safepoint   ] Safepoint "Cleanup", Time since last: 1000413626 ns, Reaching safepoint: 91068 ns, At safepoint: 5901 ns, Total: 96969 ns
[2025-03-20T14:39:05.512+0000][7][safepoint   ] Safepoint "Cleanup", Time since last: 2001430011 ns, Reaching safepoint: 997939 ns, At safepoint: 66487 ns, Total: 1064426 ns
[2025-03-20T14:39:17.506+0000][7][gc,start    ] GC(111) Pause Young (Normal) (G1 Evacuation Pause)
[2025-03-20T14:39:17.506+0000][7][gc,task     ] GC(111) Using 8 workers of 8 for evacuation
[2025-03-20T14:39:17.506+0000][7][gc,age      ] GC(111) Desired survivor size 18874368 bytes, new threshold 15 (max threshold 15)
[2025-03-20T14:39:17.509+0000][7][gc,age      ] GC(111) Age table with threshold 15 (max threshold 15)
[2025-03-20T14:39:17.509+0000][7][gc,age      ] GC(111) - age   1:    2564160 bytes,    2564160 total
[2025-03-20T14:39:17.509+0000][7][gc,age      ] GC(111) - age   2:     148360 bytes,    2712520 total
[2025-03-20T14:39:17.509+0000][7][gc,age      ] GC(111) - age   3:      17912 bytes,    2730432 total
[2025-03-20T14:39:17.509+0000][7][gc,age      ] GC(111) - age   4:       1464 bytes,    2731896 total
[2025-03-20T14:39:17.509+0000][7][gc,age      ] GC(111) - age   5:       4520 bytes,    2736416 total
[2025-03-20T14:39:17.509+0000][7][gc,age      ] GC(111) - age   6:    8045672 bytes,   10782088 total
[2025-03-20T14:39:17.509+0000][7][gc,age      ] GC(111) - age   7:        648 bytes,   10782736 total
[2025-03-20T14:39:17.509+0000][7][gc,age      ] GC(111) - age   8:       1328 bytes,   10784064 total
[2025-03-20T14:39:17.509+0000][7][gc,age      ] GC(111) - age   9:       2224 bytes,   10786288 total
[2025-03-20T14:39:17.509+0000][7][gc,age      ] GC(111) - age  10:       1792 bytes,   10788080 total
[2025-03-20T14:39:17.509+0000][7][gc,age      ] GC(111) - age  11:      94152 bytes,   10882232 total
[2025-03-20T14:39:17.509+0000][7][gc,age      ] GC(111) - age  12:       5256 bytes,   10887488 total
[2025-03-20T14:39:17.509+0000][7][gc,age      ] GC(111) - age  13:       2344 bytes,   10889832 total
[2025-03-20T14:39:17.509+0000][7][gc,age      ] GC(111) - age  14:        440 bytes,   10890272 total
[2025-03-20T14:39:17.509+0000][7][gc,age      ] GC(111) - age  15:       2296 bytes,   10892568 total
[2025-03-20T14:39:17.509+0000][7][gc,phases   ] GC(111)   Pre Evacuate Collection Set: 0.1ms
[2025-03-20T14:39:17.509+0000][7][gc,phases   ] GC(111)   Merge Heap Roots: 0.1ms
[2025-03-20T14:39:17.509+0000][7][gc,phases   ] GC(111)   Evacuate Collection Set: 1.6ms
[2025-03-20T14:39:17.509+0000][7][gc,phases   ] GC(111)   Post Evacuate Collection Set: 0.8ms
[2025-03-20T14:39:17.509+0000][7][gc,phases   ] GC(111)   Other: 0.2ms
[2025-03-20T14:39:17.509+0000][7][gc,heap     ] GC(111) Eden regions: 67->0(67)
[2025-03-20T14:39:17.509+0000][7][gc,heap     ] GC(111) Survivor regions: 3->3(9)
[2025-03-20T14:39:17.509+0000][7][gc,heap     ] GC(111) Old regions: 28->28
[2025-03-20T14:39:17.509+0000][7][gc,heap     ] GC(111) Archive regions: 2->2
[2025-03-20T14:39:17.509+0000][7][gc,heap     ] GC(111) Humongous regions: 5->5
[2025-03-20T14:39:17.509+0000][7][gc,metaspace] GC(111) Metaspace: 120453K(122112K)->120453K(122112K) NonClass: 104950K(105856K)->104950K(105856K) Class: 15503K(16256K)->15503K(16256K)
[2025-03-20T14:39:17.509+0000][7][gc          ] GC(111) Pause Young (Normal) (G1 Evacuation Pause) 413M->146M(512M) 2.900ms
[2025-03-20T14:39:17.509+0000][7][gc,cpu      ] GC(111) User=0.01s Sys=0.00s Real=0.01s
[2025-03-20T14:39:17.509+0000][7][safepoint   ] Safepoint "G1CollectForAllocation", Time since last: 11993729982 ns, Reaching safepoint: 137252 ns, At safepoint: 2996415 ns, Total: 3133667 ns
[2025-03-20T14:39:18.511+0000][7][safepoint   ] Safepoint "Cleanup", Time since last: 1000678305 ns, Reaching safepoint: 1093632 ns, At safepoint: 7033 ns, Total: 1100665 ns
[2025-03-20T14:39:21.512+0000][7][safepoint   ] Safepoint "Cleanup", Time since last: 3001512443 ns, Reaching safepoint: 117744 ns, At safepoint: 4579 ns, Total: 122323 ns
[2025-03-20T14:39:30.518+0000][7][safepoint   ] Safepoint "Cleanup", Time since last: 9005033348 ns, Reaching safepoint: 107164 ns, At safepoint: 28564 ns, Total: 135728 ns
[2025-03-20T14:39:38.525+0000][7][safepoint   ] Safepoint "Cleanup", Time since last: 8006835016 ns, Reaching safepoint: 98548 ns, At safepoint: 9658 ns, Total: 108206 ns
[2025-03-20T14:39:41.526+0000][7][safepoint   ] Safepoint "Cleanup", Time since last: 3001708195 ns, Reaching safepoint: 137431 ns, At safepoint: 25479 ns, Total: 162910 ns
[2025-03-20T14:39:56.516+0000][7][gc,start    ] GC(112) Pause Young (Normal) (G1 Evacuation Pause)
[2025-03-20T14:39:56.516+0000][7][gc,task     ] GC(112) Using 8 workers of 8 for evacuation
[2025-03-20T14:39:56.516+0000][7][gc,age      ] GC(112) Desired survivor size 18874368 bytes, new threshold 15 (max threshold 15)
[2025-03-20T14:39:56.518+0000][7][gc,age      ] GC(112) Age table with threshold 15 (max threshold 15)
[2025-03-20T14:39:56.518+0000][7][gc,age      ] GC(112) - age   1:    1855872 bytes,    1855872 total
[2025-03-20T14:39:56.518+0000][7][gc,age      ] GC(112) - age   2:     487504 bytes,    2343376 total
[2025-03-20T14:39:56.518+0000][7][gc,age      ] GC(112) - age   3:        416 bytes,    2343792 total
[2025-03-20T14:39:56.518+0000][7][gc,age      ] GC(112) - age   4:      16416 bytes,    2360208 total
[2025-03-20T14:39:56.518+0000][7][gc,age      ] GC(112) - age   5:       1120 bytes,    2361328 total
[2025-03-20T14:39:56.518+0000][7][gc,age      ] GC(112) - age   6:       4520 bytes,    2365848 total
[2025-03-20T14:39:56.518+0000][7][gc,age      ] GC(112) - age   7:    8045672 bytes,   10411520 total
[2025-03-20T14:39:56.518+0000][7][gc,age      ] GC(112) - age   8:        648 bytes,   10412168 total
[2025-03-20T14:39:56.518+0000][7][gc,age      ] GC(112) - age   9:       1208 bytes,   10413376 total
[2025-03-20T14:39:56.518+0000][7][gc,age      ] GC(112) - age  10:       2224 bytes,   10415600 total
[2025-03-20T14:39:56.518+0000][7][gc,age      ] GC(112) - age  11:       1664 bytes,   10417264 total
[2025-03-20T14:39:56.518+0000][7][gc,age      ] GC(112) - age  12:      93992 bytes,   10511256 total
[2025-03-20T14:39:56.518+0000][7][gc,age      ] GC(112) - age  13:       5256 bytes,   10516512 total
[2025-03-20T14:39:56.518+0000][7][gc,age      ] GC(112) - age  14:       2344 bytes,   10518856 total
[2025-03-20T14:39:56.518+0000][7][gc,age      ] GC(112) - age  15:        440 bytes,   10519296 total
[2025-03-20T14:39:56.519+0000][7][gc,phases   ] GC(112)   Pre Evacuate Collection Set: 0.3ms
[2025-03-20T14:39:56.519+0000][7][gc,phases   ] GC(112)   Merge Heap Roots: 0.2ms
[2025-03-20T14:39:56.519+0000][7][gc,phases   ] GC(112)   Evacuate Collection Set: 1.6ms
[2025-03-20T14:39:56.519+0000][7][gc,phases   ] GC(112)   Post Evacuate Collection Set: 0.6ms
[2025-03-20T14:39:56.519+0000][7][gc,phases   ] GC(112)   Other: 0.2ms
[2025-03-20T14:39:56.519+0000][7][gc,heap     ] GC(112) Eden regions: 67->0(67)
[2025-03-20T14:39:56.519+0000][7][gc,heap     ] GC(112) Survivor regions: 3->3(9)
[2025-03-20T14:39:56.519+0000][7][gc,heap     ] GC(112) Old regions: 28->28
[2025-03-20T14:39:56.519+0000][7][gc,heap     ] GC(112) Archive regions: 2->2
[2025-03-20T14:39:56.519+0000][7][gc,heap     ] GC(112) Humongous regions: 5->5
[2025-03-20T14:39:56.519+0000][7][gc,metaspace] GC(112) Metaspace: 120457K(122112K)->120457K(122112K) NonClass: 104954K(105856K)->104954K(105856K) Class: 15503K(16256K)->15503K(16256K)
[2025-03-20T14:39:56.519+0000][7][gc          ] GC(112) Pause Young (Normal) (G1 Evacuation Pause) 414M->146M(512M) 2.908ms
[2025-03-20T14:39:56.519+0000][7][gc,cpu      ] GC(112) User=0.01s Sys=0.00s Real=0.01s
[2025-03-20T14:39:56.519+0000][7][safepoint   ] Safepoint "G1CollectForAllocation", Time since last: 14989077584 ns, Reaching safepoint: 146399 ns, At safepoint: 2984360 ns, Total: 3130759 ns
[2025-03-20T14:40:02.524+0000][7][safepoint   ] Safepoint "Cleanup", Time since last: 6005090902 ns, Reaching safepoint: 108477 ns, At safepoint: 5621 ns, Total: 114098 ns
[2025-03-20T14:40:14.529+0000][7][safepoint   ] Safepoint "Cleanup", Time since last: 12005339291 ns, Reaching safepoint: 119259 ns, At safepoint: 6563 ns, Total: 125822 ns
[2025-03-20T14:40:20.534+0000][7][safepoint   ] Safepoint "Cleanup", Time since last: 6005002267 ns, Reaching safepoint: 90543 ns, At safepoint: 3887 ns, Total: 94430 ns
[2025-03-20T14:40:21.535+0000][7][safepoint   ] Safepoint "Cleanup", Time since last: 1000517579 ns, Reaching safepoint: 195122 ns, At safepoint: 4638 ns, Total: 199760 ns
[2025-03-20T14:40:33.542+0000][7][safepoint   ] Safepoint "Cleanup", Time since last: 12006357902 ns, Reaching safepoint: 143082 ns, At safepoint: 4318 ns, Total: 147400 ns
[2025-03-20T14:40:38.346+0000][7][gc,start    ] GC(113) Pause Young (Normal) (G1 Evacuation Pause)
[2025-03-20T14:40:38.346+0000][7][gc,task     ] GC(113) Using 8 workers of 8 for evacuation
[2025-03-20T14:40:38.347+0000][7][gc,age      ] GC(113) Desired survivor size 18874368 bytes, new threshold 15 (max threshold 15)
[2025-03-20T14:40:38.349+0000][7][gc,age      ] GC(113) Age table with threshold 15 (max threshold 15)
[2025-03-20T14:40:38.349+0000][7][gc,age      ] GC(113) - age   1:     468392 bytes,     468392 total
[2025-03-20T14:40:38.349+0000][7][gc,age      ] GC(113) - age   2:      49896 bytes,     518288 total
[2025-03-20T14:40:38.349+0000][7][gc,age      ] GC(113) - age   3:     242624 bytes,     760912 total
[2025-03-20T14:40:38.349+0000][7][gc,age      ] GC(113) - age   4:        256 bytes,     761168 total
[2025-03-20T14:40:38.349+0000][7][gc,age      ] GC(113) - age   5:      16352 bytes,     777520 total
[2025-03-20T14:40:38.349+0000][7][gc,age      ] GC(113) - age   6:       1120 bytes,     778640 total
[2025-03-20T14:40:38.349+0000][7][gc,age      ] GC(113) - age   7:       4456 bytes,     783096 total
[2025-03-20T14:40:38.349+0000][7][gc,age      ] GC(113) - age   8:    8045672 bytes,    8828768 total
[2025-03-20T14:40:38.349+0000][7][gc,age      ] GC(113) - age   9:        648 bytes,    8829416 total
[2025-03-20T14:40:38.349+0000][7][gc,age      ] GC(113) - age  10:       1208 bytes,    8830624 total
[2025-03-20T14:40:38.349+0000][7][gc,age      ] GC(113) - age  11:       2224 bytes,    8832848 total
[2025-03-20T14:40:38.349+0000][7][gc,age      ] GC(113) - age  12:       1664 bytes,    8834512 total
[2025-03-20T14:40:38.349+0000][7][gc,age      ] GC(113) - age  13:      93992 bytes,    8928504 total
[2025-03-20T14:40:38.349+0000][7][gc,age      ] GC(113) - age  14:       5256 bytes,    8933760 total
[2025-03-20T14:40:38.349+0000][7][gc,age      ] GC(113) - age  15:       2344 bytes,    8936104 total
[2025-03-20T14:40:38.349+0000][7][gc,phases   ] GC(113)   Pre Evacuate Collection Set: 0.1ms
[2025-03-20T14:40:38.349+0000][7][gc,phases   ] GC(113)   Merge Heap Roots: 0.1ms
[2025-03-20T14:40:38.349+0000][7][gc,phases   ] GC(113)   Evacuate Collection Set: 1.5ms
[2025-03-20T14:40:38.349+0000][7][gc,phases   ] GC(113)   Post Evacuate Collection Set: 0.7ms
[2025-03-20T14:40:38.349+0000][7][gc,phases   ] GC(113)   Other: 0.3ms
[2025-03-20T14:40:38.349+0000][7][gc,heap     ] GC(113) Eden regions: 67->0(67)
[2025-03-20T14:40:38.349+0000][7][gc,heap     ] GC(113) Survivor regions: 3->3(9)
[2025-03-20T14:40:38.349+0000][7][gc,heap     ] GC(113) Old regions: 28->28
[2025-03-20T14:40:38.349+0000][7][gc,heap     ] GC(113) Archive regions: 2->2
[2025-03-20T14:40:38.349+0000][7][gc,heap     ] GC(113) Humongous regions: 5->5
[2025-03-20T14:40:38.349+0000][7][gc,metaspace] GC(113) Metaspace: 120474K(122112K)->120474K(122112K) NonClass: 104971K(105856K)->104971K(105856K) Class: 15503K(16256K)->15503K(16256K)
[2025-03-20T14:40:38.349+0000][7][gc          ] GC(113) Pause Young (Normal) (G1 Evacuation Pause) 414M->144M(512M) 2.721ms
[2025-03-20T14:40:38.349+0000][7][gc,cpu      ] GC(113) User=0.01s Sys=0.00s Real=0.00s
[2025-03-20T14:40:38.349+0000][7][safepoint   ] Safepoint "G1CollectForAllocation", Time since last: 4804672448 ns, Reaching safepoint: 125840 ns, At safepoint: 2816623 ns, Total: 2942463 ns
[2025-03-20T14:40:52.356+0000][7][safepoint   ] Safepoint "Cleanup", Time since last: 14006980823 ns, Reaching safepoint: 130880 ns, At safepoint: 4298 ns, Total: 135178 ns
[2025-03-20T14:40:54.357+0000][7][safepoint   ] Safepoint "Cleanup", Time since last: 2000593213 ns, Reaching safepoint: 165317 ns, At safepoint: 8396 ns, Total: 173713 ns
[2025-03-20T14:40:55.826+0000][7][safepoint   ] Safepoint "Cleanup", Time since last: 1468784983 ns, Reaching safepoint: 516142 ns, At safepoint: 31190 ns, Total: 547332 ns
[2025-03-20T14:40:56.553+0000][7][gc,start    ] GC(114) Pause Young (Normal) (G1 Evacuation Pause)
[2025-03-20T14:40:56.553+0000][7][gc,task     ] GC(114) Using 8 workers of 8 for evacuation
[2025-03-20T14:40:56.553+0000][7][gc,age      ] GC(114) Desired survivor size 18874368 bytes, new threshold 15 (max threshold 15)
[2025-03-20T14:40:56.557+0000][7][gc,age      ] GC(114) Age table with threshold 15 (max threshold 15)
[2025-03-20T14:40:56.557+0000][7][gc,age      ] GC(114) - age   1:    4057504 bytes,    4057504 total
[2025-03-20T14:40:56.557+0000][7][gc,age      ] GC(114) - age   2:     255112 bytes,    4312616 total
[2025-03-20T14:40:56.557+0000][7][gc,age      ] GC(114) - age   3:      46096 bytes,    4358712 total
[2025-03-20T14:40:56.557+0000][7][gc,age      ] GC(114) - age   4:     242272 bytes,    4600984 total
[2025-03-20T14:40:56.557+0000][7][gc,age      ] GC(114) - age   5:        128 bytes,    4601112 total
[2025-03-20T14:40:56.557+0000][7][gc,age      ] GC(114) - age   6:      15960 bytes,    4617072 total
[2025-03-20T14:40:56.557+0000][7][gc,age      ] GC(114) - age   7:       1120 bytes,    4618192 total
[2025-03-20T14:40:56.557+0000][7][gc,age      ] GC(114) - age   8:       4456 bytes,    4622648 total
[2025-03-20T14:40:56.557+0000][7][gc,age      ] GC(114) - age   9:    8010736 bytes,   12633384 total
[2025-03-20T14:40:56.557+0000][7][gc,age      ] GC(114) - age  10:        648 bytes,   12634032 total
[2025-03-20T14:40:56.557+0000][7][gc,age      ] GC(114) - age  11:        712 bytes,   12634744 total
[2025-03-20T14:40:56.557+0000][7][gc,age      ] GC(114) - age  12:       2224 bytes,   12636968 total
[2025-03-20T14:40:56.557+0000][7][gc,age      ] GC(114) - age  13:       1664 bytes,   12638632 total
[2025-03-20T14:40:56.557+0000][7][gc,age      ] GC(114) - age  14:      93992 bytes,   12732624 total
[2025-03-20T14:40:56.557+0000][7][gc,age      ] GC(114) - age  15:       4880 bytes,   12737504 total
[2025-03-20T14:40:56.557+0000][7][gc,phases   ] GC(114)   Pre Evacuate Collection Set: 0.1ms
[2025-03-20T14:40:56.557+0000][7][gc,phases   ] GC(114)   Merge Heap Roots: 0.1ms
[2025-03-20T14:40:56.557+0000][7][gc,phases   ] GC(114)   Evacuate Collection Set: 2.5ms
[2025-03-20T14:40:56.557+0000][7][gc,phases   ] GC(114)   Post Evacuate Collection Set: 0.9ms
[2025-03-20T14:40:56.557+0000][7][gc,phases   ] GC(114)   Other: 0.3ms
[2025-03-20T14:40:56.557+0000][7][gc,heap     ] GC(114) Eden regions: 67->0(65)
[2025-03-20T14:40:56.557+0000][7][gc,heap     ] GC(114) Survivor regions: 3->4(9)
[2025-03-20T14:40:56.557+0000][7][gc,heap     ] GC(114) Old regions: 28->28
[2025-03-20T14:40:56.557+0000][7][gc,heap     ] GC(114) Archive regions: 2->2
[2025-03-20T14:40:56.557+0000][7][gc,heap     ] GC(114) Humongous regions: 5->5
[2025-03-20T14:40:56.557+0000][7][gc,metaspace] GC(114) Metaspace: 120628K(122304K)->120628K(122304K) NonClass: 105125K(106048K)->105125K(106048K) Class: 15503K(16256K)->15503K(16256K)
[2025-03-20T14:40:56.557+0000][7][gc          ] GC(114) Pause Young (Normal) (G1 Evacuation Pause) 412M->148M(512M) 3.996ms
[2025-03-20T14:40:56.557+0000][7][gc,cpu      ] GC(114) User=0.02s Sys=0.00s Real=0.00s
[2025-03-20T14:40:56.557+0000][7][safepoint   ] Safepoint "G1CollectForAllocation", Time since last: 726429716 ns, Reaching safepoint: 125229 ns, At safepoint: 4079184 ns, Total: 4204413 ns
[2025-03-20T14:41:01.560+0000][7][safepoint   ] Safepoint "Cleanup", Time since last: 5002657896 ns, Reaching safepoint: 172298 ns, At safepoint: 13035 ns, Total: 185333 ns
[2025-03-20T14:41:02.560+0000][7][safepoint   ] Safepoint "Cleanup", Time since last: 1000284067 ns, Reaching safepoint: 125539 ns, At safepoint: 6944 ns, Total: 132483 ns
[2025-03-20T14:41:08.564+0000][7][safepoint   ] Safepoint "Cleanup", Time since last: 6004002867 ns, Reaching safepoint: 153332 ns, At safepoint: 8796 ns, Total: 162128 ns
[2025-03-20T14:41:26.535+0000][7][gc,start    ] GC(115) Pause Young (Normal) (G1 Evacuation Pause)
[2025-03-20T14:41:26.535+0000][7][gc,task     ] GC(115) Using 8 workers of 8 for evacuation
[2025-03-20T14:41:26.535+0000][7][gc,age      ] GC(115) Desired survivor size 18874368 bytes, new threshold 15 (max threshold 15)
[2025-03-20T14:41:26.538+0000][7][gc,age      ] GC(115) Age table with threshold 15 (max threshold 15)
[2025-03-20T14:41:26.538+0000][7][gc,age      ] GC(115) - age   1:    2657240 bytes,    2657240 total
[2025-03-20T14:41:26.538+0000][7][gc,age      ] GC(115) - age   2:    1819304 bytes,    4476544 total
[2025-03-20T14:41:26.538+0000][7][gc,age      ] GC(115) - age   3:       3080 bytes,    4479624 total
[2025-03-20T14:41:26.538+0000][7][gc,age      ] GC(115) - age   4:      44944 bytes,    4524568 total
[2025-03-20T14:41:26.538+0000][7][gc,age      ] GC(115) - age   5:     241504 bytes,    4766072 total
[2025-03-20T14:41:26.538+0000][7][gc,age      ] GC(115) - age   6:         64 bytes,    4766136 total
[2025-03-20T14:41:26.538+0000][7][gc,age      ] GC(115) - age   7:      15648 bytes,    4781784 total
[2025-03-20T14:41:26.538+0000][7][gc,age      ] GC(115) - age   8:       1120 bytes,    4782904 total
[2025-03-20T14:41:26.538+0000][7][gc,age      ] GC(115) - age   9:       4392 bytes,    4787296 total
[2025-03-20T14:41:26.538+0000][7][gc,age      ] GC(115) - age  10:      93824 bytes,    4881120 total
[2025-03-20T14:41:26.538+0000][7][gc,age      ] GC(115) - age  11:        648 bytes,    4881768 total
[2025-03-20T14:41:26.538+0000][7][gc,age      ] GC(115) - age  12:        712 bytes,    4882480 total
[2025-03-20T14:41:26.538+0000][7][gc,age      ] GC(115) - age  13:       2224 bytes,    4884704 total
[2025-03-20T14:41:26.538+0000][7][gc,age      ] GC(115) - age  14:       1664 bytes,    4886368 total
[2025-03-20T14:41:26.538+0000][7][gc,age      ] GC(115) - age  15:      79016 bytes,    4965384 total
[2025-03-20T14:41:26.538+0000][7][gc,phases   ] GC(115)   Pre Evacuate Collection Set: 0.2ms
[2025-03-20T14:41:26.538+0000][7][gc,phases   ] GC(115)   Merge Heap Roots: 0.1ms
[2025-03-20T14:41:26.538+0000][7][gc,phases   ] GC(115)   Evacuate Collection Set: 2.2ms
[2025-03-20T14:41:26.538+0000][7][gc,phases   ] GC(115)   Post Evacuate Collection Set: 1.0ms
[2025-03-20T14:41:26.538+0000][7][gc,phases   ] GC(115)   Other: 0.3ms
[2025-03-20T14:41:26.538+0000][7][gc,heap     ] GC(115) Eden regions: 65->0(68)
[2025-03-20T14:41:26.538+0000][7][gc,heap     ] GC(115) Survivor regions: 4->2(9)
[2025-03-20T14:41:26.538+0000][7][gc,heap     ] GC(115) Old regions: 28->28
[2025-03-20T14:41:26.538+0000][7][gc,heap     ] GC(115) Archive regions: 2->2
[2025-03-20T14:41:26.538+0000][7][gc,heap     ] GC(115) Humongous regions: 5->5
[2025-03-20T14:41:26.538+0000][7][gc,metaspace] GC(115) Metaspace: 120642K(122304K)->120642K(122304K) NonClass: 105139K(106048K)->105139K(106048K) Class: 15503K(16256K)->15503K(16256K)
[2025-03-20T14:41:26.538+0000][7][gc          ] GC(115) Pause Young (Normal) (G1 Evacuation Pause) 408M->141M(512M) 3.775ms
[2025-03-20T14:41:26.538+0000][7][gc,cpu      ] GC(115) User=0.01s Sys=0.00s Real=0.01s
[2025-03-20T14:41:26.538+0000][7][safepoint   ] Safepoint "G1CollectForAllocation", Time since last: 17970002604 ns, Reaching safepoint: 91504 ns, At safepoint: 3864814 ns, Total: 3956318 ns
[2025-03-20T14:41:42.549+0000][7][safepoint   ] Safepoint "Cleanup", Time since last: 16010505570 ns, Reaching safepoint: 184171 ns, At safepoint: 10570 ns, Total: 194741 ns
[2025-03-20T14:41:44.550+0000][7][safepoint   ] Safepoint "Cleanup", Time since last: 2000677864 ns, Reaching safepoint: 77788 ns, At safepoint: 5200 ns, Total: 82988 ns
[2025-03-20T14:41:45.551+0000][7][safepoint   ] Safepoint "Cleanup", Time since last: 1000782663 ns, Reaching safepoint: 161628 ns, At safepoint: 5871 ns, Total: 167499 ns
[2025-03-20T14:41:55.555+0000][7][safepoint   ] Safepoint "Cleanup", Time since last: 10004303462 ns, Reaching safepoint: 102686 ns, At safepoint: 4188 ns, Total: 106874 ns
[2025-03-20T14:42:02.559+0000][7][safepoint   ] Safepoint "Cleanup", Time since last: 7003724210 ns, Reaching safepoint: 158011 ns, At safepoint: 4779 ns, Total: 162790 ns
[2025-03-20T14:42:05.560+0000][7][gc,start    ] GC(116) Pause Young (Normal) (G1 Evacuation Pause)
[2025-03-20T14:42:05.560+0000][7][gc,task     ] GC(116) Using 8 workers of 8 for evacuation
[2025-03-20T14:42:05.560+0000][7][gc,age      ] GC(116) Desired survivor size 18874368 bytes, new threshold 15 (max threshold 15)
[2025-03-20T14:42:05.563+0000][7][gc,age      ] GC(116) Age table with threshold 15 (max threshold 15)
[2025-03-20T14:42:05.563+0000][7][gc,age      ] GC(116) - age   1:    3341984 bytes,    3341984 total
[2025-03-20T14:42:05.563+0000][7][gc,age      ] GC(116) - age   2:     801520 bytes,    4143504 total
[2025-03-20T14:42:05.563+0000][7][gc,age      ] GC(116) - age   3:    1504880 bytes,    5648384 total
[2025-03-20T14:42:05.563+0000][7][gc,age      ] GC(116) - age   4:       2184 bytes,    5650568 total
[2025-03-20T14:42:05.563+0000][7][gc,age      ] GC(116) - age   5:      44504 bytes,    5695072 total
[2025-03-20T14:42:05.563+0000][7][gc,age      ] GC(116) - age   6:     241120 bytes,    5936192 total
[2025-03-20T14:42:05.563+0000][7][gc,age      ] GC(116) - age   8:      15648 bytes,    5951840 total
[2025-03-20T14:42:05.563+0000][7][gc,age      ] GC(116) - age   9:       1120 bytes,    5952960 total
[2025-03-20T14:42:05.563+0000][7][gc,age      ] GC(116) - age  10:       4096 bytes,    5957056 total
[2025-03-20T14:42:05.563+0000][7][gc,age      ] GC(116) - age  11:      93824 bytes,    6050880 total
[2025-03-20T14:42:05.563+0000][7][gc,age      ] GC(116) - age  12:        648 bytes,    6051528 total
[2025-03-20T14:42:05.563+0000][7][gc,age      ] GC(116) - age  13:        712 bytes,    6052240 total
[2025-03-20T14:42:05.563+0000][7][gc,age      ] GC(116) - age  14:       2224 bytes,    6054464 total
[2025-03-20T14:42:05.563+0000][7][gc,age      ] GC(116) - age  15:       1664 bytes,    6056128 total
[2025-03-20T14:42:05.563+0000][7][gc,phases   ] GC(116)   Pre Evacuate Collection Set: 0.1ms
[2025-03-20T14:42:05.563+0000][7][gc,phases   ] GC(116)   Merge Heap Roots: 0.1ms
[2025-03-20T14:42:05.563+0000][7][gc,phases   ] GC(116)   Evacuate Collection Set: 1.6ms
[2025-03-20T14:42:05.563+0000][7][gc,phases   ] GC(116)   Post Evacuate Collection Set: 0.6ms
[2025-03-20T14:42:05.563+0000][7][gc,phases   ] GC(116)   Other: 0.2ms
[2025-03-20T14:42:05.563+0000][7][gc,heap     ] GC(116) Eden regions: 68->0(68)
[2025-03-20T14:42:05.563+0000][7][gc,heap     ] GC(116) Survivor regions: 2->2(9)
[2025-03-20T14:42:05.563+0000][7][gc,heap     ] GC(116) Old regions: 28->28
[2025-03-20T14:42:05.563+0000][7][gc,heap     ] GC(116) Archive regions: 2->2
[2025-03-20T14:42:05.563+0000][7][gc,heap     ] GC(116) Humongous regions: 5->5
[2025-03-20T14:42:05.563+0000][7][gc,metaspace] GC(116) Metaspace: 120653K(122304K)->120653K(122304K) NonClass: 105150K(106048K)->105150K(106048K) Class: 15503K(16256K)->15503K(16256K)
[2025-03-20T14:42:05.563+0000][7][gc          ] GC(116) Pause Young (Normal) (G1 Evacuation Pause) 413M->141M(512M) 2.670ms
[2025-03-20T14:42:05.563+0000][7][gc,cpu      ] GC(116) User=0.01s Sys=0.00s Real=0.00s
[2025-03-20T14:42:05.563+0000][7][safepoint   ] Safepoint "G1CollectForAllocation", Time since last: 3000699712 ns, Reaching safepoint: 406006 ns, At safepoint: 2757831 ns, Total: 3163837 ns
[2025-03-20T14:42:15.571+0000][7][safepoint   ] Safepoint "Cleanup", Time since last: 10008151732 ns, Reaching safepoint: 187798 ns, At safepoint: 8085 ns, Total: 195883 ns
[2025-03-20T14:42:17.573+0000][7][safepoint   ] Safepoint "Cleanup", Time since last: 2001763011 ns, Reaching safepoint: 92526 ns, At safepoint: 4328 ns, Total: 96854 ns
[2025-03-20T14:42:21.576+0000][7][safepoint   ] Safepoint "Cleanup", Time since last: 4002802436 ns, Reaching safepoint: 76936 ns, At safepoint: 3597 ns, Total: 80533 ns
[2025-03-20T14:42:44.590+0000][7][safepoint   ] Safepoint "Cleanup", Time since last: 23013729368 ns, Reaching safepoint: 126251 ns, At safepoint: 13746 ns, Total: 139997 ns
[2025-03-20T14:42:48.419+0000][7][gc,start    ] GC(117) Pause Young (Normal) (G1 Evacuation Pause)
[2025-03-20T14:42:48.419+0000][7][gc,task     ] GC(117) Using 8 workers of 8 for evacuation
[2025-03-20T14:42:48.419+0000][7][gc,age      ] GC(117) Desired survivor size 18874368 bytes, new threshold 15 (max threshold 15)
[2025-03-20T14:42:48.423+0000][7][gc,age      ] GC(117) Age table with threshold 15 (max threshold 15)
[2025-03-20T14:42:48.423+0000][7][gc,age      ] GC(117) - age   1:    1163648 bytes,    1163648 total
[2025-03-20T14:42:48.423+0000][7][gc,age      ] GC(117) - age   2:       6192 bytes,    1169840 total
[2025-03-20T14:42:48.423+0000][7][gc,age      ] GC(117) - age   3:     798408 bytes,    1968248 total
[2025-03-20T14:42:48.423+0000][7][gc,age      ] GC(117) - age   4:    1504400 bytes,    3472648 total
[2025-03-20T14:42:48.423+0000][7][gc,age      ] GC(117) - age   5:       1800 bytes,    3474448 total
[2025-03-20T14:42:48.423+0000][7][gc,age      ] GC(117) - age   6:      44312 bytes,    3518760 total
[2025-03-20T14:42:48.423+0000][7][gc,age      ] GC(117) - age   7:     240992 bytes,    3759752 total
[2025-03-20T14:42:48.423+0000][7][gc,age      ] GC(117) - age   9:      15648 bytes,    3775400 total
[2025-03-20T14:42:48.423+0000][7][gc,age      ] GC(117) - age  10:       1120 bytes,    3776520 total
[2025-03-20T14:42:48.423+0000][7][gc,age      ] GC(117) - age  11:       4096 bytes,    3780616 total
[2025-03-20T14:42:48.423+0000][7][gc,age      ] GC(117) - age  12:      93616 bytes,    3874232 total
[2025-03-20T14:42:48.423+0000][7][gc,age      ] GC(117) - age  13:        648 bytes,    3874880 total
[2025-03-20T14:42:48.423+0000][7][gc,age      ] GC(117) - age  14:        712 bytes,    3875592 total
[2025-03-20T14:42:48.423+0000][7][gc,age      ] GC(117) - age  15:       2224 bytes,    3877816 total
[2025-03-20T14:42:48.423+0000][7][gc,phases   ] GC(117)   Pre Evacuate Collection Set: 0.1ms
[2025-03-20T14:42:48.423+0000][7][gc,phases   ] GC(117)   Merge Heap Roots: 0.1ms
[2025-03-20T14:42:48.423+0000][7][gc,phases   ] GC(117)   Evacuate Collection Set: 2.6ms
[2025-03-20T14:42:48.423+0000][7][gc,phases   ] GC(117)   Post Evacuate Collection Set: 1.2ms
[2025-03-20T14:42:48.423+0000][7][gc,phases   ] GC(117)   Other: 0.3ms
[2025-03-20T14:42:48.423+0000][7][gc,heap     ] GC(117) Eden regions: 68->0(68)
[2025-03-20T14:42:48.423+0000][7][gc,heap     ] GC(117) Survivor regions: 2->2(9)
[2025-03-20T14:42:48.423+0000][7][gc,heap     ] GC(117) Old regions: 28->28
[2025-03-20T14:42:48.423+0000][7][gc,heap     ] GC(117) Archive regions: 2->2
[2025-03-20T14:42:48.423+0000][7][gc,heap     ] GC(117) Humongous regions: 5->5
[2025-03-20T14:42:48.423+0000][7][gc,metaspace] GC(117) Metaspace: 120656K(122304K)->120656K(122304K) NonClass: 105152K(106048K)->105152K(106048K) Class: 15503K(16256K)->15503K(16256K)
[2025-03-20T14:42:48.423+0000][7][gc          ] GC(117) Pause Young (Normal) (G1 Evacuation Pause) 413M->139M(512M) 4.314ms
[2025-03-20T14:42:48.423+0000][7][gc,cpu      ] GC(117) User=0.01s Sys=0.00s Real=0.00s
[2025-03-20T14:42:48.423+0000][7][safepoint   ] Safepoint "G1CollectForAllocation", Time since last: 3828916063 ns, Reaching safepoint: 103628 ns, At safepoint: 4410500 ns, Total: 4514128 ns
[2025-03-20T14:42:55.427+0000][7][safepoint   ] Safepoint "Cleanup", Time since last: 7003732524 ns, Reaching safepoint: 110551 ns, At safepoint: 8085 ns, Total: 118636 ns
[2025-03-20T14:42:58.429+0000][7][safepoint   ] Safepoint "Cleanup", Time since last: 3001153870 ns, Reaching safepoint: 218807 ns, At safepoint: 18375 ns, Total: 237182 ns
[2025-03-20T14:43:00.430+0000][7][safepoint   ] Safepoint "Cleanup", Time since last: 2001068964 ns, Reaching safepoint: 123265 ns, At safepoint: 9508 ns, Total: 132773 ns
[2025-03-20T14:43:02.432+0000][7][safepoint   ] Safepoint "Cleanup", Time since last: 2001694481 ns, Reaching safepoint: 102866 ns, At safepoint: 4889 ns, Total: 107755 ns
[2025-03-20T14:43:03.432+0000][7][safepoint   ] Safepoint "Cleanup", Time since last: 1000474356 ns, Reaching safepoint: 83078 ns, At safepoint: 12353 ns, Total: 95431 ns
[2025-03-20T14:43:06.433+0000][7][safepoint   ] Safepoint "Cleanup", Time since last: 3000983766 ns, Reaching safepoint: 104770 ns, At safepoint: 4919 ns, Total: 109689 ns
[2025-03-20T14:43:10.436+0000][7][safepoint   ] Safepoint "Cleanup", Time since last: 4002419442 ns, Reaching safepoint: 107325 ns, At safepoint: 5160 ns, Total: 112485 ns
[2025-03-20T14:43:20.691+0000][7][gc,start    ] GC(118) Pause Young (Normal) (G1 Evacuation Pause)
[2025-03-20T14:43:20.691+0000][7][gc,task     ] GC(118) Using 8 workers of 8 for evacuation
[2025-03-20T14:43:20.691+0000][7][gc,age      ] GC(118) Desired survivor size 18874368 bytes, new threshold 15 (max threshold 15)
[2025-03-20T14:43:20.694+0000][7][gc,age      ] GC(118) Age table with threshold 15 (max threshold 15)
[2025-03-20T14:43:20.694+0000][7][gc,age      ] GC(118) - age   1:    3466856 bytes,    3466856 total
[2025-03-20T14:43:20.694+0000][7][gc,age      ] GC(118) - age   2:       5368 bytes,    3472224 total
[2025-03-20T14:43:20.694+0000][7][gc,age      ] GC(118) - age   3:       1872 bytes,    3474096 total
[2025-03-20T14:43:20.694+0000][7][gc,age      ] GC(118) - age   4:     797768 bytes,    4271864 total
[2025-03-20T14:43:20.694+0000][7][gc,age      ] GC(118) - age   5:    1489424 bytes,    5761288 total
[2025-03-20T14:43:20.694+0000][7][gc,age      ] GC(118) - age   6:       1528 bytes,    5762816 total
[2025-03-20T14:43:20.694+0000][7][gc,age      ] GC(118) - age   7:      44248 bytes,    5807064 total
[2025-03-20T14:43:20.694+0000][7][gc,age      ] GC(118) - age   8:     240824 bytes,    6047888 total
[2025-03-20T14:43:20.694+0000][7][gc,age      ] GC(118) - age  10:      15648 bytes,    6063536 total
[2025-03-20T14:43:20.694+0000][7][gc,age      ] GC(118) - age  11:       1120 bytes,    6064656 total
[2025-03-20T14:43:20.694+0000][7][gc,age      ] GC(118) - age  12:       4096 bytes,    6068752 total
[2025-03-20T14:43:20.694+0000][7][gc,age      ] GC(118) - age  13:      93616 bytes,    6162368 total
[2025-03-20T14:43:20.694+0000][7][gc,age      ] GC(118) - age  14:        648 bytes,    6163016 total
[2025-03-20T14:43:20.694+0000][7][gc,age      ] GC(118) - age  15:        712 bytes,    6163728 total
[2025-03-20T14:43:20.694+0000][7][gc,phases   ] GC(118)   Pre Evacuate Collection Set: 0.1ms
[2025-03-20T14:43:20.694+0000][7][gc,phases   ] GC(118)   Merge Heap Roots: 0.1ms
[2025-03-20T14:43:20.694+0000][7][gc,phases   ] GC(118)   Evacuate Collection Set: 2.2ms
[2025-03-20T14:43:20.694+0000][7][gc,phases   ] GC(118)   Post Evacuate Collection Set: 0.7ms
[2025-03-20T14:43:20.694+0000][7][gc,phases   ] GC(118)   Other: 0.3ms
[2025-03-20T14:43:20.694+0000][7][gc,heap     ] GC(118) Eden regions: 68->0(68)
[2025-03-20T14:43:20.694+0000][7][gc,heap     ] GC(118) Survivor regions: 2->2(9)
[2025-03-20T14:43:20.694+0000][7][gc,heap     ] GC(118) Old regions: 28->28
[2025-03-20T14:43:20.694+0000][7][gc,heap     ] GC(118) Archive regions: 2->2
[2025-03-20T14:43:20.694+0000][7][gc,heap     ] GC(118) Humongous regions: 5->5
[2025-03-20T14:43:20.694+0000][7][gc,metaspace] GC(118) Metaspace: 120660K(122304K)->120660K(122304K) NonClass: 105156K(106048K)->105156K(106048K) Class: 15503K(16256K)->15503K(16256K)
[2025-03-20T14:43:20.694+0000][7][gc          ] GC(118) Pause Young (Normal) (G1 Evacuation Pause) 411M->141M(512M) 3.475ms
[2025-03-20T14:43:20.694+0000][7][gc,cpu      ] GC(118) User=0.01s Sys=0.00s Real=0.00s
[2025-03-20T14:43:20.694+0000][7][safepoint   ] Safepoint "G1CollectForAllocation", Time since last: 10254828217 ns, Reaching safepoint: 78400 ns, At safepoint: 3572735 ns, Total: 3651135 ns
[2025-03-20T14:43:21.695+0000][7][safepoint   ] Safepoint "Cleanup", Time since last: 1000641414 ns, Reaching safepoint: 117824 ns, At safepoint: 22413 ns, Total: 140237 ns
[2025-03-20T14:43:26.699+0000][7][safepoint   ] Safepoint "Cleanup", Time since last: 5003410169 ns, Reaching safepoint: 196224 ns, At safepoint: 27662 ns, Total: 223886 ns
[2025-03-20T14:43:27.699+0000][7][safepoint   ] Safepoint "Cleanup", Time since last: 1000427427 ns, Reaching safepoint: 128454 ns, At safepoint: 13626 ns, Total: 142080 ns
[2025-03-20T14:43:29.701+0000][7][safepoint   ] Safepoint "Cleanup", Time since last: 2001202356 ns, Reaching safepoint: 103177 ns, At safepoint: 4699 ns, Total: 107876 ns
[2025-03-20T14:43:44.706+0000][7][safepoint   ] Safepoint "Cleanup", Time since last: 15005559987 ns, Reaching safepoint: 218760 ns, At safepoint: 7825 ns, Total: 226585 ns
[2025-03-20T14:43:53.713+0000][7][safepoint   ] Safepoint "Cleanup", Time since last: 9006072377 ns, Reaching safepoint: 130969 ns, At safepoint: 4358 ns, Total: 135327 ns
[2025-03-20T14:43:53.886+0000][7][gc,start    ] GC(119) Pause Young (Normal) (G1 Evacuation Pause)
[2025-03-20T14:43:53.886+0000][7][gc,task     ] GC(119) Using 8 workers of 8 for evacuation
[2025-03-20T14:43:53.886+0000][7][gc,age      ] GC(119) Desired survivor size 18874368 bytes, new threshold 15 (max threshold 15)
[2025-03-20T14:43:53.890+0000][7][gc,age      ] GC(119) Age table with threshold 15 (max threshold 15)
[2025-03-20T14:43:53.890+0000][7][gc,age      ] GC(119) - age   1:     499280 bytes,     499280 total
[2025-03-20T14:43:53.890+0000][7][gc,age      ] GC(119) - age   2:       4496 bytes,     503776 total
[2025-03-20T14:43:53.890+0000][7][gc,age      ] GC(119) - age   3:       3608 bytes,     507384 total
[2025-03-20T14:43:53.890+0000][7][gc,age      ] GC(119) - age   4:       1168 bytes,     508552 total
[2025-03-20T14:43:53.890+0000][7][gc,age      ] GC(119) - age   5:     796848 bytes,    1305400 total
[2025-03-20T14:43:53.890+0000][7][gc,age      ] GC(119) - age   6:    1348736 bytes,    2654136 total
[2025-03-20T14:43:53.890+0000][7][gc,age      ] GC(119) - age   7:       1528 bytes,    2655664 total
[2025-03-20T14:43:53.890+0000][7][gc,age      ] GC(119) - age   8:      44184 bytes,    2699848 total
[2025-03-20T14:43:53.890+0000][7][gc,age      ] GC(119) - age   9:     240824 bytes,    2940672 total
[2025-03-20T14:43:53.890+0000][7][gc,age      ] GC(119) - age  11:      15096 bytes,    2955768 total
[2025-03-20T14:43:53.890+0000][7][gc,age      ] GC(119) - age  12:       1120 bytes,    2956888 total
[2025-03-20T14:43:53.890+0000][7][gc,age      ] GC(119) - age  13:       4096 bytes,    2960984 total
[2025-03-20T14:43:53.890+0000][7][gc,age      ] GC(119) - age  14:      93616 bytes,    3054600 total
[2025-03-20T14:43:53.890+0000][7][gc,age      ] GC(119) - age  15:        648 bytes,    3055248 total
[2025-03-20T14:43:53.890+0000][7][gc,phases   ] GC(119)   Pre Evacuate Collection Set: 0.1ms
[2025-03-20T14:43:53.890+0000][7][gc,phases   ] GC(119)   Merge Heap Roots: 0.1ms
[2025-03-20T14:43:53.890+0000][7][gc,phases   ] GC(119)   Evacuate Collection Set: 2.3ms
[2025-03-20T14:43:53.890+0000][7][gc,phases   ] GC(119)   Post Evacuate Collection Set: 0.8ms
[2025-03-20T14:43:53.890+0000][7][gc,phases   ] GC(119)   Other: 0.4ms
[2025-03-20T14:43:53.890+0000][7][gc,heap     ] GC(119) Eden regions: 68->0(70)
[2025-03-20T14:43:53.890+0000][7][gc,heap     ] GC(119) Survivor regions: 2->1(9)
[2025-03-20T14:43:53.890+0000][7][gc,heap     ] GC(119) Old regions: 28->28
[2025-03-20T14:43:53.890+0000][7][gc,heap     ] GC(119) Archive regions: 2->2
[2025-03-20T14:43:53.890+0000][7][gc,heap     ] GC(119) Humongous regions: 5->5
[2025-03-20T14:43:53.890+0000][7][gc,metaspace] GC(119) Metaspace: 121007K(122624K)->121007K(122624K) NonClass: 105466K(106368K)->105466K(106368K) Class: 15540K(16256K)->15540K(16256K)
[2025-03-20T14:43:53.890+0000][7][gc          ] GC(119) Pause Young (Normal) (G1 Evacuation Pause) 413M->138M(512M) 3.772ms
[2025-03-20T14:43:53.890+0000][7][gc,cpu      ] GC(119) User=0.01s Sys=0.01s Real=0.01s
[2025-03-20T14:43:53.890+0000][7][safepoint   ] Safepoint "G1CollectForAllocation", Time since last: 173230402 ns, Reaching safepoint: 144325 ns, At safepoint: 3891120 ns, Total: 4035445 ns
[2025-03-20T14:43:54.479+0000][7][gc,start    ] GC(120) Pause Young (Normal) (G1 Evacuation Pause)
[2025-03-20T14:43:54.479+0000][7][gc,task     ] GC(120) Using 8 workers of 8 for evacuation
[2025-03-20T14:43:54.479+0000][7][gc,age      ] GC(120) Desired survivor size 18874368 bytes, new threshold 15 (max threshold 15)
[2025-03-20T14:43:54.482+0000][7][gc,age      ] GC(120) Age table with threshold 15 (max threshold 15)
[2025-03-20T14:43:54.482+0000][7][gc,age      ] GC(120) - age   1:     430296 bytes,     430296 total
[2025-03-20T14:43:54.482+0000][7][gc,age      ] GC(120) - age   2:     339048 bytes,     769344 total
[2025-03-20T14:43:54.482+0000][7][gc,age      ] GC(120) - age   3:       4496 bytes,     773840 total
[2025-03-20T14:43:54.482+0000][7][gc,age      ] GC(120) - age   4:       3608 bytes,     777448 total
[2025-03-20T14:43:54.482+0000][7][gc,age      ] GC(120) - age   5:       1168 bytes,     778616 total
[2025-03-20T14:43:54.482+0000][7][gc,age      ] GC(120) - age   6:     796848 bytes,    1575464 total
[2025-03-20T14:43:54.482+0000][7][gc,age      ] GC(120) - age   7:    1347760 bytes,    2923224 total
[2025-03-20T14:43:54.482+0000][7][gc,age      ] GC(120) - age   8:       1528 bytes,    2924752 total
[2025-03-20T14:43:54.482+0000][7][gc,age      ] GC(120) - age   9:      44184 bytes,    2968936 total
[2025-03-20T14:43:54.482+0000][7][gc,age      ] GC(120) - age  10:     240824 bytes,    3209760 total
[2025-03-20T14:43:54.482+0000][7][gc,age      ] GC(120) - age  12:       6960 bytes,    3216720 total
[2025-03-20T14:43:54.482+0000][7][gc,age      ] GC(120) - age  13:       1120 bytes,    3217840 total
[2025-03-20T14:43:54.482+0000][7][gc,age      ] GC(120) - age  14:       4096 bytes,    3221936 total
[2025-03-20T14:43:54.482+0000][7][gc,age      ] GC(120) - age  15:      93616 bytes,    3315552 total
[2025-03-20T14:43:54.482+0000][7][gc,phases   ] GC(120)   Pre Evacuate Collection Set: 0.1ms
[2025-03-20T14:43:54.482+0000][7][gc,phases   ] GC(120)   Merge Heap Roots: 0.1ms
[2025-03-20T14:43:54.482+0000][7][gc,phases   ] GC(120)   Evacuate Collection Set: 1.8ms
[2025-03-20T14:43:54.482+0000][7][gc,phases   ] GC(120)   Post Evacuate Collection Set: 0.9ms
[2025-03-20T14:43:54.482+0000][7][gc,phases   ] GC(120)   Other: 0.2ms
[2025-03-20T14:43:54.482+0000][7][gc,heap     ] GC(120) Eden regions: 70->0(70)
[2025-03-20T14:43:54.482+0000][7][gc,heap     ] GC(120) Survivor regions: 1->1(9)
[2025-03-20T14:43:54.482+0000][7][gc,heap     ] GC(120) Old regions: 28->28
[2025-03-20T14:43:54.482+0000][7][gc,heap     ] GC(120) Archive regions: 2->2
[2025-03-20T14:43:54.482+0000][7][gc,heap     ] GC(120) Humongous regions: 5->5
[2025-03-20T14:43:54.482+0000][7][gc,metaspace] GC(120) Metaspace: 121285K(122944K)->121285K(122944K) NonClass: 105744K(106688K)->105744K(106688K) Class: 15540K(16256K)->15540K(16256K)
[2025-03-20T14:43:54.482+0000][7][gc          ] GC(120) Pause Young (Normal) (G1 Evacuation Pause) 418M->138M(512M) 3.158ms
[2025-03-20T14:43:54.482+0000][7][gc,cpu      ] GC(120) User=0.01s Sys=0.00s Real=0.00s
[2025-03-20T14:43:54.482+0000][7][safepoint   ] Safepoint "G1CollectForAllocation", Time since last: 588434620 ns, Reaching safepoint: 169442 ns, At safepoint: 3229631 ns, Total: 3399073 ns
[2025-03-20T14:43:55.072+0000][7][gc,start    ] GC(121) Pause Young (Normal) (G1 Evacuation Pause)
[2025-03-20T14:43:55.072+0000][7][gc,task     ] GC(121) Using 8 workers of 8 for evacuation
[2025-03-20T14:43:55.072+0000][7][gc,age      ] GC(121) Desired survivor size 18874368 bytes, new threshold 15 (max threshold 15)
[2025-03-20T14:43:55.075+0000][7][gc,age      ] GC(121) Age table with threshold 15 (max threshold 15)
[2025-03-20T14:43:55.075+0000][7][gc,age      ] GC(121) - age   1:     231024 bytes,     231024 total
[2025-03-20T14:43:55.075+0000][7][gc,age      ] GC(121) - age   2:      96496 bytes,     327520 total
[2025-03-20T14:43:55.075+0000][7][gc,age      ] GC(121) - age   3:     330536 bytes,     658056 total
[2025-03-20T14:43:55.075+0000][7][gc,age      ] GC(121) - age   4:       4496 bytes,     662552 total
[2025-03-20T14:43:55.075+0000][7][gc,age      ] GC(121) - age   5:       3608 bytes,     666160 total
[2025-03-20T14:43:55.075+0000][7][gc,age      ] GC(121) - age   6:       1168 bytes,     667328 total
[2025-03-20T14:43:55.075+0000][7][gc,age      ] GC(121) - age   7:     796848 bytes,    1464176 total
[2025-03-20T14:43:55.075+0000][7][gc,age      ] GC(121) - age   8:    1347760 bytes,    2811936 total
[2025-03-20T14:43:55.075+0000][7][gc,age      ] GC(121) - age   9:       1528 bytes,    2813464 total
[2025-03-20T14:43:55.075+0000][7][gc,age      ] GC(121) - age  10:      44184 bytes,    2857648 total
[2025-03-20T14:43:55.075+0000][7][gc,age      ] GC(121) - age  11:     240824 bytes,    3098472 total
[2025-03-20T14:43:55.075+0000][7][gc,age      ] GC(121) - age  13:       6960 bytes,    3105432 total
[2025-03-20T14:43:55.075+0000][7][gc,age      ] GC(121) - age  14:       1120 bytes,    3106552 total
[2025-03-20T14:43:55.075+0000][7][gc,age      ] GC(121) - age  15:       4096 bytes,    3110648 total
[2025-03-20T14:43:55.075+0000][7][gc,phases   ] GC(121)   Pre Evacuate Collection Set: 0.2ms
[2025-03-20T14:43:55.075+0000][7][gc,phases   ] GC(121)   Merge Heap Roots: 0.1ms
[2025-03-20T14:43:55.075+0000][7][gc,phases   ] GC(121)   Evacuate Collection Set: 1.6ms
[2025-03-20T14:43:55.075+0000][7][gc,phases   ] GC(121)   Post Evacuate Collection Set: 0.7ms
[2025-03-20T14:43:55.075+0000][7][gc,phases   ] GC(121)   Other: 0.2ms
[2025-03-20T14:43:55.075+0000][7][gc,heap     ] GC(121) Eden regions: 70->0(70)
[2025-03-20T14:43:55.075+0000][7][gc,heap     ] GC(121) Survivor regions: 1->1(9)
[2025-03-20T14:43:55.075+0000][7][gc,heap     ] GC(121) Old regions: 28->28
[2025-03-20T14:43:55.075+0000][7][gc,heap     ] GC(121) Archive regions: 2->2
[2025-03-20T14:43:55.075+0000][7][gc,heap     ] GC(121) Humongous regions: 5->5
[2025-03-20T14:43:55.075+0000][7][gc,metaspace] GC(121) Metaspace: 121423K(123072K)->121423K(123072K) NonClass: 105882K(106816K)->105882K(106816K) Class: 15540K(16256K)->15540K(16256K)
[2025-03-20T14:43:55.075+0000][7][gc          ] GC(121) Pause Young (Normal) (G1 Evacuation Pause) 418M->138M(512M) 2.815ms
[2025-03-20T14:43:55.075+0000][7][gc,cpu      ] GC(121) User=0.01s Sys=0.00s Real=0.00s
[2025-03-20T14:43:55.075+0000][7][safepoint   ] Safepoint "G1CollectForAllocation", Time since last: 590005705 ns, Reaching safepoint: 151759 ns, At safepoint: 2923167 ns, Total: 3074926 ns
[2025-03-20T14:43:55.665+0000][7][gc,start    ] GC(122) Pause Young (Normal) (G1 Evacuation Pause)
[2025-03-20T14:43:55.665+0000][7][gc,task     ] GC(122) Using 8 workers of 8 for evacuation
[2025-03-20T14:43:55.665+0000][7][gc,age      ] GC(122) Desired survivor size 18874368 bytes, new threshold 15 (max threshold 15)
[2025-03-20T14:43:55.669+0000][7][gc,age      ] GC(122) Age table with threshold 15 (max threshold 15)
[2025-03-20T14:43:55.669+0000][7][gc,age      ] GC(122) - age   1:     404240 bytes,     404240 total
[2025-03-20T14:43:55.669+0000][7][gc,age      ] GC(122) - age   2:      31128 bytes,     435368 total
[2025-03-20T14:43:55.669+0000][7][gc,age      ] GC(122) - age   3:      87984 bytes,     523352 total
[2025-03-20T14:43:55.669+0000][7][gc,age      ] GC(122) - age   4:     325776 bytes,     849128 total
[2025-03-20T14:43:55.669+0000][7][gc,age      ] GC(122) - age   5:       4496 bytes,     853624 total
[2025-03-20T14:43:55.669+0000][7][gc,age      ] GC(122) - age   6:       3608 bytes,     857232 total
[2025-03-20T14:43:55.669+0000][7][gc,age      ] GC(122) - age   7:       1168 bytes,     858400 total
[2025-03-20T14:43:55.669+0000][7][gc,age      ] GC(122) - age   8:     796848 bytes,    1655248 total
[2025-03-20T14:43:55.669+0000][7][gc,age      ] GC(122) - age   9:    1347760 bytes,    3003008 total
[2025-03-20T14:43:55.669+0000][7][gc,age      ] GC(122) - age  10:       1528 bytes,    3004536 total
[2025-03-20T14:43:55.669+0000][7][gc,age      ] GC(122) - age  11:      44184 bytes,    3048720 total
[2025-03-20T14:43:55.669+0000][7][gc,age      ] GC(122) - age  12:     240824 bytes,    3289544 total
[2025-03-20T14:43:55.669+0000][7][gc,age      ] GC(122) - age  14:       6960 bytes,    3296504 total
[2025-03-20T14:43:55.669+0000][7][gc,age      ] GC(122) - age  15:       1120 bytes,    3297624 total
[2025-03-20T14:43:55.669+0000][7][gc,phases   ] GC(122)   Pre Evacuate Collection Set: 0.2ms
[2025-03-20T14:43:55.669+0000][7][gc,phases   ] GC(122)   Merge Heap Roots: 0.1ms
[2025-03-20T14:43:55.669+0000][7][gc,phases   ] GC(122)   Evacuate Collection Set: 2.5ms
[2025-03-20T14:43:55.669+0000][7][gc,phases   ] GC(122)   Post Evacuate Collection Set: 0.9ms
[2025-03-20T14:43:55.669+0000][7][gc,phases   ] GC(122)   Other: 0.3ms
[2025-03-20T14:43:55.669+0000][7][gc,heap     ] GC(122) Eden regions: 70->0(70)
[2025-03-20T14:43:55.669+0000][7][gc,heap     ] GC(122) Survivor regions: 1->1(9)
[2025-03-20T14:43:55.669+0000][7][gc,heap     ] GC(122) Old regions: 28->28
[2025-03-20T14:43:55.669+0000][7][gc,heap     ] GC(122) Archive regions: 2->2
[2025-03-20T14:43:55.669+0000][7][gc,heap     ] GC(122) Humongous regions: 5->5
[2025-03-20T14:43:55.669+0000][7][gc,metaspace] GC(122) Metaspace: 121488K(123136K)->121488K(123136K) NonClass: 105947K(106880K)->105947K(106880K) Class: 15540K(16256K)->15540K(16256K)
[2025-03-20T14:43:55.669+0000][7][gc          ] GC(122) Pause Young (Normal) (G1 Evacuation Pause) 418M->139M(512M) 4.121ms
[2025-03-20T14:43:55.669+0000][7][gc,cpu      ] GC(122) User=0.01s Sys=0.00s Real=0.01s
[2025-03-20T14:43:55.669+0000][7][safepoint   ] Safepoint "G1CollectForAllocation", Time since last: 590030207 ns, Reaching safepoint: 198648 ns, At safepoint: 4218691 ns, Total: 4417339 ns
[2025-03-20T14:43:56.312+0000][7][gc,start    ] GC(123) Pause Young (Normal) (G1 Evacuation Pause)
[2025-03-20T14:43:56.312+0000][7][gc,task     ] GC(123) Using 8 workers of 8 for evacuation
[2025-03-20T14:43:56.312+0000][7][gc,age      ] GC(123) Desired survivor size 18874368 bytes, new threshold 15 (max threshold 15)
[2025-03-20T14:43:56.315+0000][7][gc,age      ] GC(123) Age table with threshold 15 (max threshold 15)
[2025-03-20T14:43:56.315+0000][7][gc,age      ] GC(123) - age   1:     167856 bytes,     167856 total
[2025-03-20T14:43:56.315+0000][7][gc,age      ] GC(123) - age   2:      32024 bytes,     199880 total
[2025-03-20T14:43:56.315+0000][7][gc,age      ] GC(123) - age   3:      25520 bytes,     225400 total
[2025-03-20T14:43:56.315+0000][7][gc,age      ] GC(123) - age   4:      87984 bytes,     313384 total
[2025-03-20T14:43:56.315+0000][7][gc,age      ] GC(123) - age   5:     322344 bytes,     635728 total
[2025-03-20T14:43:56.315+0000][7][gc,age      ] GC(123) - age   6:       4496 bytes,     640224 total
[2025-03-20T14:43:56.315+0000][7][gc,age      ] GC(123) - age   7:       3608 bytes,     643832 total
[2025-03-20T14:43:56.315+0000][7][gc,age      ] GC(123) - age   8:       1168 bytes,     645000 total
[2025-03-20T14:43:56.315+0000][7][gc,age      ] GC(123) - age   9:     796848 bytes,    1441848 total
[2025-03-20T14:43:56.315+0000][7][gc,age      ] GC(123) - age  10:    1347760 bytes,    2789608 total
[2025-03-20T14:43:56.315+0000][7][gc,age      ] GC(123) - age  11:       1528 bytes,    2791136 total
[2025-03-20T14:43:56.315+0000][7][gc,age      ] GC(123) - age  12:      44184 bytes,    2835320 total
[2025-03-20T14:43:56.315+0000][7][gc,age      ] GC(123) - age  13:     240824 bytes,    3076144 total
[2025-03-20T14:43:56.315+0000][7][gc,age      ] GC(123) - age  15:       6960 bytes,    3083104 total
[2025-03-20T14:43:56.315+0000][7][gc,phases   ] GC(123)   Pre Evacuate Collection Set: 0.1ms
[2025-03-20T14:43:56.315+0000][7][gc,phases   ] GC(123)   Merge Heap Roots: 0.1ms
[2025-03-20T14:43:56.315+0000][7][gc,phases   ] GC(123)   Evacuate Collection Set: 1.8ms
[2025-03-20T14:43:56.315+0000][7][gc,phases   ] GC(123)   Post Evacuate Collection Set: 0.7ms
[2025-03-20T14:43:56.315+0000][7][gc,phases   ] GC(123)   Other: 0.2ms
[2025-03-20T14:43:56.315+0000][7][gc,heap     ] GC(123) Eden regions: 70->0(71)
[2025-03-20T14:43:56.315+0000][7][gc,heap     ] GC(123) Survivor regions: 1->1(9)
[2025-03-20T14:43:56.315+0000][7][gc,heap     ] GC(123) Old regions: 28->28
[2025-03-20T14:43:56.315+0000][7][gc,heap     ] GC(123) Archive regions: 2->2
[2025-03-20T14:43:56.315+0000][7][gc,heap     ] GC(123) Humongous regions: 5->5
[2025-03-20T14:43:56.315+0000][7][gc,metaspace] GC(123) Metaspace: 121695K(123328K)->121695K(123328K) NonClass: 106154K(107072K)->106154K(107072K) Class: 15541K(16256K)->15541K(16256K)
[2025-03-20T14:43:56.315+0000][7][gc          ] GC(123) Pause Young (Normal) (G1 Evacuation Pause) 419M->138M(512M) 2.951ms
[2025-03-20T14:43:56.315+0000][7][gc,cpu      ] GC(123) User=0.01s Sys=0.00s Real=0.00s
[2025-03-20T14:43:56.315+0000][7][safepoint   ] Safepoint "G1CollectForAllocation", Time since last: 642834115 ns, Reaching safepoint: 151067 ns, At safepoint: 3026338 ns, Total: 3177405 ns
[2025-03-20T14:43:56.854+0000][7][gc,start    ] GC(124) Pause Young (Normal) (G1 Evacuation Pause)
[2025-03-20T14:43:56.855+0000][7][gc,task     ] GC(124) Using 8 workers of 8 for evacuation
[2025-03-20T14:43:56.855+0000][7][gc,age      ] GC(124) Desired survivor size 18874368 bytes, new threshold 15 (max threshold 15)
[2025-03-20T14:43:56.857+0000][7][gc,age      ] GC(124) Age table with threshold 15 (max threshold 15)
[2025-03-20T14:43:56.857+0000][7][gc,age      ] GC(124) - age   1:     309896 bytes,     309896 total
[2025-03-20T14:43:56.857+0000][7][gc,age      ] GC(124) - age   2:      32472 bytes,     342368 total
[2025-03-20T14:43:56.857+0000][7][gc,age      ] GC(124) - age   3:      25616 bytes,     367984 total
[2025-03-20T14:43:56.857+0000][7][gc,age      ] GC(124) - age   4:      21392 bytes,     389376 total
[2025-03-20T14:43:56.857+0000][7][gc,age      ] GC(124) - age   5:      87984 bytes,     477360 total
[2025-03-20T14:43:56.857+0000][7][gc,age      ] GC(124) - age   6:     311376 bytes,     788736 total
[2025-03-20T14:43:56.857+0000][7][gc,age      ] GC(124) - age   7:       4496 bytes,     793232 total
[2025-03-20T14:43:56.857+0000][7][gc,age      ] GC(124) - age   8:       3608 bytes,     796840 total
[2025-03-20T14:43:56.857+0000][7][gc,age      ] GC(124) - age   9:       1168 bytes,     798008 total
[2025-03-20T14:43:56.857+0000][7][gc,age      ] GC(124) - age  10:     788416 bytes,    1586424 total
[2025-03-20T14:43:56.857+0000][7][gc,age      ] GC(124) - age  11:    1347760 bytes,    2934184 total
[2025-03-20T14:43:56.858+0000][7][gc,age      ] GC(124) - age  12:       1528 bytes,    2935712 total
[2025-03-20T14:43:56.858+0000][7][gc,age      ] GC(124) - age  13:      44184 bytes,    2979896 total
[2025-03-20T14:43:56.858+0000][7][gc,age      ] GC(124) - age  14:     240824 bytes,    3220720 total
[2025-03-20T14:43:56.858+0000][7][gc,phases   ] GC(124)   Pre Evacuate Collection Set: 0.1ms
[2025-03-20T14:43:56.858+0000][7][gc,phases   ] GC(124)   Merge Heap Roots: 0.1ms
[2025-03-20T14:43:56.858+0000][7][gc,phases   ] GC(124)   Evacuate Collection Set: 1.7ms
[2025-03-20T14:43:56.858+0000][7][gc,phases   ] GC(124)   Post Evacuate Collection Set: 0.9ms
[2025-03-20T14:43:56.858+0000][7][gc,phases   ] GC(124)   Other: 0.3ms
[2025-03-20T14:43:56.858+0000][7][gc,heap     ] GC(124) Eden regions: 71->0(71)
[2025-03-20T14:43:56.858+0000][7][gc,heap     ] GC(124) Survivor regions: 1->1(9)
[2025-03-20T14:43:56.858+0000][7][gc,heap     ] GC(124) Old regions: 28->28
[2025-03-20T14:43:56.858+0000][7][gc,heap     ] GC(124) Archive regions: 2->2
[2025-03-20T14:43:56.858+0000][7][gc,heap     ] GC(124) Humongous regions: 5->5
[2025-03-20T14:43:56.858+0000][7][gc,metaspace] GC(124) Metaspace: 121770K(123392K)->121770K(123392K) NonClass: 106228K(107136K)->106228K(107136K) Class: 15542K(16256K)->15542K(16256K)
[2025-03-20T14:43:56.858+0000][7][gc          ] GC(124) Pause Young (Normal) (G1 Evacuation Pause) 422M->138M(512M) 3.130ms
[2025-03-20T14:43:56.858+0000][7][gc,cpu      ] GC(124) User=0.01s Sys=0.00s Real=0.00s
[2025-03-20T14:43:56.858+0000][7][safepoint   ] Safepoint "G1CollectForAllocation", Time since last: 538799529 ns, Reaching safepoint: 340469 ns, At safepoint: 3254477 ns, Total: 3594946 ns
[2025-03-20T14:43:57.369+0000][7][gc,start    ] GC(125) Pause Young (Normal) (G1 Evacuation Pause)
[2025-03-20T14:43:57.369+0000][7][gc,task     ] GC(125) Using 8 workers of 8 for evacuation
[2025-03-20T14:43:57.369+0000][7][gc,age      ] GC(125) Desired survivor size 18874368 bytes, new threshold 15 (max threshold 15)
[2025-03-20T14:43:57.373+0000][7][gc,age      ] GC(125) Age table with threshold 15 (max threshold 15)
[2025-03-20T14:43:57.373+0000][7][gc,age      ] GC(125) - age   1:     221848 bytes,     221848 total
[2025-03-20T14:43:57.373+0000][7][gc,age      ] GC(125) - age   2:     128392 bytes,     350240 total
[2025-03-20T14:43:57.373+0000][7][gc,age      ] GC(125) - age   3:      25032 bytes,     375272 total
[2025-03-20T14:43:57.373+0000][7][gc,age      ] GC(125) - age   4:      25616 bytes,     400888 total
[2025-03-20T14:43:57.373+0000][7][gc,age      ] GC(125) - age   5:      21392 bytes,     422280 total
[2025-03-20T14:43:57.373+0000][7][gc,age      ] GC(125) - age   6:      87952 bytes,     510232 total
[2025-03-20T14:43:57.373+0000][7][gc,age      ] GC(125) - age   7:     311376 bytes,     821608 total
[2025-03-20T14:43:57.373+0000][7][gc,age      ] GC(125) - age   8:       4496 bytes,     826104 total
[2025-03-20T14:43:57.373+0000][7][gc,age      ] GC(125) - age   9:       3608 bytes,     829712 total
[2025-03-20T14:43:57.373+0000][7][gc,age      ] GC(125) - age  10:       1168 bytes,     830880 total
[2025-03-20T14:43:57.373+0000][7][gc,age      ] GC(125) - age  11:     788416 bytes,    1619296 total
[2025-03-20T14:43:57.373+0000][7][gc,age      ] GC(125) - age  12:    1347760 bytes,    2967056 total
[2025-03-20T14:43:57.373+0000][7][gc,age      ] GC(125) - age  13:       1528 bytes,    2968584 total
[2025-03-20T14:43:57.373+0000][7][gc,age      ] GC(125) - age  14:      44184 bytes,    3012768 total
[2025-03-20T14:43:57.373+0000][7][gc,age      ] GC(125) - age  15:     240824 bytes,    3253592 total
[2025-03-20T14:43:57.374+0000][7][gc,phases   ] GC(125)   Pre Evacuate Collection Set: 0.1ms
[2025-03-20T14:43:57.374+0000][7][gc,phases   ] GC(125)   Merge Heap Roots: 0.1ms
[2025-03-20T14:43:57.374+0000][7][gc,phases   ] GC(125)   Evacuate Collection Set: 2.9ms
[2025-03-20T14:43:57.374+0000][7][gc,phases   ] GC(125)   Post Evacuate Collection Set: 1.3ms
[2025-03-20T14:43:57.374+0000][7][gc,phases   ] GC(125)   Other: 0.4ms
[2025-03-20T14:43:57.374+0000][7][gc,heap     ] GC(125) Eden regions: 71->0(71)
[2025-03-20T14:43:57.374+0000][7][gc,heap     ] GC(125) Survivor regions: 1->1(9)
[2025-03-20T14:43:57.374+0000][7][gc,heap     ] GC(125) Old regions: 28->28
[2025-03-20T14:43:57.374+0000][7][gc,heap     ] GC(125) Archive regions: 2->2
[2025-03-20T14:43:57.374+0000][7][gc,heap     ] GC(125) Humongous regions: 5->5
[2025-03-20T14:43:57.374+0000][7][gc,metaspace] GC(125) Metaspace: 121893K(123520K)->121893K(123520K) NonClass: 106350K(107264K)->106350K(107264K) Class: 15542K(16256K)->15542K(16256K)
[2025-03-20T14:43:57.374+0000][7][gc          ] GC(125) Pause Young (Normal) (G1 Evacuation Pause) 422M->139M(512M) 4.885ms
[2025-03-20T14:43:57.374+0000][7][gc,cpu      ] GC(125) User=0.01s Sys=0.00s Real=0.00s
[2025-03-20T14:43:57.374+0000][7][safepoint   ] Safepoint "G1CollectForAllocation", Time since last: 510967504 ns, Reaching safepoint: 123986 ns, At safepoint: 5006517 ns, Total: 5130503 ns
[2025-03-20T14:43:57.893+0000][7][gc,start    ] GC(126) Pause Young (Normal) (G1 Evacuation Pause)
[2025-03-20T14:43:57.893+0000][7][gc,task     ] GC(126) Using 8 workers of 8 for evacuation
[2025-03-20T14:43:57.893+0000][7][gc,age      ] GC(126) Desired survivor size 18874368 bytes, new threshold 15 (max threshold 15)
[2025-03-20T14:43:57.896+0000][7][gc,age      ] GC(126) Age table with threshold 15 (max threshold 15)
[2025-03-20T14:43:57.896+0000][7][gc,age      ] GC(126) - age   1:     232176 bytes,     232176 total
[2025-03-20T14:43:57.896+0000][7][gc,age      ] GC(126) - age   2:      46152 bytes,     278328 total
[2025-03-20T14:43:57.896+0000][7][gc,age      ] GC(126) - age   3:     119648 bytes,     397976 total
[2025-03-20T14:43:57.896+0000][7][gc,age      ] GC(126) - age   4:      22904 bytes,     420880 total
[2025-03-20T14:43:57.896+0000][7][gc,age      ] GC(126) - age   5:      25424 bytes,     446304 total
[2025-03-20T14:43:57.896+0000][7][gc,age      ] GC(126) - age   6:      21392 bytes,     467696 total
[2025-03-20T14:43:57.896+0000][7][gc,age      ] GC(126) - age   7:      87952 bytes,     555648 total
[2025-03-20T14:43:57.896+0000][7][gc,age      ] GC(126) - age   8:     310736 bytes,     866384 total
[2025-03-20T14:43:57.896+0000][7][gc,age      ] GC(126) - age   9:       4496 bytes,     870880 total
[2025-03-20T14:43:57.896+0000][7][gc,age      ] GC(126) - age  10:       3608 bytes,     874488 total
[2025-03-20T14:43:57.896+0000][7][gc,age      ] GC(126) - age  11:       1168 bytes,     875656 total
[2025-03-20T14:43:57.896+0000][7][gc,age      ] GC(126) - age  12:     788416 bytes,    1664072 total
[2025-03-20T14:43:57.896+0000][7][gc,age      ] GC(126) - age  13:    1347760 bytes,    3011832 total
[2025-03-20T14:43:57.896+0000][7][gc,age      ] GC(126) - age  14:       1528 bytes,    3013360 total
[2025-03-20T14:43:57.896+0000][7][gc,age      ] GC(126) - age  15:      44184 bytes,    3057544 total
[2025-03-20T14:43:57.896+0000][7][gc,phases   ] GC(126)   Pre Evacuate Collection Set: 0.1ms
[2025-03-20T14:43:57.896+0000][7][gc,phases   ] GC(126)   Merge Heap Roots: 0.1ms
[2025-03-20T14:43:57.896+0000][7][gc,phases   ] GC(126)   Evacuate Collection Set: 1.6ms
[2025-03-20T14:43:57.896+0000][7][gc,phases   ] GC(126)   Post Evacuate Collection Set: 0.7ms
[2025-03-20T14:43:57.896+0000][7][gc,phases   ] GC(126)   Other: 0.2ms
[2025-03-20T14:43:57.896+0000][7][gc,heap     ] GC(126) Eden regions: 71->0(71)
[2025-03-20T14:43:57.896+0000][7][gc,heap     ] GC(126) Survivor regions: 1->1(9)
[2025-03-20T14:43:57.896+0000][7][gc,heap     ] GC(126) Old regions: 28->28
[2025-03-20T14:43:57.896+0000][7][gc,heap     ] GC(126) Archive regions: 2->2
[2025-03-20T14:43:57.896+0000][7][gc,heap     ] GC(126) Humongous regions: 5->5
[2025-03-20T14:43:57.896+0000][7][gc,metaspace] GC(126) Metaspace: 121940K(123584K)->121940K(123584K) NonClass: 106397K(107328K)->106397K(107328K) Class: 15543K(16256K)->15543K(16256K)
[2025-03-20T14:43:57.896+0000][7][gc          ] GC(126) Pause Young (Normal) (G1 Evacuation Pause) 423M->139M(512M) 2.835ms
[2025-03-20T14:43:57.896+0000][7][gc,cpu      ] GC(126) User=0.01s Sys=0.00s Real=0.00s
[2025-03-20T14:43:57.896+0000][7][safepoint   ] Safepoint "G1CollectForAllocation", Time since last: 519472716 ns, Reaching safepoint: 150807 ns, At safepoint: 2919464 ns, Total: 3070271 ns
[2025-03-20T14:43:58.393+0000][7][gc,start    ] GC(127) Pause Young (Normal) (G1 Evacuation Pause)
[2025-03-20T14:43:58.393+0000][7][gc,task     ] GC(127) Using 8 workers of 8 for evacuation
[2025-03-20T14:43:58.393+0000][7][gc,age      ] GC(127) Desired survivor size 18874368 bytes, new threshold 15 (max threshold 15)
[2025-03-20T14:43:58.395+0000][7][gc,age      ] GC(127) Age table with threshold 15 (max threshold 15)
[2025-03-20T14:43:58.395+0000][7][gc,age      ] GC(127) - age   1:     432136 bytes,     432136 total
[2025-03-20T14:43:58.395+0000][7][gc,age      ] GC(127) - age   2:      39656 bytes,     471792 total
[2025-03-20T14:43:58.395+0000][7][gc,age      ] GC(127) - age   3:      32936 bytes,     504728 total
[2025-03-20T14:43:58.395+0000][7][gc,age      ] GC(127) - age   4:     117584 bytes,     622312 total
[2025-03-20T14:43:58.395+0000][7][gc,age      ] GC(127) - age   5:      20840 bytes,     643152 total
[2025-03-20T14:43:58.395+0000][7][gc,age      ] GC(127) - age   6:      25392 bytes,     668544 total
[2025-03-20T14:43:58.395+0000][7][gc,age      ] GC(127) - age   7:      21392 bytes,     689936 total
[2025-03-20T14:43:58.395+0000][7][gc,age      ] GC(127) - age   8:      87952 bytes,     777888 total
[2025-03-20T14:43:58.395+0000][7][gc,age      ] GC(127) - age   9:     310736 bytes,    1088624 total
[2025-03-20T14:43:58.395+0000][7][gc,age      ] GC(127) - age  10:       4496 bytes,    1093120 total
[2025-03-20T14:43:58.395+0000][7][gc,age      ] GC(127) - age  11:       3608 bytes,    1096728 total
[2025-03-20T14:43:58.395+0000][7][gc,age      ] GC(127) - age  12:       1168 bytes,    1097896 total
[2025-03-20T14:43:58.395+0000][7][gc,age      ] GC(127) - age  13:     788416 bytes,    1886312 total
[2025-03-20T14:43:58.395+0000][7][gc,age      ] GC(127) - age  14:    1347760 bytes,    3234072 total
[2025-03-20T14:43:58.395+0000][7][gc,age      ] GC(127) - age  15:       1528 bytes,    3235600 total
[2025-03-20T14:43:58.396+0000][7][gc,phases   ] GC(127)   Pre Evacuate Collection Set: 0.2ms
[2025-03-20T14:43:58.396+0000][7][gc,phases   ] GC(127)   Merge Heap Roots: 0.1ms
[2025-03-20T14:43:58.396+0000][7][gc,phases   ] GC(127)   Evacuate Collection Set: 1.5ms
[2025-03-20T14:43:58.396+0000][7][gc,phases   ] GC(127)   Post Evacuate Collection Set: 0.9ms
[2025-03-20T14:43:58.396+0000][7][gc,phases   ] GC(127)   Other: 0.3ms
[2025-03-20T14:43:58.396+0000][7][gc,heap     ] GC(127) Eden regions: 71->0(71)
[2025-03-20T14:43:58.396+0000][7][gc,heap     ] GC(127) Survivor regions: 1->1(9)
[2025-03-20T14:43:58.396+0000][7][gc,heap     ] GC(127) Old regions: 28->28
[2025-03-20T14:43:58.396+0000][7][gc,heap     ] GC(127) Archive regions: 2->2
[2025-03-20T14:43:58.396+0000][7][gc,heap     ] GC(127) Humongous regions: 5->5
[2025-03-20T14:43:58.396+0000][7][gc,metaspace] GC(127) Metaspace: 121955K(123584K)->121955K(123584K) NonClass: 106412K(107328K)->106412K(107328K) Class: 15543K(16256K)->15543K(16256K)
[2025-03-20T14:43:58.396+0000][7][gc          ] GC(127) Pause Young (Normal) (G1 Evacuation Pause) 423M->139M(512M) 2.974ms
[2025-03-20T14:43:58.396+0000][7][gc,cpu      ] GC(127) User=0.02s Sys=0.00s Real=0.00s
[2025-03-20T14:43:58.396+0000][7][safepoint   ] Safepoint "G1CollectForAllocation", Time since last: 496138562 ns, Reaching safepoint: 134186 ns, At safepoint: 3071559 ns, Total: 3205745 ns
[2025-03-20T14:43:58.889+0000][7][gc,start    ] GC(128) Pause Young (Normal) (G1 Evacuation Pause)
[2025-03-20T14:43:58.889+0000][7][gc,task     ] GC(128) Using 8 workers of 8 for evacuation
[2025-03-20T14:43:58.889+0000][7][gc,age      ] GC(128) Desired survivor size 18874368 bytes, new threshold 15 (max threshold 15)
[2025-03-20T14:43:58.892+0000][7][gc,age      ] GC(128) Age table with threshold 15 (max threshold 15)
[2025-03-20T14:43:58.892+0000][7][gc,age      ] GC(128) - age   1:     178320 bytes,     178320 total
[2025-03-20T14:43:58.892+0000][7][gc,age      ] GC(128) - age   2:      13904 bytes,     192224 total
[2025-03-20T14:43:58.892+0000][7][gc,age      ] GC(128) - age   3:      33128 bytes,     225352 total
[2025-03-20T14:43:58.892+0000][7][gc,age      ] GC(128) - age   4:      30872 bytes,     256224 total
[2025-03-20T14:43:58.892+0000][7][gc,age      ] GC(128) - age   5:     117584 bytes,     373808 total
[2025-03-20T14:43:58.892+0000][7][gc,age      ] GC(128) - age   6:      20736 bytes,     394544 total
[2025-03-20T14:43:58.892+0000][7][gc,age      ] GC(128) - age   7:      25392 bytes,     419936 total
[2025-03-20T14:43:58.892+0000][7][gc,age      ] GC(128) - age   8:      21392 bytes,     441328 total
[2025-03-20T14:43:58.892+0000][7][gc,age      ] GC(128) - age   9:      87952 bytes,     529280 total
[2025-03-20T14:43:58.892+0000][7][gc,age      ] GC(128) - age  10:     310328 bytes,     839608 total
[2025-03-20T14:43:58.892+0000][7][gc,age      ] GC(128) - age  11:       4496 bytes,     844104 total
[2025-03-20T14:43:58.892+0000][7][gc,age      ] GC(128) - age  12:       3608 bytes,     847712 total
[2025-03-20T14:43:58.892+0000][7][gc,age      ] GC(128) - age  13:       1168 bytes,     848880 total
[2025-03-20T14:43:58.892+0000][7][gc,age      ] GC(128) - age  14:     788416 bytes,    1637296 total
[2025-03-20T14:43:58.892+0000][7][gc,age      ] GC(128) - age  15:    1347760 bytes,    2985056 total
[2025-03-20T14:43:58.892+0000][7][gc,phases   ] GC(128)   Pre Evacuate Collection Set: 0.2ms
[2025-03-20T14:43:58.892+0000][7][gc,phases   ] GC(128)   Merge Heap Roots: 0.1ms
[2025-03-20T14:43:58.892+0000][7][gc,phases   ] GC(128)   Evacuate Collection Set: 1.8ms
[2025-03-20T14:43:58.892+0000][7][gc,phases   ] GC(128)   Post Evacuate Collection Set: 0.8ms
[2025-03-20T14:43:58.892+0000][7][gc,phases   ] GC(128)   Other: 0.3ms
[2025-03-20T14:43:58.892+0000][7][gc,heap     ] GC(128) Eden regions: 71->0(71)
[2025-03-20T14:43:58.892+0000][7][gc,heap     ] GC(128) Survivor regions: 1->1(9)
[2025-03-20T14:43:58.892+0000][7][gc,heap     ] GC(128) Old regions: 28->28
[2025-03-20T14:43:58.892+0000][7][gc,heap     ] GC(128) Archive regions: 2->2
[2025-03-20T14:43:58.892+0000][7][gc,heap     ] GC(128) Humongous regions: 5->5
[2025-03-20T14:43:58.892+0000][7][gc,metaspace] GC(128) Metaspace: 122256K(123840K)->122256K(123840K) NonClass: 106712K(107584K)->106712K(107584K) Class: 15544K(16256K)->15544K(16256K)
[2025-03-20T14:43:58.892+0000][7][gc          ] GC(128) Pause Young (Normal) (G1 Evacuation Pause) 423M->139M(512M) 3.266ms
[2025-03-20T14:43:58.892+0000][7][gc,cpu      ] GC(128) User=0.01s Sys=0.00s Real=0.00s
[2025-03-20T14:43:58.892+0000][7][safepoint   ] Safepoint "G1CollectForAllocation", Time since last: 492746973 ns, Reaching safepoint: 272670 ns, At safepoint: 3377281 ns, Total: 3649951 ns
[2025-03-20T14:43:59.547+0000][7][gc,start    ] GC(129) Pause Young (Normal) (G1 Evacuation Pause)
[2025-03-20T14:43:59.547+0000][7][gc,task     ] GC(129) Using 8 workers of 8 for evacuation
[2025-03-20T14:43:59.547+0000][7][gc,age      ] GC(129) Desired survivor size 18874368 bytes, new threshold 15 (max threshold 15)
[2025-03-20T14:43:59.549+0000][7][gc,age      ] GC(129) Age table with threshold 15 (max threshold 15)
[2025-03-20T14:43:59.549+0000][7][gc,age      ] GC(129) - age   1:     203584 bytes,     203584 total
[2025-03-20T14:43:59.549+0000][7][gc,age      ] GC(129) - age   2:      14280 bytes,     217864 total
[2025-03-20T14:43:59.549+0000][7][gc,age      ] GC(129) - age   3:       5232 bytes,     223096 total
[2025-03-20T14:43:59.549+0000][7][gc,age      ] GC(129) - age   4:      28584 bytes,     251680 total
[2025-03-20T14:43:59.549+0000][7][gc,age      ] GC(129) - age   5:      30872 bytes,     282552 total
[2025-03-20T14:43:59.549+0000][7][gc,age      ] GC(129) - age   6:     117584 bytes,     400136 total
[2025-03-20T14:43:59.549+0000][7][gc,age      ] GC(129) - age   7:      20704 bytes,     420840 total
[2025-03-20T14:43:59.549+0000][7][gc,age      ] GC(129) - age   8:      25392 bytes,     446232 total
[2025-03-20T14:43:59.549+0000][7][gc,age      ] GC(129) - age   9:      21392 bytes,     467624 total
[2025-03-20T14:43:59.549+0000][7][gc,age      ] GC(129) - age  10:      87952 bytes,     555576 total
[2025-03-20T14:43:59.549+0000][7][gc,age      ] GC(129) - age  11:     310328 bytes,     865904 total
[2025-03-20T14:43:59.549+0000][7][gc,age      ] GC(129) - age  12:       4496 bytes,     870400 total
[2025-03-20T14:43:59.549+0000][7][gc,age      ] GC(129) - age  13:       3608 bytes,     874008 total
[2025-03-20T14:43:59.549+0000][7][gc,age      ] GC(129) - age  14:       1168 bytes,     875176 total
[2025-03-20T14:43:59.549+0000][7][gc,age      ] GC(129) - age  15:     788416 bytes,    1663592 total
[2025-03-20T14:43:59.549+0000][7][gc,phases   ] GC(129)   Pre Evacuate Collection Set: 0.1ms
[2025-03-20T14:43:59.549+0000][7][gc,phases   ] GC(129)   Merge Heap Roots: 0.1ms
[2025-03-20T14:43:59.549+0000][7][gc,phases   ] GC(129)   Evacuate Collection Set: 1.8ms
[2025-03-20T14:43:59.549+0000][7][gc,phases   ] GC(129)   Post Evacuate Collection Set: 0.6ms
[2025-03-20T14:43:59.549+0000][7][gc,phases   ] GC(129)   Other: 0.2ms
[2025-03-20T14:43:59.549+0000][7][gc,heap     ] GC(129) Eden regions: 71->0(70)
[2025-03-20T14:43:59.549+0000][7][gc,heap     ] GC(129) Survivor regions: 1->1(9)
[2025-03-20T14:43:59.549+0000][7][gc,heap     ] GC(129) Old regions: 28->29
[2025-03-20T14:43:59.549+0000][7][gc,heap     ] GC(129) Archive regions: 2->2
[2025-03-20T14:43:59.549+0000][7][gc,heap     ] GC(129) Humongous regions: 5->5
[2025-03-20T14:43:59.549+0000][7][gc,metaspace] GC(129) Metaspace: 122274K(123904K)->122274K(123904K) NonClass: 106730K(107648K)->106730K(107648K) Class: 15544K(16256K)->15544K(16256K)
[2025-03-20T14:43:59.549+0000][7][gc          ] GC(129) Pause Young (Normal) (G1 Evacuation Pause) 423M->139M(512M) 2.851ms
[2025-03-20T14:43:59.549+0000][7][gc,cpu      ] GC(129) User=0.01s Sys=0.00s Real=0.00s
[2025-03-20T14:43:59.550+0000][7][safepoint   ] Safepoint "G1CollectForAllocation", Time since last: 654457226 ns, Reaching safepoint: 86234 ns, At safepoint: 2932434 ns, Total: 3018668 ns
[2025-03-20T14:44:00.124+0000][7][gc,start    ] GC(130) Pause Young (Normal) (G1 Evacuation Pause)
[2025-03-20T14:44:00.125+0000][7][gc,task     ] GC(130) Using 8 workers of 8 for evacuation
[2025-03-20T14:44:00.125+0000][7][gc,age      ] GC(130) Desired survivor size 18874368 bytes, new threshold 15 (max threshold 15)
[2025-03-20T14:44:00.127+0000][7][gc,age      ] GC(130) Age table with threshold 15 (max threshold 15)
[2025-03-20T14:44:00.127+0000][7][gc,age      ] GC(130) - age   1:     360344 bytes,     360344 total
[2025-03-20T14:44:00.127+0000][7][gc,age      ] GC(130) - age   2:      46856 bytes,     407200 total
[2025-03-20T14:44:00.127+0000][7][gc,age      ] GC(130) - age   3:       5944 bytes,     413144 total
[2025-03-20T14:44:00.127+0000][7][gc,age      ] GC(130) - age   4:       3168 bytes,     416312 total
[2025-03-20T14:44:00.127+0000][7][gc,age      ] GC(130) - age   5:      28464 bytes,     444776 total
[2025-03-20T14:44:00.127+0000][7][gc,age      ] GC(130) - age   6:      30840 bytes,     475616 total
[2025-03-20T14:44:00.127+0000][7][gc,age      ] GC(130) - age   7:      96960 bytes,     572576 total
[2025-03-20T14:44:00.127+0000][7][gc,age      ] GC(130) - age   8:      20704 bytes,     593280 total
[2025-03-20T14:44:00.127+0000][7][gc,age      ] GC(130) - age   9:      25392 bytes,     618672 total
[2025-03-20T14:44:00.127+0000][7][gc,age      ] GC(130) - age  10:      21392 bytes,     640064 total
[2025-03-20T14:44:00.127+0000][7][gc,age      ] GC(130) - age  11:      87952 bytes,     728016 total
[2025-03-20T14:44:00.127+0000][7][gc,age      ] GC(130) - age  12:     310184 bytes,    1038200 total
[2025-03-20T14:44:00.127+0000][7][gc,age      ] GC(130) - age  13:       4496 bytes,    1042696 total
[2025-03-20T14:44:00.127+0000][7][gc,age      ] GC(130) - age  14:       3608 bytes,    1046304 total
[2025-03-20T14:44:00.127+0000][7][gc,age      ] GC(130) - age  15:       1168 bytes,    1047472 total
[2025-03-20T14:44:00.127+0000][7][gc,phases   ] GC(130)   Pre Evacuate Collection Set: 0.1ms
[2025-03-20T14:44:00.127+0000][7][gc,phases   ] GC(130)   Merge Heap Roots: 0.1ms
[2025-03-20T14:44:00.127+0000][7][gc,phases   ] GC(130)   Evacuate Collection Set: 1.7ms
[2025-03-20T14:44:00.127+0000][7][gc,phases   ] GC(130)   Post Evacuate Collection Set: 0.8ms
[2025-03-20T14:44:00.127+0000][7][gc,phases   ] GC(130)   Other: 0.3ms
[2025-03-20T14:44:00.127+0000][7][gc,heap     ] GC(130) Eden regions: 70->0(70)
[2025-03-20T14:44:00.127+0000][7][gc,heap     ] GC(130) Survivor regions: 1->1(9)
[2025-03-20T14:44:00.127+0000][7][gc,heap     ] GC(130) Old regions: 29->29
[2025-03-20T14:44:00.127+0000][7][gc,heap     ] GC(130) Archive regions: 2->2
[2025-03-20T14:44:00.127+0000][7][gc,heap     ] GC(130) Humongous regions: 5->5
[2025-03-20T14:44:00.127+0000][7][gc,metaspace] GC(130) Metaspace: 122277K(123904K)->122277K(123904K) NonClass: 106733K(107648K)->106733K(107648K) Class: 15544K(16256K)->15544K(16256K)
[2025-03-20T14:44:00.128+0000][7][gc          ] GC(130) Pause Young (Normal) (G1 Evacuation Pause) 419M->139M(512M) 3.047ms
[2025-03-20T14:44:00.128+0000][7][gc,cpu      ] GC(130) User=0.02s Sys=0.00s Real=0.01s
[2025-03-20T14:44:00.128+0000][7][safepoint   ] Safepoint "G1CollectForAllocation", Time since last: 574801567 ns, Reaching safepoint: 98097 ns, At safepoint: 3157169 ns, Total: 3255266 ns
[2025-03-20T14:44:00.799+0000][7][gc,start    ] GC(131) Pause Young (Normal) (G1 Evacuation Pause)
[2025-03-20T14:44:00.799+0000][7][gc,task     ] GC(131) Using 8 workers of 8 for evacuation
[2025-03-20T14:44:00.799+0000][7][gc,age      ] GC(131) Desired survivor size 18874368 bytes, new threshold 15 (max threshold 15)
[2025-03-20T14:44:00.802+0000][7][gc,age      ] GC(131) Age table with threshold 15 (max threshold 15)
[2025-03-20T14:44:00.802+0000][7][gc,age      ] GC(131) - age   1:     214568 bytes,     214568 total
[2025-03-20T14:44:00.802+0000][7][gc,age      ] GC(131) - age   2:     169584 bytes,     384152 total
[2025-03-20T14:44:00.802+0000][7][gc,age      ] GC(131) - age   3:      33528 bytes,     417680 total
[2025-03-20T14:44:00.802+0000][7][gc,age      ] GC(131) - age   4:       3880 bytes,     421560 total
[2025-03-20T14:44:00.802+0000][7][gc,age      ] GC(131) - age   5:       3168 bytes,     424728 total
[2025-03-20T14:44:00.802+0000][7][gc,age      ] GC(131) - age   6:      28272 bytes,     453000 total
[2025-03-20T14:44:00.802+0000][7][gc,age      ] GC(131) - age   7:      30840 bytes,     483840 total
[2025-03-20T14:44:00.802+0000][7][gc,age      ] GC(131) - age   8:      96928 bytes,     580768 total
[2025-03-20T14:44:00.802+0000][7][gc,age      ] GC(131) - age   9:      20704 bytes,     601472 total
[2025-03-20T14:44:00.802+0000][7][gc,age      ] GC(131) - age  10:      25392 bytes,     626864 total
[2025-03-20T14:44:00.802+0000][7][gc,age      ] GC(131) - age  11:      21392 bytes,     648256 total
[2025-03-20T14:44:00.802+0000][7][gc,age      ] GC(131) - age  12:      87952 bytes,     736208 total
[2025-03-20T14:44:00.802+0000][7][gc,age      ] GC(131) - age  13:     310184 bytes,    1046392 total
[2025-03-20T14:44:00.802+0000][7][gc,age      ] GC(131) - age  14:       4496 bytes,    1050888 total
[2025-03-20T14:44:00.802+0000][7][gc,age      ] GC(131) - age  15:       3608 bytes,    1054496 total
[2025-03-20T14:44:00.802+0000][7][gc,phases   ] GC(131)   Pre Evacuate Collection Set: 0.1ms
[2025-03-20T14:44:00.802+0000][7][gc,phases   ] GC(131)   Merge Heap Roots: 0.1ms
[2025-03-20T14:44:00.802+0000][7][gc,phases   ] GC(131)   Evacuate Collection Set: 1.3ms
[2025-03-20T14:44:00.802+0000][7][gc,phases   ] GC(131)   Post Evacuate Collection Set: 0.9ms
[2025-03-20T14:44:00.802+0000][7][gc,phases   ] GC(131)   Other: 0.3ms
[2025-03-20T14:44:00.802+0000][7][gc,heap     ] GC(131) Eden regions: 70->0(70)
[2025-03-20T14:44:00.802+0000][7][gc,heap     ] GC(131) Survivor regions: 1->1(9)
[2025-03-20T14:44:00.802+0000][7][gc,heap     ] GC(131) Old regions: 29->29
[2025-03-20T14:44:00.802+0000][7][gc,heap     ] GC(131) Archive regions: 2->2
[2025-03-20T14:44:00.802+0000][7][gc,heap     ] GC(131) Humongous regions: 5->5
[2025-03-20T14:44:00.802+0000][7][gc,metaspace] GC(131) Metaspace: 122321K(123968K)->122321K(123968K) NonClass: 106776K(107712K)->106776K(107712K) Class: 15544K(16256K)->15544K(16256K)
[2025-03-20T14:44:00.802+0000][7][gc          ] GC(131) Pause Young (Normal) (G1 Evacuation Pause) 419M->139M(512M) 2.789ms
[2025-03-20T14:44:00.802+0000][7][gc,cpu      ] GC(131) User=0.00s Sys=0.00s Real=0.00s
[2025-03-20T14:44:00.802+0000][7][safepoint   ] Safepoint "G1CollectForAllocation", Time since last: 671494013 ns, Reaching safepoint: 179522 ns, At safepoint: 3023216 ns, Total: 3202738 ns
[2025-03-20T14:44:01.357+0000][7][gc,start    ] GC(132) Pause Young (Normal) (G1 Evacuation Pause)
[2025-03-20T14:44:01.357+0000][7][gc,task     ] GC(132) Using 8 workers of 8 for evacuation
[2025-03-20T14:44:01.357+0000][7][gc,age      ] GC(132) Desired survivor size 18874368 bytes, new threshold 15 (max threshold 15)
[2025-03-20T14:44:01.360+0000][7][gc,age      ] GC(132) Age table with threshold 15 (max threshold 15)
[2025-03-20T14:44:01.360+0000][7][gc,age      ] GC(132) - age   1:     227720 bytes,     227720 total
[2025-03-20T14:44:01.360+0000][7][gc,age      ] GC(132) - age   2:      47176 bytes,     274896 total
[2025-03-20T14:44:01.360+0000][7][gc,age      ] GC(132) - age   3:     159856 bytes,     434752 total
[2025-03-20T14:44:01.360+0000][7][gc,age      ] GC(132) - age   4:      33528 bytes,     468280 total
[2025-03-20T14:44:01.360+0000][7][gc,age      ] GC(132) - age   5:       3880 bytes,     472160 total
[2025-03-20T14:44:01.360+0000][7][gc,age      ] GC(132) - age   6:       3136 bytes,     475296 total
[2025-03-20T14:44:01.360+0000][7][gc,age      ] GC(132) - age   7:      28272 bytes,     503568 total
[2025-03-20T14:44:01.360+0000][7][gc,age      ] GC(132) - age   8:      30840 bytes,     534408 total
[2025-03-20T14:44:01.360+0000][7][gc,age      ] GC(132) - age   9:      96928 bytes,     631336 total
[2025-03-20T14:44:01.360+0000][7][gc,age      ] GC(132) - age  10:      20520 bytes,     651856 total
[2025-03-20T14:44:01.360+0000][7][gc,age      ] GC(132) - age  11:      25392 bytes,     677248 total
[2025-03-20T14:44:01.360+0000][7][gc,age      ] GC(132) - age  12:      21392 bytes,     698640 total
[2025-03-20T14:44:01.360+0000][7][gc,age      ] GC(132) - age  13:      87952 bytes,     786592 total
[2025-03-20T14:44:01.360+0000][7][gc,age      ] GC(132) - age  14:     310184 bytes,    1096776 total
[2025-03-20T14:44:01.360+0000][7][gc,age      ] GC(132) - age  15:       4496 bytes,    1101272 total
[2025-03-20T14:44:01.360+0000][7][gc,phases   ] GC(132)   Pre Evacuate Collection Set: 0.1ms
[2025-03-20T14:44:01.360+0000][7][gc,phases   ] GC(132)   Merge Heap Roots: 0.2ms
[2025-03-20T14:44:01.360+0000][7][gc,phases   ] GC(132)   Evacuate Collection Set: 1.5ms
[2025-03-20T14:44:01.360+0000][7][gc,phases   ] GC(132)   Post Evacuate Collection Set: 0.9ms
[2025-03-20T14:44:01.360+0000][7][gc,phases   ] GC(132)   Other: 0.3ms
[2025-03-20T14:44:01.360+0000][7][gc,heap     ] GC(132) Eden regions: 70->0(70)
[2025-03-20T14:44:01.360+0000][7][gc,heap     ] GC(132) Survivor regions: 1->1(9)
[2025-03-20T14:44:01.360+0000][7][gc,heap     ] GC(132) Old regions: 29->29
[2025-03-20T14:44:01.360+0000][7][gc,heap     ] GC(132) Archive regions: 2->2
[2025-03-20T14:44:01.360+0000][7][gc,heap     ] GC(132) Humongous regions: 5->5
[2025-03-20T14:44:01.360+0000][7][gc,metaspace] GC(132) Metaspace: 122323K(123968K)->122323K(123968K) NonClass: 106778K(107712K)->106778K(107712K) Class: 15544K(16256K)->15544K(16256K)
[2025-03-20T14:44:01.360+0000][7][gc          ] GC(132) Pause Young (Normal) (G1 Evacuation Pause) 419M->139M(512M) 2.989ms
[2025-03-20T14:44:01.360+0000][7][gc,cpu      ] GC(132) User=0.01s Sys=0.00s Real=0.01s
[2025-03-20T14:44:01.360+0000][7][safepoint   ] Safepoint "G1CollectForAllocation", Time since last: 554860126 ns, Reaching safepoint: 90302 ns, At safepoint: 3085106 ns, Total: 3175408 ns
[2025-03-20T14:44:01.981+0000][7][gc,start    ] GC(133) Pause Young (Normal) (G1 Evacuation Pause)
[2025-03-20T14:44:01.981+0000][7][gc,task     ] GC(133) Using 8 workers of 8 for evacuation
[2025-03-20T14:44:01.981+0000][7][gc,age      ] GC(133) Desired survivor size 18874368 bytes, new threshold 15 (max threshold 15)
[2025-03-20T14:44:01.984+0000][7][gc,age      ] GC(133) Age table with threshold 15 (max threshold 15)
[2025-03-20T14:44:01.984+0000][7][gc,age      ] GC(133) - age   1:     191848 bytes,     191848 total
[2025-03-20T14:44:01.984+0000][7][gc,age      ] GC(133) - age   2:      89520 bytes,     281368 total
[2025-03-20T14:44:01.984+0000][7][gc,age      ] GC(133) - age   3:      33856 bytes,     315224 total
[2025-03-20T14:44:01.984+0000][7][gc,age      ] GC(133) - age   4:     149072 bytes,     464296 total
[2025-03-20T14:44:01.984+0000][7][gc,age      ] GC(133) - age   5:      33528 bytes,     497824 total
[2025-03-20T14:44:01.984+0000][7][gc,age      ] GC(133) - age   6:       3784 bytes,     501608 total
[2025-03-20T14:44:01.984+0000][7][gc,age      ] GC(133) - age   7:       3136 bytes,     504744 total
[2025-03-20T14:44:01.984+0000][7][gc,age      ] GC(133) - age   8:      28272 bytes,     533016 total
[2025-03-20T14:44:01.984+0000][7][gc,age      ] GC(133) - age   9:      30840 bytes,     563856 total
[2025-03-20T14:44:01.984+0000][7][gc,age      ] GC(133) - age  10:      96800 bytes,     660656 total
[2025-03-20T14:44:01.984+0000][7][gc,age      ] GC(133) - age  11:      20520 bytes,     681176 total
[2025-03-20T14:44:01.984+0000][7][gc,age      ] GC(133) - age  12:      25392 bytes,     706568 total
[2025-03-20T14:44:01.984+0000][7][gc,age      ] GC(133) - age  13:      21392 bytes,     727960 total
[2025-03-20T14:44:01.984+0000][7][gc,age      ] GC(133) - age  14:      87952 bytes,     815912 total
[2025-03-20T14:44:01.984+0000][7][gc,age      ] GC(133) - age  15:     310040 bytes,    1125952 total
[2025-03-20T14:44:01.984+0000][7][gc,phases   ] GC(133)   Pre Evacuate Collection Set: 0.1ms
[2025-03-20T14:44:01.984+0000][7][gc,phases   ] GC(133)   Merge Heap Roots: 0.1ms
[2025-03-20T14:44:01.984+0000][7][gc,phases   ] GC(133)   Evacuate Collection Set: 1.9ms
[2025-03-20T14:44:01.984+0000][7][gc,phases   ] GC(133)   Post Evacuate Collection Set: 1.0ms
[2025-03-20T14:44:01.984+0000][7][gc,phases   ] GC(133)   Other: 0.4ms
[2025-03-20T14:44:01.984+0000][7][gc,heap     ] GC(133) Eden regions: 70->0(70)
[2025-03-20T14:44:01.984+0000][7][gc,heap     ] GC(133) Survivor regions: 1->1(9)
[2025-03-20T14:44:01.984+0000][7][gc,heap     ] GC(133) Old regions: 29->29
[2025-03-20T14:44:01.984+0000][7][gc,heap     ] GC(133) Archive regions: 2->2
[2025-03-20T14:44:01.984+0000][7][gc,heap     ] GC(133) Humongous regions: 5->5
[2025-03-20T14:44:01.984+0000][7][gc,metaspace] GC(133) Metaspace: 122344K(124032K)->122344K(124032K) NonClass: 106798K(107712K)->106798K(107712K) Class: 15545K(16320K)->15545K(16320K)
[2025-03-20T14:44:01.984+0000][7][gc          ] GC(133) Pause Young (Normal) (G1 Evacuation Pause) 419M->139M(512M) 3.437ms
[2025-03-20T14:44:01.984+0000][7][gc,cpu      ] GC(133) User=0.01s Sys=0.00s Real=0.00s
[2025-03-20T14:44:01.984+0000][7][safepoint   ] Safepoint "G1CollectForAllocation", Time since last: 620337386 ns, Reaching safepoint: 136350 ns, At safepoint: 3571469 ns, Total: 3707819 ns
[2025-03-20T14:44:02.499+0000][7][gc,start    ] GC(134) Pause Young (Normal) (G1 Evacuation Pause)
[2025-03-20T14:44:02.499+0000][7][gc,task     ] GC(134) Using 8 workers of 8 for evacuation
[2025-03-20T14:44:02.499+0000][7][gc,age      ] GC(134) Desired survivor size 18874368 bytes, new threshold 15 (max threshold 15)
[2025-03-20T14:44:02.503+0000][7][gc,age      ] GC(134) Age table with threshold 15 (max threshold 15)
[2025-03-20T14:44:02.503+0000][7][gc,age      ] GC(134) - age   1:     185488 bytes,     185488 total
[2025-03-20T14:44:02.503+0000][7][gc,age      ] GC(134) - age   2:      46784 bytes,     232272 total
[2025-03-20T14:44:02.503+0000][7][gc,age      ] GC(134) - age   3:      78944 bytes,     311216 total
[2025-03-20T14:44:02.503+0000][7][gc,age      ] GC(134) - age   4:      32832 bytes,     344048 total
[2025-03-20T14:44:02.503+0000][7][gc,age      ] GC(134) - age   5:     147008 bytes,     491056 total
[2025-03-20T14:44:02.503+0000][7][gc,age      ] GC(134) - age   6:      29368 bytes,     520424 total
[2025-03-20T14:44:02.503+0000][7][gc,age      ] GC(134) - age   7:       3784 bytes,     524208 total
[2025-03-20T14:44:02.503+0000][7][gc,age      ] GC(134) - age   8:       3136 bytes,     527344 total
[2025-03-20T14:44:02.503+0000][7][gc,age      ] GC(134) - age   9:      28208 bytes,     555552 total
[2025-03-20T14:44:02.503+0000][7][gc,age      ] GC(134) - age  10:      30840 bytes,     586392 total
[2025-03-20T14:44:02.503+0000][7][gc,age      ] GC(134) - age  11:      96736 bytes,     683128 total
[2025-03-20T14:44:02.503+0000][7][gc,age      ] GC(134) - age  12:      20520 bytes,     703648 total
[2025-03-20T14:44:02.503+0000][7][gc,age      ] GC(134) - age  13:      25392 bytes,     729040 total
[2025-03-20T14:44:02.503+0000][7][gc,age      ] GC(134) - age  14:      21392 bytes,     750432 total
[2025-03-20T14:44:02.503+0000][7][gc,age      ] GC(134) - age  15:      87952 bytes,     838384 total
[2025-03-20T14:44:02.503+0000][7][gc,phases   ] GC(134)   Pre Evacuate Collection Set: 0.2ms
[2025-03-20T14:44:02.503+0000][7][gc,phases   ] GC(134)   Merge Heap Roots: 0.1ms
[2025-03-20T14:44:02.503+0000][7][gc,phases   ] GC(134)   Evacuate Collection Set: 1.5ms
[2025-03-20T14:44:02.503+0000][7][gc,phases   ] GC(134)   Post Evacuate Collection Set: 1.3ms
[2025-03-20T14:44:02.503+0000][7][gc,phases   ] GC(134)   Other: 0.3ms
[2025-03-20T14:44:02.503+0000][7][gc,heap     ] GC(134) Eden regions: 70->0(70)
[2025-03-20T14:44:02.503+0000][7][gc,heap     ] GC(134) Survivor regions: 1->1(9)
[2025-03-20T14:44:02.503+0000][7][gc,heap     ] GC(134) Old regions: 29->29
[2025-03-20T14:44:02.503+0000][7][gc,heap     ] GC(134) Archive regions: 2->2
[2025-03-20T14:44:02.503+0000][7][gc,heap     ] GC(134) Humongous regions: 5->5
[2025-03-20T14:44:02.503+0000][7][gc,metaspace] GC(134) Metaspace: 122356K(124032K)->122356K(124032K) NonClass: 106810K(107712K)->106810K(107712K) Class: 15546K(16320K)->15546K(16320K)
[2025-03-20T14:44:02.503+0000][7][gc          ] GC(134) Pause Young (Normal) (G1 Evacuation Pause) 419M->139M(512M) 3.516ms
[2025-03-20T14:44:02.503+0000][7][gc,cpu      ] GC(134) User=0.01s Sys=0.00s Real=0.00s
[2025-03-20T14:44:02.503+0000][7][safepoint   ] Safepoint "G1CollectForAllocation", Time since last: 514797123 ns, Reaching safepoint: 77348 ns, At safepoint: 3622525 ns, Total: 3699873 ns
[2025-03-20T14:44:03.021+0000][7][gc,start    ] GC(135) Pause Young (Normal) (G1 Evacuation Pause)
[2025-03-20T14:44:03.021+0000][7][gc,task     ] GC(135) Using 8 workers of 8 for evacuation
[2025-03-20T14:44:03.021+0000][7][gc,age      ] GC(135) Desired survivor size 18874368 bytes, new threshold 15 (max threshold 15)
[2025-03-20T14:44:03.025+0000][7][gc,age      ] GC(135) Age table with threshold 15 (max threshold 15)
[2025-03-20T14:44:03.025+0000][7][gc,age      ] GC(135) - age   1:     418232 bytes,     418232 total
[2025-03-20T14:44:03.025+0000][7][gc,age      ] GC(135) - age   2:      23224 bytes,     441456 total
[2025-03-20T14:44:03.025+0000][7][gc,age      ] GC(135) - age   3:      28352 bytes,     469808 total
[2025-03-20T14:44:03.025+0000][7][gc,age      ] GC(135) - age   4:      72336 bytes,     542144 total
[2025-03-20T14:44:03.025+0000][7][gc,age      ] GC(135) - age   5:      32832 bytes,     574976 total
[2025-03-20T14:44:03.025+0000][7][gc,age      ] GC(135) - age   6:     130976 bytes,     705952 total
[2025-03-20T14:44:03.025+0000][7][gc,age      ] GC(135) - age   7:      29368 bytes,     735320 total
[2025-03-20T14:44:03.025+0000][7][gc,age      ] GC(135) - age   8:       3784 bytes,     739104 total
[2025-03-20T14:44:03.025+0000][7][gc,age      ] GC(135) - age   9:       3136 bytes,     742240 total
[2025-03-20T14:44:03.025+0000][7][gc,age      ] GC(135) - age  10:      27920 bytes,     770160 total
[2025-03-20T14:44:03.025+0000][7][gc,age      ] GC(135) - age  11:      30840 bytes,     801000 total
[2025-03-20T14:44:03.025+0000][7][gc,age      ] GC(135) - age  12:      96736 bytes,     897736 total
[2025-03-20T14:44:03.025+0000][7][gc,age      ] GC(135) - age  13:      20520 bytes,     918256 total
[2025-03-20T14:44:03.025+0000][7][gc,age      ] GC(135) - age  14:      25392 bytes,     943648 total
[2025-03-20T14:44:03.025+0000][7][gc,age      ] GC(135) - age  15:      21392 bytes,     965040 total
[2025-03-20T14:44:03.025+0000][7][gc,phases   ] GC(135)   Pre Evacuate Collection Set: 0.2ms
[2025-03-20T14:44:03.025+0000][7][gc,phases   ] GC(135)   Merge Heap Roots: 0.1ms
[2025-03-20T14:44:03.025+0000][7][gc,phases   ] GC(135)   Evacuate Collection Set: 1.9ms
[2025-03-20T14:44:03.025+0000][7][gc,phases   ] GC(135)   Post Evacuate Collection Set: 2.0ms
[2025-03-20T14:44:03.025+0000][7][gc,phases   ] GC(135)   Other: 0.3ms
[2025-03-20T14:44:03.025+0000][7][gc,heap     ] GC(135) Eden regions: 70->0(70)
[2025-03-20T14:44:03.025+0000][7][gc,heap     ] GC(135) Survivor regions: 1->1(9)
[2025-03-20T14:44:03.025+0000][7][gc,heap     ] GC(135) Old regions: 29->29
[2025-03-20T14:44:03.025+0000][7][gc,heap     ] GC(135) Archive regions: 2->2
[2025-03-20T14:44:03.025+0000][7][gc,heap     ] GC(135) Humongous regions: 5->5
[2025-03-20T14:44:03.025+0000][7][gc,metaspace] GC(135) Metaspace: 122361K(124032K)->122361K(124032K) NonClass: 106814K(107712K)->106814K(107712K) Class: 15546K(16320K)->15546K(16320K)
[2025-03-20T14:44:03.025+0000][7][gc          ] GC(135) Pause Young (Normal) (G1 Evacuation Pause) 419M->139M(512M) 4.505ms
[2025-03-20T14:44:03.025+0000][7][gc,cpu      ] GC(135) User=0.00s Sys=0.00s Real=0.00s
[2025-03-20T14:44:03.025+0000][7][safepoint   ] Safepoint "G1CollectForAllocation", Time since last: 517418192 ns, Reaching safepoint: 402522 ns, At safepoint: 4590856 ns, Total: 4993378 ns
[2025-03-20T14:44:03.504+0000][7][gc,start    ] GC(136) Pause Young (Normal) (G1 Evacuation Pause)
[2025-03-20T14:44:03.504+0000][7][gc,task     ] GC(136) Using 8 workers of 8 for evacuation
[2025-03-20T14:44:03.504+0000][7][gc,age      ] GC(136) Desired survivor size 18874368 bytes, new threshold 15 (max threshold 15)
[2025-03-20T14:44:03.508+0000][7][gc,age      ] GC(136) Age table with threshold 15 (max threshold 15)
[2025-03-20T14:44:03.508+0000][7][gc,age      ] GC(136) - age   1:     218576 bytes,     218576 total
[2025-03-20T14:44:03.508+0000][7][gc,age      ] GC(136) - age   2:      42112 bytes,     260688 total
[2025-03-20T14:44:03.508+0000][7][gc,age      ] GC(136) - age   3:      11336 bytes,     272024 total
[2025-03-20T14:44:03.508+0000][7][gc,age      ] GC(136) - age   4:      27800 bytes,     299824 total
[2025-03-20T14:44:03.508+0000][7][gc,age      ] GC(136) - age   5:      71920 bytes,     371744 total
[2025-03-20T14:44:03.508+0000][7][gc,age      ] GC(136) - age   6:      30768 bytes,     402512 total
[2025-03-20T14:44:03.508+0000][7][gc,age      ] GC(136) - age   7:     128472 bytes,     530984 total
[2025-03-20T14:44:03.508+0000][7][gc,age      ] GC(136) - age   8:      27304 bytes,     558288 total
[2025-03-20T14:44:03.508+0000][7][gc,age      ] GC(136) - age   9:       3376 bytes,     561664 total
[2025-03-20T14:44:03.508+0000][7][gc,age      ] GC(136) - age  10:       3136 bytes,     564800 total
[2025-03-20T14:44:03.508+0000][7][gc,age      ] GC(136) - age  11:      27920 bytes,     592720 total
[2025-03-20T14:44:03.508+0000][7][gc,age      ] GC(136) - age  12:      30840 bytes,     623560 total
[2025-03-20T14:44:03.508+0000][7][gc,age      ] GC(136) - age  13:      96736 bytes,     720296 total
[2025-03-20T14:44:03.508+0000][7][gc,age      ] GC(136) - age  14:      20520 bytes,     740816 total
[2025-03-20T14:44:03.508+0000][7][gc,age      ] GC(136) - age  15:      25392 bytes,     766208 total
[2025-03-20T14:44:03.508+0000][7][gc,phases   ] GC(136)   Pre Evacuate Collection Set: 0.1ms
[2025-03-20T14:44:03.508+0000][7][gc,phases   ] GC(136)   Merge Heap Roots: 0.1ms
[2025-03-20T14:44:03.508+0000][7][gc,phases   ] GC(136)   Evacuate Collection Set: 2.9ms
[2025-03-20T14:44:03.508+0000][7][gc,phases   ] GC(136)   Post Evacuate Collection Set: 1.0ms
[2025-03-20T14:44:03.508+0000][7][gc,phases   ] GC(136)   Other: 0.3ms
[2025-03-20T14:44:03.508+0000][7][gc,heap     ] GC(136) Eden regions: 70->0(70)
[2025-03-20T14:44:03.508+0000][7][gc,heap     ] GC(136) Survivor regions: 1->1(9)
[2025-03-20T14:44:03.508+0000][7][gc,heap     ] GC(136) Old regions: 29->29
[2025-03-20T14:44:03.508+0000][7][gc,heap     ] GC(136) Archive regions: 2->2
[2025-03-20T14:44:03.508+0000][7][gc,heap     ] GC(136) Humongous regions: 5->5
[2025-03-20T14:44:03.508+0000][7][gc,metaspace] GC(136) Metaspace: 122380K(124032K)->122380K(124032K) NonClass: 106834K(107712K)->106834K(107712K) Class: 15546K(16320K)->15546K(16320K)
[2025-03-20T14:44:03.508+0000][7][gc          ] GC(136) Pause Young (Normal) (G1 Evacuation Pause) 419M->139M(512M) 4.434ms
[2025-03-20T14:44:03.508+0000][7][gc,cpu      ] GC(136) User=0.01s Sys=0.00s Real=0.01s
[2025-03-20T14:44:03.508+0000][7][safepoint   ] Safepoint "G1CollectForAllocation", Time since last: 478547377 ns, Reaching safepoint: 87677 ns, At safepoint: 4580723 ns, Total: 4668400 ns
