[2025-03-20T15:34:45.294+0000][7][gc] Using G1
[2025-03-20T15:34:45.419+0000][7][gc,init] Version: 16.0.2+7 (release)
[2025-03-20T15:34:45.419+0000][7][gc,init] CPUs: 8 total, 8 available
[2025-03-20T15:34:45.419+0000][7][gc,init] Memory: 7901M
[2025-03-20T15:34:45.419+0000][7][gc,init] Large Page Support: Disabled
[2025-03-20T15:34:45.419+0000][7][gc,init] NUMA Support: Disabled
[2025-03-20T15:34:45.419+0000][7][gc,init] Compressed Oops: Enabled (32-bit)
[2025-03-20T15:34:45.419+0000][7][gc,init] Heap Region Size: 4M
[2025-03-20T15:34:45.419+0000][7][gc,init] Heap Min Capacity: 512M
[2025-03-20T15:34:45.419+0000][7][gc,init] Heap Initial Capacity: 512M
[2025-03-20T15:34:45.419+0000][7][gc,init] Heap Max Capacity: 512M
[2025-03-20T15:34:45.419+0000][7][gc,init] Pre-touch: Enabled
[2025-03-20T15:34:45.419+0000][7][gc,init] Parallel Workers: 8
[2025-03-20T15:34:45.419+0000][7][gc,init] Concurrent Workers: 2
[2025-03-20T15:34:45.419+0000][7][gc,init] Concurrent Refinement Workers: 8
[2025-03-20T15:34:45.419+0000][7][gc,init] Periodic GC: Disabled
[2025-03-20T15:34:45.419+0000][7][gc,metaspace] CDS archive(s) mapped at: [0x0000000800000000-0x0000000800beb000-0x0000000800beb000), size 12496896, SharedBaseAddress: 0x0000000800000000, ArchiveRelocationMode: 0.
[2025-03-20T15:34:45.419+0000][7][gc,metaspace] Compressed class space mapped at: 0x0000000800c00000-0x0000000840c00000, reserved size: 1073741824
[2025-03-20T15:34:45.419+0000][7][gc,metaspace] Narrow klass base: 0x0000000800000000, Narrow klass shift: 3, Narrow klass range: 0x100000000
[2025-03-20T15:34:45.858+0000][7][safepoint   ] Safepoint "ICBufferFull", Time since last: 432732943 ns, Reaching safepoint: 189522 ns, At safepoint: 12754 ns, Total: 202276 ns
[2025-03-20T15:34:46.109+0000][7][gc,start    ] GC(0) Pause Young (Normal) (G1 Evacuation Pause)
[2025-03-20T15:34:46.109+0000][7][gc,task     ] GC(0) Using 8 workers of 8 for evacuation
[2025-03-20T15:34:46.109+0000][7][gc,age      ] GC(0) Desired survivor size 2097152 bytes, new threshold 15 (max threshold 15)
[2025-03-20T15:34:46.119+0000][7][gc,age      ] GC(0) Age table with threshold 15 (max threshold 15)
[2025-03-20T15:34:46.119+0000][7][gc,age      ] GC(0) - age   1:    4176504 bytes,    4176504 total
[2025-03-20T15:34:46.119+0000][7][gc,phases   ] GC(0)   Pre Evacuate Collection Set: 0.1ms
[2025-03-20T15:34:46.119+0000][7][gc,phases   ] GC(0)   Merge Heap Roots: 0.2ms
[2025-03-20T15:34:46.119+0000][7][gc,phases   ] GC(0)   Evacuate Collection Set: 5.2ms
[2025-03-20T15:34:46.119+0000][7][gc,phases   ] GC(0)   Post Evacuate Collection Set: 4.1ms
[2025-03-20T15:34:46.119+0000][7][gc,phases   ] GC(0)   Other: 0.2ms
[2025-03-20T15:34:46.119+0000][7][gc,heap     ] GC(0) Eden regions: 6->0(6)
[2025-03-20T15:34:46.119+0000][7][gc,heap     ] GC(0) Survivor regions: 0->1(1)
[2025-03-20T15:34:46.119+0000][7][gc,heap     ] GC(0) Old regions: 0->1
[2025-03-20T15:34:46.119+0000][7][gc,heap     ] GC(0) Archive regions: 2->2
[2025-03-20T15:34:46.119+0000][7][gc,heap     ] GC(0) Humongous regions: 0->0
[2025-03-20T15:34:46.119+0000][7][gc,metaspace] GC(0) Metaspace: 8177K(8384K)->8177K(8384K) NonClass: 7261K(7360K)->7261K(7360K) Class: 915K(1024K)->915K(1024K)
[2025-03-20T15:34:46.119+0000][7][gc          ] GC(0) Pause Young (Normal) (G1 Evacuation Pause) 27M->8M(512M) 9.831ms
[2025-03-20T15:34:46.119+0000][7][gc,cpu      ] GC(0) User=0.03s Sys=0.00s Real=0.01s
[2025-03-20T15:34:46.119+0000][7][safepoint   ] Safepoint "G1CollectForAllocation", Time since last: 249095329 ns, Reaching safepoint: 1804018 ns, At safepoint: 9943431 ns, Total: 11747449 ns
[2025-03-20T15:34:46.831+0000][7][gc,start    ] GC(1) Pause Young (Normal) (G1 Evacuation Pause)
[2025-03-20T15:34:46.831+0000][7][gc,task     ] GC(1) Using 8 workers of 8 for evacuation
[2025-03-20T15:34:46.831+0000][7][gc,age      ] GC(1) Desired survivor size 2097152 bytes, new threshold 1 (max threshold 15)
[2025-03-20T15:34:46.835+0000][7][gc,age      ] GC(1) Age table with threshold 1 (max threshold 15)
[2025-03-20T15:34:46.835+0000][7][gc,age      ] GC(1) - age   1:    2042512 bytes,    2042512 total
[2025-03-20T15:34:46.835+0000][7][gc,phases   ] GC(1)   Pre Evacuate Collection Set: 0.0ms
[2025-03-20T15:34:46.835+0000][7][gc,phases   ] GC(1)   Merge Heap Roots: 0.0ms
[2025-03-20T15:34:46.835+0000][7][gc,phases   ] GC(1)   Evacuate Collection Set: 3.5ms
[2025-03-20T15:34:46.835+0000][7][gc,phases   ] GC(1)   Post Evacuate Collection Set: 0.5ms
[2025-03-20T15:34:46.835+0000][7][gc,phases   ] GC(1)   Other: 0.2ms
[2025-03-20T15:34:46.835+0000][7][gc,heap     ] GC(1) Eden regions: 6->0(16)
[2025-03-20T15:34:46.835+0000][7][gc,heap     ] GC(1) Survivor regions: 1->1(1)
[2025-03-20T15:34:46.835+0000][7][gc,heap     ] GC(1) Old regions: 1->2
[2025-03-20T15:34:46.835+0000][7][gc,heap     ] GC(1) Archive regions: 2->2
[2025-03-20T15:34:46.835+0000][7][gc,heap     ] GC(1) Humongous regions: 0->0
[2025-03-20T15:34:46.835+0000][7][gc,metaspace] GC(1) Metaspace: 12360K(12608K)->12360K(12608K) NonClass: 10900K(11008K)->10900K(11008K) Class: 1460K(1600K)->1460K(1600K)
[2025-03-20T15:34:46.835+0000][7][gc          ] GC(1) Pause Young (Normal) (G1 Evacuation Pause) 32M->10M(512M) 4.329ms
[2025-03-20T15:34:46.835+0000][7][gc,cpu      ] GC(1) User=0.00s Sys=0.00s Real=0.00s
[2025-03-20T15:34:46.835+0000][7][safepoint   ] Safepoint "G1CollectForAllocation", Time since last: 711986239 ns, Reaching safepoint: 210571 ns, At safepoint: 4428254 ns, Total: 4638825 ns
[2025-03-20T15:34:47.407+0000][7][safepoint   ] Safepoint "ICBufferFull", Time since last: 571061535 ns, Reaching safepoint: 452993 ns, At safepoint: 14037 ns, Total: 467030 ns
[2025-03-20T15:34:47.498+0000][7][gc,start    ] GC(2) Pause Young (Normal) (G1 Evacuation Pause)
[2025-03-20T15:34:47.498+0000][7][gc,task     ] GC(2) Using 8 workers of 8 for evacuation
[2025-03-20T15:34:47.498+0000][7][gc,age      ] GC(2) Desired survivor size 6291456 bytes, new threshold 15 (max threshold 15)
[2025-03-20T15:34:47.507+0000][7][gc,age      ] GC(2) Age table with threshold 15 (max threshold 15)
[2025-03-20T15:34:47.507+0000][7][gc,age      ] GC(2) - age   1:    1701736 bytes,    1701736 total
[2025-03-20T15:34:47.507+0000][7][gc,age      ] GC(2) - age   2:    2012800 bytes,    3714536 total
[2025-03-20T15:34:47.507+0000][7][gc,phases   ] GC(2)   Pre Evacuate Collection Set: 0.1ms
[2025-03-20T15:34:47.507+0000][7][gc,phases   ] GC(2)   Merge Heap Roots: 1.4ms
[2025-03-20T15:34:47.507+0000][7][gc,phases   ] GC(2)   Evacuate Collection Set: 3.5ms
[2025-03-20T15:34:47.507+0000][7][gc,phases   ] GC(2)   Post Evacuate Collection Set: 3.7ms
[2025-03-20T15:34:47.507+0000][7][gc,phases   ] GC(2)   Other: 0.3ms
[2025-03-20T15:34:47.507+0000][7][gc,heap     ] GC(2) Eden regions: 16->0(60)
[2025-03-20T15:34:47.507+0000][7][gc,heap     ] GC(2) Survivor regions: 1->1(3)
[2025-03-20T15:34:47.507+0000][7][gc,heap     ] GC(2) Old regions: 2->2
[2025-03-20T15:34:47.507+0000][7][gc,heap     ] GC(2) Archive regions: 2->2
[2025-03-20T15:34:47.507+0000][7][gc,heap     ] GC(2) Humongous regions: 0->0
[2025-03-20T15:34:47.507+0000][7][gc,metaspace] GC(2) Metaspace: 14641K(14912K)->14641K(14912K) NonClass: 12975K(13120K)->12975K(13120K) Class: 1665K(1792K)->1665K(1792K)
[2025-03-20T15:34:47.507+0000][7][gc          ] GC(2) Pause Young (Normal) (G1 Evacuation Pause) 74M->11M(512M) 9.057ms
[2025-03-20T15:34:47.507+0000][7][gc,cpu      ] GC(2) User=0.02s Sys=0.00s Real=0.02s
[2025-03-20T15:34:47.507+0000][7][safepoint   ] Safepoint "G1CollectForAllocation", Time since last: 91201258 ns, Reaching safepoint: 73520 ns, At safepoint: 9124844 ns, Total: 9198364 ns
[2025-03-20T15:34:47.591+0000][7][safepoint   ] Safepoint "ICBufferFull", Time since last: 84040089 ns, Reaching safepoint: 107224 ns, At safepoint: 3116 ns, Total: 110340 ns
[2025-03-20T15:34:47.601+0000][7][safepoint   ] Safepoint "ICBufferFull", Time since last: 8999916 ns, Reaching safepoint: 68500 ns, At safepoint: 15390 ns, Total: 83890 ns
[2025-03-20T15:34:47.604+0000][7][safepoint   ] Safepoint "ICBufferFull", Time since last: 2300271 ns, Reaching safepoint: 1596401 ns, At safepoint: 25118 ns, Total: 1621519 ns
[2025-03-20T15:34:47.608+0000][7][safepoint   ] Safepoint "ICBufferFull", Time since last: 3262464 ns, Reaching safepoint: 136801 ns, At safepoint: 15800 ns, Total: 152601 ns
[2025-03-20T15:34:47.611+0000][7][safepoint   ] Safepoint "ICBufferFull", Time since last: 3434320 ns, Reaching safepoint: 137632 ns, At safepoint: 20770 ns, Total: 158402 ns
[2025-03-20T15:34:47.614+0000][7][safepoint   ] Safepoint "ICBufferFull", Time since last: 2093016 ns, Reaching safepoint: 118936 ns, At safepoint: 16051 ns, Total: 134987 ns
[2025-03-20T15:34:47.618+0000][7][safepoint   ] Safepoint "ICBufferFull", Time since last: 2377328 ns, Reaching safepoint: 1620089 ns, At safepoint: 24236 ns, Total: 1644325 ns
[2025-03-20T15:34:47.620+0000][7][safepoint   ] Safepoint "ICBufferFull", Time since last: 2050027 ns, Reaching safepoint: 107836 ns, At safepoint: 18585 ns, Total: 126421 ns
[2025-03-20T15:34:47.622+0000][7][safepoint   ] Safepoint "ICBufferFull", Time since last: 1951618 ns, Reaching safepoint: 94610 ns, At safepoint: 2244 ns, Total: 96854 ns
[2025-03-20T15:34:47.625+0000][7][safepoint   ] Safepoint "ICBufferFull", Time since last: 2580245 ns, Reaching safepoint: 88759 ns, At safepoint: 2735 ns, Total: 91494 ns
[2025-03-20T15:34:47.627+0000][7][safepoint   ] Safepoint "ICBufferFull", Time since last: 2085803 ns, Reaching safepoint: 101003 ns, At safepoint: 3156 ns, Total: 104159 ns
[2025-03-20T15:34:47.630+0000][7][safepoint   ] Safepoint "ICBufferFull", Time since last: 2919420 ns, Reaching safepoint: 102996 ns, At safepoint: 2906 ns, Total: 105902 ns
[2025-03-20T15:34:47.633+0000][7][safepoint   ] Safepoint "ICBufferFull", Time since last: 3080538 ns, Reaching safepoint: 148834 ns, At safepoint: 3126 ns, Total: 151960 ns
[2025-03-20T15:34:47.638+0000][7][safepoint   ] Safepoint "ICBufferFull", Time since last: 5202035 ns, Reaching safepoint: 97786 ns, At safepoint: 2445 ns, Total: 100231 ns
[2025-03-20T15:34:47.642+0000][7][safepoint   ] Safepoint "ICBufferFull", Time since last: 3873418 ns, Reaching safepoint: 116392 ns, At safepoint: 3156 ns, Total: 119548 ns
[2025-03-20T15:34:47.646+0000][7][safepoint   ] Safepoint "ICBufferFull", Time since last: 3019284 ns, Reaching safepoint: 211373 ns, At safepoint: 3537 ns, Total: 214910 ns
[2025-03-20T15:34:47.650+0000][7][safepoint   ] Safepoint "ICBufferFull", Time since last: 3971374 ns, Reaching safepoint: 139867 ns, At safepoint: 3707 ns, Total: 143574 ns
[2025-03-20T15:34:47.654+0000][7][safepoint   ] Safepoint "ICBufferFull", Time since last: 4492077 ns, Reaching safepoint: 108186 ns, At safepoint: 11432 ns, Total: 119618 ns
[2025-03-20T15:34:47.659+0000][7][safepoint   ] Safepoint "ICBufferFull", Time since last: 3962050 ns, Reaching safepoint: 195563 ns, At safepoint: 40800 ns, Total: 236363 ns
[2025-03-20T15:34:47.905+0000][7][safepoint   ] Safepoint "ICBufferFull", Time since last: 246035022 ns, Reaching safepoint: 578162 ns, At safepoint: 5440 ns, Total: 583602 ns
[2025-03-20T15:34:48.081+0000][7][gc,start    ] GC(3) Pause Young (Normal) (G1 Evacuation Pause)
[2025-03-20T15:34:48.081+0000][7][gc,task     ] GC(3) Using 8 workers of 8 for evacuation
[2025-03-20T15:34:48.081+0000][7][gc,age      ] GC(3) Desired survivor size 16777216 bytes, new threshold 15 (max threshold 15)
[2025-03-20T15:34:48.091+0000][7][gc,age      ] GC(3) Age table with threshold 15 (max threshold 15)
[2025-03-20T15:34:48.091+0000][7][gc,age      ] GC(3) - age   1:    5444520 bytes,    5444520 total
[2025-03-20T15:34:48.091+0000][7][gc,age      ] GC(3) - age   2:    1269184 bytes,    6713704 total
[2025-03-20T15:34:48.092+0000][7][gc,age      ] GC(3) - age   3:    1998168 bytes,    8711872 total
[2025-03-20T15:34:48.092+0000][7][gc,phases   ] GC(3)   Pre Evacuate Collection Set: 0.1ms
[2025-03-20T15:34:48.092+0000][7][gc,phases   ] GC(3)   Merge Heap Roots: 0.1ms
[2025-03-20T15:34:48.092+0000][7][gc,phases   ] GC(3)   Evacuate Collection Set: 6.6ms
[2025-03-20T15:34:48.092+0000][7][gc,phases   ] GC(3)   Post Evacuate Collection Set: 3.2ms
[2025-03-20T15:34:48.092+0000][7][gc,phases   ] GC(3)   Other: 1.1ms
[2025-03-20T15:34:48.092+0000][7][gc,heap     ] GC(3) Eden regions: 60->0(73)
[2025-03-20T15:34:48.092+0000][7][gc,heap     ] GC(3) Survivor regions: 1->3(8)
[2025-03-20T15:34:48.092+0000][7][gc,heap     ] GC(3) Old regions: 2->2
[2025-03-20T15:34:48.092+0000][7][gc,heap     ] GC(3) Archive regions: 2->2
[2025-03-20T15:34:48.092+0000][7][gc,heap     ] GC(3) Humongous regions: 0->0
[2025-03-20T15:34:48.092+0000][7][gc,metaspace] GC(3) Metaspace: 18394K(18688K)->18394K(18688K) NonClass: 16185K(16384K)->16185K(16384K) Class: 2209K(2304K)->2209K(2304K)
[2025-03-20T15:34:48.092+0000][7][gc          ] GC(3) Pause Young (Normal) (G1 Evacuation Pause) 251M->16M(512M) 11.203ms
[2025-03-20T15:34:48.092+0000][7][gc,cpu      ] GC(3) User=0.02s Sys=0.00s Real=0.01s
[2025-03-20T15:34:48.093+0000][7][safepoint   ] Safepoint "G1CollectForAllocation", Time since last: 175580428 ns, Reaching safepoint: 210541 ns, At safepoint: 12280499 ns, Total: 12491040 ns
[2025-03-20T15:34:48.420+0000][7][gc,start    ] GC(4) Pause Young (Normal) (G1 Evacuation Pause)
[2025-03-20T15:34:48.421+0000][7][gc,task     ] GC(4) Using 8 workers of 8 for evacuation
[2025-03-20T15:34:48.421+0000][7][gc,age      ] GC(4) Desired survivor size 20971520 bytes, new threshold 15 (max threshold 15)
[2025-03-20T15:34:48.426+0000][7][gc,age      ] GC(4) Age table with threshold 15 (max threshold 15)
[2025-03-20T15:34:48.426+0000][7][gc,age      ] GC(4) - age   1:    2880240 bytes,    2880240 total
[2025-03-20T15:34:48.426+0000][7][gc,age      ] GC(4) - age   2:    4617728 bytes,    7497968 total
[2025-03-20T15:34:48.426+0000][7][gc,age      ] GC(4) - age   3:    1269104 bytes,    8767072 total
[2025-03-20T15:34:48.426+0000][7][gc,age      ] GC(4) - age   4:    1998168 bytes,   10765240 total
[2025-03-20T15:34:48.426+0000][7][gc,phases   ] GC(4)   Pre Evacuate Collection Set: 0.1ms
[2025-03-20T15:34:48.426+0000][7][gc,phases   ] GC(4)   Merge Heap Roots: 0.1ms
[2025-03-20T15:34:48.426+0000][7][gc,phases   ] GC(4)   Evacuate Collection Set: 4.0ms
[2025-03-20T15:34:48.426+0000][7][gc,phases   ] GC(4)   Post Evacuate Collection Set: 1.0ms
[2025-03-20T15:34:48.426+0000][7][gc,phases   ] GC(4)   Other: 0.2ms
[2025-03-20T15:34:48.426+0000][7][gc,heap     ] GC(4) Eden regions: 73->0(73)
[2025-03-20T15:34:48.426+0000][7][gc,heap     ] GC(4) Survivor regions: 3->3(10)
[2025-03-20T15:34:48.426+0000][7][gc,heap     ] GC(4) Old regions: 2->2
[2025-03-20T15:34:48.426+0000][7][gc,heap     ] GC(4) Archive regions: 2->2
[2025-03-20T15:34:48.426+0000][7][gc,heap     ] GC(4) Humongous regions: 0->0
[2025-03-20T15:34:48.426+0000][7][gc,metaspace] GC(4) Metaspace: 19095K(19392K)->19095K(19392K) NonClass: 16777K(16960K)->16777K(16960K) Class: 2317K(2432K)->2317K(2432K)
[2025-03-20T15:34:48.426+0000][7][gc          ] GC(4) Pause Young (Normal) (G1 Evacuation Pause) 308M->18M(512M) 5.374ms
[2025-03-20T15:34:48.426+0000][7][gc,cpu      ] GC(4) User=0.01s Sys=0.00s Real=0.00s
[2025-03-20T15:34:48.426+0000][7][safepoint   ] Safepoint "G1CollectForAllocation", Time since last: 326940442 ns, Reaching safepoint: 223925 ns, At safepoint: 5541841 ns, Total: 5765766 ns
[2025-03-20T15:34:48.738+0000][7][gc,start    ] GC(5) Pause Young (Normal) (G1 Evacuation Pause)
[2025-03-20T15:34:48.738+0000][7][gc,task     ] GC(5) Using 8 workers of 8 for evacuation
[2025-03-20T15:34:48.738+0000][7][gc,age      ] GC(5) Desired survivor size 20971520 bytes, new threshold 15 (max threshold 15)
[2025-03-20T15:34:48.745+0000][7][gc,age      ] GC(5) Age table with threshold 15 (max threshold 15)
[2025-03-20T15:34:48.745+0000][7][gc,age      ] GC(5) - age   1:    1716560 bytes,    1716560 total
[2025-03-20T15:34:48.745+0000][7][gc,age      ] GC(5) - age   2:    2444912 bytes,    4161472 total
[2025-03-20T15:34:48.745+0000][7][gc,age      ] GC(5) - age   3:    4617712 bytes,    8779184 total
[2025-03-20T15:34:48.745+0000][7][gc,age      ] GC(5) - age   4:    1261680 bytes,   10040864 total
[2025-03-20T15:34:48.745+0000][7][gc,age      ] GC(5) - age   5:    1998168 bytes,   12039032 total
[2025-03-20T15:34:48.745+0000][7][gc,phases   ] GC(5)   Pre Evacuate Collection Set: 0.0ms
[2025-03-20T15:34:48.745+0000][7][gc,phases   ] GC(5)   Merge Heap Roots: 0.0ms
[2025-03-20T15:34:48.745+0000][7][gc,phases   ] GC(5)   Evacuate Collection Set: 6.4ms
[2025-03-20T15:34:48.745+0000][7][gc,phases   ] GC(5)   Post Evacuate Collection Set: 0.7ms
[2025-03-20T15:34:48.746+0000][7][gc,phases   ] GC(5)   Other: 0.2ms
[2025-03-20T15:34:48.746+0000][7][gc,heap     ] GC(5) Eden regions: 73->0(73)
[2025-03-20T15:34:48.746+0000][7][gc,heap     ] GC(5) Survivor regions: 3->3(10)
[2025-03-20T15:34:48.746+0000][7][gc,heap     ] GC(5) Old regions: 2->2
[2025-03-20T15:34:48.746+0000][7][gc,heap     ] GC(5) Archive regions: 2->2
[2025-03-20T15:34:48.746+0000][7][gc,heap     ] GC(5) Humongous regions: 0->0
[2025-03-20T15:34:48.746+0000][7][gc,metaspace] GC(5) Metaspace: 19772K(20160K)->19772K(20160K) NonClass: 17373K(17600K)->17373K(17600K) Class: 2398K(2560K)->2398K(2560K)
[2025-03-20T15:34:48.746+0000][7][gc          ] GC(5) Pause Young (Normal) (G1 Evacuation Pause) 310M->19M(512M) 7.380ms
[2025-03-20T15:34:48.746+0000][7][gc,cpu      ] GC(5) User=0.03s Sys=0.00s Real=0.01s
[2025-03-20T15:34:48.746+0000][7][safepoint   ] Safepoint "G1CollectForAllocation", Time since last: 312153892 ns, Reaching safepoint: 88058 ns, At safepoint: 7517960 ns, Total: 7606018 ns
[2025-03-20T15:34:49.018+0000][7][gc,start    ] GC(6) Pause Young (Normal) (G1 Evacuation Pause)
[2025-03-20T15:34:49.018+0000][7][gc,task     ] GC(6) Using 8 workers of 8 for evacuation
[2025-03-20T15:34:49.018+0000][7][gc,age      ] GC(6) Desired survivor size 20971520 bytes, new threshold 15 (max threshold 15)
[2025-03-20T15:34:49.027+0000][7][gc,age      ] GC(6) Age table with threshold 15 (max threshold 15)
[2025-03-20T15:34:49.027+0000][7][gc,age      ] GC(6) - age   1:     510768 bytes,     510768 total
[2025-03-20T15:34:49.027+0000][7][gc,age      ] GC(6) - age   2:    1244128 bytes,    1754896 total
[2025-03-20T15:34:49.027+0000][7][gc,age      ] GC(6) - age   3:    2444240 bytes,    4199136 total
[2025-03-20T15:34:49.027+0000][7][gc,age      ] GC(6) - age   4:    4617360 bytes,    8816496 total
[2025-03-20T15:34:49.027+0000][7][gc,age      ] GC(6) - age   5:    1261536 bytes,   10078032 total
[2025-03-20T15:34:49.027+0000][7][gc,age      ] GC(6) - age   6:    1998168 bytes,   12076200 total
[2025-03-20T15:34:49.027+0000][7][gc,phases   ] GC(6)   Pre Evacuate Collection Set: 0.1ms
[2025-03-20T15:34:49.027+0000][7][gc,phases   ] GC(6)   Merge Heap Roots: 0.0ms
[2025-03-20T15:34:49.027+0000][7][gc,phases   ] GC(6)   Evacuate Collection Set: 7.1ms
[2025-03-20T15:34:49.027+0000][7][gc,phases   ] GC(6)   Post Evacuate Collection Set: 1.5ms
[2025-03-20T15:34:49.027+0000][7][gc,phases   ] GC(6)   Other: 0.2ms
[2025-03-20T15:34:49.027+0000][7][gc,heap     ] GC(6) Eden regions: 73->0(73)
[2025-03-20T15:34:49.027+0000][7][gc,heap     ] GC(6) Survivor regions: 3->3(10)
[2025-03-20T15:34:49.027+0000][7][gc,heap     ] GC(6) Old regions: 2->2
[2025-03-20T15:34:49.027+0000][7][gc,heap     ] GC(6) Archive regions: 2->2
[2025-03-20T15:34:49.027+0000][7][gc,heap     ] GC(6) Humongous regions: 0->0
[2025-03-20T15:34:49.027+0000][7][gc,metaspace] GC(6) Metaspace: 20091K(20480K)->20091K(20480K) NonClass: 17635K(17856K)->17635K(17856K) Class: 2455K(2624K)->2455K(2624K)
[2025-03-20T15:34:49.027+0000][7][gc          ] GC(6) Pause Young (Normal) (G1 Evacuation Pause) 311M->20M(512M) 8.883ms
[2025-03-20T15:34:49.027+0000][7][gc,cpu      ] GC(6) User=0.01s Sys=0.00s Real=0.01s
[2025-03-20T15:34:49.027+0000][7][safepoint   ] Safepoint "G1CollectForAllocation", Time since last: 272549074 ns, Reaching safepoint: 128365 ns, At safepoint: 8946995 ns, Total: 9075360 ns
[2025-03-20T15:34:49.213+0000][7][gc,start    ] GC(7) Pause Young (Concurrent Start) (Metadata GC Threshold)
[2025-03-20T15:34:49.213+0000][7][gc,task     ] GC(7) Using 8 workers of 8 for evacuation
[2025-03-20T15:34:49.213+0000][7][gc,age      ] GC(7) Desired survivor size 20971520 bytes, new threshold 15 (max threshold 15)
[2025-03-20T15:34:49.220+0000][7][gc,age      ] GC(7) Age table with threshold 15 (max threshold 15)
[2025-03-20T15:34:49.220+0000][7][gc,age      ] GC(7) - age   1:    1653800 bytes,    1653800 total
[2025-03-20T15:34:49.220+0000][7][gc,age      ] GC(7) - age   2:     482096 bytes,    2135896 total
[2025-03-20T15:34:49.220+0000][7][gc,age      ] GC(7) - age   3:    1244128 bytes,    3380024 total
[2025-03-20T15:34:49.220+0000][7][gc,age      ] GC(7) - age   4:    2443104 bytes,    5823128 total
[2025-03-20T15:34:49.220+0000][7][gc,age      ] GC(7) - age   5:    4617312 bytes,   10440440 total
[2025-03-20T15:34:49.220+0000][7][gc,age      ] GC(7) - age   6:    1261168 bytes,   11701608 total
[2025-03-20T15:34:49.220+0000][7][gc,age      ] GC(7) - age   7:    1997624 bytes,   13699232 total
[2025-03-20T15:34:49.220+0000][7][gc,phases   ] GC(7)   Pre Evacuate Collection Set: 0.1ms
[2025-03-20T15:34:49.220+0000][7][gc,phases   ] GC(7)   Merge Heap Roots: 0.1ms
[2025-03-20T15:34:49.220+0000][7][gc,phases   ] GC(7)   Evacuate Collection Set: 5.8ms
[2025-03-20T15:34:49.220+0000][7][gc,phases   ] GC(7)   Post Evacuate Collection Set: 0.7ms
[2025-03-20T15:34:49.220+0000][7][gc,phases   ] GC(7)   Other: 0.2ms
[2025-03-20T15:34:49.220+0000][7][gc,heap     ] GC(7) Eden regions: 39->0(72)
[2025-03-20T15:34:49.220+0000][7][gc,heap     ] GC(7) Survivor regions: 3->4(10)
[2025-03-20T15:34:49.220+0000][7][gc,heap     ] GC(7) Old regions: 2->2
[2025-03-20T15:34:49.220+0000][7][gc,heap     ] GC(7) Archive regions: 2->2
[2025-03-20T15:34:49.220+0000][7][gc,heap     ] GC(7) Humongous regions: 0->0
[2025-03-20T15:34:49.220+0000][7][gc,metaspace] GC(7) Metaspace: 20847K(21248K)->20847K(21248K) NonClass: 18288K(18560K)->18288K(18560K) Class: 2558K(2688K)->2558K(2688K)
[2025-03-20T15:34:49.220+0000][7][gc          ] GC(7) Pause Young (Concurrent Start) (Metadata GC Threshold) 174M->22M(512M) 6.895ms
[2025-03-20T15:34:49.220+0000][7][gc,cpu      ] GC(7) User=0.02s Sys=0.00s Real=0.01s
[2025-03-20T15:34:49.220+0000][7][safepoint   ] Safepoint "CollectForMetadataAllocation", Time since last: 185413474 ns, Reaching safepoint: 106453 ns, At safepoint: 6991576 ns, Total: 7098029 ns
[2025-03-20T15:34:49.220+0000][7][gc          ] GC(8) Concurrent Mark Cycle
[2025-03-20T15:34:49.220+0000][7][gc,marking  ] GC(8) Concurrent Clear Claimed Marks
[2025-03-20T15:34:49.220+0000][7][gc,marking  ] GC(8) Concurrent Clear Claimed Marks 0.031ms
[2025-03-20T15:34:49.220+0000][7][gc,marking  ] GC(8) Concurrent Scan Root Regions
[2025-03-20T15:34:49.241+0000][7][gc,marking  ] GC(8) Concurrent Scan Root Regions 21.449ms
[2025-03-20T15:34:49.241+0000][7][gc,marking  ] GC(8) Concurrent Mark
[2025-03-20T15:34:49.241+0000][7][gc,marking  ] GC(8) Concurrent Mark From Roots
[2025-03-20T15:34:49.241+0000][7][gc,task     ] GC(8) Using 2 workers of 2 for marking
[2025-03-20T15:34:49.244+0000][7][gc,marking  ] GC(8) Concurrent Mark From Roots 2.904ms
[2025-03-20T15:34:49.244+0000][7][gc,marking  ] GC(8) Concurrent Preclean
[2025-03-20T15:34:49.244+0000][7][gc,marking  ] GC(8) Concurrent Preclean 0.090ms
[2025-03-20T15:34:49.245+0000][7][gc,start    ] GC(8) Pause Remark
[2025-03-20T15:34:49.249+0000][7][gc          ] GC(8) Pause Remark 24M->24M(512M) 3.786ms
[2025-03-20T15:34:49.249+0000][7][gc,cpu      ] GC(8) User=0.00s Sys=0.00s Real=0.01s
[2025-03-20T15:34:49.249+0000][7][safepoint   ] Safepoint "G1Concurrent", Time since last: 24634297 ns, Reaching safepoint: 442042 ns, At safepoint: 3848760 ns, Total: 4290802 ns
[2025-03-20T15:34:49.249+0000][7][gc,marking  ] GC(8) Concurrent Mark 7.435ms
[2025-03-20T15:34:49.249+0000][7][gc,marking  ] GC(8) Concurrent Rebuild Remembered Sets
[2025-03-20T15:34:49.250+0000][7][gc,marking  ] GC(8) Concurrent Rebuild Remembered Sets 1.150ms
[2025-03-20T15:34:49.251+0000][7][gc,start    ] GC(8) Pause Cleanup
[2025-03-20T15:34:49.251+0000][7][gc          ] GC(8) Pause Cleanup 24M->24M(512M) 0.074ms
[2025-03-20T15:34:49.251+0000][7][gc,cpu      ] GC(8) User=0.00s Sys=0.00s Real=0.00s
[2025-03-20T15:34:49.251+0000][7][safepoint   ] Safepoint "G1Concurrent", Time since last: 1272674 ns, Reaching safepoint: 621846 ns, At safepoint: 110220 ns, Total: 732066 ns
[2025-03-20T15:34:49.251+0000][7][gc,marking  ] GC(8) Concurrent Cleanup for Next Mark
[2025-03-20T15:34:49.251+0000][7][gc,marking  ] GC(8) Concurrent Cleanup for Next Mark 0.596ms
[2025-03-20T15:34:49.251+0000][7][gc          ] GC(8) Concurrent Mark Cycle 31.537ms
[2025-03-20T15:34:49.490+0000][7][gc,start    ] GC(9) Pause Young (Normal) (G1 Evacuation Pause)
[2025-03-20T15:34:49.490+0000][7][gc,task     ] GC(9) Using 8 workers of 8 for evacuation
[2025-03-20T15:34:49.490+0000][7][gc,age      ] GC(9) Desired survivor size 20971520 bytes, new threshold 15 (max threshold 15)
[2025-03-20T15:34:49.495+0000][7][gc,age      ] GC(9) Age table with threshold 15 (max threshold 15)
[2025-03-20T15:34:49.495+0000][7][gc,age      ] GC(9) - age   1:    1940520 bytes,    1940520 total
[2025-03-20T15:34:49.496+0000][7][gc,age      ] GC(9) - age   2:    1612776 bytes,    3553296 total
[2025-03-20T15:34:49.496+0000][7][gc,age      ] GC(9) - age   3:     480560 bytes,    4033856 total
[2025-03-20T15:34:49.496+0000][7][gc,age      ] GC(9) - age   4:    1243792 bytes,    5277648 total
[2025-03-20T15:34:49.496+0000][7][gc,age      ] GC(9) - age   5:    2443040 bytes,    7720688 total
[2025-03-20T15:34:49.496+0000][7][gc,age      ] GC(9) - age   6:    4616672 bytes,   12337360 total
[2025-03-20T15:34:49.496+0000][7][gc,age      ] GC(9) - age   7:    1260880 bytes,   13598240 total
[2025-03-20T15:34:49.496+0000][7][gc,age      ] GC(9) - age   8:    1995608 bytes,   15593848 total
[2025-03-20T15:34:49.496+0000][7][gc,phases   ] GC(9)   Pre Evacuate Collection Set: 0.1ms
[2025-03-20T15:34:49.496+0000][7][gc,phases   ] GC(9)   Merge Heap Roots: 0.1ms
[2025-03-20T15:34:49.496+0000][7][gc,phases   ] GC(9)   Evacuate Collection Set: 4.4ms
[2025-03-20T15:34:49.496+0000][7][gc,phases   ] GC(9)   Post Evacuate Collection Set: 1.0ms
[2025-03-20T15:34:49.496+0000][7][gc,phases   ] GC(9)   Other: 0.2ms
[2025-03-20T15:34:49.496+0000][7][gc,heap     ] GC(9) Eden regions: 72->0(72)
[2025-03-20T15:34:49.496+0000][7][gc,heap     ] GC(9) Survivor regions: 4->4(10)
[2025-03-20T15:34:49.496+0000][7][gc,heap     ] GC(9) Old regions: 2->2
[2025-03-20T15:34:49.496+0000][7][gc,heap     ] GC(9) Archive regions: 2->2
[2025-03-20T15:34:49.496+0000][7][gc,heap     ] GC(9) Humongous regions: 0->0
[2025-03-20T15:34:49.496+0000][7][gc,metaspace] GC(9) Metaspace: 21331K(21760K)->21331K(21760K) NonClass: 18717K(19008K)->18717K(19008K) Class: 2614K(2752K)->2614K(2752K)
[2025-03-20T15:34:49.496+0000][7][gc          ] GC(9) Pause Young (Normal) (G1 Evacuation Pause) 310M->24M(512M) 5.857ms
[2025-03-20T15:34:49.496+0000][7][gc,cpu      ] GC(9) User=0.02s Sys=0.00s Real=0.00s
[2025-03-20T15:34:49.496+0000][7][safepoint   ] Safepoint "G1CollectForAllocation", Time since last: 238393735 ns, Reaching safepoint: 640428 ns, At safepoint: 5927866 ns, Total: 6568294 ns
[2025-03-20T15:34:49.796+0000][7][gc,start    ] GC(10) Pause Young (Normal) (G1 Evacuation Pause)
[2025-03-20T15:34:49.796+0000][7][gc,task     ] GC(10) Using 8 workers of 8 for evacuation
[2025-03-20T15:34:49.796+0000][7][gc,age      ] GC(10) Desired survivor size 20971520 bytes, new threshold 15 (max threshold 15)
[2025-03-20T15:34:49.810+0000][7][gc,age      ] GC(10) Age table with threshold 15 (max threshold 15)
[2025-03-20T15:34:49.810+0000][7][gc,age      ] GC(10) - age   1:    1031520 bytes,    1031520 total
[2025-03-20T15:34:49.810+0000][7][gc,age      ] GC(10) - age   2:     893696 bytes,    1925216 total
[2025-03-20T15:34:49.810+0000][7][gc,age      ] GC(10) - age   3:    1608648 bytes,    3533864 total
[2025-03-20T15:34:49.810+0000][7][gc,age      ] GC(10) - age   4:     472112 bytes,    4005976 total
[2025-03-20T15:34:49.810+0000][7][gc,age      ] GC(10) - age   5:    1235536 bytes,    5241512 total
[2025-03-20T15:34:49.810+0000][7][gc,age      ] GC(10) - age   6:    2434184 bytes,    7675696 total
[2025-03-20T15:34:49.810+0000][7][gc,age      ] GC(10) - age   7:    4609936 bytes,   12285632 total
[2025-03-20T15:34:49.810+0000][7][gc,age      ] GC(10) - age   8:    1238120 bytes,   13523752 total
[2025-03-20T15:34:49.811+0000][7][gc,age      ] GC(10) - age   9:    1995448 bytes,   15519200 total
[2025-03-20T15:34:49.811+0000][7][gc,phases   ] GC(10)   Pre Evacuate Collection Set: 0.0ms
[2025-03-20T15:34:49.811+0000][7][gc,phases   ] GC(10)   Merge Heap Roots: 0.1ms
[2025-03-20T15:34:49.811+0000][7][gc,phases   ] GC(10)   Evacuate Collection Set: 9.8ms
[2025-03-20T15:34:49.811+0000][7][gc,phases   ] GC(10)   Post Evacuate Collection Set: 4.7ms
[2025-03-20T15:34:49.811+0000][7][gc,phases   ] GC(10)   Other: 0.2ms
[2025-03-20T15:34:49.811+0000][7][gc,heap     ] GC(10) Eden regions: 72->0(72)
[2025-03-20T15:34:49.811+0000][7][gc,heap     ] GC(10) Survivor regions: 4->4(10)
[2025-03-20T15:34:49.811+0000][7][gc,heap     ] GC(10) Old regions: 2->2
[2025-03-20T15:34:49.811+0000][7][gc,heap     ] GC(10) Archive regions: 2->2
[2025-03-20T15:34:49.811+0000][7][gc,heap     ] GC(10) Humongous regions: 0->0
[2025-03-20T15:34:49.811+0000][7][gc,metaspace] GC(10) Metaspace: 21803K(22400K)->21803K(22400K) NonClass: 19108K(19456K)->19108K(19456K) Class: 2695K(2944K)->2695K(2944K)
[2025-03-20T15:34:49.811+0000][7][gc          ] GC(10) Pause Young (Normal) (G1 Evacuation Pause) 312M->23M(512M) 14.957ms
[2025-03-20T15:34:49.811+0000][7][gc,cpu      ] GC(10) User=0.02s Sys=0.00s Real=0.02s
[2025-03-20T15:34:49.811+0000][7][safepoint   ] Safepoint "G1CollectForAllocation", Time since last: 299846596 ns, Reaching safepoint: 107415 ns, At safepoint: 15085340 ns, Total: 15192755 ns
[2025-03-20T15:34:50.919+0000][7][safepoint   ] Safepoint "ICBufferFull", Time since last: 1107480822 ns, Reaching safepoint: 421192 ns, At safepoint: 22463 ns, Total: 443655 ns
[2025-03-20T15:34:51.921+0000][7][safepoint   ] Safepoint "Cleanup", Time since last: 1000445377 ns, Reaching safepoint: 2316506 ns, At safepoint: 22303 ns, Total: 2338809 ns
[2025-03-20T15:34:52.469+0000][7][gc,start    ] GC(11) Pause Young (Normal) (G1 Evacuation Pause)
[2025-03-20T15:34:52.469+0000][7][gc,task     ] GC(11) Using 8 workers of 8 for evacuation
[2025-03-20T15:34:52.469+0000][7][gc,age      ] GC(11) Desired survivor size 20971520 bytes, new threshold 15 (max threshold 15)
[2025-03-20T15:34:52.512+0000][7][gc,age      ] GC(11) Age table with threshold 15 (max threshold 15)
[2025-03-20T15:34:52.512+0000][7][gc,age      ] GC(11) - age   1:   26494080 bytes,   26494080 total
[2025-03-20T15:34:52.512+0000][7][gc,age      ] GC(11) - age   2:    1020648 bytes,   27514728 total
[2025-03-20T15:34:52.512+0000][7][gc,age      ] GC(11) - age   3:     888360 bytes,   28403088 total
[2025-03-20T15:34:52.512+0000][7][gc,age      ] GC(11) - age   4:    1592816 bytes,   29995904 total
[2025-03-20T15:34:52.512+0000][7][gc,age      ] GC(11) - age   5:     468912 bytes,   30464816 total
[2025-03-20T15:34:52.512+0000][7][gc,age      ] GC(11) - age   6:    1221792 bytes,   31686608 total
[2025-03-20T15:34:52.512+0000][7][gc,age      ] GC(11) - age   7:    2422112 bytes,   34108720 total
[2025-03-20T15:34:52.512+0000][7][gc,age      ] GC(11) - age   8:    4572576 bytes,   38681296 total
[2025-03-20T15:34:52.512+0000][7][gc,age      ] GC(11) - age   9:    1215864 bytes,   39897160 total
[2025-03-20T15:34:52.512+0000][7][gc,age      ] GC(11) - age  10:    1987704 bytes,   41884864 total
[2025-03-20T15:34:52.512+0000][7][gc,phases   ] GC(11)   Pre Evacuate Collection Set: 0.1ms
[2025-03-20T15:34:52.512+0000][7][gc,phases   ] GC(11)   Merge Heap Roots: 0.1ms
[2025-03-20T15:34:52.512+0000][7][gc,phases   ] GC(11)   Evacuate Collection Set: 34.0ms
[2025-03-20T15:34:52.512+0000][7][gc,phases   ] GC(11)   Post Evacuate Collection Set: 8.7ms
[2025-03-20T15:34:52.512+0000][7][gc,phases   ] GC(11)   Other: 0.4ms
[2025-03-20T15:34:52.512+0000][7][gc,heap     ] GC(11) Eden regions: 72->0(66)
[2025-03-20T15:34:52.512+0000][7][gc,heap     ] GC(11) Survivor regions: 4->10(10)
[2025-03-20T15:34:52.512+0000][7][gc,heap     ] GC(11) Old regions: 2->4
[2025-03-20T15:34:52.512+0000][7][gc,heap     ] GC(11) Archive regions: 2->2
[2025-03-20T15:34:52.512+0000][7][gc,heap     ] GC(11) Humongous regions: 0->0
[2025-03-20T15:34:52.513+0000][7][gc,metaspace] GC(11) Metaspace: 33352K(34240K)->33352K(34240K) NonClass: 29016K(29504K)->29016K(29504K) Class: 4336K(4736K)->4336K(4736K)
[2025-03-20T15:34:52.513+0000][7][gc          ] GC(11) Pause Young (Normal) (G1 Evacuation Pause) 311M->59M(512M) 43.299ms
[2025-03-20T15:34:52.513+0000][7][gc,cpu      ] GC(11) User=0.10s Sys=0.01s Real=0.04s
[2025-03-20T15:34:52.513+0000][7][safepoint   ] Safepoint "G1CollectForAllocation", Time since last: 547624849 ns, Reaching safepoint: 130789 ns, At safepoint: 43405359 ns, Total: 43536148 ns
[2025-03-20T15:34:52.601+0000][7][gc,start    ] GC(12) Pause Young (Concurrent Start) (Metadata GC Threshold)
[2025-03-20T15:34:52.601+0000][7][gc,task     ] GC(12) Using 8 workers of 8 for evacuation
[2025-03-20T15:34:52.601+0000][7][gc,age      ] GC(12) Desired survivor size 20971520 bytes, new threshold 1 (max threshold 15)
[2025-03-20T15:34:52.634+0000][7][gc,age      ] GC(12) Age table with threshold 1 (max threshold 15)
[2025-03-20T15:34:52.634+0000][7][gc,age      ] GC(12) - age   1:     205552 bytes,     205552 total
[2025-03-20T15:34:52.634+0000][7][gc,phases   ] GC(12)   Pre Evacuate Collection Set: 0.1ms
[2025-03-20T15:34:52.634+0000][7][gc,phases   ] GC(12)   Merge Heap Roots: 0.2ms
[2025-03-20T15:34:52.634+0000][7][gc,phases   ] GC(12)   Evacuate Collection Set: 30.2ms
[2025-03-20T15:34:52.634+0000][7][gc,phases   ] GC(12)   Post Evacuate Collection Set: 1.9ms
[2025-03-20T15:34:52.634+0000][7][gc,phases   ] GC(12)   Other: 0.2ms
[2025-03-20T15:34:52.634+0000][7][gc,heap     ] GC(12) Eden regions: 2->0(74)
[2025-03-20T15:34:52.634+0000][7][gc,heap     ] GC(12) Survivor regions: 10->2(10)
[2025-03-20T15:34:52.634+0000][7][gc,heap     ] GC(12) Old regions: 4->15
[2025-03-20T15:34:52.634+0000][7][gc,heap     ] GC(12) Archive regions: 2->2
[2025-03-20T15:34:52.634+0000][7][gc,heap     ] GC(12) Humongous regions: 0->0
[2025-03-20T15:34:52.634+0000][7][gc,metaspace] GC(12) Metaspace: 34787K(35648K)->34787K(35648K) NonClass: 30299K(30784K)->30299K(30784K) Class: 4488K(4864K)->4488K(4864K)
[2025-03-20T15:34:52.634+0000][7][gc          ] GC(12) Pause Young (Concurrent Start) (Metadata GC Threshold) 65M->65M(512M) 32.734ms
[2025-03-20T15:34:52.634+0000][7][gc,cpu      ] GC(12) User=0.09s Sys=0.00s Real=0.03s
[2025-03-20T15:34:52.634+0000][7][safepoint   ] Safepoint "CollectForMetadataAllocation", Time since last: 88546054 ns, Reaching safepoint: 78018 ns, At safepoint: 32894648 ns, Total: 32972666 ns
[2025-03-20T15:34:52.634+0000][7][gc          ] GC(13) Concurrent Mark Cycle
[2025-03-20T15:34:52.634+0000][7][gc,marking  ] GC(13) Concurrent Clear Claimed Marks
[2025-03-20T15:34:52.634+0000][7][gc,marking  ] GC(13) Concurrent Clear Claimed Marks 0.193ms
[2025-03-20T15:34:52.634+0000][7][gc,marking  ] GC(13) Concurrent Scan Root Regions
[2025-03-20T15:34:52.653+0000][7][gc,marking  ] GC(13) Concurrent Scan Root Regions 18.961ms
[2025-03-20T15:34:52.653+0000][7][gc,marking  ] GC(13) Concurrent Mark
[2025-03-20T15:34:52.653+0000][7][gc,marking  ] GC(13) Concurrent Mark From Roots
[2025-03-20T15:34:52.653+0000][7][gc,task     ] GC(13) Using 2 workers of 2 for marking
[2025-03-20T15:34:52.654+0000][7][safepoint   ] Safepoint "CollectForMetadataAllocation", Time since last: 19237487 ns, Reaching safepoint: 136480 ns, At safepoint: 67178 ns, Total: 203658 ns
[2025-03-20T15:34:52.665+0000][7][safepoint   ] Safepoint "CollectForMetadataAllocation", Time since last: 11102203 ns, Reaching safepoint: 103708 ns, At safepoint: 106152 ns, Total: 209860 ns
[2025-03-20T15:34:52.676+0000][7][gc,marking  ] GC(13) Concurrent Mark From Roots 22.490ms
[2025-03-20T15:34:52.676+0000][7][gc,marking  ] GC(13) Concurrent Preclean
[2025-03-20T15:34:52.676+0000][7][gc,marking  ] GC(13) Concurrent Preclean 0.150ms
[2025-03-20T15:34:52.681+0000][7][gc,start    ] GC(13) Pause Remark
[2025-03-20T15:34:52.684+0000][7][gc          ] GC(13) Pause Remark 69M->69M(512M) 2.946ms
[2025-03-20T15:34:52.684+0000][7][gc,cpu      ] GC(13) User=0.00s Sys=0.01s Real=0.00s
[2025-03-20T15:34:52.684+0000][7][safepoint   ] Safepoint "G1Concurrent", Time since last: 13490758 ns, Reaching safepoint: 2762922 ns, At safepoint: 3048940 ns, Total: 5811862 ns
[2025-03-20T15:34:52.686+0000][7][gc,marking  ] GC(13) Concurrent Mark 32.938ms
[2025-03-20T15:34:52.686+0000][7][gc,marking  ] GC(13) Concurrent Rebuild Remembered Sets
[2025-03-20T15:34:52.719+0000][7][gc,marking  ] GC(13) Concurrent Rebuild Remembered Sets 32.395ms
[2025-03-20T15:34:52.720+0000][7][gc,start    ] GC(13) Pause Cleanup
[2025-03-20T15:34:52.720+0000][7][gc          ] GC(13) Pause Cleanup 93M->93M(512M) 0.090ms
[2025-03-20T15:34:52.720+0000][7][gc,cpu      ] GC(13) User=0.00s Sys=0.00s Real=0.00s
[2025-03-20T15:34:52.720+0000][7][safepoint   ] Safepoint "G1Concurrent", Time since last: 35004536 ns, Reaching safepoint: 655046 ns, At safepoint: 137262 ns, Total: 792308 ns
[2025-03-20T15:34:52.720+0000][7][gc,marking  ] GC(13) Concurrent Cleanup for Next Mark
[2025-03-20T15:34:52.721+0000][7][gc,marking  ] GC(13) Concurrent Cleanup for Next Mark 1.147ms
[2025-03-20T15:34:52.721+0000][7][gc          ] GC(13) Concurrent Mark Cycle 87.067ms
[2025-03-20T15:34:53.637+0000][7][safepoint   ] Safepoint "ICBufferFull", Time since last: 916899190 ns, Reaching safepoint: 205241 ns, At safepoint: 4118 ns, Total: 209359 ns
[2025-03-20T15:34:54.033+0000][7][safepoint   ] Safepoint "ICBufferFull", Time since last: 395782261 ns, Reaching safepoint: 331031 ns, At safepoint: 4949 ns, Total: 335980 ns
[2025-03-20T15:34:54.142+0000][7][gc,start    ] GC(14) Pause Young (Concurrent Start) (G1 Evacuation Pause)
[2025-03-20T15:34:54.142+0000][7][gc,task     ] GC(14) Using 8 workers of 8 for evacuation
[2025-03-20T15:34:54.142+0000][7][gc,age      ] GC(14) Desired survivor size 20971520 bytes, new threshold 15 (max threshold 15)
[2025-03-20T15:34:54.156+0000][7][gc,age      ] GC(14) Age table with threshold 15 (max threshold 15)
[2025-03-20T15:34:54.156+0000][7][gc,age      ] GC(14) - age   1:    6163032 bytes,    6163032 total
[2025-03-20T15:34:54.156+0000][7][gc,age      ] GC(14) - age   2:     182456 bytes,    6345488 total
[2025-03-20T15:34:54.156+0000][7][gc,phases   ] GC(14)   Pre Evacuate Collection Set: 0.4ms
[2025-03-20T15:34:54.156+0000][7][gc,phases   ] GC(14)   Merge Heap Roots: 0.1ms
[2025-03-20T15:34:54.156+0000][7][gc,phases   ] GC(14)   Evacuate Collection Set: 9.0ms
[2025-03-20T15:34:54.156+0000][7][gc,phases   ] GC(14)   Post Evacuate Collection Set: 4.3ms
[2025-03-20T15:34:54.156+0000][7][gc,phases   ] GC(14)   Other: 0.2ms
[2025-03-20T15:34:54.156+0000][7][gc,heap     ] GC(14) Eden regions: 74->0(74)
[2025-03-20T15:34:54.156+0000][7][gc,heap     ] GC(14) Survivor regions: 2->2(10)
[2025-03-20T15:34:54.156+0000][7][gc,heap     ] GC(14) Old regions: 15->15
[2025-03-20T15:34:54.156+0000][7][gc,heap     ] GC(14) Archive regions: 2->2
[2025-03-20T15:34:54.156+0000][7][gc,heap     ] GC(14) Humongous regions: 0->0
[2025-03-20T15:34:54.156+0000][7][gc,metaspace] GC(14) Metaspace: 51499K(52608K)->51499K(52608K) NonClass: 44659K(45312K)->44659K(45312K) Class: 6840K(7296K)->6840K(7296K)
[2025-03-20T15:34:54.156+0000][7][gc          ] GC(14) Pause Young (Concurrent Start) (G1 Evacuation Pause) 361M->67M(512M) 14.097ms
[2025-03-20T15:34:54.157+0000][7][gc,cpu      ] GC(14) User=0.07s Sys=0.01s Real=0.01s
[2025-03-20T15:34:54.157+0000][7][safepoint   ] Safepoint "G1CollectForAllocation", Time since last: 109053264 ns, Reaching safepoint: 105802 ns, At safepoint: 14207816 ns, Total: 14313618 ns
[2025-03-20T15:34:54.159+0000][7][gc          ] GC(15) Concurrent Mark Cycle
[2025-03-20T15:34:54.159+0000][7][gc,marking  ] GC(15) Concurrent Clear Claimed Marks
[2025-03-20T15:34:54.159+0000][7][gc,marking  ] GC(15) Concurrent Clear Claimed Marks 0.091ms
[2025-03-20T15:34:54.159+0000][7][gc,marking  ] GC(15) Concurrent Scan Root Regions
[2025-03-20T15:34:54.164+0000][7][gc,marking  ] GC(15) Concurrent Scan Root Regions 5.123ms
[2025-03-20T15:34:54.164+0000][7][gc,marking  ] GC(15) Concurrent Mark
[2025-03-20T15:34:54.164+0000][7][gc,marking  ] GC(15) Concurrent Mark From Roots
[2025-03-20T15:34:54.164+0000][7][gc,task     ] GC(15) Using 2 workers of 2 for marking
[2025-03-20T15:34:54.259+0000][7][gc,marking  ] GC(15) Concurrent Mark From Roots 94.242ms
[2025-03-20T15:34:54.259+0000][7][gc,marking  ] GC(15) Concurrent Preclean
[2025-03-20T15:34:54.259+0000][7][gc,marking  ] GC(15) Concurrent Preclean 0.239ms
[2025-03-20T15:34:54.259+0000][7][gc,start    ] GC(15) Pause Remark
[2025-03-20T15:34:54.271+0000][7][gc          ] GC(15) Pause Remark 101M->101M(512M) 12.108ms
[2025-03-20T15:34:54.272+0000][7][gc,cpu      ] GC(15) User=0.05s Sys=0.00s Real=0.01s
[2025-03-20T15:34:54.272+0000][7][safepoint   ] Safepoint "G1Concurrent", Time since last: 102439509 ns, Reaching safepoint: 354163 ns, At safepoint: 12237861 ns, Total: 12592024 ns
[2025-03-20T15:34:54.272+0000][7][gc,marking  ] GC(15) Concurrent Mark 107.289ms
[2025-03-20T15:34:54.272+0000][7][gc,marking  ] GC(15) Concurrent Rebuild Remembered Sets
[2025-03-20T15:34:54.329+0000][7][gc,marking  ] GC(15) Concurrent Rebuild Remembered Sets 57.724ms
[2025-03-20T15:34:54.330+0000][7][gc,start    ] GC(15) Pause Cleanup
[2025-03-20T15:34:54.330+0000][7][gc          ] GC(15) Pause Cleanup 111M->111M(512M) 0.124ms
[2025-03-20T15:34:54.330+0000][7][gc,cpu      ] GC(15) User=0.00s Sys=0.00s Real=0.00s
[2025-03-20T15:34:54.330+0000][7][safepoint   ] Safepoint "G1Concurrent", Time since last: 57952879 ns, Reaching safepoint: 326733 ns, At safepoint: 199349 ns, Total: 526082 ns
[2025-03-20T15:34:54.335+0000][7][gc,marking  ] GC(15) Concurrent Cleanup for Next Mark
[2025-03-20T15:34:54.335+0000][7][gc,marking  ] GC(15) Concurrent Cleanup for Next Mark 0.815ms
[2025-03-20T15:34:54.336+0000][7][gc          ] GC(15) Concurrent Mark Cycle 176.953ms
[2025-03-20T15:34:55.222+0000][7][safepoint   ] Safepoint "ICBufferFull", Time since last: 889138132 ns, Reaching safepoint: 2377839 ns, At safepoint: 32973 ns, Total: 2410812 ns
[2025-03-20T15:34:56.353+0000][7][safepoint   ] Safepoint "ICBufferFull", Time since last: 1131017663 ns, Reaching safepoint: 714203 ns, At safepoint: 5310 ns, Total: 719513 ns
[2025-03-20T15:34:56.972+0000][7][gc,start    ] GC(16) Pause Young (Normal) (G1 Evacuation Pause)
[2025-03-20T15:34:56.973+0000][7][gc,task     ] GC(16) Using 8 workers of 8 for evacuation
[2025-03-20T15:34:56.973+0000][7][gc,age      ] GC(16) Desired survivor size 20971520 bytes, new threshold 15 (max threshold 15)
[2025-03-20T15:34:57.012+0000][7][gc,age      ] GC(16) Age table with threshold 15 (max threshold 15)
[2025-03-20T15:34:57.012+0000][7][gc,age      ] GC(16) - age   1:   13987144 bytes,   13987144 total
[2025-03-20T15:34:57.012+0000][7][gc,age      ] GC(16) - age   2:    5993760 bytes,   19980904 total
[2025-03-20T15:34:57.012+0000][7][gc,age      ] GC(16) - age   3:     181128 bytes,   20162032 total
[2025-03-20T15:34:57.012+0000][7][gc,phases   ] GC(16)   Pre Evacuate Collection Set: 0.1ms
[2025-03-20T15:34:57.012+0000][7][gc,phases   ] GC(16)   Merge Heap Roots: 0.1ms
[2025-03-20T15:34:57.012+0000][7][gc,phases   ] GC(16)   Evacuate Collection Set: 26.9ms
[2025-03-20T15:34:57.012+0000][7][gc,phases   ] GC(16)   Post Evacuate Collection Set: 12.1ms
[2025-03-20T15:34:57.012+0000][7][gc,phases   ] GC(16)   Other: 0.2ms
[2025-03-20T15:34:57.012+0000][7][gc,heap     ] GC(16) Eden regions: 74->0(71)
[2025-03-20T15:34:57.012+0000][7][gc,heap     ] GC(16) Survivor regions: 2->5(10)
[2025-03-20T15:34:57.012+0000][7][gc,heap     ] GC(16) Old regions: 15->15
[2025-03-20T15:34:57.012+0000][7][gc,heap     ] GC(16) Archive regions: 2->2
[2025-03-20T15:34:57.012+0000][7][gc,heap     ] GC(16) Humongous regions: 0->0
[2025-03-20T15:34:57.012+0000][7][gc,metaspace] GC(16) Metaspace: 78198K(79552K)->78198K(79552K) NonClass: 67678K(68416K)->67678K(68416K) Class: 10520K(11136K)->10520K(11136K)
[2025-03-20T15:34:57.012+0000][7][gc          ] GC(16) Pause Young (Normal) (G1 Evacuation Pause) 363M->80M(512M) 39.479ms
[2025-03-20T15:34:57.012+0000][7][gc,cpu      ] GC(16) User=0.09s Sys=0.00s Real=0.04s
[2025-03-20T15:34:57.012+0000][7][safepoint   ] Safepoint "G1CollectForAllocation", Time since last: 618922540 ns, Reaching safepoint: 178991 ns, At safepoint: 39795553 ns, Total: 39974544 ns
[2025-03-20T15:34:57.636+0000][7][safepoint   ] Safepoint "ICBufferFull", Time since last: 623722483 ns, Reaching safepoint: 224037 ns, At safepoint: 22423 ns, Total: 246460 ns
[2025-03-20T15:34:57.717+0000][7][gc,start    ] GC(17) Pause Young (Concurrent Start) (Metadata GC Threshold)
[2025-03-20T15:34:57.717+0000][7][gc,task     ] GC(17) Using 8 workers of 8 for evacuation
[2025-03-20T15:34:57.717+0000][7][gc,age      ] GC(17) Desired survivor size 20971520 bytes, new threshold 15 (max threshold 15)
[2025-03-20T15:34:57.736+0000][7][gc,age      ] GC(17) Age table with threshold 15 (max threshold 15)
[2025-03-20T15:34:57.736+0000][7][gc,age      ] GC(17) - age   1:    2997704 bytes,    2997704 total
[2025-03-20T15:34:57.736+0000][7][gc,age      ] GC(17) - age   2:   13361440 bytes,   16359144 total
[2025-03-20T15:34:57.736+0000][7][gc,age      ] GC(17) - age   3:    5980304 bytes,   22339448 total
[2025-03-20T15:34:57.736+0000][7][gc,age      ] GC(17) - age   4:     179864 bytes,   22519312 total
[2025-03-20T15:34:57.736+0000][7][gc,phases   ] GC(17)   Pre Evacuate Collection Set: 0.1ms
[2025-03-20T15:34:57.736+0000][7][gc,phases   ] GC(17)   Merge Heap Roots: 0.1ms
[2025-03-20T15:34:57.736+0000][7][gc,phases   ] GC(17)   Evacuate Collection Set: 15.5ms
[2025-03-20T15:34:57.736+0000][7][gc,phases   ] GC(17)   Post Evacuate Collection Set: 3.4ms
[2025-03-20T15:34:57.736+0000][7][gc,phases   ] GC(17)   Other: 0.2ms
[2025-03-20T15:34:57.736+0000][7][gc,heap     ] GC(17) Eden regions: 15->0(70)
[2025-03-20T15:34:57.736+0000][7][gc,heap     ] GC(17) Survivor regions: 5->6(10)
[2025-03-20T15:34:57.736+0000][7][gc,heap     ] GC(17) Old regions: 15->15
[2025-03-20T15:34:57.736+0000][7][gc,heap     ] GC(17) Archive regions: 2->2
[2025-03-20T15:34:57.736+0000][7][gc,heap     ] GC(17) Humongous regions: 0->0
[2025-03-20T15:34:57.736+0000][7][gc,metaspace] GC(17) Metaspace: 86418K(87680K)->86418K(87680K) NonClass: 74644K(75392K)->74644K(75392K) Class: 11773K(12288K)->11773K(12288K)
[2025-03-20T15:34:57.736+0000][7][gc          ] GC(17) Pause Young (Concurrent Start) (Metadata GC Threshold) 138M->83M(512M) 19.446ms
[2025-03-20T15:34:57.736+0000][7][gc,cpu      ] GC(17) User=0.05s Sys=0.00s Real=0.02s
[2025-03-20T15:34:57.736+0000][7][safepoint   ] Safepoint "CollectForMetadataAllocation", Time since last: 80449100 ns, Reaching safepoint: 89029 ns, At safepoint: 19604209 ns, Total: 19693238 ns
[2025-03-20T15:34:57.739+0000][7][gc          ] GC(18) Concurrent Mark Cycle
[2025-03-20T15:34:57.739+0000][7][gc,marking  ] GC(18) Concurrent Clear Claimed Marks
[2025-03-20T15:34:57.739+0000][7][gc,marking  ] GC(18) Concurrent Clear Claimed Marks 0.098ms
[2025-03-20T15:34:57.739+0000][7][gc,marking  ] GC(18) Concurrent Scan Root Regions
[2025-03-20T15:34:57.753+0000][7][gc,marking  ] GC(18) Concurrent Scan Root Regions 13.941ms
[2025-03-20T15:34:57.753+0000][7][gc,marking  ] GC(18) Concurrent Mark
[2025-03-20T15:34:57.753+0000][7][gc,marking  ] GC(18) Concurrent Mark From Roots
[2025-03-20T15:34:57.753+0000][7][gc,task     ] GC(18) Using 2 workers of 2 for marking
[2025-03-20T15:34:57.779+0000][7][safepoint   ] Safepoint "CollectForMetadataAllocation", Time since last: 42875522 ns, Reaching safepoint: 155516 ns, At safepoint: 77979 ns, Total: 233495 ns
[2025-03-20T15:34:57.792+0000][7][gc,marking  ] GC(18) Concurrent Mark From Roots 39.433ms
[2025-03-20T15:34:57.792+0000][7][gc,marking  ] GC(18) Concurrent Preclean
[2025-03-20T15:34:57.792+0000][7][gc,marking  ] GC(18) Concurrent Preclean 0.217ms
[2025-03-20T15:34:57.793+0000][7][gc,start    ] GC(18) Pause Remark
[2025-03-20T15:34:57.797+0000][7][gc          ] GC(18) Pause Remark 87M->87M(512M) 3.688ms
[2025-03-20T15:34:57.797+0000][7][gc,cpu      ] GC(18) User=0.00s Sys=0.00s Real=0.00s
[2025-03-20T15:34:57.797+0000][7][safepoint   ] Safepoint "G1Concurrent", Time since last: 13175536 ns, Reaching safepoint: 499094 ns, At safepoint: 3799770 ns, Total: 4298864 ns
[2025-03-20T15:34:57.797+0000][7][gc,marking  ] GC(18) Concurrent Mark 44.794ms
[2025-03-20T15:34:57.798+0000][7][gc,marking  ] GC(18) Concurrent Rebuild Remembered Sets
[2025-03-20T15:34:57.821+0000][7][gc,marking  ] GC(18) Concurrent Rebuild Remembered Sets 23.525ms
[2025-03-20T15:34:57.822+0000][7][gc,start    ] GC(18) Pause Cleanup
[2025-03-20T15:34:57.822+0000][7][gc          ] GC(18) Pause Cleanup 88M->88M(512M) 0.077ms
[2025-03-20T15:34:57.822+0000][7][gc,cpu      ] GC(18) User=0.00s Sys=0.00s Real=0.00s
[2025-03-20T15:34:57.822+0000][7][safepoint   ] Safepoint "G1Concurrent", Time since last: 24711155 ns, Reaching safepoint: 58482 ns, At safepoint: 114518 ns, Total: 173000 ns
[2025-03-20T15:34:57.822+0000][7][gc,marking  ] GC(18) Concurrent Cleanup for Next Mark
[2025-03-20T15:34:57.823+0000][7][gc,marking  ] GC(18) Concurrent Cleanup for Next Mark 0.804ms
[2025-03-20T15:34:57.823+0000][7][gc          ] GC(18) Concurrent Mark Cycle 84.281ms
[2025-03-20T15:34:58.366+0000][7][safepoint   ] Safepoint "ICBufferFull", Time since last: 543411128 ns, Reaching safepoint: 968223 ns, At safepoint: 37491 ns, Total: 1005714 ns
[2025-03-20T15:34:58.607+0000][7][safepoint   ] Safepoint "ICBufferFull", Time since last: 239414019 ns, Reaching safepoint: 1104353 ns, At safepoint: 6443 ns, Total: 1110796 ns
[2025-03-20T15:34:58.813+0000][7][safepoint   ] Safepoint "ICBufferFull", Time since last: 205186723 ns, Reaching safepoint: 509210 ns, At safepoint: 22703 ns, Total: 531913 ns
[2025-03-20T15:34:59.028+0000][7][safepoint   ] Safepoint "ICBufferFull", Time since last: 215024391 ns, Reaching safepoint: 303628 ns, At safepoint: 15189 ns, Total: 318817 ns
[2025-03-20T15:34:59.533+0000][7][safepoint   ] Safepoint "ICBufferFull", Time since last: 505163457 ns, Reaching safepoint: 329678 ns, At safepoint: 19326 ns, Total: 349004 ns
[2025-03-20T15:35:00.047+0000][7][safepoint   ] Safepoint "ICBufferFull", Time since last: 513136946 ns, Reaching safepoint: 548334 ns, At safepoint: 18285 ns, Total: 566619 ns
[2025-03-20T15:35:00.468+0000][7][safepoint   ] Safepoint "ICBufferFull", Time since last: 421090890 ns, Reaching safepoint: 263292 ns, At safepoint: 4658 ns, Total: 267950 ns
[2025-03-20T15:35:00.477+0000][7][gc,start    ] GC(19) Pause Young (Concurrent Start) (G1 Evacuation Pause)
[2025-03-20T15:35:00.477+0000][7][gc,task     ] GC(19) Using 8 workers of 8 for evacuation
[2025-03-20T15:35:00.477+0000][7][gc,age      ] GC(19) Desired survivor size 20971520 bytes, new threshold 3 (max threshold 15)
[2025-03-20T15:35:00.493+0000][7][gc,age      ] GC(19) Age table with threshold 3 (max threshold 15)
[2025-03-20T15:35:00.493+0000][7][gc,age      ] GC(19) - age   1:    6915344 bytes,    6915344 total
[2025-03-20T15:35:00.493+0000][7][gc,age      ] GC(19) - age   2:    2843576 bytes,    9758920 total
[2025-03-20T15:35:00.493+0000][7][gc,age      ] GC(19) - age   3:   13188696 bytes,   22947616 total
[2025-03-20T15:35:00.493+0000][7][gc,phases   ] GC(19)   Pre Evacuate Collection Set: 0.4ms
[2025-03-20T15:35:00.493+0000][7][gc,phases   ] GC(19)   Merge Heap Roots: 0.2ms
[2025-03-20T15:35:00.493+0000][7][gc,phases   ] GC(19)   Evacuate Collection Set: 12.9ms
[2025-03-20T15:35:00.493+0000][7][gc,phases   ] GC(19)   Post Evacuate Collection Set: 1.8ms
[2025-03-20T15:35:00.493+0000][7][gc,phases   ] GC(19)   Other: 0.4ms
[2025-03-20T15:35:00.493+0000][7][gc,heap     ] GC(19) Eden regions: 70->0(70)
[2025-03-20T15:35:00.493+0000][7][gc,heap     ] GC(19) Survivor regions: 6->6(10)
[2025-03-20T15:35:00.493+0000][7][gc,heap     ] GC(19) Old regions: 15->16
[2025-03-20T15:35:00.493+0000][7][gc,heap     ] GC(19) Archive regions: 2->2
[2025-03-20T15:35:00.493+0000][7][gc,heap     ] GC(19) Humongous regions: 2->2
[2025-03-20T15:35:00.493+0000][7][gc,metaspace] GC(19) Metaspace: 98291K(99776K)->98291K(99776K) NonClass: 84847K(85696K)->84847K(85696K) Class: 13443K(14080K)->13443K(14080K)
[2025-03-20T15:35:00.493+0000][7][gc          ] GC(19) Pause Young (Concurrent Start) (G1 Evacuation Pause) 371M->98M(512M) 15.961ms
[2025-03-20T15:35:00.493+0000][7][gc,cpu      ] GC(19) User=0.06s Sys=0.00s Real=0.02s
[2025-03-20T15:35:00.493+0000][7][safepoint   ] Safepoint "G1CollectForAllocation", Time since last: 8193990 ns, Reaching safepoint: 440439 ns, At safepoint: 16284004 ns, Total: 16724443 ns
[2025-03-20T15:35:00.495+0000][7][gc          ] GC(20) Concurrent Mark Cycle
[2025-03-20T15:35:00.495+0000][7][gc,marking  ] GC(20) Concurrent Clear Claimed Marks
[2025-03-20T15:35:00.495+0000][7][gc,marking  ] GC(20) Concurrent Clear Claimed Marks 0.178ms
[2025-03-20T15:35:00.495+0000][7][gc,marking  ] GC(20) Concurrent Scan Root Regions
[2025-03-20T15:35:00.513+0000][7][gc,marking  ] GC(20) Concurrent Scan Root Regions 18.008ms
[2025-03-20T15:35:00.513+0000][7][gc,marking  ] GC(20) Concurrent Mark
[2025-03-20T15:35:00.513+0000][7][gc,marking  ] GC(20) Concurrent Mark From Roots
[2025-03-20T15:35:00.513+0000][7][gc,task     ] GC(20) Using 2 workers of 2 for marking
[2025-03-20T15:35:00.559+0000][7][gc,marking  ] GC(20) Concurrent Mark From Roots 45.935ms
[2025-03-20T15:35:00.559+0000][7][gc,marking  ] GC(20) Concurrent Preclean
[2025-03-20T15:35:00.559+0000][7][gc,marking  ] GC(20) Concurrent Preclean 0.300ms
[2025-03-20T15:35:00.561+0000][7][gc,start    ] GC(20) Pause Remark
[2025-03-20T15:35:00.567+0000][7][gc          ] GC(20) Pause Remark 103M->103M(512M) 5.654ms
[2025-03-20T15:35:00.567+0000][7][gc,cpu      ] GC(20) User=0.01s Sys=0.00s Real=0.01s
[2025-03-20T15:35:00.567+0000][7][safepoint   ] Safepoint "G1Concurrent", Time since last: 66546921 ns, Reaching safepoint: 1456866 ns, At safepoint: 5807653 ns, Total: 7264519 ns
[2025-03-20T15:35:00.567+0000][7][gc,marking  ] GC(20) Concurrent Mark 54.212ms
[2025-03-20T15:35:00.567+0000][7][gc,marking  ] GC(20) Concurrent Rebuild Remembered Sets
[2025-03-20T15:35:00.595+0000][7][gc,marking  ] GC(20) Concurrent Rebuild Remembered Sets 27.459ms
[2025-03-20T15:35:00.596+0000][7][gc,start    ] GC(20) Pause Cleanup
[2025-03-20T15:35:00.596+0000][7][gc          ] GC(20) Pause Cleanup 112M->112M(512M) 0.127ms
[2025-03-20T15:35:00.596+0000][7][gc,cpu      ] GC(20) User=0.00s Sys=0.00s Real=0.00s
[2025-03-20T15:35:00.596+0000][7][safepoint   ] Safepoint "G1Concurrent", Time since last: 27680405 ns, Reaching safepoint: 790595 ns, At safepoint: 225360 ns, Total: 1015955 ns
[2025-03-20T15:35:00.596+0000][7][gc,marking  ] GC(20) Concurrent Cleanup for Next Mark
[2025-03-20T15:35:00.597+0000][7][gc,marking  ] GC(20) Concurrent Cleanup for Next Mark 0.813ms
[2025-03-20T15:35:00.597+0000][7][gc          ] GC(20) Concurrent Mark Cycle 102.043ms
[2025-03-20T15:35:02.080+0000][7][safepoint   ] Safepoint "Cleanup", Time since last: 1484040989 ns, Reaching safepoint: 259625 ns, At safepoint: 20008 ns, Total: 279633 ns
[2025-03-20T15:35:02.717+0000][7][safepoint   ] Safepoint "ICBufferFull", Time since last: 630176274 ns, Reaching safepoint: 6867454 ns, At safepoint: 43052 ns, Total: 6910506 ns
[2025-03-20T15:35:02.719+0000][7][safepoint   ] Safepoint "ICBufferFull", Time since last: 1828531 ns, Reaching safepoint: 228444 ns, At safepoint: 36510 ns, Total: 264954 ns
[2025-03-20T15:35:02.720+0000][7][safepoint   ] Safepoint "ICBufferFull", Time since last: 229557 ns, Reaching safepoint: 237736 ns, At safepoint: 30759 ns, Total: 268495 ns
[2025-03-20T15:35:02.720+0000][7][safepoint   ] Safepoint "ICBufferFull", Time since last: 287838 ns, Reaching safepoint: 271054 ns, At safepoint: 59333 ns, Total: 330387 ns
[2025-03-20T15:35:02.912+0000][7][safepoint   ] Safepoint "ICBufferFull", Time since last: 191068712 ns, Reaching safepoint: 406602 ns, At safepoint: 18365 ns, Total: 424967 ns
[2025-03-20T15:35:02.918+0000][7][safepoint   ] Safepoint "ICBufferFull", Time since last: 5254330 ns, Reaching safepoint: 1040533 ns, At safepoint: 36940 ns, Total: 1077473 ns
[2025-03-20T15:35:02.919+0000][7][safepoint   ] Safepoint "ICBufferFull", Time since last: 894234 ns, Reaching safepoint: 42321 ns, At safepoint: 15940 ns, Total: 58261 ns
[2025-03-20T15:35:02.921+0000][7][safepoint   ] Safepoint "ICBufferFull", Time since last: 518037 ns, Reaching safepoint: 1098933 ns, At safepoint: 14397 ns, Total: 1113330 ns
[2025-03-20T15:35:02.922+0000][7][safepoint   ] Safepoint "ICBufferFull", Time since last: 580686 ns, Reaching safepoint: 298339 ns, At safepoint: 27342 ns, Total: 325681 ns
[2025-03-20T15:35:02.927+0000][7][safepoint   ] Safepoint "ICBufferFull", Time since last: 1549252 ns, Reaching safepoint: 3856425 ns, At safepoint: 30538 ns, Total: 3886963 ns
[2025-03-20T15:35:02.936+0000][7][safepoint   ] Safepoint "ICBufferFull", Time since last: 8982237 ns, Reaching safepoint: 203878 ns, At safepoint: 7645 ns, Total: 211523 ns
[2025-03-20T15:35:02.938+0000][7][safepoint   ] Safepoint "ICBufferFull", Time since last: 1267554 ns, Reaching safepoint: 380073 ns, At safepoint: 19547 ns, Total: 399620 ns
[2025-03-20T15:35:02.939+0000][7][safepoint   ] Safepoint "ICBufferFull", Time since last: 1020404 ns, Reaching safepoint: 190042 ns, At safepoint: 23755 ns, Total: 213797 ns
[2025-03-20T15:35:02.941+0000][7][safepoint   ] Safepoint "ICBufferFull", Time since last: 1164050 ns, Reaching safepoint: 986217 ns, At safepoint: 19848 ns, Total: 1006065 ns
[2025-03-20T15:35:02.943+0000][7][safepoint   ] Safepoint "ICBufferFull", Time since last: 883112 ns, Reaching safepoint: 184061 ns, At safepoint: 30899 ns, Total: 214960 ns
[2025-03-20T15:35:02.944+0000][7][safepoint   ] Safepoint "ICBufferFull", Time since last: 906096 ns, Reaching safepoint: 192036 ns, At safepoint: 33473 ns, Total: 225509 ns
[2025-03-20T15:35:02.945+0000][7][safepoint   ] Safepoint "ICBufferFull", Time since last: 662031 ns, Reaching safepoint: 496356 ns, At safepoint: 21431 ns, Total: 517787 ns
[2025-03-20T15:35:02.946+0000][7][safepoint   ] Safepoint "ICBufferFull", Time since last: 1141464 ns, Reaching safepoint: 322995 ns, At safepoint: 19367 ns, Total: 342362 ns
[2025-03-20T15:35:02.948+0000][7][safepoint   ] Safepoint "ICBufferFull", Time since last: 1190357 ns, Reaching safepoint: 62620 ns, At safepoint: 2554 ns, Total: 65174 ns
[2025-03-20T15:35:02.949+0000][7][safepoint   ] Safepoint "ICBufferFull", Time since last: 825826 ns, Reaching safepoint: 811604 ns, At safepoint: 19517 ns, Total: 831121 ns
[2025-03-20T15:35:02.950+0000][7][safepoint   ] Safepoint "ICBufferFull", Time since last: 676739 ns, Reaching safepoint: 190492 ns, At safepoint: 32222 ns, Total: 222714 ns
[2025-03-20T15:35:02.952+0000][7][safepoint   ] Safepoint "ICBufferFull", Time since last: 1008511 ns, Reaching safepoint: 757382 ns, At safepoint: 16011 ns, Total: 773393 ns
[2025-03-20T15:35:03.247+0000][7][safepoint   ] Safepoint "ICBufferFull", Time since last: 294436514 ns, Reaching safepoint: 353503 ns, At safepoint: 5841 ns, Total: 359344 ns
[2025-03-20T15:35:03.416+0000][7][gc,start    ] GC(21) Pause Young (Normal) (G1 Evacuation Pause)
[2025-03-20T15:35:03.416+0000][7][gc,task     ] GC(21) Using 8 workers of 8 for evacuation
[2025-03-20T15:35:03.416+0000][7][gc,age      ] GC(21) Desired survivor size 20971520 bytes, new threshold 3 (max threshold 15)
[2025-03-20T15:35:03.448+0000][7][gc,age      ] GC(21) Age table with threshold 3 (max threshold 15)
[2025-03-20T15:35:03.449+0000][7][gc,age      ] GC(21) - age   1:   23860488 bytes,   23860488 total
[2025-03-20T15:35:03.449+0000][7][gc,age      ] GC(21) - age   2:    4696696 bytes,   28557184 total
[2025-03-20T15:35:03.449+0000][7][gc,age      ] GC(21) - age   3:    2835792 bytes,   31392976 total
[2025-03-20T15:35:03.449+0000][7][gc,phases   ] GC(21)   Pre Evacuate Collection Set: 0.1ms
[2025-03-20T15:35:03.449+0000][7][gc,phases   ] GC(21)   Merge Heap Roots: 0.1ms
[2025-03-20T15:35:03.449+0000][7][gc,phases   ] GC(21)   Evacuate Collection Set: 25.9ms
[2025-03-20T15:35:03.449+0000][7][gc,phases   ] GC(21)   Post Evacuate Collection Set: 6.6ms
[2025-03-20T15:35:03.449+0000][7][gc,phases   ] GC(21)   Other: 0.2ms
[2025-03-20T15:35:03.449+0000][7][gc,heap     ] GC(21) Eden regions: 70->0(62)
[2025-03-20T15:35:03.449+0000][7][gc,heap     ] GC(21) Survivor regions: 6->8(10)
[2025-03-20T15:35:03.449+0000][7][gc,heap     ] GC(21) Old regions: 16->19
[2025-03-20T15:35:03.449+0000][7][gc,heap     ] GC(21) Archive regions: 2->2
[2025-03-20T15:35:03.449+0000][7][gc,heap     ] GC(21) Humongous regions: 5->5
[2025-03-20T15:35:03.449+0000][7][gc,metaspace] GC(21) Metaspace: 105987K(107392K)->105987K(107392K) NonClass: 91447K(92288K)->91447K(92288K) Class: 14540K(15104K)->14540K(15104K)
[2025-03-20T15:35:03.449+0000][7][gc          ] GC(21) Pause Young (Normal) (G1 Evacuation Pause) 390M->130M(512M) 33.072ms
[2025-03-20T15:35:03.449+0000][7][gc,cpu      ] GC(21) User=0.07s Sys=0.00s Real=0.04s
[2025-03-20T15:35:03.449+0000][7][safepoint   ] Safepoint "G1CollectForAllocation", Time since last: 167471325 ns, Reaching safepoint: 1340321 ns, At safepoint: 33206965 ns, Total: 34547286 ns
[2025-03-20T15:35:03.530+0000][7][safepoint   ] Safepoint "ICBufferFull", Time since last: 76174933 ns, Reaching safepoint: 4949341 ns, At safepoint: 32923 ns, Total: 4982264 ns
[2025-03-20T15:35:03.693+0000][7][safepoint   ] Safepoint "ICBufferFull", Time since last: 161774021 ns, Reaching safepoint: 835891 ns, At safepoint: 51788 ns, Total: 887679 ns
[2025-03-20T15:35:03.877+0000][7][safepoint   ] Safepoint "ICBufferFull", Time since last: 177777728 ns, Reaching safepoint: 6664199 ns, At safepoint: 73951 ns, Total: 6738150 ns
[2025-03-20T15:35:04.026+0000][7][safepoint   ] Safepoint "ICBufferFull", Time since last: 148579569 ns, Reaching safepoint: 265261 ns, At safepoint: 32242 ns, Total: 297503 ns
[2025-03-20T15:35:04.145+0000][7][gc,start    ] GC(22) Pause Young (Normal) (G1 Evacuation Pause)
[2025-03-20T15:35:04.145+0000][7][gc,task     ] GC(22) Using 8 workers of 8 for evacuation
[2025-03-20T15:35:04.145+0000][7][gc,age      ] GC(22) Desired survivor size 18874368 bytes, new threshold 1 (max threshold 15)
[2025-03-20T15:35:04.156+0000][7][gc,age      ] GC(22) Age table with threshold 1 (max threshold 15)
[2025-03-20T15:35:04.156+0000][7][gc,age      ] GC(22) - age   1:    3431552 bytes,    3431552 total
[2025-03-20T15:35:04.156+0000][7][gc,phases   ] GC(22)   Pre Evacuate Collection Set: 0.1ms
[2025-03-20T15:35:04.156+0000][7][gc,phases   ] GC(22)   Merge Heap Roots: 0.1ms
[2025-03-20T15:35:04.156+0000][7][gc,phases   ] GC(22)   Evacuate Collection Set: 10.0ms
[2025-03-20T15:35:04.156+0000][7][gc,phases   ] GC(22)   Post Evacuate Collection Set: 0.9ms
[2025-03-20T15:35:04.156+0000][7][gc,phases   ] GC(22)   Other: 0.2ms
[2025-03-20T15:35:04.156+0000][7][gc,heap     ] GC(22) Eden regions: 62->0(65)
[2025-03-20T15:35:04.156+0000][7][gc,heap     ] GC(22) Survivor regions: 8->2(9)
[2025-03-20T15:35:04.156+0000][7][gc,heap     ] GC(22) Old regions: 19->24
[2025-03-20T15:35:04.156+0000][7][gc,heap     ] GC(22) Archive regions: 2->2
[2025-03-20T15:35:04.156+0000][7][gc,heap     ] GC(22) Humongous regions: 5->5
[2025-03-20T15:35:04.156+0000][7][gc,metaspace] GC(22) Metaspace: 107666K(109184K)->107666K(109184K) NonClass: 93027K(93952K)->93027K(93952K) Class: 14638K(15232K)->14638K(15232K)
[2025-03-20T15:35:04.156+0000][7][gc          ] GC(22) Pause Young (Normal) (G1 Evacuation Pause) 378M->126M(512M) 11.407ms
[2025-03-20T15:35:04.156+0000][7][gc,cpu      ] GC(22) User=0.03s Sys=0.00s Real=0.01s
[2025-03-20T15:35:04.156+0000][7][safepoint   ] Safepoint "G1CollectForAllocation", Time since last: 118817217 ns, Reaching safepoint: 181285 ns, At safepoint: 11485397 ns, Total: 11666682 ns
[2025-03-20T15:35:04.815+0000][7][safepoint   ] Safepoint "ICBufferFull", Time since last: 657781099 ns, Reaching safepoint: 237041 ns, At safepoint: 3998 ns, Total: 241039 ns
[2025-03-20T15:35:05.047+0000][7][safepoint   ] Safepoint "ICBufferFull", Time since last: 231858422 ns, Reaching safepoint: 205812 ns, At safepoint: 3307 ns, Total: 209119 ns
[2025-03-20T15:35:05.050+0000][7][safepoint   ] Safepoint "ICBufferFull", Time since last: 1553278 ns, Reaching safepoint: 1716513 ns, At safepoint: 73258 ns, Total: 1789771 ns
[2025-03-20T15:35:05.183+0000][7][safepoint   ] Safepoint "ICBufferFull", Time since last: 131180291 ns, Reaching safepoint: 2180265 ns, At safepoint: 29235 ns, Total: 2209500 ns
[2025-03-20T15:35:05.516+0000][7][safepoint   ] Safepoint "ICBufferFull", Time since last: 332512164 ns, Reaching safepoint: 228285 ns, At safepoint: 22292 ns, Total: 250577 ns
[2025-03-20T15:35:05.709+0000][7][safepoint   ] Safepoint "ICBufferFull", Time since last: 192413882 ns, Reaching safepoint: 956409 ns, At safepoint: 47691 ns, Total: 1004100 ns
[2025-03-20T15:35:05.830+0000][7][gc,start    ] GC(23) Pause Young (Normal) (G1 Evacuation Pause)
[2025-03-20T15:35:05.830+0000][7][gc,task     ] GC(23) Using 8 workers of 8 for evacuation
[2025-03-20T15:35:05.830+0000][7][gc,age      ] GC(23) Desired survivor size 18874368 bytes, new threshold 15 (max threshold 15)
[2025-03-20T15:35:05.836+0000][7][gc,age      ] GC(23) Age table with threshold 15 (max threshold 15)
[2025-03-20T15:35:05.836+0000][7][gc,age      ] GC(23) - age   1:   10812088 bytes,   10812088 total
[2025-03-20T15:35:05.836+0000][7][gc,age      ] GC(23) - age   2:    1360728 bytes,   12172816 total
[2025-03-20T15:35:05.836+0000][7][gc,phases   ] GC(23)   Pre Evacuate Collection Set: 0.1ms
[2025-03-20T15:35:05.836+0000][7][gc,phases   ] GC(23)   Merge Heap Roots: 0.1ms
[2025-03-20T15:35:05.836+0000][7][gc,phases   ] GC(23)   Evacuate Collection Set: 5.4ms
[2025-03-20T15:35:05.836+0000][7][gc,phases   ] GC(23)   Post Evacuate Collection Set: 1.1ms
[2025-03-20T15:35:05.836+0000][7][gc,phases   ] GC(23)   Other: 0.2ms
[2025-03-20T15:35:05.836+0000][7][gc,heap     ] GC(23) Eden regions: 65->0(63)
[2025-03-20T15:35:05.836+0000][7][gc,heap     ] GC(23) Survivor regions: 2->4(9)
[2025-03-20T15:35:05.836+0000][7][gc,heap     ] GC(23) Old regions: 24->24
[2025-03-20T15:35:05.836+0000][7][gc,heap     ] GC(23) Archive regions: 2->2
[2025-03-20T15:35:05.836+0000][7][gc,heap     ] GC(23) Humongous regions: 5->5
[2025-03-20T15:35:05.836+0000][7][gc,metaspace] GC(23) Metaspace: 111102K(112768K)->111102K(112768K) NonClass: 96037K(96960K)->96037K(96960K) Class: 15064K(15808K)->15064K(15808K)
[2025-03-20T15:35:05.836+0000][7][gc          ] GC(23) Pause Young (Normal) (G1 Evacuation Pause) 386M->132M(512M) 6.943ms
[2025-03-20T15:35:05.836+0000][7][gc,cpu      ] GC(23) User=0.03s Sys=0.00s Real=0.00s
[2025-03-20T15:35:05.837+0000][7][safepoint   ] Safepoint "G1CollectForAllocation", Time since last: 119205328 ns, Reaching safepoint: 786528 ns, At safepoint: 7052713 ns, Total: 7839241 ns
[2025-03-20T15:35:06.700+0000][7][safepoint   ] Safepoint "ICBufferFull", Time since last: 862772290 ns, Reaching safepoint: 190373 ns, At safepoint: 23044 ns, Total: 213417 ns
[2025-03-20T15:35:07.700+0000][7][safepoint   ] Safepoint "Cleanup", Time since last: 1000608288 ns, Reaching safepoint: 231427 ns, At safepoint: 7344 ns, Total: 238771 ns
[2025-03-20T15:35:08.610+0000][7][safepoint   ] Safepoint "ICBufferFull", Time since last: 907947879 ns, Reaching safepoint: 1955804 ns, At safepoint: 25879 ns, Total: 1981683 ns
[2025-03-20T15:35:08.958+0000][7][safepoint   ] Safepoint "ICBufferFull", Time since last: 347401204 ns, Reaching safepoint: 555199 ns, At safepoint: 25830 ns, Total: 581029 ns
[2025-03-20T15:35:09.959+0000][7][safepoint   ] Safepoint "Cleanup", Time since last: 1000737399 ns, Reaching safepoint: 163621 ns, At safepoint: 20289 ns, Total: 183910 ns
[2025-03-20T15:35:10.960+0000][7][safepoint   ] Safepoint "Cleanup", Time since last: 1000228563 ns, Reaching safepoint: 115430 ns, At safepoint: 4028 ns, Total: 119458 ns
[2025-03-20T15:35:11.960+0000][7][safepoint   ] Safepoint "Cleanup", Time since last: 1000298107 ns, Reaching safepoint: 90151 ns, At safepoint: 3307 ns, Total: 93458 ns
[2025-03-20T15:35:12.961+0000][7][safepoint   ] Safepoint "Cleanup", Time since last: 1000593916 ns, Reaching safepoint: 132602 ns, At safepoint: 4369 ns, Total: 136971 ns
[2025-03-20T15:35:13.962+0000][7][safepoint   ] Safepoint "Cleanup", Time since last: 1000757100 ns, Reaching safepoint: 166357 ns, At safepoint: 3767 ns, Total: 170124 ns
[2025-03-20T15:35:14.962+0000][7][safepoint   ] Safepoint "Cleanup", Time since last: 1000436485 ns, Reaching safepoint: 137371 ns, At safepoint: 3497 ns, Total: 140868 ns
[2025-03-20T15:35:15.963+0000][7][safepoint   ] Safepoint "Cleanup", Time since last: 1000982050 ns, Reaching safepoint: 115961 ns, At safepoint: 30328 ns, Total: 146289 ns
[2025-03-20T15:35:16.964+0000][7][safepoint   ] Safepoint "Cleanup", Time since last: 1000634238 ns, Reaching safepoint: 74362 ns, At safepoint: 3998 ns, Total: 78360 ns
[2025-03-20T15:35:17.965+0000][7][safepoint   ] Safepoint "Cleanup", Time since last: 1000496718 ns, Reaching safepoint: 118907 ns, At safepoint: 4378 ns, Total: 123285 ns
[2025-03-20T15:35:20.967+0000][7][safepoint   ] Safepoint "Cleanup", Time since last: 3002298725 ns, Reaching safepoint: 285186 ns, At safepoint: 7935 ns, Total: 293121 ns
[2025-03-20T15:35:21.968+0000][7][safepoint   ] Safepoint "Cleanup", Time since last: 1000804493 ns, Reaching safepoint: 156809 ns, At safepoint: 6662 ns, Total: 163471 ns
[2025-03-20T15:35:22.969+0000][7][safepoint   ] Safepoint "Cleanup", Time since last: 1000301063 ns, Reaching safepoint: 158792 ns, At safepoint: 5000 ns, Total: 163792 ns
[2025-03-20T15:35:24.494+0000][7][safepoint   ] Safepoint "Cleanup", Time since last: 1525468633 ns, Reaching safepoint: 244746 ns, At safepoint: 5741 ns, Total: 250487 ns
[2025-03-20T15:35:25.495+0000][7][safepoint   ] Safepoint "Cleanup", Time since last: 1000955193 ns, Reaching safepoint: 83629 ns, At safepoint: 3227 ns, Total: 86856 ns
[2025-03-20T15:35:26.496+0000][7][safepoint   ] Safepoint "Cleanup", Time since last: 1000325696 ns, Reaching safepoint: 136269 ns, At safepoint: 13576 ns, Total: 149845 ns
[2025-03-20T15:35:27.528+0000][7][safepoint   ] Safepoint "Cleanup", Time since last: 1031602145 ns, Reaching safepoint: 211864 ns, At safepoint: 3837 ns, Total: 215701 ns
[2025-03-20T15:35:28.528+0000][7][safepoint   ] Safepoint "Cleanup", Time since last: 1000632209 ns, Reaching safepoint: 103136 ns, At safepoint: 3948 ns, Total: 107084 ns
[2025-03-20T15:35:29.529+0000][7][safepoint   ] Safepoint "Cleanup", Time since last: 1000152703 ns, Reaching safepoint: 107265 ns, At safepoint: 3857 ns, Total: 111122 ns
[2025-03-20T15:35:30.529+0000][7][safepoint   ] Safepoint "Cleanup", Time since last: 1000495702 ns, Reaching safepoint: 105311 ns, At safepoint: 4078 ns, Total: 109389 ns
[2025-03-20T15:35:31.530+0000][7][safepoint   ] Safepoint "Cleanup", Time since last: 1000635744 ns, Reaching safepoint: 125559 ns, At safepoint: 4629 ns, Total: 130188 ns
[2025-03-20T15:35:32.531+0000][7][safepoint   ] Safepoint "Cleanup", Time since last: 1000873509 ns, Reaching safepoint: 148953 ns, At safepoint: 15710 ns, Total: 164663 ns
[2025-03-20T15:35:32.591+0000][7][gc,start    ] GC(24) Pause Young (Normal) (G1 Evacuation Pause)
[2025-03-20T15:35:32.591+0000][7][gc,task     ] GC(24) Using 8 workers of 8 for evacuation
[2025-03-20T15:35:32.591+0000][7][gc,age      ] GC(24) Desired survivor size 18874368 bytes, new threshold 15 (max threshold 15)
[2025-03-20T15:35:32.595+0000][7][gc,age      ] GC(24) Age table with threshold 15 (max threshold 15)
[2025-03-20T15:35:32.595+0000][7][gc,age      ] GC(24) - age   1:   10246416 bytes,   10246416 total
[2025-03-20T15:35:32.595+0000][7][gc,age      ] GC(24) - age   2:    4080968 bytes,   14327384 total
[2025-03-20T15:35:32.595+0000][7][gc,age      ] GC(24) - age   3:    1095520 bytes,   15422904 total
[2025-03-20T15:35:32.595+0000][7][gc,phases   ] GC(24)   Pre Evacuate Collection Set: 0.1ms
[2025-03-20T15:35:32.595+0000][7][gc,phases   ] GC(24)   Merge Heap Roots: 0.1ms
[2025-03-20T15:35:32.595+0000][7][gc,phases   ] GC(24)   Evacuate Collection Set: 3.2ms
[2025-03-20T15:35:32.595+0000][7][gc,phases   ] GC(24)   Post Evacuate Collection Set: 0.6ms
[2025-03-20T15:35:32.595+0000][7][gc,phases   ] GC(24)   Other: 0.2ms
[2025-03-20T15:35:32.595+0000][7][gc,heap     ] GC(24) Eden regions: 63->0(63)
[2025-03-20T15:35:32.595+0000][7][gc,heap     ] GC(24) Survivor regions: 4->4(9)
[2025-03-20T15:35:32.595+0000][7][gc,heap     ] GC(24) Old regions: 24->24
[2025-03-20T15:35:32.595+0000][7][gc,heap     ] GC(24) Archive regions: 2->2
[2025-03-20T15:35:32.595+0000][7][gc,heap     ] GC(24) Humongous regions: 5->5
[2025-03-20T15:35:32.595+0000][7][gc,metaspace] GC(24) Metaspace: 113149K(114880K)->113149K(114880K) NonClass: 97970K(98944K)->97970K(98944K) Class: 15178K(15936K)->15178K(15936K)
[2025-03-20T15:35:32.595+0000][7][gc          ] GC(24) Pause Young (Normal) (G1 Evacuation Pause) 384M->135M(512M) 4.262ms
[2025-03-20T15:35:32.595+0000][7][gc,cpu      ] GC(24) User=0.03s Sys=0.00s Real=0.00s
[2025-03-20T15:35:32.595+0000][7][safepoint   ] Safepoint "G1CollectForAllocation", Time since last: 59508436 ns, Reaching safepoint: 99941 ns, At safepoint: 4368234 ns, Total: 4468175 ns
[2025-03-20T15:35:33.596+0000][7][safepoint   ] Safepoint "Cleanup", Time since last: 1000561642 ns, Reaching safepoint: 170004 ns, At safepoint: 4709 ns, Total: 174713 ns
[2025-03-20T15:35:34.597+0000][7][safepoint   ] Safepoint "Cleanup", Time since last: 1000574887 ns, Reaching safepoint: 139946 ns, At safepoint: 4469 ns, Total: 144415 ns
[2025-03-20T15:35:35.597+0000][7][safepoint   ] Safepoint "Cleanup", Time since last: 1000583160 ns, Reaching safepoint: 156127 ns, At safepoint: 7114 ns, Total: 163241 ns
[2025-03-20T15:35:36.598+0000][7][safepoint   ] Safepoint "Cleanup", Time since last: 1000209717 ns, Reaching safepoint: 164864 ns, At safepoint: 4389 ns, Total: 169253 ns
[2025-03-20T15:35:37.599+0000][7][safepoint   ] Safepoint "Cleanup", Time since last: 1001084610 ns, Reaching safepoint: 101754 ns, At safepoint: 4518 ns, Total: 106272 ns
[2025-03-20T15:35:38.599+0000][7][safepoint   ] Safepoint "Cleanup", Time since last: 1000133437 ns, Reaching safepoint: 199761 ns, At safepoint: 4959 ns, Total: 204720 ns
[2025-03-20T15:35:39.601+0000][7][safepoint   ] Safepoint "Cleanup", Time since last: 1001780166 ns, Reaching safepoint: 175434 ns, At safepoint: 4549 ns, Total: 179983 ns
[2025-03-20T15:35:40.602+0000][7][safepoint   ] Safepoint "Cleanup", Time since last: 1000790004 ns, Reaching safepoint: 147812 ns, At safepoint: 5400 ns, Total: 153212 ns
[2025-03-20T15:35:41.603+0000][7][safepoint   ] Safepoint "Cleanup", Time since last: 1000624033 ns, Reaching safepoint: 128966 ns, At safepoint: 3958 ns, Total: 132924 ns
[2025-03-20T15:35:42.604+0000][7][safepoint   ] Safepoint "Cleanup", Time since last: 1000900593 ns, Reaching safepoint: 164824 ns, At safepoint: 15469 ns, Total: 180293 ns
[2025-03-20T15:35:43.605+0000][7][safepoint   ] Safepoint "Cleanup", Time since last: 1000424985 ns, Reaching safepoint: 211103 ns, At safepoint: 7704 ns, Total: 218807 ns
[2025-03-20T15:35:44.606+0000][7][safepoint   ] Safepoint "Cleanup", Time since last: 1000737715 ns, Reaching safepoint: 394802 ns, At safepoint: 6082 ns, Total: 400884 ns
[2025-03-20T15:35:45.607+0000][7][safepoint   ] Safepoint "Cleanup", Time since last: 1000911405 ns, Reaching safepoint: 213847 ns, At safepoint: 5851 ns, Total: 219698 ns
[2025-03-20T15:35:47.609+0000][7][safepoint   ] Safepoint "Cleanup", Time since last: 2001775940 ns, Reaching safepoint: 106041 ns, At safepoint: 7274 ns, Total: 113315 ns
