[2025-03-20T13:18:52.805+0000][7][gc] Using G1
[2025-03-20T13:18:53.575+0000][7][gc,init] Version: 16.0.2+7 (release)
[2025-03-20T13:18:53.575+0000][7][gc,init] CPUs: 8 total, 8 available
[2025-03-20T13:18:53.575+0000][7][gc,init] Memory: 7901M
[2025-03-20T13:18:53.575+0000][7][gc,init] Large Page Support: Disabled
[2025-03-20T13:18:53.575+0000][7][gc,init] NUMA Support: Disabled
[2025-03-20T13:18:53.575+0000][7][gc,init] Compressed Oops: Enabled (32-bit)
[2025-03-20T13:18:53.575+0000][7][gc,init] Heap Region Size: 4M
[2025-03-20T13:18:53.575+0000][7][gc,init] Heap Min Capacity: 512M
[2025-03-20T13:18:53.575+0000][7][gc,init] Heap Initial Capacity: 512M
[2025-03-20T13:18:53.575+0000][7][gc,init] Heap Max Capacity: 512M
[2025-03-20T13:18:53.575+0000][7][gc,init] Pre-touch: Enabled
[2025-03-20T13:18:53.575+0000][7][gc,init] Parallel Workers: 8
[2025-03-20T13:18:53.575+0000][7][gc,init] Concurrent Workers: 2
[2025-03-20T13:18:53.575+0000][7][gc,init] Concurrent Refinement Workers: 8
[2025-03-20T13:18:53.575+0000][7][gc,init] Periodic GC: Disabled
[2025-03-20T13:18:53.575+0000][7][gc,metaspace] CDS archive(s) mapped at: [0x0000000800000000-0x0000000800beb000-0x0000000800beb000), size 12496896, SharedBaseAddress: 0x0000000800000000, ArchiveRelocationMode: 0.
[2025-03-20T13:18:53.575+0000][7][gc,metaspace] Compressed class space mapped at: 0x0000000800c00000-0x0000000840c00000, reserved size: 1073741824
[2025-03-20T13:18:53.575+0000][7][gc,metaspace] Narrow klass base: 0x0000000800000000, Narrow klass shift: 3, Narrow klass range: 0x100000000
[2025-03-20T13:18:54.307+0000][7][safepoint   ] Safepoint "ICBufferFull", Time since last: 714448302 ns, Reaching safepoint: 259544 ns, At safepoint: 13606 ns, Total: 273150 ns
[2025-03-20T13:18:54.511+0000][7][gc,start    ] GC(0) Pause Young (Normal) (G1 Evacuation Pause)
[2025-03-20T13:18:54.511+0000][7][gc,task     ] GC(0) Using 8 workers of 8 for evacuation
[2025-03-20T13:18:54.511+0000][7][gc,age      ] GC(0) Desired survivor size 2097152 bytes, new threshold 15 (max threshold 15)
[2025-03-20T13:18:54.518+0000][7][gc,age      ] GC(0) Age table with threshold 15 (max threshold 15)
[2025-03-20T13:18:54.518+0000][7][gc,age      ] GC(0) - age   1:    4174008 bytes,    4174008 total
[2025-03-20T13:18:54.518+0000][7][gc,phases   ] GC(0)   Pre Evacuate Collection Set: 0.1ms
[2025-03-20T13:18:54.518+0000][7][gc,phases   ] GC(0)   Merge Heap Roots: 0.1ms
[2025-03-20T13:18:54.518+0000][7][gc,phases   ] GC(0)   Evacuate Collection Set: 5.2ms
[2025-03-20T13:18:54.518+0000][7][gc,phases   ] GC(0)   Post Evacuate Collection Set: 2.1ms
[2025-03-20T13:18:54.518+0000][7][gc,phases   ] GC(0)   Other: 0.1ms
[2025-03-20T13:18:54.518+0000][7][gc,heap     ] GC(0) Eden regions: 6->0(6)
[2025-03-20T13:18:54.518+0000][7][gc,heap     ] GC(0) Survivor regions: 0->1(1)
[2025-03-20T13:18:54.518+0000][7][gc,heap     ] GC(0) Old regions: 0->1
[2025-03-20T13:18:54.518+0000][7][gc,heap     ] GC(0) Archive regions: 2->2
[2025-03-20T13:18:54.518+0000][7][gc,heap     ] GC(0) Humongous regions: 0->0
[2025-03-20T13:18:54.518+0000][7][gc,metaspace] GC(0) Metaspace: 8137K(8320K)->8137K(8320K) NonClass: 7228K(7360K)->7228K(7360K) Class: 909K(960K)->909K(960K)
[2025-03-20T13:18:54.518+0000][7][gc          ] GC(0) Pause Young (Normal) (G1 Evacuation Pause) 27M->8M(512M) 7.731ms
[2025-03-20T13:18:54.518+0000][7][gc,cpu      ] GC(0) User=0.01s Sys=0.01s Real=0.01s
[2025-03-20T13:18:54.518+0000][7][safepoint   ] Safepoint "G1CollectForAllocation", Time since last: 199541493 ns, Reaching safepoint: 4169760 ns, At safepoint: 7821346 ns, Total: 11991106 ns
[2025-03-20T13:18:55.434+0000][7][gc,start    ] GC(1) Pause Young (Normal) (G1 Evacuation Pause)
[2025-03-20T13:18:55.434+0000][7][gc,task     ] GC(1) Using 8 workers of 8 for evacuation
[2025-03-20T13:18:55.434+0000][7][gc,age      ] GC(1) Desired survivor size 2097152 bytes, new threshold 1 (max threshold 15)
[2025-03-20T13:18:55.439+0000][7][gc,age      ] GC(1) Age table with threshold 1 (max threshold 15)
[2025-03-20T13:18:55.439+0000][7][gc,age      ] GC(1) - age   1:    2033064 bytes,    2033064 total
[2025-03-20T13:18:55.439+0000][7][gc,phases   ] GC(1)   Pre Evacuate Collection Set: 0.1ms
[2025-03-20T13:18:55.439+0000][7][gc,phases   ] GC(1)   Merge Heap Roots: 0.1ms
[2025-03-20T13:18:55.439+0000][7][gc,phases   ] GC(1)   Evacuate Collection Set: 4.6ms
[2025-03-20T13:18:55.439+0000][7][gc,phases   ] GC(1)   Post Evacuate Collection Set: 0.7ms
[2025-03-20T13:18:55.439+0000][7][gc,phases   ] GC(1)   Other: 0.1ms
[2025-03-20T13:18:55.439+0000][7][gc,heap     ] GC(1) Eden regions: 6->0(16)
[2025-03-20T13:18:55.439+0000][7][gc,heap     ] GC(1) Survivor regions: 1->1(1)
[2025-03-20T13:18:55.439+0000][7][gc,heap     ] GC(1) Old regions: 1->2
[2025-03-20T13:18:55.439+0000][7][gc,heap     ] GC(1) Archive regions: 2->2
[2025-03-20T13:18:55.439+0000][7][gc,heap     ] GC(1) Humongous regions: 0->0
[2025-03-20T13:18:55.439+0000][7][gc,metaspace] GC(1) Metaspace: 12329K(12544K)->12329K(12544K) NonClass: 10876K(10944K)->10876K(10944K) Class: 1452K(1600K)->1452K(1600K)
[2025-03-20T13:18:55.439+0000][7][gc          ] GC(1) Pause Young (Normal) (G1 Evacuation Pause) 32M->10M(512M) 5.564ms
[2025-03-20T13:18:55.439+0000][7][gc,cpu      ] GC(1) User=0.02s Sys=0.00s Real=0.01s
[2025-03-20T13:18:55.439+0000][7][safepoint   ] Safepoint "G1CollectForAllocation", Time since last: 915152119 ns, Reaching safepoint: 207857 ns, At safepoint: 5646782 ns, Total: 5854639 ns
[2025-03-20T13:18:55.999+0000][7][gc,start    ] GC(2) Pause Young (Normal) (G1 Evacuation Pause)
[2025-03-20T13:18:55.999+0000][7][gc,task     ] GC(2) Using 8 workers of 8 for evacuation
[2025-03-20T13:18:55.999+0000][7][gc,age      ] GC(2) Desired survivor size 6291456 bytes, new threshold 15 (max threshold 15)
[2025-03-20T13:18:56.003+0000][7][gc,age      ] GC(2) Age table with threshold 15 (max threshold 15)
[2025-03-20T13:18:56.003+0000][7][gc,age      ] GC(2) - age   1:    1663968 bytes,    1663968 total
[2025-03-20T13:18:56.003+0000][7][gc,age      ] GC(2) - age   2:    2007720 bytes,    3671688 total
[2025-03-20T13:18:56.003+0000][7][gc,phases   ] GC(2)   Pre Evacuate Collection Set: 0.1ms
[2025-03-20T13:18:56.003+0000][7][gc,phases   ] GC(2)   Merge Heap Roots: 0.1ms
[2025-03-20T13:18:56.003+0000][7][gc,phases   ] GC(2)   Evacuate Collection Set: 2.6ms
[2025-03-20T13:18:56.003+0000][7][gc,phases   ] GC(2)   Post Evacuate Collection Set: 1.0ms
[2025-03-20T13:18:56.003+0000][7][gc,phases   ] GC(2)   Other: 0.1ms
[2025-03-20T13:18:56.003+0000][7][gc,heap     ] GC(2) Eden regions: 16->0(58)
[2025-03-20T13:18:56.003+0000][7][gc,heap     ] GC(2) Survivor regions: 1->1(3)
[2025-03-20T13:18:56.003+0000][7][gc,heap     ] GC(2) Old regions: 2->2
[2025-03-20T13:18:56.003+0000][7][gc,heap     ] GC(2) Archive regions: 2->2
[2025-03-20T13:18:56.003+0000][7][gc,heap     ] GC(2) Humongous regions: 0->0
[2025-03-20T13:18:56.003+0000][7][gc,metaspace] GC(2) Metaspace: 14697K(14912K)->14697K(14912K) NonClass: 13032K(13120K)->13032K(13120K) Class: 1665K(1792K)->1665K(1792K)
[2025-03-20T13:18:56.003+0000][7][gc          ] GC(2) Pause Young (Normal) (G1 Evacuation Pause) 74M->11M(512M) 3.943ms
[2025-03-20T13:18:56.003+0000][7][gc,cpu      ] GC(2) User=0.01s Sys=0.01s Real=0.00s
[2025-03-20T13:18:56.003+0000][7][safepoint   ] Safepoint "G1CollectForAllocation", Time since last: 559244752 ns, Reaching safepoint: 257007 ns, At safepoint: 4008815 ns, Total: 4265822 ns
[2025-03-20T13:18:56.099+0000][7][safepoint   ] Safepoint "ICBufferFull", Time since last: 96019294 ns, Reaching safepoint: 81274 ns, At safepoint: 3227 ns, Total: 84501 ns
[2025-03-20T13:18:56.104+0000][7][safepoint   ] Safepoint "ICBufferFull", Time since last: 5208154 ns, Reaching safepoint: 103487 ns, At safepoint: 3537 ns, Total: 107024 ns
[2025-03-20T13:18:56.106+0000][7][safepoint   ] Safepoint "ICBufferFull", Time since last: 1831789 ns, Reaching safepoint: 58651 ns, At safepoint: 1694 ns, Total: 60345 ns
[2025-03-20T13:18:56.108+0000][7][safepoint   ] Safepoint "ICBufferFull", Time since last: 2013564 ns, Reaching safepoint: 82012 ns, At safepoint: 4048 ns, Total: 86060 ns
[2025-03-20T13:18:56.113+0000][7][safepoint   ] Safepoint "ICBufferFull", Time since last: 5189006 ns, Reaching safepoint: 84902 ns, At safepoint: 2835 ns, Total: 87737 ns
[2025-03-20T13:18:56.120+0000][7][safepoint   ] Safepoint "ICBufferFull", Time since last: 6410462 ns, Reaching safepoint: 97005 ns, At safepoint: 2374 ns, Total: 99379 ns
[2025-03-20T13:18:56.123+0000][7][safepoint   ] Safepoint "ICBufferFull", Time since last: 2601864 ns, Reaching safepoint: 55987 ns, At safepoint: 1472 ns, Total: 57459 ns
[2025-03-20T13:18:56.125+0000][7][safepoint   ] Safepoint "ICBufferFull", Time since last: 1790481 ns, Reaching safepoint: 105491 ns, At safepoint: 2124 ns, Total: 107615 ns
[2025-03-20T13:18:56.127+0000][7][safepoint   ] Safepoint "ICBufferFull", Time since last: 2315350 ns, Reaching safepoint: 68159 ns, At safepoint: 2445 ns, Total: 70604 ns
[2025-03-20T13:18:56.130+0000][7][safepoint   ] Safepoint "ICBufferFull", Time since last: 2934886 ns, Reaching safepoint: 67759 ns, At safepoint: 2635 ns, Total: 70394 ns
[2025-03-20T13:18:56.132+0000][7][safepoint   ] Safepoint "ICBufferFull", Time since last: 1835477 ns, Reaching safepoint: 95532 ns, At safepoint: 1773 ns, Total: 97305 ns
[2025-03-20T13:18:56.134+0000][7][safepoint   ] Safepoint "ICBufferFull", Time since last: 1863542 ns, Reaching safepoint: 75012 ns, At safepoint: 2305 ns, Total: 77317 ns
[2025-03-20T13:18:56.136+0000][7][safepoint   ] Safepoint "ICBufferFull", Time since last: 2425088 ns, Reaching safepoint: 57720 ns, At safepoint: 1483 ns, Total: 59203 ns
[2025-03-20T13:18:56.140+0000][7][safepoint   ] Safepoint "ICBufferFull", Time since last: 3437243 ns, Reaching safepoint: 98107 ns, At safepoint: 1914 ns, Total: 100021 ns
[2025-03-20T13:18:56.143+0000][7][safepoint   ] Safepoint "ICBufferFull", Time since last: 2615483 ns, Reaching safepoint: 97155 ns, At safepoint: 1944 ns, Total: 99099 ns
[2025-03-20T13:18:56.145+0000][7][safepoint   ] Safepoint "ICBufferFull", Time since last: 2702888 ns, Reaching safepoint: 68440 ns, At safepoint: 2475 ns, Total: 70915 ns
[2025-03-20T13:18:56.147+0000][7][safepoint   ] Safepoint "ICBufferFull", Time since last: 1506749 ns, Reaching safepoint: 60956 ns, At safepoint: 1453 ns, Total: 62409 ns
[2025-03-20T13:18:56.149+0000][7][safepoint   ] Safepoint "ICBufferFull", Time since last: 2487277 ns, Reaching safepoint: 47721 ns, At safepoint: 1453 ns, Total: 49174 ns
[2025-03-20T13:18:56.155+0000][7][safepoint   ] Safepoint "ICBufferFull", Time since last: 5332587 ns, Reaching safepoint: 84691 ns, At safepoint: 2685 ns, Total: 87376 ns
[2025-03-20T13:18:56.158+0000][7][safepoint   ] Safepoint "ICBufferFull", Time since last: 2817500 ns, Reaching safepoint: 72008 ns, At safepoint: 1743 ns, Total: 73751 ns
[2025-03-20T13:18:56.159+0000][7][safepoint   ] Safepoint "ICBufferFull", Time since last: 1620679 ns, Reaching safepoint: 59864 ns, At safepoint: 1422 ns, Total: 61286 ns
[2025-03-20T13:18:56.161+0000][7][safepoint   ] Safepoint "ICBufferFull", Time since last: 1330566 ns, Reaching safepoint: 79992 ns, At safepoint: 2014 ns, Total: 82006 ns
[2025-03-20T13:18:56.162+0000][7][safepoint   ] Safepoint "ICBufferFull", Time since last: 1499865 ns, Reaching safepoint: 103678 ns, At safepoint: 2775 ns, Total: 106453 ns
[2025-03-20T13:18:56.163+0000][7][safepoint   ] Safepoint "ICBufferFull", Time since last: 659908 ns, Reaching safepoint: 53311 ns, At safepoint: 1934 ns, Total: 55245 ns
[2025-03-20T13:18:56.164+0000][7][safepoint   ] Safepoint "ICBufferFull", Time since last: 542333 ns, Reaching safepoint: 332132 ns, At safepoint: 15851 ns, Total: 347983 ns
[2025-03-20T13:18:56.165+0000][7][safepoint   ] Safepoint "ICBufferFull", Time since last: 653715 ns, Reaching safepoint: 118545 ns, At safepoint: 14237 ns, Total: 132782 ns
[2025-03-20T13:18:56.165+0000][7][safepoint   ] Safepoint "ICBufferFull", Time since last: 525241 ns, Reaching safepoint: 53442 ns, At safepoint: 1312 ns, Total: 54754 ns
[2025-03-20T13:18:56.166+0000][7][safepoint   ] Safepoint "ICBufferFull", Time since last: 548525 ns, Reaching safepoint: 53351 ns, At safepoint: 10290 ns, Total: 63641 ns
[2025-03-20T13:18:56.167+0000][7][safepoint   ] Safepoint "ICBufferFull", Time since last: 646581 ns, Reaching safepoint: 95472 ns, At safepoint: 13336 ns, Total: 108808 ns
[2025-03-20T13:18:56.167+0000][7][safepoint   ] Safepoint "ICBufferFull", Time since last: 534988 ns, Reaching safepoint: 58081 ns, At safepoint: 1172 ns, Total: 59253 ns
[2025-03-20T13:18:56.226+0000][7][safepoint   ] Safepoint "ICBufferFull", Time since last: 58763699 ns, Reaching safepoint: 183349 ns, At safepoint: 2776 ns, Total: 186125 ns
[2025-03-20T13:18:56.608+0000][7][gc,start    ] GC(3) Pause Young (Normal) (G1 Evacuation Pause)
[2025-03-20T13:18:56.608+0000][7][gc,task     ] GC(3) Using 8 workers of 8 for evacuation
[2025-03-20T13:18:56.608+0000][7][gc,age      ] GC(3) Desired survivor size 16777216 bytes, new threshold 15 (max threshold 15)
[2025-03-20T13:18:56.615+0000][7][gc,age      ] GC(3) Age table with threshold 15 (max threshold 15)
[2025-03-20T13:18:56.615+0000][7][gc,age      ] GC(3) - age   1:    5093208 bytes,    5093208 total
[2025-03-20T13:18:56.615+0000][7][gc,age      ] GC(3) - age   2:    1284704 bytes,    6377912 total
[2025-03-20T13:18:56.615+0000][7][gc,age      ] GC(3) - age   3:    1992720 bytes,    8370632 total
[2025-03-20T13:18:56.615+0000][7][gc,phases   ] GC(3)   Pre Evacuate Collection Set: 0.1ms
[2025-03-20T13:18:56.615+0000][7][gc,phases   ] GC(3)   Merge Heap Roots: 0.1ms
[2025-03-20T13:18:56.615+0000][7][gc,phases   ] GC(3)   Evacuate Collection Set: 5.8ms
[2025-03-20T13:18:56.615+0000][7][gc,phases   ] GC(3)   Post Evacuate Collection Set: 0.9ms
[2025-03-20T13:18:56.615+0000][7][gc,phases   ] GC(3)   Other: 0.2ms
[2025-03-20T13:18:56.615+0000][7][gc,heap     ] GC(3) Eden regions: 58->0(73)
[2025-03-20T13:18:56.615+0000][7][gc,heap     ] GC(3) Survivor regions: 1->3(8)
[2025-03-20T13:18:56.615+0000][7][gc,heap     ] GC(3) Old regions: 2->2
[2025-03-20T13:18:56.615+0000][7][gc,heap     ] GC(3) Archive regions: 2->2
[2025-03-20T13:18:56.615+0000][7][gc,heap     ] GC(3) Humongous regions: 0->0
[2025-03-20T13:18:56.615+0000][7][gc,metaspace] GC(3) Metaspace: 18505K(18752K)->18505K(18752K) NonClass: 16285K(16384K)->16285K(16384K) Class: 2219K(2368K)->2219K(2368K)
[2025-03-20T13:18:56.616+0000][7][gc          ] GC(3) Pause Young (Normal) (G1 Evacuation Pause) 243M->16M(512M) 7.141ms
[2025-03-20T13:18:56.616+0000][7][gc,cpu      ] GC(3) User=0.01s Sys=0.00s Real=0.00s
[2025-03-20T13:18:56.616+0000][7][safepoint   ] Safepoint "G1CollectForAllocation", Time since last: 381754502 ns, Reaching safepoint: 267029 ns, At safepoint: 7199684 ns, Total: 7466713 ns
[2025-03-20T13:18:57.059+0000][7][gc,start    ] GC(4) Pause Young (Normal) (G1 Evacuation Pause)
[2025-03-20T13:18:57.059+0000][7][gc,task     ] GC(4) Using 8 workers of 8 for evacuation
[2025-03-20T13:18:57.059+0000][7][gc,age      ] GC(4) Desired survivor size 20971520 bytes, new threshold 15 (max threshold 15)
[2025-03-20T13:18:57.064+0000][7][gc,age      ] GC(4) Age table with threshold 15 (max threshold 15)
[2025-03-20T13:18:57.064+0000][7][gc,age      ] GC(4) - age   1:    4902912 bytes,    4902912 total
[2025-03-20T13:18:57.064+0000][7][gc,age      ] GC(4) - age   2:    4881928 bytes,    9784840 total
[2025-03-20T13:18:57.064+0000][7][gc,age      ] GC(4) - age   3:    1284624 bytes,   11069464 total
[2025-03-20T13:18:57.064+0000][7][gc,age      ] GC(4) - age   4:    1992720 bytes,   13062184 total
[2025-03-20T13:18:57.064+0000][7][gc,phases   ] GC(4)   Pre Evacuate Collection Set: 0.1ms
[2025-03-20T13:18:57.064+0000][7][gc,phases   ] GC(4)   Merge Heap Roots: 0.1ms
[2025-03-20T13:18:57.064+0000][7][gc,phases   ] GC(4)   Evacuate Collection Set: 3.8ms
[2025-03-20T13:18:57.064+0000][7][gc,phases   ] GC(4)   Post Evacuate Collection Set: 0.7ms
[2025-03-20T13:18:57.064+0000][7][gc,phases   ] GC(4)   Other: 0.2ms
[2025-03-20T13:18:57.064+0000][7][gc,heap     ] GC(4) Eden regions: 73->0(72)
[2025-03-20T13:18:57.064+0000][7][gc,heap     ] GC(4) Survivor regions: 3->4(10)
[2025-03-20T13:18:57.064+0000][7][gc,heap     ] GC(4) Old regions: 2->2
[2025-03-20T13:18:57.064+0000][7][gc,heap     ] GC(4) Archive regions: 2->2
[2025-03-20T13:18:57.064+0000][7][gc,heap     ] GC(4) Humongous regions: 0->0
[2025-03-20T13:18:57.064+0000][7][gc,metaspace] GC(4) Metaspace: 19229K(19520K)->19229K(19520K) NonClass: 16901K(17088K)->16901K(17088K) Class: 2327K(2432K)->2327K(2432K)
[2025-03-20T13:18:57.064+0000][7][gc          ] GC(4) Pause Young (Normal) (G1 Evacuation Pause) 308M->20M(512M) 4.775ms
[2025-03-20T13:18:57.064+0000][7][gc,cpu      ] GC(4) User=0.02s Sys=0.00s Real=0.00s
[2025-03-20T13:18:57.064+0000][7][safepoint   ] Safepoint "G1CollectForAllocation", Time since last: 443257190 ns, Reaching safepoint: 112525 ns, At safepoint: 4840858 ns, Total: 4953383 ns
[2025-03-20T13:18:57.428+0000][7][gc,start    ] GC(5) Pause Young (Normal) (G1 Evacuation Pause)
[2025-03-20T13:18:57.428+0000][7][gc,task     ] GC(5) Using 8 workers of 8 for evacuation
[2025-03-20T13:18:57.428+0000][7][gc,age      ] GC(5) Desired survivor size 20971520 bytes, new threshold 15 (max threshold 15)
[2025-03-20T13:18:57.433+0000][7][gc,age      ] GC(5) Age table with threshold 15 (max threshold 15)
[2025-03-20T13:18:57.433+0000][7][gc,age      ] GC(5) - age   1:    1600496 bytes,    1600496 total
[2025-03-20T13:18:57.433+0000][7][gc,age      ] GC(5) - age   2:    2884760 bytes,    4485256 total
[2025-03-20T13:18:57.433+0000][7][gc,age      ] GC(5) - age   3:    4881560 bytes,    9366816 total
[2025-03-20T13:18:57.433+0000][7][gc,age      ] GC(5) - age   4:    1277056 bytes,   10643872 total
[2025-03-20T13:18:57.433+0000][7][gc,age      ] GC(5) - age   5:    1992720 bytes,   12636592 total
[2025-03-20T13:18:57.433+0000][7][gc,phases   ] GC(5)   Pre Evacuate Collection Set: 0.1ms
[2025-03-20T13:18:57.433+0000][7][gc,phases   ] GC(5)   Merge Heap Roots: 0.1ms
[2025-03-20T13:18:57.433+0000][7][gc,phases   ] GC(5)   Evacuate Collection Set: 3.5ms
[2025-03-20T13:18:57.433+0000][7][gc,phases   ] GC(5)   Post Evacuate Collection Set: 0.7ms
[2025-03-20T13:18:57.433+0000][7][gc,phases   ] GC(5)   Other: 0.2ms
[2025-03-20T13:18:57.433+0000][7][gc,heap     ] GC(5) Eden regions: 72->0(72)
[2025-03-20T13:18:57.433+0000][7][gc,heap     ] GC(5) Survivor regions: 4->4(10)
[2025-03-20T13:18:57.433+0000][7][gc,heap     ] GC(5) Old regions: 2->2
[2025-03-20T13:18:57.433+0000][7][gc,heap     ] GC(5) Archive regions: 2->2
[2025-03-20T13:18:57.433+0000][7][gc,heap     ] GC(5) Humongous regions: 0->0
[2025-03-20T13:18:57.433+0000][7][gc,metaspace] GC(5) Metaspace: 19885K(20224K)->19885K(20224K) NonClass: 17460K(17664K)->17460K(17664K) Class: 2425K(2560K)->2425K(2560K)
[2025-03-20T13:18:57.433+0000][7][gc          ] GC(5) Pause Young (Normal) (G1 Evacuation Pause) 308M->20M(512M) 4.588ms
[2025-03-20T13:18:57.433+0000][7][gc,cpu      ] GC(5) User=0.02s Sys=0.00s Real=0.00s
[2025-03-20T13:18:57.433+0000][7][safepoint   ] Safepoint "G1CollectForAllocation", Time since last: 364381828 ns, Reaching safepoint: 96514 ns, At safepoint: 4648823 ns, Total: 4745337 ns
[2025-03-20T13:18:57.848+0000][7][gc,start    ] GC(6) Pause Young (Concurrent Start) (Metadata GC Threshold)
[2025-03-20T13:18:57.848+0000][7][gc,task     ] GC(6) Using 8 workers of 8 for evacuation
[2025-03-20T13:18:57.848+0000][7][gc,age      ] GC(6) Desired survivor size 20971520 bytes, new threshold 15 (max threshold 15)
[2025-03-20T13:18:57.860+0000][7][gc,age      ] GC(6) Age table with threshold 15 (max threshold 15)
[2025-03-20T13:18:57.860+0000][7][gc,age      ] GC(6) - age   1:    1874616 bytes,    1874616 total
[2025-03-20T13:18:57.860+0000][7][gc,age      ] GC(6) - age   2:     789400 bytes,    2664016 total
[2025-03-20T13:18:57.860+0000][7][gc,age      ] GC(6) - age   3:    2883720 bytes,    5547736 total
[2025-03-20T13:18:57.860+0000][7][gc,age      ] GC(6) - age   4:    4881448 bytes,   10429184 total
[2025-03-20T13:18:57.860+0000][7][gc,age      ] GC(6) - age   5:    1276976 bytes,   11706160 total
[2025-03-20T13:18:57.860+0000][7][gc,age      ] GC(6) - age   6:    1992720 bytes,   13698880 total
[2025-03-20T13:18:57.860+0000][7][gc,phases   ] GC(6)   Pre Evacuate Collection Set: 0.1ms
[2025-03-20T13:18:57.860+0000][7][gc,phases   ] GC(6)   Merge Heap Roots: 0.7ms
[2025-03-20T13:18:57.860+0000][7][gc,phases   ] GC(6)   Evacuate Collection Set: 4.2ms
[2025-03-20T13:18:57.860+0000][7][gc,phases   ] GC(6)   Post Evacuate Collection Set: 1.7ms
[2025-03-20T13:18:57.860+0000][7][gc,phases   ] GC(6)   Other: 6.0ms
[2025-03-20T13:18:57.860+0000][7][gc,heap     ] GC(6) Eden regions: 63->0(72)
[2025-03-20T13:18:57.860+0000][7][gc,heap     ] GC(6) Survivor regions: 4->4(10)
[2025-03-20T13:18:57.861+0000][7][gc,heap     ] GC(6) Old regions: 2->2
[2025-03-20T13:18:57.861+0000][7][gc,heap     ] GC(6) Archive regions: 2->2
[2025-03-20T13:18:57.861+0000][7][gc,heap     ] GC(6) Humongous regions: 0->0
[2025-03-20T13:18:57.861+0000][7][gc,metaspace] GC(6) Metaspace: 20844K(21248K)->20844K(21248K) NonClass: 18282K(18560K)->18282K(18560K) Class: 2561K(2688K)->2561K(2688K)
[2025-03-20T13:18:57.861+0000][7][gc          ] GC(6) Pause Young (Concurrent Start) (Metadata GC Threshold) 272M->22M(512M) 12.876ms
[2025-03-20T13:18:57.861+0000][7][gc,cpu      ] GC(6) User=0.01s Sys=0.01s Real=0.01s
[2025-03-20T13:18:57.861+0000][7][gc          ] GC(7) Concurrent Mark Cycle
[2025-03-20T13:18:57.861+0000][7][gc,marking  ] GC(7) Concurrent Clear Claimed Marks
[2025-03-20T13:18:57.861+0000][7][gc,marking  ] GC(7) Concurrent Clear Claimed Marks 0.024ms
[2025-03-20T13:18:57.861+0000][7][gc,marking  ] GC(7) Concurrent Scan Root Regions
[2025-03-20T13:18:57.862+0000][7][safepoint   ] Safepoint "CollectForMetadataAllocation", Time since last: 413524447 ns, Reaching safepoint: 1229271 ns, At safepoint: 14365564 ns, Total: 15594835 ns
[2025-03-20T13:18:57.864+0000][7][safepoint   ] Safepoint "CollectForMetadataAllocation", Time since last: 484614 ns, Reaching safepoint: 1576856 ns, At safepoint: 19978 ns, Total: 1596834 ns
[2025-03-20T13:18:57.865+0000][7][gc,marking  ] GC(7) Concurrent Scan Root Regions 4.765ms
[2025-03-20T13:18:57.865+0000][7][gc,marking  ] GC(7) Concurrent Mark
[2025-03-20T13:18:57.865+0000][7][gc,marking  ] GC(7) Concurrent Mark From Roots
[2025-03-20T13:18:57.865+0000][7][gc,task     ] GC(7) Using 2 workers of 2 for marking
[2025-03-20T13:18:57.868+0000][7][gc,marking  ] GC(7) Concurrent Mark From Roots 2.395ms
[2025-03-20T13:18:57.868+0000][7][gc,marking  ] GC(7) Concurrent Preclean
[2025-03-20T13:18:57.868+0000][7][gc,marking  ] GC(7) Concurrent Preclean 0.073ms
[2025-03-20T13:18:57.868+0000][7][gc,start    ] GC(7) Pause Remark
[2025-03-20T13:18:57.873+0000][7][gc          ] GC(7) Pause Remark 24M->24M(512M) 4.121ms
[2025-03-20T13:18:57.873+0000][7][gc,cpu      ] GC(7) User=0.01s Sys=0.00s Real=0.00s
[2025-03-20T13:18:57.873+0000][7][safepoint   ] Safepoint "G1Concurrent", Time since last: 3915405 ns, Reaching safepoint: 462461 ns, At safepoint: 4192963 ns, Total: 4655424 ns
[2025-03-20T13:18:57.873+0000][7][gc,marking  ] GC(7) Concurrent Mark 7.188ms
[2025-03-20T13:18:57.873+0000][7][gc,marking  ] GC(7) Concurrent Rebuild Remembered Sets
[2025-03-20T13:18:57.874+0000][7][gc,marking  ] GC(7) Concurrent Rebuild Remembered Sets 1.470ms
[2025-03-20T13:18:57.874+0000][7][gc,start    ] GC(7) Pause Cleanup
[2025-03-20T13:18:57.874+0000][7][gc          ] GC(7) Pause Cleanup 24M->24M(512M) 0.094ms
[2025-03-20T13:18:57.874+0000][7][gc,cpu      ] GC(7) User=0.00s Sys=0.00s Real=0.00s
[2025-03-20T13:18:57.874+0000][7][safepoint   ] Safepoint "G1Concurrent", Time since last: 1521671 ns, Reaching safepoint: 101193 ns, At safepoint: 135898 ns, Total: 237091 ns
[2025-03-20T13:18:57.874+0000][7][gc,marking  ] GC(7) Concurrent Cleanup for Next Mark
[2025-03-20T13:18:57.875+0000][7][gc,marking  ] GC(7) Concurrent Cleanup for Next Mark 0.515ms
[2025-03-20T13:18:57.875+0000][7][gc          ] GC(7) Concurrent Mark Cycle 14.322ms
[2025-03-20T13:18:58.196+0000][7][gc,start    ] GC(8) Pause Young (Normal) (G1 Evacuation Pause)
[2025-03-20T13:18:58.196+0000][7][gc,task     ] GC(8) Using 8 workers of 8 for evacuation
[2025-03-20T13:18:58.196+0000][7][gc,age      ] GC(8) Desired survivor size 20971520 bytes, new threshold 15 (max threshold 15)
[2025-03-20T13:18:58.203+0000][7][gc,age      ] GC(8) Age table with threshold 15 (max threshold 15)
[2025-03-20T13:18:58.203+0000][7][gc,age      ] GC(8) - age   1:    1407296 bytes,    1407296 total
[2025-03-20T13:18:58.203+0000][7][gc,age      ] GC(8) - age   2:    1837936 bytes,    3245232 total
[2025-03-20T13:18:58.203+0000][7][gc,age      ] GC(8) - age   3:     787320 bytes,    4032552 total
[2025-03-20T13:18:58.203+0000][7][gc,age      ] GC(8) - age   4:    2883656 bytes,    6916208 total
[2025-03-20T13:18:58.203+0000][7][gc,age      ] GC(8) - age   5:    4880200 bytes,   11796408 total
[2025-03-20T13:18:58.203+0000][7][gc,age      ] GC(8) - age   6:    1276656 bytes,   13073064 total
[2025-03-20T13:18:58.203+0000][7][gc,age      ] GC(8) - age   7:    1990704 bytes,   15063768 total
[2025-03-20T13:18:58.203+0000][7][gc,phases   ] GC(8)   Pre Evacuate Collection Set: 1.0ms
[2025-03-20T13:18:58.203+0000][7][gc,phases   ] GC(8)   Merge Heap Roots: 0.1ms
[2025-03-20T13:18:58.203+0000][7][gc,phases   ] GC(8)   Evacuate Collection Set: 3.7ms
[2025-03-20T13:18:58.203+0000][7][gc,phases   ] GC(8)   Post Evacuate Collection Set: 1.6ms
[2025-03-20T13:18:58.203+0000][7][gc,phases   ] GC(8)   Other: 0.2ms
[2025-03-20T13:18:58.203+0000][7][gc,heap     ] GC(8) Eden regions: 72->0(72)
[2025-03-20T13:18:58.203+0000][7][gc,heap     ] GC(8) Survivor regions: 4->4(10)
[2025-03-20T13:18:58.203+0000][7][gc,heap     ] GC(8) Old regions: 2->2
[2025-03-20T13:18:58.203+0000][7][gc,heap     ] GC(8) Archive regions: 2->2
[2025-03-20T13:18:58.203+0000][7][gc,heap     ] GC(8) Humongous regions: 0->0
[2025-03-20T13:18:58.203+0000][7][gc,metaspace] GC(8) Metaspace: 21313K(21824K)->21313K(21824K) NonClass: 18695K(19008K)->18695K(19008K) Class: 2617K(2816K)->2617K(2816K)
[2025-03-20T13:18:58.203+0000][7][gc          ] GC(8) Pause Young (Normal) (G1 Evacuation Pause) 310M->22M(512M) 6.604ms
[2025-03-20T13:18:58.203+0000][7][gc,cpu      ] GC(8) User=0.01s Sys=0.00s Real=0.01s
[2025-03-20T13:18:58.203+0000][7][safepoint   ] Safepoint "G1CollectForAllocation", Time since last: 321594656 ns, Reaching safepoint: 295273 ns, At safepoint: 6672645 ns, Total: 6967918 ns
[2025-03-20T13:18:58.949+0000][7][safepoint   ] Safepoint "ICBufferFull", Time since last: 745920409 ns, Reaching safepoint: 251319 ns, At safepoint: 3407 ns, Total: 254726 ns
[2025-03-20T13:18:59.561+0000][7][gc,start    ] GC(9) Pause Young (Normal) (G1 Evacuation Pause)
[2025-03-20T13:18:59.561+0000][7][gc,task     ] GC(9) Using 8 workers of 8 for evacuation
[2025-03-20T13:18:59.561+0000][7][gc,age      ] GC(9) Desired survivor size 20971520 bytes, new threshold 15 (max threshold 15)
[2025-03-20T13:18:59.582+0000][7][gc,age      ] GC(9) Age table with threshold 15 (max threshold 15)
[2025-03-20T13:18:59.582+0000][7][gc,age      ] GC(9) - age   1:   12829968 bytes,   12829968 total
[2025-03-20T13:18:59.582+0000][7][gc,age      ] GC(9) - age   2:    1071696 bytes,   13901664 total
[2025-03-20T13:18:59.582+0000][7][gc,age      ] GC(9) - age   3:    1823944 bytes,   15725608 total
[2025-03-20T13:18:59.582+0000][7][gc,age      ] GC(9) - age   4:     772072 bytes,   16497680 total
[2025-03-20T13:18:59.583+0000][7][gc,age      ] GC(9) - age   5:    2864704 bytes,   19362384 total
[2025-03-20T13:18:59.583+0000][7][gc,age      ] GC(9) - age   6:    4829440 bytes,   24191824 total
[2025-03-20T13:18:59.583+0000][7][gc,age      ] GC(9) - age   7:    1231896 bytes,   25423720 total
[2025-03-20T13:18:59.583+0000][7][gc,age      ] GC(9) - age   8:    1982816 bytes,   27406536 total
[2025-03-20T13:18:59.583+0000][7][gc,phases   ] GC(9)   Pre Evacuate Collection Set: 0.1ms
[2025-03-20T13:18:59.583+0000][7][gc,phases   ] GC(9)   Merge Heap Roots: 0.0ms
[2025-03-20T13:18:59.583+0000][7][gc,phases   ] GC(9)   Evacuate Collection Set: 15.2ms
[2025-03-20T13:18:59.583+0000][7][gc,phases   ] GC(9)   Post Evacuate Collection Set: 6.2ms
[2025-03-20T13:18:59.583+0000][7][gc,phases   ] GC(9)   Other: 0.2ms
[2025-03-20T13:18:59.583+0000][7][gc,heap     ] GC(9) Eden regions: 72->0(69)
[2025-03-20T13:18:59.583+0000][7][gc,heap     ] GC(9) Survivor regions: 4->7(10)
[2025-03-20T13:18:59.583+0000][7][gc,heap     ] GC(9) Old regions: 2->2
[2025-03-20T13:18:59.583+0000][7][gc,heap     ] GC(9) Archive regions: 2->2
[2025-03-20T13:18:59.583+0000][7][gc,heap     ] GC(9) Humongous regions: 0->0
[2025-03-20T13:18:59.583+0000][7][gc,metaspace] GC(9) Metaspace: 29636K(30528K)->29636K(30528K) NonClass: 25907K(26432K)->25907K(26432K) Class: 3728K(4096K)->3728K(4096K)
[2025-03-20T13:18:59.583+0000][7][gc          ] GC(9) Pause Young (Normal) (G1 Evacuation Pause) 310M->35M(512M) 21.755ms
[2025-03-20T13:18:59.583+0000][7][gc,cpu      ] GC(9) User=0.05s Sys=0.00s Real=0.02s
[2025-03-20T13:18:59.583+0000][7][safepoint   ] Safepoint "G1CollectForAllocation", Time since last: 611548063 ns, Reaching safepoint: 188359 ns, At safepoint: 21831877 ns, Total: 22020236 ns
[2025-03-20T13:19:00.584+0000][7][safepoint   ] Safepoint "Cleanup", Time since last: 1000561857 ns, Reaching safepoint: 635473 ns, At safepoint: 16632 ns, Total: 652105 ns
[2025-03-20T13:19:00.798+0000][7][gc,start    ] GC(10) Pause Young (Concurrent Start) (Metadata GC Threshold)
[2025-03-20T13:19:00.798+0000][7][gc,task     ] GC(10) Using 8 workers of 8 for evacuation
[2025-03-20T13:19:00.798+0000][7][gc,age      ] GC(10) Desired survivor size 20971520 bytes, new threshold 6 (max threshold 15)
[2025-03-20T13:19:00.823+0000][7][gc,age      ] GC(10) Age table with threshold 6 (max threshold 15)
[2025-03-20T13:19:00.823+0000][7][gc,age      ] GC(10) - age   1:   22978800 bytes,   22978800 total
[2025-03-20T13:19:00.823+0000][7][gc,age      ] GC(10) - age   2:   12255544 bytes,   35234344 total
[2025-03-20T13:19:00.823+0000][7][gc,age      ] GC(10) - age   3:    1071568 bytes,   36305912 total
[2025-03-20T13:19:00.823+0000][7][gc,age      ] GC(10) - age   4:    1823664 bytes,   38129576 total
[2025-03-20T13:19:00.823+0000][7][gc,age      ] GC(10) - age   5:     760952 bytes,   38890528 total
[2025-03-20T13:19:00.823+0000][7][gc,age      ] GC(10) - age   6:    2861480 bytes,   41752008 total
[2025-03-20T13:19:00.824+0000][7][gc,phases   ] GC(10)   Pre Evacuate Collection Set: 0.1ms
[2025-03-20T13:19:00.824+0000][7][gc,phases   ] GC(10)   Merge Heap Roots: 0.0ms
[2025-03-20T13:19:00.824+0000][7][gc,phases   ] GC(10)   Evacuate Collection Set: 19.4ms
[2025-03-20T13:19:00.824+0000][7][gc,phases   ] GC(10)   Post Evacuate Collection Set: 5.5ms
[2025-03-20T13:19:00.824+0000][7][gc,phases   ] GC(10)   Other: 1.1ms
[2025-03-20T13:19:00.824+0000][7][gc,heap     ] GC(10) Eden regions: 52->0(66)
[2025-03-20T13:19:00.824+0000][7][gc,heap     ] GC(10) Survivor regions: 7->10(10)
[2025-03-20T13:19:00.824+0000][7][gc,heap     ] GC(10) Old regions: 2->5
[2025-03-20T13:19:00.824+0000][7][gc,heap     ] GC(10) Archive regions: 2->2
[2025-03-20T13:19:00.824+0000][7][gc,heap     ] GC(10) Humongous regions: 0->0
[2025-03-20T13:19:00.824+0000][7][gc,metaspace] GC(10) Metaspace: 34600K(35520K)->34600K(35520K) NonClass: 30132K(30656K)->30132K(30656K) Class: 4467K(4864K)->4467K(4864K)
[2025-03-20T13:19:00.824+0000][7][gc          ] GC(10) Pause Young (Concurrent Start) (Metadata GC Threshold) 241M->60M(512M) 26.531ms
[2025-03-20T13:19:00.824+0000][7][gc,cpu      ] GC(10) User=0.08s Sys=0.01s Real=0.03s
[2025-03-20T13:19:00.825+0000][7][gc          ] GC(11) Concurrent Mark Cycle
[2025-03-20T13:19:00.825+0000][7][gc,marking  ] GC(11) Concurrent Clear Claimed Marks
[2025-03-20T13:19:00.825+0000][7][gc,marking  ] GC(11) Concurrent Clear Claimed Marks 0.336ms
[2025-03-20T13:19:00.825+0000][7][gc,marking  ] GC(11) Concurrent Scan Root Regions
[2025-03-20T13:19:00.827+0000][7][safepoint   ] Safepoint "CollectForMetadataAllocation", Time since last: 212893095 ns, Reaching safepoint: 692038 ns, At safepoint: 29495925 ns, Total: 30187963 ns
[2025-03-20T13:19:00.850+0000][7][gc,marking  ] GC(11) Concurrent Scan Root Regions 24.839ms
[2025-03-20T13:19:00.850+0000][7][gc,marking  ] GC(11) Concurrent Mark
[2025-03-20T13:19:00.850+0000][7][gc,marking  ] GC(11) Concurrent Mark From Roots
[2025-03-20T13:19:00.850+0000][7][gc,task     ] GC(11) Using 2 workers of 2 for marking
[2025-03-20T13:19:00.863+0000][7][safepoint   ] Safepoint "CollectForMetadataAllocation", Time since last: 34287498 ns, Reaching safepoint: 890176 ns, At safepoint: 825781 ns, Total: 1715957 ns
[2025-03-20T13:19:00.881+0000][7][safepoint   ] Safepoint "CollectForMetadataAllocation", Time since last: 17198254 ns, Reaching safepoint: 115710 ns, At safepoint: 704229 ns, Total: 819939 ns
[2025-03-20T13:19:00.882+0000][7][gc,marking  ] GC(11) Concurrent Mark From Roots 32.183ms
[2025-03-20T13:19:00.882+0000][7][gc,marking  ] GC(11) Concurrent Preclean
[2025-03-20T13:19:00.882+0000][7][gc,marking  ] GC(11) Concurrent Preclean 0.076ms
[2025-03-20T13:19:00.883+0000][7][gc,start    ] GC(11) Pause Remark
[2025-03-20T13:19:00.885+0000][7][gc          ] GC(11) Pause Remark 64M->64M(512M) 2.623ms
[2025-03-20T13:19:00.886+0000][7][gc,cpu      ] GC(11) User=0.00s Sys=0.00s Real=0.00s
[2025-03-20T13:19:00.886+0000][7][safepoint   ] Safepoint "G1Concurrent", Time since last: 1316470 ns, Reaching safepoint: 490222 ns, At safepoint: 2713308 ns, Total: 3203530 ns
[2025-03-20T13:19:00.886+0000][7][gc,marking  ] GC(11) Concurrent Mark 35.644ms
[2025-03-20T13:19:00.886+0000][7][gc,marking  ] GC(11) Concurrent Rebuild Remembered Sets
[2025-03-20T13:19:00.893+0000][7][gc,marking  ] GC(11) Concurrent Rebuild Remembered Sets 7.071ms
[2025-03-20T13:19:00.894+0000][7][gc,start    ] GC(11) Pause Cleanup
[2025-03-20T13:19:00.894+0000][7][gc          ] GC(11) Pause Cleanup 64M->64M(512M) 0.128ms
[2025-03-20T13:19:00.894+0000][7][gc,cpu      ] GC(11) User=0.00s Sys=0.00s Real=0.00s
[2025-03-20T13:19:00.894+0000][7][safepoint   ] Safepoint "G1Concurrent", Time since last: 8108857 ns, Reaching safepoint: 504297 ns, At safepoint: 182928 ns, Total: 687225 ns
[2025-03-20T13:19:00.894+0000][7][gc,marking  ] GC(11) Concurrent Cleanup for Next Mark
[2025-03-20T13:19:00.895+0000][7][gc,marking  ] GC(11) Concurrent Cleanup for Next Mark 0.619ms
[2025-03-20T13:19:00.895+0000][7][gc          ] GC(11) Concurrent Mark Cycle 70.355ms
[2025-03-20T13:19:01.928+0000][7][safepoint   ] Safepoint "ICBufferFull", Time since last: 1032654613 ns, Reaching safepoint: 536482 ns, At safepoint: 20229 ns, Total: 556711 ns
[2025-03-20T13:19:02.504+0000][7][gc,start    ] GC(12) Pause Young (Concurrent Start) (G1 Evacuation Pause)
[2025-03-20T13:19:02.504+0000][7][gc,task     ] GC(12) Using 8 workers of 8 for evacuation
[2025-03-20T13:19:02.504+0000][7][gc,age      ] GC(12) Desired survivor size 20971520 bytes, new threshold 1 (max threshold 15)
[2025-03-20T13:19:02.530+0000][7][gc,age      ] GC(12) Age table with threshold 1 (max threshold 15)
[2025-03-20T13:19:02.530+0000][7][gc,age      ] GC(12) - age   1:    6210152 bytes,    6210152 total
[2025-03-20T13:19:02.530+0000][7][gc,phases   ] GC(12)   Pre Evacuate Collection Set: 0.3ms
[2025-03-20T13:19:02.530+0000][7][gc,phases   ] GC(12)   Merge Heap Roots: 0.2ms
[2025-03-20T13:19:02.530+0000][7][gc,phases   ] GC(12)   Evacuate Collection Set: 24.3ms
[2025-03-20T13:19:02.530+0000][7][gc,phases   ] GC(12)   Post Evacuate Collection Set: 1.3ms
[2025-03-20T13:19:02.530+0000][7][gc,phases   ] GC(12)   Other: 0.2ms
[2025-03-20T13:19:02.530+0000][7][gc,heap     ] GC(12) Eden regions: 66->0(73)
[2025-03-20T13:19:02.530+0000][7][gc,heap     ] GC(12) Survivor regions: 10->3(10)
[2025-03-20T13:19:02.530+0000][7][gc,heap     ] GC(12) Old regions: 5->15
[2025-03-20T13:19:02.530+0000][7][gc,heap     ] GC(12) Archive regions: 2->2
[2025-03-20T13:19:02.530+0000][7][gc,heap     ] GC(12) Humongous regions: 0->0
[2025-03-20T13:19:02.530+0000][7][gc,metaspace] GC(12) Metaspace: 51519K(52608K)->51519K(52608K) NonClass: 44680K(45376K)->44680K(45376K) Class: 6839K(7232K)->6839K(7232K)
[2025-03-20T13:19:02.530+0000][7][gc          ] GC(12) Pause Young (Concurrent Start) (G1 Evacuation Pause) 324M->70M(512M) 26.207ms
[2025-03-20T13:19:02.530+0000][7][gc,cpu      ] GC(12) User=0.09s Sys=0.00s Real=0.03s
[2025-03-20T13:19:02.530+0000][7][gc          ] GC(13) Concurrent Mark Cycle
[2025-03-20T13:19:02.530+0000][7][gc,marking  ] GC(13) Concurrent Clear Claimed Marks
[2025-03-20T13:19:02.530+0000][7][safepoint   ] Safepoint "G1CollectForAllocation", Time since last: 576155613 ns, Reaching safepoint: 289103 ns, At safepoint: 26291990 ns, Total: 26581093 ns
[2025-03-20T13:19:02.530+0000][7][gc,marking  ] GC(13) Concurrent Clear Claimed Marks 0.088ms
[2025-03-20T13:19:02.530+0000][7][gc,marking  ] GC(13) Concurrent Scan Root Regions
[2025-03-20T13:19:02.552+0000][7][gc,marking  ] GC(13) Concurrent Scan Root Regions 21.117ms
[2025-03-20T13:19:02.552+0000][7][gc,marking  ] GC(13) Concurrent Mark
[2025-03-20T13:19:02.552+0000][7][gc,marking  ] GC(13) Concurrent Mark From Roots
[2025-03-20T13:19:02.552+0000][7][gc,task     ] GC(13) Using 2 workers of 2 for marking
[2025-03-20T13:19:02.567+0000][7][gc,marking  ] GC(13) Concurrent Mark From Roots 15.229ms
[2025-03-20T13:19:02.567+0000][7][gc,marking  ] GC(13) Concurrent Preclean
[2025-03-20T13:19:02.567+0000][7][gc,marking  ] GC(13) Concurrent Preclean 0.198ms
[2025-03-20T13:19:02.570+0000][7][gc,start    ] GC(13) Pause Remark
[2025-03-20T13:19:02.575+0000][7][gc          ] GC(13) Pause Remark 86M->86M(512M) 5.165ms
[2025-03-20T13:19:02.575+0000][7][gc,cpu      ] GC(13) User=0.01s Sys=0.00s Real=0.00s
[2025-03-20T13:19:02.576+0000][7][safepoint   ] Safepoint "G1Concurrent", Time since last: 39195847 ns, Reaching safepoint: 772662 ns, At safepoint: 5251037 ns, Total: 6023699 ns
[2025-03-20T13:19:02.576+0000][7][gc,marking  ] GC(13) Concurrent Mark 24.002ms
[2025-03-20T13:19:02.576+0000][7][gc,marking  ] GC(13) Concurrent Rebuild Remembered Sets
[2025-03-20T13:19:02.614+0000][7][gc,marking  ] GC(13) Concurrent Rebuild Remembered Sets 38.707ms
[2025-03-20T13:19:02.615+0000][7][gc,start    ] GC(13) Pause Cleanup
[2025-03-20T13:19:02.615+0000][7][gc          ] GC(13) Pause Cleanup 106M->106M(512M) 0.164ms
[2025-03-20T13:19:02.615+0000][7][gc,cpu      ] GC(13) User=0.00s Sys=0.00s Real=0.00s
[2025-03-20T13:19:02.615+0000][7][safepoint   ] Safepoint "G1Concurrent", Time since last: 38962350 ns, Reaching safepoint: 569906 ns, At safepoint: 237295 ns, Total: 807201 ns
[2025-03-20T13:19:02.615+0000][7][gc,marking  ] GC(13) Concurrent Cleanup for Next Mark
[2025-03-20T13:19:02.616+0000][7][gc,marking  ] GC(13) Concurrent Cleanup for Next Mark 0.694ms
[2025-03-20T13:19:02.616+0000][7][gc          ] GC(13) Concurrent Mark Cycle 85.789ms
[2025-03-20T13:19:03.556+0000][7][safepoint   ] Safepoint "ICBufferFull", Time since last: 936554095 ns, Reaching safepoint: 4570414 ns, At safepoint: 19488 ns, Total: 4589902 ns
[2025-03-20T13:19:03.853+0000][7][safepoint   ] Safepoint "ICBufferFull", Time since last: 295366782 ns, Reaching safepoint: 696767 ns, At safepoint: 17343 ns, Total: 714110 ns
[2025-03-20T13:19:04.856+0000][7][safepoint   ] Safepoint "Cleanup", Time since last: 1000552710 ns, Reaching safepoint: 2505663 ns, At safepoint: 32842 ns, Total: 2538505 ns
[2025-03-20T13:19:05.073+0000][7][gc,start    ] GC(14) Pause Young (Normal) (G1 Evacuation Pause)
[2025-03-20T13:19:05.073+0000][7][gc,task     ] GC(14) Using 8 workers of 8 for evacuation
[2025-03-20T13:19:05.073+0000][7][gc,age      ] GC(14) Desired survivor size 20971520 bytes, new threshold 15 (max threshold 15)
[2025-03-20T13:19:05.086+0000][7][gc,age      ] GC(14) Age table with threshold 15 (max threshold 15)
[2025-03-20T13:19:05.086+0000][7][gc,age      ] GC(14) - age   1:   10007296 bytes,   10007296 total
[2025-03-20T13:19:05.086+0000][7][gc,age      ] GC(14) - age   2:    6019600 bytes,   16026896 total
[2025-03-20T13:19:05.086+0000][7][gc,phases   ] GC(14)   Pre Evacuate Collection Set: 0.1ms
[2025-03-20T13:19:05.086+0000][7][gc,phases   ] GC(14)   Merge Heap Roots: 0.1ms
[2025-03-20T13:19:05.086+0000][7][gc,phases   ] GC(14)   Evacuate Collection Set: 9.7ms
[2025-03-20T13:19:05.086+0000][7][gc,phases   ] GC(14)   Post Evacuate Collection Set: 2.7ms
[2025-03-20T13:19:05.086+0000][7][gc,phases   ] GC(14)   Other: 0.2ms
[2025-03-20T13:19:05.086+0000][7][gc,heap     ] GC(14) Eden regions: 73->0(71)
[2025-03-20T13:19:05.086+0000][7][gc,heap     ] GC(14) Survivor regions: 3->5(10)
[2025-03-20T13:19:05.086+0000][7][gc,heap     ] GC(14) Old regions: 15->15
[2025-03-20T13:19:05.086+0000][7][gc,heap     ] GC(14) Archive regions: 2->2
[2025-03-20T13:19:05.086+0000][7][gc,heap     ] GC(14) Humongous regions: 0->0
[2025-03-20T13:19:05.086+0000][7][gc,metaspace] GC(14) Metaspace: 70795K(71936K)->70795K(71936K) NonClass: 61159K(61824K)->61159K(61824K) Class: 9636K(10112K)->9636K(10112K)
[2025-03-20T13:19:05.086+0000][7][gc          ] GC(14) Pause Young (Normal) (G1 Evacuation Pause) 362M->76M(512M) 12.916ms
[2025-03-20T13:19:05.086+0000][7][gc,cpu      ] GC(14) User=0.04s Sys=0.00s Real=0.01s
[2025-03-20T13:19:05.086+0000][7][safepoint   ] Safepoint "G1CollectForAllocation", Time since last: 217556310 ns, Reaching safepoint: 137873 ns, At safepoint: 13011558 ns, Total: 13149431 ns
[2025-03-20T13:19:05.512+0000][7][safepoint   ] Safepoint "ICBufferFull", Time since last: 424901606 ns, Reaching safepoint: 608778 ns, At safepoint: 2395 ns, Total: 611173 ns
[2025-03-20T13:19:05.512+0000][7][safepoint   ] Safepoint "ICBufferFull", Time since last: 148753 ns, Reaching safepoint: 396969 ns, At safepoint: 18064 ns, Total: 415033 ns
[2025-03-20T13:19:05.803+0000][7][safepoint   ] Safepoint "ICBufferFull", Time since last: 289941022 ns, Reaching safepoint: 214238 ns, At safepoint: 2154 ns, Total: 216392 ns
[2025-03-20T13:19:06.307+0000][7][safepoint   ] Safepoint "ICBufferFull", Time since last: 503995862 ns, Reaching safepoint: 163021 ns, At safepoint: 2154 ns, Total: 165175 ns
[2025-03-20T13:19:06.380+0000][7][gc,start    ] GC(15) Pause Young (Concurrent Start) (Metadata GC Threshold)
[2025-03-20T13:19:06.380+0000][7][gc,task     ] GC(15) Using 8 workers of 8 for evacuation
[2025-03-20T13:19:06.380+0000][7][gc,age      ] GC(15) Desired survivor size 20971520 bytes, new threshold 15 (max threshold 15)
[2025-03-20T13:19:06.399+0000][7][gc,age      ] GC(15) Age table with threshold 15 (max threshold 15)
[2025-03-20T13:19:06.399+0000][7][gc,age      ] GC(15) - age   1:    6626088 bytes,    6626088 total
[2025-03-20T13:19:06.399+0000][7][gc,age      ] GC(15) - age   2:    9800048 bytes,   16426136 total
[2025-03-20T13:19:06.399+0000][7][gc,age      ] GC(15) - age   3:    5999616 bytes,   22425752 total
[2025-03-20T13:19:06.399+0000][7][gc,phases   ] GC(15)   Pre Evacuate Collection Set: 0.2ms
[2025-03-20T13:19:06.399+0000][7][gc,phases   ] GC(15)   Merge Heap Roots: 0.1ms
[2025-03-20T13:19:06.399+0000][7][gc,phases   ] GC(15)   Evacuate Collection Set: 15.1ms
[2025-03-20T13:19:06.399+0000][7][gc,phases   ] GC(15)   Post Evacuate Collection Set: 3.0ms
[2025-03-20T13:19:06.399+0000][7][gc,phases   ] GC(15)   Other: 0.2ms
[2025-03-20T13:19:06.399+0000][7][gc,heap     ] GC(15) Eden regions: 25->0(70)
[2025-03-20T13:19:06.399+0000][7][gc,heap     ] GC(15) Survivor regions: 5->6(10)
[2025-03-20T13:19:06.399+0000][7][gc,heap     ] GC(15) Old regions: 15->15
[2025-03-20T13:19:06.399+0000][7][gc,heap     ] GC(15) Archive regions: 2->2
[2025-03-20T13:19:06.399+0000][7][gc,heap     ] GC(15) Humongous regions: 0->0
[2025-03-20T13:19:06.399+0000][7][gc,metaspace] GC(15) Metaspace: 86446K(87680K)->86446K(87680K) NonClass: 74669K(75392K)->74669K(75392K) Class: 11777K(12288K)->11777K(12288K)
[2025-03-20T13:19:06.399+0000][7][gc          ] GC(15) Pause Young (Concurrent Start) (Metadata GC Threshold) 174M->82M(512M) 18.787ms
[2025-03-20T13:19:06.399+0000][7][gc,cpu      ] GC(15) User=0.06s Sys=0.00s Real=0.02s
[2025-03-20T13:19:06.399+0000][7][gc          ] GC(16) Concurrent Mark Cycle
[2025-03-20T13:19:06.399+0000][7][gc,marking  ] GC(16) Concurrent Clear Claimed Marks
[2025-03-20T13:19:06.399+0000][7][safepoint   ] Safepoint "CollectForMetadataAllocation", Time since last: 73529648 ns, Reaching safepoint: 76856 ns, At safepoint: 18998804 ns, Total: 19075660 ns
[2025-03-20T13:19:06.399+0000][7][gc,marking  ] GC(16) Concurrent Clear Claimed Marks 0.078ms
[2025-03-20T13:19:06.399+0000][7][gc,marking  ] GC(16) Concurrent Scan Root Regions
[2025-03-20T13:19:06.411+0000][7][gc,marking  ] GC(16) Concurrent Scan Root Regions 11.351ms
[2025-03-20T13:19:06.411+0000][7][gc,marking  ] GC(16) Concurrent Mark
[2025-03-20T13:19:06.411+0000][7][gc,marking  ] GC(16) Concurrent Mark From Roots
[2025-03-20T13:19:06.411+0000][7][gc,task     ] GC(16) Using 2 workers of 2 for marking
[2025-03-20T13:19:06.435+0000][7][safepoint   ] Safepoint "CollectForMetadataAllocation", Time since last: 34812737 ns, Reaching safepoint: 276105 ns, At safepoint: 115530 ns, Total: 391635 ns
[2025-03-20T13:19:06.448+0000][7][gc,marking  ] GC(16) Concurrent Mark From Roots 36.470ms
[2025-03-20T13:19:06.448+0000][7][gc,marking  ] GC(16) Concurrent Preclean
[2025-03-20T13:19:06.448+0000][7][gc,marking  ] GC(16) Concurrent Preclean 0.237ms
[2025-03-20T13:19:06.448+0000][7][gc,start    ] GC(16) Pause Remark
[2025-03-20T13:19:06.451+0000][7][gc          ] GC(16) Pause Remark 86M->86M(512M) 3.027ms
[2025-03-20T13:19:06.452+0000][7][gc,cpu      ] GC(16) User=0.01s Sys=0.00s Real=0.00s
[2025-03-20T13:19:06.452+0000][7][safepoint   ] Safepoint "G1Concurrent", Time since last: 13397888 ns, Reaching safepoint: 533066 ns, At safepoint: 3095586 ns, Total: 3628652 ns
[2025-03-20T13:19:06.452+0000][7][gc,marking  ] GC(16) Concurrent Mark 40.546ms
[2025-03-20T13:19:06.452+0000][7][gc,marking  ] GC(16) Concurrent Rebuild Remembered Sets
[2025-03-20T13:19:06.474+0000][7][gc,marking  ] GC(16) Concurrent Rebuild Remembered Sets 22.513ms
[2025-03-20T13:19:06.474+0000][7][gc,start    ] GC(16) Pause Cleanup
[2025-03-20T13:19:06.474+0000][7][gc          ] GC(16) Pause Cleanup 87M->87M(512M) 0.063ms
[2025-03-20T13:19:06.474+0000][7][gc,cpu      ] GC(16) User=0.00s Sys=0.00s Real=0.00s
[2025-03-20T13:19:06.474+0000][7][safepoint   ] Safepoint "G1Concurrent", Time since last: 22728080 ns, Reaching safepoint: 55375 ns, At safepoint: 104840 ns, Total: 160215 ns
[2025-03-20T13:19:06.474+0000][7][gc,marking  ] GC(16) Concurrent Cleanup for Next Mark
[2025-03-20T13:19:06.475+0000][7][gc,marking  ] GC(16) Concurrent Cleanup for Next Mark 0.509ms
[2025-03-20T13:19:06.475+0000][7][gc          ] GC(16) Concurrent Mark Cycle 75.759ms
[2025-03-20T13:19:06.948+0000][7][safepoint   ] Safepoint "ICBufferFull", Time since last: 473415017 ns, Reaching safepoint: 408358 ns, At safepoint: 30138 ns, Total: 438496 ns
[2025-03-20T13:19:07.191+0000][7][safepoint   ] Safepoint "ICBufferFull", Time since last: 242043596 ns, Reaching safepoint: 554181 ns, At safepoint: 28124 ns, Total: 582305 ns
[2025-03-20T13:19:07.420+0000][7][safepoint   ] Safepoint "ICBufferFull", Time since last: 228699551 ns, Reaching safepoint: 542072 ns, At safepoint: 27503 ns, Total: 569575 ns
[2025-03-20T13:19:07.557+0000][7][safepoint   ] Safepoint "ICBufferFull", Time since last: 136796258 ns, Reaching safepoint: 183379 ns, At safepoint: 2886 ns, Total: 186265 ns
[2025-03-20T13:19:07.842+0000][7][safepoint   ] Safepoint "ICBufferFull", Time since last: 284785985 ns, Reaching safepoint: 222415 ns, At safepoint: 4038 ns, Total: 226453 ns
[2025-03-20T13:19:08.142+0000][7][safepoint   ] Safepoint "ICBufferFull", Time since last: 298583349 ns, Reaching safepoint: 936141 ns, At safepoint: 22183 ns, Total: 958324 ns
[2025-03-20T13:19:08.835+0000][7][safepoint   ] Safepoint "ICBufferFull", Time since last: 691191884 ns, Reaching safepoint: 1704086 ns, At safepoint: 34596 ns, Total: 1738682 ns
[2025-03-20T13:19:08.920+0000][7][gc,start    ] GC(17) Pause Young (Concurrent Start) (G1 Evacuation Pause)
[2025-03-20T13:19:08.920+0000][7][gc,task     ] GC(17) Using 8 workers of 8 for evacuation
[2025-03-20T13:19:08.920+0000][7][gc,age      ] GC(17) Desired survivor size 20971520 bytes, new threshold 3 (max threshold 15)
[2025-03-20T13:19:08.935+0000][7][gc,age      ] GC(17) Age table with threshold 3 (max threshold 15)
[2025-03-20T13:19:08.935+0000][7][gc,age      ] GC(17) - age   1:    6366848 bytes,    6366848 total
[2025-03-20T13:19:08.935+0000][7][gc,age      ] GC(17) - age   2:    6437824 bytes,   12804672 total
[2025-03-20T13:19:08.935+0000][7][gc,age      ] GC(17) - age   3:    9631560 bytes,   22436232 total
[2025-03-20T13:19:08.935+0000][7][gc,phases   ] GC(17)   Pre Evacuate Collection Set: 0.2ms
[2025-03-20T13:19:08.935+0000][7][gc,phases   ] GC(17)   Merge Heap Roots: 0.1ms
[2025-03-20T13:19:08.935+0000][7][gc,phases   ] GC(17)   Evacuate Collection Set: 13.0ms
[2025-03-20T13:19:08.935+0000][7][gc,phases   ] GC(17)   Post Evacuate Collection Set: 1.2ms
[2025-03-20T13:19:08.935+0000][7][gc,phases   ] GC(17)   Other: 0.2ms
[2025-03-20T13:19:08.935+0000][7][gc,heap     ] GC(17) Eden regions: 70->0(70)
[2025-03-20T13:19:08.935+0000][7][gc,heap     ] GC(17) Survivor regions: 6->6(10)
[2025-03-20T13:19:08.935+0000][7][gc,heap     ] GC(17) Old regions: 15->16
[2025-03-20T13:19:08.935+0000][7][gc,heap     ] GC(17) Archive regions: 2->2
[2025-03-20T13:19:08.935+0000][7][gc,heap     ] GC(17) Humongous regions: 2->2
[2025-03-20T13:19:08.935+0000][7][gc,metaspace] GC(17) Metaspace: 98645K(100096K)->98645K(100096K) NonClass: 85151K(85952K)->85151K(85952K) Class: 13494K(14144K)->13494K(14144K)
[2025-03-20T13:19:08.935+0000][7][gc          ] GC(17) Pause Young (Concurrent Start) (G1 Evacuation Pause) 370M->97M(512M) 14.814ms
[2025-03-20T13:19:08.935+0000][7][gc,cpu      ] GC(17) User=0.07s Sys=0.00s Real=0.01s
[2025-03-20T13:19:08.935+0000][7][gc          ] GC(18) Concurrent Mark Cycle
[2025-03-20T13:19:08.935+0000][7][gc,marking  ] GC(18) Concurrent Clear Claimed Marks
[2025-03-20T13:19:08.935+0000][7][safepoint   ] Safepoint "G1CollectForAllocation", Time since last: 84918672 ns, Reaching safepoint: 579865 ns, At safepoint: 14927851 ns, Total: 15507716 ns
[2025-03-20T13:19:08.935+0000][7][gc,marking  ] GC(18) Concurrent Clear Claimed Marks 0.107ms
[2025-03-20T13:19:08.935+0000][7][gc,marking  ] GC(18) Concurrent Scan Root Regions
[2025-03-20T13:19:08.943+0000][7][gc,marking  ] GC(18) Concurrent Scan Root Regions 7.983ms
[2025-03-20T13:19:08.943+0000][7][gc,marking  ] GC(18) Concurrent Mark
[2025-03-20T13:19:08.943+0000][7][gc,marking  ] GC(18) Concurrent Mark From Roots
[2025-03-20T13:19:08.943+0000][7][gc,task     ] GC(18) Using 2 workers of 2 for marking
[2025-03-20T13:19:08.976+0000][7][gc,marking  ] GC(18) Concurrent Mark From Roots 32.679ms
[2025-03-20T13:19:08.976+0000][7][gc,marking  ] GC(18) Concurrent Preclean
[2025-03-20T13:19:08.976+0000][7][gc,marking  ] GC(18) Concurrent Preclean 0.345ms
[2025-03-20T13:19:08.979+0000][7][gc,start    ] GC(18) Pause Remark
[2025-03-20T13:19:08.982+0000][7][gc          ] GC(18) Pause Remark 104M->104M(512M) 3.394ms
[2025-03-20T13:19:08.982+0000][7][gc,cpu      ] GC(18) User=0.01s Sys=0.00s Real=0.00s
[2025-03-20T13:19:08.982+0000][7][safepoint   ] Safepoint "G1Concurrent", Time since last: 41546983 ns, Reaching safepoint: 1881319 ns, At safepoint: 3477994 ns, Total: 5359313 ns
[2025-03-20T13:19:08.982+0000][7][gc,marking  ] GC(18) Concurrent Mark 38.796ms
[2025-03-20T13:19:08.982+0000][7][gc,marking  ] GC(18) Concurrent Rebuild Remembered Sets
[2025-03-20T13:19:09.005+0000][7][gc,marking  ] GC(18) Concurrent Rebuild Remembered Sets 23.089ms
[2025-03-20T13:19:09.006+0000][7][gc,start    ] GC(18) Pause Cleanup
[2025-03-20T13:19:09.006+0000][7][gc          ] GC(18) Pause Cleanup 111M->111M(512M) 0.079ms
[2025-03-20T13:19:09.006+0000][7][gc,cpu      ] GC(18) User=0.00s Sys=0.00s Real=0.00s
[2025-03-20T13:19:09.006+0000][7][safepoint   ] Safepoint "G1Concurrent", Time since last: 23255628 ns, Reaching safepoint: 649809 ns, At safepoint: 135217 ns, Total: 785026 ns
[2025-03-20T13:19:09.006+0000][7][gc,marking  ] GC(18) Concurrent Cleanup for Next Mark
[2025-03-20T13:19:09.007+0000][7][gc,marking  ] GC(18) Concurrent Cleanup for Next Mark 0.568ms
[2025-03-20T13:19:09.007+0000][7][gc          ] GC(18) Concurrent Mark Cycle 71.596ms
[2025-03-20T13:19:09.148+0000][7][safepoint   ] Safepoint "ICBufferFull", Time since last: 142264500 ns, Reaching safepoint: 138674 ns, At safepoint: 2114 ns, Total: 140788 ns
[2025-03-20T13:19:10.676+0000][7][safepoint   ] Safepoint "Cleanup", Time since last: 1527454629 ns, Reaching safepoint: 128825 ns, At safepoint: 3377 ns, Total: 132202 ns
[2025-03-20T13:19:11.678+0000][7][safepoint   ] Safepoint "Cleanup", Time since last: 1000739209 ns, Reaching safepoint: 887813 ns, At safepoint: 26912 ns, Total: 914725 ns
[2025-03-20T13:19:12.712+0000][7][safepoint   ] Safepoint "Cleanup", Time since last: 1033983811 ns, Reaching safepoint: 147801 ns, At safepoint: 16682 ns, Total: 164483 ns
[2025-03-20T13:19:13.262+0000][7][safepoint   ] Safepoint "ICBufferFull", Time since last: 549036854 ns, Reaching safepoint: 645606 ns, At safepoint: 41118 ns, Total: 686724 ns
[2025-03-20T13:19:13.484+0000][7][gc,start    ] GC(19) Pause Young (Normal) (G1 Evacuation Pause)
[2025-03-20T13:19:13.484+0000][7][gc,task     ] GC(19) Using 8 workers of 8 for evacuation
[2025-03-20T13:19:13.484+0000][7][gc,age      ] GC(19) Desired survivor size 20971520 bytes, new threshold 3 (max threshold 15)
[2025-03-20T13:19:13.499+0000][7][gc,age      ] GC(19) Age table with threshold 3 (max threshold 15)
[2025-03-20T13:19:13.499+0000][7][gc,age      ] GC(19) - age   1:   14891592 bytes,   14891592 total
[2025-03-20T13:19:13.499+0000][7][gc,age      ] GC(19) - age   2:    5323896 bytes,   20215488 total
[2025-03-20T13:19:13.499+0000][7][gc,age      ] GC(19) - age   3:    6425680 bytes,   26641168 total
[2025-03-20T13:19:13.499+0000][7][gc,phases   ] GC(19)   Pre Evacuate Collection Set: 0.2ms
[2025-03-20T13:19:13.499+0000][7][gc,phases   ] GC(19)   Merge Heap Roots: 0.2ms
[2025-03-20T13:19:13.499+0000][7][gc,phases   ] GC(19)   Evacuate Collection Set: 11.9ms
[2025-03-20T13:19:13.499+0000][7][gc,phases   ] GC(19)   Post Evacuate Collection Set: 1.9ms
[2025-03-20T13:19:13.499+0000][7][gc,phases   ] GC(19)   Other: 0.2ms
[2025-03-20T13:19:13.499+0000][7][gc,heap     ] GC(19) Eden regions: 70->0(68)
[2025-03-20T13:19:13.499+0000][7][gc,heap     ] GC(19) Survivor regions: 6->7(10)
[2025-03-20T13:19:13.499+0000][7][gc,heap     ] GC(19) Old regions: 16->18
[2025-03-20T13:19:13.499+0000][7][gc,heap     ] GC(19) Archive regions: 2->2
[2025-03-20T13:19:13.499+0000][7][gc,heap     ] GC(19) Humongous regions: 2->2
[2025-03-20T13:19:13.499+0000][7][gc,metaspace] GC(19) Metaspace: 106518K(108032K)->106518K(108032K) NonClass: 91911K(92800K)->91911K(92800K) Class: 14606K(15232K)->14606K(15232K)
[2025-03-20T13:19:13.499+0000][7][gc          ] GC(19) Pause Young (Normal) (G1 Evacuation Pause) 377M->111M(512M) 14.326ms
[2025-03-20T13:19:13.499+0000][7][gc,cpu      ] GC(19) User=0.06s Sys=0.00s Real=0.02s
[2025-03-20T13:19:13.499+0000][7][safepoint   ] Safepoint "G1CollectForAllocation", Time since last: 222587311 ns, Reaching safepoint: 250198 ns, At safepoint: 14467131 ns, Total: 14717329 ns
[2025-03-20T13:19:13.543+0000][7][safepoint   ] Safepoint "ICBufferFull", Time since last: 42980419 ns, Reaching safepoint: 808626 ns, At safepoint: 26110 ns, Total: 834736 ns
[2025-03-20T13:19:13.544+0000][7][safepoint   ] Safepoint "ICBufferFull", Time since last: 1042265 ns, Reaching safepoint: 401545 ns, At safepoint: 28955 ns, Total: 430500 ns
[2025-03-20T13:19:13.546+0000][7][safepoint   ] Safepoint "ICBufferFull", Time since last: 1198092 ns, Reaching safepoint: 327858 ns, At safepoint: 55476 ns, Total: 383334 ns
[2025-03-20T13:19:13.547+0000][7][safepoint   ] Safepoint "ICBufferFull", Time since last: 818559 ns, Reaching safepoint: 208046 ns, At safepoint: 19427 ns, Total: 227473 ns
[2025-03-20T13:19:13.549+0000][7][safepoint   ] Safepoint "ICBufferFull", Time since last: 917778 ns, Reaching safepoint: 893335 ns, At safepoint: 36489 ns, Total: 929824 ns
[2025-03-20T13:19:13.550+0000][7][safepoint   ] Safepoint "ICBufferFull", Time since last: 1427939 ns, Reaching safepoint: 379592 ns, At safepoint: 45096 ns, Total: 424688 ns
[2025-03-20T13:19:13.552+0000][7][safepoint   ] Safepoint "ICBufferFull", Time since last: 1383797 ns, Reaching safepoint: 481646 ns, At safepoint: 66965 ns, Total: 548611 ns
[2025-03-20T13:19:13.554+0000][7][safepoint   ] Safepoint "ICBufferFull", Time since last: 1297811 ns, Reaching safepoint: 317248 ns, At safepoint: 26630 ns, Total: 343878 ns
[2025-03-20T13:19:13.555+0000][7][safepoint   ] Safepoint "ICBufferFull", Time since last: 987250 ns, Reaching safepoint: 343586 ns, At safepoint: 42601 ns, Total: 386187 ns
[2025-03-20T13:19:13.557+0000][7][safepoint   ] Safepoint "ICBufferFull", Time since last: 1178825 ns, Reaching safepoint: 498519 ns, At safepoint: 21281 ns, Total: 519800 ns
[2025-03-20T13:19:13.559+0000][7][safepoint   ] Safepoint "ICBufferFull", Time since last: 1073314 ns, Reaching safepoint: 500193 ns, At safepoint: 52780 ns, Total: 552973 ns
[2025-03-20T13:19:13.560+0000][7][safepoint   ] Safepoint "ICBufferFull", Time since last: 979846 ns, Reaching safepoint: 216823 ns, At safepoint: 22002 ns, Total: 238825 ns
[2025-03-20T13:19:13.561+0000][7][safepoint   ] Safepoint "ICBufferFull", Time since last: 702838 ns, Reaching safepoint: 353049 ns, At safepoint: 27071 ns, Total: 380120 ns
[2025-03-20T13:19:13.563+0000][7][safepoint   ] Safepoint "ICBufferFull", Time since last: 1650595 ns, Reaching safepoint: 513620 ns, At safepoint: 37391 ns, Total: 551011 ns
[2025-03-20T13:19:13.576+0000][7][safepoint   ] Safepoint "ICBufferFull", Time since last: 11325843 ns, Reaching safepoint: 1146102 ns, At safepoint: 142371 ns, Total: 1288473 ns
[2025-03-20T13:19:13.616+0000][7][safepoint   ] Safepoint "ICBufferFull", Time since last: 39126313 ns, Reaching safepoint: 580243 ns, At safepoint: 39185 ns, Total: 619428 ns
[2025-03-20T13:19:13.676+0000][7][safepoint   ] Safepoint "ICBufferFull", Time since last: 60536946 ns, Reaching safepoint: 161281 ns, At safepoint: 15490 ns, Total: 176771 ns
[2025-03-20T13:19:13.819+0000][7][safepoint   ] Safepoint "ICBufferFull", Time since last: 141882893 ns, Reaching safepoint: 1064887 ns, At safepoint: 24737 ns, Total: 1089624 ns
[2025-03-20T13:19:13.928+0000][7][safepoint   ] Safepoint "ICBufferFull", Time since last: 108548402 ns, Reaching safepoint: 375305 ns, At safepoint: 45908 ns, Total: 421213 ns
[2025-03-20T13:19:14.008+0000][7][safepoint   ] Safepoint "ICBufferFull", Time since last: 79131030 ns, Reaching safepoint: 596604 ns, At safepoint: 24667 ns, Total: 621271 ns
[2025-03-20T13:19:14.080+0000][7][gc,start    ] GC(20) Pause Young (Normal) (G1 Evacuation Pause)
[2025-03-20T13:19:14.080+0000][7][gc,task     ] GC(20) Using 8 workers of 8 for evacuation
[2025-03-20T13:19:14.080+0000][7][gc,age      ] GC(20) Desired survivor size 20971520 bytes, new threshold 3 (max threshold 15)
[2025-03-20T13:19:14.091+0000][7][gc,age      ] GC(20) Age table with threshold 3 (max threshold 15)
[2025-03-20T13:19:14.091+0000][7][gc,age      ] GC(20) - age   1:   10420456 bytes,   10420456 total
[2025-03-20T13:19:14.091+0000][7][gc,age      ] GC(20) - age   2:    9634536 bytes,   20054992 total
[2025-03-20T13:19:14.091+0000][7][gc,age      ] GC(20) - age   3:    5192160 bytes,   25247152 total
[2025-03-20T13:19:14.091+0000][7][gc,phases   ] GC(20)   Pre Evacuate Collection Set: 0.2ms
[2025-03-20T13:19:14.091+0000][7][gc,phases   ] GC(20)   Merge Heap Roots: 0.2ms
[2025-03-20T13:19:14.091+0000][7][gc,phases   ] GC(20)   Evacuate Collection Set: 9.2ms
[2025-03-20T13:19:14.091+0000][7][gc,phases   ] GC(20)   Post Evacuate Collection Set: 1.4ms
[2025-03-20T13:19:14.091+0000][7][gc,phases   ] GC(20)   Other: 0.2ms
[2025-03-20T13:19:14.091+0000][7][gc,heap     ] GC(20) Eden regions: 68->0(64)
[2025-03-20T13:19:14.091+0000][7][gc,heap     ] GC(20) Survivor regions: 7->7(10)
[2025-03-20T13:19:14.091+0000][7][gc,heap     ] GC(20) Old regions: 18->20
[2025-03-20T13:19:14.091+0000][7][gc,heap     ] GC(20) Archive regions: 2->2
[2025-03-20T13:19:14.091+0000][7][gc,heap     ] GC(20) Humongous regions: 5->5
[2025-03-20T13:19:14.091+0000][7][gc,metaspace] GC(20) Metaspace: 108367K(109824K)->108367K(109824K) NonClass: 93615K(94464K)->93615K(94464K) Class: 14751K(15360K)->14751K(15360K)
[2025-03-20T13:19:14.091+0000][7][gc          ] GC(20) Pause Young (Normal) (G1 Evacuation Pause) 395M->129M(512M) 11.210ms
[2025-03-20T13:19:14.091+0000][7][gc,cpu      ] GC(20) User=0.05s Sys=0.01s Real=0.01s
[2025-03-20T13:19:14.091+0000][7][safepoint   ] Safepoint "G1CollectForAllocation", Time since last: 71254239 ns, Reaching safepoint: 688870 ns, At safepoint: 11332915 ns, Total: 12021785 ns
[2025-03-20T13:19:14.214+0000][7][safepoint   ] Safepoint "ICBufferFull", Time since last: 122667989 ns, Reaching safepoint: 470482 ns, At safepoint: 50998 ns, Total: 521480 ns
[2025-03-20T13:19:14.285+0000][7][safepoint   ] Safepoint "ICBufferFull", Time since last: 70561125 ns, Reaching safepoint: 353777 ns, At safepoint: 38844 ns, Total: 392621 ns
[2025-03-20T13:19:14.287+0000][7][safepoint   ] Safepoint "ICBufferFull", Time since last: 294658 ns, Reaching safepoint: 924582 ns, At safepoint: 32101 ns, Total: 956683 ns
[2025-03-20T13:19:14.289+0000][7][safepoint   ] Safepoint "ICBufferFull", Time since last: 1573047 ns, Reaching safepoint: 446627 ns, At safepoint: 41449 ns, Total: 488076 ns
[2025-03-20T13:19:14.824+0000][7][safepoint   ] Safepoint "ICBufferFull", Time since last: 534821060 ns, Reaching safepoint: 466395 ns, At safepoint: 15930 ns, Total: 482325 ns
[2025-03-20T13:19:15.825+0000][7][safepoint   ] Safepoint "Cleanup", Time since last: 1000335495 ns, Reaching safepoint: 260427 ns, At safepoint: 20980 ns, Total: 281407 ns
[2025-03-20T13:19:15.968+0000][7][gc,start    ] GC(21) Pause Young (Normal) (G1 Evacuation Pause)
[2025-03-20T13:19:15.968+0000][7][gc,task     ] GC(21) Using 8 workers of 8 for evacuation
[2025-03-20T13:19:15.968+0000][7][gc,age      ] GC(21) Desired survivor size 18874368 bytes, new threshold 2 (max threshold 15)
[2025-03-20T13:19:15.976+0000][7][gc,age      ] GC(21) Age table with threshold 2 (max threshold 15)
[2025-03-20T13:19:15.976+0000][7][gc,age      ] GC(21) - age   1:    7792056 bytes,    7792056 total
[2025-03-20T13:19:15.976+0000][7][gc,age      ] GC(21) - age   2:    5236440 bytes,   13028496 total
[2025-03-20T13:19:15.976+0000][7][gc,phases   ] GC(21)   Pre Evacuate Collection Set: 0.2ms
[2025-03-20T13:19:15.976+0000][7][gc,phases   ] GC(21)   Merge Heap Roots: 0.2ms
[2025-03-20T13:19:15.976+0000][7][gc,phases   ] GC(21)   Evacuate Collection Set: 6.9ms
[2025-03-20T13:19:15.976+0000][7][gc,phases   ] GC(21)   Post Evacuate Collection Set: 0.9ms
[2025-03-20T13:19:15.976+0000][7][gc,phases   ] GC(21)   Other: 0.2ms
[2025-03-20T13:19:15.976+0000][7][gc,heap     ] GC(21) Eden regions: 64->0(63)
[2025-03-20T13:19:15.976+0000][7][gc,heap     ] GC(21) Survivor regions: 7->4(9)
[2025-03-20T13:19:15.976+0000][7][gc,heap     ] GC(21) Old regions: 20->24
[2025-03-20T13:19:15.976+0000][7][gc,heap     ] GC(21) Archive regions: 2->2
[2025-03-20T13:19:15.976+0000][7][gc,heap     ] GC(21) Humongous regions: 5->5
[2025-03-20T13:19:15.976+0000][7][gc,metaspace] GC(21) Metaspace: 109061K(110528K)->109061K(110528K) NonClass: 94268K(95104K)->94268K(95104K) Class: 14793K(15424K)->14793K(15424K)
[2025-03-20T13:19:15.976+0000][7][gc          ] GC(21) Pause Young (Normal) (G1 Evacuation Pause) 385M->132M(512M) 8.358ms
[2025-03-20T13:19:15.976+0000][7][gc,cpu      ] GC(21) User=0.04s Sys=0.00s Real=0.00s
[2025-03-20T13:19:15.976+0000][7][safepoint   ] Safepoint "G1CollectForAllocation", Time since last: 143029983 ns, Reaching safepoint: 154424 ns, At safepoint: 8458799 ns, Total: 8613223 ns
[2025-03-20T13:19:16.234+0000][7][safepoint   ] Safepoint "ICBufferFull", Time since last: 257521757 ns, Reaching safepoint: 623600 ns, At safepoint: 14628 ns, Total: 638228 ns
[2025-03-20T13:19:16.396+0000][7][safepoint   ] Safepoint "ICBufferFull", Time since last: 160806005 ns, Reaching safepoint: 357040 ns, At safepoint: 16982 ns, Total: 374022 ns
[2025-03-20T13:19:16.625+0000][7][safepoint   ] Safepoint "ICBufferFull", Time since last: 228684089 ns, Reaching safepoint: 272298 ns, At safepoint: 23345 ns, Total: 295643 ns
[2025-03-20T13:19:17.626+0000][7][safepoint   ] Safepoint "Cleanup", Time since last: 1000585902 ns, Reaching safepoint: 274690 ns, At safepoint: 26099 ns, Total: 300789 ns
[2025-03-20T13:19:18.626+0000][7][safepoint   ] Safepoint "Cleanup", Time since last: 1000559084 ns, Reaching safepoint: 253112 ns, At safepoint: 5601 ns, Total: 258713 ns
[2025-03-20T13:19:19.256+0000][7][safepoint   ] Safepoint "ICBufferFull", Time since last: 629069943 ns, Reaching safepoint: 680666 ns, At safepoint: 17924 ns, Total: 698590 ns
[2025-03-20T13:19:20.138+0000][7][safepoint   ] Safepoint "ICBufferFull", Time since last: 881962315 ns, Reaching safepoint: 181516 ns, At safepoint: 2775 ns, Total: 184291 ns
[2025-03-20T13:19:21.139+0000][7][safepoint   ] Safepoint "Cleanup", Time since last: 1000715776 ns, Reaching safepoint: 151529 ns, At safepoint: 4198 ns, Total: 155727 ns
[2025-03-20T13:19:22.140+0000][7][safepoint   ] Safepoint "Cleanup", Time since last: 1000495027 ns, Reaching safepoint: 143934 ns, At safepoint: 4148 ns, Total: 148082 ns
[2025-03-20T13:19:22.403+0000][7][gc,start    ] GC(22) Pause Young (Normal) (G1 Evacuation Pause)
[2025-03-20T13:19:22.403+0000][7][gc,task     ] GC(22) Using 8 workers of 8 for evacuation
[2025-03-20T13:19:22.403+0000][7][gc,age      ] GC(22) Desired survivor size 18874368 bytes, new threshold 15 (max threshold 15)
[2025-03-20T13:19:22.410+0000][7][gc,age      ] GC(22) Age table with threshold 15 (max threshold 15)
[2025-03-20T13:19:22.410+0000][7][gc,age      ] GC(22) - age   1:    6562912 bytes,    6562912 total
[2025-03-20T13:19:22.410+0000][7][gc,age      ] GC(22) - age   2:    1386464 bytes,    7949376 total
[2025-03-20T13:19:22.410+0000][7][gc,age      ] GC(22) - age   3:    5207408 bytes,   13156784 total
[2025-03-20T13:19:22.410+0000][7][gc,phases   ] GC(22)   Pre Evacuate Collection Set: 0.2ms
[2025-03-20T13:19:22.410+0000][7][gc,phases   ] GC(22)   Merge Heap Roots: 0.1ms
[2025-03-20T13:19:22.410+0000][7][gc,phases   ] GC(22)   Evacuate Collection Set: 5.5ms
[2025-03-20T13:19:22.410+0000][7][gc,phases   ] GC(22)   Post Evacuate Collection Set: 1.1ms
[2025-03-20T13:19:22.410+0000][7][gc,phases   ] GC(22)   Other: 0.2ms
[2025-03-20T13:19:22.410+0000][7][gc,heap     ] GC(22) Eden regions: 63->0(64)
[2025-03-20T13:19:22.410+0000][7][gc,heap     ] GC(22) Survivor regions: 4->4(9)
[2025-03-20T13:19:22.410+0000][7][gc,heap     ] GC(22) Old regions: 24->24
[2025-03-20T13:19:22.410+0000][7][gc,heap     ] GC(22) Archive regions: 2->2
[2025-03-20T13:19:22.410+0000][7][gc,heap     ] GC(22) Humongous regions: 5->5
[2025-03-20T13:19:22.410+0000][7][gc,metaspace] GC(22) Metaspace: 112087K(113792K)->112087K(113792K) NonClass: 96945K(97920K)->96945K(97920K) Class: 15142K(15872K)->15142K(15872K)
[2025-03-20T13:19:22.410+0000][7][gc          ] GC(22) Pause Young (Normal) (G1 Evacuation Pause) 384M->131M(512M) 7.052ms
[2025-03-20T13:19:22.410+0000][7][gc,cpu      ] GC(22) User=0.03s Sys=0.00s Real=0.01s
[2025-03-20T13:19:22.410+0000][7][safepoint   ] Safepoint "G1CollectForAllocation", Time since last: 263451836 ns, Reaching safepoint: 115560 ns, At safepoint: 7130037 ns, Total: 7245597 ns
[2025-03-20T13:19:23.411+0000][7][safepoint   ] Safepoint "Cleanup", Time since last: 1000166122 ns, Reaching safepoint: 135107 ns, At safepoint: 4298 ns, Total: 139405 ns
[2025-03-20T13:19:24.411+0000][7][safepoint   ] Safepoint "Cleanup", Time since last: 1000273808 ns, Reaching safepoint: 145868 ns, At safepoint: 3136 ns, Total: 149004 ns
[2025-03-20T13:19:25.243+0000][7][safepoint   ] Safepoint "ICBufferFull", Time since last: 831859857 ns, Reaching safepoint: 236250 ns, At safepoint: 15670 ns, Total: 251920 ns
[2025-03-20T13:19:26.244+0000][7][safepoint   ] Safepoint "Cleanup", Time since last: 1000768860 ns, Reaching safepoint: 244324 ns, At safepoint: 7594 ns, Total: 251918 ns
[2025-03-20T13:19:27.245+0000][7][safepoint   ] Safepoint "Cleanup", Time since last: 1000461329 ns, Reaching safepoint: 138834 ns, At safepoint: 5210 ns, Total: 144044 ns
[2025-03-20T13:19:28.245+0000][7][safepoint   ] Safepoint "Cleanup", Time since last: 1000265389 ns, Reaching safepoint: 198185 ns, At safepoint: 6423 ns, Total: 204608 ns
[2025-03-20T13:19:28.427+0000][7][gc,start    ] GC(23) Pause Young (Normal) (G1 Evacuation Pause)
[2025-03-20T13:19:28.427+0000][7][gc,task     ] GC(23) Using 8 workers of 8 for evacuation
[2025-03-20T13:19:28.427+0000][7][gc,age      ] GC(23) Desired survivor size 18874368 bytes, new threshold 15 (max threshold 15)
[2025-03-20T13:19:28.433+0000][7][gc,age      ] GC(23) Age table with threshold 15 (max threshold 15)
[2025-03-20T13:19:28.433+0000][7][gc,age      ] GC(23) - age   1:    2027000 bytes,    2027000 total
[2025-03-20T13:19:28.433+0000][7][gc,age      ] GC(23) - age   2:    2219424 bytes,    4246424 total
[2025-03-20T13:19:28.433+0000][7][gc,age      ] GC(23) - age   3:     909576 bytes,    5156000 total
[2025-03-20T13:19:28.433+0000][7][gc,age      ] GC(23) - age   4:    5073616 bytes,   10229616 total
[2025-03-20T13:19:28.433+0000][7][gc,phases   ] GC(23)   Pre Evacuate Collection Set: 0.1ms
[2025-03-20T13:19:28.433+0000][7][gc,phases   ] GC(23)   Merge Heap Roots: 0.1ms
[2025-03-20T13:19:28.433+0000][7][gc,phases   ] GC(23)   Evacuate Collection Set: 4.6ms
[2025-03-20T13:19:28.433+0000][7][gc,phases   ] GC(23)   Post Evacuate Collection Set: 1.3ms
[2025-03-20T13:19:28.433+0000][7][gc,phases   ] GC(23)   Other: 0.2ms
[2025-03-20T13:19:28.433+0000][7][gc,heap     ] GC(23) Eden regions: 64->0(67)
[2025-03-20T13:19:28.433+0000][7][gc,heap     ] GC(23) Survivor regions: 4->3(9)
[2025-03-20T13:19:28.433+0000][7][gc,heap     ] GC(23) Old regions: 24->24
[2025-03-20T13:19:28.433+0000][7][gc,heap     ] GC(23) Archive regions: 2->2
[2025-03-20T13:19:28.433+0000][7][gc,heap     ] GC(23) Humongous regions: 5->5
[2025-03-20T13:19:28.433+0000][7][gc,metaspace] GC(23) Metaspace: 112473K(114176K)->112473K(114176K) NonClass: 97319K(98304K)->97319K(98304K) Class: 15154K(15872K)->15154K(15872K)
[2025-03-20T13:19:28.433+0000][7][gc          ] GC(23) Pause Young (Normal) (G1 Evacuation Pause) 386M->127M(512M) 6.384ms
[2025-03-20T13:19:28.433+0000][7][gc,cpu      ] GC(23) User=0.02s Sys=0.00s Real=0.00s
[2025-03-20T13:19:28.433+0000][7][safepoint   ] Safepoint "G1CollectForAllocation", Time since last: 181227005 ns, Reaching safepoint: 329395 ns, At safepoint: 6492127 ns, Total: 6821522 ns
[2025-03-20T13:19:29.434+0000][7][safepoint   ] Safepoint "Cleanup", Time since last: 1000194616 ns, Reaching safepoint: 319548 ns, At safepoint: 37110 ns, Total: 356658 ns
[2025-03-20T13:19:30.434+0000][7][safepoint   ] Safepoint "Cleanup", Time since last: 1000209315 ns, Reaching safepoint: 188952 ns, At safepoint: 14167 ns, Total: 203119 ns
[2025-03-20T13:19:31.222+0000][7][safepoint   ] Safepoint "ICBufferFull", Time since last: 787835522 ns, Reaching safepoint: 236591 ns, At safepoint: 20048 ns, Total: 256639 ns
[2025-03-20T13:19:32.172+0000][7][gc,start    ] GC(24) Pause Young (Normal) (G1 Evacuation Pause)
[2025-03-20T13:19:32.172+0000][7][gc,task     ] GC(24) Using 8 workers of 8 for evacuation
[2025-03-20T13:19:32.172+0000][7][gc,age      ] GC(24) Desired survivor size 18874368 bytes, new threshold 15 (max threshold 15)
[2025-03-20T13:19:32.179+0000][7][gc,age      ] GC(24) Age table with threshold 15 (max threshold 15)
[2025-03-20T13:19:32.179+0000][7][gc,age      ] GC(24) - age   1:    2361848 bytes,    2361848 total
[2025-03-20T13:19:32.179+0000][7][gc,age      ] GC(24) - age   2:     992344 bytes,    3354192 total
[2025-03-20T13:19:32.179+0000][7][gc,age      ] GC(24) - age   3:    2217296 bytes,    5571488 total
[2025-03-20T13:19:32.179+0000][7][gc,age      ] GC(24) - age   4:     907848 bytes,    6479336 total
[2025-03-20T13:19:32.179+0000][7][gc,age      ] GC(24) - age   5:    5073376 bytes,   11552712 total
[2025-03-20T13:19:32.179+0000][7][gc,phases   ] GC(24)   Pre Evacuate Collection Set: 0.2ms
[2025-03-20T13:19:32.179+0000][7][gc,phases   ] GC(24)   Merge Heap Roots: 0.1ms
[2025-03-20T13:19:32.179+0000][7][gc,phases   ] GC(24)   Evacuate Collection Set: 5.0ms
[2025-03-20T13:19:32.179+0000][7][gc,phases   ] GC(24)   Post Evacuate Collection Set: 1.2ms
[2025-03-20T13:19:32.179+0000][7][gc,phases   ] GC(24)   Other: 0.2ms
[2025-03-20T13:19:32.179+0000][7][gc,heap     ] GC(24) Eden regions: 67->0(68)
[2025-03-20T13:19:32.179+0000][7][gc,heap     ] GC(24) Survivor regions: 3->3(9)
[2025-03-20T13:19:32.179+0000][7][gc,heap     ] GC(24) Old regions: 24->24
[2025-03-20T13:19:32.179+0000][7][gc,heap     ] GC(24) Archive regions: 2->2
[2025-03-20T13:19:32.179+0000][7][gc,heap     ] GC(24) Humongous regions: 5->5
[2025-03-20T13:19:32.179+0000][7][gc,metaspace] GC(24) Metaspace: 112707K(114432K)->112707K(114432K) NonClass: 97551K(98560K)->97551K(98560K) Class: 15156K(15872K)->15156K(15872K)
[2025-03-20T13:19:32.179+0000][7][gc          ] GC(24) Pause Young (Normal) (G1 Evacuation Pause) 395M->128M(512M) 6.678ms
[2025-03-20T13:19:32.179+0000][7][gc,cpu      ] GC(24) User=0.02s Sys=0.00s Real=0.01s
[2025-03-20T13:19:32.179+0000][7][safepoint   ] Safepoint "G1CollectForAllocation", Time since last: 949349660 ns, Reaching safepoint: 231752 ns, At safepoint: 6754368 ns, Total: 6986120 ns
[2025-03-20T13:19:33.180+0000][7][safepoint   ] Safepoint "Cleanup", Time since last: 1000630841 ns, Reaching safepoint: 97796 ns, At safepoint: 5901 ns, Total: 103697 ns
[2025-03-20T13:19:34.180+0000][7][safepoint   ] Safepoint "Cleanup", Time since last: 1000260564 ns, Reaching safepoint: 165225 ns, At safepoint: 6663 ns, Total: 171888 ns
[2025-03-20T13:19:35.181+0000][7][safepoint   ] Safepoint "Cleanup", Time since last: 1000301715 ns, Reaching safepoint: 222754 ns, At safepoint: 6072 ns, Total: 228826 ns
[2025-03-20T13:19:36.181+0000][7][safepoint   ] Safepoint "Cleanup", Time since last: 1000516558 ns, Reaching safepoint: 210452 ns, At safepoint: 6352 ns, Total: 216804 ns
[2025-03-20T13:19:37.182+0000][7][safepoint   ] Safepoint "Cleanup", Time since last: 1000677997 ns, Reaching safepoint: 177067 ns, At safepoint: 5080 ns, Total: 182147 ns
[2025-03-20T13:19:38.183+0000][7][safepoint   ] Safepoint "Cleanup", Time since last: 1000625560 ns, Reaching safepoint: 173501 ns, At safepoint: 3336 ns, Total: 176837 ns
[2025-03-20T13:19:39.184+0000][7][safepoint   ] Safepoint "Cleanup", Time since last: 1000418554 ns, Reaching safepoint: 210912 ns, At safepoint: 6072 ns, Total: 216984 ns
[2025-03-20T13:19:41.185+0000][7][safepoint   ] Safepoint "Cleanup", Time since last: 2001025780 ns, Reaching safepoint: 147451 ns, At safepoint: 4108 ns, Total: 151559 ns
[2025-03-20T13:19:42.185+0000][7][safepoint   ] Safepoint "Cleanup", Time since last: 1000520331 ns, Reaching safepoint: 96484 ns, At safepoint: 3627 ns, Total: 100111 ns
[2025-03-20T13:19:43.187+0000][7][safepoint   ] Safepoint "Cleanup", Time since last: 1000571780 ns, Reaching safepoint: 1251381 ns, At safepoint: 25007 ns, Total: 1276388 ns
[2025-03-20T13:19:44.188+0000][7][safepoint   ] Safepoint "Cleanup", Time since last: 1000624217 ns, Reaching safepoint: 148432 ns, At safepoint: 3607 ns, Total: 152039 ns
[2025-03-20T13:19:45.189+0000][7][safepoint   ] Safepoint "Cleanup", Time since last: 1000445905 ns, Reaching safepoint: 170374 ns, At safepoint: 6052 ns, Total: 176426 ns
[2025-03-20T13:19:46.190+0000][7][safepoint   ] Safepoint "Cleanup", Time since last: 1001123341 ns, Reaching safepoint: 90733 ns, At safepoint: 40157 ns, Total: 130890 ns
[2025-03-20T13:19:47.191+0000][7][safepoint   ] Safepoint "Cleanup", Time since last: 1000233412 ns, Reaching safepoint: 532632 ns, At safepoint: 6542 ns, Total: 539174 ns
[2025-03-20T13:19:48.191+0000][7][safepoint   ] Safepoint "Cleanup", Time since last: 1000156566 ns, Reaching safepoint: 275074 ns, At safepoint: 5871 ns, Total: 280945 ns
[2025-03-20T13:19:49.193+0000][7][safepoint   ] Safepoint "Cleanup", Time since last: 1000861657 ns, Reaching safepoint: 1305767 ns, At safepoint: 28273 ns, Total: 1334040 ns
[2025-03-20T13:19:50.194+0000][7][safepoint   ] Safepoint "Cleanup", Time since last: 1000267944 ns, Reaching safepoint: 193278 ns, At safepoint: 6272 ns, Total: 199550 ns
[2025-03-20T13:19:51.195+0000][7][safepoint   ] Safepoint "Cleanup", Time since last: 1000562468 ns, Reaching safepoint: 229298 ns, At safepoint: 6693 ns, Total: 235991 ns
[2025-03-20T13:19:52.195+0000][7][safepoint   ] Safepoint "Cleanup", Time since last: 1000308671 ns, Reaching safepoint: 206594 ns, At safepoint: 8897 ns, Total: 215491 ns
[2025-03-20T13:19:53.196+0000][7][safepoint   ] Safepoint "Cleanup", Time since last: 1000720738 ns, Reaching safepoint: 144806 ns, At safepoint: 5119 ns, Total: 149925 ns
[2025-03-20T13:19:54.197+0000][7][safepoint   ] Safepoint "Cleanup", Time since last: 1000481482 ns, Reaching safepoint: 114177 ns, At safepoint: 3627 ns, Total: 117804 ns
[2025-03-20T13:19:55.197+0000][7][safepoint   ] Safepoint "Cleanup", Time since last: 1000419448 ns, Reaching safepoint: 362861 ns, At safepoint: 6813 ns, Total: 369674 ns
[2025-03-20T13:19:56.198+0000][7][safepoint   ] Safepoint "Cleanup", Time since last: 1000507099 ns, Reaching safepoint: 261469 ns, At safepoint: 6171 ns, Total: 267640 ns
[2025-03-20T13:19:57.199+0000][7][safepoint   ] Safepoint "Cleanup", Time since last: 1000781555 ns, Reaching safepoint: 161076 ns, At safepoint: 6683 ns, Total: 167759 ns
[2025-03-20T13:19:58.199+0000][7][safepoint   ] Safepoint "Cleanup", Time since last: 1000322411 ns, Reaching safepoint: 79742 ns, At safepoint: 13145 ns, Total: 92887 ns
[2025-03-20T13:19:59.200+0000][7][safepoint   ] Safepoint "Cleanup", Time since last: 1000609644 ns, Reaching safepoint: 191254 ns, At safepoint: 8106 ns, Total: 199360 ns
[2025-03-20T13:20:00.201+0000][7][safepoint   ] Safepoint "Cleanup", Time since last: 1000700220 ns, Reaching safepoint: 83810 ns, At safepoint: 3747 ns, Total: 87557 ns
[2025-03-20T13:20:02.202+0000][7][safepoint   ] Safepoint "Cleanup", Time since last: 2001322570 ns, Reaching safepoint: 119347 ns, At safepoint: 4098 ns, Total: 123445 ns
[2025-03-20T13:20:03.203+0000][7][safepoint   ] Safepoint "Cleanup", Time since last: 1000656816 ns, Reaching safepoint: 47640 ns, At safepoint: 2275 ns, Total: 49915 ns
[2025-03-20T13:20:04.204+0000][7][safepoint   ] Safepoint "Cleanup", Time since last: 1000232470 ns, Reaching safepoint: 393188 ns, At safepoint: 20239 ns, Total: 413427 ns
[2025-03-20T13:20:05.205+0000][7][safepoint   ] Safepoint "Cleanup", Time since last: 1001000302 ns, Reaching safepoint: 106173 ns, At safepoint: 4188 ns, Total: 110361 ns
[2025-03-20T13:20:06.205+0000][7][safepoint   ] Safepoint "Cleanup", Time since last: 1000133570 ns, Reaching safepoint: 90813 ns, At safepoint: 4018 ns, Total: 94831 ns
[2025-03-20T13:20:07.206+0000][7][safepoint   ] Safepoint "Cleanup", Time since last: 1000305569 ns, Reaching safepoint: 92977 ns, At safepoint: 16862 ns, Total: 109839 ns
[2025-03-20T13:20:08.206+0000][7][safepoint   ] Safepoint "Cleanup", Time since last: 1000590420 ns, Reaching safepoint: 140768 ns, At safepoint: 5250 ns, Total: 146018 ns
[2025-03-20T13:20:09.207+0000][7][safepoint   ] Safepoint "Cleanup", Time since last: 1000504233 ns, Reaching safepoint: 117785 ns, At safepoint: 4388 ns, Total: 122173 ns
[2025-03-20T13:20:10.208+0000][7][safepoint   ] Safepoint "Cleanup", Time since last: 1001000913 ns, Reaching safepoint: 129537 ns, At safepoint: 3537 ns, Total: 133074 ns
[2025-03-20T13:20:11.209+0000][7][safepoint   ] Safepoint "Cleanup", Time since last: 1000326515 ns, Reaching safepoint: 95492 ns, At safepoint: 3907 ns, Total: 99399 ns
[2025-03-20T13:20:12.210+0000][7][safepoint   ] Safepoint "Cleanup", Time since last: 1000942593 ns, Reaching safepoint: 78730 ns, At safepoint: 3877 ns, Total: 82607 ns
[2025-03-20T13:20:13.211+0000][7][safepoint   ] Safepoint "Cleanup", Time since last: 1000356045 ns, Reaching safepoint: 1090584 ns, At safepoint: 22242 ns, Total: 1112826 ns
[2025-03-20T13:20:14.212+0000][7][safepoint   ] Safepoint "Cleanup", Time since last: 1000606374 ns, Reaching safepoint: 194391 ns, At safepoint: 4839 ns, Total: 199230 ns
[2025-03-20T13:20:15.212+0000][7][safepoint   ] Safepoint "Cleanup", Time since last: 1000367886 ns, Reaching safepoint: 100391 ns, At safepoint: 3647 ns, Total: 104038 ns
[2025-03-20T13:20:16.213+0000][7][safepoint   ] Safepoint "Cleanup", Time since last: 1000794237 ns, Reaching safepoint: 79381 ns, At safepoint: 3677 ns, Total: 83058 ns
[2025-03-20T13:20:17.214+0000][7][safepoint   ] Safepoint "Cleanup", Time since last: 1000887026 ns, Reaching safepoint: 85423 ns, At safepoint: 3266 ns, Total: 88689 ns
[2025-03-20T13:20:18.215+0000][7][safepoint   ] Safepoint "Cleanup", Time since last: 1000538911 ns, Reaching safepoint: 107084 ns, At safepoint: 17794 ns, Total: 124878 ns
[2025-03-20T13:20:19.217+0000][7][safepoint   ] Safepoint "Cleanup", Time since last: 1001356368 ns, Reaching safepoint: 720471 ns, At safepoint: 25920 ns, Total: 746391 ns
[2025-03-20T13:20:20.218+0000][7][safepoint   ] Safepoint "Cleanup", Time since last: 1000455154 ns, Reaching safepoint: 167058 ns, At safepoint: 4849 ns, Total: 171907 ns
[2025-03-20T13:20:21.218+0000][7][safepoint   ] Safepoint "Cleanup", Time since last: 1000338090 ns, Reaching safepoint: 116632 ns, At safepoint: 4459 ns, Total: 121091 ns
[2025-03-20T13:20:22.219+0000][7][safepoint   ] Safepoint "Cleanup", Time since last: 1000516279 ns, Reaching safepoint: 138935 ns, At safepoint: 21431 ns, Total: 160366 ns
[2025-03-20T13:20:23.219+0000][7][safepoint   ] Safepoint "Cleanup", Time since last: 1000185309 ns, Reaching safepoint: 108096 ns, At safepoint: 15750 ns, Total: 123846 ns
[2025-03-20T13:20:24.219+0000][7][safepoint   ] Safepoint "Cleanup", Time since last: 1000128433 ns, Reaching safepoint: 96534 ns, At safepoint: 3567 ns, Total: 100101 ns
[2025-03-20T13:20:25.220+0000][7][safepoint   ] Safepoint "Cleanup", Time since last: 1000335641 ns, Reaching safepoint: 307646 ns, At safepoint: 24557 ns, Total: 332203 ns
[2025-03-20T13:20:25.221+0000][7][gc,start    ] GC(25) Pause Young (Normal) (G1 Evacuation Pause)
[2025-03-20T13:20:25.221+0000][7][gc,task     ] GC(25) Using 8 workers of 8 for evacuation
[2025-03-20T13:20:25.221+0000][7][gc,age      ] GC(25) Desired survivor size 18874368 bytes, new threshold 15 (max threshold 15)
[2025-03-20T13:20:25.227+0000][7][gc,age      ] GC(25) Age table with threshold 15 (max threshold 15)
[2025-03-20T13:20:25.227+0000][7][gc,age      ] GC(25) - age   1:    1783472 bytes,    1783472 total
[2025-03-20T13:20:25.227+0000][7][gc,age      ] GC(25) - age   2:    1788320 bytes,    3571792 total
[2025-03-20T13:20:25.227+0000][7][gc,age      ] GC(25) - age   3:     741200 bytes,    4312992 total
[2025-03-20T13:20:25.227+0000][7][gc,age      ] GC(25) - age   4:    2021680 bytes,    6334672 total
[2025-03-20T13:20:25.227+0000][7][gc,age      ] GC(25) - age   5:     906304 bytes,    7240976 total
[2025-03-20T13:20:25.227+0000][7][gc,age      ] GC(25) - age   6:    5070720 bytes,   12311696 total
[2025-03-20T13:20:25.227+0000][7][gc,phases   ] GC(25)   Pre Evacuate Collection Set: 0.2ms
[2025-03-20T13:20:25.227+0000][7][gc,phases   ] GC(25)   Merge Heap Roots: 0.1ms
[2025-03-20T13:20:25.227+0000][7][gc,phases   ] GC(25)   Evacuate Collection Set: 5.0ms
[2025-03-20T13:20:25.227+0000][7][gc,phases   ] GC(25)   Post Evacuate Collection Set: 1.0ms
[2025-03-20T13:20:25.227+0000][7][gc,phases   ] GC(25)   Other: 0.2ms
[2025-03-20T13:20:25.227+0000][7][gc,heap     ] GC(25) Eden regions: 68->0(68)
[2025-03-20T13:20:25.227+0000][7][gc,heap     ] GC(25) Survivor regions: 3->4(9)
[2025-03-20T13:20:25.227+0000][7][gc,heap     ] GC(25) Old regions: 24->24
[2025-03-20T13:20:25.227+0000][7][gc,heap     ] GC(25) Archive regions: 2->2
[2025-03-20T13:20:25.227+0000][7][gc,heap     ] GC(25) Humongous regions: 5->5
[2025-03-20T13:20:25.227+0000][7][gc,metaspace] GC(25) Metaspace: 113793K(115520K)->113793K(115520K) NonClass: 98610K(99584K)->98610K(99584K) Class: 15182K(15936K)->15182K(15936K)
[2025-03-20T13:20:25.228+0000][7][gc          ] GC(25) Pause Young (Normal) (G1 Evacuation Pause) 400M->129M(512M) 6.481ms
[2025-03-20T13:20:25.228+0000][7][gc,cpu      ] GC(25) User=0.02s Sys=0.00s Real=0.01s
[2025-03-20T13:20:25.228+0000][7][safepoint   ] Safepoint "G1CollectForAllocation", Time since last: 1006978 ns, Reaching safepoint: 80363 ns, At safepoint: 6604700 ns, Total: 6685063 ns
[2025-03-20T13:20:26.395+0000][7][safepoint   ] Safepoint "Cleanup", Time since last: 1167450092 ns, Reaching safepoint: 272325 ns, At safepoint: 6583 ns, Total: 278908 ns
[2025-03-20T13:20:28.397+0000][7][safepoint   ] Safepoint "Cleanup", Time since last: 2001828879 ns, Reaching safepoint: 88609 ns, At safepoint: 3817 ns, Total: 92426 ns
[2025-03-20T13:20:31.310+0000][7][safepoint   ] Safepoint "Cleanup", Time since last: 2912917823 ns, Reaching safepoint: 111673 ns, At safepoint: 25409 ns, Total: 137082 ns
[2025-03-20T13:20:32.341+0000][7][safepoint   ] Safepoint "Cleanup", Time since last: 1030190900 ns, Reaching safepoint: 239095 ns, At safepoint: 7434 ns, Total: 246529 ns
[2025-03-20T13:20:33.341+0000][7][safepoint   ] Safepoint "Cleanup", Time since last: 1000402166 ns, Reaching safepoint: 102214 ns, At safepoint: 4569 ns, Total: 106783 ns
[2025-03-20T13:20:34.342+0000][7][safepoint   ] Safepoint "Cleanup", Time since last: 1001015977 ns, Reaching safepoint: 170169 ns, At safepoint: 7494 ns, Total: 177663 ns
[2025-03-20T13:20:36.343+0000][7][safepoint   ] Safepoint "Cleanup", Time since last: 2000495115 ns, Reaching safepoint: 129136 ns, At safepoint: 3827 ns, Total: 132963 ns
[2025-03-20T13:20:37.344+0000][7][safepoint   ] Safepoint "Cleanup", Time since last: 1000676153 ns, Reaching safepoint: 173801 ns, At safepoint: 3938 ns, Total: 177739 ns
[2025-03-20T13:20:38.345+0000][7][safepoint   ] Safepoint "Cleanup", Time since last: 1000589604 ns, Reaching safepoint: 107595 ns, At safepoint: 4308 ns, Total: 111903 ns
[2025-03-20T13:20:39.345+0000][7][safepoint   ] Safepoint "Cleanup", Time since last: 1000270099 ns, Reaching safepoint: 132492 ns, At safepoint: 4158 ns, Total: 136650 ns
[2025-03-20T13:20:40.346+0000][7][safepoint   ] Safepoint "Cleanup", Time since last: 1000609030 ns, Reaching safepoint: 95311 ns, At safepoint: 4048 ns, Total: 99359 ns
[2025-03-20T13:20:41.346+0000][7][safepoint   ] Safepoint "Cleanup", Time since last: 1000380456 ns, Reaching safepoint: 86775 ns, At safepoint: 5801 ns, Total: 92576 ns
[2025-03-20T13:20:42.347+0000][7][safepoint   ] Safepoint "Cleanup", Time since last: 1001021073 ns, Reaching safepoint: 74031 ns, At safepoint: 3707 ns, Total: 77738 ns
[2025-03-20T13:20:43.348+0000][7][safepoint   ] Safepoint "Cleanup", Time since last: 1000251696 ns, Reaching safepoint: 131801 ns, At safepoint: 4769 ns, Total: 136570 ns
[2025-03-20T13:20:44.348+0000][7][safepoint   ] Safepoint "Cleanup", Time since last: 1000719847 ns, Reaching safepoint: 78339 ns, At safepoint: 3406 ns, Total: 81745 ns
[2025-03-20T13:20:45.349+0000][7][safepoint   ] Safepoint "Cleanup", Time since last: 1000314514 ns, Reaching safepoint: 121241 ns, At safepoint: 4429 ns, Total: 125670 ns
[2025-03-20T13:20:46.350+0000][7][safepoint   ] Safepoint "Cleanup", Time since last: 1000964092 ns, Reaching safepoint: 53993 ns, At safepoint: 3176 ns, Total: 57169 ns
[2025-03-20T13:20:48.351+0000][7][safepoint   ] Safepoint "Cleanup", Time since last: 2001166253 ns, Reaching safepoint: 104288 ns, At safepoint: 3898 ns, Total: 108186 ns
[2025-03-20T13:20:49.352+0000][7][safepoint   ] Safepoint "Cleanup", Time since last: 1000293315 ns, Reaching safepoint: 163822 ns, At safepoint: 6732 ns, Total: 170554 ns
[2025-03-20T13:20:50.352+0000][7][safepoint   ] Safepoint "Cleanup", Time since last: 1000181673 ns, Reaching safepoint: 134166 ns, At safepoint: 9428 ns, Total: 143594 ns
[2025-03-20T13:20:51.353+0000][7][safepoint   ] Safepoint "Cleanup", Time since last: 1000891410 ns, Reaching safepoint: 103437 ns, At safepoint: 4438 ns, Total: 107875 ns
[2025-03-20T13:20:52.354+0000][7][safepoint   ] Safepoint "Cleanup", Time since last: 1000456443 ns, Reaching safepoint: 102445 ns, At safepoint: 3798 ns, Total: 106243 ns
[2025-03-20T13:20:53.354+0000][7][safepoint   ] Safepoint "Cleanup", Time since last: 1000216405 ns, Reaching safepoint: 134907 ns, At safepoint: 4108 ns, Total: 139015 ns
[2025-03-20T13:20:54.355+0000][7][safepoint   ] Safepoint "Cleanup", Time since last: 1000617796 ns, Reaching safepoint: 113917 ns, At safepoint: 6082 ns, Total: 119999 ns
[2025-03-20T13:20:55.356+0000][7][safepoint   ] Safepoint "Cleanup", Time since last: 1000810998 ns, Reaching safepoint: 138835 ns, At safepoint: 4047 ns, Total: 142882 ns
[2025-03-20T13:20:56.356+0000][7][safepoint   ] Safepoint "Cleanup", Time since last: 1000597874 ns, Reaching safepoint: 117944 ns, At safepoint: 3196 ns, Total: 121140 ns
[2025-03-20T13:20:57.357+0000][7][safepoint   ] Safepoint "Cleanup", Time since last: 1000178448 ns, Reaching safepoint: 84689 ns, At safepoint: 5230 ns, Total: 89919 ns
[2025-03-20T13:20:58.357+0000][7][safepoint   ] Safepoint "Cleanup", Time since last: 1000627754 ns, Reaching safepoint: 108427 ns, At safepoint: 3216 ns, Total: 111643 ns
[2025-03-20T13:20:59.358+0000][7][safepoint   ] Safepoint "Cleanup", Time since last: 1000171458 ns, Reaching safepoint: 87587 ns, At safepoint: 3536 ns, Total: 91123 ns
[2025-03-20T13:21:01.359+0000][7][safepoint   ] Safepoint "Cleanup", Time since last: 2001053655 ns, Reaching safepoint: 200011 ns, At safepoint: 6503 ns, Total: 206514 ns
[2025-03-20T13:21:02.360+0000][7][safepoint   ] Safepoint "Cleanup", Time since last: 1000839867 ns, Reaching safepoint: 91794 ns, At safepoint: 3597 ns, Total: 95391 ns
[2025-03-20T13:21:03.361+0000][7][safepoint   ] Safepoint "Cleanup", Time since last: 1000764669 ns, Reaching safepoint: 85533 ns, At safepoint: 3797 ns, Total: 89330 ns
[2025-03-20T13:21:04.361+0000][7][safepoint   ] Safepoint "Cleanup", Time since last: 1000525888 ns, Reaching safepoint: 83539 ns, At safepoint: 3407 ns, Total: 86946 ns
[2025-03-20T13:21:06.363+0000][7][safepoint   ] Safepoint "Cleanup", Time since last: 2001477564 ns, Reaching safepoint: 172469 ns, At safepoint: 16742 ns, Total: 189211 ns
[2025-03-20T13:21:07.363+0000][7][safepoint   ] Safepoint "Cleanup", Time since last: 1000339527 ns, Reaching safepoint: 156318 ns, At safepoint: 4949 ns, Total: 161267 ns
[2025-03-20T13:21:08.364+0000][7][safepoint   ] Safepoint "Cleanup", Time since last: 1000408541 ns, Reaching safepoint: 97235 ns, At safepoint: 3336 ns, Total: 100571 ns
[2025-03-20T13:21:09.365+0000][7][safepoint   ] Safepoint "Cleanup", Time since last: 1000622953 ns, Reaching safepoint: 83840 ns, At safepoint: 3196 ns, Total: 87036 ns
[2025-03-20T13:21:10.365+0000][7][safepoint   ] Safepoint "Cleanup", Time since last: 1000293360 ns, Reaching safepoint: 83279 ns, At safepoint: 3597 ns, Total: 86876 ns
[2025-03-20T13:21:11.366+0000][7][safepoint   ] Safepoint "Cleanup", Time since last: 1000712939 ns, Reaching safepoint: 98839 ns, At safepoint: 3596 ns, Total: 102435 ns
[2025-03-20T13:21:12.367+0000][7][safepoint   ] Safepoint "Cleanup", Time since last: 1000718134 ns, Reaching safepoint: 79701 ns, At safepoint: 3497 ns, Total: 83198 ns
[2025-03-20T13:21:13.367+0000][7][safepoint   ] Safepoint "Cleanup", Time since last: 1000440548 ns, Reaching safepoint: 383513 ns, At safepoint: 19717 ns, Total: 403230 ns
[2025-03-20T13:21:14.369+0000][7][safepoint   ] Safepoint "Cleanup", Time since last: 1000930906 ns, Reaching safepoint: 94781 ns, At safepoint: 4769 ns, Total: 99550 ns
[2025-03-20T13:21:15.369+0000][7][safepoint   ] Safepoint "Cleanup", Time since last: 1000593276 ns, Reaching safepoint: 76616 ns, At safepoint: 4178 ns, Total: 80794 ns
[2025-03-20T13:21:16.370+0000][7][safepoint   ] Safepoint "Cleanup", Time since last: 1000489179 ns, Reaching safepoint: 106042 ns, At safepoint: 3487 ns, Total: 109529 ns
[2025-03-20T13:21:18.371+0000][7][safepoint   ] Safepoint "Cleanup", Time since last: 2001398928 ns, Reaching safepoint: 163521 ns, At safepoint: 7234 ns, Total: 170755 ns
[2025-03-20T13:21:19.258+0000][7][gc,start    ] GC(26) Pause Young (Normal) (G1 Evacuation Pause)
[2025-03-20T13:21:19.258+0000][7][gc,task     ] GC(26) Using 8 workers of 8 for evacuation
[2025-03-20T13:21:19.258+0000][7][gc,age      ] GC(26) Desired survivor size 18874368 bytes, new threshold 15 (max threshold 15)
[2025-03-20T13:21:19.264+0000][7][gc,age      ] GC(26) Age table with threshold 15 (max threshold 15)
[2025-03-20T13:21:19.264+0000][7][gc,age      ] GC(26) - age   1:    1666592 bytes,    1666592 total
[2025-03-20T13:21:19.264+0000][7][gc,age      ] GC(26) - age   2:     431152 bytes,    2097744 total
[2025-03-20T13:21:19.264+0000][7][gc,age      ] GC(26) - age   3:    1787952 bytes,    3885696 total
[2025-03-20T13:21:19.264+0000][7][gc,age      ] GC(26) - age   4:     740488 bytes,    4626184 total
[2025-03-20T13:21:19.264+0000][7][gc,age      ] GC(26) - age   5:    2021520 bytes,    6647704 total
[2025-03-20T13:21:19.264+0000][7][gc,age      ] GC(26) - age   6:     906304 bytes,    7554008 total
[2025-03-20T13:21:19.264+0000][7][gc,age      ] GC(26) - age   7:    5070720 bytes,   12624728 total
[2025-03-20T13:21:19.264+0000][7][gc,phases   ] GC(26)   Pre Evacuate Collection Set: 0.1ms
[2025-03-20T13:21:19.264+0000][7][gc,phases   ] GC(26)   Merge Heap Roots: 0.1ms
[2025-03-20T13:21:19.264+0000][7][gc,phases   ] GC(26)   Evacuate Collection Set: 5.0ms
[2025-03-20T13:21:19.264+0000][7][gc,phases   ] GC(26)   Post Evacuate Collection Set: 1.0ms
[2025-03-20T13:21:19.264+0000][7][gc,phases   ] GC(26)   Other: 0.2ms
[2025-03-20T13:21:19.264+0000][7][gc,heap     ] GC(26) Eden regions: 68->0(68)
[2025-03-20T13:21:19.264+0000][7][gc,heap     ] GC(26) Survivor regions: 4->4(9)
[2025-03-20T13:21:19.264+0000][7][gc,heap     ] GC(26) Old regions: 24->24
[2025-03-20T13:21:19.264+0000][7][gc,heap     ] GC(26) Archive regions: 2->2
[2025-03-20T13:21:19.264+0000][7][gc,heap     ] GC(26) Humongous regions: 5->5
[2025-03-20T13:21:19.264+0000][7][gc,metaspace] GC(26) Metaspace: 114357K(116160K)->114357K(116160K) NonClass: 99173K(100224K)->99173K(100224K) Class: 15183K(15936K)->15183K(15936K)
[2025-03-20T13:21:19.264+0000][7][gc          ] GC(26) Pause Young (Normal) (G1 Evacuation Pause) 401M->129M(512M) 6.372ms
[2025-03-20T13:21:19.264+0000][7][gc,cpu      ] GC(26) User=0.02s Sys=0.00s Real=0.01s
[2025-03-20T13:21:19.264+0000][7][safepoint   ] Safepoint "G1CollectForAllocation", Time since last: 886450928 ns, Reaching safepoint: 85152 ns, At safepoint: 6474197 ns, Total: 6559349 ns
[2025-03-20T13:21:20.265+0000][7][safepoint   ] Safepoint "Cleanup", Time since last: 1000640226 ns, Reaching safepoint: 107976 ns, At safepoint: 4278 ns, Total: 112254 ns
[2025-03-20T13:21:21.266+0000][7][safepoint   ] Safepoint "Cleanup", Time since last: 1000338769 ns, Reaching safepoint: 126742 ns, At safepoint: 4238 ns, Total: 130980 ns
[2025-03-20T13:21:22.267+0000][7][safepoint   ] Safepoint "Cleanup", Time since last: 1000995107 ns, Reaching safepoint: 82518 ns, At safepoint: 5841 ns, Total: 88359 ns
[2025-03-20T13:21:23.267+0000][7][safepoint   ] Safepoint "Cleanup", Time since last: 1000300243 ns, Reaching safepoint: 144385 ns, At safepoint: 6392 ns, Total: 150777 ns
[2025-03-20T13:21:24.268+0000][7][safepoint   ] Safepoint "Cleanup", Time since last: 1000877397 ns, Reaching safepoint: 127212 ns, At safepoint: 3958 ns, Total: 131170 ns
[2025-03-20T13:21:25.269+0000][7][safepoint   ] Safepoint "Cleanup", Time since last: 1000934008 ns, Reaching safepoint: 195793 ns, At safepoint: 24536 ns, Total: 220329 ns
[2025-03-20T13:21:26.270+0000][7][safepoint   ] Safepoint "Cleanup", Time since last: 1000367232 ns, Reaching safepoint: 257471 ns, At safepoint: 9918 ns, Total: 267389 ns
[2025-03-20T13:21:28.271+0000][7][safepoint   ] Safepoint "Cleanup", Time since last: 2001195298 ns, Reaching safepoint: 111853 ns, At safepoint: 4519 ns, Total: 116372 ns
[2025-03-20T13:21:31.274+0000][7][safepoint   ] Safepoint "Cleanup", Time since last: 3002254200 ns, Reaching safepoint: 132943 ns, At safepoint: 13406 ns, Total: 146349 ns
[2025-03-20T13:21:32.275+0000][7][safepoint   ] Safepoint "Cleanup", Time since last: 1000857946 ns, Reaching safepoint: 118396 ns, At safepoint: 4428 ns, Total: 122824 ns
[2025-03-20T13:21:33.275+0000][7][safepoint   ] Safepoint "Cleanup", Time since last: 1000643013 ns, Reaching safepoint: 125038 ns, At safepoint: 5230 ns, Total: 130268 ns
[2025-03-20T13:21:34.276+0000][7][safepoint   ] Safepoint "Cleanup", Time since last: 1000893363 ns, Reaching safepoint: 130038 ns, At safepoint: 4909 ns, Total: 134947 ns
[2025-03-20T13:21:36.278+0000][7][safepoint   ] Safepoint "Cleanup", Time since last: 2000926408 ns, Reaching safepoint: 167629 ns, At safepoint: 10059 ns, Total: 177688 ns
[2025-03-20T13:21:37.278+0000][7][safepoint   ] Safepoint "Cleanup", Time since last: 1000820822 ns, Reaching safepoint: 124998 ns, At safepoint: 3838 ns, Total: 128836 ns
[2025-03-20T13:21:38.279+0000][7][safepoint   ] Safepoint "Cleanup", Time since last: 1000672870 ns, Reaching safepoint: 212704 ns, At safepoint: 14278 ns, Total: 226982 ns
[2025-03-20T13:21:39.280+0000][7][safepoint   ] Safepoint "Cleanup", Time since last: 1000892245 ns, Reaching safepoint: 151510 ns, At safepoint: 6853 ns, Total: 158363 ns
[2025-03-20T13:21:40.281+0000][7][safepoint   ] Safepoint "Cleanup", Time since last: 1000433126 ns, Reaching safepoint: 85513 ns, At safepoint: 3326 ns, Total: 88839 ns
[2025-03-20T13:21:41.282+0000][7][safepoint   ] Safepoint "Cleanup", Time since last: 1000497060 ns, Reaching safepoint: 103285 ns, At safepoint: 7223 ns, Total: 110508 ns
[2025-03-20T13:21:42.282+0000][7][safepoint   ] Safepoint "Cleanup", Time since last: 1000388310 ns, Reaching safepoint: 120519 ns, At safepoint: 6292 ns, Total: 126811 ns
[2025-03-20T13:21:43.284+0000][7][safepoint   ] Safepoint "Cleanup", Time since last: 1000493965 ns, Reaching safepoint: 1056139 ns, At safepoint: 18325 ns, Total: 1074464 ns
[2025-03-20T13:21:44.286+0000][7][safepoint   ] Safepoint "Cleanup", Time since last: 1000804757 ns, Reaching safepoint: 1115137 ns, At safepoint: 15089 ns, Total: 1130226 ns
[2025-03-20T13:21:45.286+0000][7][safepoint   ] Safepoint "Cleanup", Time since last: 1000262597 ns, Reaching safepoint: 94300 ns, At safepoint: 3376 ns, Total: 97676 ns
[2025-03-20T13:21:46.286+0000][7][safepoint   ] Safepoint "Cleanup", Time since last: 1000168435 ns, Reaching safepoint: 109077 ns, At safepoint: 3878 ns, Total: 112955 ns
[2025-03-20T13:21:48.288+0000][7][safepoint   ] Safepoint "Cleanup", Time since last: 2001217025 ns, Reaching safepoint: 150527 ns, At safepoint: 4729 ns, Total: 155256 ns
[2025-03-20T13:21:49.288+0000][7][safepoint   ] Safepoint "Cleanup", Time since last: 1000351055 ns, Reaching safepoint: 86284 ns, At safepoint: 3116 ns, Total: 89400 ns
[2025-03-20T13:21:50.288+0000][7][safepoint   ] Safepoint "Cleanup", Time since last: 1000224414 ns, Reaching safepoint: 175524 ns, At safepoint: 6002 ns, Total: 181526 ns
[2025-03-20T13:21:51.289+0000][7][safepoint   ] Safepoint "Cleanup", Time since last: 1000361867 ns, Reaching safepoint: 88098 ns, At safepoint: 4338 ns, Total: 92436 ns
[2025-03-20T13:21:53.223+0000][7][safepoint   ] Safepoint "Cleanup", Time since last: 1933645421 ns, Reaching safepoint: 120400 ns, At safepoint: 3787 ns, Total: 124187 ns
[2025-03-20T13:21:54.223+0000][7][safepoint   ] Safepoint "Cleanup", Time since last: 1000623115 ns, Reaching safepoint: 103988 ns, At safepoint: 4518 ns, Total: 108506 ns
[2025-03-20T13:21:56.224+0000][7][safepoint   ] Safepoint "Cleanup", Time since last: 2000786569 ns, Reaching safepoint: 285704 ns, At safepoint: 7424 ns, Total: 293128 ns
[2025-03-20T13:21:58.226+0000][7][safepoint   ] Safepoint "Cleanup", Time since last: 2001743840 ns, Reaching safepoint: 138534 ns, At safepoint: 3978 ns, Total: 142512 ns
[2025-03-20T13:21:59.227+0000][7][safepoint   ] Safepoint "Cleanup", Time since last: 1000924850 ns, Reaching safepoint: 204139 ns, At safepoint: 4318 ns, Total: 208457 ns
[2025-03-20T13:22:01.229+0000][7][safepoint   ] Safepoint "Cleanup", Time since last: 2001512401 ns, Reaching safepoint: 251539 ns, At safepoint: 16602 ns, Total: 268141 ns
[2025-03-20T13:22:02.230+0000][7][safepoint   ] Safepoint "Cleanup", Time since last: 1000654278 ns, Reaching safepoint: 151809 ns, At safepoint: 4188 ns, Total: 155997 ns
[2025-03-20T13:22:03.231+0000][7][safepoint   ] Safepoint "Cleanup", Time since last: 1000388617 ns, Reaching safepoint: 68931 ns, At safepoint: 3677 ns, Total: 72608 ns
[2025-03-20T13:22:04.231+0000][7][safepoint   ] Safepoint "Cleanup", Time since last: 1000286342 ns, Reaching safepoint: 531545 ns, At safepoint: 5871 ns, Total: 537416 ns
[2025-03-20T13:22:06.233+0000][7][safepoint   ] Safepoint "Cleanup", Time since last: 2001582756 ns, Reaching safepoint: 190823 ns, At safepoint: 5040 ns, Total: 195863 ns
[2025-03-20T13:22:07.234+0000][7][safepoint   ] Safepoint "Cleanup", Time since last: 1001064687 ns, Reaching safepoint: 111753 ns, At safepoint: 16120 ns, Total: 127873 ns
[2025-03-20T13:22:08.235+0000][7][safepoint   ] Safepoint "Cleanup", Time since last: 1000161387 ns, Reaching safepoint: 932349 ns, At safepoint: 23645 ns, Total: 955994 ns
[2025-03-20T13:22:09.236+0000][7][safepoint   ] Safepoint "Cleanup", Time since last: 1000765872 ns, Reaching safepoint: 118656 ns, At safepoint: 3988 ns, Total: 122644 ns
[2025-03-20T13:22:10.237+0000][7][safepoint   ] Safepoint "Cleanup", Time since last: 1000729131 ns, Reaching safepoint: 92546 ns, At safepoint: 18295 ns, Total: 110841 ns
[2025-03-20T13:22:11.238+0000][7][safepoint   ] Safepoint "Cleanup", Time since last: 1000256736 ns, Reaching safepoint: 99790 ns, At safepoint: 4068 ns, Total: 103858 ns
[2025-03-20T13:22:12.238+0000][7][safepoint   ] Safepoint "Cleanup", Time since last: 1000740939 ns, Reaching safepoint: 100081 ns, At safepoint: 3997 ns, Total: 104078 ns
[2025-03-20T13:22:13.239+0000][7][safepoint   ] Safepoint "Cleanup", Time since last: 1000718493 ns, Reaching safepoint: 189453 ns, At safepoint: 36149 ns, Total: 225602 ns
[2025-03-20T13:22:14.256+0000][7][safepoint   ] Safepoint "Cleanup", Time since last: 1016400570 ns, Reaching safepoint: 164443 ns, At safepoint: 3857 ns, Total: 168300 ns
[2025-03-20T13:22:16.258+0000][7][safepoint   ] Safepoint "Cleanup", Time since last: 2001541733 ns, Reaching safepoint: 85253 ns, At safepoint: 3476 ns, Total: 88729 ns
[2025-03-20T13:22:18.258+0000][7][safepoint   ] Safepoint "Cleanup", Time since last: 2000469627 ns, Reaching safepoint: 104629 ns, At safepoint: 4008 ns, Total: 108637 ns
[2025-03-20T13:22:18.704+0000][7][gc,start    ] GC(27) Pause Young (Normal) (G1 Evacuation Pause)
[2025-03-20T13:22:18.704+0000][7][gc,task     ] GC(27) Using 8 workers of 8 for evacuation
[2025-03-20T13:22:18.704+0000][7][gc,age      ] GC(27) Desired survivor size 18874368 bytes, new threshold 15 (max threshold 15)
[2025-03-20T13:22:18.710+0000][7][gc,age      ] GC(27) Age table with threshold 15 (max threshold 15)
[2025-03-20T13:22:18.710+0000][7][gc,age      ] GC(27) - age   1:    1629816 bytes,    1629816 total
[2025-03-20T13:22:18.710+0000][7][gc,age      ] GC(27) - age   2:      92080 bytes,    1721896 total
[2025-03-20T13:22:18.710+0000][7][gc,age      ] GC(27) - age   3:     428776 bytes,    2150672 total
[2025-03-20T13:22:18.710+0000][7][gc,age      ] GC(27) - age   4:    1787632 bytes,    3938304 total
[2025-03-20T13:22:18.710+0000][7][gc,age      ] GC(27) - age   5:     740376 bytes,    4678680 total
[2025-03-20T13:22:18.710+0000][7][gc,age      ] GC(27) - age   6:    2021456 bytes,    6700136 total
[2025-03-20T13:22:18.710+0000][7][gc,age      ] GC(27) - age   7:     906304 bytes,    7606440 total
[2025-03-20T13:22:18.710+0000][7][gc,age      ] GC(27) - age   8:    5070720 bytes,   12677160 total
[2025-03-20T13:22:18.710+0000][7][gc,phases   ] GC(27)   Pre Evacuate Collection Set: 0.2ms
[2025-03-20T13:22:18.710+0000][7][gc,phases   ] GC(27)   Merge Heap Roots: 0.2ms
[2025-03-20T13:22:18.710+0000][7][gc,phases   ] GC(27)   Evacuate Collection Set: 4.5ms
[2025-03-20T13:22:18.710+0000][7][gc,phases   ] GC(27)   Post Evacuate Collection Set: 1.0ms
[2025-03-20T13:22:18.710+0000][7][gc,phases   ] GC(27)   Other: 0.3ms
[2025-03-20T13:22:18.710+0000][7][gc,heap     ] GC(27) Eden regions: 68->0(69)
[2025-03-20T13:22:18.710+0000][7][gc,heap     ] GC(27) Survivor regions: 4->4(9)
[2025-03-20T13:22:18.710+0000][7][gc,heap     ] GC(27) Old regions: 24->24
[2025-03-20T13:22:18.710+0000][7][gc,heap     ] GC(27) Archive regions: 2->2
[2025-03-20T13:22:18.710+0000][7][gc,heap     ] GC(27) Humongous regions: 5->5
[2025-03-20T13:22:18.710+0000][7][gc,metaspace] GC(27) Metaspace: 115010K(116736K)->115010K(116736K) NonClass: 99821K(100800K)->99821K(100800K) Class: 15189K(15936K)->15189K(15936K)
[2025-03-20T13:22:18.710+0000][7][gc          ] GC(27) Pause Young (Normal) (G1 Evacuation Pause) 401M->129M(512M) 6.224ms
[2025-03-20T13:22:18.710+0000][7][gc,cpu      ] GC(27) User=0.03s Sys=0.00s Real=0.01s
[2025-03-20T13:22:18.710+0000][7][safepoint   ] Safepoint "G1CollectForAllocation", Time since last: 445828171 ns, Reaching safepoint: 89932 ns, At safepoint: 6332760 ns, Total: 6422692 ns
[2025-03-20T13:22:19.711+0000][7][safepoint   ] Safepoint "Cleanup", Time since last: 1000853176 ns, Reaching safepoint: 205892 ns, At safepoint: 5270 ns, Total: 211162 ns
[2025-03-20T13:22:21.713+0000][7][safepoint   ] Safepoint "Cleanup", Time since last: 2000918791 ns, Reaching safepoint: 207696 ns, At safepoint: 7133 ns, Total: 214829 ns
[2025-03-20T13:22:22.714+0000][7][safepoint   ] Safepoint "Cleanup", Time since last: 1000298665 ns, Reaching safepoint: 776299 ns, At safepoint: 7534 ns, Total: 783833 ns
[2025-03-20T13:22:23.714+0000][7][safepoint   ] Safepoint "Cleanup", Time since last: 1000738575 ns, Reaching safepoint: 99071 ns, At safepoint: 18114 ns, Total: 117185 ns
[2025-03-20T13:22:25.716+0000][7][safepoint   ] Safepoint "Cleanup", Time since last: 2001038565 ns, Reaching safepoint: 152741 ns, At safepoint: 3967 ns, Total: 156708 ns
[2025-03-20T13:22:26.717+0000][7][safepoint   ] Safepoint "Cleanup", Time since last: 1000903677 ns, Reaching safepoint: 144445 ns, At safepoint: 4409 ns, Total: 148854 ns
[2025-03-20T13:22:28.718+0000][7][safepoint   ] Safepoint "Cleanup", Time since last: 2001474203 ns, Reaching safepoint: 160486 ns, At safepoint: 4729 ns, Total: 165215 ns
[2025-03-20T13:22:31.721+0000][7][safepoint   ] Safepoint "Cleanup", Time since last: 3002227574 ns, Reaching safepoint: 146970 ns, At safepoint: 4269 ns, Total: 151239 ns
[2025-03-20T13:22:33.722+0000][7][safepoint   ] Safepoint "Cleanup", Time since last: 2000710073 ns, Reaching safepoint: 99390 ns, At safepoint: 3907 ns, Total: 103297 ns
[2025-03-20T13:22:34.723+0000][7][safepoint   ] Safepoint "Cleanup", Time since last: 1000973790 ns, Reaching safepoint: 140708 ns, At safepoint: 4819 ns, Total: 145527 ns
[2025-03-20T13:22:36.724+0000][7][safepoint   ] Safepoint "Cleanup", Time since last: 2001012579 ns, Reaching safepoint: 82477 ns, At safepoint: 3287 ns, Total: 85764 ns
[2025-03-20T13:22:37.725+0000][7][safepoint   ] Safepoint "Cleanup", Time since last: 1000793763 ns, Reaching safepoint: 189104 ns, At safepoint: 6513 ns, Total: 195617 ns
[2025-03-20T13:22:38.725+0000][7][safepoint   ] Safepoint "Cleanup", Time since last: 1000266994 ns, Reaching safepoint: 168380 ns, At safepoint: 4178 ns, Total: 172558 ns
[2025-03-20T13:22:39.151+0000][7][gc,start    ] GC(28) Pause Young (Normal) (G1 Evacuation Pause)
[2025-03-20T13:22:39.151+0000][7][gc,task     ] GC(28) Using 8 workers of 8 for evacuation
[2025-03-20T13:22:39.151+0000][7][gc,age      ] GC(28) Desired survivor size 20971520 bytes, new threshold 15 (max threshold 15)
[2025-03-20T13:22:39.159+0000][7][gc,age      ] GC(28) Age table with threshold 15 (max threshold 15)
[2025-03-20T13:22:39.159+0000][7][gc,age      ] GC(28) - age   1:    2482888 bytes,    2482888 total
[2025-03-20T13:22:39.159+0000][7][gc,age      ] GC(28) - age   2:      25992 bytes,    2508880 total
[2025-03-20T13:22:39.159+0000][7][gc,age      ] GC(28) - age   3:      89928 bytes,    2598808 total
[2025-03-20T13:22:39.159+0000][7][gc,age      ] GC(28) - age   4:     303024 bytes,    2901832 total
[2025-03-20T13:22:39.159+0000][7][gc,age      ] GC(28) - age   5:    1768000 bytes,    4669832 total
[2025-03-20T13:22:39.159+0000][7][gc,age      ] GC(28) - age   6:     594592 bytes,    5264424 total
[2025-03-20T13:22:39.159+0000][7][gc,age      ] GC(28) - age   7:    2021064 bytes,    7285488 total
[2025-03-20T13:22:39.159+0000][7][gc,age      ] GC(28) - age   8:     906184 bytes,    8191672 total
[2025-03-20T13:22:39.159+0000][7][gc,age      ] GC(28) - age   9:    5067784 bytes,   13259456 total
[2025-03-20T13:22:39.160+0000][7][gc,phases   ] GC(28)   Pre Evacuate Collection Set: 0.1ms
[2025-03-20T13:22:39.160+0000][7][gc,phases   ] GC(28)   Merge Heap Roots: 0.1ms
[2025-03-20T13:22:39.160+0000][7][gc,phases   ] GC(28)   Evacuate Collection Set: 5.0ms
[2025-03-20T13:22:39.160+0000][7][gc,phases   ] GC(28)   Post Evacuate Collection Set: 2.7ms
[2025-03-20T13:22:39.160+0000][7][gc,phases   ] GC(28)   Other: 0.3ms
[2025-03-20T13:22:39.160+0000][7][gc,heap     ] GC(28) Eden regions: 69->0(69)
[2025-03-20T13:22:39.160+0000][7][gc,heap     ] GC(28) Survivor regions: 4->4(10)
[2025-03-20T13:22:39.160+0000][7][gc,heap     ] GC(28) Old regions: 24->24
[2025-03-20T13:22:39.160+0000][7][gc,heap     ] GC(28) Archive regions: 2->2
[2025-03-20T13:22:39.160+0000][7][gc,heap     ] GC(28) Humongous regions: 5->5
[2025-03-20T13:22:39.160+0000][7][gc,metaspace] GC(28) Metaspace: 115432K(117248K)->115432K(117248K) NonClass: 100207K(101248K)->100207K(101248K) Class: 15225K(16000K)->15225K(16000K)
[2025-03-20T13:22:39.160+0000][7][gc          ] GC(28) Pause Young (Normal) (G1 Evacuation Pause) 405M->130M(512M) 8.256ms
[2025-03-20T13:22:39.160+0000][7][gc,cpu      ] GC(28) User=0.03s Sys=0.01s Real=0.01s
[2025-03-20T13:22:39.160+0000][7][safepoint   ] Safepoint "G1CollectForAllocation", Time since last: 425059402 ns, Reaching safepoint: 1102761 ns, At safepoint: 8395792 ns, Total: 9498553 ns
[2025-03-20T13:22:39.197+0000][7][safepoint   ] Safepoint "ICBufferFull", Time since last: 37233404 ns, Reaching safepoint: 231811 ns, At safepoint: 16913 ns, Total: 248724 ns
[2025-03-20T13:22:40.199+0000][7][safepoint   ] Safepoint "Cleanup", Time since last: 1001257270 ns, Reaching safepoint: 269313 ns, At safepoint: 11872 ns, Total: 281185 ns
[2025-03-20T13:22:41.199+0000][7][safepoint   ] Safepoint "Cleanup", Time since last: 1000094697 ns, Reaching safepoint: 213326 ns, At safepoint: 8005 ns, Total: 221331 ns
[2025-03-20T13:22:42.200+0000][7][safepoint   ] Safepoint "Cleanup", Time since last: 1000923457 ns, Reaching safepoint: 91905 ns, At safepoint: 3527 ns, Total: 95432 ns
[2025-03-20T13:22:43.201+0000][7][safepoint   ] Safepoint "Cleanup", Time since last: 1000812694 ns, Reaching safepoint: 224414 ns, At safepoint: 7164 ns, Total: 231578 ns
[2025-03-20T13:22:44.202+0000][7][safepoint   ] Safepoint "Cleanup", Time since last: 1000531056 ns, Reaching safepoint: 214268 ns, At safepoint: 6051 ns, Total: 220319 ns
[2025-03-20T13:22:45.202+0000][7][safepoint   ] Safepoint "Cleanup", Time since last: 1000293765 ns, Reaching safepoint: 139385 ns, At safepoint: 4759 ns, Total: 144144 ns
[2025-03-20T13:22:46.203+0000][7][safepoint   ] Safepoint "Cleanup", Time since last: 1000287511 ns, Reaching safepoint: 134957 ns, At safepoint: 4078 ns, Total: 139035 ns
[2025-03-20T13:22:47.204+0000][7][safepoint   ] Safepoint "Cleanup", Time since last: 1000805591 ns, Reaching safepoint: 108557 ns, At safepoint: 3627 ns, Total: 112184 ns
[2025-03-20T13:22:48.205+0000][7][safepoint   ] Safepoint "Cleanup", Time since last: 1000813106 ns, Reaching safepoint: 163712 ns, At safepoint: 5661 ns, Total: 169373 ns
[2025-03-20T13:22:49.206+0000][7][safepoint   ] Safepoint "Cleanup", Time since last: 1000859450 ns, Reaching safepoint: 174021 ns, At safepoint: 5050 ns, Total: 179071 ns
[2025-03-20T13:22:50.208+0000][7][safepoint   ] Safepoint "Cleanup", Time since last: 1001678656 ns, Reaching safepoint: 149696 ns, At safepoint: 5540 ns, Total: 155236 ns
[2025-03-20T13:22:51.208+0000][7][safepoint   ] Safepoint "Cleanup", Time since last: 1000201396 ns, Reaching safepoint: 397834 ns, At safepoint: 16481 ns, Total: 414315 ns
[2025-03-20T13:22:53.209+0000][7][safepoint   ] Safepoint "Cleanup", Time since last: 2000569600 ns, Reaching safepoint: 124978 ns, At safepoint: 4269 ns, Total: 129247 ns
[2025-03-20T13:22:54.210+0000][7][safepoint   ] Safepoint "Cleanup", Time since last: 1000934601 ns, Reaching safepoint: 119117 ns, At safepoint: 4208 ns, Total: 123325 ns
[2025-03-20T13:22:56.212+0000][7][safepoint   ] Safepoint "Cleanup", Time since last: 2001488529 ns, Reaching safepoint: 521624 ns, At safepoint: 7695 ns, Total: 529319 ns
[2025-03-20T13:22:57.213+0000][7][safepoint   ] Safepoint "Cleanup", Time since last: 1001043959 ns, Reaching safepoint: 230176 ns, At safepoint: 7024 ns, Total: 237200 ns
[2025-03-20T13:22:58.214+0000][7][safepoint   ] Safepoint "Cleanup", Time since last: 1000256319 ns, Reaching safepoint: 176967 ns, At safepoint: 9538 ns, Total: 186505 ns
[2025-03-20T13:22:59.214+0000][7][safepoint   ] Safepoint "Cleanup", Time since last: 1000535513 ns, Reaching safepoint: 69332 ns, At safepoint: 4148 ns, Total: 73480 ns
[2025-03-20T13:23:01.258+0000][7][safepoint   ] Safepoint "Cleanup", Time since last: 2043855824 ns, Reaching safepoint: 270916 ns, At safepoint: 24326 ns, Total: 295242 ns
[2025-03-20T13:23:02.260+0000][7][safepoint   ] Safepoint "Cleanup", Time since last: 1000826027 ns, Reaching safepoint: 257453 ns, At safepoint: 8045 ns, Total: 265498 ns
[2025-03-20T13:23:03.260+0000][7][safepoint   ] Safepoint "Cleanup", Time since last: 1000673889 ns, Reaching safepoint: 97585 ns, At safepoint: 3327 ns, Total: 100912 ns
[2025-03-20T13:23:04.261+0000][7][safepoint   ] Safepoint "Cleanup", Time since last: 1000154416 ns, Reaching safepoint: 88018 ns, At safepoint: 3877 ns, Total: 91895 ns
[2025-03-20T13:23:05.262+0000][7][safepoint   ] Safepoint "Cleanup", Time since last: 1000991237 ns, Reaching safepoint: 158271 ns, At safepoint: 5320 ns, Total: 163591 ns
[2025-03-20T13:23:06.263+0000][7][safepoint   ] Safepoint "Cleanup", Time since last: 1000740344 ns, Reaching safepoint: 104299 ns, At safepoint: 5811 ns, Total: 110110 ns
[2025-03-20T13:23:07.264+0000][7][safepoint   ] Safepoint "Cleanup", Time since last: 1000713750 ns, Reaching safepoint: 1046422 ns, At safepoint: 25048 ns, Total: 1071470 ns
[2025-03-20T13:23:08.779+0000][7][safepoint   ] Safepoint "Cleanup", Time since last: 1514455134 ns, Reaching safepoint: 285957 ns, At safepoint: 7193 ns, Total: 293150 ns
[2025-03-20T13:23:09.780+0000][7][safepoint   ] Safepoint "Cleanup", Time since last: 1000798939 ns, Reaching safepoint: 138584 ns, At safepoint: 4619 ns, Total: 143203 ns
[2025-03-20T13:23:10.781+0000][7][safepoint   ] Safepoint "Cleanup", Time since last: 1001091055 ns, Reaching safepoint: 146690 ns, At safepoint: 5280 ns, Total: 151970 ns
[2025-03-20T13:23:11.782+0000][7][safepoint   ] Safepoint "Cleanup", Time since last: 1000733000 ns, Reaching safepoint: 303699 ns, At safepoint: 3917 ns, Total: 307616 ns
[2025-03-20T13:23:13.188+0000][7][gc,start    ] GC(29) Pause Young (Normal) (G1 Evacuation Pause)
[2025-03-20T13:23:13.188+0000][7][gc,task     ] GC(29) Using 8 workers of 8 for evacuation
[2025-03-20T13:23:13.188+0000][7][gc,age      ] GC(29) Desired survivor size 20971520 bytes, new threshold 15 (max threshold 15)
[2025-03-20T13:23:13.193+0000][7][gc,age      ] GC(29) Age table with threshold 15 (max threshold 15)
[2025-03-20T13:23:13.193+0000][7][gc,age      ] GC(29) - age   1:    6344360 bytes,    6344360 total
[2025-03-20T13:23:13.193+0000][7][gc,age      ] GC(29) - age   2:     974424 bytes,    7318784 total
[2025-03-20T13:23:13.193+0000][7][gc,age      ] GC(29) - age   3:      17536 bytes,    7336320 total
[2025-03-20T13:23:13.193+0000][7][gc,age      ] GC(29) - age   4:      57104 bytes,    7393424 total
[2025-03-20T13:23:13.193+0000][7][gc,age      ] GC(29) - age   5:     255392 bytes,    7648816 total
[2025-03-20T13:23:13.193+0000][7][gc,age      ] GC(29) - age   6:    1735328 bytes,    9384144 total
[2025-03-20T13:23:13.193+0000][7][gc,age      ] GC(29) - age   7:     594208 bytes,    9978352 total
[2025-03-20T13:23:13.193+0000][7][gc,age      ] GC(29) - age   8:    2016520 bytes,   11994872 total
[2025-03-20T13:23:13.193+0000][7][gc,age      ] GC(29) - age   9:     905504 bytes,   12900376 total
[2025-03-20T13:23:13.193+0000][7][gc,age      ] GC(29) - age  10:    3698872 bytes,   16599248 total
[2025-03-20T13:23:13.193+0000][7][gc,phases   ] GC(29)   Pre Evacuate Collection Set: 0.1ms
[2025-03-20T13:23:13.193+0000][7][gc,phases   ] GC(29)   Merge Heap Roots: 0.1ms
[2025-03-20T13:23:13.193+0000][7][gc,phases   ] GC(29)   Evacuate Collection Set: 4.4ms
[2025-03-20T13:23:13.193+0000][7][gc,phases   ] GC(29)   Post Evacuate Collection Set: 0.9ms
[2025-03-20T13:23:13.193+0000][7][gc,phases   ] GC(29)   Other: 0.2ms
[2025-03-20T13:23:13.193+0000][7][gc,heap     ] GC(29) Eden regions: 69->0(67)
[2025-03-20T13:23:13.193+0000][7][gc,heap     ] GC(29) Survivor regions: 4->5(10)
[2025-03-20T13:23:13.193+0000][7][gc,heap     ] GC(29) Old regions: 24->24
[2025-03-20T13:23:13.193+0000][7][gc,heap     ] GC(29) Archive regions: 2->2
[2025-03-20T13:23:13.193+0000][7][gc,heap     ] GC(29) Humongous regions: 5->5
[2025-03-20T13:23:13.193+0000][7][gc,metaspace] GC(29) Metaspace: 116355K(118080K)->116355K(118080K) NonClass: 101025K(102016K)->101025K(102016K) Class: 15330K(16064K)->15330K(16064K)
[2025-03-20T13:23:13.193+0000][7][gc          ] GC(29) Pause Young (Normal) (G1 Evacuation Pause) 406M->133M(512M) 5.843ms
[2025-03-20T13:23:13.193+0000][7][gc,cpu      ] GC(29) User=0.02s Sys=0.00s Real=0.00s
[2025-03-20T13:23:13.194+0000][7][safepoint   ] Safepoint "G1CollectForAllocation", Time since last: 1404854404 ns, Reaching safepoint: 394437 ns, At safepoint: 5946538 ns, Total: 6340975 ns
[2025-03-20T13:23:14.194+0000][7][safepoint   ] Safepoint "Cleanup", Time since last: 1000329179 ns, Reaching safepoint: 175184 ns, At safepoint: 4368 ns, Total: 179552 ns
[2025-03-20T13:23:16.195+0000][7][safepoint   ] Safepoint "Cleanup", Time since last: 2001165665 ns, Reaching safepoint: 104700 ns, At safepoint: 4007 ns, Total: 108707 ns
[2025-03-20T13:23:17.196+0000][7][safepoint   ] Safepoint "Cleanup", Time since last: 1000426752 ns, Reaching safepoint: 109769 ns, At safepoint: 6352 ns, Total: 116121 ns
[2025-03-20T13:23:19.198+0000][7][safepoint   ] Safepoint "Cleanup", Time since last: 2001591319 ns, Reaching safepoint: 142772 ns, At safepoint: 5440 ns, Total: 148212 ns
[2025-03-20T13:23:20.198+0000][7][safepoint   ] Safepoint "Cleanup", Time since last: 1000390323 ns, Reaching safepoint: 131922 ns, At safepoint: 6382 ns, Total: 138304 ns
[2025-03-20T13:23:21.199+0000][7][safepoint   ] Safepoint "Cleanup", Time since last: 1000448902 ns, Reaching safepoint: 163351 ns, At safepoint: 8316 ns, Total: 171667 ns
[2025-03-20T13:23:23.201+0000][7][safepoint   ] Safepoint "Cleanup", Time since last: 2001655825 ns, Reaching safepoint: 130147 ns, At safepoint: 9188 ns, Total: 139335 ns
[2025-03-20T13:23:24.201+0000][7][safepoint   ] Safepoint "Cleanup", Time since last: 1000694055 ns, Reaching safepoint: 166487 ns, At safepoint: 11562 ns, Total: 178049 ns
[2025-03-20T13:23:26.203+0000][7][safepoint   ] Safepoint "Cleanup", Time since last: 2001411518 ns, Reaching safepoint: 114639 ns, At safepoint: 4067 ns, Total: 118706 ns
[2025-03-20T13:23:28.204+0000][7][safepoint   ] Safepoint "Cleanup", Time since last: 2001212725 ns, Reaching safepoint: 89009 ns, At safepoint: 4629 ns, Total: 93638 ns
[2025-03-20T13:23:29.205+0000][7][safepoint   ] Safepoint "Cleanup", Time since last: 1001068027 ns, Reaching safepoint: 162489 ns, At safepoint: 8757 ns, Total: 171246 ns
[2025-03-20T13:23:32.208+0000][7][safepoint   ] Safepoint "Cleanup", Time since last: 3002296873 ns, Reaching safepoint: 141329 ns, At safepoint: 4078 ns, Total: 145407 ns
[2025-03-20T13:23:33.209+0000][7][safepoint   ] Safepoint "Cleanup", Time since last: 1000433276 ns, Reaching safepoint: 1066725 ns, At safepoint: 18676 ns, Total: 1085401 ns
[2025-03-20T13:23:34.210+0000][7][safepoint   ] Safepoint "Cleanup", Time since last: 1000210081 ns, Reaching safepoint: 116232 ns, At safepoint: 3807 ns, Total: 120039 ns
[2025-03-20T13:23:35.211+0000][7][safepoint   ] Safepoint "Cleanup", Time since last: 1000952056 ns, Reaching safepoint: 105621 ns, At safepoint: 6362 ns, Total: 111983 ns
[2025-03-20T13:23:36.211+0000][7][safepoint   ] Safepoint "Cleanup", Time since last: 1000312667 ns, Reaching safepoint: 120049 ns, At safepoint: 4649 ns, Total: 124698 ns
[2025-03-20T13:23:37.212+0000][7][safepoint   ] Safepoint "Cleanup", Time since last: 1000690016 ns, Reaching safepoint: 218006 ns, At safepoint: 8055 ns, Total: 226061 ns
[2025-03-20T13:23:38.213+0000][7][safepoint   ] Safepoint "Cleanup", Time since last: 1000542196 ns, Reaching safepoint: 179041 ns, At safepoint: 4869 ns, Total: 183910 ns
[2025-03-20T13:23:39.214+0000][7][safepoint   ] Safepoint "Cleanup", Time since last: 1000534713 ns, Reaching safepoint: 216452 ns, At safepoint: 13957 ns, Total: 230409 ns
[2025-03-20T13:23:39.455+0000][7][safepoint   ] Safepoint "ICBufferFull", Time since last: 237862645 ns, Reaching safepoint: 3255500 ns, At safepoint: 27803 ns, Total: 3283303 ns
[2025-03-20T13:23:40.456+0000][7][safepoint   ] Safepoint "Cleanup", Time since last: 1000373735 ns, Reaching safepoint: 399752 ns, At safepoint: 24537 ns, Total: 424289 ns
[2025-03-20T13:23:41.456+0000][7][safepoint   ] Safepoint "Cleanup", Time since last: 1000479974 ns, Reaching safepoint: 242903 ns, At safepoint: 6943 ns, Total: 249846 ns
[2025-03-20T13:23:42.457+0000][7][safepoint   ] Safepoint "Cleanup", Time since last: 1000534461 ns, Reaching safepoint: 161548 ns, At safepoint: 6663 ns, Total: 168211 ns
[2025-03-20T13:23:43.458+0000][7][safepoint   ] Safepoint "Cleanup", Time since last: 1000898062 ns, Reaching safepoint: 179403 ns, At safepoint: 6693 ns, Total: 186096 ns
[2025-03-20T13:23:44.459+0000][7][safepoint   ] Safepoint "Cleanup", Time since last: 1000962138 ns, Reaching safepoint: 136360 ns, At safepoint: 9678 ns, Total: 146038 ns
[2025-03-20T13:23:45.460+0000][7][safepoint   ] Safepoint "Cleanup", Time since last: 1000461502 ns, Reaching safepoint: 102064 ns, At safepoint: 4158 ns, Total: 106222 ns
[2025-03-20T13:23:46.460+0000][7][safepoint   ] Safepoint "Cleanup", Time since last: 1000348326 ns, Reaching safepoint: 94931 ns, At safepoint: 4328 ns, Total: 99259 ns
[2025-03-20T13:23:48.462+0000][7][safepoint   ] Safepoint "Cleanup", Time since last: 2001186967 ns, Reaching safepoint: 210922 ns, At safepoint: 5110 ns, Total: 216032 ns
[2025-03-20T13:23:49.463+0000][7][safepoint   ] Safepoint "Cleanup", Time since last: 1000690202 ns, Reaching safepoint: 158021 ns, At safepoint: 4148 ns, Total: 162169 ns
[2025-03-20T13:23:51.464+0000][7][safepoint   ] Safepoint "Cleanup", Time since last: 2001824380 ns, Reaching safepoint: 93609 ns, At safepoint: 3627 ns, Total: 97236 ns
[2025-03-20T13:23:52.465+0000][7][safepoint   ] Safepoint "Cleanup", Time since last: 1000874509 ns, Reaching safepoint: 112565 ns, At safepoint: 3917 ns, Total: 116482 ns
[2025-03-20T13:23:53.466+0000][7][safepoint   ] Safepoint "Cleanup", Time since last: 1000221287 ns, Reaching safepoint: 86635 ns, At safepoint: 3406 ns, Total: 90041 ns
[2025-03-20T13:23:53.765+0000][7][gc,start    ] GC(30) Pause Young (Normal) (G1 Evacuation Pause)
[2025-03-20T13:23:53.765+0000][7][gc,task     ] GC(30) Using 8 workers of 8 for evacuation
[2025-03-20T13:23:53.765+0000][7][gc,age      ] GC(30) Desired survivor size 18874368 bytes, new threshold 15 (max threshold 15)
[2025-03-20T13:23:53.772+0000][7][gc,age      ] GC(30) Age table with threshold 15 (max threshold 15)
[2025-03-20T13:23:53.772+0000][7][gc,age      ] GC(30) - age   1:    4121144 bytes,    4121144 total
[2025-03-20T13:23:53.772+0000][7][gc,age      ] GC(30) - age   2:    4466160 bytes,    8587304 total
[2025-03-20T13:23:53.772+0000][7][gc,age      ] GC(30) - age   3:     791248 bytes,    9378552 total
[2025-03-20T13:23:53.772+0000][7][gc,age      ] GC(30) - age   4:      17344 bytes,    9395896 total
[2025-03-20T13:23:53.772+0000][7][gc,age      ] GC(30) - age   5:      56976 bytes,    9452872 total
[2025-03-20T13:23:53.772+0000][7][gc,age      ] GC(30) - age   6:     254224 bytes,    9707096 total
[2025-03-20T13:23:53.772+0000][7][gc,age      ] GC(30) - age   7:    1735112 bytes,   11442208 total
[2025-03-20T13:23:53.772+0000][7][gc,age      ] GC(30) - age   8:     593896 bytes,   12036104 total
[2025-03-20T13:23:53.772+0000][7][gc,age      ] GC(30) - age   9:    2013360 bytes,   14049464 total
[2025-03-20T13:23:53.773+0000][7][gc,age      ] GC(30) - age  10:     905488 bytes,   14954952 total
[2025-03-20T13:23:53.773+0000][7][gc,age      ] GC(30) - age  11:    3696776 bytes,   18651728 total
[2025-03-20T13:23:53.773+0000][7][gc,phases   ] GC(30)   Pre Evacuate Collection Set: 0.1ms
[2025-03-20T13:23:53.773+0000][7][gc,phases   ] GC(30)   Merge Heap Roots: 0.1ms
[2025-03-20T13:23:53.773+0000][7][gc,phases   ] GC(30)   Evacuate Collection Set: 5.7ms
[2025-03-20T13:23:53.773+0000][7][gc,phases   ] GC(30)   Post Evacuate Collection Set: 1.2ms
[2025-03-20T13:23:53.773+0000][7][gc,phases   ] GC(30)   Other: 0.2ms
[2025-03-20T13:23:53.773+0000][7][gc,heap     ] GC(30) Eden regions: 67->0(67)
[2025-03-20T13:23:53.773+0000][7][gc,heap     ] GC(30) Survivor regions: 5->5(9)
[2025-03-20T13:23:53.773+0000][7][gc,heap     ] GC(30) Old regions: 24->24
[2025-03-20T13:23:53.773+0000][7][gc,heap     ] GC(30) Archive regions: 2->2
[2025-03-20T13:23:53.773+0000][7][gc,heap     ] GC(30) Humongous regions: 5->5
[2025-03-20T13:23:53.773+0000][7][gc,metaspace] GC(30) Metaspace: 117911K(119680K)->117911K(119680K) NonClass: 102361K(103360K)->102361K(103360K) Class: 15550K(16320K)->15550K(16320K)
[2025-03-20T13:23:53.773+0000][7][gc          ] GC(30) Pause Young (Normal) (G1 Evacuation Pause) 401M->135M(512M) 7.418ms
[2025-03-20T13:23:53.773+0000][7][gc,cpu      ] GC(30) User=0.03s Sys=0.00s Real=0.01s
[2025-03-20T13:23:53.773+0000][7][safepoint   ] Safepoint "G1CollectForAllocation", Time since last: 299329148 ns, Reaching safepoint: 109057 ns, At safepoint: 7535868 ns, Total: 7644925 ns
[2025-03-20T13:23:55.774+0000][7][safepoint   ] Safepoint "Cleanup", Time since last: 2001167136 ns, Reaching safepoint: 233064 ns, At safepoint: 7454 ns, Total: 240518 ns
[2025-03-20T13:23:58.776+0000][7][safepoint   ] Safepoint "Cleanup", Time since last: 3001102904 ns, Reaching safepoint: 1085533 ns, At safepoint: 15409 ns, Total: 1100942 ns
[2025-03-20T13:24:00.778+0000][7][safepoint   ] Safepoint "Cleanup", Time since last: 2001447468 ns, Reaching safepoint: 95843 ns, At safepoint: 11622 ns, Total: 107465 ns
[2025-03-20T13:24:01.779+0000][7][safepoint   ] Safepoint "Cleanup", Time since last: 1001122245 ns, Reaching safepoint: 194530 ns, At safepoint: 5230 ns, Total: 199760 ns
[2025-03-20T13:24:02.780+0000][7][safepoint   ] Safepoint "Cleanup", Time since last: 1000604784 ns, Reaching safepoint: 145904 ns, At safepoint: 6332 ns, Total: 152236 ns
[2025-03-20T13:24:03.781+0000][7][safepoint   ] Safepoint "Cleanup", Time since last: 1000670966 ns, Reaching safepoint: 75223 ns, At safepoint: 20179 ns, Total: 95402 ns
[2025-03-20T13:24:05.782+0000][7][safepoint   ] Safepoint "Cleanup", Time since last: 2001134877 ns, Reaching safepoint: 161718 ns, At safepoint: 6753 ns, Total: 168471 ns
[2025-03-20T13:24:06.782+0000][7][safepoint   ] Safepoint "Cleanup", Time since last: 1000175337 ns, Reaching safepoint: 171106 ns, At safepoint: 5320 ns, Total: 176426 ns
[2025-03-20T13:24:07.783+0000][7][safepoint   ] Safepoint "Cleanup", Time since last: 1000992645 ns, Reaching safepoint: 109779 ns, At safepoint: 3737 ns, Total: 113516 ns
[2025-03-20T13:24:08.784+0000][7][safepoint   ] Safepoint "Cleanup", Time since last: 1000433692 ns, Reaching safepoint: 117043 ns, At safepoint: 23795 ns, Total: 140838 ns
[2025-03-20T13:24:10.270+0000][7][safepoint   ] Safepoint "Cleanup", Time since last: 1485238107 ns, Reaching safepoint: 193008 ns, At safepoint: 15079 ns, Total: 208087 ns
[2025-03-20T13:24:11.271+0000][7][safepoint   ] Safepoint "Cleanup", Time since last: 1001061162 ns, Reaching safepoint: 94991 ns, At safepoint: 4138 ns, Total: 99129 ns
[2025-03-20T13:24:13.273+0000][7][safepoint   ] Safepoint "Cleanup", Time since last: 2000919157 ns, Reaching safepoint: 1078102 ns, At safepoint: 17604 ns, Total: 1095706 ns
[2025-03-20T13:24:14.274+0000][7][safepoint   ] Safepoint "Cleanup", Time since last: 1000749500 ns, Reaching safepoint: 213978 ns, At safepoint: 5290 ns, Total: 219268 ns
[2025-03-20T13:24:15.274+0000][7][safepoint   ] Safepoint "Cleanup", Time since last: 1000198020 ns, Reaching safepoint: 123085 ns, At safepoint: 7704 ns, Total: 130789 ns
[2025-03-20T13:24:16.275+0000][7][safepoint   ] Safepoint "Cleanup", Time since last: 1000505225 ns, Reaching safepoint: 184572 ns, At safepoint: 5791 ns, Total: 190363 ns
[2025-03-20T13:24:17.275+0000][7][safepoint   ] Safepoint "Cleanup", Time since last: 1000296687 ns, Reaching safepoint: 125159 ns, At safepoint: 4779 ns, Total: 129938 ns
[2025-03-20T13:24:18.276+0000][7][safepoint   ] Safepoint "Cleanup", Time since last: 1000470870 ns, Reaching safepoint: 160616 ns, At safepoint: 14588 ns, Total: 175204 ns
[2025-03-20T13:24:19.276+0000][7][safepoint   ] Safepoint "Cleanup", Time since last: 1000327118 ns, Reaching safepoint: 83489 ns, At safepoint: 11702 ns, Total: 95191 ns
[2025-03-20T13:24:20.277+0000][7][safepoint   ] Safepoint "Cleanup", Time since last: 1000825391 ns, Reaching safepoint: 67289 ns, At safepoint: 3506 ns, Total: 70795 ns
[2025-03-20T13:24:21.278+0000][7][safepoint   ] Safepoint "Cleanup", Time since last: 1000745885 ns, Reaching safepoint: 196785 ns, At safepoint: 6893 ns, Total: 203678 ns
[2025-03-20T13:24:22.279+0000][7][safepoint   ] Safepoint "Cleanup", Time since last: 1000403586 ns, Reaching safepoint: 128125 ns, At safepoint: 4949 ns, Total: 133074 ns
[2025-03-20T13:24:23.279+0000][7][safepoint   ] Safepoint "Cleanup", Time since last: 1000807211 ns, Reaching safepoint: 84511 ns, At safepoint: 3757 ns, Total: 88268 ns
[2025-03-20T13:24:24.280+0000][7][safepoint   ] Safepoint "Cleanup", Time since last: 1000592978 ns, Reaching safepoint: 104398 ns, At safepoint: 4910 ns, Total: 109308 ns
[2025-03-20T13:24:25.281+0000][7][safepoint   ] Safepoint "Cleanup", Time since last: 1000080685 ns, Reaching safepoint: 1169444 ns, At safepoint: 20248 ns, Total: 1189692 ns
[2025-03-20T13:24:26.283+0000][7][safepoint   ] Safepoint "Cleanup", Time since last: 1000975834 ns, Reaching safepoint: 477669 ns, At safepoint: 9098 ns, Total: 486767 ns
[2025-03-20T13:24:28.284+0000][7][safepoint   ] Safepoint "Cleanup", Time since last: 2000662795 ns, Reaching safepoint: 148603 ns, At safepoint: 5130 ns, Total: 153733 ns
[2025-03-20T13:24:31.260+0000][7][gc,start    ] GC(31) Pause Young (Normal) (G1 Evacuation Pause)
[2025-03-20T13:24:31.260+0000][7][gc,task     ] GC(31) Using 8 workers of 8 for evacuation
[2025-03-20T13:24:31.260+0000][7][gc,age      ] GC(31) Desired survivor size 18874368 bytes, new threshold 15 (max threshold 15)
[2025-03-20T13:24:31.267+0000][7][gc,age      ] GC(31) Age table with threshold 15 (max threshold 15)
[2025-03-20T13:24:31.267+0000][7][gc,age      ] GC(31) - age   1:    2068320 bytes,    2068320 total
[2025-03-20T13:24:31.267+0000][7][gc,age      ] GC(31) - age   2:    2306216 bytes,    4374536 total
[2025-03-20T13:24:31.267+0000][7][gc,age      ] GC(31) - age   3:    4048368 bytes,    8422904 total
[2025-03-20T13:24:31.267+0000][7][gc,age      ] GC(31) - age   4:     788048 bytes,    9210952 total
[2025-03-20T13:24:31.267+0000][7][gc,age      ] GC(31) - age   5:      16856 bytes,    9227808 total
[2025-03-20T13:24:31.267+0000][7][gc,age      ] GC(31) - age   6:      56976 bytes,    9284784 total
[2025-03-20T13:24:31.267+0000][7][gc,age      ] GC(31) - age   7:     135880 bytes,    9420664 total
[2025-03-20T13:24:31.267+0000][7][gc,age      ] GC(31) - age   8:    1734264 bytes,   11154928 total
[2025-03-20T13:24:31.267+0000][7][gc,age      ] GC(31) - age   9:     593864 bytes,   11748792 total
[2025-03-20T13:24:31.267+0000][7][gc,age      ] GC(31) - age  10:    1891280 bytes,   13640072 total
[2025-03-20T13:24:31.267+0000][7][gc,age      ] GC(31) - age  11:     881160 bytes,   14521232 total
[2025-03-20T13:24:31.267+0000][7][gc,age      ] GC(31) - age  12:    3441352 bytes,   17962584 total
[2025-03-20T13:24:31.267+0000][7][gc,phases   ] GC(31)   Pre Evacuate Collection Set: 0.1ms
[2025-03-20T13:24:31.267+0000][7][gc,phases   ] GC(31)   Merge Heap Roots: 0.2ms
[2025-03-20T13:24:31.267+0000][7][gc,phases   ] GC(31)   Evacuate Collection Set: 4.9ms
[2025-03-20T13:24:31.267+0000][7][gc,phases   ] GC(31)   Post Evacuate Collection Set: 1.7ms
[2025-03-20T13:24:31.267+0000][7][gc,phases   ] GC(31)   Other: 0.3ms
[2025-03-20T13:24:31.267+0000][7][gc,heap     ] GC(31) Eden regions: 67->0(67)
[2025-03-20T13:24:31.267+0000][7][gc,heap     ] GC(31) Survivor regions: 5->5(9)
[2025-03-20T13:24:31.267+0000][7][gc,heap     ] GC(31) Old regions: 24->24
[2025-03-20T13:24:31.267+0000][7][gc,heap     ] GC(31) Archive regions: 2->2
[2025-03-20T13:24:31.267+0000][7][gc,heap     ] GC(31) Humongous regions: 5->5
[2025-03-20T13:24:31.267+0000][7][gc,metaspace] GC(31) Metaspace: 118407K(120128K)->118407K(120128K) NonClass: 102817K(103808K)->102817K(103808K) Class: 15589K(16320K)->15589K(16320K)
[2025-03-20T13:24:31.267+0000][7][gc          ] GC(31) Pause Young (Normal) (G1 Evacuation Pause) 403M->135M(512M) 7.283ms
[2025-03-20T13:24:31.267+0000][7][gc,cpu      ] GC(31) User=0.03s Sys=0.00s Real=0.01s
[2025-03-20T13:24:31.267+0000][7][safepoint   ] Safepoint "G1CollectForAllocation", Time since last: 2975838073 ns, Reaching safepoint: 122063 ns, At safepoint: 7424130 ns, Total: 7546193 ns
[2025-03-20T13:24:32.268+0000][7][safepoint   ] Safepoint "Cleanup", Time since last: 1000410284 ns, Reaching safepoint: 160676 ns, At safepoint: 6232 ns, Total: 166908 ns
[2025-03-20T13:24:34.268+0000][7][safepoint   ] Safepoint "Cleanup", Time since last: 2000639228 ns, Reaching safepoint: 99840 ns, At safepoint: 15890 ns, Total: 115730 ns
[2025-03-20T13:24:35.269+0000][7][safepoint   ] Safepoint "Cleanup", Time since last: 1000168813 ns, Reaching safepoint: 161287 ns, At safepoint: 6643 ns, Total: 167930 ns
[2025-03-20T13:24:36.270+0000][7][safepoint   ] Safepoint "Cleanup", Time since last: 1001162861 ns, Reaching safepoint: 193358 ns, At safepoint: 5590 ns, Total: 198948 ns
[2025-03-20T13:24:37.272+0000][7][safepoint   ] Safepoint "Cleanup", Time since last: 1000858554 ns, Reaching safepoint: 1044920 ns, At safepoint: 16923 ns, Total: 1061843 ns
[2025-03-20T13:24:38.273+0000][7][safepoint   ] Safepoint "Cleanup", Time since last: 1000613411 ns, Reaching safepoint: 214475 ns, At safepoint: 6983 ns, Total: 221458 ns
[2025-03-20T13:24:39.274+0000][7][safepoint   ] Safepoint "Cleanup", Time since last: 1000432251 ns, Reaching safepoint: 793409 ns, At safepoint: 8075 ns, Total: 801484 ns
[2025-03-20T13:24:40.275+0000][7][safepoint   ] Safepoint "Cleanup", Time since last: 1000922060 ns, Reaching safepoint: 208657 ns, At safepoint: 7905 ns, Total: 216562 ns
[2025-03-20T13:24:41.276+0000][7][safepoint   ] Safepoint "Cleanup", Time since last: 1000446009 ns, Reaching safepoint: 157740 ns, At safepoint: 5501 ns, Total: 163241 ns
[2025-03-20T13:24:42.277+0000][7][safepoint   ] Safepoint "Cleanup", Time since last: 1000776323 ns, Reaching safepoint: 142872 ns, At safepoint: 5090 ns, Total: 147962 ns
[2025-03-20T13:24:43.277+0000][7][safepoint   ] Safepoint "Cleanup", Time since last: 1000284605 ns, Reaching safepoint: 138994 ns, At safepoint: 21281 ns, Total: 160275 ns
[2025-03-20T13:24:44.278+0000][7][safepoint   ] Safepoint "Cleanup", Time since last: 1000882986 ns, Reaching safepoint: 171484 ns, At safepoint: 7314 ns, Total: 178798 ns
[2025-03-20T13:24:46.280+0000][7][safepoint   ] Safepoint "Cleanup", Time since last: 2001118955 ns, Reaching safepoint: 160625 ns, At safepoint: 6413 ns, Total: 167038 ns
[2025-03-20T13:24:48.282+0000][7][safepoint   ] Safepoint "Cleanup", Time since last: 2002229702 ns, Reaching safepoint: 141620 ns, At safepoint: 24106 ns, Total: 165726 ns
[2025-03-20T13:24:49.282+0000][7][safepoint   ] Safepoint "Cleanup", Time since last: 1000383954 ns, Reaching safepoint: 100842 ns, At safepoint: 31380 ns, Total: 132222 ns
[2025-03-20T13:24:50.283+0000][7][safepoint   ] Safepoint "Cleanup", Time since last: 1000393555 ns, Reaching safepoint: 471769 ns, At safepoint: 7003 ns, Total: 478772 ns
[2025-03-20T13:24:51.285+0000][7][safepoint   ] Safepoint "Cleanup", Time since last: 1001026817 ns, Reaching safepoint: 151118 ns, At safepoint: 4829 ns, Total: 155947 ns
[2025-03-20T13:24:52.285+0000][7][safepoint   ] Safepoint "Cleanup", Time since last: 1000528691 ns, Reaching safepoint: 68641 ns, At safepoint: 3667 ns, Total: 72308 ns
[2025-03-20T13:24:53.286+0000][7][safepoint   ] Safepoint "Cleanup", Time since last: 1001119373 ns, Reaching safepoint: 109088 ns, At safepoint: 4979 ns, Total: 114067 ns
[2025-03-20T13:24:54.287+0000][7][safepoint   ] Safepoint "Cleanup", Time since last: 1000583195 ns, Reaching safepoint: 99790 ns, At safepoint: 4038 ns, Total: 103828 ns
[2025-03-20T13:24:55.288+0000][7][safepoint   ] Safepoint "Cleanup", Time since last: 1001064161 ns, Reaching safepoint: 98247 ns, At safepoint: 5470 ns, Total: 103717 ns
[2025-03-20T13:24:56.289+0000][7][safepoint   ] Safepoint "Cleanup", Time since last: 1000297837 ns, Reaching safepoint: 114839 ns, At safepoint: 4348 ns, Total: 119187 ns
[2025-03-20T13:24:58.290+0000][7][safepoint   ] Safepoint "Cleanup", Time since last: 2001113407 ns, Reaching safepoint: 61848 ns, At safepoint: 3276 ns, Total: 65124 ns
[2025-03-20T13:25:01.292+0000][7][safepoint   ] Safepoint "Cleanup", Time since last: 3001986815 ns, Reaching safepoint: 191665 ns, At safepoint: 5851 ns, Total: 197516 ns
[2025-03-20T13:25:02.293+0000][7][safepoint   ] Safepoint "Cleanup", Time since last: 1000856003 ns, Reaching safepoint: 112825 ns, At safepoint: 3927 ns, Total: 116752 ns
[2025-03-20T13:25:03.293+0000][7][safepoint   ] Safepoint "Cleanup", Time since last: 1000156691 ns, Reaching safepoint: 69893 ns, At safepoint: 3367 ns, Total: 73260 ns
[2025-03-20T13:25:04.294+0000][7][safepoint   ] Safepoint "Cleanup", Time since last: 1000494655 ns, Reaching safepoint: 66075 ns, At safepoint: 3517 ns, Total: 69592 ns
[2025-03-20T13:25:06.295+0000][7][safepoint   ] Safepoint "Cleanup", Time since last: 2001490785 ns, Reaching safepoint: 99510 ns, At safepoint: 4679 ns, Total: 104189 ns
[2025-03-20T13:25:07.296+0000][7][safepoint   ] Safepoint "Cleanup", Time since last: 1000276300 ns, Reaching safepoint: 87157 ns, At safepoint: 45387 ns, Total: 132544 ns
[2025-03-20T13:25:08.296+0000][7][safepoint   ] Safepoint "Cleanup", Time since last: 1000547187 ns, Reaching safepoint: 139897 ns, At safepoint: 4668 ns, Total: 144565 ns
[2025-03-20T13:25:09.298+0000][7][safepoint   ] Safepoint "Cleanup", Time since last: 1001209224 ns, Reaching safepoint: 95362 ns, At safepoint: 3587 ns, Total: 98949 ns
[2025-03-20T13:25:10.299+0000][7][safepoint   ] Safepoint "Cleanup", Time since last: 1001003095 ns, Reaching safepoint: 55105 ns, At safepoint: 3487 ns, Total: 58592 ns
[2025-03-20T13:25:11.299+0000][7][safepoint   ] Safepoint "Cleanup", Time since last: 1000279795 ns, Reaching safepoint: 249953 ns, At safepoint: 7425 ns, Total: 257378 ns
[2025-03-20T13:25:12.300+0000][7][safepoint   ] Safepoint "Cleanup", Time since last: 1000419541 ns, Reaching safepoint: 95652 ns, At safepoint: 3978 ns, Total: 99630 ns
[2025-03-20T13:25:13.301+0000][7][safepoint   ] Safepoint "Cleanup", Time since last: 1000576371 ns, Reaching safepoint: 122844 ns, At safepoint: 3537 ns, Total: 126381 ns
[2025-03-20T13:25:14.302+0000][7][safepoint   ] Safepoint "Cleanup", Time since last: 1000761840 ns, Reaching safepoint: 152821 ns, At safepoint: 5461 ns, Total: 158282 ns
[2025-03-20T13:25:16.302+0000][7][safepoint   ] Safepoint "Cleanup", Time since last: 2000822757 ns, Reaching safepoint: 86935 ns, At safepoint: 3727 ns, Total: 90662 ns
[2025-03-20T13:25:18.303+0000][7][safepoint   ] Safepoint "Cleanup", Time since last: 2000464550 ns, Reaching safepoint: 74943 ns, At safepoint: 5460 ns, Total: 80403 ns
[2025-03-20T13:25:19.304+0000][7][safepoint   ] Safepoint "Cleanup", Time since last: 1000437505 ns, Reaching safepoint: 94219 ns, At safepoint: 4398 ns, Total: 98617 ns
[2025-03-20T13:25:20.104+0000][7][gc,start    ] GC(32) Pause Young (Normal) (G1 Evacuation Pause)
[2025-03-20T13:25:20.104+0000][7][gc,task     ] GC(32) Using 8 workers of 8 for evacuation
[2025-03-20T13:25:20.104+0000][7][gc,age      ] GC(32) Desired survivor size 18874368 bytes, new threshold 15 (max threshold 15)
[2025-03-20T13:25:20.111+0000][7][gc,age      ] GC(32) Age table with threshold 15 (max threshold 15)
[2025-03-20T13:25:20.111+0000][7][gc,age      ] GC(32) - age   1:     958696 bytes,     958696 total
[2025-03-20T13:25:20.111+0000][7][gc,age      ] GC(32) - age   2:    1700000 bytes,    2658696 total
[2025-03-20T13:25:20.111+0000][7][gc,age      ] GC(32) - age   3:    2299392 bytes,    4958088 total
[2025-03-20T13:25:20.111+0000][7][gc,age      ] GC(32) - age   4:    4046544 bytes,    9004632 total
[2025-03-20T13:25:20.111+0000][7][gc,age      ] GC(32) - age   5:     787792 bytes,    9792424 total
[2025-03-20T13:25:20.111+0000][7][gc,age      ] GC(32) - age   6:      16792 bytes,    9809216 total
[2025-03-20T13:25:20.111+0000][7][gc,age      ] GC(32) - age   7:      56976 bytes,    9866192 total
[2025-03-20T13:25:20.111+0000][7][gc,age      ] GC(32) - age   8:     135880 bytes,   10002072 total
[2025-03-20T13:25:20.111+0000][7][gc,age      ] GC(32) - age   9:    1734264 bytes,   11736336 total
[2025-03-20T13:25:20.111+0000][7][gc,age      ] GC(32) - age  10:     593864 bytes,   12330200 total
[2025-03-20T13:25:20.111+0000][7][gc,age      ] GC(32) - age  11:    1888496 bytes,   14218696 total
[2025-03-20T13:25:20.111+0000][7][gc,age      ] GC(32) - age  12:     880928 bytes,   15099624 total
[2025-03-20T13:25:20.111+0000][7][gc,age      ] GC(32) - age  13:    3441224 bytes,   18540848 total
[2025-03-20T13:25:20.111+0000][7][gc,phases   ] GC(32)   Pre Evacuate Collection Set: 0.1ms
[2025-03-20T13:25:20.111+0000][7][gc,phases   ] GC(32)   Merge Heap Roots: 0.1ms
[2025-03-20T13:25:20.111+0000][7][gc,phases   ] GC(32)   Evacuate Collection Set: 5.5ms
[2025-03-20T13:25:20.111+0000][7][gc,phases   ] GC(32)   Post Evacuate Collection Set: 1.4ms
[2025-03-20T13:25:20.111+0000][7][gc,phases   ] GC(32)   Other: 0.3ms
[2025-03-20T13:25:20.111+0000][7][gc,heap     ] GC(32) Eden regions: 67->0(67)
[2025-03-20T13:25:20.111+0000][7][gc,heap     ] GC(32) Survivor regions: 5->5(9)
[2025-03-20T13:25:20.111+0000][7][gc,heap     ] GC(32) Old regions: 24->24
[2025-03-20T13:25:20.111+0000][7][gc,heap     ] GC(32) Archive regions: 2->2
[2025-03-20T13:25:20.111+0000][7][gc,heap     ] GC(32) Humongous regions: 5->5
[2025-03-20T13:25:20.111+0000][7][gc,metaspace] GC(32) Metaspace: 118698K(120384K)->118698K(120384K) NonClass: 103106K(104064K)->103106K(104064K) Class: 15592K(16320K)->15592K(16320K)
[2025-03-20T13:25:20.111+0000][7][gc          ] GC(32) Pause Young (Normal) (G1 Evacuation Pause) 403M->135M(512M) 7.488ms
[2025-03-20T13:25:20.111+0000][7][gc,cpu      ] GC(32) User=0.03s Sys=0.00s Real=0.01s
[2025-03-20T13:25:20.111+0000][7][safepoint   ] Safepoint "G1CollectForAllocation", Time since last: 799926096 ns, Reaching safepoint: 77448 ns, At safepoint: 7584328 ns, Total: 7661776 ns
[2025-03-20T13:25:21.112+0000][7][safepoint   ] Safepoint "Cleanup", Time since last: 1000739970 ns, Reaching safepoint: 149775 ns, At safepoint: 4759 ns, Total: 154534 ns
[2025-03-20T13:25:23.114+0000][7][safepoint   ] Safepoint "Cleanup", Time since last: 2002115132 ns, Reaching safepoint: 145888 ns, At safepoint: 6332 ns, Total: 152220 ns
[2025-03-20T13:25:24.115+0000][7][safepoint   ] Safepoint "Cleanup", Time since last: 1000464582 ns, Reaching safepoint: 101082 ns, At safepoint: 4799 ns, Total: 105881 ns
[2025-03-20T13:25:26.115+0000][7][safepoint   ] Safepoint "Cleanup", Time since last: 2000486850 ns, Reaching safepoint: 135869 ns, At safepoint: 5219 ns, Total: 141088 ns
[2025-03-20T13:25:27.117+0000][7][safepoint   ] Safepoint "Cleanup", Time since last: 1000928832 ns, Reaching safepoint: 134376 ns, At safepoint: 6082 ns, Total: 140458 ns
[2025-03-20T13:25:29.118+0000][7][safepoint   ] Safepoint "Cleanup", Time since last: 2001213251 ns, Reaching safepoint: 79501 ns, At safepoint: 4438 ns, Total: 83939 ns
[2025-03-20T13:25:31.119+0000][7][safepoint   ] Safepoint "Cleanup", Time since last: 2000988178 ns, Reaching safepoint: 218987 ns, At safepoint: 6663 ns, Total: 225650 ns
[2025-03-20T13:25:32.120+0000][7][safepoint   ] Safepoint "Cleanup", Time since last: 1000942207 ns, Reaching safepoint: 116592 ns, At safepoint: 3507 ns, Total: 120099 ns
[2025-03-20T13:25:34.121+0000][7][safepoint   ] Safepoint "Cleanup", Time since last: 2001174999 ns, Reaching safepoint: 83569 ns, At safepoint: 5220 ns, Total: 88789 ns
[2025-03-20T13:25:35.122+0000][7][safepoint   ] Safepoint "Cleanup", Time since last: 1000657198 ns, Reaching safepoint: 121391 ns, At safepoint: 5651 ns, Total: 127042 ns
[2025-03-20T13:25:36.123+0000][7][safepoint   ] Safepoint "Cleanup", Time since last: 1001018871 ns, Reaching safepoint: 209938 ns, At safepoint: 7084 ns, Total: 217022 ns
[2025-03-20T13:25:37.124+0000][7][safepoint   ] Safepoint "Cleanup", Time since last: 1000291307 ns, Reaching safepoint: 361198 ns, At safepoint: 14668 ns, Total: 375866 ns
[2025-03-20T13:25:38.125+0000][7][safepoint   ] Safepoint "Cleanup", Time since last: 1000841169 ns, Reaching safepoint: 178189 ns, At safepoint: 7244 ns, Total: 185433 ns
[2025-03-20T13:25:39.126+0000][7][safepoint   ] Safepoint "Cleanup", Time since last: 1000647103 ns, Reaching safepoint: 134035 ns, At safepoint: 4328 ns, Total: 138363 ns
[2025-03-20T13:25:41.128+0000][7][safepoint   ] Safepoint "Cleanup", Time since last: 2001270378 ns, Reaching safepoint: 548315 ns, At safepoint: 6993 ns, Total: 555308 ns
[2025-03-20T13:25:42.129+0000][7][safepoint   ] Safepoint "Cleanup", Time since last: 1000667924 ns, Reaching safepoint: 396275 ns, At safepoint: 7024 ns, Total: 403299 ns
[2025-03-20T13:25:44.130+0000][7][safepoint   ] Safepoint "Cleanup", Time since last: 2001138671 ns, Reaching safepoint: 179716 ns, At safepoint: 7043 ns, Total: 186759 ns
[2025-03-20T13:25:46.132+0000][7][safepoint   ] Safepoint "Cleanup", Time since last: 2001500614 ns, Reaching safepoint: 150968 ns, At safepoint: 4919 ns, Total: 155887 ns
[2025-03-20T13:25:47.133+0000][7][safepoint   ] Safepoint "Cleanup", Time since last: 1000939381 ns, Reaching safepoint: 160205 ns, At safepoint: 9238 ns, Total: 169443 ns
[2025-03-20T13:25:49.134+0000][7][safepoint   ] Safepoint "Cleanup", Time since last: 2001243332 ns, Reaching safepoint: 91614 ns, At safepoint: 4028 ns, Total: 95642 ns
[2025-03-20T13:25:50.135+0000][7][safepoint   ] Safepoint "Cleanup", Time since last: 1000876584 ns, Reaching safepoint: 110170 ns, At safepoint: 3967 ns, Total: 114137 ns
[2025-03-20T13:25:51.136+0000][7][safepoint   ] Safepoint "Cleanup", Time since last: 1000752343 ns, Reaching safepoint: 122984 ns, At safepoint: 4519 ns, Total: 127503 ns
[2025-03-20T13:25:53.138+0000][7][safepoint   ] Safepoint "Cleanup", Time since last: 2001600358 ns, Reaching safepoint: 162039 ns, At safepoint: 5991 ns, Total: 168030 ns
[2025-03-20T13:25:54.138+0000][7][safepoint   ] Safepoint "Cleanup", Time since last: 1000212073 ns, Reaching safepoint: 143173 ns, At safepoint: 8235 ns, Total: 151408 ns
[2025-03-20T13:25:56.139+0000][7][safepoint   ] Safepoint "Cleanup", Time since last: 2000882320 ns, Reaching safepoint: 91634 ns, At safepoint: 4378 ns, Total: 96012 ns
[2025-03-20T13:25:57.140+0000][7][safepoint   ] Safepoint "Cleanup", Time since last: 1000446842 ns, Reaching safepoint: 105941 ns, At safepoint: 4850 ns, Total: 110791 ns
[2025-03-20T13:25:59.141+0000][7][safepoint   ] Safepoint "Cleanup", Time since last: 2001403913 ns, Reaching safepoint: 135859 ns, At safepoint: 4739 ns, Total: 140598 ns
[2025-03-20T13:26:02.144+0000][7][safepoint   ] Safepoint "Cleanup", Time since last: 3002231376 ns, Reaching safepoint: 244296 ns, At safepoint: 6482 ns, Total: 250778 ns
[2025-03-20T13:26:03.145+0000][7][safepoint   ] Safepoint "Cleanup", Time since last: 1000797263 ns, Reaching safepoint: 150987 ns, At safepoint: 9048 ns, Total: 160035 ns
[2025-03-20T13:26:04.145+0000][7][safepoint   ] Safepoint "Cleanup", Time since last: 1000299122 ns, Reaching safepoint: 130538 ns, At safepoint: 6423 ns, Total: 136961 ns
[2025-03-20T13:26:05.146+0000][7][safepoint   ] Safepoint "Cleanup", Time since last: 1000403630 ns, Reaching safepoint: 114538 ns, At safepoint: 4268 ns, Total: 118806 ns
[2025-03-20T13:26:06.147+0000][7][safepoint   ] Safepoint "Cleanup", Time since last: 1001041183 ns, Reaching safepoint: 193598 ns, At safepoint: 5421 ns, Total: 199019 ns
[2025-03-20T13:26:07.147+0000][7][safepoint   ] Safepoint "Cleanup", Time since last: 1000325954 ns, Reaching safepoint: 108987 ns, At safepoint: 4760 ns, Total: 113747 ns
[2025-03-20T13:26:08.148+0000][7][safepoint   ] Safepoint "Cleanup", Time since last: 1000664112 ns, Reaching safepoint: 118025 ns, At safepoint: 7534 ns, Total: 125559 ns
[2025-03-20T13:26:09.149+0000][7][safepoint   ] Safepoint "Cleanup", Time since last: 1000400725 ns, Reaching safepoint: 109388 ns, At safepoint: 4429 ns, Total: 113817 ns
[2025-03-20T13:26:11.150+0000][7][safepoint   ] Safepoint "Cleanup", Time since last: 2001366128 ns, Reaching safepoint: 109288 ns, At safepoint: 3807 ns, Total: 113095 ns
[2025-03-20T13:26:12.150+0000][7][safepoint   ] Safepoint "Cleanup", Time since last: 1000189705 ns, Reaching safepoint: 98758 ns, At safepoint: 4359 ns, Total: 103117 ns
[2025-03-20T13:26:14.152+0000][7][safepoint   ] Safepoint "Cleanup", Time since last: 2001957567 ns, Reaching safepoint: 100983 ns, At safepoint: 3486 ns, Total: 104469 ns
[2025-03-20T13:26:15.153+0000][7][safepoint   ] Safepoint "Cleanup", Time since last: 1000456555 ns, Reaching safepoint: 103146 ns, At safepoint: 4519 ns, Total: 107665 ns
[2025-03-20T13:26:16.154+0000][7][safepoint   ] Safepoint "Cleanup", Time since last: 1001148250 ns, Reaching safepoint: 111333 ns, At safepoint: 4648 ns, Total: 115981 ns
[2025-03-20T13:26:17.155+0000][7][safepoint   ] Safepoint "Cleanup", Time since last: 1000659957 ns, Reaching safepoint: 106522 ns, At safepoint: 4118 ns, Total: 110640 ns
[2025-03-20T13:26:19.157+0000][7][safepoint   ] Safepoint "Cleanup", Time since last: 2001389860 ns, Reaching safepoint: 103497 ns, At safepoint: 3887 ns, Total: 107384 ns
[2025-03-20T13:26:19.297+0000][7][gc,start    ] GC(33) Pause Young (Normal) (G1 Evacuation Pause)
[2025-03-20T13:26:19.298+0000][7][gc,task     ] GC(33) Using 8 workers of 8 for evacuation
[2025-03-20T13:26:19.298+0000][7][gc,age      ] GC(33) Desired survivor size 18874368 bytes, new threshold 15 (max threshold 15)
[2025-03-20T13:26:19.305+0000][7][gc,age      ] GC(33) Age table with threshold 15 (max threshold 15)
[2025-03-20T13:26:19.305+0000][7][gc,age      ] GC(33) - age   1:     929664 bytes,     929664 total
[2025-03-20T13:26:19.305+0000][7][gc,age      ] GC(33) - age   2:      49560 bytes,     979224 total
[2025-03-20T13:26:19.305+0000][7][gc,age      ] GC(33) - age   3:    1530872 bytes,    2510096 total
[2025-03-20T13:26:19.305+0000][7][gc,age      ] GC(33) - age   4:    2299168 bytes,    4809264 total
[2025-03-20T13:26:19.305+0000][7][gc,age      ] GC(33) - age   5:    4042480 bytes,    8851744 total
[2025-03-20T13:26:19.305+0000][7][gc,age      ] GC(33) - age   6:     787792 bytes,    9639536 total
[2025-03-20T13:26:19.305+0000][7][gc,age      ] GC(33) - age   7:      16792 bytes,    9656328 total
[2025-03-20T13:26:19.305+0000][7][gc,age      ] GC(33) - age   8:      56976 bytes,    9713304 total
[2025-03-20T13:26:19.305+0000][7][gc,age      ] GC(33) - age   9:     135784 bytes,    9849088 total
[2025-03-20T13:26:19.305+0000][7][gc,age      ] GC(33) - age  10:    1734264 bytes,   11583352 total
[2025-03-20T13:26:19.305+0000][7][gc,age      ] GC(33) - age  11:     593864 bytes,   12177216 total
[2025-03-20T13:26:19.305+0000][7][gc,age      ] GC(33) - age  12:    1888496 bytes,   14065712 total
[2025-03-20T13:26:19.305+0000][7][gc,age      ] GC(33) - age  13:     880928 bytes,   14946640 total
[2025-03-20T13:26:19.305+0000][7][gc,age      ] GC(33) - age  14:    3441160 bytes,   18387800 total
[2025-03-20T13:26:19.305+0000][7][gc,phases   ] GC(33)   Pre Evacuate Collection Set: 0.1ms
[2025-03-20T13:26:19.305+0000][7][gc,phases   ] GC(33)   Merge Heap Roots: 0.1ms
[2025-03-20T13:26:19.305+0000][7][gc,phases   ] GC(33)   Evacuate Collection Set: 5.8ms
[2025-03-20T13:26:19.305+0000][7][gc,phases   ] GC(33)   Post Evacuate Collection Set: 1.1ms
[2025-03-20T13:26:19.305+0000][7][gc,phases   ] GC(33)   Other: 0.2ms
[2025-03-20T13:26:19.305+0000][7][gc,heap     ] GC(33) Eden regions: 67->0(67)
[2025-03-20T13:26:19.305+0000][7][gc,heap     ] GC(33) Survivor regions: 5->5(9)
[2025-03-20T13:26:19.305+0000][7][gc,heap     ] GC(33) Old regions: 24->24
[2025-03-20T13:26:19.305+0000][7][gc,heap     ] GC(33) Archive regions: 2->2
[2025-03-20T13:26:19.305+0000][7][gc,heap     ] GC(33) Humongous regions: 5->5
[2025-03-20T13:26:19.305+0000][7][gc,metaspace] GC(33) Metaspace: 119012K(120768K)->119012K(120768K) NonClass: 103420K(104448K)->103420K(104448K) Class: 15592K(16320K)->15592K(16320K)
[2025-03-20T13:26:19.305+0000][7][gc          ] GC(33) Pause Young (Normal) (G1 Evacuation Pause) 403M->136M(512M) 7.443ms
[2025-03-20T13:26:19.305+0000][7][gc,cpu      ] GC(33) User=0.03s Sys=0.00s Real=0.01s
[2025-03-20T13:26:19.305+0000][7][safepoint   ] Safepoint "G1CollectForAllocation", Time since last: 140790083 ns, Reaching safepoint: 88057 ns, At safepoint: 7522721 ns, Total: 7610778 ns
[2025-03-20T13:26:20.306+0000][7][safepoint   ] Safepoint "Cleanup", Time since last: 1000618239 ns, Reaching safepoint: 91083 ns, At safepoint: 3837 ns, Total: 94920 ns
[2025-03-20T13:26:21.306+0000][7][safepoint   ] Safepoint "Cleanup", Time since last: 1000384605 ns, Reaching safepoint: 110541 ns, At safepoint: 4168 ns, Total: 114709 ns
[2025-03-20T13:26:22.307+0000][7][safepoint   ] Safepoint "Cleanup", Time since last: 1000601350 ns, Reaching safepoint: 119868 ns, At safepoint: 5069 ns, Total: 124937 ns
[2025-03-20T13:26:24.307+0000][7][safepoint   ] Safepoint "Cleanup", Time since last: 2000346446 ns, Reaching safepoint: 131511 ns, At safepoint: 6041 ns, Total: 137552 ns
[2025-03-20T13:26:26.307+0000][7][safepoint   ] Safepoint "Cleanup", Time since last: 1999503778 ns, Reaching safepoint: 218025 ns, At safepoint: 4879 ns, Total: 222904 ns
[2025-03-20T13:26:28.308+0000][7][safepoint   ] Safepoint "Cleanup", Time since last: 2000993979 ns, Reaching safepoint: 85854 ns, At safepoint: 4168 ns, Total: 90022 ns
[2025-03-20T13:26:29.309+0000][7][safepoint   ] Safepoint "Cleanup", Time since last: 1000383883 ns, Reaching safepoint: 116853 ns, At safepoint: 5861 ns, Total: 122714 ns
[2025-03-20T13:26:31.311+0000][7][safepoint   ] Safepoint "Cleanup", Time since last: 2001862477 ns, Reaching safepoint: 174883 ns, At safepoint: 20339 ns, Total: 195222 ns
[2025-03-20T13:26:32.311+0000][7][safepoint   ] Safepoint "Cleanup", Time since last: 1000228388 ns, Reaching safepoint: 98437 ns, At safepoint: 4439 ns, Total: 102876 ns
[2025-03-20T13:26:33.312+0000][7][safepoint   ] Safepoint "Cleanup", Time since last: 1000464747 ns, Reaching safepoint: 126622 ns, At safepoint: 4899 ns, Total: 131521 ns
[2025-03-20T13:26:34.312+0000][7][safepoint   ] Safepoint "Cleanup", Time since last: 1000401495 ns, Reaching safepoint: 149234 ns, At safepoint: 5871 ns, Total: 155105 ns
[2025-03-20T13:26:36.314+0000][7][safepoint   ] Safepoint "Cleanup", Time since last: 2001537706 ns, Reaching safepoint: 96303 ns, At safepoint: 3256 ns, Total: 99559 ns
[2025-03-20T13:26:37.315+0000][7][safepoint   ] Safepoint "Cleanup", Time since last: 1000277453 ns, Reaching safepoint: 1063644 ns, At safepoint: 42621 ns, Total: 1106265 ns
[2025-03-20T13:26:38.403+0000][7][safepoint   ] Safepoint "Cleanup", Time since last: 1087086097 ns, Reaching safepoint: 257723 ns, At safepoint: 7615 ns, Total: 265338 ns
[2025-03-20T13:26:39.403+0000][7][safepoint   ] Safepoint "Cleanup", Time since last: 1000312374 ns, Reaching safepoint: 120533 ns, At safepoint: 6993 ns, Total: 127526 ns
[2025-03-20T13:26:40.404+0000][7][safepoint   ] Safepoint "Cleanup", Time since last: 1000535125 ns, Reaching safepoint: 112664 ns, At safepoint: 5701 ns, Total: 118365 ns
[2025-03-20T13:26:41.405+0000][7][safepoint   ] Safepoint "Cleanup", Time since last: 1001044386 ns, Reaching safepoint: 133545 ns, At safepoint: 4147 ns, Total: 137692 ns
[2025-03-20T13:26:43.406+0000][7][safepoint   ] Safepoint "Cleanup", Time since last: 2001466252 ns, Reaching safepoint: 86826 ns, At safepoint: 3536 ns, Total: 90362 ns
[2025-03-20T13:26:44.408+0000][7][safepoint   ] Safepoint "Cleanup", Time since last: 1000980691 ns, Reaching safepoint: 127874 ns, At safepoint: 5530 ns, Total: 133404 ns
[2025-03-20T13:26:45.408+0000][7][safepoint   ] Safepoint "Cleanup", Time since last: 1000235691 ns, Reaching safepoint: 83549 ns, At safepoint: 3407 ns, Total: 86956 ns
[2025-03-20T13:26:46.409+0000][7][safepoint   ] Safepoint "Cleanup", Time since last: 1000967204 ns, Reaching safepoint: 84331 ns, At safepoint: 4158 ns, Total: 88489 ns
[2025-03-20T13:26:48.411+0000][7][safepoint   ] Safepoint "Cleanup", Time since last: 2001612728 ns, Reaching safepoint: 103891 ns, At safepoint: 6422 ns, Total: 110313 ns
[2025-03-20T13:26:49.411+0000][7][safepoint   ] Safepoint "Cleanup", Time since last: 1000528776 ns, Reaching safepoint: 95893 ns, At safepoint: 3777 ns, Total: 99670 ns
[2025-03-20T13:26:50.412+0000][7][safepoint   ] Safepoint "Cleanup", Time since last: 1001004464 ns, Reaching safepoint: 96584 ns, At safepoint: 3887 ns, Total: 100471 ns
[2025-03-20T13:26:51.413+0000][7][safepoint   ] Safepoint "Cleanup", Time since last: 1000344662 ns, Reaching safepoint: 105481 ns, At safepoint: 4148 ns, Total: 109629 ns
[2025-03-20T13:26:52.414+0000][7][safepoint   ] Safepoint "Cleanup", Time since last: 1000581119 ns, Reaching safepoint: 111663 ns, At safepoint: 4679 ns, Total: 116342 ns
[2025-03-20T13:26:53.414+0000][7][safepoint   ] Safepoint "Cleanup", Time since last: 1000293354 ns, Reaching safepoint: 91074 ns, At safepoint: 3246 ns, Total: 94320 ns
[2025-03-20T13:26:54.415+0000][7][safepoint   ] Safepoint "Cleanup", Time since last: 1000853132 ns, Reaching safepoint: 69984 ns, At safepoint: 3436 ns, Total: 73420 ns
[2025-03-20T13:26:55.416+0000][7][safepoint   ] Safepoint "Cleanup", Time since last: 1000923294 ns, Reaching safepoint: 126651 ns, At safepoint: 4829 ns, Total: 131480 ns
[2025-03-20T13:26:56.416+0000][7][safepoint   ] Safepoint "Cleanup", Time since last: 1000262934 ns, Reaching safepoint: 157841 ns, At safepoint: 4979 ns, Total: 162820 ns
[2025-03-20T13:26:58.418+0000][7][safepoint   ] Safepoint "Cleanup", Time since last: 2001311914 ns, Reaching safepoint: 104048 ns, At safepoint: 3667 ns, Total: 107715 ns
[2025-03-20T13:27:01.420+0000][7][safepoint   ] Safepoint "Cleanup", Time since last: 3001869686 ns, Reaching safepoint: 212355 ns, At safepoint: 5069 ns, Total: 217424 ns
[2025-03-20T13:27:02.421+0000][7][safepoint   ] Safepoint "Cleanup", Time since last: 1001113871 ns, Reaching safepoint: 130839 ns, At safepoint: 6072 ns, Total: 136911 ns
[2025-03-20T13:27:03.421+0000][7][safepoint   ] Safepoint "Cleanup", Time since last: 1000174662 ns, Reaching safepoint: 103036 ns, At safepoint: 3667 ns, Total: 106703 ns
[2025-03-20T13:27:04.422+0000][7][safepoint   ] Safepoint "Cleanup", Time since last: 1000488065 ns, Reaching safepoint: 140435 ns, At safepoint: 6503 ns, Total: 146938 ns
[2025-03-20T13:27:06.424+0000][7][safepoint   ] Safepoint "Cleanup", Time since last: 2001434054 ns, Reaching safepoint: 180444 ns, At safepoint: 5310 ns, Total: 185754 ns
[2025-03-20T13:27:07.424+0000][7][safepoint   ] Safepoint "Cleanup", Time since last: 1000491931 ns, Reaching safepoint: 145427 ns, At safepoint: 6402 ns, Total: 151829 ns
[2025-03-20T13:27:08.425+0000][7][safepoint   ] Safepoint "Cleanup", Time since last: 1000143237 ns, Reaching safepoint: 156408 ns, At safepoint: 4809 ns, Total: 161217 ns
[2025-03-20T13:27:08.885+0000][7][gc,start    ] GC(34) Pause Young (Normal) (G1 Evacuation Pause)
[2025-03-20T13:27:08.885+0000][7][gc,task     ] GC(34) Using 8 workers of 8 for evacuation
[2025-03-20T13:27:08.885+0000][7][gc,age      ] GC(34) Desired survivor size 18874368 bytes, new threshold 15 (max threshold 15)
[2025-03-20T13:27:08.892+0000][7][gc,age      ] GC(34) Age table with threshold 15 (max threshold 15)
[2025-03-20T13:27:08.892+0000][7][gc,age      ] GC(34) - age   1:    1244664 bytes,    1244664 total
[2025-03-20T13:27:08.892+0000][7][gc,age      ] GC(34) - age   2:      75208 bytes,    1319872 total
[2025-03-20T13:27:08.892+0000][7][gc,age      ] GC(34) - age   3:      47568 bytes,    1367440 total
[2025-03-20T13:27:08.892+0000][7][gc,age      ] GC(34) - age   4:    1530056 bytes,    2897496 total
[2025-03-20T13:27:08.892+0000][7][gc,age      ] GC(34) - age   5:    2299040 bytes,    5196536 total
[2025-03-20T13:27:08.892+0000][7][gc,age      ] GC(34) - age   6:    4028984 bytes,    9225520 total
[2025-03-20T13:27:08.892+0000][7][gc,age      ] GC(34) - age   7:     787792 bytes,   10013312 total
[2025-03-20T13:27:08.892+0000][7][gc,age      ] GC(34) - age   8:      16792 bytes,   10030104 total
[2025-03-20T13:27:08.892+0000][7][gc,age      ] GC(34) - age   9:      56976 bytes,   10087080 total
[2025-03-20T13:27:08.892+0000][7][gc,age      ] GC(34) - age  10:     133008 bytes,   10220088 total
[2025-03-20T13:27:08.892+0000][7][gc,age      ] GC(34) - age  11:    1734264 bytes,   11954352 total
[2025-03-20T13:27:08.892+0000][7][gc,age      ] GC(34) - age  12:     592976 bytes,   12547328 total
[2025-03-20T13:27:08.892+0000][7][gc,age      ] GC(34) - age  13:    1790368 bytes,   14337696 total
[2025-03-20T13:27:08.892+0000][7][gc,age      ] GC(34) - age  14:     837968 bytes,   15175664 total
[2025-03-20T13:27:08.892+0000][7][gc,age      ] GC(34) - age  15:    3397832 bytes,   18573496 total
[2025-03-20T13:27:08.892+0000][7][gc,phases   ] GC(34)   Pre Evacuate Collection Set: 0.1ms
[2025-03-20T13:27:08.892+0000][7][gc,phases   ] GC(34)   Merge Heap Roots: 0.1ms
[2025-03-20T13:27:08.892+0000][7][gc,phases   ] GC(34)   Evacuate Collection Set: 5.2ms
[2025-03-20T13:27:08.892+0000][7][gc,phases   ] GC(34)   Post Evacuate Collection Set: 1.9ms
[2025-03-20T13:27:08.892+0000][7][gc,phases   ] GC(34)   Other: 0.2ms
[2025-03-20T13:27:08.892+0000][7][gc,heap     ] GC(34) Eden regions: 67->0(67)
[2025-03-20T13:27:08.892+0000][7][gc,heap     ] GC(34) Survivor regions: 5->5(9)
[2025-03-20T13:27:08.892+0000][7][gc,heap     ] GC(34) Old regions: 24->24
[2025-03-20T13:27:08.892+0000][7][gc,heap     ] GC(34) Archive regions: 2->2
[2025-03-20T13:27:08.892+0000][7][gc,heap     ] GC(34) Humongous regions: 5->5
[2025-03-20T13:27:08.893+0000][7][gc,metaspace] GC(34) Metaspace: 119209K(120896K)->119209K(120896K) NonClass: 103616K(104576K)->103616K(104576K) Class: 15592K(16320K)->15592K(16320K)
[2025-03-20T13:27:08.893+0000][7][gc          ] GC(34) Pause Young (Normal) (G1 Evacuation Pause) 404M->136M(512M) 7.468ms
[2025-03-20T13:27:08.893+0000][7][gc,cpu      ] GC(34) User=0.03s Sys=0.00s Real=0.01s
[2025-03-20T13:27:08.893+0000][7][safepoint   ] Safepoint "G1CollectForAllocation", Time since last: 460326307 ns, Reaching safepoint: 76526 ns, At safepoint: 7559306 ns, Total: 7635832 ns
[2025-03-20T13:27:09.895+0000][7][safepoint   ] Safepoint "Cleanup", Time since last: 1000996276 ns, Reaching safepoint: 1057376 ns, At safepoint: 18535 ns, Total: 1075911 ns
[2025-03-20T13:27:10.895+0000][7][safepoint   ] Safepoint "Cleanup", Time since last: 1000240000 ns, Reaching safepoint: 146108 ns, At safepoint: 4619 ns, Total: 150727 ns
[2025-03-20T13:27:11.896+0000][7][safepoint   ] Safepoint "Cleanup", Time since last: 1000467055 ns, Reaching safepoint: 801073 ns, At safepoint: 6893 ns, Total: 807966 ns
[2025-03-20T13:27:13.898+0000][7][safepoint   ] Safepoint "Cleanup", Time since last: 2001643517 ns, Reaching safepoint: 148773 ns, At safepoint: 5050 ns, Total: 153823 ns
[2025-03-20T13:27:15.899+0000][7][safepoint   ] Safepoint "Cleanup", Time since last: 2001227644 ns, Reaching safepoint: 96213 ns, At safepoint: 3747 ns, Total: 99960 ns
[2025-03-20T13:27:16.900+0000][7][safepoint   ] Safepoint "Cleanup", Time since last: 1000373084 ns, Reaching safepoint: 124797 ns, At safepoint: 4549 ns, Total: 129346 ns
[2025-03-20T13:27:18.902+0000][7][safepoint   ] Safepoint "Cleanup", Time since last: 2001566788 ns, Reaching safepoint: 122122 ns, At safepoint: 4198 ns, Total: 126320 ns
[2025-03-20T13:27:19.903+0000][7][safepoint   ] Safepoint "Cleanup", Time since last: 1000742968 ns, Reaching safepoint: 130118 ns, At safepoint: 4128 ns, Total: 134246 ns
[2025-03-20T13:27:20.903+0000][7][safepoint   ] Safepoint "Cleanup", Time since last: 1000454079 ns, Reaching safepoint: 139906 ns, At safepoint: 4268 ns, Total: 144174 ns
[2025-03-20T13:27:21.904+0000][7][safepoint   ] Safepoint "Cleanup", Time since last: 1000513823 ns, Reaching safepoint: 87436 ns, At safepoint: 4329 ns, Total: 91765 ns
[2025-03-20T13:27:22.905+0000][7][safepoint   ] Safepoint "Cleanup", Time since last: 1000990628 ns, Reaching safepoint: 150769 ns, At safepoint: 30318 ns, Total: 181087 ns
[2025-03-20T13:27:23.905+0000][7][safepoint   ] Safepoint "Cleanup", Time since last: 1000316283 ns, Reaching safepoint: 98026 ns, At safepoint: 5902 ns, Total: 103928 ns
[2025-03-20T13:27:24.906+0000][7][safepoint   ] Safepoint "Cleanup", Time since last: 1000604194 ns, Reaching safepoint: 192085 ns, At safepoint: 8427 ns, Total: 200512 ns
[2025-03-20T13:27:25.907+0000][7][safepoint   ] Safepoint "Cleanup", Time since last: 1000959561 ns, Reaching safepoint: 179943 ns, At safepoint: 9638 ns, Total: 189581 ns
[2025-03-20T13:27:28.909+0000][7][safepoint   ] Safepoint "Cleanup", Time since last: 3001515885 ns, Reaching safepoint: 133223 ns, At safepoint: 4299 ns, Total: 137522 ns
[2025-03-20T13:27:31.911+0000][7][safepoint   ] Safepoint "Cleanup", Time since last: 3001805265 ns, Reaching safepoint: 172769 ns, At safepoint: 6672 ns, Total: 179441 ns
[2025-03-20T13:27:32.911+0000][7][safepoint   ] Safepoint "Cleanup", Time since last: 1000330293 ns, Reaching safepoint: 156869 ns, At safepoint: 9528 ns, Total: 166397 ns
[2025-03-20T13:27:33.912+0000][7][safepoint   ] Safepoint "Cleanup", Time since last: 1000682513 ns, Reaching safepoint: 114812 ns, At safepoint: 6983 ns, Total: 121795 ns
[2025-03-20T13:27:34.913+0000][7][safepoint   ] Safepoint "Cleanup", Time since last: 1000515645 ns, Reaching safepoint: 122493 ns, At safepoint: 4278 ns, Total: 126771 ns
[2025-03-20T13:27:35.914+0000][7][safepoint   ] Safepoint "Cleanup", Time since last: 1000720733 ns, Reaching safepoint: 99970 ns, At safepoint: 4879 ns, Total: 104849 ns
[2025-03-20T13:27:36.914+0000][7][safepoint   ] Safepoint "Cleanup", Time since last: 1000299045 ns, Reaching safepoint: 129567 ns, At safepoint: 4348 ns, Total: 133915 ns
[2025-03-20T13:27:37.915+0000][7][safepoint   ] Safepoint "Cleanup", Time since last: 1000475754 ns, Reaching safepoint: 115590 ns, At safepoint: 3868 ns, Total: 119458 ns
[2025-03-20T13:27:38.915+0000][7][safepoint   ] Safepoint "Cleanup", Time since last: 1000637194 ns, Reaching safepoint: 165217 ns, At safepoint: 7304 ns, Total: 172521 ns
[2025-03-20T13:27:39.916+0000][7][safepoint   ] Safepoint "Cleanup", Time since last: 1000270927 ns, Reaching safepoint: 109438 ns, At safepoint: 4368 ns, Total: 113806 ns
[2025-03-20T13:27:40.916+0000][7][safepoint   ] Safepoint "Cleanup", Time since last: 1000210154 ns, Reaching safepoint: 129086 ns, At safepoint: 7454 ns, Total: 136540 ns
[2025-03-20T13:27:41.917+0000][7][safepoint   ] Safepoint "Cleanup", Time since last: 1000291275 ns, Reaching safepoint: 92275 ns, At safepoint: 3788 ns, Total: 96063 ns
[2025-03-20T13:27:43.918+0000][7][safepoint   ] Safepoint "Cleanup", Time since last: 2000882040 ns, Reaching safepoint: 100712 ns, At safepoint: 3577 ns, Total: 104289 ns
[2025-03-20T13:27:45.918+0000][7][safepoint   ] Safepoint "Cleanup", Time since last: 2000565007 ns, Reaching safepoint: 218025 ns, At safepoint: 8366 ns, Total: 226391 ns
[2025-03-20T13:27:46.919+0000][7][safepoint   ] Safepoint "Cleanup", Time since last: 1000582291 ns, Reaching safepoint: 115070 ns, At safepoint: 5109 ns, Total: 120179 ns
[2025-03-20T13:27:47.920+0000][7][safepoint   ] Safepoint "Cleanup", Time since last: 1000665762 ns, Reaching safepoint: 107605 ns, At safepoint: 5981 ns, Total: 113586 ns
[2025-03-20T13:27:48.921+0000][7][safepoint   ] Safepoint "Cleanup", Time since last: 1000528339 ns, Reaching safepoint: 135097 ns, At safepoint: 4499 ns, Total: 139596 ns
[2025-03-20T13:27:49.921+0000][7][safepoint   ] Safepoint "Cleanup", Time since last: 1000231409 ns, Reaching safepoint: 303548 ns, At safepoint: 12394 ns, Total: 315942 ns
[2025-03-20T13:27:50.922+0000][7][safepoint   ] Safepoint "Cleanup", Time since last: 1000630400 ns, Reaching safepoint: 132372 ns, At safepoint: 6332 ns, Total: 138704 ns
[2025-03-20T13:27:52.923+0000][7][safepoint   ] Safepoint "Cleanup", Time since last: 2000740709 ns, Reaching safepoint: 123455 ns, At safepoint: 4699 ns, Total: 128154 ns
[2025-03-20T13:27:53.924+0000][7][safepoint   ] Safepoint "Cleanup", Time since last: 1000724262 ns, Reaching safepoint: 454105 ns, At safepoint: 7996 ns, Total: 462101 ns
[2025-03-20T13:27:55.925+0000][7][safepoint   ] Safepoint "Cleanup", Time since last: 2000646643 ns, Reaching safepoint: 240869 ns, At safepoint: 6803 ns, Total: 247672 ns
[2025-03-20T13:27:58.927+0000][7][safepoint   ] Safepoint "Cleanup", Time since last: 3001983557 ns, Reaching safepoint: 102385 ns, At safepoint: 3707 ns, Total: 106092 ns
[2025-03-20T13:28:00.927+0000][7][safepoint   ] Safepoint "Cleanup", Time since last: 2000290554 ns, Reaching safepoint: 103697 ns, At safepoint: 3677 ns, Total: 107374 ns
[2025-03-20T13:28:01.313+0000][7][gc,start    ] GC(35) Pause Young (Normal) (G1 Evacuation Pause)
[2025-03-20T13:28:01.313+0000][7][gc,task     ] GC(35) Using 8 workers of 8 for evacuation
[2025-03-20T13:28:01.313+0000][7][gc,age      ] GC(35) Desired survivor size 18874368 bytes, new threshold 15 (max threshold 15)
[2025-03-20T13:28:01.319+0000][7][gc,age      ] GC(35) Age table with threshold 15 (max threshold 15)
[2025-03-20T13:28:01.319+0000][7][gc,age      ] GC(35) - age   1:    1744368 bytes,    1744368 total
[2025-03-20T13:28:01.319+0000][7][gc,age      ] GC(35) - age   2:     257864 bytes,    2002232 total
[2025-03-20T13:28:01.319+0000][7][gc,age      ] GC(35) - age   3:      73616 bytes,    2075848 total
[2025-03-20T13:28:01.319+0000][7][gc,age      ] GC(35) - age   4:      46896 bytes,    2122744 total
[2025-03-20T13:28:01.319+0000][7][gc,age      ] GC(35) - age   5:    1339248 bytes,    3461992 total
[2025-03-20T13:28:01.319+0000][7][gc,age      ] GC(35) - age   6:    2266288 bytes,    5728280 total
[2025-03-20T13:28:01.319+0000][7][gc,age      ] GC(35) - age   7:    4012264 bytes,    9740544 total
[2025-03-20T13:28:01.319+0000][7][gc,age      ] GC(35) - age   8:     751464 bytes,   10492008 total
[2025-03-20T13:28:01.319+0000][7][gc,age      ] GC(35) - age   9:      16792 bytes,   10508800 total
[2025-03-20T13:28:01.319+0000][7][gc,age      ] GC(35) - age  10:      56800 bytes,   10565600 total
[2025-03-20T13:28:01.319+0000][7][gc,age      ] GC(35) - age  11:     125616 bytes,   10691216 total
[2025-03-20T13:28:01.319+0000][7][gc,age      ] GC(35) - age  12:    1732416 bytes,   12423632 total
[2025-03-20T13:28:01.319+0000][7][gc,age      ] GC(35) - age  13:     592976 bytes,   13016608 total
[2025-03-20T13:28:01.319+0000][7][gc,age      ] GC(35) - age  14:    1790368 bytes,   14806976 total
[2025-03-20T13:28:01.319+0000][7][gc,age      ] GC(35) - age  15:     825056 bytes,   15632032 total
[2025-03-20T13:28:01.319+0000][7][gc,phases   ] GC(35)   Pre Evacuate Collection Set: 0.1ms
[2025-03-20T13:28:01.319+0000][7][gc,phases   ] GC(35)   Merge Heap Roots: 0.1ms
[2025-03-20T13:28:01.319+0000][7][gc,phases   ] GC(35)   Evacuate Collection Set: 5.2ms
[2025-03-20T13:28:01.319+0000][7][gc,phases   ] GC(35)   Post Evacuate Collection Set: 1.2ms
[2025-03-20T13:28:01.319+0000][7][gc,phases   ] GC(35)   Other: 0.2ms
[2025-03-20T13:28:01.319+0000][7][gc,heap     ] GC(35) Eden regions: 67->0(68)
[2025-03-20T13:28:01.319+0000][7][gc,heap     ] GC(35) Survivor regions: 5->4(9)
[2025-03-20T13:28:01.319+0000][7][gc,heap     ] GC(35) Old regions: 24->25
[2025-03-20T13:28:01.319+0000][7][gc,heap     ] GC(35) Archive regions: 2->2
[2025-03-20T13:28:01.319+0000][7][gc,heap     ] GC(35) Humongous regions: 5->5
[2025-03-20T13:28:01.319+0000][7][gc,metaspace] GC(35) Metaspace: 119366K(121024K)->119366K(121024K) NonClass: 103773K(104704K)->103773K(104704K) Class: 15592K(16320K)->15592K(16320K)
[2025-03-20T13:28:01.319+0000][7][gc          ] GC(35) Pause Young (Normal) (G1 Evacuation Pause) 404M->136M(512M) 6.962ms
[2025-03-20T13:28:01.320+0000][7][gc,cpu      ] GC(35) User=0.03s Sys=0.00s Real=0.01s
[2025-03-20T13:28:01.320+0000][7][safepoint   ] Safepoint "G1CollectForAllocation", Time since last: 385069238 ns, Reaching safepoint: 132473 ns, At safepoint: 7058583 ns, Total: 7191056 ns
[2025-03-20T13:28:02.320+0000][7][safepoint   ] Safepoint "Cleanup", Time since last: 1000682562 ns, Reaching safepoint: 191806 ns, At safepoint: 6913 ns, Total: 198719 ns
[2025-03-20T13:28:04.322+0000][7][safepoint   ] Safepoint "Cleanup", Time since last: 2001040844 ns, Reaching safepoint: 87256 ns, At safepoint: 2745 ns, Total: 90001 ns
[2025-03-20T13:28:06.323+0000][7][safepoint   ] Safepoint "Cleanup", Time since last: 2000944153 ns, Reaching safepoint: 184391 ns, At safepoint: 4468 ns, Total: 188859 ns
[2025-03-20T13:28:07.323+0000][7][safepoint   ] Safepoint "Cleanup", Time since last: 1000274716 ns, Reaching safepoint: 63321 ns, At safepoint: 2905 ns, Total: 66226 ns
[2025-03-20T13:28:08.324+0000][7][safepoint   ] Safepoint "Cleanup", Time since last: 1001014235 ns, Reaching safepoint: 159454 ns, At safepoint: 4799 ns, Total: 164253 ns
[2025-03-20T13:28:09.325+0000][7][safepoint   ] Safepoint "Cleanup", Time since last: 1000952096 ns, Reaching safepoint: 65845 ns, At safepoint: 3437 ns, Total: 69282 ns
[2025-03-20T13:28:10.326+0000][7][safepoint   ] Safepoint "Cleanup", Time since last: 1000713772 ns, Reaching safepoint: 103547 ns, At safepoint: 3356 ns, Total: 106903 ns
[2025-03-20T13:28:11.327+0000][7][safepoint   ] Safepoint "Cleanup", Time since last: 1000561773 ns, Reaching safepoint: 163482 ns, At safepoint: 5881 ns, Total: 169363 ns
[2025-03-20T13:28:12.328+0000][7][safepoint   ] Safepoint "Cleanup", Time since last: 1001066114 ns, Reaching safepoint: 143253 ns, At safepoint: 4559 ns, Total: 147812 ns
[2025-03-20T13:28:13.329+0000][7][safepoint   ] Safepoint "Cleanup", Time since last: 1000619773 ns, Reaching safepoint: 78670 ns, At safepoint: 3326 ns, Total: 81996 ns
[2025-03-20T13:28:14.329+0000][7][safepoint   ] Safepoint "Cleanup", Time since last: 1000215552 ns, Reaching safepoint: 110400 ns, At safepoint: 4920 ns, Total: 115320 ns
[2025-03-20T13:28:16.331+0000][7][safepoint   ] Safepoint "Cleanup", Time since last: 2001404280 ns, Reaching safepoint: 123706 ns, At safepoint: 4428 ns, Total: 128134 ns
[2025-03-20T13:28:19.333+0000][7][safepoint   ] Safepoint "Cleanup", Time since last: 3001938480 ns, Reaching safepoint: 129667 ns, At safepoint: 12574 ns, Total: 142241 ns
[2025-03-20T13:28:20.333+0000][7][safepoint   ] Safepoint "Cleanup", Time since last: 1000503924 ns, Reaching safepoint: 184852 ns, At safepoint: 13906 ns, Total: 198758 ns
[2025-03-20T13:28:21.334+0000][7][safepoint   ] Safepoint "Cleanup", Time since last: 1000688801 ns, Reaching safepoint: 442543 ns, At safepoint: 7174 ns, Total: 449717 ns
[2025-03-20T13:28:22.335+0000][7][safepoint   ] Safepoint "Cleanup", Time since last: 1000204687 ns, Reaching safepoint: 182955 ns, At safepoint: 7033 ns, Total: 189988 ns
[2025-03-20T13:28:24.337+0000][7][safepoint   ] Safepoint "Cleanup", Time since last: 2001108290 ns, Reaching safepoint: 542103 ns, At safepoint: 9238 ns, Total: 551341 ns
[2025-03-20T13:28:25.338+0000][7][safepoint   ] Safepoint "Cleanup", Time since last: 1000645222 ns, Reaching safepoint: 1206758 ns, At safepoint: 18706 ns, Total: 1225464 ns
[2025-03-20T13:28:26.339+0000][7][safepoint   ] Safepoint "Cleanup", Time since last: 1000704653 ns, Reaching safepoint: 101684 ns, At safepoint: 4588 ns, Total: 106272 ns
[2025-03-20T13:28:28.341+0000][7][safepoint   ] Safepoint "Cleanup", Time since last: 2001197236 ns, Reaching safepoint: 158915 ns, At safepoint: 7965 ns, Total: 166880 ns
[2025-03-20T13:28:29.342+0000][7][safepoint   ] Safepoint "Cleanup", Time since last: 1000782160 ns, Reaching safepoint: 156317 ns, At safepoint: 4739 ns, Total: 161056 ns
[2025-03-20T13:28:31.344+0000][7][safepoint   ] Safepoint "Cleanup", Time since last: 2001478130 ns, Reaching safepoint: 1102262 ns, At safepoint: 26660 ns, Total: 1128922 ns
[2025-03-20T13:28:32.345+0000][7][safepoint   ] Safepoint "Cleanup", Time since last: 1001034113 ns, Reaching safepoint: 163091 ns, At safepoint: 4699 ns, Total: 167790 ns
[2025-03-20T13:28:34.347+0000][7][safepoint   ] Safepoint "Cleanup", Time since last: 2001469523 ns, Reaching safepoint: 90142 ns, At safepoint: 8075 ns, Total: 98217 ns
[2025-03-20T13:28:36.348+0000][7][safepoint   ] Safepoint "Cleanup", Time since last: 2000967950 ns, Reaching safepoint: 132713 ns, At safepoint: 7935 ns, Total: 140648 ns
[2025-03-20T13:28:37.349+0000][7][safepoint   ] Safepoint "Cleanup", Time since last: 1000982001 ns, Reaching safepoint: 95211 ns, At safepoint: 4168 ns, Total: 99379 ns
[2025-03-20T13:28:38.350+0000][7][safepoint   ] Safepoint "Cleanup", Time since last: 1000731186 ns, Reaching safepoint: 103577 ns, At safepoint: 4138 ns, Total: 107715 ns
[2025-03-20T13:28:39.351+0000][7][safepoint   ] Safepoint "Cleanup", Time since last: 1000864212 ns, Reaching safepoint: 105220 ns, At safepoint: 4268 ns, Total: 109488 ns
[2025-03-20T13:28:40.351+0000][7][safepoint   ] Safepoint "Cleanup", Time since last: 1000166599 ns, Reaching safepoint: 154153 ns, At safepoint: 6863 ns, Total: 161016 ns
[2025-03-20T13:28:41.352+0000][7][safepoint   ] Safepoint "Cleanup", Time since last: 1000816072 ns, Reaching safepoint: 128350 ns, At safepoint: 8396 ns, Total: 136746 ns
[2025-03-20T13:28:42.353+0000][7][safepoint   ] Safepoint "Cleanup", Time since last: 1000442886 ns, Reaching safepoint: 95201 ns, At safepoint: 3617 ns, Total: 98818 ns
[2025-03-20T13:28:43.354+0000][7][safepoint   ] Safepoint "Cleanup", Time since last: 1001092037 ns, Reaching safepoint: 85794 ns, At safepoint: 3106 ns, Total: 88900 ns
[2025-03-20T13:28:44.354+0000][7][safepoint   ] Safepoint "Cleanup", Time since last: 1000423025 ns, Reaching safepoint: 129126 ns, At safepoint: 6372 ns, Total: 135498 ns
[2025-03-20T13:28:45.355+0000][7][safepoint   ] Safepoint "Cleanup", Time since last: 1000848913 ns, Reaching safepoint: 108166 ns, At safepoint: 5310 ns, Total: 113476 ns
[2025-03-20T13:28:46.356+0000][7][safepoint   ] Safepoint "Cleanup", Time since last: 1000556953 ns, Reaching safepoint: 112695 ns, At safepoint: 4469 ns, Total: 117164 ns
[2025-03-20T13:28:47.357+0000][7][safepoint   ] Safepoint "Cleanup", Time since last: 1000571528 ns, Reaching safepoint: 143984 ns, At safepoint: 7013 ns, Total: 150997 ns
[2025-03-20T13:28:48.358+0000][7][safepoint   ] Safepoint "Cleanup", Time since last: 1000453427 ns, Reaching safepoint: 235469 ns, At safepoint: 9237 ns, Total: 244706 ns
[2025-03-20T13:28:49.358+0000][7][safepoint   ] Safepoint "Cleanup", Time since last: 1000272001 ns, Reaching safepoint: 165104 ns, At safepoint: 6943 ns, Total: 172047 ns
[2025-03-20T13:28:50.359+0000][7][safepoint   ] Safepoint "Cleanup", Time since last: 1000474076 ns, Reaching safepoint: 121662 ns, At safepoint: 5941 ns, Total: 127603 ns
[2025-03-20T13:28:51.359+0000][7][safepoint   ] Safepoint "Cleanup", Time since last: 1000600738 ns, Reaching safepoint: 157220 ns, At safepoint: 9007 ns, Total: 166227 ns
[2025-03-20T13:28:52.319+0000][7][gc,start    ] GC(36) Pause Young (Normal) (G1 Evacuation Pause)
[2025-03-20T13:28:52.319+0000][7][gc,task     ] GC(36) Using 8 workers of 8 for evacuation
[2025-03-20T13:28:52.319+0000][7][gc,age      ] GC(36) Desired survivor size 18874368 bytes, new threshold 15 (max threshold 15)
[2025-03-20T13:28:52.331+0000][7][gc,age      ] GC(36) Age table with threshold 15 (max threshold 15)
[2025-03-20T13:28:52.331+0000][7][gc,age      ] GC(36) - age   1:    1970088 bytes,    1970088 total
[2025-03-20T13:28:52.331+0000][7][gc,age      ] GC(36) - age   2:     301528 bytes,    2271616 total
[2025-03-20T13:28:52.331+0000][7][gc,age      ] GC(36) - age   3:      46280 bytes,    2317896 total
[2025-03-20T13:28:52.331+0000][7][gc,age      ] GC(36) - age   4:      73032 bytes,    2390928 total
[2025-03-20T13:28:52.331+0000][7][gc,age      ] GC(36) - age   5:      46800 bytes,    2437728 total
[2025-03-20T13:28:52.331+0000][7][gc,age      ] GC(36) - age   6:    1338912 bytes,    3776640 total
[2025-03-20T13:28:52.331+0000][7][gc,age      ] GC(36) - age   7:    2266224 bytes,    6042864 total
[2025-03-20T13:28:52.331+0000][7][gc,age      ] GC(36) - age   8:    4012200 bytes,   10055064 total
[2025-03-20T13:28:52.331+0000][7][gc,age      ] GC(36) - age   9:     751208 bytes,   10806272 total
[2025-03-20T13:28:52.331+0000][7][gc,age      ] GC(36) - age  10:      16792 bytes,   10823064 total
[2025-03-20T13:28:52.331+0000][7][gc,age      ] GC(36) - age  11:      56800 bytes,   10879864 total
[2025-03-20T13:28:52.331+0000][7][gc,age      ] GC(36) - age  12:     125616 bytes,   11005480 total
[2025-03-20T13:28:52.331+0000][7][gc,age      ] GC(36) - age  13:    1732416 bytes,   12737896 total
[2025-03-20T13:28:52.331+0000][7][gc,age      ] GC(36) - age  14:     592976 bytes,   13330872 total
[2025-03-20T13:28:52.331+0000][7][gc,age      ] GC(36) - age  15:    1790368 bytes,   15121240 total
[2025-03-20T13:28:52.331+0000][7][gc,phases   ] GC(36)   Pre Evacuate Collection Set: 0.1ms
[2025-03-20T13:28:52.331+0000][7][gc,phases   ] GC(36)   Merge Heap Roots: 0.1ms
[2025-03-20T13:28:52.331+0000][7][gc,phases   ] GC(36)   Evacuate Collection Set: 8.2ms
[2025-03-20T13:28:52.331+0000][7][gc,phases   ] GC(36)   Post Evacuate Collection Set: 3.3ms
[2025-03-20T13:28:52.331+0000][7][gc,phases   ] GC(36)   Other: 0.3ms
[2025-03-20T13:28:52.331+0000][7][gc,heap     ] GC(36) Eden regions: 68->0(66)
[2025-03-20T13:28:52.331+0000][7][gc,heap     ] GC(36) Survivor regions: 4->5(9)
[2025-03-20T13:28:52.331+0000][7][gc,heap     ] GC(36) Old regions: 25->25
[2025-03-20T13:28:52.331+0000][7][gc,heap     ] GC(36) Archive regions: 2->2
[2025-03-20T13:28:52.331+0000][7][gc,heap     ] GC(36) Humongous regions: 5->5
[2025-03-20T13:28:52.331+0000][7][gc,metaspace] GC(36) Metaspace: 119497K(121216K)->119497K(121216K) NonClass: 103904K(104896K)->103904K(104896K) Class: 15592K(16320K)->15592K(16320K)
[2025-03-20T13:28:52.331+0000][7][gc          ] GC(36) Pause Young (Normal) (G1 Evacuation Pause) 408M->137M(512M) 11.945ms
[2025-03-20T13:28:52.331+0000][7][gc,cpu      ] GC(36) User=0.03s Sys=0.00s Real=0.01s
[2025-03-20T13:28:52.331+0000][7][safepoint   ] Safepoint "G1CollectForAllocation", Time since last: 959687889 ns, Reaching safepoint: 185934 ns, At safepoint: 12035919 ns, Total: 12221853 ns
[2025-03-20T13:28:54.332+0000][7][safepoint   ] Safepoint "Cleanup", Time since last: 2000644986 ns, Reaching safepoint: 86204 ns, At safepoint: 4569 ns, Total: 90773 ns
[2025-03-20T13:28:56.333+0000][7][safepoint   ] Safepoint "Cleanup", Time since last: 2001049987 ns, Reaching safepoint: 405081 ns, At safepoint: 8797 ns, Total: 413878 ns
[2025-03-20T13:28:57.334+0000][7][safepoint   ] Safepoint "Cleanup", Time since last: 1000088663 ns, Reaching safepoint: 168210 ns, At safepoint: 8135 ns, Total: 176345 ns
[2025-03-20T13:28:58.335+0000][7][safepoint   ] Safepoint "Cleanup", Time since last: 1000845584 ns, Reaching safepoint: 117083 ns, At safepoint: 6172 ns, Total: 123255 ns
[2025-03-20T13:28:59.335+0000][7][safepoint   ] Safepoint "Cleanup", Time since last: 1000213599 ns, Reaching safepoint: 163882 ns, At safepoint: 5801 ns, Total: 169683 ns
[2025-03-20T13:29:01.336+0000][7][safepoint   ] Safepoint "Cleanup", Time since last: 2000904718 ns, Reaching safepoint: 92085 ns, At safepoint: 3447 ns, Total: 95532 ns
[2025-03-20T13:29:02.337+0000][7][safepoint   ] Safepoint "Cleanup", Time since last: 1000418661 ns, Reaching safepoint: 172756 ns, At safepoint: 8105 ns, Total: 180861 ns
[2025-03-20T13:29:03.337+0000][7][safepoint   ] Safepoint "Cleanup", Time since last: 1000450867 ns, Reaching safepoint: 222229 ns, At safepoint: 7905 ns, Total: 230134 ns
[2025-03-20T13:29:04.339+0000][7][safepoint   ] Safepoint "Cleanup", Time since last: 1000601581 ns, Reaching safepoint: 631375 ns, At safepoint: 9408 ns, Total: 640783 ns
[2025-03-20T13:29:06.340+0000][7][safepoint   ] Safepoint "Cleanup", Time since last: 2000772844 ns, Reaching safepoint: 142291 ns, At safepoint: 7374 ns, Total: 149665 ns
[2025-03-20T13:29:07.341+0000][7][safepoint   ] Safepoint "Cleanup", Time since last: 1000920705 ns, Reaching safepoint: 238294 ns, At safepoint: 23665 ns, Total: 261959 ns
[2025-03-20T13:29:08.342+0000][7][safepoint   ] Safepoint "Cleanup", Time since last: 1000831131 ns, Reaching safepoint: 455735 ns, At safepoint: 9118 ns, Total: 464853 ns
[2025-03-20T13:29:09.343+0000][7][safepoint   ] Safepoint "Cleanup", Time since last: 1001163701 ns, Reaching safepoint: 132111 ns, At safepoint: 7174 ns, Total: 139285 ns
[2025-03-20T13:29:10.344+0000][7][safepoint   ] Safepoint "Cleanup", Time since last: 1000884201 ns, Reaching safepoint: 69763 ns, At safepoint: 3978 ns, Total: 73741 ns
[2025-03-20T13:29:11.345+0000][7][safepoint   ] Safepoint "Cleanup", Time since last: 1001059164 ns, Reaching safepoint: 91695 ns, At safepoint: 3987 ns, Total: 95682 ns
[2025-03-20T13:29:12.347+0000][7][safepoint   ] Safepoint "Cleanup", Time since last: 1001049357 ns, Reaching safepoint: 130519 ns, At safepoint: 4348 ns, Total: 134867 ns
[2025-03-20T13:29:13.348+0000][7][safepoint   ] Safepoint "Cleanup", Time since last: 1000225513 ns, Reaching safepoint: 674248 ns, At safepoint: 40787 ns, Total: 715035 ns
[2025-03-20T13:29:14.348+0000][7][safepoint   ] Safepoint "Cleanup", Time since last: 1000284294 ns, Reaching safepoint: 126020 ns, At safepoint: 5781 ns, Total: 131801 ns
[2025-03-20T13:29:16.349+0000][7][safepoint   ] Safepoint "Cleanup", Time since last: 2000929014 ns, Reaching safepoint: 121772 ns, At safepoint: 6362 ns, Total: 128134 ns
[2025-03-20T13:29:18.351+0000][7][safepoint   ] Safepoint "Cleanup", Time since last: 2001459819 ns, Reaching safepoint: 177548 ns, At safepoint: 5651 ns, Total: 183199 ns
[2025-03-20T13:29:19.352+0000][7][safepoint   ] Safepoint "Cleanup", Time since last: 1000880197 ns, Reaching safepoint: 124377 ns, At safepoint: 24216 ns, Total: 148593 ns
[2025-03-20T13:29:20.420+0000][7][safepoint   ] Safepoint "Cleanup", Time since last: 1067808745 ns, Reaching safepoint: 261885 ns, At safepoint: 6493 ns, Total: 268378 ns
[2025-03-20T13:29:21.420+0000][7][safepoint   ] Safepoint "Cleanup", Time since last: 1000217937 ns, Reaching safepoint: 80703 ns, At safepoint: 6583 ns, Total: 87286 ns
[2025-03-20T13:29:22.421+0000][7][safepoint   ] Safepoint "Cleanup", Time since last: 1000715400 ns, Reaching safepoint: 162670 ns, At safepoint: 4679 ns, Total: 167349 ns
[2025-03-20T13:29:23.421+0000][7][safepoint   ] Safepoint "Cleanup", Time since last: 1000267522 ns, Reaching safepoint: 195017 ns, At safepoint: 8085 ns, Total: 203102 ns
[2025-03-20T13:29:24.422+0000][7][safepoint   ] Safepoint "Cleanup", Time since last: 1000776885 ns, Reaching safepoint: 219238 ns, At safepoint: 7744 ns, Total: 226982 ns
[2025-03-20T13:29:25.424+0000][7][safepoint   ] Safepoint "Cleanup", Time since last: 1001035046 ns, Reaching safepoint: 104980 ns, At safepoint: 5260 ns, Total: 110240 ns
[2025-03-20T13:29:26.425+0000][7][safepoint   ] Safepoint "Cleanup", Time since last: 1000853638 ns, Reaching safepoint: 122554 ns, At safepoint: 4278 ns, Total: 126832 ns
[2025-03-20T13:29:28.426+0000][7][safepoint   ] Safepoint "Cleanup", Time since last: 2001073000 ns, Reaching safepoint: 143494 ns, At safepoint: 5360 ns, Total: 148854 ns
[2025-03-20T13:29:31.428+0000][7][safepoint   ] Safepoint "Cleanup", Time since last: 3001860128 ns, Reaching safepoint: 103707 ns, At safepoint: 5661 ns, Total: 109368 ns
[2025-03-20T13:29:32.428+0000][7][safepoint   ] Safepoint "Cleanup", Time since last: 1000505734 ns, Reaching safepoint: 155236 ns, At safepoint: 9568 ns, Total: 164804 ns
[2025-03-20T13:29:33.429+0000][7][safepoint   ] Safepoint "Cleanup", Time since last: 1000853664 ns, Reaching safepoint: 77418 ns, At safepoint: 3807 ns, Total: 81225 ns
[2025-03-20T13:29:34.430+0000][7][safepoint   ] Safepoint "Cleanup", Time since last: 1000483811 ns, Reaching safepoint: 79301 ns, At safepoint: 4238 ns, Total: 83539 ns
[2025-03-20T13:29:36.431+0000][7][safepoint   ] Safepoint "Cleanup", Time since last: 2001086730 ns, Reaching safepoint: 102184 ns, At safepoint: 4188 ns, Total: 106372 ns
[2025-03-20T13:29:37.432+0000][7][safepoint   ] Safepoint "Cleanup", Time since last: 1000980068 ns, Reaching safepoint: 114057 ns, At safepoint: 3717 ns, Total: 117774 ns
[2025-03-20T13:29:38.433+0000][7][safepoint   ] Safepoint "Cleanup", Time since last: 1000643665 ns, Reaching safepoint: 56968 ns, At safepoint: 4108 ns, Total: 61076 ns
[2025-03-20T13:29:39.434+0000][7][safepoint   ] Safepoint "Cleanup", Time since last: 1000503492 ns, Reaching safepoint: 140748 ns, At safepoint: 4779 ns, Total: 145527 ns
[2025-03-20T13:29:40.434+0000][7][safepoint   ] Safepoint "Cleanup", Time since last: 1000721059 ns, Reaching safepoint: 86976 ns, At safepoint: 3657 ns, Total: 90633 ns
[2025-03-20T13:29:41.435+0000][7][safepoint   ] Safepoint "Cleanup", Time since last: 1000742183 ns, Reaching safepoint: 84231 ns, At safepoint: 3677 ns, Total: 87908 ns
[2025-03-20T13:29:42.436+0000][7][safepoint   ] Safepoint "Cleanup", Time since last: 1001044792 ns, Reaching safepoint: 153403 ns, At safepoint: 4208 ns, Total: 157611 ns
[2025-03-20T13:29:43.346+0000][7][gc,start    ] GC(37) Pause Young (Normal) (G1 Evacuation Pause)
[2025-03-20T13:29:43.346+0000][7][gc,task     ] GC(37) Using 8 workers of 8 for evacuation
[2025-03-20T13:29:43.346+0000][7][gc,age      ] GC(37) Desired survivor size 18874368 bytes, new threshold 15 (max threshold 15)
[2025-03-20T13:29:43.352+0000][7][gc,age      ] GC(37) Age table with threshold 15 (max threshold 15)
[2025-03-20T13:29:43.352+0000][7][gc,age      ] GC(37) - age   1:    2340544 bytes,    2340544 total
[2025-03-20T13:29:43.352+0000][7][gc,age      ] GC(37) - age   2:      46448 bytes,    2386992 total
[2025-03-20T13:29:43.352+0000][7][gc,age      ] GC(37) - age   3:     266824 bytes,    2653816 total
[2025-03-20T13:29:43.352+0000][7][gc,age      ] GC(37) - age   4:      45280 bytes,    2699096 total
[2025-03-20T13:29:43.352+0000][7][gc,age      ] GC(37) - age   5:      28360 bytes,    2727456 total
[2025-03-20T13:29:43.352+0000][7][gc,age      ] GC(37) - age   6:      11552 bytes,    2739008 total
[2025-03-20T13:29:43.352+0000][7][gc,age      ] GC(37) - age   7:    1259072 bytes,    3998080 total
[2025-03-20T13:29:43.352+0000][7][gc,age      ] GC(37) - age   8:    2251040 bytes,    6249120 total
[2025-03-20T13:29:43.352+0000][7][gc,age      ] GC(37) - age   9:    3890152 bytes,   10139272 total
[2025-03-20T13:29:43.352+0000][7][gc,age      ] GC(37) - age  10:     722752 bytes,   10862024 total
[2025-03-20T13:29:43.352+0000][7][gc,age      ] GC(37) - age  11:      16792 bytes,   10878816 total
[2025-03-20T13:29:43.352+0000][7][gc,age      ] GC(37) - age  12:      56800 bytes,   10935616 total
[2025-03-20T13:29:43.352+0000][7][gc,age      ] GC(37) - age  13:     125616 bytes,   11061232 total
[2025-03-20T13:29:43.352+0000][7][gc,age      ] GC(37) - age  14:    1732416 bytes,   12793648 total
[2025-03-20T13:29:43.352+0000][7][gc,age      ] GC(37) - age  15:     578112 bytes,   13371760 total
[2025-03-20T13:29:43.352+0000][7][gc,phases   ] GC(37)   Pre Evacuate Collection Set: 0.1ms
[2025-03-20T13:29:43.352+0000][7][gc,phases   ] GC(37)   Merge Heap Roots: 0.1ms
[2025-03-20T13:29:43.352+0000][7][gc,phases   ] GC(37)   Evacuate Collection Set: 4.5ms
[2025-03-20T13:29:43.352+0000][7][gc,phases   ] GC(37)   Post Evacuate Collection Set: 1.2ms
[2025-03-20T13:29:43.352+0000][7][gc,phases   ] GC(37)   Other: 0.3ms
[2025-03-20T13:29:43.352+0000][7][gc,heap     ] GC(37) Eden regions: 66->0(68)
[2025-03-20T13:29:43.352+0000][7][gc,heap     ] GC(37) Survivor regions: 5->4(9)
[2025-03-20T13:29:43.352+0000][7][gc,heap     ] GC(37) Old regions: 25->25
[2025-03-20T13:29:43.352+0000][7][gc,heap     ] GC(37) Archive regions: 2->2
[2025-03-20T13:29:43.352+0000][7][gc,heap     ] GC(37) Humongous regions: 5->5
[2025-03-20T13:29:43.352+0000][7][gc,metaspace] GC(37) Metaspace: 119682K(121472K)->119682K(121472K) NonClass: 104064K(105088K)->104064K(105088K) Class: 15618K(16384K)->15618K(16384K)
[2025-03-20T13:29:43.352+0000][7][gc          ] GC(37) Pause Young (Normal) (G1 Evacuation Pause) 401M->136M(512M) 6.217ms
[2025-03-20T13:29:43.352+0000][7][gc,cpu      ] GC(37) User=0.03s Sys=0.00s Real=0.01s
[2025-03-20T13:29:43.352+0000][7][safepoint   ] Safepoint "G1CollectForAllocation", Time since last: 909430663 ns, Reaching safepoint: 113115 ns, At safepoint: 6322270 ns, Total: 6435385 ns
[2025-03-20T13:29:44.353+0000][7][safepoint   ] Safepoint "Cleanup", Time since last: 1000609874 ns, Reaching safepoint: 186805 ns, At safepoint: 14308 ns, Total: 201113 ns
[2025-03-20T13:29:46.355+0000][7][safepoint   ] Safepoint "Cleanup", Time since last: 2001999343 ns, Reaching safepoint: 106263 ns, At safepoint: 4619 ns, Total: 110882 ns
[2025-03-20T13:29:49.357+0000][7][safepoint   ] Safepoint "Cleanup", Time since last: 3002137973 ns, Reaching safepoint: 82107 ns, At safepoint: 3847 ns, Total: 85954 ns
[2025-03-20T13:29:50.358+0000][7][safepoint   ] Safepoint "Cleanup", Time since last: 1000520612 ns, Reaching safepoint: 144715 ns, At safepoint: 4910 ns, Total: 149625 ns
[2025-03-20T13:29:51.359+0000][7][safepoint   ] Safepoint "Cleanup", Time since last: 1000502764 ns, Reaching safepoint: 203087 ns, At safepoint: 12193 ns, Total: 215280 ns
[2025-03-20T13:29:52.359+0000][7][safepoint   ] Safepoint "Cleanup", Time since last: 1000508449 ns, Reaching safepoint: 88508 ns, At safepoint: 4830 ns, Total: 93338 ns
[2025-03-20T13:29:54.361+0000][7][safepoint   ] Safepoint "Cleanup", Time since last: 2000892938 ns, Reaching safepoint: 429991 ns, At safepoint: 7674 ns, Total: 437665 ns
[2025-03-20T13:29:55.363+0000][7][safepoint   ] Safepoint "Cleanup", Time since last: 1000613629 ns, Reaching safepoint: 1321749 ns, At safepoint: 17554 ns, Total: 1339303 ns
[2025-03-20T13:29:56.364+0000][7][safepoint   ] Safepoint "Cleanup", Time since last: 1000690286 ns, Reaching safepoint: 150376 ns, At safepoint: 8717 ns, Total: 159093 ns
[2025-03-20T13:29:58.365+0000][7][safepoint   ] Safepoint "Cleanup", Time since last: 2001119087 ns, Reaching safepoint: 133955 ns, At safepoint: 3998 ns, Total: 137953 ns
[2025-03-20T13:29:59.365+0000][7][safepoint   ] Safepoint "Cleanup", Time since last: 1000165456 ns, Reaching safepoint: 82928 ns, At safepoint: 3537 ns, Total: 86465 ns
[2025-03-20T13:30:01.367+0000][7][safepoint   ] Safepoint "Cleanup", Time since last: 2001983495 ns, Reaching safepoint: 164974 ns, At safepoint: 4608 ns, Total: 169582 ns
[2025-03-20T13:30:02.368+0000][7][safepoint   ] Safepoint "Cleanup", Time since last: 1000329303 ns, Reaching safepoint: 128915 ns, At safepoint: 4088 ns, Total: 133003 ns
[2025-03-20T13:30:04.369+0000][7][safepoint   ] Safepoint "Cleanup", Time since last: 2000942547 ns, Reaching safepoint: 73721 ns, At safepoint: 4118 ns, Total: 77839 ns
[2025-03-20T13:30:06.370+0000][7][safepoint   ] Safepoint "Cleanup", Time since last: 2001371327 ns, Reaching safepoint: 264738 ns, At safepoint: 8376 ns, Total: 273114 ns
[2025-03-20T13:30:07.371+0000][7][safepoint   ] Safepoint "Cleanup", Time since last: 1000144886 ns, Reaching safepoint: 85263 ns, At safepoint: 3627 ns, Total: 88890 ns
[2025-03-20T13:30:08.371+0000][7][safepoint   ] Safepoint "Cleanup", Time since last: 1000624061 ns, Reaching safepoint: 72328 ns, At safepoint: 3356 ns, Total: 75684 ns
[2025-03-20T13:30:09.372+0000][7][safepoint   ] Safepoint "Cleanup", Time since last: 1000223928 ns, Reaching safepoint: 152911 ns, At safepoint: 4789 ns, Total: 157700 ns
[2025-03-20T13:30:10.373+0000][7][safepoint   ] Safepoint "Cleanup", Time since last: 1000837578 ns, Reaching safepoint: 73851 ns, At safepoint: 3927 ns, Total: 77778 ns
[2025-03-20T13:30:11.373+0000][7][safepoint   ] Safepoint "Cleanup", Time since last: 1000303863 ns, Reaching safepoint: 131275 ns, At safepoint: 7775 ns, Total: 139050 ns
[2025-03-20T13:30:12.374+0000][7][safepoint   ] Safepoint "Cleanup", Time since last: 1000429836 ns, Reaching safepoint: 139355 ns, At safepoint: 25098 ns, Total: 164453 ns
[2025-03-20T13:30:13.374+0000][7][safepoint   ] Safepoint "Cleanup", Time since last: 1000626029 ns, Reaching safepoint: 149374 ns, At safepoint: 3897 ns, Total: 153271 ns
[2025-03-20T13:30:14.375+0000][7][safepoint   ] Safepoint "Cleanup", Time since last: 1000198642 ns, Reaching safepoint: 84431 ns, At safepoint: 3797 ns, Total: 88228 ns
[2025-03-20T13:30:15.375+0000][7][safepoint   ] Safepoint "Cleanup", Time since last: 1000369593 ns, Reaching safepoint: 96604 ns, At safepoint: 4809 ns, Total: 101413 ns
[2025-03-20T13:30:16.376+0000][7][safepoint   ] Safepoint "Cleanup", Time since last: 1000968447 ns, Reaching safepoint: 148022 ns, At safepoint: 13356 ns, Total: 161378 ns
[2025-03-20T13:30:19.378+0000][7][safepoint   ] Safepoint "Cleanup", Time since last: 3002056867 ns, Reaching safepoint: 141449 ns, At safepoint: 3497 ns, Total: 144946 ns
[2025-03-20T13:30:20.382+0000][7][safepoint   ] Safepoint "Cleanup", Time since last: 1002943362 ns, Reaching safepoint: 153733 ns, At safepoint: 4688 ns, Total: 158421 ns
[2025-03-20T13:30:21.382+0000][7][safepoint   ] Safepoint "Cleanup", Time since last: 1000163585 ns, Reaching safepoint: 82677 ns, At safepoint: 5551 ns, Total: 88228 ns
[2025-03-20T13:30:22.383+0000][7][safepoint   ] Safepoint "Cleanup", Time since last: 1000995004 ns, Reaching safepoint: 203941 ns, At safepoint: 7644 ns, Total: 211585 ns
[2025-03-20T13:30:24.385+0000][7][safepoint   ] Safepoint "Cleanup", Time since last: 2001701978 ns, Reaching safepoint: 144114 ns, At safepoint: 5170 ns, Total: 149284 ns
[2025-03-20T13:30:25.385+0000][7][safepoint   ] Safepoint "Cleanup", Time since last: 1000193182 ns, Reaching safepoint: 142140 ns, At safepoint: 4519 ns, Total: 146659 ns
[2025-03-20T13:30:26.386+0000][7][safepoint   ] Safepoint "Cleanup", Time since last: 1000926780 ns, Reaching safepoint: 118417 ns, At safepoint: 6112 ns, Total: 124529 ns
[2025-03-20T13:30:28.388+0000][7][safepoint   ] Safepoint "Cleanup", Time since last: 2001471034 ns, Reaching safepoint: 193328 ns, At safepoint: 4900 ns, Total: 198228 ns
[2025-03-20T13:30:31.391+0000][7][safepoint   ] Safepoint "Cleanup", Time since last: 3002803527 ns, Reaching safepoint: 86855 ns, At safepoint: 4289 ns, Total: 91144 ns
[2025-03-20T13:30:32.391+0000][7][safepoint   ] Safepoint "Cleanup", Time since last: 1000467761 ns, Reaching safepoint: 121866 ns, At safepoint: 12013 ns, Total: 133879 ns
[2025-03-20T13:30:33.392+0000][7][safepoint   ] Safepoint "Cleanup", Time since last: 1000906486 ns, Reaching safepoint: 91194 ns, At safepoint: 4098 ns, Total: 95292 ns
[2025-03-20T13:30:34.393+0000][7][safepoint   ] Safepoint "Cleanup", Time since last: 1000803542 ns, Reaching safepoint: 139286 ns, At safepoint: 4368 ns, Total: 143654 ns
[2025-03-20T13:30:36.395+0000][7][safepoint   ] Safepoint "Cleanup", Time since last: 2001299631 ns, Reaching safepoint: 98328 ns, At safepoint: 4518 ns, Total: 102846 ns
[2025-03-20T13:30:37.396+0000][7][safepoint   ] Safepoint "Cleanup", Time since last: 1000830894 ns, Reaching safepoint: 156708 ns, At safepoint: 3748 ns, Total: 160456 ns
[2025-03-20T13:30:37.854+0000][7][gc,start    ] GC(38) Pause Young (Normal) (G1 Evacuation Pause)
[2025-03-20T13:30:37.854+0000][7][gc,task     ] GC(38) Using 8 workers of 8 for evacuation
[2025-03-20T13:30:37.854+0000][7][gc,age      ] GC(38) Desired survivor size 18874368 bytes, new threshold 15 (max threshold 15)
[2025-03-20T13:30:37.859+0000][7][gc,age      ] GC(38) Age table with threshold 15 (max threshold 15)
[2025-03-20T13:30:37.859+0000][7][gc,age      ] GC(38) - age   1:    2146752 bytes,    2146752 total
[2025-03-20T13:30:37.859+0000][7][gc,age      ] GC(38) - age   2:     489768 bytes,    2636520 total
[2025-03-20T13:30:37.859+0000][7][gc,age      ] GC(38) - age   3:      43480 bytes,    2680000 total
[2025-03-20T13:30:37.859+0000][7][gc,age      ] GC(38) - age   4:     266504 bytes,    2946504 total
[2025-03-20T13:30:37.859+0000][7][gc,age      ] GC(38) - age   5:      45080 bytes,    2991584 total
[2025-03-20T13:30:37.859+0000][7][gc,age      ] GC(38) - age   6:      28360 bytes,    3019944 total
[2025-03-20T13:30:37.859+0000][7][gc,age      ] GC(38) - age   7:      11488 bytes,    3031432 total
[2025-03-20T13:30:37.859+0000][7][gc,age      ] GC(38) - age   8:    1258880 bytes,    4290312 total
[2025-03-20T13:30:37.859+0000][7][gc,age      ] GC(38) - age   9:    2230680 bytes,    6520992 total
[2025-03-20T13:30:37.859+0000][7][gc,age      ] GC(38) - age  10:    3854304 bytes,   10375296 total
[2025-03-20T13:30:37.859+0000][7][gc,age      ] GC(38) - age  11:     722752 bytes,   11098048 total
[2025-03-20T13:30:37.859+0000][7][gc,age      ] GC(38) - age  12:      16792 bytes,   11114840 total
[2025-03-20T13:30:37.859+0000][7][gc,age      ] GC(38) - age  13:      56800 bytes,   11171640 total
[2025-03-20T13:30:37.859+0000][7][gc,age      ] GC(38) - age  14:     125616 bytes,   11297256 total
[2025-03-20T13:30:37.859+0000][7][gc,age      ] GC(38) - age  15:    1732416 bytes,   13029672 total
[2025-03-20T13:30:37.859+0000][7][gc,phases   ] GC(38)   Pre Evacuate Collection Set: 0.1ms
[2025-03-20T13:30:37.859+0000][7][gc,phases   ] GC(38)   Merge Heap Roots: 0.1ms
[2025-03-20T13:30:37.859+0000][7][gc,phases   ] GC(38)   Evacuate Collection Set: 3.5ms
[2025-03-20T13:30:37.859+0000][7][gc,phases   ] GC(38)   Post Evacuate Collection Set: 1.0ms
[2025-03-20T13:30:37.859+0000][7][gc,phases   ] GC(38)   Other: 0.2ms
[2025-03-20T13:30:37.859+0000][7][gc,heap     ] GC(38) Eden regions: 68->0(68)
[2025-03-20T13:30:37.859+0000][7][gc,heap     ] GC(38) Survivor regions: 4->4(9)
[2025-03-20T13:30:37.859+0000][7][gc,heap     ] GC(38) Old regions: 25->25
[2025-03-20T13:30:37.859+0000][7][gc,heap     ] GC(38) Archive regions: 2->2
[2025-03-20T13:30:37.859+0000][7][gc,heap     ] GC(38) Humongous regions: 5->5
[2025-03-20T13:30:37.859+0000][7][gc,metaspace] GC(38) Metaspace: 119776K(121536K)->119776K(121536K) NonClass: 104157K(105152K)->104157K(105152K) Class: 15618K(16384K)->15618K(16384K)
[2025-03-20T13:30:37.859+0000][7][gc          ] GC(38) Pause Young (Normal) (G1 Evacuation Pause) 408M->137M(512M) 5.090ms
[2025-03-20T13:30:37.859+0000][7][gc,cpu      ] GC(38) User=0.01s Sys=0.00s Real=0.01s
[2025-03-20T13:30:37.859+0000][7][safepoint   ] Safepoint "G1CollectForAllocation", Time since last: 458014540 ns, Reaching safepoint: 111212 ns, At safepoint: 5167091 ns, Total: 5278303 ns
[2025-03-20T13:30:38.860+0000][7][safepoint   ] Safepoint "Cleanup", Time since last: 1000463025 ns, Reaching safepoint: 112214 ns, At safepoint: 4549 ns, Total: 116763 ns
[2025-03-20T13:30:40.861+0000][7][safepoint   ] Safepoint "Cleanup", Time since last: 2001045316 ns, Reaching safepoint: 77487 ns, At safepoint: 3387 ns, Total: 80874 ns
[2025-03-20T13:30:41.861+0000][7][safepoint   ] Safepoint "Cleanup", Time since last: 1000295988 ns, Reaching safepoint: 65665 ns, At safepoint: 4449 ns, Total: 70114 ns
[2025-03-20T13:30:43.863+0000][7][safepoint   ] Safepoint "Cleanup", Time since last: 2001703531 ns, Reaching safepoint: 96293 ns, At safepoint: 3437 ns, Total: 99730 ns
[2025-03-20T13:30:46.865+0000][7][safepoint   ] Safepoint "Cleanup", Time since last: 3001678822 ns, Reaching safepoint: 91955 ns, At safepoint: 4128 ns, Total: 96083 ns
[2025-03-20T13:30:48.867+0000][7][safepoint   ] Safepoint "Cleanup", Time since last: 2001841214 ns, Reaching safepoint: 106573 ns, At safepoint: 4088 ns, Total: 110661 ns
[2025-03-20T13:30:49.868+0000][7][safepoint   ] Safepoint "Cleanup", Time since last: 1001076362 ns, Reaching safepoint: 106733 ns, At safepoint: 3938 ns, Total: 110671 ns
[2025-03-20T13:30:50.869+0000][7][safepoint   ] Safepoint "Cleanup", Time since last: 1000945555 ns, Reaching safepoint: 93158 ns, At safepoint: 3927 ns, Total: 97085 ns
[2025-03-20T13:30:51.870+0000][7][safepoint   ] Safepoint "Cleanup", Time since last: 1000679607 ns, Reaching safepoint: 64623 ns, At safepoint: 4088 ns, Total: 68711 ns
[2025-03-20T13:30:52.871+0000][7][safepoint   ] Safepoint "Cleanup", Time since last: 1001031906 ns, Reaching safepoint: 106031 ns, At safepoint: 3587 ns, Total: 109618 ns
[2025-03-20T13:30:53.872+0000][7][safepoint   ] Safepoint "Cleanup", Time since last: 1000657928 ns, Reaching safepoint: 133605 ns, At safepoint: 5761 ns, Total: 139366 ns
[2025-03-20T13:30:55.873+0000][7][safepoint   ] Safepoint "Cleanup", Time since last: 2001532684 ns, Reaching safepoint: 169953 ns, At safepoint: 5210 ns, Total: 175163 ns
[2025-03-20T13:30:56.874+0000][7][safepoint   ] Safepoint "Cleanup", Time since last: 1000312548 ns, Reaching safepoint: 172692 ns, At safepoint: 7815 ns, Total: 180507 ns
[2025-03-20T13:30:58.876+0000][7][safepoint   ] Safepoint "Cleanup", Time since last: 2001560338 ns, Reaching safepoint: 155897 ns, At safepoint: 4288 ns, Total: 160185 ns
[2025-03-20T13:31:01.877+0000][7][safepoint   ] Safepoint "Cleanup", Time since last: 3001678053 ns, Reaching safepoint: 159504 ns, At safepoint: 4899 ns, Total: 164403 ns
[2025-03-20T13:31:02.879+0000][7][safepoint   ] Safepoint "Cleanup", Time since last: 1001079555 ns, Reaching safepoint: 141940 ns, At safepoint: 9989 ns, Total: 151929 ns
[2025-03-20T13:31:03.879+0000][7][safepoint   ] Safepoint "Cleanup", Time since last: 1000579788 ns, Reaching safepoint: 105491 ns, At safepoint: 4008 ns, Total: 109499 ns
[2025-03-20T13:31:04.880+0000][7][safepoint   ] Safepoint "Cleanup", Time since last: 1000656565 ns, Reaching safepoint: 87386 ns, At safepoint: 4098 ns, Total: 91484 ns
[2025-03-20T13:31:06.882+0000][7][safepoint   ] Safepoint "Cleanup", Time since last: 2001386108 ns, Reaching safepoint: 103767 ns, At safepoint: 3527 ns, Total: 107294 ns
[2025-03-20T13:31:07.882+0000][7][safepoint   ] Safepoint "Cleanup", Time since last: 1000458998 ns, Reaching safepoint: 89891 ns, At safepoint: 3607 ns, Total: 93498 ns
[2025-03-20T13:31:08.883+0000][7][safepoint   ] Safepoint "Cleanup", Time since last: 1000992863 ns, Reaching safepoint: 93599 ns, At safepoint: 4338 ns, Total: 97937 ns
[2025-03-20T13:31:10.885+0000][7][safepoint   ] Safepoint "Cleanup", Time since last: 2001216900 ns, Reaching safepoint: 190984 ns, At safepoint: 6772 ns, Total: 197756 ns
[2025-03-20T13:31:11.885+0000][7][safepoint   ] Safepoint "Cleanup", Time since last: 1000489054 ns, Reaching safepoint: 134406 ns, At safepoint: 23014 ns, Total: 157420 ns
[2025-03-20T13:31:13.887+0000][7][safepoint   ] Safepoint "Cleanup", Time since last: 2001506134 ns, Reaching safepoint: 176136 ns, At safepoint: 7384 ns, Total: 183520 ns
[2025-03-20T13:31:16.889+0000][7][safepoint   ] Safepoint "Cleanup", Time since last: 3002022789 ns, Reaching safepoint: 152962 ns, At safepoint: 3947 ns, Total: 156909 ns
[2025-03-20T13:31:18.891+0000][7][safepoint   ] Safepoint "Cleanup", Time since last: 2002293453 ns, Reaching safepoint: 97245 ns, At safepoint: 3667 ns, Total: 100912 ns
[2025-03-20T13:31:19.892+0000][7][safepoint   ] Safepoint "Cleanup", Time since last: 1000448347 ns, Reaching safepoint: 87527 ns, At safepoint: 3526 ns, Total: 91053 ns
[2025-03-20T13:31:21.894+0000][7][safepoint   ] Safepoint "Cleanup", Time since last: 2001838998 ns, Reaching safepoint: 108877 ns, At safepoint: 8066 ns, Total: 116943 ns
[2025-03-20T13:31:22.895+0000][7][safepoint   ] Safepoint "Cleanup", Time since last: 1000495547 ns, Reaching safepoint: 62840 ns, At safepoint: 3877 ns, Total: 66717 ns
[2025-03-20T13:31:23.895+0000][7][safepoint   ] Safepoint "Cleanup", Time since last: 1000778968 ns, Reaching safepoint: 99459 ns, At safepoint: 4098 ns, Total: 103557 ns
[2025-03-20T13:31:24.896+0000][7][safepoint   ] Safepoint "Cleanup", Time since last: 1000096448 ns, Reaching safepoint: 184251 ns, At safepoint: 7524 ns, Total: 191775 ns
[2025-03-20T13:31:25.896+0000][7][safepoint   ] Safepoint "Cleanup", Time since last: 1000427647 ns, Reaching safepoint: 174773 ns, At safepoint: 6643 ns, Total: 181416 ns
[2025-03-20T13:31:26.897+0000][7][safepoint   ] Safepoint "Cleanup", Time since last: 1000415652 ns, Reaching safepoint: 112724 ns, At safepoint: 3928 ns, Total: 116652 ns
[2025-03-20T13:31:28.898+0000][7][safepoint   ] Safepoint "Cleanup", Time since last: 2000879401 ns, Reaching safepoint: 149184 ns, At safepoint: 4689 ns, Total: 153873 ns
[2025-03-20T13:31:31.391+0000][7][gc,start    ] GC(39) Pause Young (Normal) (G1 Evacuation Pause)
[2025-03-20T13:31:31.391+0000][7][gc,task     ] GC(39) Using 8 workers of 8 for evacuation
[2025-03-20T13:31:31.391+0000][7][gc,age      ] GC(39) Desired survivor size 18874368 bytes, new threshold 15 (max threshold 15)
[2025-03-20T13:31:31.400+0000][7][gc,age      ] GC(39) Age table with threshold 15 (max threshold 15)
[2025-03-20T13:31:31.400+0000][7][gc,age      ] GC(39) - age   1:    1998032 bytes,    1998032 total
[2025-03-20T13:31:31.400+0000][7][gc,age      ] GC(39) - age   2:      85640 bytes,    2083672 total
[2025-03-20T13:31:31.400+0000][7][gc,age      ] GC(39) - age   3:     258824 bytes,    2342496 total
[2025-03-20T13:31:31.400+0000][7][gc,age      ] GC(39) - age   4:      42520 bytes,    2385016 total
[2025-03-20T13:31:31.400+0000][7][gc,age      ] GC(39) - age   5:     266504 bytes,    2651520 total
[2025-03-20T13:31:31.400+0000][7][gc,age      ] GC(39) - age   6:      41016 bytes,    2692536 total
[2025-03-20T13:31:31.400+0000][7][gc,age      ] GC(39) - age   7:      28296 bytes,    2720832 total
[2025-03-20T13:31:31.400+0000][7][gc,age      ] GC(39) - age   8:      11432 bytes,    2732264 total
[2025-03-20T13:31:31.400+0000][7][gc,age      ] GC(39) - age   9:    1246800 bytes,    3979064 total
[2025-03-20T13:31:31.400+0000][7][gc,age      ] GC(39) - age  10:    2230424 bytes,    6209488 total
[2025-03-20T13:31:31.400+0000][7][gc,age      ] GC(39) - age  11:    3853752 bytes,   10063240 total
[2025-03-20T13:31:31.400+0000][7][gc,age      ] GC(39) - age  12:     722752 bytes,   10785992 total
[2025-03-20T13:31:31.400+0000][7][gc,age      ] GC(39) - age  13:      16792 bytes,   10802784 total
[2025-03-20T13:31:31.400+0000][7][gc,age      ] GC(39) - age  14:      56800 bytes,   10859584 total
[2025-03-20T13:31:31.400+0000][7][gc,age      ] GC(39) - age  15:     125320 bytes,   10984904 total
[2025-03-20T13:31:31.400+0000][7][gc,phases   ] GC(39)   Pre Evacuate Collection Set: 0.2ms
[2025-03-20T13:31:31.400+0000][7][gc,phases   ] GC(39)   Merge Heap Roots: 0.1ms
[2025-03-20T13:31:31.400+0000][7][gc,phases   ] GC(39)   Evacuate Collection Set: 6.1ms
[2025-03-20T13:31:31.400+0000][7][gc,phases   ] GC(39)   Post Evacuate Collection Set: 2.1ms
[2025-03-20T13:31:31.400+0000][7][gc,phases   ] GC(39)   Other: 0.4ms
[2025-03-20T13:31:31.400+0000][7][gc,heap     ] GC(39) Eden regions: 68->0(69)
[2025-03-20T13:31:31.400+0000][7][gc,heap     ] GC(39) Survivor regions: 4->3(9)
[2025-03-20T13:31:31.400+0000][7][gc,heap     ] GC(39) Old regions: 25->26
[2025-03-20T13:31:31.400+0000][7][gc,heap     ] GC(39) Archive regions: 2->2
[2025-03-20T13:31:31.400+0000][7][gc,heap     ] GC(39) Humongous regions: 5->5
[2025-03-20T13:31:31.400+0000][7][gc,metaspace] GC(39) Metaspace: 119884K(121664K)->119884K(121664K) NonClass: 104265K(105280K)->104265K(105280K) Class: 15619K(16384K)->15619K(16384K)
[2025-03-20T13:31:31.400+0000][7][gc          ] GC(39) Pause Young (Normal) (G1 Evacuation Pause) 409M->136M(512M) 8.872ms
[2025-03-20T13:31:31.400+0000][7][gc,cpu      ] GC(39) User=0.03s Sys=0.00s Real=0.01s
[2025-03-20T13:31:31.400+0000][7][safepoint   ] Safepoint "G1CollectForAllocation", Time since last: 2493099566 ns, Reaching safepoint: 116351 ns, At safepoint: 8970564 ns, Total: 9086915 ns
[2025-03-20T13:31:32.401+0000][7][safepoint   ] Safepoint "Cleanup", Time since last: 1000593717 ns, Reaching safepoint: 106212 ns, At safepoint: 4228 ns, Total: 110440 ns
[2025-03-20T13:31:34.402+0000][7][safepoint   ] Safepoint "Cleanup", Time since last: 2001031271 ns, Reaching safepoint: 94019 ns, At safepoint: 4118 ns, Total: 98137 ns
[2025-03-20T13:31:36.403+0000][7][safepoint   ] Safepoint "Cleanup", Time since last: 2000779118 ns, Reaching safepoint: 161828 ns, At safepoint: 8416 ns, Total: 170244 ns
[2025-03-20T13:31:37.403+0000][7][safepoint   ] Safepoint "Cleanup", Time since last: 1000331457 ns, Reaching safepoint: 115249 ns, At safepoint: 25198 ns, Total: 140447 ns
[2025-03-20T13:31:38.404+0000][7][safepoint   ] Safepoint "Cleanup", Time since last: 1000337694 ns, Reaching safepoint: 121071 ns, At safepoint: 5991 ns, Total: 127062 ns
[2025-03-20T13:31:39.405+0000][7][safepoint   ] Safepoint "Cleanup", Time since last: 1000750112 ns, Reaching safepoint: 105631 ns, At safepoint: 6342 ns, Total: 111973 ns
[2025-03-20T13:31:40.405+0000][7][safepoint   ] Safepoint "Cleanup", Time since last: 1000351011 ns, Reaching safepoint: 150587 ns, At safepoint: 7054 ns, Total: 157641 ns
[2025-03-20T13:31:41.406+0000][7][safepoint   ] Safepoint "Cleanup", Time since last: 1000748668 ns, Reaching safepoint: 100822 ns, At safepoint: 4518 ns, Total: 105340 ns
[2025-03-20T13:31:42.407+0000][7][safepoint   ] Safepoint "Cleanup", Time since last: 1001074774 ns, Reaching safepoint: 146489 ns, At safepoint: 7224 ns, Total: 153713 ns
[2025-03-20T13:31:43.408+0000][7][safepoint   ] Safepoint "Cleanup", Time since last: 1000553127 ns, Reaching safepoint: 87777 ns, At safepoint: 3737 ns, Total: 91514 ns
[2025-03-20T13:31:44.409+0000][7][safepoint   ] Safepoint "Cleanup", Time since last: 1001084644 ns, Reaching safepoint: 185945 ns, At safepoint: 7243 ns, Total: 193188 ns
[2025-03-20T13:31:46.410+0000][7][safepoint   ] Safepoint "Cleanup", Time since last: 2000812824 ns, Reaching safepoint: 257352 ns, At safepoint: 6693 ns, Total: 264045 ns
[2025-03-20T13:31:49.413+0000][7][safepoint   ] Safepoint "Cleanup", Time since last: 3002305910 ns, Reaching safepoint: 113376 ns, At safepoint: 4489 ns, Total: 117865 ns
[2025-03-20T13:31:50.413+0000][7][safepoint   ] Safepoint "Cleanup", Time since last: 1000566610 ns, Reaching safepoint: 140929 ns, At safepoint: 4759 ns, Total: 145688 ns
[2025-03-20T13:31:51.414+0000][7][safepoint   ] Safepoint "Cleanup", Time since last: 1000742380 ns, Reaching safepoint: 80453 ns, At safepoint: 3306 ns, Total: 83759 ns
[2025-03-20T13:31:52.415+0000][7][safepoint   ] Safepoint "Cleanup", Time since last: 1001027276 ns, Reaching safepoint: 91645 ns, At safepoint: 3847 ns, Total: 95492 ns
[2025-03-20T13:31:53.416+0000][7][safepoint   ] Safepoint "Cleanup", Time since last: 1000645215 ns, Reaching safepoint: 71937 ns, At safepoint: 3747 ns, Total: 75684 ns
[2025-03-20T13:31:54.417+0000][7][safepoint   ] Safepoint "Cleanup", Time since last: 1000395745 ns, Reaching safepoint: 90943 ns, At safepoint: 3847 ns, Total: 94790 ns
[2025-03-20T13:31:55.417+0000][7][safepoint   ] Safepoint "Cleanup", Time since last: 1000664328 ns, Reaching safepoint: 92576 ns, At safepoint: 3667 ns, Total: 96243 ns
[2025-03-20T13:31:56.418+0000][7][safepoint   ] Safepoint "Cleanup", Time since last: 1000324220 ns, Reaching safepoint: 148732 ns, At safepoint: 7084 ns, Total: 155816 ns
[2025-03-20T13:31:58.419+0000][7][safepoint   ] Safepoint "Cleanup", Time since last: 2000901613 ns, Reaching safepoint: 144429 ns, At safepoint: 7374 ns, Total: 151803 ns
[2025-03-20T13:31:59.420+0000][7][safepoint   ] Safepoint "Cleanup", Time since last: 1000636473 ns, Reaching safepoint: 98979 ns, At safepoint: 4037 ns, Total: 103016 ns
[2025-03-20T13:32:01.422+0000][7][safepoint   ] Safepoint "Cleanup", Time since last: 2002237766 ns, Reaching safepoint: 122013 ns, At safepoint: 6021 ns, Total: 128034 ns
[2025-03-20T13:32:02.422+0000][7][safepoint   ] Safepoint "Cleanup", Time since last: 1000358658 ns, Reaching safepoint: 117604 ns, At safepoint: 8797 ns, Total: 126401 ns
[2025-03-20T13:32:03.423+0000][7][safepoint   ] Safepoint "Cleanup", Time since last: 1000674135 ns, Reaching safepoint: 151198 ns, At safepoint: 7915 ns, Total: 159113 ns
[2025-03-20T13:32:04.424+0000][7][safepoint   ] Safepoint "Cleanup", Time since last: 1000312610 ns, Reaching safepoint: 102245 ns, At safepoint: 5200 ns, Total: 107445 ns
[2025-03-20T13:32:06.424+0000][7][safepoint   ] Safepoint "Cleanup", Time since last: 2000636521 ns, Reaching safepoint: 161357 ns, At safepoint: 3978 ns, Total: 165335 ns
[2025-03-20T13:32:07.425+0000][7][safepoint   ] Safepoint "Cleanup", Time since last: 1000556388 ns, Reaching safepoint: 95512 ns, At safepoint: 3236 ns, Total: 98748 ns
[2025-03-20T13:32:08.425+0000][7][safepoint   ] Safepoint "Cleanup", Time since last: 1000203445 ns, Reaching safepoint: 71025 ns, At safepoint: 3998 ns, Total: 75023 ns
[2025-03-20T13:32:10.427+0000][7][safepoint   ] Safepoint "Cleanup", Time since last: 2001114044 ns, Reaching safepoint: 73510 ns, At safepoint: 3216 ns, Total: 76726 ns
[2025-03-20T13:32:11.427+0000][7][safepoint   ] Safepoint "Cleanup", Time since last: 1000829672 ns, Reaching safepoint: 60084 ns, At safepoint: 3968 ns, Total: 64052 ns
[2025-03-20T13:32:12.428+0000][7][safepoint   ] Safepoint "Cleanup", Time since last: 1000158815 ns, Reaching safepoint: 117664 ns, At safepoint: 8366 ns, Total: 126030 ns
[2025-03-20T13:32:13.428+0000][7][safepoint   ] Safepoint "Cleanup", Time since last: 1000263729 ns, Reaching safepoint: 93448 ns, At safepoint: 4118 ns, Total: 97566 ns
[2025-03-20T13:32:14.429+0000][7][safepoint   ] Safepoint "Cleanup", Time since last: 1000386506 ns, Reaching safepoint: 88138 ns, At safepoint: 3707 ns, Total: 91845 ns
[2025-03-20T13:32:16.430+0000][7][safepoint   ] Safepoint "Cleanup", Time since last: 2001220880 ns, Reaching safepoint: 212675 ns, At safepoint: 13526 ns, Total: 226201 ns
[2025-03-20T13:32:18.431+0000][7][safepoint   ] Safepoint "Cleanup", Time since last: 2001117522 ns, Reaching safepoint: 107765 ns, At safepoint: 9228 ns, Total: 116993 ns
[2025-03-20T13:32:19.432+0000][7][safepoint   ] Safepoint "Cleanup", Time since last: 1000818481 ns, Reaching safepoint: 115750 ns, At safepoint: 4469 ns, Total: 120219 ns
[2025-03-20T13:32:20.433+0000][7][safepoint   ] Safepoint "Cleanup", Time since last: 1001007712 ns, Reaching safepoint: 117434 ns, At safepoint: 4548 ns, Total: 121982 ns
[2025-03-20T13:32:21.434+0000][7][safepoint   ] Safepoint "Cleanup", Time since last: 1000579079 ns, Reaching safepoint: 84922 ns, At safepoint: 3637 ns, Total: 88559 ns
[2025-03-20T13:32:22.435+0000][7][safepoint   ] Safepoint "Cleanup", Time since last: 1000882190 ns, Reaching safepoint: 112424 ns, At safepoint: 7224 ns, Total: 119648 ns
[2025-03-20T13:32:23.436+0000][7][safepoint   ] Safepoint "Cleanup", Time since last: 1000746738 ns, Reaching safepoint: 91635 ns, At safepoint: 7905 ns, Total: 99540 ns
[2025-03-20T13:32:24.437+0000][7][safepoint   ] Safepoint "Cleanup", Time since last: 1000699685 ns, Reaching safepoint: 87577 ns, At safepoint: 4238 ns, Total: 91815 ns
[2025-03-20T13:32:25.400+0000][7][gc,start    ] GC(40) Pause Young (Normal) (G1 Evacuation Pause)
[2025-03-20T13:32:25.400+0000][7][gc,task     ] GC(40) Using 8 workers of 8 for evacuation
[2025-03-20T13:32:25.400+0000][7][gc,age      ] GC(40) Desired survivor size 18874368 bytes, new threshold 15 (max threshold 15)
[2025-03-20T13:32:25.405+0000][7][gc,age      ] GC(40) Age table with threshold 15 (max threshold 15)
[2025-03-20T13:32:25.405+0000][7][gc,age      ] GC(40) - age   1:    2936160 bytes,    2936160 total
[2025-03-20T13:32:25.405+0000][7][gc,age      ] GC(40) - age   2:      23200 bytes,    2959360 total
[2025-03-20T13:32:25.405+0000][7][gc,age      ] GC(40) - age   3:      82616 bytes,    3041976 total
[2025-03-20T13:32:25.405+0000][7][gc,age      ] GC(40) - age   4:     257880 bytes,    3299856 total
[2025-03-20T13:32:25.405+0000][7][gc,age      ] GC(40) - age   5:      42456 bytes,    3342312 total
[2025-03-20T13:32:25.405+0000][7][gc,age      ] GC(40) - age   6:     266440 bytes,    3608752 total
[2025-03-20T13:32:25.405+0000][7][gc,age      ] GC(40) - age   7:      41016 bytes,    3649768 total
[2025-03-20T13:32:25.405+0000][7][gc,age      ] GC(40) - age   8:      28296 bytes,    3678064 total
[2025-03-20T13:32:25.405+0000][7][gc,age      ] GC(40) - age   9:      11208 bytes,    3689272 total
[2025-03-20T13:32:25.405+0000][7][gc,age      ] GC(40) - age  10:    1246712 bytes,    4935984 total
[2025-03-20T13:32:25.405+0000][7][gc,age      ] GC(40) - age  11:    2230360 bytes,    7166344 total
[2025-03-20T13:32:25.405+0000][7][gc,age      ] GC(40) - age  12:    3853592 bytes,   11019936 total
[2025-03-20T13:32:25.405+0000][7][gc,age      ] GC(40) - age  13:     722752 bytes,   11742688 total
[2025-03-20T13:32:25.405+0000][7][gc,age      ] GC(40) - age  14:      16792 bytes,   11759480 total
[2025-03-20T13:32:25.405+0000][7][gc,age      ] GC(40) - age  15:      56800 bytes,   11816280 total
[2025-03-20T13:32:25.405+0000][7][gc,phases   ] GC(40)   Pre Evacuate Collection Set: 0.1ms
[2025-03-20T13:32:25.405+0000][7][gc,phases   ] GC(40)   Merge Heap Roots: 0.1ms
[2025-03-20T13:32:25.405+0000][7][gc,phases   ] GC(40)   Evacuate Collection Set: 3.7ms
[2025-03-20T13:32:25.405+0000][7][gc,phases   ] GC(40)   Post Evacuate Collection Set: 1.0ms
[2025-03-20T13:32:25.405+0000][7][gc,phases   ] GC(40)   Other: 0.2ms
[2025-03-20T13:32:25.405+0000][7][gc,heap     ] GC(40) Eden regions: 69->0(67)
[2025-03-20T13:32:25.405+0000][7][gc,heap     ] GC(40) Survivor regions: 3->4(9)
[2025-03-20T13:32:25.405+0000][7][gc,heap     ] GC(40) Old regions: 26->26
[2025-03-20T13:32:25.405+0000][7][gc,heap     ] GC(40) Archive regions: 2->2
[2025-03-20T13:32:25.405+0000][7][gc,heap     ] GC(40) Humongous regions: 5->5
[2025-03-20T13:32:25.405+0000][7][gc,metaspace] GC(40) Metaspace: 119979K(121728K)->119979K(121728K) NonClass: 104360K(105344K)->104360K(105344K) Class: 15619K(16384K)->15619K(16384K)
[2025-03-20T13:32:25.405+0000][7][gc          ] GC(40) Pause Young (Normal) (G1 Evacuation Pause) 412M->137M(512M) 5.139ms
[2025-03-20T13:32:25.405+0000][7][gc,cpu      ] GC(40) User=0.02s Sys=0.00s Real=0.00s
[2025-03-20T13:32:25.405+0000][7][safepoint   ] Safepoint "G1CollectForAllocation", Time since last: 962984053 ns, Reaching safepoint: 63982 ns, At safepoint: 5250289 ns, Total: 5314271 ns
[2025-03-20T13:32:26.405+0000][7][safepoint   ] Safepoint "Cleanup", Time since last: 1000274810 ns, Reaching safepoint: 146770 ns, At safepoint: 5841 ns, Total: 152611 ns
[2025-03-20T13:32:28.407+0000][7][safepoint   ] Safepoint "Cleanup", Time since last: 2001080172 ns, Reaching safepoint: 106383 ns, At safepoint: 4028 ns, Total: 110411 ns
[2025-03-20T13:32:29.407+0000][7][safepoint   ] Safepoint "Cleanup", Time since last: 1000358025 ns, Reaching safepoint: 205191 ns, At safepoint: 7344 ns, Total: 212535 ns
[2025-03-20T13:32:31.409+0000][7][safepoint   ] Safepoint "Cleanup", Time since last: 2001299020 ns, Reaching safepoint: 94079 ns, At safepoint: 3938 ns, Total: 98017 ns
[2025-03-20T13:32:32.410+0000][7][safepoint   ] Safepoint "Cleanup", Time since last: 1000847746 ns, Reaching safepoint: 107014 ns, At safepoint: 3857 ns, Total: 110871 ns
[2025-03-20T13:32:34.410+0000][7][safepoint   ] Safepoint "Cleanup", Time since last: 2000371087 ns, Reaching safepoint: 134907 ns, At safepoint: 3627 ns, Total: 138534 ns
[2025-03-20T13:32:36.411+0000][7][safepoint   ] Safepoint "Cleanup", Time since last: 2001051965 ns, Reaching safepoint: 153963 ns, At safepoint: 6793 ns, Total: 160756 ns
[2025-03-20T13:32:37.412+0000][7][safepoint   ] Safepoint "Cleanup", Time since last: 1001027426 ns, Reaching safepoint: 140558 ns, At safepoint: 5410 ns, Total: 145968 ns
[2025-03-20T13:32:38.414+0000][7][safepoint   ] Safepoint "Cleanup", Time since last: 1001053749 ns, Reaching safepoint: 142171 ns, At safepoint: 4849 ns, Total: 147020 ns
[2025-03-20T13:32:39.414+0000][7][safepoint   ] Safepoint "Cleanup", Time since last: 1000432570 ns, Reaching safepoint: 125069 ns, At safepoint: 4628 ns, Total: 129697 ns
[2025-03-20T13:32:40.415+0000][7][safepoint   ] Safepoint "Cleanup", Time since last: 1000489290 ns, Reaching safepoint: 107054 ns, At safepoint: 4158 ns, Total: 111212 ns
[2025-03-20T13:32:41.416+0000][7][safepoint   ] Safepoint "Cleanup", Time since last: 1000763581 ns, Reaching safepoint: 111703 ns, At safepoint: 4859 ns, Total: 116562 ns
[2025-03-20T13:32:42.416+0000][7][safepoint   ] Safepoint "Cleanup", Time since last: 1000640684 ns, Reaching safepoint: 116923 ns, At safepoint: 7935 ns, Total: 124858 ns
[2025-03-20T13:32:43.417+0000][7][safepoint   ] Safepoint "Cleanup", Time since last: 1000523556 ns, Reaching safepoint: 77227 ns, At safepoint: 3697 ns, Total: 80924 ns
[2025-03-20T13:32:44.418+0000][7][safepoint   ] Safepoint "Cleanup", Time since last: 1000614086 ns, Reaching safepoint: 145417 ns, At safepoint: 4839 ns, Total: 150256 ns
[2025-03-20T13:32:46.419+0000][7][safepoint   ] Safepoint "Cleanup", Time since last: 2001366757 ns, Reaching safepoint: 76466 ns, At safepoint: 4298 ns, Total: 80764 ns
[2025-03-20T13:32:49.421+0000][7][safepoint   ] Safepoint "Cleanup", Time since last: 3001657311 ns, Reaching safepoint: 78420 ns, At safepoint: 4288 ns, Total: 82708 ns
[2025-03-20T13:32:50.422+0000][7][safepoint   ] Safepoint "Cleanup", Time since last: 1000821296 ns, Reaching safepoint: 95512 ns, At safepoint: 3577 ns, Total: 99089 ns
[2025-03-20T13:32:51.422+0000][7][safepoint   ] Safepoint "Cleanup", Time since last: 1000398328 ns, Reaching safepoint: 152260 ns, At safepoint: 7123 ns, Total: 159383 ns
[2025-03-20T13:32:52.423+0000][7][safepoint   ] Safepoint "Cleanup", Time since last: 1000542328 ns, Reaching safepoint: 169864 ns, At safepoint: 9277 ns, Total: 179141 ns
[2025-03-20T13:32:54.424+0000][7][safepoint   ] Safepoint "Cleanup", Time since last: 2000939138 ns, Reaching safepoint: 107114 ns, At safepoint: 6282 ns, Total: 113396 ns
[2025-03-20T13:32:55.425+0000][7][safepoint   ] Safepoint "Cleanup", Time since last: 1001021810 ns, Reaching safepoint: 83628 ns, At safepoint: 6733 ns, Total: 90361 ns
[2025-03-20T13:32:56.426+0000][7][safepoint   ] Safepoint "Cleanup", Time since last: 1000531636 ns, Reaching safepoint: 101012 ns, At safepoint: 3657 ns, Total: 104669 ns
[2025-03-20T13:32:58.428+0000][7][safepoint   ] Safepoint "Cleanup", Time since last: 2001584977 ns, Reaching safepoint: 102606 ns, At safepoint: 7253 ns, Total: 109859 ns
[2025-03-20T13:32:59.428+0000][7][safepoint   ] Safepoint "Cleanup", Time since last: 1000490547 ns, Reaching safepoint: 60215 ns, At safepoint: 3216 ns, Total: 63431 ns
[2025-03-20T13:33:01.430+0000][7][safepoint   ] Safepoint "Cleanup", Time since last: 2001436020 ns, Reaching safepoint: 71506 ns, At safepoint: 4008 ns, Total: 75514 ns
[2025-03-20T13:33:02.431+0000][7][safepoint   ] Safepoint "Cleanup", Time since last: 1001054757 ns, Reaching safepoint: 130950 ns, At safepoint: 4418 ns, Total: 135368 ns
[2025-03-20T13:33:04.433+0000][7][safepoint   ] Safepoint "Cleanup", Time since last: 2001933129 ns, Reaching safepoint: 109619 ns, At safepoint: 3967 ns, Total: 113586 ns
[2025-03-20T13:33:06.434+0000][7][safepoint   ] Safepoint "Cleanup", Time since last: 2000762691 ns, Reaching safepoint: 183540 ns, At safepoint: 8285 ns, Total: 191825 ns
[2025-03-20T13:33:07.435+0000][7][safepoint   ] Safepoint "Cleanup", Time since last: 1000697398 ns, Reaching safepoint: 96494 ns, At safepoint: 4118 ns, Total: 100612 ns
[2025-03-20T13:33:08.435+0000][7][safepoint   ] Safepoint "Cleanup", Time since last: 1000204491 ns, Reaching safepoint: 120970 ns, At safepoint: 4058 ns, Total: 125028 ns
[2025-03-20T13:33:09.516+0000][7][safepoint   ] Safepoint "Cleanup", Time since last: 1080699755 ns, Reaching safepoint: 160967 ns, At safepoint: 4368 ns, Total: 165335 ns
[2025-03-20T13:33:10.517+0000][7][safepoint   ] Safepoint "Cleanup", Time since last: 1000780386 ns, Reaching safepoint: 127963 ns, At safepoint: 4429 ns, Total: 132392 ns
[2025-03-20T13:33:11.517+0000][7][safepoint   ] Safepoint "Cleanup", Time since last: 1000121795 ns, Reaching safepoint: 149114 ns, At safepoint: 5531 ns, Total: 154645 ns
[2025-03-20T13:33:12.518+0000][7][safepoint   ] Safepoint "Cleanup", Time since last: 1001055258 ns, Reaching safepoint: 94790 ns, At safepoint: 5711 ns, Total: 100501 ns
[2025-03-20T13:33:13.518+0000][7][safepoint   ] Safepoint "Cleanup", Time since last: 1000090265 ns, Reaching safepoint: 117684 ns, At safepoint: 17934 ns, Total: 135618 ns
[2025-03-20T13:33:14.326+0000][7][gc,start    ] GC(41) Pause Young (Normal) (G1 Evacuation Pause)
[2025-03-20T13:33:14.326+0000][7][gc,task     ] GC(41) Using 8 workers of 8 for evacuation
[2025-03-20T13:33:14.326+0000][7][gc,age      ] GC(41) Desired survivor size 18874368 bytes, new threshold 15 (max threshold 15)
[2025-03-20T13:33:14.330+0000][7][gc,age      ] GC(41) Age table with threshold 15 (max threshold 15)
[2025-03-20T13:33:14.330+0000][7][gc,age      ] GC(41) - age   1:     656064 bytes,     656064 total
[2025-03-20T13:33:14.330+0000][7][gc,age      ] GC(41) - age   2:      41024 bytes,     697088 total
[2025-03-20T13:33:14.330+0000][7][gc,age      ] GC(41) - age   3:      20592 bytes,     717680 total
[2025-03-20T13:33:14.330+0000][7][gc,age      ] GC(41) - age   4:      81432 bytes,     799112 total
[2025-03-20T13:33:14.330+0000][7][gc,age      ] GC(41) - age   5:     257728 bytes,    1056840 total
[2025-03-20T13:33:14.330+0000][7][gc,age      ] GC(41) - age   6:      42392 bytes,    1099232 total
[2025-03-20T13:33:14.330+0000][7][gc,age      ] GC(41) - age   7:     265896 bytes,    1365128 total
[2025-03-20T13:33:14.330+0000][7][gc,age      ] GC(41) - age   8:      40816 bytes,    1405944 total
[2025-03-20T13:33:14.330+0000][7][gc,age      ] GC(41) - age   9:      28296 bytes,    1434240 total
[2025-03-20T13:33:14.330+0000][7][gc,age      ] GC(41) - age  10:      11176 bytes,    1445416 total
[2025-03-20T13:33:14.330+0000][7][gc,age      ] GC(41) - age  11:    1239864 bytes,    2685280 total
[2025-03-20T13:33:14.330+0000][7][gc,age      ] GC(41) - age  12:    2230360 bytes,    4915640 total
[2025-03-20T13:33:14.330+0000][7][gc,age      ] GC(41) - age  13:    3853592 bytes,    8769232 total
[2025-03-20T13:33:14.330+0000][7][gc,age      ] GC(41) - age  14:     722752 bytes,    9491984 total
[2025-03-20T13:33:14.330+0000][7][gc,age      ] GC(41) - age  15:      16792 bytes,    9508776 total
[2025-03-20T13:33:14.330+0000][7][gc,phases   ] GC(41)   Pre Evacuate Collection Set: 0.1ms
[2025-03-20T13:33:14.330+0000][7][gc,phases   ] GC(41)   Merge Heap Roots: 0.1ms
[2025-03-20T13:33:14.330+0000][7][gc,phases   ] GC(41)   Evacuate Collection Set: 3.0ms
[2025-03-20T13:33:14.330+0000][7][gc,phases   ] GC(41)   Post Evacuate Collection Set: 1.2ms
[2025-03-20T13:33:14.330+0000][7][gc,phases   ] GC(41)   Other: 0.3ms
[2025-03-20T13:33:14.330+0000][7][gc,heap     ] GC(41) Eden regions: 67->0(69)
[2025-03-20T13:33:14.330+0000][7][gc,heap     ] GC(41) Survivor regions: 4->3(9)
[2025-03-20T13:33:14.330+0000][7][gc,heap     ] GC(41) Old regions: 26->26
[2025-03-20T13:33:14.331+0000][7][gc,heap     ] GC(41) Archive regions: 2->2
[2025-03-20T13:33:14.331+0000][7][gc,heap     ] GC(41) Humongous regions: 5->5
[2025-03-20T13:33:14.331+0000][7][gc,metaspace] GC(41) Metaspace: 120073K(121856K)->120073K(121856K) NonClass: 104454K(105472K)->104454K(105472K) Class: 15619K(16384K)->15619K(16384K)
[2025-03-20T13:33:14.331+0000][7][gc          ] GC(41) Pause Young (Normal) (G1 Evacuation Pause) 405M->135M(512M) 4.695ms
[2025-03-20T13:33:14.331+0000][7][gc,cpu      ] GC(41) User=0.02s Sys=0.00s Real=0.01s
[2025-03-20T13:33:14.331+0000][7][safepoint   ] Safepoint "G1CollectForAllocation", Time since last: 807141758 ns, Reaching safepoint: 146810 ns, At safepoint: 4861455 ns, Total: 5008265 ns
[2025-03-20T13:33:16.332+0000][7][safepoint   ] Safepoint "Cleanup", Time since last: 2001451980 ns, Reaching safepoint: 118215 ns, At safepoint: 4228 ns, Total: 122443 ns
[2025-03-20T13:33:17.333+0000][7][safepoint   ] Safepoint "Cleanup", Time since last: 1000485217 ns, Reaching safepoint: 142922 ns, At safepoint: 4609 ns, Total: 147531 ns
[2025-03-20T13:33:19.335+0000][7][safepoint   ] Safepoint "Cleanup", Time since last: 2001934111 ns, Reaching safepoint: 252920 ns, At safepoint: 6642 ns, Total: 259562 ns
[2025-03-20T13:33:20.336+0000][7][safepoint   ] Safepoint "Cleanup", Time since last: 1000354390 ns, Reaching safepoint: 143413 ns, At safepoint: 5460 ns, Total: 148873 ns
[2025-03-20T13:33:21.336+0000][7][safepoint   ] Safepoint "Cleanup", Time since last: 1000464017 ns, Reaching safepoint: 104428 ns, At safepoint: 3718 ns, Total: 108146 ns
[2025-03-20T13:33:23.337+0000][7][safepoint   ] Safepoint "Cleanup", Time since last: 2000955265 ns, Reaching safepoint: 103186 ns, At safepoint: 4689 ns, Total: 107875 ns
[2025-03-20T13:33:24.338+0000][7][safepoint   ] Safepoint "Cleanup", Time since last: 1000465744 ns, Reaching safepoint: 184782 ns, At safepoint: 8165 ns, Total: 192947 ns
[2025-03-20T13:33:26.339+0000][7][safepoint   ] Safepoint "Cleanup", Time since last: 2001004224 ns, Reaching safepoint: 82487 ns, At safepoint: 4228 ns, Total: 86715 ns
[2025-03-20T13:33:29.341+0000][7][safepoint   ] Safepoint "Cleanup", Time since last: 3002094376 ns, Reaching safepoint: 186676 ns, At safepoint: 6082 ns, Total: 192758 ns
[2025-03-20T13:33:32.343+0000][7][safepoint   ] Safepoint "Cleanup", Time since last: 3002101734 ns, Reaching safepoint: 162950 ns, At safepoint: 4739 ns, Total: 167689 ns
[2025-03-20T13:33:34.346+0000][7][safepoint   ] Safepoint "Cleanup", Time since last: 2002012119 ns, Reaching safepoint: 108577 ns, At safepoint: 3907 ns, Total: 112484 ns
[2025-03-20T13:33:35.346+0000][7][safepoint   ] Safepoint "Cleanup", Time since last: 1000160235 ns, Reaching safepoint: 116783 ns, At safepoint: 4779 ns, Total: 121562 ns
[2025-03-20T13:33:36.347+0000][7][safepoint   ] Safepoint "Cleanup", Time since last: 1000400378 ns, Reaching safepoint: 218205 ns, At safepoint: 6693 ns, Total: 224898 ns
[2025-03-20T13:33:37.347+0000][7][safepoint   ] Safepoint "Cleanup", Time since last: 1000802370 ns, Reaching safepoint: 111262 ns, At safepoint: 3727 ns, Total: 114989 ns
[2025-03-20T13:33:38.451+0000][7][safepoint   ] Safepoint "Cleanup", Time since last: 1103317920 ns, Reaching safepoint: 167048 ns, At safepoint: 11803 ns, Total: 178851 ns
[2025-03-20T13:33:40.453+0000][7][safepoint   ] Safepoint "Cleanup", Time since last: 2001918441 ns, Reaching safepoint: 98938 ns, At safepoint: 4198 ns, Total: 103136 ns
[2025-03-20T13:33:41.454+0000][7][safepoint   ] Safepoint "Cleanup", Time since last: 1000795800 ns, Reaching safepoint: 92017 ns, At safepoint: 6743 ns, Total: 98760 ns
[2025-03-20T13:33:42.454+0000][7][safepoint   ] Safepoint "Cleanup", Time since last: 1000375215 ns, Reaching safepoint: 135267 ns, At safepoint: 4469 ns, Total: 139736 ns
[2025-03-20T13:33:43.455+0000][7][safepoint   ] Safepoint "Cleanup", Time since last: 1000842650 ns, Reaching safepoint: 147190 ns, At safepoint: 5049 ns, Total: 152239 ns
[2025-03-20T13:33:44.456+0000][7][safepoint   ] Safepoint "Cleanup", Time since last: 1000306577 ns, Reaching safepoint: 178100 ns, At safepoint: 5109 ns, Total: 183209 ns
[2025-03-20T13:33:46.457+0000][7][safepoint   ] Safepoint "Cleanup", Time since last: 2000573657 ns, Reaching safepoint: 104758 ns, At safepoint: 7694 ns, Total: 112452 ns
[2025-03-20T13:33:48.458+0000][7][safepoint   ] Safepoint "Cleanup", Time since last: 2001299823 ns, Reaching safepoint: 130108 ns, At safepoint: 5611 ns, Total: 135719 ns
[2025-03-20T13:33:49.459+0000][7][safepoint   ] Safepoint "Cleanup", Time since last: 1000836667 ns, Reaching safepoint: 101784 ns, At safepoint: 4528 ns, Total: 106312 ns
[2025-03-20T13:33:50.459+0000][7][safepoint   ] Safepoint "Cleanup", Time since last: 1000284966 ns, Reaching safepoint: 118315 ns, At safepoint: 3848 ns, Total: 122163 ns
[2025-03-20T13:33:51.460+0000][7][safepoint   ] Safepoint "Cleanup", Time since last: 1000374174 ns, Reaching safepoint: 78630 ns, At safepoint: 3526 ns, Total: 82156 ns
[2025-03-20T13:33:52.461+0000][7][safepoint   ] Safepoint "Cleanup", Time since last: 1000999504 ns, Reaching safepoint: 116181 ns, At safepoint: 8126 ns, Total: 124307 ns
[2025-03-20T13:33:53.461+0000][7][safepoint   ] Safepoint "Cleanup", Time since last: 1000460353 ns, Reaching safepoint: 79171 ns, At safepoint: 3526 ns, Total: 82697 ns
[2025-03-20T13:33:54.463+0000][7][safepoint   ] Safepoint "Cleanup", Time since last: 1001047348 ns, Reaching safepoint: 83990 ns, At safepoint: 3677 ns, Total: 87667 ns
[2025-03-20T13:33:55.463+0000][7][safepoint   ] Safepoint "Cleanup", Time since last: 1000665108 ns, Reaching safepoint: 98529 ns, At safepoint: 6071 ns, Total: 104600 ns
[2025-03-20T13:33:56.465+0000][7][safepoint   ] Safepoint "Cleanup", Time since last: 1001118171 ns, Reaching safepoint: 98247 ns, At safepoint: 3647 ns, Total: 101894 ns
[2025-03-20T13:33:58.466+0000][7][safepoint   ] Safepoint "Cleanup", Time since last: 2001401937 ns, Reaching safepoint: 137861 ns, At safepoint: 8266 ns, Total: 146127 ns
[2025-03-20T13:33:59.467+0000][7][safepoint   ] Safepoint "Cleanup", Time since last: 1000517790 ns, Reaching safepoint: 157530 ns, At safepoint: 5000 ns, Total: 162530 ns
[2025-03-20T13:34:01.468+0000][7][safepoint   ] Safepoint "Cleanup", Time since last: 2001187088 ns, Reaching safepoint: 114227 ns, At safepoint: 5471 ns, Total: 119698 ns
[2025-03-20T13:34:02.469+0000][7][safepoint   ] Safepoint "Cleanup", Time since last: 1000360068 ns, Reaching safepoint: 111472 ns, At safepoint: 3987 ns, Total: 115459 ns
[2025-03-20T13:34:03.470+0000][7][safepoint   ] Safepoint "Cleanup", Time since last: 1000980731 ns, Reaching safepoint: 83649 ns, At safepoint: 3497 ns, Total: 87146 ns
[2025-03-20T13:34:04.470+0000][7][safepoint   ] Safepoint "Cleanup", Time since last: 1000261191 ns, Reaching safepoint: 83338 ns, At safepoint: 3868 ns, Total: 87206 ns
[2025-03-20T13:34:06.471+0000][7][safepoint   ] Safepoint "Cleanup", Time since last: 2000975743 ns, Reaching safepoint: 92526 ns, At safepoint: 3757 ns, Total: 96283 ns
[2025-03-20T13:34:07.472+0000][7][safepoint   ] Safepoint "Cleanup", Time since last: 1000579285 ns, Reaching safepoint: 110139 ns, At safepoint: 3848 ns, Total: 113987 ns
[2025-03-20T13:34:08.472+0000][7][safepoint   ] Safepoint "Cleanup", Time since last: 1000247293 ns, Reaching safepoint: 129948 ns, At safepoint: 5170 ns, Total: 135118 ns
[2025-03-20T13:34:09.505+0000][7][gc,start    ] GC(42) Pause Young (Normal) (G1 Evacuation Pause)
[2025-03-20T13:34:09.505+0000][7][gc,task     ] GC(42) Using 8 workers of 8 for evacuation
[2025-03-20T13:34:09.505+0000][7][gc,age      ] GC(42) Desired survivor size 18874368 bytes, new threshold 15 (max threshold 15)
[2025-03-20T13:34:09.513+0000][7][gc,age      ] GC(42) Age table with threshold 15 (max threshold 15)
[2025-03-20T13:34:09.513+0000][7][gc,age      ] GC(42) - age   1:     962160 bytes,     962160 total
[2025-03-20T13:34:09.513+0000][7][gc,age      ] GC(42) - age   2:     155864 bytes,    1118024 total
[2025-03-20T13:34:09.513+0000][7][gc,age      ] GC(42) - age   3:      36784 bytes,    1154808 total
[2025-03-20T13:34:09.513+0000][7][gc,age      ] GC(42) - age   4:      19120 bytes,    1173928 total
[2025-03-20T13:34:09.513+0000][7][gc,age      ] GC(42) - age   5:      81240 bytes,    1255168 total
[2025-03-20T13:34:09.513+0000][7][gc,age      ] GC(42) - age   6:     257216 bytes,    1512384 total
[2025-03-20T13:34:09.513+0000][7][gc,age      ] GC(42) - age   7:      42064 bytes,    1554448 total
[2025-03-20T13:34:09.513+0000][7][gc,age      ] GC(42) - age   8:     265896 bytes,    1820344 total
[2025-03-20T13:34:09.513+0000][7][gc,age      ] GC(42) - age   9:      40816 bytes,    1861160 total
[2025-03-20T13:34:09.513+0000][7][gc,age      ] GC(42) - age  10:      28296 bytes,    1889456 total
[2025-03-20T13:34:09.513+0000][7][gc,age      ] GC(42) - age  11:      11176 bytes,    1900632 total
[2025-03-20T13:34:09.513+0000][7][gc,age      ] GC(42) - age  12:    1239792 bytes,    3140424 total
[2025-03-20T13:34:09.513+0000][7][gc,age      ] GC(42) - age  13:    2230360 bytes,    5370784 total
[2025-03-20T13:34:09.513+0000][7][gc,age      ] GC(42) - age  14:    3853560 bytes,    9224344 total
[2025-03-20T13:34:09.513+0000][7][gc,age      ] GC(42) - age  15:     722752 bytes,    9947096 total
[2025-03-20T13:34:09.513+0000][7][gc,phases   ] GC(42)   Pre Evacuate Collection Set: 0.1ms
[2025-03-20T13:34:09.513+0000][7][gc,phases   ] GC(42)   Merge Heap Roots: 0.1ms
[2025-03-20T13:34:09.513+0000][7][gc,phases   ] GC(42)   Evacuate Collection Set: 5.4ms
[2025-03-20T13:34:09.513+0000][7][gc,phases   ] GC(42)   Post Evacuate Collection Set: 3.1ms
[2025-03-20T13:34:09.513+0000][7][gc,phases   ] GC(42)   Other: 0.3ms
[2025-03-20T13:34:09.513+0000][7][gc,heap     ] GC(42) Eden regions: 69->0(69)
[2025-03-20T13:34:09.513+0000][7][gc,heap     ] GC(42) Survivor regions: 3->3(9)
[2025-03-20T13:34:09.513+0000][7][gc,heap     ] GC(42) Old regions: 26->26
[2025-03-20T13:34:09.513+0000][7][gc,heap     ] GC(42) Archive regions: 2->2
[2025-03-20T13:34:09.513+0000][7][gc,heap     ] GC(42) Humongous regions: 5->5
[2025-03-20T13:34:09.514+0000][7][gc,metaspace] GC(42) Metaspace: 120153K(121920K)->120153K(121920K) NonClass: 104530K(105536K)->104530K(105536K) Class: 15623K(16384K)->15623K(16384K)
[2025-03-20T13:34:09.514+0000][7][gc          ] GC(42) Pause Young (Normal) (G1 Evacuation Pause) 411M->136M(512M) 8.950ms
[2025-03-20T13:34:09.514+0000][7][gc,cpu      ] GC(42) User=0.02s Sys=0.00s Real=0.01s
[2025-03-20T13:34:09.514+0000][7][safepoint   ] Safepoint "G1CollectForAllocation", Time since last: 1032310228 ns, Reaching safepoint: 67449 ns, At safepoint: 9040146 ns, Total: 9107595 ns
[2025-03-20T13:34:10.515+0000][7][safepoint   ] Safepoint "Cleanup", Time since last: 1001077978 ns, Reaching safepoint: 148994 ns, At safepoint: 4358 ns, Total: 153352 ns
[2025-03-20T13:34:11.515+0000][7][safepoint   ] Safepoint "Cleanup", Time since last: 1000219921 ns, Reaching safepoint: 109809 ns, At safepoint: 4028 ns, Total: 113837 ns
[2025-03-20T13:34:12.516+0000][7][safepoint   ] Safepoint "Cleanup", Time since last: 1000851034 ns, Reaching safepoint: 102205 ns, At safepoint: 4348 ns, Total: 106553 ns
[2025-03-20T13:34:13.517+0000][7][safepoint   ] Safepoint "Cleanup", Time since last: 1000917472 ns, Reaching safepoint: 157359 ns, At safepoint: 4499 ns, Total: 161858 ns
[2025-03-20T13:34:14.518+0000][7][safepoint   ] Safepoint "Cleanup", Time since last: 1000902915 ns, Reaching safepoint: 119618 ns, At safepoint: 8537 ns, Total: 128155 ns
[2025-03-20T13:34:16.519+0000][7][safepoint   ] Safepoint "Cleanup", Time since last: 2000815968 ns, Reaching safepoint: 140167 ns, At safepoint: 4618 ns, Total: 144785 ns
[2025-03-20T13:34:18.521+0000][7][safepoint   ] Safepoint "Cleanup", Time since last: 2001360418 ns, Reaching safepoint: 83098 ns, At safepoint: 3797 ns, Total: 86895 ns
[2025-03-20T13:34:19.521+0000][7][safepoint   ] Safepoint "Cleanup", Time since last: 1000104299 ns, Reaching safepoint: 83669 ns, At safepoint: 4138 ns, Total: 87807 ns
[2025-03-20T13:34:20.521+0000][7][safepoint   ] Safepoint "Cleanup", Time since last: 1000423633 ns, Reaching safepoint: 79782 ns, At safepoint: 3627 ns, Total: 83409 ns
[2025-03-20T13:34:21.522+0000][7][safepoint   ] Safepoint "Cleanup", Time since last: 1001081633 ns, Reaching safepoint: 70314 ns, At safepoint: 3427 ns, Total: 73741 ns
[2025-03-20T13:34:22.523+0000][7][safepoint   ] Safepoint "Cleanup", Time since last: 1000321169 ns, Reaching safepoint: 177277 ns, At safepoint: 6393 ns, Total: 183670 ns
[2025-03-20T13:34:23.524+0000][7][safepoint   ] Safepoint "Cleanup", Time since last: 1000742984 ns, Reaching safepoint: 103948 ns, At safepoint: 3607 ns, Total: 107555 ns
[2025-03-20T13:34:24.525+0000][7][safepoint   ] Safepoint "Cleanup", Time since last: 1001380650 ns, Reaching safepoint: 108336 ns, At safepoint: 3567 ns, Total: 111903 ns
[2025-03-20T13:34:25.526+0000][7][safepoint   ] Safepoint "Cleanup", Time since last: 1000408622 ns, Reaching safepoint: 95342 ns, At safepoint: 3797 ns, Total: 99139 ns
[2025-03-20T13:34:26.527+0000][7][safepoint   ] Safepoint "Cleanup", Time since last: 1000826143 ns, Reaching safepoint: 121471 ns, At safepoint: 4148 ns, Total: 125619 ns
[2025-03-20T13:34:28.528+0000][7][safepoint   ] Safepoint "Cleanup", Time since last: 2001264788 ns, Reaching safepoint: 100632 ns, At safepoint: 3897 ns, Total: 104529 ns
[2025-03-20T13:34:31.530+0000][7][safepoint   ] Safepoint "Cleanup", Time since last: 3001653146 ns, Reaching safepoint: 204860 ns, At safepoint: 6502 ns, Total: 211362 ns
[2025-03-20T13:34:32.531+0000][7][safepoint   ] Safepoint "Cleanup", Time since last: 1000502399 ns, Reaching safepoint: 119267 ns, At safepoint: 4489 ns, Total: 123756 ns
[2025-03-20T13:34:33.531+0000][7][safepoint   ] Safepoint "Cleanup", Time since last: 1000661449 ns, Reaching safepoint: 90853 ns, At safepoint: 5020 ns, Total: 95873 ns
[2025-03-20T13:34:34.532+0000][7][safepoint   ] Safepoint "Cleanup", Time since last: 1000810158 ns, Reaching safepoint: 161728 ns, At safepoint: 5951 ns, Total: 167679 ns
[2025-03-20T13:34:36.533+0000][7][safepoint   ] Safepoint "Cleanup", Time since last: 2000612232 ns, Reaching safepoint: 180955 ns, At safepoint: 4608 ns, Total: 185563 ns
[2025-03-20T13:34:37.534+0000][7][safepoint   ] Safepoint "Cleanup", Time since last: 1000875091 ns, Reaching safepoint: 159223 ns, At safepoint: 5230 ns, Total: 164453 ns
[2025-03-20T13:34:38.535+0000][7][safepoint   ] Safepoint "Cleanup", Time since last: 1000482673 ns, Reaching safepoint: 124056 ns, At safepoint: 5842 ns, Total: 129898 ns
[2025-03-20T13:34:39.536+0000][7][safepoint   ] Safepoint "Cleanup", Time since last: 1000754969 ns, Reaching safepoint: 84691 ns, At safepoint: 4008 ns, Total: 88699 ns
[2025-03-20T13:34:40.536+0000][7][safepoint   ] Safepoint "Cleanup", Time since last: 1000327388 ns, Reaching safepoint: 153562 ns, At safepoint: 12033 ns, Total: 165595 ns
[2025-03-20T13:34:41.537+0000][7][safepoint   ] Safepoint "Cleanup", Time since last: 1000675177 ns, Reaching safepoint: 150406 ns, At safepoint: 4509 ns, Total: 154915 ns
[2025-03-20T13:34:42.537+0000][7][safepoint   ] Safepoint "Cleanup", Time since last: 1000256753 ns, Reaching safepoint: 105230 ns, At safepoint: 3897 ns, Total: 109127 ns
[2025-03-20T13:34:43.538+0000][7][safepoint   ] Safepoint "Cleanup", Time since last: 1000482170 ns, Reaching safepoint: 166075 ns, At safepoint: 80303 ns, Total: 246378 ns
[2025-03-20T13:34:44.539+0000][7][safepoint   ] Safepoint "Cleanup", Time since last: 1000981833 ns, Reaching safepoint: 369496 ns, At safepoint: 6873 ns, Total: 376369 ns
[2025-03-20T13:34:46.541+0000][7][safepoint   ] Safepoint "Cleanup", Time since last: 2001041345 ns, Reaching safepoint: 121311 ns, At safepoint: 3997 ns, Total: 125308 ns
[2025-03-20T13:34:48.542+0000][7][safepoint   ] Safepoint "Cleanup", Time since last: 2001294481 ns, Reaching safepoint: 111332 ns, At safepoint: 4158 ns, Total: 115490 ns
[2025-03-20T13:34:49.542+0000][7][safepoint   ] Safepoint "Cleanup", Time since last: 1000234083 ns, Reaching safepoint: 90492 ns, At safepoint: 3828 ns, Total: 94320 ns
[2025-03-20T13:34:50.543+0000][7][safepoint   ] Safepoint "Cleanup", Time since last: 1000343783 ns, Reaching safepoint: 139265 ns, At safepoint: 8136 ns, Total: 147401 ns
[2025-03-20T13:34:51.544+0000][7][safepoint   ] Safepoint "Cleanup", Time since last: 1000801499 ns, Reaching safepoint: 96694 ns, At safepoint: 3837 ns, Total: 100531 ns
[2025-03-20T13:34:52.544+0000][7][safepoint   ] Safepoint "Cleanup", Time since last: 1000399098 ns, Reaching safepoint: 78389 ns, At safepoint: 4368 ns, Total: 82757 ns
[2025-03-20T13:34:53.545+0000][7][safepoint   ] Safepoint "Cleanup", Time since last: 1000933410 ns, Reaching safepoint: 94681 ns, At safepoint: 4388 ns, Total: 99069 ns
[2025-03-20T13:34:54.546+0000][7][safepoint   ] Safepoint "Cleanup", Time since last: 1000212475 ns, Reaching safepoint: 91775 ns, At safepoint: 4449 ns, Total: 96224 ns
[2025-03-20T13:34:55.546+0000][7][safepoint   ] Safepoint "Cleanup", Time since last: 1000611456 ns, Reaching safepoint: 93899 ns, At safepoint: 4359 ns, Total: 98258 ns
[2025-03-20T13:34:56.547+0000][7][safepoint   ] Safepoint "Cleanup", Time since last: 1000769141 ns, Reaching safepoint: 105771 ns, At safepoint: 5420 ns, Total: 111191 ns
[2025-03-20T13:34:58.548+0000][7][safepoint   ] Safepoint "Cleanup", Time since last: 2001007604 ns, Reaching safepoint: 125720 ns, At safepoint: 7785 ns, Total: 133505 ns
[2025-03-20T13:35:01.550+0000][7][safepoint   ] Safepoint "Cleanup", Time since last: 3001414883 ns, Reaching safepoint: 121691 ns, At safepoint: 6031 ns, Total: 127722 ns
[2025-03-20T13:35:02.551+0000][7][safepoint   ] Safepoint "Cleanup", Time since last: 1000671682 ns, Reaching safepoint: 143513 ns, At safepoint: 4609 ns, Total: 148122 ns
[2025-03-20T13:35:03.552+0000][7][safepoint   ] Safepoint "Cleanup", Time since last: 1001713715 ns, Reaching safepoint: 121141 ns, At safepoint: 4098 ns, Total: 125239 ns
[2025-03-20T13:35:04.415+0000][7][gc,start    ] GC(43) Pause Young (Normal) (G1 Evacuation Pause)
[2025-03-20T13:35:04.415+0000][7][gc,task     ] GC(43) Using 8 workers of 8 for evacuation
[2025-03-20T13:35:04.415+0000][7][gc,age      ] GC(43) Desired survivor size 18874368 bytes, new threshold 15 (max threshold 15)
[2025-03-20T13:35:04.421+0000][7][gc,age      ] GC(43) Age table with threshold 15 (max threshold 15)
[2025-03-20T13:35:04.421+0000][7][gc,age      ] GC(43) - age   1:    1683920 bytes,    1683920 total
[2025-03-20T13:35:04.421+0000][7][gc,age      ] GC(43) - age   2:      27800 bytes,    1711720 total
[2025-03-20T13:35:04.421+0000][7][gc,age      ] GC(43) - age   3:       3240 bytes,    1714960 total
[2025-03-20T13:35:04.421+0000][7][gc,age      ] GC(43) - age   4:      36232 bytes,    1751192 total
[2025-03-20T13:35:04.421+0000][7][gc,age      ] GC(43) - age   5:      19120 bytes,    1770312 total
[2025-03-20T13:35:04.421+0000][7][gc,age      ] GC(43) - age   6:      81240 bytes,    1851552 total
[2025-03-20T13:35:04.421+0000][7][gc,age      ] GC(43) - age   7:     257176 bytes,    2108728 total
[2025-03-20T13:35:04.421+0000][7][gc,age      ] GC(43) - age   8:      41904 bytes,    2150632 total
[2025-03-20T13:35:04.421+0000][7][gc,age      ] GC(43) - age   9:     264216 bytes,    2414848 total
[2025-03-20T13:35:04.421+0000][7][gc,age      ] GC(43) - age  10:      40816 bytes,    2455664 total
[2025-03-20T13:35:04.421+0000][7][gc,age      ] GC(43) - age  11:      28296 bytes,    2483960 total
[2025-03-20T13:35:04.421+0000][7][gc,age      ] GC(43) - age  12:      11176 bytes,    2495136 total
[2025-03-20T13:35:04.421+0000][7][gc,age      ] GC(43) - age  13:    1239136 bytes,    3734272 total
[2025-03-20T13:35:04.421+0000][7][gc,age      ] GC(43) - age  14:    2229816 bytes,    5964088 total
[2025-03-20T13:35:04.421+0000][7][gc,age      ] GC(43) - age  15:    3853560 bytes,    9817648 total
[2025-03-20T13:35:04.421+0000][7][gc,phases   ] GC(43)   Pre Evacuate Collection Set: 0.1ms
[2025-03-20T13:35:04.421+0000][7][gc,phases   ] GC(43)   Merge Heap Roots: 0.1ms
[2025-03-20T13:35:04.421+0000][7][gc,phases   ] GC(43)   Evacuate Collection Set: 5.0ms
[2025-03-20T13:35:04.421+0000][7][gc,phases   ] GC(43)   Post Evacuate Collection Set: 1.1ms
[2025-03-20T13:35:04.421+0000][7][gc,phases   ] GC(43)   Other: 0.3ms
[2025-03-20T13:35:04.421+0000][7][gc,heap     ] GC(43) Eden regions: 69->0(69)
[2025-03-20T13:35:04.421+0000][7][gc,heap     ] GC(43) Survivor regions: 3->3(9)
[2025-03-20T13:35:04.421+0000][7][gc,heap     ] GC(43) Old regions: 26->26
[2025-03-20T13:35:04.421+0000][7][gc,heap     ] GC(43) Archive regions: 2->2
[2025-03-20T13:35:04.421+0000][7][gc,heap     ] GC(43) Humongous regions: 5->5
[2025-03-20T13:35:04.421+0000][7][gc,metaspace] GC(43) Metaspace: 120203K(121920K)->120203K(121920K) NonClass: 104579K(105536K)->104579K(105536K) Class: 15623K(16384K)->15623K(16384K)
[2025-03-20T13:35:04.421+0000][7][gc          ] GC(43) Pause Young (Normal) (G1 Evacuation Pause) 412M->136M(512M) 6.599ms
[2025-03-20T13:35:04.421+0000][7][gc,cpu      ] GC(43) User=0.02s Sys=0.00s Real=0.01s
[2025-03-20T13:35:04.421+0000][7][safepoint   ] Safepoint "G1CollectForAllocation", Time since last: 861845101 ns, Reaching safepoint: 150848 ns, At safepoint: 6684451 ns, Total: 6835299 ns
[2025-03-20T13:35:05.422+0000][7][safepoint   ] Safepoint "Cleanup", Time since last: 1000556550 ns, Reaching safepoint: 189752 ns, At safepoint: 8356 ns, Total: 198108 ns
[2025-03-20T13:35:06.423+0000][7][safepoint   ] Safepoint "Cleanup", Time since last: 1000936819 ns, Reaching safepoint: 124136 ns, At safepoint: 4338 ns, Total: 128474 ns
[2025-03-20T13:35:07.424+0000][7][safepoint   ] Safepoint "Cleanup", Time since last: 1000475709 ns, Reaching safepoint: 134165 ns, At safepoint: 32202 ns, Total: 166367 ns
[2025-03-20T13:35:08.424+0000][7][safepoint   ] Safepoint "Cleanup", Time since last: 1000339267 ns, Reaching safepoint: 98137 ns, At safepoint: 8416 ns, Total: 106553 ns
[2025-03-20T13:35:09.425+0000][7][safepoint   ] Safepoint "Cleanup", Time since last: 1000815672 ns, Reaching safepoint: 92603 ns, At safepoint: 8517 ns, Total: 101120 ns
[2025-03-20T13:35:10.426+0000][7][safepoint   ] Safepoint "Cleanup", Time since last: 1000696078 ns, Reaching safepoint: 110310 ns, At safepoint: 6102 ns, Total: 116412 ns
[2025-03-20T13:35:11.427+0000][7][safepoint   ] Safepoint "Cleanup", Time since last: 1001031888 ns, Reaching safepoint: 159544 ns, At safepoint: 6352 ns, Total: 165896 ns
[2025-03-20T13:35:12.428+0000][7][safepoint   ] Safepoint "Cleanup", Time since last: 1001092803 ns, Reaching safepoint: 154574 ns, At safepoint: 4419 ns, Total: 158993 ns
[2025-03-20T13:35:13.430+0000][7][safepoint   ] Safepoint "Cleanup", Time since last: 1000069857 ns, Reaching safepoint: 2033713 ns, At safepoint: 40117 ns, Total: 2073830 ns
[2025-03-20T13:35:14.431+0000][7][safepoint   ] Safepoint "Cleanup", Time since last: 1000852035 ns, Reaching safepoint: 102295 ns, At safepoint: 3847 ns, Total: 106142 ns
[2025-03-20T13:35:16.433+0000][7][safepoint   ] Safepoint "Cleanup", Time since last: 2001160236 ns, Reaching safepoint: 125870 ns, At safepoint: 4559 ns, Total: 130429 ns
[2025-03-20T13:35:19.434+0000][7][safepoint   ] Safepoint "Cleanup", Time since last: 3001564586 ns, Reaching safepoint: 88719 ns, At safepoint: 13926 ns, Total: 102645 ns
[2025-03-20T13:35:20.435+0000][7][safepoint   ] Safepoint "Cleanup", Time since last: 1000364668 ns, Reaching safepoint: 122794 ns, At safepoint: 4489 ns, Total: 127283 ns
[2025-03-20T13:35:21.436+0000][7][safepoint   ] Safepoint "Cleanup", Time since last: 1000658507 ns, Reaching safepoint: 216111 ns, At safepoint: 7595 ns, Total: 223706 ns
[2025-03-20T13:35:22.436+0000][7][safepoint   ] Safepoint "Cleanup", Time since last: 1000535883 ns, Reaching safepoint: 105000 ns, At safepoint: 5501 ns, Total: 110501 ns
[2025-03-20T13:35:24.437+0000][7][safepoint   ] Safepoint "Cleanup", Time since last: 2001040036 ns, Reaching safepoint: 115580 ns, At safepoint: 3887 ns, Total: 119467 ns
[2025-03-20T13:35:25.438+0000][7][safepoint   ] Safepoint "Cleanup", Time since last: 1000349049 ns, Reaching safepoint: 125649 ns, At safepoint: 14598 ns, Total: 140247 ns
[2025-03-20T13:35:26.438+0000][7][safepoint   ] Safepoint "Cleanup", Time since last: 1000361268 ns, Reaching safepoint: 66517 ns, At safepoint: 4018 ns, Total: 70535 ns
[2025-03-20T13:35:28.440+0000][7][safepoint   ] Safepoint "Cleanup", Time since last: 2001107076 ns, Reaching safepoint: 147942 ns, At safepoint: 4499 ns, Total: 152441 ns
[2025-03-20T13:35:31.442+0000][7][safepoint   ] Safepoint "Cleanup", Time since last: 3001733691 ns, Reaching safepoint: 95782 ns, At safepoint: 3657 ns, Total: 99439 ns
[2025-03-20T13:35:32.442+0000][7][safepoint   ] Safepoint "Cleanup", Time since last: 1000354241 ns, Reaching safepoint: 199019 ns, At safepoint: 7164 ns, Total: 206183 ns
[2025-03-20T13:35:34.444+0000][7][safepoint   ] Safepoint "Cleanup", Time since last: 2001310739 ns, Reaching safepoint: 117804 ns, At safepoint: 8276 ns, Total: 126080 ns
[2025-03-20T13:35:36.445+0000][7][safepoint   ] Safepoint "Cleanup", Time since last: 2000818890 ns, Reaching safepoint: 1079293 ns, At safepoint: 18215 ns, Total: 1097508 ns
[2025-03-20T13:35:37.446+0000][7][safepoint   ] Safepoint "Cleanup", Time since last: 1000320573 ns, Reaching safepoint: 112845 ns, At safepoint: 11813 ns, Total: 124658 ns
[2025-03-20T13:35:38.446+0000][7][safepoint   ] Safepoint "Cleanup", Time since last: 1000424539 ns, Reaching safepoint: 153974 ns, At safepoint: 11993 ns, Total: 165967 ns
[2025-03-20T13:35:39.449+0000][7][safepoint   ] Safepoint "Cleanup", Time since last: 1000947244 ns, Reaching safepoint: 1310111 ns, At safepoint: 22433 ns, Total: 1332544 ns
[2025-03-20T13:35:40.451+0000][7][safepoint   ] Safepoint "Cleanup", Time since last: 1000486226 ns, Reaching safepoint: 1293003 ns, At safepoint: 15369 ns, Total: 1308372 ns
[2025-03-20T13:35:42.453+0000][7][safepoint   ] Safepoint "Cleanup", Time since last: 2001433793 ns, Reaching safepoint: 1079436 ns, At safepoint: 11542 ns, Total: 1090978 ns
[2025-03-20T13:35:43.454+0000][7][safepoint   ] Safepoint "Cleanup", Time since last: 1000834763 ns, Reaching safepoint: 94890 ns, At safepoint: 5601 ns, Total: 100491 ns
[2025-03-20T13:35:44.454+0000][7][safepoint   ] Safepoint "Cleanup", Time since last: 1000280780 ns, Reaching safepoint: 139295 ns, At safepoint: 8456 ns, Total: 147751 ns
[2025-03-20T13:35:46.457+0000][7][safepoint   ] Safepoint "Cleanup", Time since last: 2001835213 ns, Reaching safepoint: 1093532 ns, At safepoint: 26511 ns, Total: 1120043 ns
[2025-03-20T13:35:49.460+0000][7][safepoint   ] Safepoint "Cleanup", Time since last: 3002486692 ns, Reaching safepoint: 98398 ns, At safepoint: 3997 ns, Total: 102395 ns
[2025-03-20T13:35:50.460+0000][7][safepoint   ] Safepoint "Cleanup", Time since last: 1000329989 ns, Reaching safepoint: 157630 ns, At safepoint: 5230 ns, Total: 162860 ns
[2025-03-20T13:35:52.462+0000][7][safepoint   ] Safepoint "Cleanup", Time since last: 2001388319 ns, Reaching safepoint: 134797 ns, At safepoint: 5189 ns, Total: 139986 ns
[2025-03-20T13:35:55.452+0000][7][gc,start    ] GC(44) Pause Young (Normal) (G1 Evacuation Pause)
[2025-03-20T13:35:55.452+0000][7][gc,task     ] GC(44) Using 8 workers of 8 for evacuation
[2025-03-20T13:35:55.452+0000][7][gc,age      ] GC(44) Desired survivor size 18874368 bytes, new threshold 15 (max threshold 15)
[2025-03-20T13:35:55.460+0000][7][gc,age      ] GC(44) Age table with threshold 15 (max threshold 15)
[2025-03-20T13:35:55.460+0000][7][gc,age      ] GC(44) - age   1:    2233344 bytes,    2233344 total
[2025-03-20T13:35:55.460+0000][7][gc,age      ] GC(44) - age   2:      15576 bytes,    2248920 total
[2025-03-20T13:35:55.460+0000][7][gc,age      ] GC(44) - age   3:      25032 bytes,    2273952 total
[2025-03-20T13:35:55.460+0000][7][gc,age      ] GC(44) - age   4:       2872 bytes,    2276824 total
[2025-03-20T13:35:55.460+0000][7][gc,age      ] GC(44) - age   5:      36168 bytes,    2312992 total
[2025-03-20T13:35:55.460+0000][7][gc,age      ] GC(44) - age   6:      18856 bytes,    2331848 total
[2025-03-20T13:35:55.460+0000][7][gc,age      ] GC(44) - age   7:      81240 bytes,    2413088 total
[2025-03-20T13:35:55.460+0000][7][gc,age      ] GC(44) - age   8:     257176 bytes,    2670264 total
[2025-03-20T13:35:55.460+0000][7][gc,age      ] GC(44) - age   9:      41904 bytes,    2712168 total
[2025-03-20T13:35:55.460+0000][7][gc,age      ] GC(44) - age  10:     264216 bytes,    2976384 total
[2025-03-20T13:35:55.460+0000][7][gc,age      ] GC(44) - age  11:      40816 bytes,    3017200 total
[2025-03-20T13:35:55.460+0000][7][gc,age      ] GC(44) - age  12:      28296 bytes,    3045496 total
[2025-03-20T13:35:55.460+0000][7][gc,age      ] GC(44) - age  13:      11176 bytes,    3056672 total
[2025-03-20T13:35:55.460+0000][7][gc,age      ] GC(44) - age  14:    1238264 bytes,    4294936 total
[2025-03-20T13:35:55.460+0000][7][gc,age      ] GC(44) - age  15:    2229816 bytes,    6524752 total
[2025-03-20T13:35:55.460+0000][7][gc,phases   ] GC(44)   Pre Evacuate Collection Set: 0.1ms
[2025-03-20T13:35:55.460+0000][7][gc,phases   ] GC(44)   Merge Heap Roots: 0.1ms
[2025-03-20T13:35:55.460+0000][7][gc,phases   ] GC(44)   Evacuate Collection Set: 5.6ms
[2025-03-20T13:35:55.460+0000][7][gc,phases   ] GC(44)   Post Evacuate Collection Set: 2.0ms
[2025-03-20T13:35:55.460+0000][7][gc,phases   ] GC(44)   Other: 0.3ms
[2025-03-20T13:35:55.460+0000][7][gc,heap     ] GC(44) Eden regions: 69->0(70)
[2025-03-20T13:35:55.460+0000][7][gc,heap     ] GC(44) Survivor regions: 3->2(9)
[2025-03-20T13:35:55.460+0000][7][gc,heap     ] GC(44) Old regions: 26->27
[2025-03-20T13:35:55.460+0000][7][gc,heap     ] GC(44) Archive regions: 2->2
[2025-03-20T13:35:55.460+0000][7][gc,heap     ] GC(44) Humongous regions: 5->5
[2025-03-20T13:35:55.460+0000][7][gc,metaspace] GC(44) Metaspace: 120260K(121984K)->120260K(121984K) NonClass: 104636K(105600K)->104636K(105600K) Class: 15623K(16384K)->15623K(16384K)
[2025-03-20T13:35:55.460+0000][7][gc          ] GC(44) Pause Young (Normal) (G1 Evacuation Pause) 412M->136M(512M) 8.130ms
[2025-03-20T13:35:55.460+0000][7][gc,cpu      ] GC(44) User=0.02s Sys=0.01s Real=0.01s
[2025-03-20T13:35:55.460+0000][7][safepoint   ] Safepoint "G1CollectForAllocation", Time since last: 2989634377 ns, Reaching safepoint: 109479 ns, At safepoint: 8261369 ns, Total: 8370848 ns
[2025-03-20T13:35:56.461+0000][7][safepoint   ] Safepoint "Cleanup", Time since last: 1000400540 ns, Reaching safepoint: 125449 ns, At safepoint: 6603 ns, Total: 132052 ns
[2025-03-20T13:35:58.462+0000][7][safepoint   ] Safepoint "Cleanup", Time since last: 2001016920 ns, Reaching safepoint: 90782 ns, At safepoint: 4609 ns, Total: 95391 ns
[2025-03-20T13:36:01.464+0000][7][safepoint   ] Safepoint "Cleanup", Time since last: 3002509720 ns, Reaching safepoint: 74481 ns, At safepoint: 3557 ns, Total: 78038 ns
[2025-03-20T13:36:02.465+0000][7][safepoint   ] Safepoint "Cleanup", Time since last: 1001052545 ns, Reaching safepoint: 75584 ns, At safepoint: 3536 ns, Total: 79120 ns
[2025-03-20T13:36:04.467+0000][7][safepoint   ] Safepoint "Cleanup", Time since last: 2001248258 ns, Reaching safepoint: 68340 ns, At safepoint: 2956 ns, Total: 71296 ns
[2025-03-20T13:36:05.468+0000][7][safepoint   ] Safepoint "Cleanup", Time since last: 1000748239 ns, Reaching safepoint: 80022 ns, At safepoint: 3577 ns, Total: 83599 ns
[2025-03-20T13:36:06.468+0000][7][safepoint   ] Safepoint "Cleanup", Time since last: 1000462384 ns, Reaching safepoint: 86254 ns, At safepoint: 3918 ns, Total: 90172 ns
[2025-03-20T13:36:07.468+0000][7][safepoint   ] Safepoint "Cleanup", Time since last: 1000260766 ns, Reaching safepoint: 91154 ns, At safepoint: 4208 ns, Total: 95362 ns
[2025-03-20T13:36:08.469+0000][7][safepoint   ] Safepoint "Cleanup", Time since last: 1000738736 ns, Reaching safepoint: 106181 ns, At safepoint: 6332 ns, Total: 112513 ns
[2025-03-20T13:36:09.470+0000][7][safepoint   ] Safepoint "Cleanup", Time since last: 1000462457 ns, Reaching safepoint: 79061 ns, At safepoint: 3747 ns, Total: 82808 ns
[2025-03-20T13:36:10.470+0000][7][safepoint   ] Safepoint "Cleanup", Time since last: 1000375544 ns, Reaching safepoint: 138153 ns, At safepoint: 5040 ns, Total: 143193 ns
[2025-03-20T13:36:12.472+0000][7][safepoint   ] Safepoint "Cleanup", Time since last: 2001676096 ns, Reaching safepoint: 72478 ns, At safepoint: 3647 ns, Total: 76125 ns
[2025-03-20T13:36:13.473+0000][7][safepoint   ] Safepoint "Cleanup", Time since last: 1000386360 ns, Reaching safepoint: 292361 ns, At safepoint: 7965 ns, Total: 300326 ns
[2025-03-20T13:36:14.473+0000][7][safepoint   ] Safepoint "Cleanup", Time since last: 1000473020 ns, Reaching safepoint: 146469 ns, At safepoint: 13445 ns, Total: 159914 ns
[2025-03-20T13:36:16.475+0000][7][safepoint   ] Safepoint "Cleanup", Time since last: 2001424550 ns, Reaching safepoint: 143634 ns, At safepoint: 4599 ns, Total: 148233 ns
[2025-03-20T13:36:19.477+0000][7][safepoint   ] Safepoint "Cleanup", Time since last: 3002201279 ns, Reaching safepoint: 158472 ns, At safepoint: 4228 ns, Total: 162700 ns
[2025-03-20T13:36:20.478+0000][7][safepoint   ] Safepoint "Cleanup", Time since last: 1000233206 ns, Reaching safepoint: 115710 ns, At safepoint: 6152 ns, Total: 121862 ns
[2025-03-20T13:36:22.478+0000][7][safepoint   ] Safepoint "Cleanup", Time since last: 2000452091 ns, Reaching safepoint: 135418 ns, At safepoint: 4919 ns, Total: 140337 ns
[2025-03-20T13:36:24.479+0000][7][safepoint   ] Safepoint "Cleanup", Time since last: 2000437059 ns, Reaching safepoint: 132943 ns, At safepoint: 4008 ns, Total: 136951 ns
[2025-03-20T13:36:25.480+0000][7][safepoint   ] Safepoint "Cleanup", Time since last: 1000943228 ns, Reaching safepoint: 138434 ns, At safepoint: 6222 ns, Total: 144656 ns
[2025-03-20T13:36:26.480+0000][7][safepoint   ] Safepoint "Cleanup", Time since last: 1000310772 ns, Reaching safepoint: 98768 ns, At safepoint: 3948 ns, Total: 102716 ns
[2025-03-20T13:36:28.482+0000][7][safepoint   ] Safepoint "Cleanup", Time since last: 2001114086 ns, Reaching safepoint: 101764 ns, At safepoint: 4338 ns, Total: 106102 ns
[2025-03-20T13:36:31.484+0000][7][safepoint   ] Safepoint "Cleanup", Time since last: 3002228637 ns, Reaching safepoint: 100241 ns, At safepoint: 7775 ns, Total: 108016 ns
[2025-03-20T13:36:32.485+0000][7][safepoint   ] Safepoint "Cleanup", Time since last: 1000956573 ns, Reaching safepoint: 97709 ns, At safepoint: 6923 ns, Total: 104632 ns
[2025-03-20T13:36:34.486+0000][7][safepoint   ] Safepoint "Cleanup", Time since last: 2001297213 ns, Reaching safepoint: 133464 ns, At safepoint: 8636 ns, Total: 142100 ns
[2025-03-20T13:36:37.488+0000][7][safepoint   ] Safepoint "Cleanup", Time since last: 3001164114 ns, Reaching safepoint: 96313 ns, At safepoint: 3577 ns, Total: 99890 ns
[2025-03-20T13:36:38.489+0000][7][safepoint   ] Safepoint "Cleanup", Time since last: 1001504789 ns, Reaching safepoint: 138624 ns, At safepoint: 6041 ns, Total: 144665 ns
[2025-03-20T13:36:39.490+0000][7][safepoint   ] Safepoint "Cleanup", Time since last: 1000985210 ns, Reaching safepoint: 121180 ns, At safepoint: 5661 ns, Total: 126841 ns
[2025-03-20T13:36:40.491+0000][7][safepoint   ] Safepoint "Cleanup", Time since last: 1000594979 ns, Reaching safepoint: 102064 ns, At safepoint: 4008 ns, Total: 106072 ns
[2025-03-20T13:36:42.492+0000][7][safepoint   ] Safepoint "Cleanup", Time since last: 2001180214 ns, Reaching safepoint: 132943 ns, At safepoint: 5430 ns, Total: 138373 ns
[2025-03-20T13:36:43.493+0000][7][safepoint   ] Safepoint "Cleanup", Time since last: 1000229078 ns, Reaching safepoint: 113657 ns, At safepoint: 18425 ns, Total: 132082 ns
[2025-03-20T13:36:43.674+0000][7][gc,start    ] GC(45) Pause Young (Normal) (G1 Evacuation Pause)
[2025-03-20T13:36:43.674+0000][7][gc,task     ] GC(45) Using 8 workers of 8 for evacuation
[2025-03-20T13:36:43.674+0000][7][gc,age      ] GC(45) Desired survivor size 18874368 bytes, new threshold 15 (max threshold 15)
[2025-03-20T13:36:43.681+0000][7][gc,age      ] GC(45) Age table with threshold 15 (max threshold 15)
[2025-03-20T13:36:43.681+0000][7][gc,age      ] GC(45) - age   1:    2698440 bytes,    2698440 total
[2025-03-20T13:36:43.681+0000][7][gc,age      ] GC(45) - age   2:       6624 bytes,    2705064 total
[2025-03-20T13:36:43.681+0000][7][gc,age      ] GC(45) - age   3:      12896 bytes,    2717960 total
[2025-03-20T13:36:43.681+0000][7][gc,age      ] GC(45) - age   4:      24648 bytes,    2742608 total
[2025-03-20T13:36:43.681+0000][7][gc,age      ] GC(45) - age   5:       2840 bytes,    2745448 total
[2025-03-20T13:36:43.681+0000][7][gc,age      ] GC(45) - age   6:      24832 bytes,    2770280 total
[2025-03-20T13:36:43.681+0000][7][gc,age      ] GC(45) - age   7:      18856 bytes,    2789136 total
[2025-03-20T13:36:43.681+0000][7][gc,age      ] GC(45) - age   8:      81096 bytes,    2870232 total
[2025-03-20T13:36:43.681+0000][7][gc,age      ] GC(45) - age   9:     241584 bytes,    3111816 total
[2025-03-20T13:36:43.681+0000][7][gc,age      ] GC(45) - age  10:      41904 bytes,    3153720 total
[2025-03-20T13:36:43.681+0000][7][gc,age      ] GC(45) - age  11:     264216 bytes,    3417936 total
[2025-03-20T13:36:43.681+0000][7][gc,age      ] GC(45) - age  12:      40816 bytes,    3458752 total
[2025-03-20T13:36:43.681+0000][7][gc,age      ] GC(45) - age  13:      28296 bytes,    3487048 total
[2025-03-20T13:36:43.681+0000][7][gc,age      ] GC(45) - age  14:      11176 bytes,    3498224 total
[2025-03-20T13:36:43.681+0000][7][gc,age      ] GC(45) - age  15:    1238192 bytes,    4736416 total
[2025-03-20T13:36:43.681+0000][7][gc,phases   ] GC(45)   Pre Evacuate Collection Set: 0.1ms
[2025-03-20T13:36:43.681+0000][7][gc,phases   ] GC(45)   Merge Heap Roots: 0.1ms
[2025-03-20T13:36:43.681+0000][7][gc,phases   ] GC(45)   Evacuate Collection Set: 4.8ms
[2025-03-20T13:36:43.681+0000][7][gc,phases   ] GC(45)   Post Evacuate Collection Set: 1.7ms
[2025-03-20T13:36:43.681+0000][7][gc,phases   ] GC(45)   Other: 0.4ms
[2025-03-20T13:36:43.681+0000][7][gc,heap     ] GC(45) Eden regions: 70->0(70)
[2025-03-20T13:36:43.681+0000][7][gc,heap     ] GC(45) Survivor regions: 2->2(9)
[2025-03-20T13:36:43.681+0000][7][gc,heap     ] GC(45) Old regions: 27->27
[2025-03-20T13:36:43.681+0000][7][gc,heap     ] GC(45) Archive regions: 2->2
[2025-03-20T13:36:43.681+0000][7][gc,heap     ] GC(45) Humongous regions: 5->5
[2025-03-20T13:36:43.681+0000][7][gc,metaspace] GC(45) Metaspace: 120294K(121984K)->120294K(121984K) NonClass: 104670K(105600K)->104670K(105600K) Class: 15623K(16384K)->15623K(16384K)
[2025-03-20T13:36:43.681+0000][7][gc          ] GC(45) Pause Young (Normal) (G1 Evacuation Pause) 416M->136M(512M) 7.155ms
[2025-03-20T13:36:43.681+0000][7][gc,cpu      ] GC(45) User=0.02s Sys=0.00s Real=0.01s
[2025-03-20T13:36:43.681+0000][7][safepoint   ] Safepoint "G1CollectForAllocation", Time since last: 181230624 ns, Reaching safepoint: 142181 ns, At safepoint: 7251931 ns, Total: 7394112 ns
[2025-03-20T13:36:45.683+0000][7][safepoint   ] Safepoint "Cleanup", Time since last: 2001141207 ns, Reaching safepoint: 102455 ns, At safepoint: 4398 ns, Total: 106853 ns
[2025-03-20T13:36:46.683+0000][7][safepoint   ] Safepoint "Cleanup", Time since last: 1000189854 ns, Reaching safepoint: 125288 ns, At safepoint: 7915 ns, Total: 133203 ns
[2025-03-20T13:36:47.684+0000][7][safepoint   ] Safepoint "Cleanup", Time since last: 1000648548 ns, Reaching safepoint: 119277 ns, At safepoint: 4428 ns, Total: 123705 ns
[2025-03-20T13:36:49.685+0000][7][safepoint   ] Safepoint "Cleanup", Time since last: 2000797503 ns, Reaching safepoint: 153312 ns, At safepoint: 5060 ns, Total: 158372 ns
[2025-03-20T13:36:51.685+0000][7][safepoint   ] Safepoint "Cleanup", Time since last: 2000639736 ns, Reaching safepoint: 88548 ns, At safepoint: 5962 ns, Total: 94510 ns
[2025-03-20T13:36:52.686+0000][7][safepoint   ] Safepoint "Cleanup", Time since last: 1000591239 ns, Reaching safepoint: 73249 ns, At safepoint: 3457 ns, Total: 76706 ns
[2025-03-20T13:36:53.687+0000][7][safepoint   ] Safepoint "Cleanup", Time since last: 1000664646 ns, Reaching safepoint: 78450 ns, At safepoint: 3907 ns, Total: 82357 ns
[2025-03-20T13:36:55.688+0000][7][safepoint   ] Safepoint "Cleanup", Time since last: 2001270047 ns, Reaching safepoint: 92686 ns, At safepoint: 4359 ns, Total: 97045 ns
[2025-03-20T13:36:57.690+0000][7][safepoint   ] Safepoint "Cleanup", Time since last: 2001443674 ns, Reaching safepoint: 96404 ns, At safepoint: 4869 ns, Total: 101273 ns
[2025-03-20T13:36:58.691+0000][7][safepoint   ] Safepoint "Cleanup", Time since last: 1001073226 ns, Reaching safepoint: 75865 ns, At safepoint: 3817 ns, Total: 79682 ns
[2025-03-20T13:36:59.692+0000][7][safepoint   ] Safepoint "Cleanup", Time since last: 1000519842 ns, Reaching safepoint: 108817 ns, At safepoint: 8637 ns, Total: 117454 ns
[2025-03-20T13:37:01.693+0000][7][safepoint   ] Safepoint "Cleanup", Time since last: 2001324750 ns, Reaching safepoint: 97796 ns, At safepoint: 4028 ns, Total: 101824 ns
[2025-03-20T13:37:04.695+0000][7][safepoint   ] Safepoint "Cleanup", Time since last: 3002358201 ns, Reaching safepoint: 77327 ns, At safepoint: 4148 ns, Total: 81475 ns
[2025-03-20T13:37:07.697+0000][7][safepoint   ] Safepoint "Cleanup", Time since last: 3001925306 ns, Reaching safepoint: 85834 ns, At safepoint: 3847 ns, Total: 89681 ns
[2025-03-20T13:37:08.698+0000][7][safepoint   ] Safepoint "Cleanup", Time since last: 1000259988 ns, Reaching safepoint: 359475 ns, At safepoint: 38604 ns, Total: 398079 ns
[2025-03-20T13:37:09.328+0000][7][gc,heap,exit] Heap
[2025-03-20T13:37:09.328+0000][7][gc,heap,exit]  garbage-first heap   total 524288K, used 284646K [0x00000000e0000000, 0x0000000100000000)
[2025-03-20T13:37:09.328+0000][7][gc,heap,exit]   region size 4096K, 38 young (155648K), 2 survivors (8192K)
[2025-03-20T13:37:09.328+0000][7][gc,heap,exit]  Metaspace       used 120464K, committed 122240K, reserved 1155072K
[2025-03-20T13:37:09.328+0000][7][gc,heap,exit]   class space    used 15652K, committed 16384K, reserved 1048576K
