[2025-03-20T14:50:04.686+0000][6][gc] Using G1
[2025-03-20T14:50:04.782+0000][6][gc,init] Version: 16.0.2+7 (release)
[2025-03-20T14:50:04.782+0000][6][gc,init] CPUs: 8 total, 8 available
[2025-03-20T14:50:04.782+0000][6][gc,init] Memory: 7901M
[2025-03-20T14:50:04.782+0000][6][gc,init] Large Page Support: Disabled
[2025-03-20T14:50:04.782+0000][6][gc,init] NUMA Support: Disabled
[2025-03-20T14:50:04.782+0000][6][gc,init] Compressed Oops: Enabled (32-bit)
[2025-03-20T14:50:04.782+0000][6][gc,init] Heap Region Size: 4M
[2025-03-20T14:50:04.782+0000][6][gc,init] Heap Min Capacity: 512M
[2025-03-20T14:50:04.782+0000][6][gc,init] Heap Initial Capacity: 512M
[2025-03-20T14:50:04.782+0000][6][gc,init] Heap Max Capacity: 512M
[2025-03-20T14:50:04.782+0000][6][gc,init] Pre-touch: Enabled
[2025-03-20T14:50:04.782+0000][6][gc,init] Parallel Workers: 8
[2025-03-20T14:50:04.782+0000][6][gc,init] Concurrent Workers: 2
[2025-03-20T14:50:04.782+0000][6][gc,init] Concurrent Refinement Workers: 8
[2025-03-20T14:50:04.782+0000][6][gc,init] Periodic GC: Disabled
[2025-03-20T14:50:04.782+0000][6][gc,metaspace] CDS archive(s) mapped at: [0x0000000800000000-0x0000000800beb000-0x0000000800beb000), size 12496896, SharedBaseAddress: 0x0000000800000000, ArchiveRelocationMode: 0.
[2025-03-20T14:50:04.782+0000][6][gc,metaspace] Compressed class space mapped at: 0x0000000800c00000-0x0000000840c00000, reserved size: 1073741824
[2025-03-20T14:50:04.782+0000][6][gc,metaspace] Narrow klass base: 0x0000000800000000, Narrow klass shift: 3, Narrow klass range: 0x100000000
[2025-03-20T14:50:05.314+0000][6][safepoint   ] Safepoint "ICBufferFull", Time since last: 523553168 ns, Reaching safepoint: 1268084 ns, At safepoint: 24356 ns, Total: 1292440 ns
[2025-03-20T14:50:05.540+0000][6][gc,start    ] GC(0) Pause Young (Normal) (G1 Evacuation Pause)
[2025-03-20T14:50:05.540+0000][6][gc,task     ] GC(0) Using 8 workers of 8 for evacuation
[2025-03-20T14:50:05.540+0000][6][gc,age      ] GC(0) Desired survivor size 2097152 bytes, new threshold 15 (max threshold 15)
[2025-03-20T14:50:05.548+0000][6][gc,age      ] GC(0) Age table with threshold 15 (max threshold 15)
[2025-03-20T14:50:05.548+0000][6][gc,age      ] GC(0) - age   1:    4171248 bytes,    4171248 total
[2025-03-20T14:50:05.548+0000][6][gc,phases   ] GC(0)   Pre Evacuate Collection Set: 0.2ms
[2025-03-20T14:50:05.548+0000][6][gc,phases   ] GC(0)   Merge Heap Roots: 0.1ms
[2025-03-20T14:50:05.548+0000][6][gc,phases   ] GC(0)   Evacuate Collection Set: 5.9ms
[2025-03-20T14:50:05.548+0000][6][gc,phases   ] GC(0)   Post Evacuate Collection Set: 1.3ms
[2025-03-20T14:50:05.548+0000][6][gc,phases   ] GC(0)   Other: 0.2ms
[2025-03-20T14:50:05.548+0000][6][gc,heap     ] GC(0) Eden regions: 6->0(6)
[2025-03-20T14:50:05.548+0000][6][gc,heap     ] GC(0) Survivor regions: 0->1(1)
[2025-03-20T14:50:05.548+0000][6][gc,heap     ] GC(0) Old regions: 0->1
[2025-03-20T14:50:05.548+0000][6][gc,heap     ] GC(0) Archive regions: 2->2
[2025-03-20T14:50:05.548+0000][6][gc,heap     ] GC(0) Humongous regions: 0->0
[2025-03-20T14:50:05.548+0000][6][gc,metaspace] GC(0) Metaspace: 8243K(8448K)->8243K(8448K) NonClass: 7323K(7424K)->7323K(7424K) Class: 919K(1024K)->919K(1024K)
[2025-03-20T14:50:05.548+0000][6][gc          ] GC(0) Pause Young (Normal) (G1 Evacuation Pause) 27M->8M(512M) 7.695ms
[2025-03-20T14:50:05.548+0000][6][gc,cpu      ] GC(0) User=0.02s Sys=0.00s Real=0.01s
[2025-03-20T14:50:05.548+0000][6][safepoint   ] Safepoint "G1CollectForAllocation", Time since last: 226371351 ns, Reaching safepoint: 85522 ns, At safepoint: 7787392 ns, Total: 7872914 ns
[2025-03-20T14:50:06.305+0000][6][gc,start    ] GC(1) Pause Young (Normal) (G1 Evacuation Pause)
[2025-03-20T14:50:06.305+0000][6][gc,task     ] GC(1) Using 8 workers of 8 for evacuation
[2025-03-20T14:50:06.305+0000][6][gc,age      ] GC(1) Desired survivor size 2097152 bytes, new threshold 1 (max threshold 15)
[2025-03-20T14:50:06.317+0000][6][gc,age      ] GC(1) Age table with threshold 1 (max threshold 15)
[2025-03-20T14:50:06.317+0000][6][gc,age      ] GC(1) - age   1:    2108912 bytes,    2108912 total
[2025-03-20T14:50:06.317+0000][6][gc,phases   ] GC(1)   Pre Evacuate Collection Set: 1.3ms
[2025-03-20T14:50:06.317+0000][6][gc,phases   ] GC(1)   Merge Heap Roots: 0.1ms
[2025-03-20T14:50:06.317+0000][6][gc,phases   ] GC(1)   Evacuate Collection Set: 6.9ms
[2025-03-20T14:50:06.317+0000][6][gc,phases   ] GC(1)   Post Evacuate Collection Set: 3.0ms
[2025-03-20T14:50:06.317+0000][6][gc,phases   ] GC(1)   Other: 0.2ms
[2025-03-20T14:50:06.317+0000][6][gc,heap     ] GC(1) Eden regions: 6->0(15)
[2025-03-20T14:50:06.317+0000][6][gc,heap     ] GC(1) Survivor regions: 1->1(1)
[2025-03-20T14:50:06.317+0000][6][gc,heap     ] GC(1) Old regions: 1->2
[2025-03-20T14:50:06.317+0000][6][gc,heap     ] GC(1) Archive regions: 2->2
[2025-03-20T14:50:06.317+0000][6][gc,heap     ] GC(1) Humongous regions: 0->0
[2025-03-20T14:50:06.317+0000][6][gc,metaspace] GC(1) Metaspace: 12450K(12672K)->12450K(12672K) NonClass: 10983K(11072K)->10983K(11072K) Class: 1466K(1600K)->1466K(1600K)
[2025-03-20T14:50:06.317+0000][6][gc          ] GC(1) Pause Young (Normal) (G1 Evacuation Pause) 32M->10M(512M) 11.544ms
[2025-03-20T14:50:06.317+0000][6][gc,cpu      ] GC(1) User=0.02s Sys=0.01s Real=0.01s
[2025-03-20T14:50:06.317+0000][6][safepoint   ] Safepoint "G1CollectForAllocation", Time since last: 756071964 ns, Reaching safepoint: 1353789 ns, At safepoint: 11638154 ns, Total: 12991943 ns
[2025-03-20T14:50:07.078+0000][6][safepoint   ] Safepoint "ICBufferFull", Time since last: 759542610 ns, Reaching safepoint: 1067238 ns, At safepoint: 20198 ns, Total: 1087436 ns
[2025-03-20T14:50:07.085+0000][6][gc,start    ] GC(2) Pause Young (Normal) (G1 Evacuation Pause)
[2025-03-20T14:50:07.085+0000][6][gc,task     ] GC(2) Using 8 workers of 8 for evacuation
[2025-03-20T14:50:07.085+0000][6][gc,age      ] GC(2) Desired survivor size 4194304 bytes, new threshold 15 (max threshold 15)
[2025-03-20T14:50:07.090+0000][6][gc,age      ] GC(2) Age table with threshold 15 (max threshold 15)
[2025-03-20T14:50:07.090+0000][6][gc,age      ] GC(2) - age   1:    1368984 bytes,    1368984 total
[2025-03-20T14:50:07.090+0000][6][gc,age      ] GC(2) - age   2:    2028208 bytes,    3397192 total
[2025-03-20T14:50:07.090+0000][6][gc,phases   ] GC(2)   Pre Evacuate Collection Set: 0.1ms
[2025-03-20T14:50:07.090+0000][6][gc,phases   ] GC(2)   Merge Heap Roots: 0.1ms
[2025-03-20T14:50:07.090+0000][6][gc,phases   ] GC(2)   Evacuate Collection Set: 4.1ms
[2025-03-20T14:50:07.090+0000][6][gc,phases   ] GC(2)   Post Evacuate Collection Set: 1.2ms
[2025-03-20T14:50:07.090+0000][6][gc,phases   ] GC(2)   Other: 0.2ms
[2025-03-20T14:50:07.090+0000][6][gc,heap     ] GC(2) Eden regions: 15->0(58)
[2025-03-20T14:50:07.090+0000][6][gc,heap     ] GC(2) Survivor regions: 1->1(2)
[2025-03-20T14:50:07.090+0000][6][gc,heap     ] GC(2) Old regions: 2->2
[2025-03-20T14:50:07.090+0000][6][gc,heap     ] GC(2) Archive regions: 2->2
[2025-03-20T14:50:07.090+0000][6][gc,heap     ] GC(2) Humongous regions: 0->0
[2025-03-20T14:50:07.090+0000][6][gc,metaspace] GC(2) Metaspace: 14762K(14976K)->14762K(14976K) NonClass: 13084K(13184K)->13084K(13184K) Class: 1677K(1792K)->1677K(1792K)
[2025-03-20T14:50:07.090+0000][6][gc          ] GC(2) Pause Young (Normal) (G1 Evacuation Pause) 70M->11M(512M) 5.671ms
[2025-03-20T14:50:07.090+0000][6][gc,cpu      ] GC(2) User=0.01s Sys=0.00s Real=0.01s
[2025-03-20T14:50:07.090+0000][6][safepoint   ] Safepoint "G1CollectForAllocation", Time since last: 6832492 ns, Reaching safepoint: 170704 ns, At safepoint: 5790559 ns, Total: 5961263 ns
[2025-03-20T14:50:07.267+0000][6][safepoint   ] Safepoint "ICBufferFull", Time since last: 175973342 ns, Reaching safepoint: 159524 ns, At safepoint: 3847 ns, Total: 163371 ns
[2025-03-20T14:50:07.280+0000][6][safepoint   ] Safepoint "ICBufferFull", Time since last: 12913741 ns, Reaching safepoint: 83179 ns, At safepoint: 3296 ns, Total: 86475 ns
[2025-03-20T14:50:07.290+0000][6][safepoint   ] Safepoint "ICBufferFull", Time since last: 10068117 ns, Reaching safepoint: 64353 ns, At safepoint: 3116 ns, Total: 67469 ns
[2025-03-20T14:50:07.306+0000][6][safepoint   ] Safepoint "ICBufferFull", Time since last: 16246098 ns, Reaching safepoint: 100992 ns, At safepoint: 3727 ns, Total: 104719 ns
[2025-03-20T14:50:07.310+0000][6][safepoint   ] Safepoint "ICBufferFull", Time since last: 3741488 ns, Reaching safepoint: 133607 ns, At safepoint: 4138 ns, Total: 137745 ns
[2025-03-20T14:50:07.312+0000][6][safepoint   ] Safepoint "ICBufferFull", Time since last: 2183795 ns, Reaching safepoint: 76315 ns, At safepoint: 3427 ns, Total: 79742 ns
[2025-03-20T14:50:07.314+0000][6][safepoint   ] Safepoint "ICBufferFull", Time since last: 2054332 ns, Reaching safepoint: 62800 ns, At safepoint: 2855 ns, Total: 65655 ns
[2025-03-20T14:50:07.317+0000][6][safepoint   ] Safepoint "ICBufferFull", Time since last: 2112504 ns, Reaching safepoint: 89040 ns, At safepoint: 2735 ns, Total: 91775 ns
[2025-03-20T14:50:07.330+0000][6][safepoint   ] Safepoint "ICBufferFull", Time since last: 13382560 ns, Reaching safepoint: 68741 ns, At safepoint: 3898 ns, Total: 72639 ns
[2025-03-20T14:50:07.333+0000][6][safepoint   ] Safepoint "ICBufferFull", Time since last: 3313270 ns, Reaching safepoint: 128304 ns, At safepoint: 3857 ns, Total: 132161 ns
[2025-03-20T14:50:07.336+0000][6][safepoint   ] Safepoint "ICBufferFull", Time since last: 2882177 ns, Reaching safepoint: 69983 ns, At safepoint: 4027 ns, Total: 74010 ns
[2025-03-20T14:50:07.340+0000][6][safepoint   ] Safepoint "ICBufferFull", Time since last: 3011619 ns, Reaching safepoint: 80884 ns, At safepoint: 3267 ns, Total: 84151 ns
[2025-03-20T14:50:07.348+0000][6][safepoint   ] Safepoint "ICBufferFull", Time since last: 8473747 ns, Reaching safepoint: 63902 ns, At safepoint: 2615 ns, Total: 66517 ns
[2025-03-20T14:50:07.352+0000][6][safepoint   ] Safepoint "ICBufferFull", Time since last: 4072286 ns, Reaching safepoint: 105460 ns, At safepoint: 3247 ns, Total: 108707 ns
[2025-03-20T14:50:07.358+0000][6][safepoint   ] Safepoint "ICBufferFull", Time since last: 5405492 ns, Reaching safepoint: 505064 ns, At safepoint: 3116 ns, Total: 508180 ns
[2025-03-20T14:50:07.374+0000][6][safepoint   ] Safepoint "ICBufferFull", Time since last: 14909632 ns, Reaching safepoint: 444627 ns, At safepoint: 31670 ns, Total: 476297 ns
[2025-03-20T14:50:07.377+0000][6][safepoint   ] Safepoint "ICBufferFull", Time since last: 2921613 ns, Reaching safepoint: 58501 ns, At safepoint: 2004 ns, Total: 60505 ns
[2025-03-20T14:50:07.380+0000][6][safepoint   ] Safepoint "ICBufferFull", Time since last: 3067462 ns, Reaching safepoint: 73119 ns, At safepoint: 3006 ns, Total: 76125 ns
[2025-03-20T14:50:07.395+0000][6][safepoint   ] Safepoint "ICBufferFull", Time since last: 15232070 ns, Reaching safepoint: 80573 ns, At safepoint: 21531 ns, Total: 102104 ns
[2025-03-20T14:50:07.397+0000][6][safepoint   ] Safepoint "ICBufferFull", Time since last: 2359042 ns, Reaching safepoint: 71887 ns, At safepoint: 14247 ns, Total: 86134 ns
[2025-03-20T14:50:07.399+0000][6][safepoint   ] Safepoint "ICBufferFull", Time since last: 1380883 ns, Reaching safepoint: 517786 ns, At safepoint: 15720 ns, Total: 533506 ns
[2025-03-20T14:50:07.400+0000][6][safepoint   ] Safepoint "ICBufferFull", Time since last: 738246 ns, Reaching safepoint: 66627 ns, At safepoint: 2154 ns, Total: 68781 ns
[2025-03-20T14:50:07.401+0000][6][safepoint   ] Safepoint "ICBufferFull", Time since last: 928527 ns, Reaching safepoint: 68591 ns, At safepoint: 2044 ns, Total: 70635 ns
[2025-03-20T14:50:07.402+0000][6][safepoint   ] Safepoint "ICBufferFull", Time since last: 897350 ns, Reaching safepoint: 95181 ns, At safepoint: 24717 ns, Total: 119898 ns
[2025-03-20T14:50:07.404+0000][6][safepoint   ] Safepoint "ICBufferFull", Time since last: 903541 ns, Reaching safepoint: 1146002 ns, At safepoint: 30228 ns, Total: 1176230 ns
[2025-03-20T14:50:07.405+0000][6][safepoint   ] Safepoint "ICBufferFull", Time since last: 739078 ns, Reaching safepoint: 70694 ns, At safepoint: 2074 ns, Total: 72768 ns
[2025-03-20T14:50:07.406+0000][6][safepoint   ] Safepoint "ICBufferFull", Time since last: 944759 ns, Reaching safepoint: 93929 ns, At safepoint: 2184 ns, Total: 96113 ns
[2025-03-20T14:50:07.408+0000][6][safepoint   ] Safepoint "ICBufferFull", Time since last: 851963 ns, Reaching safepoint: 762723 ns, At safepoint: 4649 ns, Total: 767372 ns
[2025-03-20T14:50:07.409+0000][6][safepoint   ] Safepoint "ICBufferFull", Time since last: 972461 ns, Reaching safepoint: 475033 ns, At safepoint: 3577 ns, Total: 478610 ns
[2025-03-20T14:50:07.410+0000][6][safepoint   ] Safepoint "ICBufferFull", Time since last: 870437 ns, Reaching safepoint: 68481 ns, At safepoint: 1773 ns, Total: 70254 ns
[2025-03-20T14:50:07.868+0000][6][safepoint   ] Safepoint "ICBufferFull", Time since last: 457201847 ns, Reaching safepoint: 1025073 ns, At safepoint: 28784 ns, Total: 1053857 ns
[2025-03-20T14:50:08.084+0000][6][gc,start    ] GC(3) Pause Young (Normal) (G1 Evacuation Pause)
[2025-03-20T14:50:08.084+0000][6][gc,task     ] GC(3) Using 8 workers of 8 for evacuation
[2025-03-20T14:50:08.084+0000][6][gc,age      ] GC(3) Desired survivor size 16777216 bytes, new threshold 15 (max threshold 15)
[2025-03-20T14:50:08.091+0000][6][gc,age      ] GC(3) Age table with threshold 15 (max threshold 15)
[2025-03-20T14:50:08.091+0000][6][gc,age      ] GC(3) - age   1:    6970408 bytes,    6970408 total
[2025-03-20T14:50:08.091+0000][6][gc,age      ] GC(3) - age   2:    1276200 bytes,    8246608 total
[2025-03-20T14:50:08.091+0000][6][gc,age      ] GC(3) - age   3:    2013704 bytes,   10260312 total
[2025-03-20T14:50:08.091+0000][6][gc,phases   ] GC(3)   Pre Evacuate Collection Set: 0.1ms
[2025-03-20T14:50:08.091+0000][6][gc,phases   ] GC(3)   Merge Heap Roots: 0.0ms
[2025-03-20T14:50:08.091+0000][6][gc,phases   ] GC(3)   Evacuate Collection Set: 6.1ms
[2025-03-20T14:50:08.091+0000][6][gc,phases   ] GC(3)   Post Evacuate Collection Set: 0.9ms
[2025-03-20T14:50:08.091+0000][6][gc,phases   ] GC(3)   Other: 0.2ms
[2025-03-20T14:50:08.091+0000][6][gc,heap     ] GC(3) Eden regions: 58->0(73)
[2025-03-20T14:50:08.091+0000][6][gc,heap     ] GC(3) Survivor regions: 1->3(8)
[2025-03-20T14:50:08.091+0000][6][gc,heap     ] GC(3) Old regions: 2->2
[2025-03-20T14:50:08.091+0000][6][gc,heap     ] GC(3) Archive regions: 2->2
[2025-03-20T14:50:08.091+0000][6][gc,heap     ] GC(3) Humongous regions: 0->0
[2025-03-20T14:50:08.091+0000][6][gc,metaspace] GC(3) Metaspace: 18489K(18816K)->18489K(18816K) NonClass: 16266K(16448K)->16266K(16448K) Class: 2223K(2368K)->2223K(2368K)
[2025-03-20T14:50:08.091+0000][6][gc          ] GC(3) Pause Young (Normal) (G1 Evacuation Pause) 243M->18M(512M) 7.450ms
[2025-03-20T14:50:08.091+0000][6][gc,cpu      ] GC(3) User=0.03s Sys=0.00s Real=0.01s
[2025-03-20T14:50:08.091+0000][6][safepoint   ] Safepoint "G1CollectForAllocation", Time since last: 215321714 ns, Reaching safepoint: 181689 ns, At safepoint: 7567901 ns, Total: 7749590 ns
[2025-03-20T14:50:08.553+0000][6][gc,start    ] GC(4) Pause Young (Normal) (G1 Evacuation Pause)
[2025-03-20T14:50:08.553+0000][6][gc,task     ] GC(4) Using 8 workers of 8 for evacuation
[2025-03-20T14:50:08.553+0000][6][gc,age      ] GC(4) Desired survivor size 20971520 bytes, new threshold 15 (max threshold 15)
[2025-03-20T14:50:08.563+0000][6][gc,age      ] GC(4) Age table with threshold 15 (max threshold 15)
[2025-03-20T14:50:08.563+0000][6][gc,age      ] GC(4) - age   1:    4595640 bytes,    4595640 total
[2025-03-20T14:50:08.563+0000][6][gc,age      ] GC(4) - age   2:    4618800 bytes,    9214440 total
[2025-03-20T14:50:08.563+0000][6][gc,age      ] GC(4) - age   3:    1276200 bytes,   10490640 total
[2025-03-20T14:50:08.563+0000][6][gc,age      ] GC(4) - age   4:    2013704 bytes,   12504344 total
[2025-03-20T14:50:08.564+0000][6][gc,phases   ] GC(4)   Pre Evacuate Collection Set: 0.1ms
[2025-03-20T14:50:08.564+0000][6][gc,phases   ] GC(4)   Merge Heap Roots: 0.1ms
[2025-03-20T14:50:08.564+0000][6][gc,phases   ] GC(4)   Evacuate Collection Set: 9.4ms
[2025-03-20T14:50:08.564+0000][6][gc,phases   ] GC(4)   Post Evacuate Collection Set: 0.8ms
[2025-03-20T14:50:08.564+0000][6][gc,phases   ] GC(4)   Other: 0.2ms
[2025-03-20T14:50:08.564+0000][6][gc,heap     ] GC(4) Eden regions: 73->0(72)
[2025-03-20T14:50:08.564+0000][6][gc,heap     ] GC(4) Survivor regions: 3->4(10)
[2025-03-20T14:50:08.564+0000][6][gc,heap     ] GC(4) Old regions: 2->2
[2025-03-20T14:50:08.564+0000][6][gc,heap     ] GC(4) Archive regions: 2->2
[2025-03-20T14:50:08.564+0000][6][gc,heap     ] GC(4) Humongous regions: 0->0
[2025-03-20T14:50:08.564+0000][6][gc,metaspace] GC(4) Metaspace: 19280K(19648K)->19280K(19648K) NonClass: 16943K(17152K)->16943K(17152K) Class: 2337K(2496K)->2337K(2496K)
[2025-03-20T14:50:08.564+0000][6][gc          ] GC(4) Pause Young (Normal) (G1 Evacuation Pause) 310M->20M(512M) 10.651ms
[2025-03-20T14:50:08.564+0000][6][gc,cpu      ] GC(4) User=0.04s Sys=0.00s Real=0.01s
[2025-03-20T14:50:08.564+0000][6][safepoint   ] Safepoint "G1CollectForAllocation", Time since last: 461349084 ns, Reaching safepoint: 136390 ns, At safepoint: 10737449 ns, Total: 10873839 ns
[2025-03-20T14:50:09.117+0000][6][gc,start    ] GC(5) Pause Young (Normal) (G1 Evacuation Pause)
[2025-03-20T14:50:09.117+0000][6][gc,task     ] GC(5) Using 8 workers of 8 for evacuation
[2025-03-20T14:50:09.117+0000][6][gc,age      ] GC(5) Desired survivor size 20971520 bytes, new threshold 15 (max threshold 15)
[2025-03-20T14:50:09.135+0000][6][gc,age      ] GC(5) Age table with threshold 15 (max threshold 15)
[2025-03-20T14:50:09.135+0000][6][gc,age      ] GC(5) - age   1:    1583992 bytes,    1583992 total
[2025-03-20T14:50:09.135+0000][6][gc,age      ] GC(5) - age   2:    3135904 bytes,    4719896 total
[2025-03-20T14:50:09.135+0000][6][gc,age      ] GC(5) - age   3:    4618432 bytes,    9338328 total
[2025-03-20T14:50:09.135+0000][6][gc,age      ] GC(5) - age   4:    1268632 bytes,   10606960 total
[2025-03-20T14:50:09.135+0000][6][gc,age      ] GC(5) - age   5:    2013704 bytes,   12620664 total
[2025-03-20T14:50:09.135+0000][6][gc,phases   ] GC(5)   Pre Evacuate Collection Set: 0.1ms
[2025-03-20T14:50:09.135+0000][6][gc,phases   ] GC(5)   Merge Heap Roots: 0.1ms
[2025-03-20T14:50:09.135+0000][6][gc,phases   ] GC(5)   Evacuate Collection Set: 17.0ms
[2025-03-20T14:50:09.135+0000][6][gc,phases   ] GC(5)   Post Evacuate Collection Set: 1.1ms
[2025-03-20T14:50:09.135+0000][6][gc,phases   ] GC(5)   Other: 0.2ms
[2025-03-20T14:50:09.135+0000][6][gc,heap     ] GC(5) Eden regions: 72->0(72)
[2025-03-20T14:50:09.135+0000][6][gc,heap     ] GC(5) Survivor regions: 4->4(10)
[2025-03-20T14:50:09.135+0000][6][gc,heap     ] GC(5) Old regions: 2->2
[2025-03-20T14:50:09.135+0000][6][gc,heap     ] GC(5) Archive regions: 2->2
[2025-03-20T14:50:09.135+0000][6][gc,heap     ] GC(5) Humongous regions: 0->0
[2025-03-20T14:50:09.135+0000][6][gc,metaspace] GC(5) Metaspace: 19939K(20352K)->19939K(20352K) NonClass: 17505K(17728K)->17505K(17728K) Class: 2434K(2624K)->2434K(2624K)
[2025-03-20T14:50:09.136+0000][6][gc          ] GC(5) Pause Young (Normal) (G1 Evacuation Pause) 308M->20M(512M) 18.539ms
[2025-03-20T14:50:09.136+0000][6][gc,cpu      ] GC(5) User=0.06s Sys=0.01s Real=0.03s
[2025-03-20T14:50:09.136+0000][6][safepoint   ] Safepoint "G1CollectForAllocation", Time since last: 553000592 ns, Reaching safepoint: 116882 ns, At safepoint: 18759646 ns, Total: 18876528 ns
[2025-03-20T14:50:09.633+0000][6][gc,start    ] GC(6) Pause Young (Concurrent Start) (Metadata GC Threshold)
[2025-03-20T14:50:09.633+0000][6][gc,task     ] GC(6) Using 8 workers of 8 for evacuation
[2025-03-20T14:50:09.633+0000][6][gc,age      ] GC(6) Desired survivor size 20971520 bytes, new threshold 15 (max threshold 15)
[2025-03-20T14:50:09.640+0000][6][gc,age      ] GC(6) Age table with threshold 15 (max threshold 15)
[2025-03-20T14:50:09.640+0000][6][gc,age      ] GC(6) - age   1:    1855624 bytes,    1855624 total
[2025-03-20T14:50:09.640+0000][6][gc,age      ] GC(6) - age   2:     789744 bytes,    2645368 total
[2025-03-20T14:50:09.640+0000][6][gc,age      ] GC(6) - age   3:    3134768 bytes,    5780136 total
[2025-03-20T14:50:09.640+0000][6][gc,age      ] GC(6) - age   4:    4618384 bytes,   10398520 total
[2025-03-20T14:50:09.640+0000][6][gc,age      ] GC(6) - age   5:    1268264 bytes,   11666784 total
[2025-03-20T14:50:09.640+0000][6][gc,age      ] GC(6) - age   6:    2013192 bytes,   13679976 total
[2025-03-20T14:50:09.640+0000][6][gc,phases   ] GC(6)   Pre Evacuate Collection Set: 0.1ms
[2025-03-20T14:50:09.640+0000][6][gc,phases   ] GC(6)   Merge Heap Roots: 0.1ms
[2025-03-20T14:50:09.640+0000][6][gc,phases   ] GC(6)   Evacuate Collection Set: 6.1ms
[2025-03-20T14:50:09.640+0000][6][gc,phases   ] GC(6)   Post Evacuate Collection Set: 0.7ms
[2025-03-20T14:50:09.640+0000][6][gc,phases   ] GC(6)   Other: 0.3ms
[2025-03-20T14:50:09.640+0000][6][gc,heap     ] GC(6) Eden regions: 64->0(72)
[2025-03-20T14:50:09.640+0000][6][gc,heap     ] GC(6) Survivor regions: 4->4(10)
[2025-03-20T14:50:09.640+0000][6][gc,heap     ] GC(6) Old regions: 2->2
[2025-03-20T14:50:09.640+0000][6][gc,heap     ] GC(6) Archive regions: 2->2
[2025-03-20T14:50:09.640+0000][6][gc,heap     ] GC(6) Humongous regions: 0->0
[2025-03-20T14:50:09.640+0000][6][gc,metaspace] GC(6) Metaspace: 20827K(21248K)->20827K(21248K) NonClass: 18267K(18496K)->18267K(18496K) Class: 2559K(2752K)->2559K(2752K)
[2025-03-20T14:50:09.640+0000][6][gc          ] GC(6) Pause Young (Concurrent Start) (Metadata GC Threshold) 276M->22M(512M) 7.259ms
[2025-03-20T14:50:09.640+0000][6][gc,cpu      ] GC(6) User=0.01s Sys=0.00s Real=0.01s
[2025-03-20T14:50:09.640+0000][6][safepoint   ] Safepoint "CollectForMetadataAllocation", Time since last: 496409127 ns, Reaching safepoint: 879550 ns, At safepoint: 7381113 ns, Total: 8260663 ns
[2025-03-20T14:50:09.640+0000][6][gc          ] GC(7) Concurrent Mark Cycle
[2025-03-20T14:50:09.640+0000][6][gc,marking  ] GC(7) Concurrent Clear Claimed Marks
[2025-03-20T14:50:09.640+0000][6][gc,marking  ] GC(7) Concurrent Clear Claimed Marks 0.027ms
[2025-03-20T14:50:09.640+0000][6][gc,marking  ] GC(7) Concurrent Scan Root Regions
[2025-03-20T14:50:09.643+0000][6][gc,marking  ] GC(7) Concurrent Scan Root Regions 2.254ms
[2025-03-20T14:50:09.643+0000][6][gc,marking  ] GC(7) Concurrent Mark
[2025-03-20T14:50:09.643+0000][6][gc,marking  ] GC(7) Concurrent Mark From Roots
[2025-03-20T14:50:09.643+0000][6][gc,task     ] GC(7) Using 2 workers of 2 for marking
[2025-03-20T14:50:09.646+0000][6][gc,marking  ] GC(7) Concurrent Mark From Roots 3.617ms
[2025-03-20T14:50:09.646+0000][6][gc,marking  ] GC(7) Concurrent Preclean
[2025-03-20T14:50:09.646+0000][6][gc,marking  ] GC(7) Concurrent Preclean 0.104ms
[2025-03-20T14:50:09.647+0000][6][gc,start    ] GC(7) Pause Remark
[2025-03-20T14:50:09.650+0000][6][gc          ] GC(7) Pause Remark 24M->24M(512M) 3.601ms
[2025-03-20T14:50:09.650+0000][6][gc,cpu      ] GC(7) User=0.01s Sys=0.00s Real=0.00s
[2025-03-20T14:50:09.650+0000][6][safepoint   ] Safepoint "G1Concurrent", Time since last: 6128862 ns, Reaching safepoint: 374324 ns, At safepoint: 3698402 ns, Total: 4072726 ns
[2025-03-20T14:50:09.650+0000][6][gc,marking  ] GC(7) Concurrent Mark 7.869ms
[2025-03-20T14:50:09.650+0000][6][gc,marking  ] GC(7) Concurrent Rebuild Remembered Sets
[2025-03-20T14:50:09.652+0000][6][gc,marking  ] GC(7) Concurrent Rebuild Remembered Sets 1.557ms
[2025-03-20T14:50:09.652+0000][6][gc,start    ] GC(7) Pause Cleanup
[2025-03-20T14:50:09.652+0000][6][gc          ] GC(7) Pause Cleanup 24M->24M(512M) 0.087ms
[2025-03-20T14:50:09.652+0000][6][gc,cpu      ] GC(7) User=0.00s Sys=0.00s Real=0.00s
[2025-03-20T14:50:09.652+0000][6][safepoint   ] Safepoint "G1Concurrent", Time since last: 1619145 ns, Reaching safepoint: 253141 ns, At safepoint: 131911 ns, Total: 385052 ns
[2025-03-20T14:50:09.652+0000][6][gc,marking  ] GC(7) Concurrent Cleanup for Next Mark
[2025-03-20T14:50:09.653+0000][6][gc,marking  ] GC(7) Concurrent Cleanup for Next Mark 0.499ms
[2025-03-20T14:50:09.653+0000][6][gc          ] GC(7) Concurrent Mark Cycle 12.699ms
[2025-03-20T14:50:09.957+0000][6][gc,start    ] GC(8) Pause Young (Normal) (G1 Evacuation Pause)
[2025-03-20T14:50:09.957+0000][6][gc,task     ] GC(8) Using 8 workers of 8 for evacuation
[2025-03-20T14:50:09.957+0000][6][gc,age      ] GC(8) Desired survivor size 20971520 bytes, new threshold 15 (max threshold 15)
[2025-03-20T14:50:09.972+0000][6][gc,age      ] GC(8) Age table with threshold 15 (max threshold 15)
[2025-03-20T14:50:09.972+0000][6][gc,age      ] GC(8) - age   1:    1325232 bytes,    1325232 total
[2025-03-20T14:50:09.972+0000][6][gc,age      ] GC(8) - age   2:    1832424 bytes,    3157656 total
[2025-03-20T14:50:09.972+0000][6][gc,age      ] GC(8) - age   3:     787664 bytes,    3945320 total
[2025-03-20T14:50:09.972+0000][6][gc,age      ] GC(8) - age   4:    3134640 bytes,    7079960 total
[2025-03-20T14:50:09.972+0000][6][gc,age      ] GC(8) - age   5:    4617744 bytes,   11697704 total
[2025-03-20T14:50:09.972+0000][6][gc,age      ] GC(8) - age   6:    1267944 bytes,   12965648 total
[2025-03-20T14:50:09.972+0000][6][gc,age      ] GC(8) - age   7:    2011080 bytes,   14976728 total
[2025-03-20T14:50:09.972+0000][6][gc,phases   ] GC(8)   Pre Evacuate Collection Set: 0.1ms
[2025-03-20T14:50:09.972+0000][6][gc,phases   ] GC(8)   Merge Heap Roots: 0.1ms
[2025-03-20T14:50:09.972+0000][6][gc,phases   ] GC(8)   Evacuate Collection Set: 12.3ms
[2025-03-20T14:50:09.972+0000][6][gc,phases   ] GC(8)   Post Evacuate Collection Set: 2.2ms
[2025-03-20T14:50:09.972+0000][6][gc,phases   ] GC(8)   Other: 0.3ms
[2025-03-20T14:50:09.972+0000][6][gc,heap     ] GC(8) Eden regions: 72->0(72)
[2025-03-20T14:50:09.972+0000][6][gc,heap     ] GC(8) Survivor regions: 4->4(10)
[2025-03-20T14:50:09.972+0000][6][gc,heap     ] GC(8) Old regions: 2->2
[2025-03-20T14:50:09.972+0000][6][gc,heap     ] GC(8) Archive regions: 2->2
[2025-03-20T14:50:09.972+0000][6][gc,heap     ] GC(8) Humongous regions: 0->0
[2025-03-20T14:50:09.972+0000][6][gc,metaspace] GC(8) Metaspace: 21362K(21888K)->21362K(21888K) NonClass: 18738K(19008K)->18738K(19008K) Class: 2624K(2880K)->2624K(2880K)
[2025-03-20T14:50:09.972+0000][6][gc          ] GC(8) Pause Young (Normal) (G1 Evacuation Pause) 310M->23M(512M) 14.985ms
[2025-03-20T14:50:09.972+0000][6][gc,cpu      ] GC(8) User=0.02s Sys=0.00s Real=0.02s
[2025-03-20T14:50:09.972+0000][6][safepoint   ] Safepoint "G1CollectForAllocation", Time since last: 304229483 ns, Reaching safepoint: 90843 ns, At safepoint: 15099867 ns, Total: 15190710 ns
[2025-03-20T14:50:10.706+0000][6][safepoint   ] Safepoint "ICBufferFull", Time since last: 733205083 ns, Reaching safepoint: 636702 ns, At safepoint: 36339 ns, Total: 673041 ns
[2025-03-20T14:50:11.390+0000][6][gc,start    ] GC(9) Pause Young (Normal) (G1 Evacuation Pause)
[2025-03-20T14:50:11.390+0000][6][gc,task     ] GC(9) Using 8 workers of 8 for evacuation
[2025-03-20T14:50:11.390+0000][6][gc,age      ] GC(9) Desired survivor size 20971520 bytes, new threshold 15 (max threshold 15)
[2025-03-20T14:50:11.406+0000][6][gc,age      ] GC(9) Age table with threshold 15 (max threshold 15)
[2025-03-20T14:50:11.407+0000][6][gc,age      ] GC(9) - age   1:   13736624 bytes,   13736624 total
[2025-03-20T14:50:11.407+0000][6][gc,age      ] GC(9) - age   2:    1090096 bytes,   14826720 total
[2025-03-20T14:50:11.407+0000][6][gc,age      ] GC(9) - age   3:    1808352 bytes,   16635072 total
[2025-03-20T14:50:11.407+0000][6][gc,age      ] GC(9) - age   4:     772512 bytes,   17407584 total
[2025-03-20T14:50:11.407+0000][6][gc,age      ] GC(9) - age   5:    3114680 bytes,   20522264 total
[2025-03-20T14:50:11.407+0000][6][gc,age      ] GC(9) - age   6:    4578024 bytes,   25100288 total
[2025-03-20T14:50:11.407+0000][6][gc,age      ] GC(9) - age   7:    1223504 bytes,   26323792 total
[2025-03-20T14:50:11.407+0000][6][gc,age      ] GC(9) - age   8:    2003416 bytes,   28327208 total
[2025-03-20T14:50:11.407+0000][6][gc,phases   ] GC(9)   Pre Evacuate Collection Set: 0.1ms
[2025-03-20T14:50:11.407+0000][6][gc,phases   ] GC(9)   Merge Heap Roots: 0.1ms
[2025-03-20T14:50:11.407+0000][6][gc,phases   ] GC(9)   Evacuate Collection Set: 13.4ms
[2025-03-20T14:50:11.407+0000][6][gc,phases   ] GC(9)   Post Evacuate Collection Set: 3.3ms
[2025-03-20T14:50:11.407+0000][6][gc,phases   ] GC(9)   Other: 0.2ms
[2025-03-20T14:50:11.407+0000][6][gc,heap     ] GC(9) Eden regions: 72->0(69)
[2025-03-20T14:50:11.407+0000][6][gc,heap     ] GC(9) Survivor regions: 4->7(10)
[2025-03-20T14:50:11.407+0000][6][gc,heap     ] GC(9) Old regions: 2->2
[2025-03-20T14:50:11.407+0000][6][gc,heap     ] GC(9) Archive regions: 2->2
[2025-03-20T14:50:11.407+0000][6][gc,heap     ] GC(9) Humongous regions: 0->0
[2025-03-20T14:50:11.407+0000][6][gc,metaspace] GC(9) Metaspace: 29661K(30528K)->29661K(30528K) NonClass: 25920K(26432K)->25920K(26432K) Class: 3740K(4096K)->3740K(4096K)
[2025-03-20T14:50:11.407+0000][6][gc          ] GC(9) Pause Young (Normal) (G1 Evacuation Pause) 311M->36M(512M) 17.170ms
[2025-03-20T14:50:11.407+0000][6][gc,cpu      ] GC(9) User=0.06s Sys=0.01s Real=0.02s
[2025-03-20T14:50:11.407+0000][6][safepoint   ] Safepoint "G1CollectForAllocation", Time since last: 683625433 ns, Reaching safepoint: 165736 ns, At safepoint: 17251024 ns, Total: 17416760 ns
[2025-03-20T14:50:12.476+0000][6][safepoint   ] Safepoint "ICBufferFull", Time since last: 1068158725 ns, Reaching safepoint: 1000305 ns, At safepoint: 20800 ns, Total: 1021105 ns
[2025-03-20T14:50:12.726+0000][6][gc,start    ] GC(10) Pause Young (Concurrent Start) (Metadata GC Threshold)
[2025-03-20T14:50:12.726+0000][6][gc,task     ] GC(10) Using 8 workers of 8 for evacuation
[2025-03-20T14:50:12.726+0000][6][gc,age      ] GC(10) Desired survivor size 20971520 bytes, new threshold 6 (max threshold 15)
[2025-03-20T14:50:12.761+0000][6][gc,age      ] GC(10) Age table with threshold 6 (max threshold 15)
[2025-03-20T14:50:12.761+0000][6][gc,age      ] GC(10) - age   1:   21820816 bytes,   21820816 total
[2025-03-20T14:50:12.761+0000][6][gc,age      ] GC(10) - age   2:   12832344 bytes,   34653160 total
[2025-03-20T14:50:12.761+0000][6][gc,age      ] GC(10) - age   3:    1089936 bytes,   35743096 total
[2025-03-20T14:50:12.761+0000][6][gc,age      ] GC(10) - age   4:    1808136 bytes,   37551232 total
[2025-03-20T14:50:12.761+0000][6][gc,age      ] GC(10) - age   5:     761392 bytes,   38312624 total
[2025-03-20T14:50:12.761+0000][6][gc,age      ] GC(10) - age   6:    3111456 bytes,   41424080 total
[2025-03-20T14:50:12.761+0000][6][gc,phases   ] GC(10)   Pre Evacuate Collection Set: 0.1ms
[2025-03-20T14:50:12.761+0000][6][gc,phases   ] GC(10)   Merge Heap Roots: 0.1ms
[2025-03-20T14:50:12.761+0000][6][gc,phases   ] GC(10)   Evacuate Collection Set: 29.9ms
[2025-03-20T14:50:12.761+0000][6][gc,phases   ] GC(10)   Post Evacuate Collection Set: 5.0ms
[2025-03-20T14:50:12.761+0000][6][gc,phases   ] GC(10)   Other: 0.3ms
[2025-03-20T14:50:12.761+0000][6][gc,heap     ] GC(10) Eden regions: 51->0(66)
[2025-03-20T14:50:12.761+0000][6][gc,heap     ] GC(10) Survivor regions: 7->10(10)
[2025-03-20T14:50:12.761+0000][6][gc,heap     ] GC(10) Old regions: 2->5
[2025-03-20T14:50:12.761+0000][6][gc,heap     ] GC(10) Archive regions: 2->2
[2025-03-20T14:50:12.761+0000][6][gc,heap     ] GC(10) Humongous regions: 0->0
[2025-03-20T14:50:12.761+0000][6][gc,metaspace] GC(10) Metaspace: 34788K(35648K)->34788K(35648K) NonClass: 30289K(30784K)->30289K(30784K) Class: 4498K(4864K)->4498K(4864K)
[2025-03-20T14:50:12.761+0000][6][gc          ] GC(10) Pause Young (Concurrent Start) (Metadata GC Threshold) 238M->60M(512M) 35.561ms
[2025-03-20T14:50:12.761+0000][6][gc,cpu      ] GC(10) User=0.11s Sys=0.00s Real=0.04s
[2025-03-20T14:50:12.761+0000][6][safepoint   ] Safepoint "CollectForMetadataAllocation", Time since last: 249501842 ns, Reaching safepoint: 167419 ns, At safepoint: 35781675 ns, Total: 35949094 ns
[2025-03-20T14:50:12.763+0000][6][gc          ] GC(11) Concurrent Mark Cycle
[2025-03-20T14:50:12.763+0000][6][gc,marking  ] GC(11) Concurrent Clear Claimed Marks
[2025-03-20T14:50:12.763+0000][6][gc,marking  ] GC(11) Concurrent Clear Claimed Marks 0.062ms
[2025-03-20T14:50:12.763+0000][6][gc,marking  ] GC(11) Concurrent Scan Root Regions
[2025-03-20T14:50:12.784+0000][6][gc,marking  ] GC(11) Concurrent Scan Root Regions 21.386ms
[2025-03-20T14:50:12.784+0000][6][gc,marking  ] GC(11) Concurrent Mark
[2025-03-20T14:50:12.784+0000][6][gc,marking  ] GC(11) Concurrent Mark From Roots
[2025-03-20T14:50:12.784+0000][6][gc,task     ] GC(11) Using 2 workers of 2 for marking
[2025-03-20T14:50:12.788+0000][6][gc,marking  ] GC(11) Concurrent Mark From Roots 3.671ms
[2025-03-20T14:50:12.788+0000][6][gc,marking  ] GC(11) Concurrent Preclean
[2025-03-20T14:50:12.788+0000][6][gc,marking  ] GC(11) Concurrent Preclean 0.143ms
[2025-03-20T14:50:12.788+0000][6][gc,start    ] GC(11) Pause Remark
[2025-03-20T14:50:12.794+0000][6][gc          ] GC(11) Pause Remark 62M->62M(512M) 6.080ms
[2025-03-20T14:50:12.794+0000][6][gc,cpu      ] GC(11) User=0.01s Sys=0.00s Real=0.00s
[2025-03-20T14:50:12.794+0000][6][safepoint   ] Safepoint "G1Concurrent", Time since last: 26725492 ns, Reaching safepoint: 204179 ns, At safepoint: 6174687 ns, Total: 6378866 ns
[2025-03-20T14:50:12.795+0000][6][gc,marking  ] GC(11) Concurrent Mark 10.448ms
[2025-03-20T14:50:12.795+0000][6][gc,marking  ] GC(11) Concurrent Rebuild Remembered Sets
[2025-03-20T14:50:12.803+0000][6][gc,marking  ] GC(11) Concurrent Rebuild Remembered Sets 8.874ms
[2025-03-20T14:50:12.804+0000][6][gc,start    ] GC(11) Pause Cleanup
[2025-03-20T14:50:12.804+0000][6][gc          ] GC(11) Pause Cleanup 62M->62M(512M) 0.075ms
[2025-03-20T14:50:12.804+0000][6][gc,cpu      ] GC(11) User=0.00s Sys=0.00s Real=0.00s
[2025-03-20T14:50:12.804+0000][6][safepoint   ] Safepoint "G1Concurrent", Time since last: 9123436 ns, Reaching safepoint: 248233 ns, At safepoint: 137181 ns, Total: 385414 ns
[2025-03-20T14:50:12.804+0000][6][gc,marking  ] GC(11) Concurrent Cleanup for Next Mark
[2025-03-20T14:50:12.805+0000][6][gc,marking  ] GC(11) Concurrent Cleanup for Next Mark 0.775ms
[2025-03-20T14:50:12.805+0000][6][gc          ] GC(11) Concurrent Mark Cycle 42.260ms
[2025-03-20T14:50:13.387+0000][6][safepoint   ] Safepoint "ICBufferFull", Time since last: 578527621 ns, Reaching safepoint: 4153039 ns, At safepoint: 26150 ns, Total: 4179189 ns
[2025-03-20T14:50:14.163+0000][6][gc,start    ] GC(12) Pause Young (Normal) (G1 Evacuation Pause)
[2025-03-20T14:50:14.163+0000][6][gc,task     ] GC(12) Using 8 workers of 8 for evacuation
[2025-03-20T14:50:14.163+0000][6][gc,age      ] GC(12) Desired survivor size 20971520 bytes, new threshold 1 (max threshold 15)
[2025-03-20T14:50:14.199+0000][6][gc,age      ] GC(12) Age table with threshold 1 (max threshold 15)
[2025-03-20T14:50:14.199+0000][6][gc,age      ] GC(12) - age   1:    6162336 bytes,    6162336 total
[2025-03-20T14:50:14.199+0000][6][gc,phases   ] GC(12)   Pre Evacuate Collection Set: 0.2ms
[2025-03-20T14:50:14.199+0000][6][gc,phases   ] GC(12)   Merge Heap Roots: 0.1ms
[2025-03-20T14:50:14.199+0000][6][gc,phases   ] GC(12)   Evacuate Collection Set: 30.2ms
[2025-03-20T14:50:14.199+0000][6][gc,phases   ] GC(12)   Post Evacuate Collection Set: 4.2ms
[2025-03-20T14:50:14.199+0000][6][gc,phases   ] GC(12)   Other: 1.1ms
[2025-03-20T14:50:14.199+0000][6][gc,heap     ] GC(12) Eden regions: 66->0(73)
[2025-03-20T14:50:14.199+0000][6][gc,heap     ] GC(12) Survivor regions: 10->3(10)
[2025-03-20T14:50:14.199+0000][6][gc,heap     ] GC(12) Old regions: 5->15
[2025-03-20T14:50:14.199+0000][6][gc,heap     ] GC(12) Archive regions: 2->2
[2025-03-20T14:50:14.199+0000][6][gc,heap     ] GC(12) Humongous regions: 0->0
[2025-03-20T14:50:14.199+0000][6][gc,metaspace] GC(12) Metaspace: 51584K(52672K)->51584K(52672K) NonClass: 44725K(45376K)->44725K(45376K) Class: 6858K(7296K)->6858K(7296K)
[2025-03-20T14:50:14.199+0000][6][gc          ] GC(12) Pause Young (Normal) (G1 Evacuation Pause) 324M->70M(512M) 35.825ms
[2025-03-20T14:50:14.199+0000][6][gc,cpu      ] GC(12) User=0.12s Sys=0.00s Real=0.04s
[2025-03-20T14:50:14.199+0000][6][safepoint   ] Safepoint "G1CollectForAllocation", Time since last: 775695058 ns, Reaching safepoint: 667101 ns, At safepoint: 35907708 ns, Total: 36574809 ns
[2025-03-20T14:50:14.570+0000][6][safepoint   ] Safepoint "ICBufferFull", Time since last: 371119631 ns, Reaching safepoint: 207124 ns, At safepoint: 25990 ns, Total: 233114 ns
[2025-03-20T14:50:14.959+0000][6][gc,start    ] GC(13) Pause Young (Concurrent Start) (Metadata GC Threshold)
[2025-03-20T14:50:14.959+0000][6][gc,task     ] GC(13) Using 8 workers of 8 for evacuation
[2025-03-20T14:50:14.959+0000][6][gc,age      ] GC(13) Desired survivor size 20971520 bytes, new threshold 15 (max threshold 15)
[2025-03-20T14:50:14.971+0000][6][gc,age      ] GC(13) Age table with threshold 15 (max threshold 15)
[2025-03-20T14:50:14.972+0000][6][gc,age      ] GC(13) - age   1:    4671952 bytes,    4671952 total
[2025-03-20T14:50:14.972+0000][6][gc,age      ] GC(13) - age   2:    6016864 bytes,   10688816 total
[2025-03-20T14:50:14.972+0000][6][gc,phases   ] GC(13)   Pre Evacuate Collection Set: 0.2ms
[2025-03-20T14:50:14.972+0000][6][gc,phases   ] GC(13)   Merge Heap Roots: 0.2ms
[2025-03-20T14:50:14.972+0000][6][gc,phases   ] GC(13)   Evacuate Collection Set: 7.0ms
[2025-03-20T14:50:14.972+0000][6][gc,phases   ] GC(13)   Post Evacuate Collection Set: 4.8ms
[2025-03-20T14:50:14.972+0000][6][gc,phases   ] GC(13)   Other: 0.2ms
[2025-03-20T14:50:14.972+0000][6][gc,heap     ] GC(13) Eden regions: 32->0(73)
[2025-03-20T14:50:14.972+0000][6][gc,heap     ] GC(13) Survivor regions: 3->3(10)
[2025-03-20T14:50:14.972+0000][6][gc,heap     ] GC(13) Old regions: 15->15
[2025-03-20T14:50:14.972+0000][6][gc,heap     ] GC(13) Archive regions: 2->2
[2025-03-20T14:50:14.972+0000][6][gc,heap     ] GC(13) Humongous regions: 0->0
[2025-03-20T14:50:14.972+0000][6][gc,metaspace] GC(13) Metaspace: 58666K(59840K)->58666K(59840K) NonClass: 50838K(51456K)->50838K(51456K) Class: 7827K(8384K)->7827K(8384K)
[2025-03-20T14:50:14.972+0000][6][gc          ] GC(13) Pause Young (Concurrent Start) (Metadata GC Threshold) 196M->71M(512M) 12.369ms
[2025-03-20T14:50:14.972+0000][6][gc,cpu      ] GC(13) User=0.03s Sys=0.00s Real=0.01s
[2025-03-20T14:50:14.972+0000][6][gc          ] GC(14) Concurrent Mark Cycle
[2025-03-20T14:50:14.972+0000][6][gc,marking  ] GC(14) Concurrent Clear Claimed Marks
[2025-03-20T14:50:14.972+0000][6][safepoint   ] Safepoint "CollectForMetadataAllocation", Time since last: 387983129 ns, Reaching safepoint: 948272 ns, At safepoint: 12527521 ns, Total: 13475793 ns
[2025-03-20T14:50:14.972+0000][6][gc,marking  ] GC(14) Concurrent Clear Claimed Marks 0.106ms
[2025-03-20T14:50:14.972+0000][6][gc,marking  ] GC(14) Concurrent Scan Root Regions
[2025-03-20T14:50:14.976+0000][6][gc,marking  ] GC(14) Concurrent Scan Root Regions 4.087ms
[2025-03-20T14:50:14.976+0000][6][gc,marking  ] GC(14) Concurrent Mark
[2025-03-20T14:50:14.976+0000][6][gc,marking  ] GC(14) Concurrent Mark From Roots
[2025-03-20T14:50:14.976+0000][6][gc,task     ] GC(14) Using 2 workers of 2 for marking
[2025-03-20T14:50:15.037+0000][6][gc,marking  ] GC(14) Concurrent Mark From Roots 61.104ms
[2025-03-20T14:50:15.037+0000][6][gc,marking  ] GC(14) Concurrent Preclean
[2025-03-20T14:50:15.037+0000][6][gc,marking  ] GC(14) Concurrent Preclean 0.253ms
[2025-03-20T14:50:15.041+0000][6][gc,start    ] GC(14) Pause Remark
[2025-03-20T14:50:15.046+0000][6][gc          ] GC(14) Pause Remark 91M->91M(512M) 4.835ms
[2025-03-20T14:50:15.046+0000][6][gc,cpu      ] GC(14) User=0.01s Sys=0.00s Real=0.00s
[2025-03-20T14:50:15.046+0000][6][safepoint   ] Safepoint "G1Concurrent", Time since last: 67335700 ns, Reaching safepoint: 2040547 ns, At safepoint: 4926911 ns, Total: 6967458 ns
[2025-03-20T14:50:15.046+0000][6][gc,marking  ] GC(14) Concurrent Mark 70.217ms
[2025-03-20T14:50:15.046+0000][6][gc,marking  ] GC(14) Concurrent Rebuild Remembered Sets
[2025-03-20T14:50:15.079+0000][6][gc,marking  ] GC(14) Concurrent Rebuild Remembered Sets 33.182ms
[2025-03-20T14:50:15.080+0000][6][gc,start    ] GC(14) Pause Cleanup
[2025-03-20T14:50:15.080+0000][6][gc          ] GC(14) Pause Cleanup 101M->101M(512M) 0.112ms
[2025-03-20T14:50:15.080+0000][6][gc,cpu      ] GC(14) User=0.01s Sys=0.00s Real=0.00s
[2025-03-20T14:50:15.080+0000][6][safepoint   ] Safepoint "G1Concurrent", Time since last: 33427562 ns, Reaching safepoint: 637157 ns, At safepoint: 171917 ns, Total: 809074 ns
[2025-03-20T14:50:15.081+0000][6][gc,marking  ] GC(14) Concurrent Cleanup for Next Mark
[2025-03-20T14:50:15.083+0000][6][gc,marking  ] GC(14) Concurrent Cleanup for Next Mark 1.645ms
[2025-03-20T14:50:15.083+0000][6][gc          ] GC(14) Concurrent Mark Cycle 111.340ms
[2025-03-20T14:50:16.012+0000][6][safepoint   ] Safepoint "ICBufferFull", Time since last: 930766279 ns, Reaching safepoint: 501955 ns, At safepoint: 5531 ns, Total: 507486 ns
[2025-03-20T14:50:16.664+0000][6][safepoint   ] Safepoint "ICBufferFull", Time since last: 651788686 ns, Reaching safepoint: 282198 ns, At safepoint: 4258 ns, Total: 286456 ns
[2025-03-20T14:50:17.347+0000][6][safepoint   ] Safepoint "ICBufferFull", Time since last: 683436265 ns, Reaching safepoint: 281983 ns, At safepoint: 19147 ns, Total: 301130 ns
[2025-03-20T14:50:17.351+0000][6][gc,start    ] GC(15) Pause Young (Normal) (G1 Evacuation Pause)
[2025-03-20T14:50:17.351+0000][6][gc,task     ] GC(15) Using 8 workers of 8 for evacuation
[2025-03-20T14:50:17.351+0000][6][gc,age      ] GC(15) Desired survivor size 20971520 bytes, new threshold 15 (max threshold 15)
[2025-03-20T14:50:17.378+0000][6][gc,age      ] GC(15) Age table with threshold 15 (max threshold 15)
[2025-03-20T14:50:17.378+0000][6][gc,age      ] GC(15) - age   1:   12530592 bytes,   12530592 total
[2025-03-20T14:50:17.378+0000][6][gc,age      ] GC(15) - age   2:    4556752 bytes,   17087344 total
[2025-03-20T14:50:17.378+0000][6][gc,age      ] GC(15) - age   3:    5980256 bytes,   23067600 total
[2025-03-20T14:50:17.378+0000][6][gc,phases   ] GC(15)   Pre Evacuate Collection Set: 0.1ms
[2025-03-20T14:50:17.378+0000][6][gc,phases   ] GC(15)   Merge Heap Roots: 0.1ms
[2025-03-20T14:50:17.378+0000][6][gc,phases   ] GC(15)   Evacuate Collection Set: 21.7ms
[2025-03-20T14:50:17.378+0000][6][gc,phases   ] GC(15)   Post Evacuate Collection Set: 5.4ms
[2025-03-20T14:50:17.378+0000][6][gc,phases   ] GC(15)   Other: 0.2ms
[2025-03-20T14:50:17.378+0000][6][gc,heap     ] GC(15) Eden regions: 73->0(70)
[2025-03-20T14:50:17.378+0000][6][gc,heap     ] GC(15) Survivor regions: 3->6(10)
[2025-03-20T14:50:17.378+0000][6][gc,heap     ] GC(15) Old regions: 15->15
[2025-03-20T14:50:17.378+0000][6][gc,heap     ] GC(15) Archive regions: 2->2
[2025-03-20T14:50:17.378+0000][6][gc,heap     ] GC(15) Humongous regions: 0->0
[2025-03-20T14:50:17.378+0000][6][gc,metaspace] GC(15) Metaspace: 88674K(90112K)->88674K(90112K) NonClass: 76538K(77376K)->76538K(77376K) Class: 12136K(12736K)->12136K(12736K)
[2025-03-20T14:50:17.378+0000][6][gc          ] GC(15) Pause Young (Normal) (G1 Evacuation Pause) 363M->83M(512M) 27.499ms
[2025-03-20T14:50:17.378+0000][6][gc,cpu      ] GC(15) User=0.07s Sys=0.00s Real=0.02s
[2025-03-20T14:50:17.378+0000][6][safepoint   ] Safepoint "G1CollectForAllocation", Time since last: 3197741 ns, Reaching safepoint: 59393 ns, At safepoint: 27665049 ns, Total: 27724442 ns
[2025-03-20T14:50:17.715+0000][6][safepoint   ] Safepoint "ICBufferFull", Time since last: 335211097 ns, Reaching safepoint: 1330553 ns, At safepoint: 33584 ns, Total: 1364137 ns
[2025-03-20T14:50:17.975+0000][6][safepoint   ] Safepoint "ICBufferFull", Time since last: 259374314 ns, Reaching safepoint: 250136 ns, At safepoint: 24076 ns, Total: 274212 ns
[2025-03-20T14:50:18.395+0000][6][safepoint   ] Safepoint "ICBufferFull", Time since last: 420016476 ns, Reaching safepoint: 666788 ns, At safepoint: 23805 ns, Total: 690593 ns
[2025-03-20T14:50:18.644+0000][6][safepoint   ] Safepoint "ICBufferFull", Time since last: 247374425 ns, Reaching safepoint: 1254940 ns, At safepoint: 25469 ns, Total: 1280409 ns
[2025-03-20T14:50:18.885+0000][6][safepoint   ] Safepoint "ICBufferFull", Time since last: 240567275 ns, Reaching safepoint: 257032 ns, At safepoint: 13856 ns, Total: 270888 ns
[2025-03-20T14:50:19.092+0000][6][safepoint   ] Safepoint "ICBufferFull", Time since last: 207220304 ns, Reaching safepoint: 437025 ns, At safepoint: 5761 ns, Total: 442786 ns
[2025-03-20T14:50:19.284+0000][6][safepoint   ] Safepoint "ICBufferFull", Time since last: 190341544 ns, Reaching safepoint: 977610 ns, At safepoint: 19357 ns, Total: 996967 ns
[2025-03-20T14:50:19.758+0000][6][safepoint   ] Safepoint "ICBufferFull", Time since last: 473019181 ns, Reaching safepoint: 1359730 ns, At safepoint: 7304 ns, Total: 1367034 ns
[2025-03-20T14:50:19.779+0000][6][gc,start    ] GC(16) Pause Young (Normal) (G1 Evacuation Pause)
[2025-03-20T14:50:19.779+0000][6][gc,task     ] GC(16) Using 8 workers of 8 for evacuation
[2025-03-20T14:50:19.779+0000][6][gc,age      ] GC(16) Desired survivor size 20971520 bytes, new threshold 3 (max threshold 15)
[2025-03-20T14:50:19.810+0000][6][gc,age      ] GC(16) Age table with threshold 3 (max threshold 15)
[2025-03-20T14:50:19.810+0000][6][gc,age      ] GC(16) - age   1:    6409856 bytes,    6409856 total
[2025-03-20T14:50:19.810+0000][6][gc,age      ] GC(16) - age   2:   12136736 bytes,   18546592 total
[2025-03-20T14:50:19.810+0000][6][gc,age      ] GC(16) - age   3:    4516376 bytes,   23062968 total
[2025-03-20T14:50:19.810+0000][6][gc,phases   ] GC(16)   Pre Evacuate Collection Set: 0.1ms
[2025-03-20T14:50:19.810+0000][6][gc,phases   ] GC(16)   Merge Heap Roots: 0.1ms
[2025-03-20T14:50:19.810+0000][6][gc,phases   ] GC(16)   Evacuate Collection Set: 27.6ms
[2025-03-20T14:50:19.810+0000][6][gc,phases   ] GC(16)   Post Evacuate Collection Set: 3.1ms
[2025-03-20T14:50:19.810+0000][6][gc,phases   ] GC(16)   Other: 0.2ms
[2025-03-20T14:50:19.810+0000][6][gc,heap     ] GC(16) Eden regions: 70->0(70)
[2025-03-20T14:50:19.810+0000][6][gc,heap     ] GC(16) Survivor regions: 6->6(10)
[2025-03-20T14:50:19.810+0000][6][gc,heap     ] GC(16) Old regions: 15->16
[2025-03-20T14:50:19.810+0000][6][gc,heap     ] GC(16) Archive regions: 2->2
[2025-03-20T14:50:19.810+0000][6][gc,heap     ] GC(16) Humongous regions: 2->2
[2025-03-20T14:50:19.810+0000][6][gc,metaspace] GC(16) Metaspace: 98446K(99904K)->98446K(99904K) NonClass: 84967K(85824K)->84967K(85824K) Class: 13478K(14080K)->13478K(14080K)
[2025-03-20T14:50:19.810+0000][6][gc          ] GC(16) Pause Young (Normal) (G1 Evacuation Pause) 371M->98M(512M) 31.183ms
[2025-03-20T14:50:19.810+0000][6][gc,cpu      ] GC(16) User=0.09s Sys=0.00s Real=0.03s
[2025-03-20T14:50:19.810+0000][6][safepoint   ] Safepoint "G1CollectForAllocation", Time since last: 20559462 ns, Reaching safepoint: 134096 ns, At safepoint: 31291667 ns, Total: 31425763 ns
[2025-03-20T14:50:19.853+0000][6][gc,start    ] GC(17) Pause Young (Concurrent Start) (Metadata GC Threshold)
[2025-03-20T14:50:19.853+0000][6][gc,task     ] GC(17) Using 8 workers of 8 for evacuation
[2025-03-20T14:50:19.853+0000][6][gc,age      ] GC(17) Desired survivor size 20971520 bytes, new threshold 3 (max threshold 15)
[2025-03-20T14:50:19.876+0000][6][gc,age      ] GC(17) Age table with threshold 3 (max threshold 15)
[2025-03-20T14:50:19.876+0000][6][gc,age      ] GC(17) - age   1:      66488 bytes,      66488 total
[2025-03-20T14:50:19.876+0000][6][gc,age      ] GC(17) - age   2:    6284552 bytes,    6351040 total
[2025-03-20T14:50:19.876+0000][6][gc,age      ] GC(17) - age   3:   12135472 bytes,   18486512 total
[2025-03-20T14:50:19.876+0000][6][gc,phases   ] GC(17)   Pre Evacuate Collection Set: 0.2ms
[2025-03-20T14:50:19.876+0000][6][gc,phases   ] GC(17)   Merge Heap Roots: 0.5ms
[2025-03-20T14:50:19.876+0000][6][gc,phases   ] GC(17)   Evacuate Collection Set: 18.4ms
[2025-03-20T14:50:19.876+0000][6][gc,phases   ] GC(17)   Post Evacuate Collection Set: 3.3ms
[2025-03-20T14:50:19.876+0000][6][gc,phases   ] GC(17)   Other: 0.3ms
[2025-03-20T14:50:19.876+0000][6][gc,heap     ] GC(17) Eden regions: 4->0(71)
[2025-03-20T14:50:19.876+0000][6][gc,heap     ] GC(17) Survivor regions: 6->5(10)
[2025-03-20T14:50:19.876+0000][6][gc,heap     ] GC(17) Old regions: 16->17
[2025-03-20T14:50:19.876+0000][6][gc,heap     ] GC(17) Archive regions: 2->2
[2025-03-20T14:50:19.876+0000][6][gc,heap     ] GC(17) Humongous regions: 2->2
[2025-03-20T14:50:19.876+0000][6][gc,metaspace] GC(17) Metaspace: 98525K(99968K)->98525K(99968K) NonClass: 85032K(85824K)->85032K(85824K) Class: 13493K(14144K)->13493K(14144K)
[2025-03-20T14:50:19.876+0000][6][gc          ] GC(17) Pause Young (Concurrent Start) (Metadata GC Threshold) 113M->98M(512M) 22.589ms
[2025-03-20T14:50:19.876+0000][6][gc,cpu      ] GC(17) User=0.06s Sys=0.00s Real=0.02s
[2025-03-20T14:50:19.876+0000][6][safepoint   ] Safepoint "CollectForMetadataAllocation", Time since last: 42935027 ns, Reaching safepoint: 107445 ns, At safepoint: 22843947 ns, Total: 22951392 ns
[2025-03-20T14:50:19.876+0000][6][gc          ] GC(18) Concurrent Mark Cycle
[2025-03-20T14:50:19.877+0000][6][gc,marking  ] GC(18) Concurrent Clear Claimed Marks
[2025-03-20T14:50:19.877+0000][6][gc,marking  ] GC(18) Concurrent Clear Claimed Marks 0.104ms
[2025-03-20T14:50:19.877+0000][6][gc,marking  ] GC(18) Concurrent Scan Root Regions
[2025-03-20T14:50:19.896+0000][6][gc,marking  ] GC(18) Concurrent Scan Root Regions 19.796ms
[2025-03-20T14:50:19.896+0000][6][gc,marking  ] GC(18) Concurrent Mark
[2025-03-20T14:50:19.896+0000][6][gc,marking  ] GC(18) Concurrent Mark From Roots
[2025-03-20T14:50:19.896+0000][6][gc,task     ] GC(18) Using 2 workers of 2 for marking
[2025-03-20T14:50:19.947+0000][6][gc,marking  ] GC(18) Concurrent Mark From Roots 50.935ms
[2025-03-20T14:50:19.947+0000][6][gc,marking  ] GC(18) Concurrent Preclean
[2025-03-20T14:50:19.948+0000][6][gc,marking  ] GC(18) Concurrent Preclean 0.271ms
[2025-03-20T14:50:19.948+0000][6][gc,start    ] GC(18) Pause Remark
[2025-03-20T14:50:19.955+0000][6][gc          ] GC(18) Pause Remark 105M->105M(512M) 7.204ms
[2025-03-20T14:50:19.955+0000][6][gc,cpu      ] GC(18) User=0.01s Sys=0.00s Real=0.00s
[2025-03-20T14:50:19.955+0000][6][safepoint   ] Safepoint "G1Concurrent", Time since last: 71736301 ns, Reaching safepoint: 95842 ns, At safepoint: 7314762 ns, Total: 7410604 ns
[2025-03-20T14:50:19.955+0000][6][gc,marking  ] GC(18) Concurrent Mark 58.722ms
[2025-03-20T14:50:19.955+0000][6][gc,marking  ] GC(18) Concurrent Rebuild Remembered Sets
[2025-03-20T14:50:20.023+0000][6][gc,marking  ] GC(18) Concurrent Rebuild Remembered Sets 67.745ms
[2025-03-20T14:50:20.023+0000][6][gc,start    ] GC(18) Pause Cleanup
[2025-03-20T14:50:20.023+0000][6][gc          ] GC(18) Pause Cleanup 110M->110M(512M) 0.063ms
[2025-03-20T14:50:20.023+0000][6][gc,cpu      ] GC(18) User=0.00s Sys=0.00s Real=0.00s
[2025-03-20T14:50:20.023+0000][6][safepoint   ] Safepoint "G1Concurrent", Time since last: 67845921 ns, Reaching safepoint: 345136 ns, At safepoint: 123655 ns, Total: 468791 ns
[2025-03-20T14:50:20.024+0000][6][gc,marking  ] GC(18) Concurrent Cleanup for Next Mark
[2025-03-20T14:50:20.025+0000][6][gc,marking  ] GC(18) Concurrent Cleanup for Next Mark 1.448ms
[2025-03-20T14:50:20.025+0000][6][gc          ] GC(18) Concurrent Mark Cycle 148.498ms
[2025-03-20T14:50:20.945+0000][6][safepoint   ] Safepoint "ICBufferFull", Time since last: 921606682 ns, Reaching safepoint: 381215 ns, At safepoint: 22763 ns, Total: 403978 ns
[2025-03-20T14:50:21.182+0000][6][safepoint   ] Safepoint "ICBufferFull", Time since last: 230303927 ns, Reaching safepoint: 5869872 ns, At safepoint: 63962 ns, Total: 5933834 ns
[2025-03-20T14:50:21.274+0000][6][safepoint   ] Safepoint "ICBufferFull", Time since last: 91516431 ns, Reaching safepoint: 499902 ns, At safepoint: 19667 ns, Total: 519569 ns
[2025-03-20T14:50:21.281+0000][6][safepoint   ] Safepoint "ICBufferFull", Time since last: 7063444 ns, Reaching safepoint: 583679 ns, At safepoint: 53051 ns, Total: 636730 ns
[2025-03-20T14:50:21.284+0000][6][safepoint   ] Safepoint "ICBufferFull", Time since last: 2199369 ns, Reaching safepoint: 606966 ns, At safepoint: 66216 ns, Total: 673182 ns
[2025-03-20T14:50:21.287+0000][6][safepoint   ] Safepoint "ICBufferFull", Time since last: 1887436 ns, Reaching safepoint: 339757 ns, At safepoint: 21140 ns, Total: 360897 ns
[2025-03-20T14:50:21.287+0000][6][safepoint   ] Safepoint "ICBufferFull", Time since last: 240749 ns, Reaching safepoint: 215731 ns, At safepoint: 33293 ns, Total: 249024 ns
[2025-03-20T14:50:21.291+0000][6][safepoint   ] Safepoint "ICBufferFull", Time since last: 3410413 ns, Reaching safepoint: 352040 ns, At safepoint: 65735 ns, Total: 417775 ns
[2025-03-20T14:50:21.293+0000][6][safepoint   ] Safepoint "ICBufferFull", Time since last: 2202184 ns, Reaching safepoint: 277429 ns, At safepoint: 38233 ns, Total: 315662 ns
[2025-03-20T14:50:21.295+0000][6][safepoint   ] Safepoint "ICBufferFull", Time since last: 1720998 ns, Reaching safepoint: 184542 ns, At safepoint: 31169 ns, Total: 215711 ns
[2025-03-20T14:50:21.300+0000][6][safepoint   ] Safepoint "ICBufferFull", Time since last: 4261088 ns, Reaching safepoint: 459702 ns, At safepoint: 24757 ns, Total: 484459 ns
[2025-03-20T14:50:21.302+0000][6][safepoint   ] Safepoint "ICBufferFull", Time since last: 1200078 ns, Reaching safepoint: 222714 ns, At safepoint: 33113 ns, Total: 255827 ns
[2025-03-20T14:50:21.303+0000][6][safepoint   ] Safepoint "ICBufferFull", Time since last: 1491862 ns, Reaching safepoint: 190471 ns, At safepoint: 75184 ns, Total: 265655 ns
[2025-03-20T14:50:21.308+0000][6][safepoint   ] Safepoint "ICBufferFull", Time since last: 3529289 ns, Reaching safepoint: 868037 ns, At safepoint: 80894 ns, Total: 948931 ns
[2025-03-20T14:50:21.312+0000][6][safepoint   ] Safepoint "ICBufferFull", Time since last: 2341019 ns, Reaching safepoint: 1505178 ns, At safepoint: 44435 ns, Total: 1549613 ns
[2025-03-20T14:50:21.313+0000][6][safepoint   ] Safepoint "ICBufferFull", Time since last: 965677 ns, Reaching safepoint: 348091 ns, At safepoint: 45647 ns, Total: 393738 ns
[2025-03-20T14:50:21.315+0000][6][safepoint   ] Safepoint "ICBufferFull", Time since last: 1829535 ns, Reaching safepoint: 207174 ns, At safepoint: 39455 ns, Total: 246629 ns
[2025-03-20T14:50:21.316+0000][6][safepoint   ] Safepoint "ICBufferFull", Time since last: 146429 ns, Reaching safepoint: 235569 ns, At safepoint: 49424 ns, Total: 284993 ns
[2025-03-20T14:50:21.318+0000][6][safepoint   ] Safepoint "ICBufferFull", Time since last: 1477444 ns, Reaching safepoint: 1164257 ns, At safepoint: 68250 ns, Total: 1232507 ns
[2025-03-20T14:50:21.326+0000][6][safepoint   ] Safepoint "ICBufferFull", Time since last: 6505469 ns, Reaching safepoint: 1290846 ns, At safepoint: 122183 ns, Total: 1413029 ns
[2025-03-20T14:50:21.341+0000][6][safepoint   ] Safepoint "ICBufferFull", Time since last: 14375251 ns, Reaching safepoint: 827617 ns, At safepoint: 47219 ns, Total: 874836 ns
[2025-03-20T14:50:21.361+0000][6][safepoint   ] Safepoint "ICBufferFull", Time since last: 19139474 ns, Reaching safepoint: 492362 ns, At safepoint: 33022 ns, Total: 525384 ns
[2025-03-20T14:50:21.581+0000][6][safepoint   ] Safepoint "ICBufferFull", Time since last: 217971448 ns, Reaching safepoint: 1684609 ns, At safepoint: 41780 ns, Total: 1726389 ns
[2025-03-20T14:50:21.733+0000][6][safepoint   ] Safepoint "ICBufferFull", Time since last: 151759800 ns, Reaching safepoint: 741212 ns, At safepoint: 21972 ns, Total: 763184 ns
[2025-03-20T14:50:21.820+0000][6][gc,start    ] GC(19) Pause Young (Normal) (G1 Evacuation Pause)
[2025-03-20T14:50:21.820+0000][6][gc,task     ] GC(19) Using 8 workers of 8 for evacuation
[2025-03-20T14:50:21.820+0000][6][gc,age      ] GC(19) Desired survivor size 20971520 bytes, new threshold 15 (max threshold 15)
[2025-03-20T14:50:21.859+0000][6][gc,age      ] GC(19) Age table with threshold 15 (max threshold 15)
[2025-03-20T14:50:21.859+0000][6][gc,age      ] GC(19) - age   1:   23618376 bytes,   23618376 total
[2025-03-20T14:50:21.859+0000][6][gc,age      ] GC(19) - age   2:      23472 bytes,   23641848 total
[2025-03-20T14:50:21.859+0000][6][gc,age      ] GC(19) - age   3:    4620968 bytes,   28262816 total
[2025-03-20T14:50:21.859+0000][6][gc,age      ] GC(19) - age   4:   11893416 bytes,   40156232 total
[2025-03-20T14:50:21.859+0000][6][gc,phases   ] GC(19)   Pre Evacuate Collection Set: 0.1ms
[2025-03-20T14:50:21.859+0000][6][gc,phases   ] GC(19)   Merge Heap Roots: 0.2ms
[2025-03-20T14:50:21.859+0000][6][gc,phases   ] GC(19)   Evacuate Collection Set: 33.0ms
[2025-03-20T14:50:21.859+0000][6][gc,phases   ] GC(19)   Post Evacuate Collection Set: 6.2ms
[2025-03-20T14:50:21.859+0000][6][gc,phases   ] GC(19)   Other: 0.3ms
[2025-03-20T14:50:21.859+0000][6][gc,heap     ] GC(19) Eden regions: 71->0(63)
[2025-03-20T14:50:21.859+0000][6][gc,heap     ] GC(19) Survivor regions: 5->10(10)
[2025-03-20T14:50:21.859+0000][6][gc,heap     ] GC(19) Old regions: 17->17
[2025-03-20T14:50:21.859+0000][6][gc,heap     ] GC(19) Archive regions: 2->2
[2025-03-20T14:50:21.859+0000][6][gc,heap     ] GC(19) Humongous regions: 6->5
[2025-03-20T14:50:21.859+0000][6][gc,metaspace] GC(19) Metaspace: 105804K(107392K)->105804K(107392K) NonClass: 91324K(92224K)->91324K(92224K) Class: 14480K(15168K)->14480K(15168K)
[2025-03-20T14:50:21.859+0000][6][gc          ] GC(19) Pause Young (Normal) (G1 Evacuation Pause) 398M->131M(512M) 39.753ms
[2025-03-20T14:50:21.859+0000][6][gc,cpu      ] GC(19) User=0.07s Sys=0.01s Real=0.04s
[2025-03-20T14:50:21.860+0000][6][safepoint   ] Safepoint "G1CollectForAllocation", Time since last: 83511257 ns, Reaching safepoint: 2843354 ns, At safepoint: 39888819 ns, Total: 42732173 ns
[2025-03-20T14:50:21.995+0000][6][safepoint   ] Safepoint "ICBufferFull", Time since last: 125356632 ns, Reaching safepoint: 9554185 ns, At safepoint: 150336 ns, Total: 9704521 ns
[2025-03-20T14:50:21.998+0000][6][safepoint   ] Safepoint "ICBufferFull", Time since last: 509932 ns, Reaching safepoint: 2668360 ns, At safepoint: 48392 ns, Total: 2716752 ns
[2025-03-20T14:50:22.062+0000][6][safepoint   ] Safepoint "ICBufferFull", Time since last: 60869296 ns, Reaching safepoint: 3431485 ns, At safepoint: 39395 ns, Total: 3470880 ns
[2025-03-20T14:50:22.195+0000][6][safepoint   ] Safepoint "ICBufferFull", Time since last: 132251249 ns, Reaching safepoint: 180434 ns, At safepoint: 12564 ns, Total: 192998 ns
[2025-03-20T14:50:22.196+0000][6][safepoint   ] Safepoint "ICBufferFull", Time since last: 122994 ns, Reaching safepoint: 1269350 ns, At safepoint: 43173 ns, Total: 1312523 ns
[2025-03-20T14:50:22.355+0000][6][safepoint   ] Safepoint "ICBufferFull", Time since last: 157234551 ns, Reaching safepoint: 1225887 ns, At safepoint: 30779 ns, Total: 1256666 ns
[2025-03-20T14:50:22.358+0000][6][safepoint   ] Safepoint "ICBufferFull", Time since last: 2443918 ns, Reaching safepoint: 1039201 ns, At safepoint: 28104 ns, Total: 1067305 ns
[2025-03-20T14:50:22.446+0000][6][gc,start    ] GC(20) Pause Young (Normal) (G1 Evacuation Pause)
[2025-03-20T14:50:22.446+0000][6][gc,task     ] GC(20) Using 8 workers of 8 for evacuation
[2025-03-20T14:50:22.446+0000][6][gc,age      ] GC(20) Desired survivor size 20971520 bytes, new threshold 1 (max threshold 15)
[2025-03-20T14:50:22.457+0000][6][gc,age      ] GC(20) Age table with threshold 1 (max threshold 15)
[2025-03-20T14:50:22.457+0000][6][gc,age      ] GC(20) - age   1:    4005792 bytes,    4005792 total
[2025-03-20T14:50:22.457+0000][6][gc,phases   ] GC(20)   Pre Evacuate Collection Set: 0.1ms
[2025-03-20T14:50:22.457+0000][6][gc,phases   ] GC(20)   Merge Heap Roots: 0.1ms
[2025-03-20T14:50:22.457+0000][6][gc,phases   ] GC(20)   Evacuate Collection Set: 9.8ms
[2025-03-20T14:50:22.457+0000][6][gc,phases   ] GC(20)   Post Evacuate Collection Set: 0.9ms
[2025-03-20T14:50:22.457+0000][6][gc,phases   ] GC(20)   Other: 0.2ms
[2025-03-20T14:50:22.457+0000][6][gc,heap     ] GC(20) Eden regions: 63->0(66)
[2025-03-20T14:50:22.457+0000][6][gc,heap     ] GC(20) Survivor regions: 10->2(10)
[2025-03-20T14:50:22.457+0000][6][gc,heap     ] GC(20) Old regions: 17->24
[2025-03-20T14:50:22.457+0000][6][gc,heap     ] GC(20) Archive regions: 2->2
[2025-03-20T14:50:22.457+0000][6][gc,heap     ] GC(20) Humongous regions: 5->5
[2025-03-20T14:50:22.457+0000][6][gc,metaspace] GC(20) Metaspace: 107343K(108864K)->107343K(108864K) NonClass: 92724K(93632K)->92724K(93632K) Class: 14619K(15232K)->14619K(15232K)
[2025-03-20T14:50:22.457+0000][6][gc          ] GC(20) Pause Young (Normal) (G1 Evacuation Pause) 383M->126M(512M) 11.134ms
[2025-03-20T14:50:22.457+0000][6][gc,cpu      ] GC(20) User=0.05s Sys=0.00s Real=0.01s
[2025-03-20T14:50:22.457+0000][6][safepoint   ] Safepoint "G1CollectForAllocation", Time since last: 86923035 ns, Reaching safepoint: 917445 ns, At safepoint: 11315833 ns, Total: 12233278 ns
[2025-03-20T14:50:23.458+0000][6][safepoint   ] Safepoint "Cleanup", Time since last: 1000662245 ns, Reaching safepoint: 426743 ns, At safepoint: 10169 ns, Total: 436912 ns
[2025-03-20T14:50:24.077+0000][6][safepoint   ] Safepoint "ICBufferFull", Time since last: 616749395 ns, Reaching safepoint: 1760893 ns, At safepoint: 51689 ns, Total: 1812582 ns
[2025-03-20T14:50:24.223+0000][6][safepoint   ] Safepoint "ICBufferFull", Time since last: 145004800 ns, Reaching safepoint: 1456965 ns, At safepoint: 43192 ns, Total: 1500157 ns
[2025-03-20T14:50:24.501+0000][6][safepoint   ] Safepoint "ICBufferFull", Time since last: 277209120 ns, Reaching safepoint: 505463 ns, At safepoint: 63501 ns, Total: 568964 ns
[2025-03-20T14:50:25.432+0000][6][safepoint   ] Safepoint "ICBufferFull", Time since last: 930822160 ns, Reaching safepoint: 370164 ns, At safepoint: 31660 ns, Total: 401824 ns
[2025-03-20T14:50:25.781+0000][6][safepoint   ] Safepoint "ICBufferFull", Time since last: 348363593 ns, Reaching safepoint: 241791 ns, At safepoint: 32181 ns, Total: 273972 ns
[2025-03-20T14:50:25.977+0000][6][gc,start    ] GC(21) Pause Young (Normal) (G1 Evacuation Pause)
[2025-03-20T14:50:25.977+0000][6][gc,task     ] GC(21) Using 8 workers of 8 for evacuation
[2025-03-20T14:50:25.977+0000][6][gc,age      ] GC(21) Desired survivor size 18874368 bytes, new threshold 15 (max threshold 15)
[2025-03-20T14:50:25.982+0000][6][gc,age      ] GC(21) Age table with threshold 15 (max threshold 15)
[2025-03-20T14:50:25.982+0000][6][gc,age      ] GC(21) - age   1:    9560640 bytes,    9560640 total
[2025-03-20T14:50:25.982+0000][6][gc,age      ] GC(21) - age   2:    1263344 bytes,   10823984 total
[2025-03-20T14:50:25.982+0000][6][gc,phases   ] GC(21)   Pre Evacuate Collection Set: 0.1ms
[2025-03-20T14:50:25.982+0000][6][gc,phases   ] GC(21)   Merge Heap Roots: 0.1ms
[2025-03-20T14:50:25.983+0000][6][gc,phases   ] GC(21)   Evacuate Collection Set: 4.5ms
[2025-03-20T14:50:25.983+0000][6][gc,phases   ] GC(21)   Post Evacuate Collection Set: 0.9ms
[2025-03-20T14:50:25.983+0000][6][gc,phases   ] GC(21)   Other: 0.2ms
[2025-03-20T14:50:25.983+0000][6][gc,heap     ] GC(21) Eden regions: 66->0(65)
[2025-03-20T14:50:25.983+0000][6][gc,heap     ] GC(21) Survivor regions: 2->3(9)
[2025-03-20T14:50:25.983+0000][6][gc,heap     ] GC(21) Old regions: 24->24
[2025-03-20T14:50:25.983+0000][6][gc,heap     ] GC(21) Archive regions: 2->2
[2025-03-20T14:50:25.983+0000][6][gc,heap     ] GC(21) Humongous regions: 5->5
[2025-03-20T14:50:25.983+0000][6][gc,metaspace] GC(21) Metaspace: 111465K(113216K)->111465K(113216K) NonClass: 96365K(97344K)->96365K(97344K) Class: 15099K(15872K)->15099K(15872K)
[2025-03-20T14:50:25.983+0000][6][gc          ] GC(21) Pause Young (Normal) (G1 Evacuation Pause) 390M->130M(512M) 5.722ms
[2025-03-20T14:50:25.983+0000][6][gc,cpu      ] GC(21) User=0.03s Sys=0.00s Real=0.01s
[2025-03-20T14:50:25.983+0000][6][safepoint   ] Safepoint "G1CollectForAllocation", Time since last: 195047915 ns, Reaching safepoint: 714378 ns, At safepoint: 5817920 ns, Total: 6532298 ns
[2025-03-20T14:50:26.870+0000][6][safepoint   ] Safepoint "ICBufferFull", Time since last: 887500846 ns, Reaching safepoint: 247902 ns, At safepoint: 6422 ns, Total: 254324 ns
[2025-03-20T14:50:26.928+0000][6][safepoint   ] Safepoint "ICBufferFull", Time since last: 57506840 ns, Reaching safepoint: 168161 ns, At safepoint: 12083 ns, Total: 180244 ns
[2025-03-20T14:50:27.446+0000][6][safepoint   ] Safepoint "ICBufferFull", Time since last: 517942785 ns, Reaching safepoint: 299861 ns, At safepoint: 14428 ns, Total: 314289 ns
[2025-03-20T14:50:28.447+0000][6][safepoint   ] Safepoint "Cleanup", Time since last: 1000344593 ns, Reaching safepoint: 281937 ns, At safepoint: 16030 ns, Total: 297967 ns
[2025-03-20T14:50:29.447+0000][6][safepoint   ] Safepoint "Cleanup", Time since last: 1000348605 ns, Reaching safepoint: 82547 ns, At safepoint: 3276 ns, Total: 85823 ns
[2025-03-20T14:50:30.449+0000][6][safepoint   ] Safepoint "Cleanup", Time since last: 1000965584 ns, Reaching safepoint: 134436 ns, At safepoint: 19347 ns, Total: 153783 ns
[2025-03-20T14:50:31.449+0000][6][safepoint   ] Safepoint "Cleanup", Time since last: 1000526086 ns, Reaching safepoint: 123866 ns, At safepoint: 15900 ns, Total: 139766 ns
[2025-03-20T14:50:32.450+0000][6][safepoint   ] Safepoint "Cleanup", Time since last: 1000534968 ns, Reaching safepoint: 72739 ns, At safepoint: 13636 ns, Total: 86375 ns
[2025-03-20T14:50:32.890+0000][6][safepoint   ] Safepoint "ICBufferFull", Time since last: 439196463 ns, Reaching safepoint: 1252339 ns, At safepoint: 23765 ns, Total: 1276104 ns
[2025-03-20T14:50:33.123+0000][6][safepoint   ] Safepoint "ICBufferFull", Time since last: 232055086 ns, Reaching safepoint: 242612 ns, At safepoint: 17844 ns, Total: 260456 ns
[2025-03-20T14:50:34.147+0000][6][safepoint   ] Safepoint "Cleanup", Time since last: 1023958893 ns, Reaching safepoint: 196635 ns, At safepoint: 6172 ns, Total: 202807 ns
[2025-03-20T14:50:35.148+0000][6][safepoint   ] Safepoint "Cleanup", Time since last: 1000884351 ns, Reaching safepoint: 484374 ns, At safepoint: 7634 ns, Total: 492008 ns
[2025-03-20T14:50:36.149+0000][6][safepoint   ] Safepoint "Cleanup", Time since last: 1000180551 ns, Reaching safepoint: 684965 ns, At safepoint: 5751 ns, Total: 690716 ns
[2025-03-20T14:50:39.150+0000][6][safepoint   ] Safepoint "Cleanup", Time since last: 3001092802 ns, Reaching safepoint: 300482 ns, At safepoint: 4529 ns, Total: 305011 ns
[2025-03-20T14:50:40.151+0000][6][safepoint   ] Safepoint "Cleanup", Time since last: 1000921510 ns, Reaching safepoint: 166578 ns, At safepoint: 8646 ns, Total: 175224 ns
[2025-03-20T14:50:41.153+0000][6][safepoint   ] Safepoint "Cleanup", Time since last: 1001102085 ns, Reaching safepoint: 135278 ns, At safepoint: 5871 ns, Total: 141149 ns
[2025-03-20T14:50:42.154+0000][6][safepoint   ] Safepoint "Cleanup", Time since last: 1000943033 ns, Reaching safepoint: 112956 ns, At safepoint: 4007 ns, Total: 116963 ns
[2025-03-20T14:50:43.155+0000][6][safepoint   ] Safepoint "Cleanup", Time since last: 1000696634 ns, Reaching safepoint: 123284 ns, At safepoint: 6983 ns, Total: 130267 ns
[2025-03-20T14:50:44.155+0000][6][safepoint   ] Safepoint "Cleanup", Time since last: 1000602516 ns, Reaching safepoint: 168110 ns, At safepoint: 5310 ns, Total: 173420 ns
[2025-03-20T14:50:45.156+0000][6][safepoint   ] Safepoint "Cleanup", Time since last: 1000227963 ns, Reaching safepoint: 188279 ns, At safepoint: 4318 ns, Total: 192597 ns
[2025-03-20T14:50:46.156+0000][6][safepoint   ] Safepoint "Cleanup", Time since last: 1000455714 ns, Reaching safepoint: 99660 ns, At safepoint: 4188 ns, Total: 103848 ns
[2025-03-20T14:50:48.158+0000][6][safepoint   ] Safepoint "Cleanup", Time since last: 2001113438 ns, Reaching safepoint: 156689 ns, At safepoint: 4658 ns, Total: 161347 ns
[2025-03-20T14:50:49.158+0000][6][safepoint   ] Safepoint "Cleanup", Time since last: 1000138827 ns, Reaching safepoint: 97957 ns, At safepoint: 4649 ns, Total: 102606 ns
[2025-03-20T14:50:51.159+0000][6][safepoint   ] Safepoint "Cleanup", Time since last: 2001176206 ns, Reaching safepoint: 142432 ns, At safepoint: 7213 ns, Total: 149645 ns
[2025-03-20T14:50:52.160+0000][6][safepoint   ] Safepoint "Cleanup", Time since last: 1000806214 ns, Reaching safepoint: 143022 ns, At safepoint: 2936 ns, Total: 145958 ns
[2025-03-20T14:50:53.161+0000][6][safepoint   ] Safepoint "Cleanup", Time since last: 1000496759 ns, Reaching safepoint: 106943 ns, At safepoint: 6152 ns, Total: 113095 ns
[2025-03-20T14:50:54.161+0000][6][safepoint   ] Safepoint "Cleanup", Time since last: 1000136337 ns, Reaching safepoint: 86966 ns, At safepoint: 4038 ns, Total: 91004 ns
[2025-03-20T14:50:55.162+0000][6][safepoint   ] Safepoint "Cleanup", Time since last: 1000699810 ns, Reaching safepoint: 93699 ns, At safepoint: 3366 ns, Total: 97065 ns
[2025-03-20T14:50:56.162+0000][6][safepoint   ] Safepoint "Cleanup", Time since last: 1000394128 ns, Reaching safepoint: 63481 ns, At safepoint: 3026 ns, Total: 66507 ns
[2025-03-20T14:50:57.163+0000][6][safepoint   ] Safepoint "Cleanup", Time since last: 1000748962 ns, Reaching safepoint: 93118 ns, At safepoint: 4017 ns, Total: 97135 ns
[2025-03-20T14:50:57.695+0000][6][gc,start    ] GC(22) Pause Young (Normal) (G1 Evacuation Pause)
[2025-03-20T14:50:57.695+0000][6][gc,task     ] GC(22) Using 8 workers of 8 for evacuation
[2025-03-20T14:50:57.695+0000][6][gc,age      ] GC(22) Desired survivor size 18874368 bytes, new threshold 15 (max threshold 15)
[2025-03-20T14:50:57.700+0000][6][gc,age      ] GC(22) Age table with threshold 15 (max threshold 15)
[2025-03-20T14:50:57.700+0000][6][gc,age      ] GC(22) - age   1:    6460040 bytes,    6460040 total
[2025-03-20T14:50:57.700+0000][6][gc,age      ] GC(22) - age   2:    4153136 bytes,   10613176 total
[2025-03-20T14:50:57.700+0000][6][gc,age      ] GC(22) - age   3:    1129800 bytes,   11742976 total
[2025-03-20T14:50:57.700+0000][6][gc,phases   ] GC(22)   Pre Evacuate Collection Set: 0.1ms
[2025-03-20T14:50:57.700+0000][6][gc,phases   ] GC(22)   Merge Heap Roots: 0.1ms
[2025-03-20T14:50:57.700+0000][6][gc,phases   ] GC(22)   Evacuate Collection Set: 4.0ms
[2025-03-20T14:50:57.700+0000][6][gc,phases   ] GC(22)   Post Evacuate Collection Set: 0.8ms
[2025-03-20T14:50:57.700+0000][6][gc,phases   ] GC(22)   Other: 0.2ms
[2025-03-20T14:50:57.700+0000][6][gc,heap     ] GC(22) Eden regions: 65->0(65)
[2025-03-20T14:50:57.700+0000][6][gc,heap     ] GC(22) Survivor regions: 3->3(9)
[2025-03-20T14:50:57.700+0000][6][gc,heap     ] GC(22) Old regions: 24->24
[2025-03-20T14:50:57.700+0000][6][gc,heap     ] GC(22) Archive regions: 2->2
[2025-03-20T14:50:57.700+0000][6][gc,heap     ] GC(22) Humongous regions: 5->5
[2025-03-20T14:50:57.700+0000][6][gc,metaspace] GC(22) Metaspace: 113130K(114880K)->113130K(114880K) NonClass: 97959K(98944K)->97959K(98944K) Class: 15170K(15936K)->15170K(15936K)
[2025-03-20T14:50:57.700+0000][6][gc          ] GC(22) Pause Young (Normal) (G1 Evacuation Pause) 390M->130M(512M) 5.288ms
[2025-03-20T14:50:57.700+0000][6][gc,cpu      ] GC(22) User=0.03s Sys=0.00s Real=0.01s
[2025-03-20T14:50:57.700+0000][6][safepoint   ] Safepoint "G1CollectForAllocation", Time since last: 531306767 ns, Reaching safepoint: 209880 ns, At safepoint: 5396197 ns, Total: 5606077 ns
[2025-03-20T14:50:58.701+0000][6][safepoint   ] Safepoint "Cleanup", Time since last: 1000393689 ns, Reaching safepoint: 149274 ns, At safepoint: 3507 ns, Total: 152781 ns
[2025-03-20T14:50:59.702+0000][6][safepoint   ] Safepoint "Cleanup", Time since last: 1000643340 ns, Reaching safepoint: 664474 ns, At safepoint: 8155 ns, Total: 672629 ns
[2025-03-20T14:51:00.703+0000][6][safepoint   ] Safepoint "Cleanup", Time since last: 1000612806 ns, Reaching safepoint: 170935 ns, At safepoint: 6182 ns, Total: 177117 ns
[2025-03-20T14:51:01.703+0000][6][safepoint   ] Safepoint "Cleanup", Time since last: 1000211490 ns, Reaching safepoint: 164413 ns, At safepoint: 5781 ns, Total: 170194 ns
[2025-03-20T14:51:02.704+0000][6][safepoint   ] Safepoint "Cleanup", Time since last: 1001173299 ns, Reaching safepoint: 96394 ns, At safepoint: 4198 ns, Total: 100592 ns
[2025-03-20T14:51:03.705+0000][6][safepoint   ] Safepoint "Cleanup", Time since last: 1000693078 ns, Reaching safepoint: 104790 ns, At safepoint: 3537 ns, Total: 108327 ns
[2025-03-20T14:51:04.706+0000][6][safepoint   ] Safepoint "Cleanup", Time since last: 1000708978 ns, Reaching safepoint: 128534 ns, At safepoint: 3948 ns, Total: 132482 ns
[2025-03-20T14:51:06.708+0000][6][safepoint   ] Safepoint "Cleanup", Time since last: 2001850868 ns, Reaching safepoint: 95873 ns, At safepoint: 3516 ns, Total: 99389 ns
[2025-03-20T14:51:07.708+0000][6][safepoint   ] Safepoint "Cleanup", Time since last: 1000215608 ns, Reaching safepoint: 172168 ns, At safepoint: 7865 ns, Total: 180033 ns
[2025-03-20T14:51:09.709+0000][6][safepoint   ] Safepoint "Cleanup", Time since last: 2000808120 ns, Reaching safepoint: 228795 ns, At safepoint: 6683 ns, Total: 235478 ns
[2025-03-20T14:51:10.710+0000][6][safepoint   ] Safepoint "Cleanup", Time since last: 1000755976 ns, Reaching safepoint: 104780 ns, At safepoint: 3035 ns, Total: 107815 ns
[2025-03-20T14:51:11.711+0000][6][safepoint   ] Safepoint "Cleanup", Time since last: 1000634316 ns, Reaching safepoint: 107625 ns, At safepoint: 3487 ns, Total: 111112 ns
[2025-03-20T14:51:12.712+0000][6][safepoint   ] Safepoint "Cleanup", Time since last: 1000535119 ns, Reaching safepoint: 97085 ns, At safepoint: 3106 ns, Total: 100191 ns
[2025-03-20T14:51:14.713+0000][6][safepoint   ] Safepoint "Cleanup", Time since last: 2001027969 ns, Reaching safepoint: 168701 ns, At safepoint: 5240 ns, Total: 173941 ns
[2025-03-20T14:51:15.714+0000][6][safepoint   ] Safepoint "Cleanup", Time since last: 1000914397 ns, Reaching safepoint: 127493 ns, At safepoint: 3337 ns, Total: 130830 ns
[2025-03-20T14:51:16.714+0000][6][safepoint   ] Safepoint "Cleanup", Time since last: 1000485840 ns, Reaching safepoint: 141259 ns, At safepoint: 3918 ns, Total: 145177 ns
[2025-03-20T14:51:17.715+0000][6][safepoint   ] Safepoint "Cleanup", Time since last: 1000437522 ns, Reaching safepoint: 133324 ns, At safepoint: 5320 ns, Total: 138644 ns
[2025-03-20T14:51:18.715+0000][6][safepoint   ] Safepoint "Cleanup", Time since last: 1000230145 ns, Reaching safepoint: 174492 ns, At safepoint: 5200 ns, Total: 179692 ns
[2025-03-20T14:51:19.717+0000][6][safepoint   ] Safepoint "Cleanup", Time since last: 1000475613 ns, Reaching safepoint: 1010543 ns, At safepoint: 6102 ns, Total: 1016645 ns
[2025-03-20T14:51:20.718+0000][6][safepoint   ] Safepoint "Cleanup", Time since last: 1001057901 ns, Reaching safepoint: 167298 ns, At safepoint: 5160 ns, Total: 172458 ns
[2025-03-20T14:51:21.719+0000][6][safepoint   ] Safepoint "Cleanup", Time since last: 1000355351 ns, Reaching safepoint: 208830 ns, At safepoint: 6522 ns, Total: 215352 ns
[2025-03-20T14:51:22.719+0000][6][safepoint   ] Safepoint "Cleanup", Time since last: 1000219618 ns, Reaching safepoint: 137542 ns, At safepoint: 4238 ns, Total: 141780 ns
[2025-03-20T14:51:24.720+0000][6][safepoint   ] Safepoint "Cleanup", Time since last: 2000375670 ns, Reaching safepoint: 148874 ns, At safepoint: 4829 ns, Total: 153703 ns
[2025-03-20T14:51:25.720+0000][6][safepoint   ] Safepoint "Cleanup", Time since last: 1000504007 ns, Reaching safepoint: 56528 ns, At safepoint: 3847 ns, Total: 60375 ns
[2025-03-20T14:51:26.721+0000][6][safepoint   ] Safepoint "Cleanup", Time since last: 1000112821 ns, Reaching safepoint: 169933 ns, At safepoint: 4990 ns, Total: 174923 ns
[2025-03-20T14:51:27.721+0000][6][safepoint   ] Safepoint "Cleanup", Time since last: 1000593630 ns, Reaching safepoint: 212534 ns, At safepoint: 6703 ns, Total: 219237 ns
[2025-03-20T14:51:28.832+0000][6][safepoint   ] Safepoint "Cleanup", Time since last: 1110325801 ns, Reaching safepoint: 212605 ns, At safepoint: 5871 ns, Total: 218476 ns
[2025-03-20T14:51:29.832+0000][6][safepoint   ] Safepoint "Cleanup", Time since last: 1000208514 ns, Reaching safepoint: 99279 ns, At safepoint: 5711 ns, Total: 104990 ns
[2025-03-20T14:51:30.833+0000][6][safepoint   ] Safepoint "Cleanup", Time since last: 1000796614 ns, Reaching safepoint: 128875 ns, At safepoint: 4970 ns, Total: 133845 ns
[2025-03-20T14:51:31.834+0000][6][safepoint   ] Safepoint "Cleanup", Time since last: 1000990482 ns, Reaching safepoint: 162139 ns, At safepoint: 4288 ns, Total: 166427 ns
[2025-03-20T14:51:33.836+0000][6][safepoint   ] Safepoint "Cleanup", Time since last: 2001260587 ns, Reaching safepoint: 182388 ns, At safepoint: 5470 ns, Total: 187858 ns
[2025-03-20T14:51:34.837+0000][6][safepoint   ] Safepoint "Cleanup", Time since last: 1000834877 ns, Reaching safepoint: 97004 ns, At safepoint: 3617 ns, Total: 100621 ns
[2025-03-20T14:51:35.837+0000][6][safepoint   ] Safepoint "Cleanup", Time since last: 1000614789 ns, Reaching safepoint: 147852 ns, At safepoint: 4669 ns, Total: 152521 ns
[2025-03-20T14:51:36.838+0000][6][safepoint   ] Safepoint "Cleanup", Time since last: 1000589638 ns, Reaching safepoint: 144896 ns, At safepoint: 4098 ns, Total: 148994 ns
[2025-03-20T14:51:38.840+0000][6][safepoint   ] Safepoint "Cleanup", Time since last: 2001381657 ns, Reaching safepoint: 109939 ns, At safepoint: 3707 ns, Total: 113646 ns
[2025-03-20T14:51:39.840+0000][6][safepoint   ] Safepoint "Cleanup", Time since last: 1000216980 ns, Reaching safepoint: 131801 ns, At safepoint: 3166 ns, Total: 134967 ns
[2025-03-20T14:51:40.841+0000][6][safepoint   ] Safepoint "Cleanup", Time since last: 1000716682 ns, Reaching safepoint: 105671 ns, At safepoint: 4028 ns, Total: 109699 ns
[2025-03-20T14:51:41.842+0000][6][safepoint   ] Safepoint "Cleanup", Time since last: 1000731420 ns, Reaching safepoint: 137192 ns, At safepoint: 4598 ns, Total: 141790 ns
[2025-03-20T14:51:42.842+0000][6][safepoint   ] Safepoint "Cleanup", Time since last: 1000388189 ns, Reaching safepoint: 101534 ns, At safepoint: 3797 ns, Total: 105331 ns
[2025-03-20T14:51:44.843+0000][6][safepoint   ] Safepoint "Cleanup", Time since last: 2001060229 ns, Reaching safepoint: 108166 ns, At safepoint: 4408 ns, Total: 112574 ns
[2025-03-20T14:51:45.844+0000][6][safepoint   ] Safepoint "Cleanup", Time since last: 1000399399 ns, Reaching safepoint: 197035 ns, At safepoint: 5581 ns, Total: 202616 ns
[2025-03-20T14:51:46.845+0000][6][safepoint   ] Safepoint "Cleanup", Time since last: 1001022923 ns, Reaching safepoint: 166287 ns, At safepoint: 6001 ns, Total: 172288 ns
[2025-03-20T14:51:47.328+0000][6][gc,start    ] GC(23) Pause Young (Normal) (G1 Evacuation Pause)
[2025-03-20T14:51:47.328+0000][6][gc,task     ] GC(23) Using 8 workers of 8 for evacuation
[2025-03-20T14:51:47.328+0000][6][gc,age      ] GC(23) Desired survivor size 18874368 bytes, new threshold 15 (max threshold 15)
[2025-03-20T14:51:47.335+0000][6][gc,age      ] GC(23) Age table with threshold 15 (max threshold 15)
[2025-03-20T14:51:47.335+0000][6][gc,age      ] GC(23) - age   1:    3570864 bytes,    3570864 total
[2025-03-20T14:51:47.335+0000][6][gc,age      ] GC(23) - age   2:    1191904 bytes,    4762768 total
[2025-03-20T14:51:47.335+0000][6][gc,age      ] GC(23) - age   3:    3972552 bytes,    8735320 total
[2025-03-20T14:51:47.335+0000][6][gc,age      ] GC(23) - age   4:    1128632 bytes,    9863952 total
[2025-03-20T14:51:47.335+0000][6][gc,phases   ] GC(23)   Pre Evacuate Collection Set: 0.1ms
[2025-03-20T14:51:47.335+0000][6][gc,phases   ] GC(23)   Merge Heap Roots: 0.1ms
[2025-03-20T14:51:47.335+0000][6][gc,phases   ] GC(23)   Evacuate Collection Set: 5.4ms
[2025-03-20T14:51:47.335+0000][6][gc,phases   ] GC(23)   Post Evacuate Collection Set: 1.4ms
[2025-03-20T14:51:47.335+0000][6][gc,phases   ] GC(23)   Other: 0.2ms
[2025-03-20T14:51:47.335+0000][6][gc,heap     ] GC(23) Eden regions: 65->0(66)
[2025-03-20T14:51:47.335+0000][6][gc,heap     ] GC(23) Survivor regions: 3->3(9)
[2025-03-20T14:51:47.335+0000][6][gc,heap     ] GC(23) Old regions: 24->24
[2025-03-20T14:51:47.335+0000][6][gc,heap     ] GC(23) Archive regions: 2->2
[2025-03-20T14:51:47.335+0000][6][gc,heap     ] GC(23) Humongous regions: 5->5
[2025-03-20T14:51:47.335+0000][6][gc,metaspace] GC(23) Metaspace: 113989K(115712K)->113989K(115712K) NonClass: 98798K(99776K)->98798K(99776K) Class: 15190K(15936K)->15190K(15936K)
[2025-03-20T14:51:47.335+0000][6][gc          ] GC(23) Pause Young (Normal) (G1 Evacuation Pause) 390M->129M(512M) 7.252ms
[2025-03-20T14:51:47.335+0000][6][gc,cpu      ] GC(23) User=0.02s Sys=0.00s Real=0.00s
[2025-03-20T14:51:47.335+0000][6][safepoint   ] Safepoint "G1CollectForAllocation", Time since last: 482298345 ns, Reaching safepoint: 149695 ns, At safepoint: 7336642 ns, Total: 7486337 ns
[2025-03-20T14:51:48.336+0000][6][safepoint   ] Safepoint "Cleanup", Time since last: 1000450185 ns, Reaching safepoint: 94660 ns, At safepoint: 3777 ns, Total: 98437 ns
[2025-03-20T14:51:49.336+0000][6][safepoint   ] Safepoint "Cleanup", Time since last: 1000185988 ns, Reaching safepoint: 95151 ns, At safepoint: 3417 ns, Total: 98568 ns
[2025-03-20T14:51:50.337+0000][6][safepoint   ] Safepoint "Cleanup", Time since last: 1000698527 ns, Reaching safepoint: 88950 ns, At safepoint: 3516 ns, Total: 92466 ns
[2025-03-20T14:51:52.338+0000][6][safepoint   ] Safepoint "Cleanup", Time since last: 2001649958 ns, Reaching safepoint: 163933 ns, At safepoint: 3607 ns, Total: 167540 ns
[2025-03-20T14:51:53.341+0000][6][safepoint   ] Safepoint "Cleanup", Time since last: 1002649212 ns, Reaching safepoint: 117724 ns, At safepoint: 4669 ns, Total: 122393 ns
[2025-03-20T14:51:54.342+0000][6][safepoint   ] Safepoint "Cleanup", Time since last: 1000424975 ns, Reaching safepoint: 127643 ns, At safepoint: 4869 ns, Total: 132512 ns
[2025-03-20T14:51:55.343+0000][6][safepoint   ] Safepoint "Cleanup", Time since last: 1001108722 ns, Reaching safepoint: 132442 ns, At safepoint: 4288 ns, Total: 136730 ns
[2025-03-20T14:51:57.344+0000][6][safepoint   ] Safepoint "Cleanup", Time since last: 2000521808 ns, Reaching safepoint: 142040 ns, At safepoint: 7945 ns, Total: 149985 ns
[2025-03-20T14:51:58.290+0000][6][safepoint   ] Safepoint "ICBufferFull", Time since last: 946466605 ns, Reaching safepoint: 308527 ns, At safepoint: 30027 ns, Total: 338554 ns
[2025-03-20T14:51:58.361+0000][6][safepoint   ] Safepoint "ICBufferFull", Time since last: 69965487 ns, Reaching safepoint: 326834 ns, At safepoint: 47200 ns, Total: 374034 ns
[2025-03-20T14:51:59.362+0000][6][safepoint   ] Safepoint "Cleanup", Time since last: 1001206456 ns, Reaching safepoint: 159704 ns, At safepoint: 17854 ns, Total: 177558 ns
[2025-03-20T14:52:00.362+0000][6][safepoint   ] Safepoint "Cleanup", Time since last: 1000176584 ns, Reaching safepoint: 101283 ns, At safepoint: 4318 ns, Total: 105601 ns
[2025-03-20T14:52:01.363+0000][6][safepoint   ] Safepoint "Cleanup", Time since last: 1000778077 ns, Reaching safepoint: 123726 ns, At safepoint: 5691 ns, Total: 129417 ns
[2025-03-20T14:52:02.364+0000][6][safepoint   ] Safepoint "Cleanup", Time since last: 1000731581 ns, Reaching safepoint: 112805 ns, At safepoint: 5069 ns, Total: 117874 ns
[2025-03-20T14:52:03.365+0000][6][safepoint   ] Safepoint "Cleanup", Time since last: 1000281455 ns, Reaching safepoint: 148262 ns, At safepoint: 5170 ns, Total: 153432 ns
[2025-03-20T14:52:03.425+0000][6][gc,start    ] GC(24) Pause Young (Normal) (G1 Evacuation Pause)
[2025-03-20T14:52:03.425+0000][6][gc,task     ] GC(24) Using 8 workers of 8 for evacuation
[2025-03-20T14:52:03.425+0000][6][gc,age      ] GC(24) Desired survivor size 18874368 bytes, new threshold 15 (max threshold 15)
[2025-03-20T14:52:03.432+0000][6][gc,age      ] GC(24) Age table with threshold 15 (max threshold 15)
[2025-03-20T14:52:03.432+0000][6][gc,age      ] GC(24) - age   1:    4468128 bytes,    4468128 total
[2025-03-20T14:52:03.432+0000][6][gc,age      ] GC(24) - age   2:    1811264 bytes,    6279392 total
[2025-03-20T14:52:03.432+0000][6][gc,age      ] GC(24) - age   3:    1150056 bytes,    7429448 total
[2025-03-20T14:52:03.432+0000][6][gc,age      ] GC(24) - age   4:    3927368 bytes,   11356816 total
[2025-03-20T14:52:03.432+0000][6][gc,age      ] GC(24) - age   5:    1116432 bytes,   12473248 total
[2025-03-20T14:52:03.432+0000][6][gc,phases   ] GC(24)   Pre Evacuate Collection Set: 0.1ms
[2025-03-20T14:52:03.432+0000][6][gc,phases   ] GC(24)   Merge Heap Roots: 0.1ms
[2025-03-20T14:52:03.432+0000][6][gc,phases   ] GC(24)   Evacuate Collection Set: 5.6ms
[2025-03-20T14:52:03.432+0000][6][gc,phases   ] GC(24)   Post Evacuate Collection Set: 1.3ms
[2025-03-20T14:52:03.432+0000][6][gc,phases   ] GC(24)   Other: 0.2ms
[2025-03-20T14:52:03.432+0000][6][gc,heap     ] GC(24) Eden regions: 66->0(66)
[2025-03-20T14:52:03.432+0000][6][gc,heap     ] GC(24) Survivor regions: 3->4(9)
[2025-03-20T14:52:03.432+0000][6][gc,heap     ] GC(24) Old regions: 24->24
[2025-03-20T14:52:03.432+0000][6][gc,heap     ] GC(24) Archive regions: 2->2
[2025-03-20T14:52:03.432+0000][6][gc,heap     ] GC(24) Humongous regions: 5->5
[2025-03-20T14:52:03.432+0000][6][gc,metaspace] GC(24) Metaspace: 114745K(116480K)->114745K(116480K) NonClass: 99476K(100416K)->99476K(100416K) Class: 15269K(16064K)->15269K(16064K)
[2025-03-20T14:52:03.432+0000][6][gc          ] GC(24) Pause Young (Normal) (G1 Evacuation Pause) 393M->131M(512M) 7.442ms
[2025-03-20T14:52:03.433+0000][6][gc,cpu      ] GC(24) User=0.03s Sys=0.00s Real=0.01s
[2025-03-20T14:52:03.433+0000][6][safepoint   ] Safepoint "G1CollectForAllocation", Time since last: 60206262 ns, Reaching safepoint: 72037 ns, At safepoint: 7607159 ns, Total: 7679196 ns
[2025-03-20T14:52:04.433+0000][6][safepoint   ] Safepoint "Cleanup", Time since last: 1000329490 ns, Reaching safepoint: 142882 ns, At safepoint: 4869 ns, Total: 147751 ns
[2025-03-20T14:52:05.434+0000][6][safepoint   ] Safepoint "Cleanup", Time since last: 1000703119 ns, Reaching safepoint: 580943 ns, At safepoint: 8577 ns, Total: 589520 ns
[2025-03-20T14:52:07.436+0000][6][safepoint   ] Safepoint "Cleanup", Time since last: 2001228576 ns, Reaching safepoint: 129637 ns, At safepoint: 9168 ns, Total: 138805 ns
[2025-03-20T14:52:09.437+0000][6][safepoint   ] Safepoint "Cleanup", Time since last: 2001534498 ns, Reaching safepoint: 103737 ns, At safepoint: 4208 ns, Total: 107945 ns
[2025-03-20T14:52:10.438+0000][6][safepoint   ] Safepoint "Cleanup", Time since last: 1000173664 ns, Reaching safepoint: 123115 ns, At safepoint: 3917 ns, Total: 127032 ns
[2025-03-20T14:52:11.438+0000][6][safepoint   ] Safepoint "Cleanup", Time since last: 1000315387 ns, Reaching safepoint: 84461 ns, At safepoint: 3637 ns, Total: 88098 ns
[2025-03-20T14:52:12.439+0000][6][safepoint   ] Safepoint "Cleanup", Time since last: 1001165708 ns, Reaching safepoint: 138093 ns, At safepoint: 7294 ns, Total: 145387 ns
[2025-03-20T14:52:13.440+0000][6][safepoint   ] Safepoint "Cleanup", Time since last: 1000534505 ns, Reaching safepoint: 188570 ns, At safepoint: 7524 ns, Total: 196094 ns
[2025-03-20T14:52:14.441+0000][6][safepoint   ] Safepoint "Cleanup", Time since last: 1000518534 ns, Reaching safepoint: 179614 ns, At safepoint: 19768 ns, Total: 199382 ns
[2025-03-20T14:52:15.442+0000][6][safepoint   ] Safepoint "Cleanup", Time since last: 1000848962 ns, Reaching safepoint: 271699 ns, At safepoint: 8025 ns, Total: 279724 ns
[2025-03-20T14:52:16.442+0000][6][safepoint   ] Safepoint "Cleanup", Time since last: 1000164548 ns, Reaching safepoint: 197636 ns, At safepoint: 4980 ns, Total: 202616 ns
[2025-03-20T14:52:17.443+0000][6][safepoint   ] Safepoint "Cleanup", Time since last: 1000934477 ns, Reaching safepoint: 221282 ns, At safepoint: 7875 ns, Total: 229157 ns
[2025-03-20T14:52:19.445+0000][6][safepoint   ] Safepoint "Cleanup", Time since last: 2001063970 ns, Reaching safepoint: 116913 ns, At safepoint: 4288 ns, Total: 121201 ns
[2025-03-20T14:52:20.446+0000][6][safepoint   ] Safepoint "Cleanup", Time since last: 1001132644 ns, Reaching safepoint: 149485 ns, At safepoint: 4318 ns, Total: 153803 ns
[2025-03-20T14:52:21.447+0000][6][safepoint   ] Safepoint "Cleanup", Time since last: 1000488460 ns, Reaching safepoint: 103517 ns, At safepoint: 6392 ns, Total: 109909 ns
[2025-03-20T14:52:22.447+0000][6][safepoint   ] Safepoint "Cleanup", Time since last: 1000394756 ns, Reaching safepoint: 214248 ns, At safepoint: 5881 ns, Total: 220129 ns
[2025-03-20T14:52:23.766+0000][6][safepoint   ] Safepoint "Cleanup", Time since last: 1319006413 ns, Reaching safepoint: 188349 ns, At safepoint: 5089 ns, Total: 193438 ns
[2025-03-20T14:52:24.767+0000][6][safepoint   ] Safepoint "Cleanup", Time since last: 1000848232 ns, Reaching safepoint: 121711 ns, At safepoint: 4038 ns, Total: 125749 ns
[2025-03-20T14:52:25.768+0000][6][safepoint   ] Safepoint "Cleanup", Time since last: 1001006533 ns, Reaching safepoint: 74081 ns, At safepoint: 12323 ns, Total: 86404 ns
[2025-03-20T14:52:26.769+0000][6][safepoint   ] Safepoint "Cleanup", Time since last: 1000927225 ns, Reaching safepoint: 104359 ns, At safepoint: 3877 ns, Total: 108236 ns
[2025-03-20T14:52:28.724+0000][6][safepoint   ] Safepoint "Cleanup", Time since last: 1954547031 ns, Reaching safepoint: 157640 ns, At safepoint: 3807 ns, Total: 161447 ns
[2025-03-20T14:52:29.788+0000][6][safepoint   ] Safepoint "Cleanup", Time since last: 1063359651 ns, Reaching safepoint: 101845 ns, At safepoint: 6202 ns, Total: 108047 ns
[2025-03-20T14:52:30.790+0000][6][safepoint   ] Safepoint "Cleanup", Time since last: 1001100505 ns, Reaching safepoint: 1092223 ns, At safepoint: 25880 ns, Total: 1118103 ns
[2025-03-20T14:52:31.791+0000][6][safepoint   ] Safepoint "Cleanup", Time since last: 1000899567 ns, Reaching safepoint: 122944 ns, At safepoint: 5120 ns, Total: 128064 ns
[2025-03-20T14:52:32.792+0000][6][safepoint   ] Safepoint "Cleanup", Time since last: 1001134807 ns, Reaching safepoint: 104309 ns, At safepoint: 3607 ns, Total: 107916 ns
[2025-03-20T14:52:33.793+0000][6][safepoint   ] Safepoint "Cleanup", Time since last: 1000358499 ns, Reaching safepoint: 111593 ns, At safepoint: 3607 ns, Total: 115200 ns
[2025-03-20T14:52:34.793+0000][6][safepoint   ] Safepoint "Cleanup", Time since last: 1000191393 ns, Reaching safepoint: 103137 ns, At safepoint: 4138 ns, Total: 107275 ns
[2025-03-20T14:52:35.794+0000][6][safepoint   ] Safepoint "Cleanup", Time since last: 1001298118 ns, Reaching safepoint: 111863 ns, At safepoint: 3937 ns, Total: 115800 ns
[2025-03-20T14:52:36.795+0000][6][safepoint   ] Safepoint "Cleanup", Time since last: 1000471840 ns, Reaching safepoint: 79621 ns, At safepoint: 4599 ns, Total: 84220 ns
[2025-03-20T14:52:39.797+0000][6][safepoint   ] Safepoint "Cleanup", Time since last: 3002178738 ns, Reaching safepoint: 144585 ns, At safepoint: 3887 ns, Total: 148472 ns
[2025-03-20T14:52:40.798+0000][6][safepoint   ] Safepoint "Cleanup", Time since last: 1000357230 ns, Reaching safepoint: 116392 ns, At safepoint: 3537 ns, Total: 119929 ns
[2025-03-20T14:52:41.799+0000][6][safepoint   ] Safepoint "Cleanup", Time since last: 1001041888 ns, Reaching safepoint: 175775 ns, At safepoint: 4549 ns, Total: 180324 ns
[2025-03-20T14:52:42.033+0000][6][gc,start    ] GC(25) Pause Young (Normal) (G1 Evacuation Pause)
[2025-03-20T14:52:42.033+0000][6][gc,task     ] GC(25) Using 8 workers of 8 for evacuation
[2025-03-20T14:52:42.033+0000][6][gc,age      ] GC(25) Desired survivor size 18874368 bytes, new threshold 15 (max threshold 15)
[2025-03-20T14:52:42.038+0000][6][gc,age      ] GC(25) Age table with threshold 15 (max threshold 15)
[2025-03-20T14:52:42.038+0000][6][gc,age      ] GC(25) - age   1:    2812792 bytes,    2812792 total
[2025-03-20T14:52:42.039+0000][6][gc,age      ] GC(25) - age   2:    2186488 bytes,    4999280 total
[2025-03-20T14:52:42.039+0000][6][gc,age      ] GC(25) - age   3:    1797448 bytes,    6796728 total
[2025-03-20T14:52:42.039+0000][6][gc,age      ] GC(25) - age   4:    1148448 bytes,    7945176 total
[2025-03-20T14:52:42.039+0000][6][gc,age      ] GC(25) - age   5:    3927136 bytes,   11872312 total
[2025-03-20T14:52:42.039+0000][6][gc,age      ] GC(25) - age   6:    1116368 bytes,   12988680 total
[2025-03-20T14:52:42.039+0000][6][gc,phases   ] GC(25)   Pre Evacuate Collection Set: 0.1ms
[2025-03-20T14:52:42.039+0000][6][gc,phases   ] GC(25)   Merge Heap Roots: 0.1ms
[2025-03-20T14:52:42.039+0000][6][gc,phases   ] GC(25)   Evacuate Collection Set: 4.5ms
[2025-03-20T14:52:42.039+0000][6][gc,phases   ] GC(25)   Post Evacuate Collection Set: 1.1ms
[2025-03-20T14:52:42.039+0000][6][gc,phases   ] GC(25)   Other: 0.2ms
[2025-03-20T14:52:42.039+0000][6][gc,heap     ] GC(25) Eden regions: 66->0(67)
[2025-03-20T14:52:42.039+0000][6][gc,heap     ] GC(25) Survivor regions: 4->4(9)
[2025-03-20T14:52:42.039+0000][6][gc,heap     ] GC(25) Old regions: 24->24
[2025-03-20T14:52:42.039+0000][6][gc,heap     ] GC(25) Archive regions: 2->2
[2025-03-20T14:52:42.039+0000][6][gc,heap     ] GC(25) Humongous regions: 5->5
[2025-03-20T14:52:42.039+0000][6][gc,metaspace] GC(25) Metaspace: 115297K(117056K)->115297K(117056K) NonClass: 100028K(100992K)->100028K(100992K) Class: 15269K(16064K)->15269K(16064K)
[2025-03-20T14:52:42.039+0000][6][gc          ] GC(25) Pause Young (Normal) (G1 Evacuation Pause) 395M->132M(512M) 6.093ms
[2025-03-20T14:52:42.039+0000][6][gc,cpu      ] GC(25) User=0.03s Sys=0.00s Real=0.01s
[2025-03-20T14:52:42.039+0000][6][safepoint   ] Safepoint "G1CollectForAllocation", Time since last: 233526009 ns, Reaching safepoint: 92617 ns, At safepoint: 6183025 ns, Total: 6275642 ns
[2025-03-20T14:52:43.040+0000][6][safepoint   ] Safepoint "Cleanup", Time since last: 1000455392 ns, Reaching safepoint: 920471 ns, At safepoint: 24506 ns, Total: 944977 ns
[2025-03-20T14:52:45.041+0000][6][safepoint   ] Safepoint "Cleanup", Time since last: 2000505288 ns, Reaching safepoint: 123405 ns, At safepoint: 4348 ns, Total: 127753 ns
[2025-03-20T14:52:46.042+0000][6][safepoint   ] Safepoint "Cleanup", Time since last: 1000996111 ns, Reaching safepoint: 162630 ns, At safepoint: 15249 ns, Total: 177879 ns
[2025-03-20T14:52:47.043+0000][6][safepoint   ] Safepoint "Cleanup", Time since last: 1000483590 ns, Reaching safepoint: 150727 ns, At safepoint: 14919 ns, Total: 165646 ns
[2025-03-20T14:52:48.044+0000][6][safepoint   ] Safepoint "Cleanup", Time since last: 1000942589 ns, Reaching safepoint: 156969 ns, At safepoint: 19587 ns, Total: 176556 ns
[2025-03-20T14:52:49.046+0000][6][safepoint   ] Safepoint "Cleanup", Time since last: 1001230051 ns, Reaching safepoint: 1028115 ns, At safepoint: 6101 ns, Total: 1034216 ns
[2025-03-20T14:52:50.048+0000][6][safepoint   ] Safepoint "Cleanup", Time since last: 1000833784 ns, Reaching safepoint: 1041754 ns, At safepoint: 23084 ns, Total: 1064838 ns
[2025-03-20T14:52:52.049+0000][6][safepoint   ] Safepoint "Cleanup", Time since last: 2000689195 ns, Reaching safepoint: 153322 ns, At safepoint: 3727 ns, Total: 157049 ns
[2025-03-20T14:52:53.050+0000][6][safepoint   ] Safepoint "Cleanup", Time since last: 1000822142 ns, Reaching safepoint: 120059 ns, At safepoint: 6482 ns, Total: 126541 ns
[2025-03-20T14:52:54.675+0000][6][safepoint   ] Safepoint "Cleanup", Time since last: 1624876257 ns, Reaching safepoint: 138083 ns, At safepoint: 17433 ns, Total: 155516 ns
[2025-03-20T14:52:55.675+0000][6][safepoint   ] Safepoint "Cleanup", Time since last: 1000409586 ns, Reaching safepoint: 205752 ns, At safepoint: 7465 ns, Total: 213217 ns
[2025-03-20T14:52:57.677+0000][6][safepoint   ] Safepoint "Cleanup", Time since last: 2001276378 ns, Reaching safepoint: 102596 ns, At safepoint: 148382 ns, Total: 250978 ns
[2025-03-20T14:52:58.678+0000][6][safepoint   ] Safepoint "Cleanup", Time since last: 1000761809 ns, Reaching safepoint: 169293 ns, At safepoint: 8346 ns, Total: 177639 ns
[2025-03-20T14:52:59.679+0000][6][safepoint   ] Safepoint "Cleanup", Time since last: 1001023296 ns, Reaching safepoint: 97787 ns, At safepoint: 3867 ns, Total: 101654 ns
[2025-03-20T14:53:00.679+0000][6][safepoint   ] Safepoint "Cleanup", Time since last: 1000140380 ns, Reaching safepoint: 96735 ns, At safepoint: 3286 ns, Total: 100021 ns
[2025-03-20T14:53:01.680+0000][6][safepoint   ] Safepoint "Cleanup", Time since last: 1000538757 ns, Reaching safepoint: 124878 ns, At safepoint: 5801 ns, Total: 130679 ns
[2025-03-20T14:53:02.680+0000][6][safepoint   ] Safepoint "Cleanup", Time since last: 1000253411 ns, Reaching safepoint: 95101 ns, At safepoint: 3787 ns, Total: 98888 ns
[2025-03-20T14:53:04.681+0000][6][safepoint   ] Safepoint "Cleanup", Time since last: 2000793634 ns, Reaching safepoint: 159473 ns, At safepoint: 14368 ns, Total: 173841 ns
[2025-03-20T14:53:06.682+0000][6][safepoint   ] Safepoint "Cleanup", Time since last: 2001096709 ns, Reaching safepoint: 149164 ns, At safepoint: 31450 ns, Total: 180614 ns
[2025-03-20T14:53:07.683+0000][6][safepoint   ] Safepoint "Cleanup", Time since last: 1000297235 ns, Reaching safepoint: 106422 ns, At safepoint: 20870 ns, Total: 127292 ns
[2025-03-20T14:53:10.684+0000][6][safepoint   ] Safepoint "Cleanup", Time since last: 3001429605 ns, Reaching safepoint: 140517 ns, At safepoint: 4519 ns, Total: 145036 ns
[2025-03-20T14:53:12.687+0000][6][safepoint   ] Safepoint "Cleanup", Time since last: 2002022523 ns, Reaching safepoint: 143844 ns, At safepoint: 13245 ns, Total: 157089 ns
[2025-03-20T14:53:14.687+0000][6][safepoint   ] Safepoint "Cleanup", Time since last: 2000534061 ns, Reaching safepoint: 122503 ns, At safepoint: 3777 ns, Total: 126280 ns
[2025-03-20T14:53:15.688+0000][6][safepoint   ] Safepoint "Cleanup", Time since last: 1000862899 ns, Reaching safepoint: 102976 ns, At safepoint: 9749 ns, Total: 112725 ns
[2025-03-20T14:53:16.689+0000][6][safepoint   ] Safepoint "Cleanup", Time since last: 1000419078 ns, Reaching safepoint: 370699 ns, At safepoint: 15830 ns, Total: 386529 ns
[2025-03-20T14:53:17.690+0000][6][safepoint   ] Safepoint "Cleanup", Time since last: 1000693706 ns, Reaching safepoint: 649039 ns, At safepoint: 23524 ns, Total: 672563 ns
[2025-03-20T14:53:18.692+0000][6][safepoint   ] Safepoint "Cleanup", Time since last: 1000975982 ns, Reaching safepoint: 674488 ns, At safepoint: 19257 ns, Total: 693745 ns
[2025-03-20T14:53:19.693+0000][6][safepoint   ] Safepoint "Cleanup", Time since last: 1000811386 ns, Reaching safepoint: 123625 ns, At safepoint: 15660 ns, Total: 139285 ns
[2025-03-20T14:53:21.695+0000][6][safepoint   ] Safepoint "Cleanup", Time since last: 2001627768 ns, Reaching safepoint: 89250 ns, At safepoint: 28665 ns, Total: 117915 ns
[2025-03-20T14:53:22.697+0000][6][safepoint   ] Safepoint "Cleanup", Time since last: 1001132062 ns, Reaching safepoint: 853606 ns, At safepoint: 22352 ns, Total: 875958 ns
[2025-03-20T14:53:24.697+0000][6][safepoint   ] Safepoint "Cleanup", Time since last: 2000611566 ns, Reaching safepoint: 109649 ns, At safepoint: 3917 ns, Total: 113566 ns
[2025-03-20T14:53:25.699+0000][6][safepoint   ] Safepoint "Cleanup", Time since last: 1000409789 ns, Reaching safepoint: 1036053 ns, At safepoint: 5200 ns, Total: 1041253 ns
[2025-03-20T14:53:26.700+0000][6][safepoint   ] Safepoint "Cleanup", Time since last: 1000592035 ns, Reaching safepoint: 177048 ns, At safepoint: 15830 ns, Total: 192878 ns
[2025-03-20T14:53:27.700+0000][6][safepoint   ] Safepoint "Cleanup", Time since last: 1000181360 ns, Reaching safepoint: 110701 ns, At safepoint: 12043 ns, Total: 122744 ns
[2025-03-20T14:53:28.701+0000][6][safepoint   ] Safepoint "Cleanup", Time since last: 1000540035 ns, Reaching safepoint: 113496 ns, At safepoint: 13726 ns, Total: 127222 ns
[2025-03-20T14:53:29.702+0000][6][safepoint   ] Safepoint "Cleanup", Time since last: 1000462077 ns, Reaching safepoint: 1091693 ns, At safepoint: 22964 ns, Total: 1114657 ns
[2025-03-20T14:53:30.704+0000][6][safepoint   ] Safepoint "Cleanup", Time since last: 1000567084 ns, Reaching safepoint: 1207515 ns, At safepoint: 17002 ns, Total: 1224517 ns
[2025-03-20T14:53:31.705+0000][6][safepoint   ] Safepoint "Cleanup", Time since last: 1000416165 ns, Reaching safepoint: 80243 ns, At safepoint: 18255 ns, Total: 98498 ns
[2025-03-20T14:53:32.706+0000][6][safepoint   ] Safepoint "Cleanup", Time since last: 1000341019 ns, Reaching safepoint: 1505544 ns, At safepoint: 15850 ns, Total: 1521394 ns
[2025-03-20T14:53:33.708+0000][6][safepoint   ] Safepoint "Cleanup", Time since last: 1000384230 ns, Reaching safepoint: 1105427 ns, At safepoint: 45787 ns, Total: 1151214 ns
[2025-03-20T14:53:33.717+0000][6][gc,start    ] GC(26) Pause Young (Normal) (G1 Evacuation Pause)
[2025-03-20T14:53:33.717+0000][6][gc,task     ] GC(26) Using 8 workers of 8 for evacuation
[2025-03-20T14:53:33.717+0000][6][gc,age      ] GC(26) Desired survivor size 18874368 bytes, new threshold 15 (max threshold 15)
[2025-03-20T14:53:33.723+0000][6][gc,age      ] GC(26) Age table with threshold 15 (max threshold 15)
[2025-03-20T14:53:33.723+0000][6][gc,age      ] GC(26) - age   1:    1663816 bytes,    1663816 total
[2025-03-20T14:53:33.723+0000][6][gc,age      ] GC(26) - age   2:    1438064 bytes,    3101880 total
[2025-03-20T14:53:33.723+0000][6][gc,age      ] GC(26) - age   3:    1929400 bytes,    5031280 total
[2025-03-20T14:53:33.723+0000][6][gc,age      ] GC(26) - age   4:    1680608 bytes,    6711888 total
[2025-03-20T14:53:33.723+0000][6][gc,age      ] GC(26) - age   5:    1148144 bytes,    7860032 total
[2025-03-20T14:53:33.723+0000][6][gc,age      ] GC(26) - age   6:    3811336 bytes,   11671368 total
[2025-03-20T14:53:33.723+0000][6][gc,age      ] GC(26) - age   7:     868528 bytes,   12539896 total
[2025-03-20T14:53:33.723+0000][6][gc,phases   ] GC(26)   Pre Evacuate Collection Set: 0.1ms
[2025-03-20T14:53:33.723+0000][6][gc,phases   ] GC(26)   Merge Heap Roots: 0.1ms
[2025-03-20T14:53:33.723+0000][6][gc,phases   ] GC(26)   Evacuate Collection Set: 4.5ms
[2025-03-20T14:53:33.723+0000][6][gc,phases   ] GC(26)   Post Evacuate Collection Set: 0.9ms
[2025-03-20T14:53:33.723+0000][6][gc,phases   ] GC(26)   Other: 0.3ms
[2025-03-20T14:53:33.723+0000][6][gc,heap     ] GC(26) Eden regions: 67->0(68)
[2025-03-20T14:53:33.723+0000][6][gc,heap     ] GC(26) Survivor regions: 4->4(9)
[2025-03-20T14:53:33.723+0000][6][gc,heap     ] GC(26) Old regions: 24->24
[2025-03-20T14:53:33.723+0000][6][gc,heap     ] GC(26) Archive regions: 2->2
[2025-03-20T14:53:33.723+0000][6][gc,heap     ] GC(26) Humongous regions: 5->5
[2025-03-20T14:53:33.723+0000][6][gc,metaspace] GC(26) Metaspace: 115772K(117504K)->115772K(117504K) NonClass: 100498K(101440K)->100498K(101440K) Class: 15274K(16064K)->15274K(16064K)
[2025-03-20T14:53:33.723+0000][6][gc          ] GC(26) Pause Young (Normal) (G1 Evacuation Pause) 400M->132M(512M) 5.976ms
[2025-03-20T14:53:33.723+0000][6][gc,cpu      ] GC(26) User=0.03s Sys=0.00s Real=0.01s
[2025-03-20T14:53:33.723+0000][6][safepoint   ] Safepoint "G1CollectForAllocation", Time since last: 8825176 ns, Reaching safepoint: 87938 ns, At safepoint: 6084121 ns, Total: 6172059 ns
[2025-03-20T14:53:34.724+0000][6][safepoint   ] Safepoint "Cleanup", Time since last: 1000850592 ns, Reaching safepoint: 140453 ns, At safepoint: 6883 ns, Total: 147336 ns
[2025-03-20T14:53:36.725+0000][6][safepoint   ] Safepoint "Cleanup", Time since last: 2000778473 ns, Reaching safepoint: 134206 ns, At safepoint: 4678 ns, Total: 138884 ns
[2025-03-20T14:53:39.727+0000][6][safepoint   ] Safepoint "Cleanup", Time since last: 3001069149 ns, Reaching safepoint: 1065528 ns, At safepoint: 21681 ns, Total: 1087209 ns
[2025-03-20T14:53:40.728+0000][6][safepoint   ] Safepoint "Cleanup", Time since last: 1000600552 ns, Reaching safepoint: 115469 ns, At safepoint: 3918 ns, Total: 119387 ns
[2025-03-20T14:53:41.729+0000][6][safepoint   ] Safepoint "Cleanup", Time since last: 1000678772 ns, Reaching safepoint: 192767 ns, At safepoint: 7264 ns, Total: 200031 ns
[2025-03-20T14:53:42.730+0000][6][safepoint   ] Safepoint "Cleanup", Time since last: 1000982887 ns, Reaching safepoint: 152700 ns, At safepoint: 4409 ns, Total: 157109 ns
[2025-03-20T14:53:44.731+0000][6][safepoint   ] Safepoint "Cleanup", Time since last: 2001069920 ns, Reaching safepoint: 139325 ns, At safepoint: 4689 ns, Total: 144014 ns
[2025-03-20T14:53:45.732+0000][6][safepoint   ] Safepoint "Cleanup", Time since last: 1000489070 ns, Reaching safepoint: 106743 ns, At safepoint: 3497 ns, Total: 110240 ns
[2025-03-20T14:53:46.732+0000][6][safepoint   ] Safepoint "Cleanup", Time since last: 1000486882 ns, Reaching safepoint: 165896 ns, At safepoint: 6763 ns, Total: 172659 ns
[2025-03-20T14:53:47.733+0000][6][safepoint   ] Safepoint "Cleanup", Time since last: 1000681547 ns, Reaching safepoint: 55375 ns, At safepoint: 3417 ns, Total: 58792 ns
[2025-03-20T14:53:48.734+0000][6][safepoint   ] Safepoint "Cleanup", Time since last: 1000843552 ns, Reaching safepoint: 564195 ns, At safepoint: 6733 ns, Total: 570928 ns
[2025-03-20T14:53:49.736+0000][6][safepoint   ] Safepoint "Cleanup", Time since last: 1000943765 ns, Reaching safepoint: 671909 ns, At safepoint: 13836 ns, Total: 685745 ns
[2025-03-20T14:53:51.737+0000][6][safepoint   ] Safepoint "Cleanup", Time since last: 2000524903 ns, Reaching safepoint: 96564 ns, At safepoint: 3878 ns, Total: 100442 ns
[2025-03-20T14:53:52.737+0000][6][safepoint   ] Safepoint "Cleanup", Time since last: 1000501945 ns, Reaching safepoint: 82728 ns, At safepoint: 3526 ns, Total: 86254 ns
[2025-03-20T14:53:54.739+0000][6][safepoint   ] Safepoint "Cleanup", Time since last: 2001455235 ns, Reaching safepoint: 168792 ns, At safepoint: 5320 ns, Total: 174112 ns
[2025-03-20T14:53:55.740+0000][6][safepoint   ] Safepoint "Cleanup", Time since last: 1000591353 ns, Reaching safepoint: 98578 ns, At safepoint: 3617 ns, Total: 102195 ns
[2025-03-20T14:53:56.741+0000][6][safepoint   ] Safepoint "Cleanup", Time since last: 1000886455 ns, Reaching safepoint: 97726 ns, At safepoint: 3677 ns, Total: 101403 ns
[2025-03-20T14:53:57.741+0000][6][safepoint   ] Safepoint "Cleanup", Time since last: 1000721030 ns, Reaching safepoint: 93668 ns, At safepoint: 3437 ns, Total: 97105 ns
[2025-03-20T14:53:58.743+0000][6][safepoint   ] Safepoint "Cleanup", Time since last: 1001106482 ns, Reaching safepoint: 111723 ns, At safepoint: 4368 ns, Total: 116091 ns
[2025-03-20T14:53:59.744+0000][6][safepoint   ] Safepoint "Cleanup", Time since last: 1000920280 ns, Reaching safepoint: 127814 ns, At safepoint: 5831 ns, Total: 133645 ns
[2025-03-20T14:54:00.745+0000][6][safepoint   ] Safepoint "Cleanup", Time since last: 1000801836 ns, Reaching safepoint: 111863 ns, At safepoint: 3146 ns, Total: 115009 ns
[2025-03-20T14:54:01.745+0000][6][safepoint   ] Safepoint "Cleanup", Time since last: 1000610718 ns, Reaching safepoint: 108567 ns, At safepoint: 4078 ns, Total: 112645 ns
[2025-03-20T14:54:03.747+0000][6][safepoint   ] Safepoint "Cleanup", Time since last: 2001699727 ns, Reaching safepoint: 126010 ns, At safepoint: 6082 ns, Total: 132092 ns
[2025-03-20T14:54:04.748+0000][6][safepoint   ] Safepoint "Cleanup", Time since last: 1000451952 ns, Reaching safepoint: 123095 ns, At safepoint: 4248 ns, Total: 127343 ns
[2025-03-20T14:54:06.749+0000][6][safepoint   ] Safepoint "Cleanup", Time since last: 2001654133 ns, Reaching safepoint: 144195 ns, At safepoint: 4469 ns, Total: 148664 ns
[2025-03-20T14:54:09.752+0000][6][safepoint   ] Safepoint "Cleanup", Time since last: 3002559976 ns, Reaching safepoint: 101072 ns, At safepoint: 20299 ns, Total: 121371 ns
[2025-03-20T14:54:10.753+0000][6][safepoint   ] Safepoint "Cleanup", Time since last: 1000731579 ns, Reaching safepoint: 144450 ns, At safepoint: 4137 ns, Total: 148587 ns
[2025-03-20T14:54:11.754+0000][6][safepoint   ] Safepoint "Cleanup", Time since last: 1000501918 ns, Reaching safepoint: 83248 ns, At safepoint: 4449 ns, Total: 87697 ns
[2025-03-20T14:54:12.754+0000][6][safepoint   ] Safepoint "Cleanup", Time since last: 1000609040 ns, Reaching safepoint: 109759 ns, At safepoint: 3567 ns, Total: 113326 ns
[2025-03-20T14:54:14.756+0000][6][safepoint   ] Safepoint "Cleanup", Time since last: 2001332872 ns, Reaching safepoint: 398700 ns, At safepoint: 6402 ns, Total: 405102 ns
[2025-03-20T14:54:15.758+0000][6][safepoint   ] Safepoint "Cleanup", Time since last: 1000805269 ns, Reaching safepoint: 626070 ns, At safepoint: 18325 ns, Total: 644395 ns
[2025-03-20T14:54:16.758+0000][6][safepoint   ] Safepoint "Cleanup", Time since last: 1000226358 ns, Reaching safepoint: 181229 ns, At safepoint: 6392 ns, Total: 187621 ns
[2025-03-20T14:54:17.759+0000][6][safepoint   ] Safepoint "Cleanup", Time since last: 1000643471 ns, Reaching safepoint: 128364 ns, At safepoint: 4438 ns, Total: 132802 ns
[2025-03-20T14:54:18.760+0000][6][safepoint   ] Safepoint "Cleanup", Time since last: 1000934547 ns, Reaching safepoint: 161718 ns, At safepoint: 5159 ns, Total: 166877 ns
[2025-03-20T14:54:19.761+0000][6][safepoint   ] Safepoint "Cleanup", Time since last: 1001157584 ns, Reaching safepoint: 116031 ns, At safepoint: 4128 ns, Total: 120159 ns
[2025-03-20T14:54:20.860+0000][6][safepoint   ] Safepoint "Cleanup", Time since last: 1097879776 ns, Reaching safepoint: 755800 ns, At safepoint: 41389 ns, Total: 797189 ns
[2025-03-20T14:54:21.861+0000][6][safepoint   ] Safepoint "Cleanup", Time since last: 1000842581 ns, Reaching safepoint: 184962 ns, At safepoint: 4989 ns, Total: 189951 ns
[2025-03-20T14:54:22.861+0000][6][safepoint   ] Safepoint "Cleanup", Time since last: 1000295035 ns, Reaching safepoint: 94420 ns, At safepoint: 4618 ns, Total: 99038 ns
[2025-03-20T14:54:24.863+0000][6][safepoint   ] Safepoint "Cleanup", Time since last: 2001315752 ns, Reaching safepoint: 158832 ns, At safepoint: 7204 ns, Total: 166036 ns
[2025-03-20T14:54:25.863+0000][6][safepoint   ] Safepoint "Cleanup", Time since last: 1000240803 ns, Reaching safepoint: 142873 ns, At safepoint: 6402 ns, Total: 149275 ns
[2025-03-20T14:54:26.863+0000][6][safepoint   ] Safepoint "Cleanup", Time since last: 1000158257 ns, Reaching safepoint: 91965 ns, At safepoint: 3707 ns, Total: 95672 ns
[2025-03-20T14:54:27.864+0000][6][safepoint   ] Safepoint "Cleanup", Time since last: 1000833915 ns, Reaching safepoint: 93589 ns, At safepoint: 3887 ns, Total: 97476 ns
[2025-03-20T14:54:29.865+0000][6][safepoint   ] Safepoint "Cleanup", Time since last: 2000502609 ns, Reaching safepoint: 94330 ns, At safepoint: 4659 ns, Total: 98989 ns
[2025-03-20T14:54:30.473+0000][6][gc,start    ] GC(27) Pause Young (Normal) (G1 Evacuation Pause)
[2025-03-20T14:54:30.473+0000][6][gc,task     ] GC(27) Using 8 workers of 8 for evacuation
[2025-03-20T14:54:30.473+0000][6][gc,age      ] GC(27) Desired survivor size 18874368 bytes, new threshold 15 (max threshold 15)
[2025-03-20T14:54:30.480+0000][6][gc,age      ] GC(27) Age table with threshold 15 (max threshold 15)
[2025-03-20T14:54:30.480+0000][6][gc,age      ] GC(27) - age   1:    1507520 bytes,    1507520 total
[2025-03-20T14:54:30.480+0000][6][gc,age      ] GC(27) - age   2:     694784 bytes,    2202304 total
[2025-03-20T14:54:30.480+0000][6][gc,age      ] GC(27) - age   3:    1436296 bytes,    3638600 total
[2025-03-20T14:54:30.480+0000][6][gc,age      ] GC(27) - age   4:    1929176 bytes,    5567776 total
[2025-03-20T14:54:30.480+0000][6][gc,age      ] GC(27) - age   5:    1657016 bytes,    7224792 total
[2025-03-20T14:54:30.480+0000][6][gc,age      ] GC(27) - age   6:     983616 bytes,    8208408 total
[2025-03-20T14:54:30.480+0000][6][gc,age      ] GC(27) - age   7:    3811304 bytes,   12019712 total
[2025-03-20T14:54:30.480+0000][6][gc,age      ] GC(27) - age   8:     868432 bytes,   12888144 total
[2025-03-20T14:54:30.480+0000][6][gc,phases   ] GC(27)   Pre Evacuate Collection Set: 0.2ms
[2025-03-20T14:54:30.480+0000][6][gc,phases   ] GC(27)   Merge Heap Roots: 0.1ms
[2025-03-20T14:54:30.480+0000][6][gc,phases   ] GC(27)   Evacuate Collection Set: 5.9ms
[2025-03-20T14:54:30.480+0000][6][gc,phases   ] GC(27)   Post Evacuate Collection Set: 1.3ms
[2025-03-20T14:54:30.480+0000][6][gc,phases   ] GC(27)   Other: 0.3ms
[2025-03-20T14:54:30.481+0000][6][gc,heap     ] GC(27) Eden regions: 68->0(69)
[2025-03-20T14:54:30.481+0000][6][gc,heap     ] GC(27) Survivor regions: 4->4(9)
[2025-03-20T14:54:30.481+0000][6][gc,heap     ] GC(27) Old regions: 24->24
[2025-03-20T14:54:30.481+0000][6][gc,heap     ] GC(27) Archive regions: 2->2
[2025-03-20T14:54:30.481+0000][6][gc,heap     ] GC(27) Humongous regions: 5->5
[2025-03-20T14:54:30.481+0000][6][gc,metaspace] GC(27) Metaspace: 116132K(117952K)->116132K(117952K) NonClass: 100856K(101888K)->100856K(101888K) Class: 15275K(16064K)->15275K(16064K)
[2025-03-20T14:54:30.481+0000][6][gc          ] GC(27) Pause Young (Normal) (G1 Evacuation Pause) 404M->131M(512M) 7.790ms
[2025-03-20T14:54:30.481+0000][6][gc,cpu      ] GC(27) User=0.03s Sys=0.01s Real=0.01s
[2025-03-20T14:54:30.481+0000][6][safepoint   ] Safepoint "G1CollectForAllocation", Time since last: 607716594 ns, Reaching safepoint: 145187 ns, At safepoint: 7893231 ns, Total: 8038418 ns
[2025-03-20T14:54:31.481+0000][6][safepoint   ] Safepoint "Cleanup", Time since last: 1000240549 ns, Reaching safepoint: 114358 ns, At safepoint: 4078 ns, Total: 118436 ns
[2025-03-20T14:54:32.482+0000][6][safepoint   ] Safepoint "Cleanup", Time since last: 1000475865 ns, Reaching safepoint: 181375 ns, At safepoint: 5862 ns, Total: 187237 ns
[2025-03-20T14:54:33.482+0000][6][safepoint   ] Safepoint "Cleanup", Time since last: 1000481860 ns, Reaching safepoint: 98167 ns, At safepoint: 4278 ns, Total: 102445 ns
[2025-03-20T14:54:34.483+0000][6][safepoint   ] Safepoint "Cleanup", Time since last: 1000486725 ns, Reaching safepoint: 122693 ns, At safepoint: 6693 ns, Total: 129386 ns
[2025-03-20T14:54:36.485+0000][6][safepoint   ] Safepoint "Cleanup", Time since last: 2001642384 ns, Reaching safepoint: 99380 ns, At safepoint: 4097 ns, Total: 103477 ns
[2025-03-20T14:54:37.485+0000][6][safepoint   ] Safepoint "Cleanup", Time since last: 1000708675 ns, Reaching safepoint: 144255 ns, At safepoint: 4999 ns, Total: 149254 ns
[2025-03-20T14:54:39.493+0000][6][safepoint   ] Safepoint "Cleanup", Time since last: 2007532149 ns, Reaching safepoint: 82276 ns, At safepoint: 4178 ns, Total: 86454 ns
[2025-03-20T14:54:40.493+0000][6][safepoint   ] Safepoint "Cleanup", Time since last: 1000240430 ns, Reaching safepoint: 93148 ns, At safepoint: 2765 ns, Total: 95913 ns
[2025-03-20T14:54:42.495+0000][6][safepoint   ] Safepoint "Cleanup", Time since last: 2001495821 ns, Reaching safepoint: 86184 ns, At safepoint: 3567 ns, Total: 89751 ns
[2025-03-20T14:54:43.496+0000][6][safepoint   ] Safepoint "Cleanup", Time since last: 1001091433 ns, Reaching safepoint: 90843 ns, At safepoint: 3567 ns, Total: 94410 ns
[2025-03-20T14:54:44.497+0000][6][safepoint   ] Safepoint "Cleanup", Time since last: 1000492238 ns, Reaching safepoint: 121210 ns, At safepoint: 4689 ns, Total: 125899 ns
[2025-03-20T14:54:45.497+0000][6][safepoint   ] Safepoint "Cleanup", Time since last: 1000458379 ns, Reaching safepoint: 101483 ns, At safepoint: 16181 ns, Total: 117664 ns
[2025-03-20T14:54:46.498+0000][6][safepoint   ] Safepoint "Cleanup", Time since last: 1000453558 ns, Reaching safepoint: 99660 ns, At safepoint: 3867 ns, Total: 103527 ns
[2025-03-20T14:54:47.498+0000][6][safepoint   ] Safepoint "Cleanup", Time since last: 1000224027 ns, Reaching safepoint: 147501 ns, At safepoint: 4949 ns, Total: 152450 ns
[2025-03-20T14:54:49.499+0000][6][safepoint   ] Safepoint "Cleanup", Time since last: 2000348388 ns, Reaching safepoint: 95572 ns, At safepoint: 4048 ns, Total: 99620 ns
[2025-03-20T14:54:52.504+0000][6][safepoint   ] Safepoint "Cleanup", Time since last: 3004960486 ns, Reaching safepoint: 192316 ns, At safepoint: 13736 ns, Total: 206052 ns
[2025-03-20T14:54:54.505+0000][6][safepoint   ] Safepoint "Cleanup", Time since last: 2000656994 ns, Reaching safepoint: 92176 ns, At safepoint: 4168 ns, Total: 96344 ns
[2025-03-20T14:54:55.505+0000][6][safepoint   ] Safepoint "Cleanup", Time since last: 1000510740 ns, Reaching safepoint: 123565 ns, At safepoint: 5591 ns, Total: 129156 ns
[2025-03-20T14:54:57.507+0000][6][safepoint   ] Safepoint "Cleanup", Time since last: 2001263713 ns, Reaching safepoint: 75414 ns, At safepoint: 4959 ns, Total: 80373 ns
[2025-03-20T14:54:58.508+0000][6][safepoint   ] Safepoint "Cleanup", Time since last: 1001014887 ns, Reaching safepoint: 668136 ns, At safepoint: 7815 ns, Total: 675951 ns
[2025-03-20T14:54:59.509+0000][6][safepoint   ] Safepoint "Cleanup", Time since last: 1000523873 ns, Reaching safepoint: 98378 ns, At safepoint: 4578 ns, Total: 102956 ns
[2025-03-20T14:55:01.510+0000][6][safepoint   ] Safepoint "Cleanup", Time since last: 2000782171 ns, Reaching safepoint: 148353 ns, At safepoint: 8336 ns, Total: 156689 ns
[2025-03-20T14:55:02.511+0000][6][safepoint   ] Safepoint "Cleanup", Time since last: 1000656590 ns, Reaching safepoint: 160807 ns, At safepoint: 5300 ns, Total: 166107 ns
[2025-03-20T14:55:03.512+0000][6][safepoint   ] Safepoint "Cleanup", Time since last: 1000729567 ns, Reaching safepoint: 128896 ns, At safepoint: 6632 ns, Total: 135528 ns
[2025-03-20T14:55:04.513+0000][6][safepoint   ] Safepoint "Cleanup", Time since last: 1000723364 ns, Reaching safepoint: 311764 ns, At safepoint: 7985 ns, Total: 319749 ns
[2025-03-20T14:55:07.514+0000][6][safepoint   ] Safepoint "Cleanup", Time since last: 3001168227 ns, Reaching safepoint: 129977 ns, At safepoint: 5962 ns, Total: 135939 ns
[2025-03-20T14:55:09.516+0000][6][safepoint   ] Safepoint "Cleanup", Time since last: 2001896005 ns, Reaching safepoint: 81215 ns, At safepoint: 4408 ns, Total: 85623 ns
[2025-03-20T14:55:10.517+0000][6][safepoint   ] Safepoint "Cleanup", Time since last: 1000953853 ns, Reaching safepoint: 105861 ns, At safepoint: 3998 ns, Total: 109859 ns
[2025-03-20T14:55:12.519+0000][6][safepoint   ] Safepoint "Cleanup", Time since last: 2001315768 ns, Reaching safepoint: 206423 ns, At safepoint: 4639 ns, Total: 211062 ns
[2025-03-20T14:55:13.519+0000][6][safepoint   ] Safepoint "Cleanup", Time since last: 1000510372 ns, Reaching safepoint: 85673 ns, At safepoint: 4799 ns, Total: 90472 ns
[2025-03-20T14:55:14.520+0000][6][safepoint   ] Safepoint "Cleanup", Time since last: 1000627953 ns, Reaching safepoint: 84391 ns, At safepoint: 5511 ns, Total: 89902 ns
[2025-03-20T14:55:16.522+0000][6][safepoint   ] Safepoint "Cleanup", Time since last: 2001457590 ns, Reaching safepoint: 373818 ns, At safepoint: 7384 ns, Total: 381202 ns
[2025-03-20T14:55:17.522+0000][6][safepoint   ] Safepoint "Cleanup", Time since last: 1000300399 ns, Reaching safepoint: 257821 ns, At safepoint: 7044 ns, Total: 264865 ns
[2025-03-20T14:55:19.523+0000][6][safepoint   ] Safepoint "Cleanup", Time since last: 2000868298 ns, Reaching safepoint: 114658 ns, At safepoint: 6172 ns, Total: 120830 ns
[2025-03-20T14:55:20.524+0000][6][safepoint   ] Safepoint "Cleanup", Time since last: 1001087507 ns, Reaching safepoint: 104489 ns, At safepoint: 5321 ns, Total: 109810 ns
[2025-03-20T14:55:21.526+0000][6][safepoint   ] Safepoint "Cleanup", Time since last: 1001048387 ns, Reaching safepoint: 177969 ns, At safepoint: 6933 ns, Total: 184902 ns
[2025-03-20T14:55:22.393+0000][6][gc,start    ] GC(28) Pause Young (Normal) (G1 Evacuation Pause)
[2025-03-20T14:55:22.393+0000][6][gc,task     ] GC(28) Using 8 workers of 8 for evacuation
[2025-03-20T14:55:22.393+0000][6][gc,age      ] GC(28) Desired survivor size 20971520 bytes, new threshold 15 (max threshold 15)
[2025-03-20T14:55:22.399+0000][6][gc,age      ] GC(28) Age table with threshold 15 (max threshold 15)
[2025-03-20T14:55:22.399+0000][6][gc,age      ] GC(28) - age   1:    1630608 bytes,    1630608 total
[2025-03-20T14:55:22.399+0000][6][gc,age      ] GC(28) - age   2:     417992 bytes,    2048600 total
[2025-03-20T14:55:22.399+0000][6][gc,age      ] GC(28) - age   3:     593112 bytes,    2641712 total
[2025-03-20T14:55:22.399+0000][6][gc,age      ] GC(28) - age   4:    1436296 bytes,    4078008 total
[2025-03-20T14:55:22.399+0000][6][gc,age      ] GC(28) - age   5:    1928944 bytes,    6006952 total
[2025-03-20T14:55:22.399+0000][6][gc,age      ] GC(28) - age   6:    1656848 bytes,    7663800 total
[2025-03-20T14:55:22.399+0000][6][gc,age      ] GC(28) - age   7:     983328 bytes,    8647128 total
[2025-03-20T14:55:22.399+0000][6][gc,age      ] GC(28) - age   8:    3811304 bytes,   12458432 total
[2025-03-20T14:55:22.399+0000][6][gc,age      ] GC(28) - age   9:     868432 bytes,   13326864 total
[2025-03-20T14:55:22.399+0000][6][gc,phases   ] GC(28)   Pre Evacuate Collection Set: 0.2ms
[2025-03-20T14:55:22.399+0000][6][gc,phases   ] GC(28)   Merge Heap Roots: 0.1ms
[2025-03-20T14:55:22.399+0000][6][gc,phases   ] GC(28)   Evacuate Collection Set: 5.0ms
[2025-03-20T14:55:22.399+0000][6][gc,phases   ] GC(28)   Post Evacuate Collection Set: 0.9ms
[2025-03-20T14:55:22.399+0000][6][gc,phases   ] GC(28)   Other: 0.2ms
[2025-03-20T14:55:22.399+0000][6][gc,heap     ] GC(28) Eden regions: 69->0(69)
[2025-03-20T14:55:22.399+0000][6][gc,heap     ] GC(28) Survivor regions: 4->4(10)
[2025-03-20T14:55:22.399+0000][6][gc,heap     ] GC(28) Old regions: 24->24
[2025-03-20T14:55:22.399+0000][6][gc,heap     ] GC(28) Archive regions: 2->2
[2025-03-20T14:55:22.399+0000][6][gc,heap     ] GC(28) Humongous regions: 5->5
[2025-03-20T14:55:22.399+0000][6][gc,metaspace] GC(28) Metaspace: 116551K(118336K)->116551K(118336K) NonClass: 101275K(102272K)->101275K(102272K) Class: 15276K(16064K)->15276K(16064K)
[2025-03-20T14:55:22.399+0000][6][gc          ] GC(28) Pause Young (Normal) (G1 Evacuation Pause) 407M->132M(512M) 6.357ms
[2025-03-20T14:55:22.399+0000][6][gc,cpu      ] GC(28) User=0.02s Sys=0.00s Real=0.01s
[2025-03-20T14:55:22.399+0000][6][safepoint   ] Safepoint "G1CollectForAllocation", Time since last: 866716991 ns, Reaching safepoint: 129376 ns, At safepoint: 6456233 ns, Total: 6585609 ns
[2025-03-20T14:55:22.580+0000][6][safepoint   ] Safepoint "ICBufferFull", Time since last: 179453197 ns, Reaching safepoint: 1121404 ns, At safepoint: 29967 ns, Total: 1151371 ns
[2025-03-20T14:55:22.676+0000][6][safepoint   ] Safepoint "ICBufferFull", Time since last: 95979843 ns, Reaching safepoint: 817400 ns, At safepoint: 20089 ns, Total: 837489 ns
[2025-03-20T14:55:23.677+0000][6][safepoint   ] Safepoint "Cleanup", Time since last: 1000350552 ns, Reaching safepoint: 117554 ns, At safepoint: 4088 ns, Total: 121642 ns
[2025-03-20T14:55:24.677+0000][6][safepoint   ] Safepoint "Cleanup", Time since last: 1000376474 ns, Reaching safepoint: 227312 ns, At safepoint: 6182 ns, Total: 233494 ns
[2025-03-20T14:55:25.678+0000][6][safepoint   ] Safepoint "Cleanup", Time since last: 1000594418 ns, Reaching safepoint: 121672 ns, At safepoint: 3567 ns, Total: 125239 ns
[2025-03-20T14:55:27.679+0000][6][safepoint   ] Safepoint "Cleanup", Time since last: 2000549787 ns, Reaching safepoint: 130969 ns, At safepoint: 8176 ns, Total: 139145 ns
[2025-03-20T14:55:28.680+0000][6][safepoint   ] Safepoint "Cleanup", Time since last: 1000912701 ns, Reaching safepoint: 154945 ns, At safepoint: 6563 ns, Total: 161508 ns
[2025-03-20T14:55:29.681+0000][6][safepoint   ] Safepoint "Cleanup", Time since last: 1000451969 ns, Reaching safepoint: 143543 ns, At safepoint: 4339 ns, Total: 147882 ns
[2025-03-20T14:55:30.681+0000][6][safepoint   ] Safepoint "Cleanup", Time since last: 1000354885 ns, Reaching safepoint: 104369 ns, At safepoint: 5010 ns, Total: 109379 ns
[2025-03-20T14:55:31.682+0000][6][safepoint   ] Safepoint "Cleanup", Time since last: 1000531565 ns, Reaching safepoint: 85753 ns, At safepoint: 4389 ns, Total: 90142 ns
[2025-03-20T14:55:32.682+0000][6][safepoint   ] Safepoint "Cleanup", Time since last: 1000284056 ns, Reaching safepoint: 101092 ns, At safepoint: 24657 ns, Total: 125749 ns
[2025-03-20T14:55:33.683+0000][6][safepoint   ] Safepoint "Cleanup", Time since last: 1000866047 ns, Reaching safepoint: 110801 ns, At safepoint: 4439 ns, Total: 115240 ns
[2025-03-20T14:55:34.684+0000][6][safepoint   ] Safepoint "Cleanup", Time since last: 1001104484 ns, Reaching safepoint: 173290 ns, At safepoint: 6772 ns, Total: 180062 ns
[2025-03-20T14:55:37.686+0000][6][safepoint   ] Safepoint "Cleanup", Time since last: 3001836438 ns, Reaching safepoint: 107985 ns, At safepoint: 10731 ns, Total: 118716 ns
[2025-03-20T14:55:40.689+0000][6][safepoint   ] Safepoint "Cleanup", Time since last: 3002155898 ns, Reaching safepoint: 133334 ns, At safepoint: 5069 ns, Total: 138403 ns
[2025-03-20T14:55:42.690+0000][6][safepoint   ] Safepoint "Cleanup", Time since last: 2001162085 ns, Reaching safepoint: 88870 ns, At safepoint: 7163 ns, Total: 96033 ns
[2025-03-20T14:55:43.691+0000][6][safepoint   ] Safepoint "Cleanup", Time since last: 1000790537 ns, Reaching safepoint: 185469 ns, At safepoint: 6673 ns, Total: 192142 ns
[2025-03-20T14:55:44.692+0000][6][safepoint   ] Safepoint "Cleanup", Time since last: 1000870407 ns, Reaching safepoint: 125950 ns, At safepoint: 5170 ns, Total: 131120 ns
[2025-03-20T14:55:45.754+0000][6][safepoint   ] Safepoint "Cleanup", Time since last: 1061623557 ns, Reaching safepoint: 86855 ns, At safepoint: 24447 ns, Total: 111302 ns
[2025-03-20T14:55:46.755+0000][6][safepoint   ] Safepoint "Cleanup", Time since last: 1000950145 ns, Reaching safepoint: 195517 ns, At safepoint: 6322 ns, Total: 201839 ns
[2025-03-20T14:55:47.755+0000][6][safepoint   ] Safepoint "Cleanup", Time since last: 1000248254 ns, Reaching safepoint: 118746 ns, At safepoint: 7384 ns, Total: 126130 ns
[2025-03-20T14:55:48.755+0000][6][safepoint   ] Safepoint "Cleanup", Time since last: 1000162009 ns, Reaching safepoint: 113235 ns, At safepoint: 5481 ns, Total: 118716 ns
[2025-03-20T14:55:49.756+0000][6][safepoint   ] Safepoint "Cleanup", Time since last: 1000304628 ns, Reaching safepoint: 101243 ns, At safepoint: 3927 ns, Total: 105170 ns
[2025-03-20T14:55:51.744+0000][6][safepoint   ] Safepoint "Cleanup", Time since last: 1987264570 ns, Reaching safepoint: 715762 ns, At safepoint: 32492 ns, Total: 748254 ns
[2025-03-20T14:55:52.943+0000][6][safepoint   ] Safepoint "Cleanup", Time since last: 1199344948 ns, Reaching safepoint: 226772 ns, At safepoint: 10550 ns, Total: 237322 ns
[2025-03-20T14:55:53.944+0000][6][safepoint   ] Safepoint "Cleanup", Time since last: 1001027844 ns, Reaching safepoint: 104599 ns, At safepoint: 3847 ns, Total: 108446 ns
[2025-03-20T14:55:54.945+0000][6][safepoint   ] Safepoint "Cleanup", Time since last: 1000645286 ns, Reaching safepoint: 179201 ns, At safepoint: 5470 ns, Total: 184671 ns
[2025-03-20T14:55:55.946+0000][6][safepoint   ] Safepoint "Cleanup", Time since last: 1000642157 ns, Reaching safepoint: 163251 ns, At safepoint: 5761 ns, Total: 169012 ns
[2025-03-20T14:55:56.947+0000][6][safepoint   ] Safepoint "Cleanup", Time since last: 1000754483 ns, Reaching safepoint: 146038 ns, At safepoint: 6773 ns, Total: 152811 ns
[2025-03-20T14:55:57.948+0000][6][safepoint   ] Safepoint "Cleanup", Time since last: 1000863523 ns, Reaching safepoint: 116111 ns, At safepoint: 3858 ns, Total: 119969 ns
[2025-03-20T14:55:58.309+0000][6][gc,start    ] GC(29) Pause Young (Normal) (G1 Evacuation Pause)
[2025-03-20T14:55:58.309+0000][6][gc,task     ] GC(29) Using 8 workers of 8 for evacuation
[2025-03-20T14:55:58.309+0000][6][gc,age      ] GC(29) Desired survivor size 20971520 bytes, new threshold 15 (max threshold 15)
[2025-03-20T14:55:58.316+0000][6][gc,age      ] GC(29) Age table with threshold 15 (max threshold 15)
[2025-03-20T14:55:58.316+0000][6][gc,age      ] GC(29) - age   1:    4080608 bytes,    4080608 total
[2025-03-20T14:55:58.316+0000][6][gc,age      ] GC(29) - age   2:      17472 bytes,    4098080 total
[2025-03-20T14:55:58.316+0000][6][gc,age      ] GC(29) - age   3:     157920 bytes,    4256000 total
[2025-03-20T14:55:58.316+0000][6][gc,age      ] GC(29) - age   4:     574336 bytes,    4830336 total
[2025-03-20T14:55:58.316+0000][6][gc,age      ] GC(29) - age   5:      33984 bytes,    4864320 total
[2025-03-20T14:55:58.316+0000][6][gc,age      ] GC(29) - age   6:    1927488 bytes,    6791808 total
[2025-03-20T14:55:58.316+0000][6][gc,age      ] GC(29) - age   7:    1656496 bytes,    8448304 total
[2025-03-20T14:55:58.316+0000][6][gc,age      ] GC(29) - age   8:     964096 bytes,    9412400 total
[2025-03-20T14:55:58.316+0000][6][gc,age      ] GC(29) - age   9:    3777536 bytes,   13189936 total
[2025-03-20T14:55:58.316+0000][6][gc,age      ] GC(29) - age  10:     863504 bytes,   14053440 total
[2025-03-20T14:55:58.316+0000][6][gc,phases   ] GC(29)   Pre Evacuate Collection Set: 0.1ms
[2025-03-20T14:55:58.316+0000][6][gc,phases   ] GC(29)   Merge Heap Roots: 0.1ms
[2025-03-20T14:55:58.316+0000][6][gc,phases   ] GC(29)   Evacuate Collection Set: 5.6ms
[2025-03-20T14:55:58.316+0000][6][gc,phases   ] GC(29)   Post Evacuate Collection Set: 1.1ms
[2025-03-20T14:55:58.316+0000][6][gc,phases   ] GC(29)   Other: 0.2ms
[2025-03-20T14:55:58.316+0000][6][gc,heap     ] GC(29) Eden regions: 69->0(69)
[2025-03-20T14:55:58.316+0000][6][gc,heap     ] GC(29) Survivor regions: 4->4(10)
[2025-03-20T14:55:58.316+0000][6][gc,heap     ] GC(29) Old regions: 24->24
[2025-03-20T14:55:58.316+0000][6][gc,heap     ] GC(29) Archive regions: 2->2
[2025-03-20T14:55:58.316+0000][6][gc,heap     ] GC(29) Humongous regions: 5->5
[2025-03-20T14:55:58.316+0000][6][gc,metaspace] GC(29) Metaspace: 118219K(120064K)->118219K(120064K) NonClass: 102685K(103744K)->102685K(103744K) Class: 15534K(16320K)->15534K(16320K)
[2025-03-20T14:55:58.316+0000][6][gc          ] GC(29) Pause Young (Normal) (G1 Evacuation Pause) 408M->133M(512M) 7.181ms
[2025-03-20T14:55:58.316+0000][6][gc,cpu      ] GC(29) User=0.03s Sys=0.00s Real=0.00s
[2025-03-20T14:55:58.316+0000][6][safepoint   ] Safepoint "G1CollectForAllocation", Time since last: 360933364 ns, Reaching safepoint: 80914 ns, At safepoint: 7267432 ns, Total: 7348346 ns
[2025-03-20T14:55:59.317+0000][6][safepoint   ] Safepoint "Cleanup", Time since last: 1001023106 ns, Reaching safepoint: 95512 ns, At safepoint: 4829 ns, Total: 100341 ns
[2025-03-20T14:56:01.319+0000][6][safepoint   ] Safepoint "Cleanup", Time since last: 2001077340 ns, Reaching safepoint: 164904 ns, At safepoint: 5260 ns, Total: 170164 ns
[2025-03-20T14:56:02.319+0000][6][safepoint   ] Safepoint "Cleanup", Time since last: 1000182596 ns, Reaching safepoint: 86605 ns, At safepoint: 4399 ns, Total: 91004 ns
[2025-03-20T14:56:03.320+0000][6][safepoint   ] Safepoint "Cleanup", Time since last: 1001034658 ns, Reaching safepoint: 157369 ns, At safepoint: 4038 ns, Total: 161407 ns
[2025-03-20T14:56:04.320+0000][6][safepoint   ] Safepoint "Cleanup", Time since last: 1000159480 ns, Reaching safepoint: 155546 ns, At safepoint: 4448 ns, Total: 159994 ns
[2025-03-20T14:56:05.321+0000][6][safepoint   ] Safepoint "Cleanup", Time since last: 1000847952 ns, Reaching safepoint: 121512 ns, At safepoint: 6312 ns, Total: 127824 ns
[2025-03-20T14:56:07.323+0000][6][safepoint   ] Safepoint "Cleanup", Time since last: 2001717889 ns, Reaching safepoint: 128585 ns, At safepoint: 3787 ns, Total: 132372 ns
[2025-03-20T14:56:09.324+0000][6][safepoint   ] Safepoint "Cleanup", Time since last: 2000921554 ns, Reaching safepoint: 109939 ns, At safepoint: 8086 ns, Total: 118025 ns
[2025-03-20T14:56:10.325+0000][6][safepoint   ] Safepoint "Cleanup", Time since last: 1000440768 ns, Reaching safepoint: 144866 ns, At safepoint: 4098 ns, Total: 148964 ns
[2025-03-20T14:56:11.326+0000][6][safepoint   ] Safepoint "Cleanup", Time since last: 1001076867 ns, Reaching safepoint: 138504 ns, At safepoint: 6212 ns, Total: 144716 ns
[2025-03-20T14:56:12.327+0000][6][safepoint   ] Safepoint "Cleanup", Time since last: 1000370862 ns, Reaching safepoint: 106253 ns, At safepoint: 6302 ns, Total: 112555 ns
[2025-03-20T14:56:13.327+0000][6][safepoint   ] Safepoint "Cleanup", Time since last: 1000333983 ns, Reaching safepoint: 125399 ns, At safepoint: 9668 ns, Total: 135067 ns
[2025-03-20T14:56:14.328+0000][6][safepoint   ] Safepoint "Cleanup", Time since last: 1000806743 ns, Reaching safepoint: 123495 ns, At safepoint: 7084 ns, Total: 130579 ns
[2025-03-20T14:56:16.329+0000][6][safepoint   ] Safepoint "Cleanup", Time since last: 2001215774 ns, Reaching safepoint: 244757 ns, At safepoint: 7484 ns, Total: 252241 ns
[2025-03-20T14:56:17.330+0000][6][safepoint   ] Safepoint "Cleanup", Time since last: 1000433642 ns, Reaching safepoint: 262261 ns, At safepoint: 6051 ns, Total: 268312 ns
[2025-03-20T14:56:18.331+0000][6][safepoint   ] Safepoint "Cleanup", Time since last: 1000663562 ns, Reaching safepoint: 166717 ns, At safepoint: 9278 ns, Total: 175995 ns
[2025-03-20T14:56:19.332+0000][6][safepoint   ] Safepoint "Cleanup", Time since last: 1001062238 ns, Reaching safepoint: 184562 ns, At safepoint: 4668 ns, Total: 189230 ns
[2025-03-20T14:56:21.334+0000][6][safepoint   ] Safepoint "Cleanup", Time since last: 2001318057 ns, Reaching safepoint: 121892 ns, At safepoint: 4559 ns, Total: 126451 ns
[2025-03-20T14:56:22.335+0000][6][safepoint   ] Safepoint "Cleanup", Time since last: 1001074437 ns, Reaching safepoint: 113697 ns, At safepoint: 3957 ns, Total: 117654 ns
[2025-03-20T14:56:23.336+0000][6][safepoint   ] Safepoint "Cleanup", Time since last: 1000573280 ns, Reaching safepoint: 137162 ns, At safepoint: 11451 ns, Total: 148613 ns
[2025-03-20T14:56:24.336+0000][6][safepoint   ] Safepoint "Cleanup", Time since last: 1000524214 ns, Reaching safepoint: 88178 ns, At safepoint: 4378 ns, Total: 92556 ns
[2025-03-20T14:56:25.337+0000][6][safepoint   ] Safepoint "Cleanup", Time since last: 1001077500 ns, Reaching safepoint: 105221 ns, At safepoint: 3837 ns, Total: 109058 ns
[2025-03-20T14:56:27.338+0000][6][safepoint   ] Safepoint "Cleanup", Time since last: 2000797774 ns, Reaching safepoint: 149755 ns, At safepoint: 5390 ns, Total: 155145 ns
[2025-03-20T14:56:28.340+0000][6][safepoint   ] Safepoint "Cleanup", Time since last: 1001026071 ns, Reaching safepoint: 171587 ns, At safepoint: 10901 ns, Total: 182488 ns
[2025-03-20T14:56:29.340+0000][6][safepoint   ] Safepoint "Cleanup", Time since last: 1000210948 ns, Reaching safepoint: 81856 ns, At safepoint: 3877 ns, Total: 85733 ns
[2025-03-20T14:56:31.341+0000][6][safepoint   ] Safepoint "Cleanup", Time since last: 2001511517 ns, Reaching safepoint: 75564 ns, At safepoint: 3456 ns, Total: 79020 ns
[2025-03-20T14:56:32.342+0000][6][safepoint   ] Safepoint "Cleanup", Time since last: 1000887314 ns, Reaching safepoint: 62790 ns, At safepoint: 3627 ns, Total: 66417 ns
[2025-03-20T14:56:33.343+0000][6][safepoint   ] Safepoint "Cleanup", Time since last: 1000762847 ns, Reaching safepoint: 72698 ns, At safepoint: 4208 ns, Total: 76906 ns
[2025-03-20T14:56:34.344+0000][6][safepoint   ] Safepoint "Cleanup", Time since last: 1000356216 ns, Reaching safepoint: 108075 ns, At safepoint: 3848 ns, Total: 111923 ns
[2025-03-20T14:56:35.344+0000][6][safepoint   ] Safepoint "Cleanup", Time since last: 1000429419 ns, Reaching safepoint: 65515 ns, At safepoint: 3637 ns, Total: 69152 ns
[2025-03-20T14:56:37.345+0000][6][safepoint   ] Safepoint "Cleanup", Time since last: 2000527355 ns, Reaching safepoint: 111612 ns, At safepoint: 6954 ns, Total: 118566 ns
[2025-03-20T14:56:39.347+0000][6][safepoint   ] Safepoint "Cleanup", Time since last: 2001954935 ns, Reaching safepoint: 224909 ns, At safepoint: 6592 ns, Total: 231501 ns
[2025-03-20T14:56:40.348+0000][6][safepoint   ] Safepoint "Cleanup", Time since last: 1001025861 ns, Reaching safepoint: 125980 ns, At safepoint: 4389 ns, Total: 130369 ns
[2025-03-20T14:56:42.350+0000][6][safepoint   ] Safepoint "Cleanup", Time since last: 2001868573 ns, Reaching safepoint: 80873 ns, At safepoint: 7424 ns, Total: 88297 ns
[2025-03-20T14:56:43.351+0000][6][safepoint   ] Safepoint "Cleanup", Time since last: 1001026707 ns, Reaching safepoint: 163301 ns, At safepoint: 7144 ns, Total: 170445 ns
[2025-03-20T14:56:44.352+0000][6][safepoint   ] Safepoint "Cleanup", Time since last: 1000678824 ns, Reaching safepoint: 94830 ns, At safepoint: 3487 ns, Total: 98317 ns
[2025-03-20T14:56:45.353+0000][6][safepoint   ] Safepoint "Cleanup", Time since last: 1001043921 ns, Reaching safepoint: 86344 ns, At safepoint: 4439 ns, Total: 90783 ns
[2025-03-20T14:56:46.354+0000][6][safepoint   ] Safepoint "Cleanup", Time since last: 1000620714 ns, Reaching safepoint: 118676 ns, At safepoint: 4830 ns, Total: 123506 ns
[2025-03-20T14:56:47.355+0000][6][safepoint   ] Safepoint "Cleanup", Time since last: 1000548873 ns, Reaching safepoint: 89630 ns, At safepoint: 4569 ns, Total: 94199 ns
[2025-03-20T14:56:48.355+0000][6][safepoint   ] Safepoint "Cleanup", Time since last: 1000502173 ns, Reaching safepoint: 83109 ns, At safepoint: 4127 ns, Total: 87236 ns
[2025-03-20T14:56:49.357+0000][6][safepoint   ] Safepoint "Cleanup", Time since last: 1001205294 ns, Reaching safepoint: 152000 ns, At safepoint: 5801 ns, Total: 157801 ns
[2025-03-20T14:56:52.358+0000][6][safepoint   ] Safepoint "Cleanup", Time since last: 3001182961 ns, Reaching safepoint: 144325 ns, At safepoint: 6633 ns, Total: 150958 ns
[2025-03-20T14:56:54.359+0000][6][safepoint   ] Safepoint "Cleanup", Time since last: 2001371845 ns, Reaching safepoint: 121532 ns, At safepoint: 9638 ns, Total: 131170 ns
[2025-03-20T14:56:54.733+0000][6][gc,start    ] GC(30) Pause Young (Normal) (G1 Evacuation Pause)
[2025-03-20T14:56:54.733+0000][6][gc,task     ] GC(30) Using 8 workers of 8 for evacuation
[2025-03-20T14:56:54.733+0000][6][gc,age      ] GC(30) Desired survivor size 20971520 bytes, new threshold 15 (max threshold 15)
[2025-03-20T14:56:54.738+0000][6][gc,age      ] GC(30) Age table with threshold 15 (max threshold 15)
[2025-03-20T14:56:54.738+0000][6][gc,age      ] GC(30) - age   1:    1474296 bytes,    1474296 total
[2025-03-20T14:56:54.739+0000][6][gc,age      ] GC(30) - age   2:    3198248 bytes,    4672544 total
[2025-03-20T14:56:54.739+0000][6][gc,age      ] GC(30) - age   3:      13656 bytes,    4686200 total
[2025-03-20T14:56:54.739+0000][6][gc,age      ] GC(30) - age   4:     156528 bytes,    4842728 total
[2025-03-20T14:56:54.739+0000][6][gc,age      ] GC(30) - age   5:     574208 bytes,    5416936 total
[2025-03-20T14:56:54.739+0000][6][gc,age      ] GC(30) - age   6:      33968 bytes,    5450904 total
[2025-03-20T14:56:54.739+0000][6][gc,age      ] GC(30) - age   7:    1927488 bytes,    7378392 total
[2025-03-20T14:56:54.739+0000][6][gc,age      ] GC(30) - age   8:    1651096 bytes,    9029488 total
[2025-03-20T14:56:54.739+0000][6][gc,age      ] GC(30) - age   9:     959568 bytes,    9989056 total
[2025-03-20T14:56:54.739+0000][6][gc,age      ] GC(30) - age  10:    3774808 bytes,   13763864 total
[2025-03-20T14:56:54.739+0000][6][gc,age      ] GC(30) - age  11:     863504 bytes,   14627368 total
[2025-03-20T14:56:54.739+0000][6][gc,phases   ] GC(30)   Pre Evacuate Collection Set: 0.1ms
[2025-03-20T14:56:54.739+0000][6][gc,phases   ] GC(30)   Merge Heap Roots: 0.1ms
[2025-03-20T14:56:54.739+0000][6][gc,phases   ] GC(30)   Evacuate Collection Set: 4.5ms
[2025-03-20T14:56:54.739+0000][6][gc,phases   ] GC(30)   Post Evacuate Collection Set: 1.0ms
[2025-03-20T14:56:54.739+0000][6][gc,phases   ] GC(30)   Other: 0.3ms
[2025-03-20T14:56:54.739+0000][6][gc,heap     ] GC(30) Eden regions: 69->0(69)
[2025-03-20T14:56:54.739+0000][6][gc,heap     ] GC(30) Survivor regions: 4->4(10)
[2025-03-20T14:56:54.739+0000][6][gc,heap     ] GC(30) Old regions: 24->24
[2025-03-20T14:56:54.739+0000][6][gc,heap     ] GC(30) Archive regions: 2->2
[2025-03-20T14:56:54.739+0000][6][gc,heap     ] GC(30) Humongous regions: 5->5
[2025-03-20T14:56:54.739+0000][6][gc,metaspace] GC(30) Metaspace: 118471K(120256K)->118471K(120256K) NonClass: 102936K(103936K)->102936K(103936K) Class: 15534K(16320K)->15534K(16320K)
[2025-03-20T14:56:54.739+0000][6][gc          ] GC(30) Pause Young (Normal) (G1 Evacuation Pause) 409M->134M(512M) 6.050ms
[2025-03-20T14:56:54.739+0000][6][gc,cpu      ] GC(30) User=0.02s Sys=0.00s Real=0.01s
[2025-03-20T14:56:54.739+0000][6][safepoint   ] Safepoint "G1CollectForAllocation", Time since last: 371987978 ns, Reaching safepoint: 1147727 ns, At safepoint: 6148481 ns, Total: 7296208 ns
[2025-03-20T14:56:55.741+0000][6][safepoint   ] Safepoint "Cleanup", Time since last: 1000759376 ns, Reaching safepoint: 1132246 ns, At safepoint: 10631 ns, Total: 1142877 ns
[2025-03-20T14:56:57.742+0000][6][safepoint   ] Safepoint "Cleanup", Time since last: 2000760338 ns, Reaching safepoint: 1051897 ns, At safepoint: 8796 ns, Total: 1060693 ns
[2025-03-20T14:56:58.743+0000][6][safepoint   ] Safepoint "Cleanup", Time since last: 1000098030 ns, Reaching safepoint: 137710 ns, At safepoint: 6382 ns, Total: 144092 ns
[2025-03-20T14:56:59.744+0000][6][safepoint   ] Safepoint "Cleanup", Time since last: 1000544547 ns, Reaching safepoint: 949008 ns, At safepoint: 9528 ns, Total: 958536 ns
[2025-03-20T14:57:00.746+0000][6][safepoint   ] Safepoint "Cleanup", Time since last: 1000956778 ns, Reaching safepoint: 1134902 ns, At safepoint: 15339 ns, Total: 1150241 ns
[2025-03-20T14:57:02.749+0000][6][safepoint   ] Safepoint "Cleanup", Time since last: 2001799500 ns, Reaching safepoint: 1077824 ns, At safepoint: 17203 ns, Total: 1095027 ns
[2025-03-20T14:57:03.751+0000][6][safepoint   ] Safepoint "Cleanup", Time since last: 1000442830 ns, Reaching safepoint: 1052408 ns, At safepoint: 9057 ns, Total: 1061465 ns
[2025-03-20T14:57:04.752+0000][6][safepoint   ] Safepoint "Cleanup", Time since last: 1000563336 ns, Reaching safepoint: 1126375 ns, At safepoint: 18396 ns, Total: 1144771 ns
[2025-03-20T14:57:06.754+0000][6][safepoint   ] Safepoint "Cleanup", Time since last: 2001390151 ns, Reaching safepoint: 81334 ns, At safepoint: 10020 ns, Total: 91354 ns
[2025-03-20T14:57:07.755+0000][6][safepoint   ] Safepoint "Cleanup", Time since last: 1000691304 ns, Reaching safepoint: 184311 ns, At safepoint: 17464 ns, Total: 201775 ns
[2025-03-20T14:57:09.756+0000][6][safepoint   ] Safepoint "Cleanup", Time since last: 2001380741 ns, Reaching safepoint: 105070 ns, At safepoint: 37181 ns, Total: 142251 ns
[2025-03-20T14:57:10.758+0000][6][safepoint   ] Safepoint "Cleanup", Time since last: 1000550736 ns, Reaching safepoint: 1063936 ns, At safepoint: 5270 ns, Total: 1069206 ns
[2025-03-20T14:57:12.760+0000][6][safepoint   ] Safepoint "Cleanup", Time since last: 2001517846 ns, Reaching safepoint: 180404 ns, At safepoint: 13526 ns, Total: 193930 ns
[2025-03-20T14:57:14.762+0000][6][safepoint   ] Safepoint "Cleanup", Time since last: 2001615359 ns, Reaching safepoint: 268151 ns, At safepoint: 32842 ns, Total: 300993 ns
[2025-03-20T14:57:15.762+0000][6][safepoint   ] Safepoint "Cleanup", Time since last: 1000150545 ns, Reaching safepoint: 87607 ns, At safepoint: 16020 ns, Total: 103627 ns
[2025-03-20T14:57:16.762+0000][6][safepoint   ] Safepoint "Cleanup", Time since last: 1000390605 ns, Reaching safepoint: 151519 ns, At safepoint: 6593 ns, Total: 158112 ns
[2025-03-20T14:57:17.763+0000][6][safepoint   ] Safepoint "Cleanup", Time since last: 1000881451 ns, Reaching safepoint: 80693 ns, At safepoint: 3607 ns, Total: 84300 ns
[2025-03-20T14:57:18.764+0000][6][safepoint   ] Safepoint "Cleanup", Time since last: 1000304617 ns, Reaching safepoint: 93658 ns, At safepoint: 3888 ns, Total: 97546 ns
[2025-03-20T14:57:19.765+0000][6][safepoint   ] Safepoint "Cleanup", Time since last: 1000381404 ns, Reaching safepoint: 1036704 ns, At safepoint: 23135 ns, Total: 1059839 ns
[2025-03-20T14:57:21.767+0000][6][safepoint   ] Safepoint "Cleanup", Time since last: 2001382226 ns, Reaching safepoint: 215130 ns, At safepoint: 17924 ns, Total: 233054 ns
[2025-03-20T14:57:22.768+0000][6][safepoint   ] Safepoint "Cleanup", Time since last: 1000314978 ns, Reaching safepoint: 1060928 ns, At safepoint: 16502 ns, Total: 1077430 ns
[2025-03-20T14:57:24.769+0000][6][safepoint   ] Safepoint "Cleanup", Time since last: 2000541107 ns, Reaching safepoint: 130849 ns, At safepoint: 22523 ns, Total: 153372 ns
[2025-03-20T14:57:25.769+0000][6][safepoint   ] Safepoint "Cleanup", Time since last: 1000184569 ns, Reaching safepoint: 102745 ns, At safepoint: 4399 ns, Total: 107144 ns
[2025-03-20T14:57:27.772+0000][6][safepoint   ] Safepoint "Cleanup", Time since last: 2001718473 ns, Reaching safepoint: 1009995 ns, At safepoint: 40717 ns, Total: 1050712 ns
[2025-03-20T14:57:28.772+0000][6][safepoint   ] Safepoint "Cleanup", Time since last: 1000248041 ns, Reaching safepoint: 112194 ns, At safepoint: 17453 ns, Total: 129647 ns
[2025-03-20T14:57:29.773+0000][6][safepoint   ] Safepoint "Cleanup", Time since last: 1000682054 ns, Reaching safepoint: 149986 ns, At safepoint: 29816 ns, Total: 179802 ns
[2025-03-20T14:57:30.775+0000][6][safepoint   ] Safepoint "Cleanup", Time since last: 1000713789 ns, Reaching safepoint: 1126906 ns, At safepoint: 18726 ns, Total: 1145632 ns
[2025-03-20T14:57:32.777+0000][6][safepoint   ] Safepoint "Cleanup", Time since last: 2001505581 ns, Reaching safepoint: 67769 ns, At safepoint: 3527 ns, Total: 71296 ns
[2025-03-20T14:57:33.778+0000][6][safepoint   ] Safepoint "Cleanup", Time since last: 1000575873 ns, Reaching safepoint: 828809 ns, At safepoint: 26862 ns, Total: 855671 ns
[2025-03-20T14:57:34.780+0000][6][safepoint   ] Safepoint "Cleanup", Time since last: 1000389030 ns, Reaching safepoint: 1028644 ns, At safepoint: 18345 ns, Total: 1046989 ns
[2025-03-20T14:57:36.782+0000][6][safepoint   ] Safepoint "Cleanup", Time since last: 2002087701 ns, Reaching safepoint: 140087 ns, At safepoint: 21972 ns, Total: 162059 ns
[2025-03-20T14:57:39.784+0000][6][safepoint   ] Safepoint "Cleanup", Time since last: 3001520077 ns, Reaching safepoint: 1047812 ns, At safepoint: 26872 ns, Total: 1074684 ns
[2025-03-20T14:57:40.786+0000][6][safepoint   ] Safepoint "Cleanup", Time since last: 1000402217 ns, Reaching safepoint: 1048618 ns, At safepoint: 14738 ns, Total: 1063356 ns
[2025-03-20T14:57:41.787+0000][6][safepoint   ] Safepoint "Cleanup", Time since last: 1000804381 ns, Reaching safepoint: 65044 ns, At safepoint: 11562 ns, Total: 76606 ns
[2025-03-20T14:57:42.787+0000][6][safepoint   ] Safepoint "Cleanup", Time since last: 1000162856 ns, Reaching safepoint: 103858 ns, At safepoint: 4298 ns, Total: 108156 ns
[2025-03-20T14:57:44.787+0000][6][safepoint   ] Safepoint "Cleanup", Time since last: 2000300855 ns, Reaching safepoint: 98498 ns, At safepoint: 4248 ns, Total: 102746 ns
[2025-03-20T14:57:45.788+0000][6][safepoint   ] Safepoint "Cleanup", Time since last: 1000225141 ns, Reaching safepoint: 126591 ns, At safepoint: 12173 ns, Total: 138764 ns
[2025-03-20T14:57:46.789+0000][6][safepoint   ] Safepoint "Cleanup", Time since last: 1001108169 ns, Reaching safepoint: 149675 ns, At safepoint: 19527 ns, Total: 169202 ns
[2025-03-20T14:57:47.789+0000][6][safepoint   ] Safepoint "Cleanup", Time since last: 1000294446 ns, Reaching safepoint: 135338 ns, At safepoint: 4689 ns, Total: 140027 ns
[2025-03-20T14:57:48.790+0000][6][safepoint   ] Safepoint "Cleanup", Time since last: 1000190571 ns, Reaching safepoint: 66937 ns, At safepoint: 3527 ns, Total: 70464 ns
[2025-03-20T14:57:49.791+0000][6][safepoint   ] Safepoint "Cleanup", Time since last: 1000690851 ns, Reaching safepoint: 506103 ns, At safepoint: 13686 ns, Total: 519789 ns
[2025-03-20T14:57:51.780+0000][6][gc,start    ] GC(31) Pause Young (Normal) (G1 Evacuation Pause)
[2025-03-20T14:57:51.780+0000][6][gc,task     ] GC(31) Using 8 workers of 8 for evacuation
[2025-03-20T14:57:51.780+0000][6][gc,age      ] GC(31) Desired survivor size 20971520 bytes, new threshold 15 (max threshold 15)
[2025-03-20T14:57:51.787+0000][6][gc,age      ] GC(31) Age table with threshold 15 (max threshold 15)
[2025-03-20T14:57:51.787+0000][6][gc,age      ] GC(31) - age   1:    1728128 bytes,    1728128 total
[2025-03-20T14:57:51.787+0000][6][gc,age      ] GC(31) - age   2:      62208 bytes,    1790336 total
[2025-03-20T14:57:51.787+0000][6][gc,age      ] GC(31) - age   3:    3196088 bytes,    4986424 total
[2025-03-20T14:57:51.787+0000][6][gc,age      ] GC(31) - age   4:      13528 bytes,    4999952 total
[2025-03-20T14:57:51.787+0000][6][gc,age      ] GC(31) - age   5:     156488 bytes,    5156440 total
[2025-03-20T14:57:51.787+0000][6][gc,age      ] GC(31) - age   6:     574208 bytes,    5730648 total
[2025-03-20T14:57:51.787+0000][6][gc,age      ] GC(31) - age   7:      33936 bytes,    5764584 total
[2025-03-20T14:57:51.787+0000][6][gc,age      ] GC(31) - age   8:    1891616 bytes,    7656200 total
[2025-03-20T14:57:51.787+0000][6][gc,age      ] GC(31) - age   9:    1651096 bytes,    9307296 total
[2025-03-20T14:57:51.787+0000][6][gc,age      ] GC(31) - age  10:     921520 bytes,   10228816 total
[2025-03-20T14:57:51.787+0000][6][gc,age      ] GC(31) - age  11:    3440224 bytes,   13669040 total
[2025-03-20T14:57:51.787+0000][6][gc,age      ] GC(31) - age  12:     829920 bytes,   14498960 total
[2025-03-20T14:57:51.787+0000][6][gc,phases   ] GC(31)   Pre Evacuate Collection Set: 0.1ms
[2025-03-20T14:57:51.787+0000][6][gc,phases   ] GC(31)   Merge Heap Roots: 0.1ms
[2025-03-20T14:57:51.787+0000][6][gc,phases   ] GC(31)   Evacuate Collection Set: 5.2ms
[2025-03-20T14:57:51.787+0000][6][gc,phases   ] GC(31)   Post Evacuate Collection Set: 1.5ms
[2025-03-20T14:57:51.787+0000][6][gc,phases   ] GC(31)   Other: 0.2ms
[2025-03-20T14:57:51.787+0000][6][gc,heap     ] GC(31) Eden regions: 69->0(69)
[2025-03-20T14:57:51.787+0000][6][gc,heap     ] GC(31) Survivor regions: 4->4(10)
[2025-03-20T14:57:51.787+0000][6][gc,heap     ] GC(31) Old regions: 24->24
[2025-03-20T14:57:51.787+0000][6][gc,heap     ] GC(31) Archive regions: 2->2
[2025-03-20T14:57:51.787+0000][6][gc,heap     ] GC(31) Humongous regions: 5->5
[2025-03-20T14:57:51.787+0000][6][gc,metaspace] GC(31) Metaspace: 118760K(120512K)->118760K(120512K) NonClass: 103226K(104192K)->103226K(104192K) Class: 15534K(16320K)->15534K(16320K)
[2025-03-20T14:57:51.787+0000][6][gc          ] GC(31) Pause Young (Normal) (G1 Evacuation Pause) 410M->134M(512M) 7.133ms
[2025-03-20T14:57:51.787+0000][6][gc,cpu      ] GC(31) User=0.03s Sys=0.00s Real=0.01s
[2025-03-20T14:57:51.787+0000][6][safepoint   ] Safepoint "G1CollectForAllocation", Time since last: 1989041947 ns, Reaching safepoint: 89801 ns, At safepoint: 7217706 ns, Total: 7307507 ns
[2025-03-20T14:57:52.788+0000][6][safepoint   ] Safepoint "Cleanup", Time since last: 1000223187 ns, Reaching safepoint: 190934 ns, At safepoint: 7073 ns, Total: 198007 ns
[2025-03-20T14:57:54.789+0000][6][safepoint   ] Safepoint "Cleanup", Time since last: 2001092937 ns, Reaching safepoint: 101263 ns, At safepoint: 6192 ns, Total: 107455 ns
[2025-03-20T14:57:55.789+0000][6][safepoint   ] Safepoint "Cleanup", Time since last: 1000109105 ns, Reaching safepoint: 143053 ns, At safepoint: 6612 ns, Total: 149665 ns
[2025-03-20T14:57:56.790+0000][6][safepoint   ] Safepoint "Cleanup", Time since last: 1000211902 ns, Reaching safepoint: 149314 ns, At safepoint: 6082 ns, Total: 155396 ns
[2025-03-20T14:57:57.790+0000][6][safepoint   ] Safepoint "Cleanup", Time since last: 1000210968 ns, Reaching safepoint: 158261 ns, At safepoint: 3958 ns, Total: 162219 ns
[2025-03-20T14:57:58.790+0000][6][safepoint   ] Safepoint "Cleanup", Time since last: 1000296043 ns, Reaching safepoint: 123515 ns, At safepoint: 6212 ns, Total: 129727 ns
[2025-03-20T14:57:59.791+0000][6][safepoint   ] Safepoint "Cleanup", Time since last: 1000886731 ns, Reaching safepoint: 90863 ns, At safepoint: 4258 ns, Total: 95121 ns
[2025-03-20T14:58:00.792+0000][6][safepoint   ] Safepoint "Cleanup", Time since last: 1000985725 ns, Reaching safepoint: 173912 ns, At safepoint: 5069 ns, Total: 178981 ns
[2025-03-20T14:58:01.794+0000][6][safepoint   ] Safepoint "Cleanup", Time since last: 1001032939 ns, Reaching safepoint: 71206 ns, At safepoint: 3757 ns, Total: 74963 ns
[2025-03-20T14:58:03.795+0000][6][safepoint   ] Safepoint "Cleanup", Time since last: 2000926676 ns, Reaching safepoint: 117083 ns, At safepoint: 5170 ns, Total: 122253 ns
[2025-03-20T14:58:05.609+0000][6][safepoint   ] Safepoint "Cleanup", Time since last: 1813772446 ns, Reaching safepoint: 185543 ns, At safepoint: 9308 ns, Total: 194851 ns
[2025-03-20T14:58:07.610+0000][6][safepoint   ] Safepoint "Cleanup", Time since last: 2000999296 ns, Reaching safepoint: 127733 ns, At safepoint: 6142 ns, Total: 133875 ns
[2025-03-20T14:58:09.610+0000][6][safepoint   ] Safepoint "Cleanup", Time since last: 2000665111 ns, Reaching safepoint: 71757 ns, At safepoint: 3817 ns, Total: 75574 ns
[2025-03-20T14:58:10.611+0000][6][safepoint   ] Safepoint "Cleanup", Time since last: 1000483288 ns, Reaching safepoint: 242071 ns, At safepoint: 7033 ns, Total: 249104 ns
[2025-03-20T14:58:11.612+0000][6][safepoint   ] Safepoint "Cleanup", Time since last: 1000981029 ns, Reaching safepoint: 212555 ns, At safepoint: 14587 ns, Total: 227142 ns
[2025-03-20T14:58:12.613+0000][6][safepoint   ] Safepoint "Cleanup", Time since last: 1000478184 ns, Reaching safepoint: 107064 ns, At safepoint: 4719 ns, Total: 111783 ns
[2025-03-20T14:58:13.614+0000][6][safepoint   ] Safepoint "Cleanup", Time since last: 1000871258 ns, Reaching safepoint: 114809 ns, At safepoint: 4308 ns, Total: 119117 ns
[2025-03-20T14:58:14.614+0000][6][safepoint   ] Safepoint "Cleanup", Time since last: 1000257747 ns, Reaching safepoint: 138164 ns, At safepoint: 5811 ns, Total: 143975 ns
[2025-03-20T14:58:15.615+0000][6][safepoint   ] Safepoint "Cleanup", Time since last: 1000646560 ns, Reaching safepoint: 204136 ns, At safepoint: 7955 ns, Total: 212091 ns
[2025-03-20T14:58:16.616+0000][6][safepoint   ] Safepoint "Cleanup", Time since last: 1000303364 ns, Reaching safepoint: 169102 ns, At safepoint: 7414 ns, Total: 176516 ns
[2025-03-20T14:58:17.617+0000][6][safepoint   ] Safepoint "Cleanup", Time since last: 1000921721 ns, Reaching safepoint: 91935 ns, At safepoint: 6853 ns, Total: 98788 ns
[2025-03-20T14:58:19.618+0000][6][safepoint   ] Safepoint "Cleanup", Time since last: 2000925658 ns, Reaching safepoint: 114337 ns, At safepoint: 4950 ns, Total: 119287 ns
[2025-03-20T14:58:21.619+0000][6][safepoint   ] Safepoint "Cleanup", Time since last: 2000769421 ns, Reaching safepoint: 143804 ns, At safepoint: 5641 ns, Total: 149445 ns
[2025-03-20T14:58:22.620+0000][6][safepoint   ] Safepoint "Cleanup", Time since last: 1000719688 ns, Reaching safepoint: 211703 ns, At safepoint: 7064 ns, Total: 218767 ns
[2025-03-20T14:58:24.622+0000][6][safepoint   ] Safepoint "Cleanup", Time since last: 2001816253 ns, Reaching safepoint: 90602 ns, At safepoint: 3768 ns, Total: 94370 ns
[2025-03-20T14:58:25.622+0000][6][safepoint   ] Safepoint "Cleanup", Time since last: 1000627711 ns, Reaching safepoint: 234627 ns, At safepoint: 7925 ns, Total: 242552 ns
[2025-03-20T14:58:27.624+0000][6][safepoint   ] Safepoint "Cleanup", Time since last: 2001241966 ns, Reaching safepoint: 77157 ns, At safepoint: 4909 ns, Total: 82066 ns
[2025-03-20T14:58:28.624+0000][6][safepoint   ] Safepoint "Cleanup", Time since last: 1000227692 ns, Reaching safepoint: 144906 ns, At safepoint: 6132 ns, Total: 151038 ns
[2025-03-20T14:58:29.625+0000][6][safepoint   ] Safepoint "Cleanup", Time since last: 1000994422 ns, Reaching safepoint: 176546 ns, At safepoint: 4899 ns, Total: 181445 ns
[2025-03-20T14:58:31.627+0000][6][safepoint   ] Safepoint "Cleanup", Time since last: 2001480625 ns, Reaching safepoint: 181686 ns, At safepoint: 5631 ns, Total: 187317 ns
[2025-03-20T14:58:32.628+0000][6][safepoint   ] Safepoint "Cleanup", Time since last: 1000502562 ns, Reaching safepoint: 106663 ns, At safepoint: 4549 ns, Total: 111212 ns
[2025-03-20T14:58:33.628+0000][6][safepoint   ] Safepoint "Cleanup", Time since last: 1000489089 ns, Reaching safepoint: 157671 ns, At safepoint: 5530 ns, Total: 163201 ns
[2025-03-20T14:58:34.629+0000][6][safepoint   ] Safepoint "Cleanup", Time since last: 1000665987 ns, Reaching safepoint: 92686 ns, At safepoint: 3958 ns, Total: 96644 ns
[2025-03-20T14:58:37.631+0000][6][safepoint   ] Safepoint "Cleanup", Time since last: 3002367011 ns, Reaching safepoint: 93939 ns, At safepoint: 3667 ns, Total: 97606 ns
[2025-03-20T14:58:40.633+0000][6][safepoint   ] Safepoint "Cleanup", Time since last: 3000901562 ns, Reaching safepoint: 163141 ns, At safepoint: 5951 ns, Total: 169092 ns
[2025-03-20T14:58:41.634+0000][6][safepoint   ] Safepoint "Cleanup", Time since last: 1000907806 ns, Reaching safepoint: 89420 ns, At safepoint: 5020 ns, Total: 94440 ns
[2025-03-20T14:58:42.635+0000][6][safepoint   ] Safepoint "Cleanup", Time since last: 1001144762 ns, Reaching safepoint: 113105 ns, At safepoint: 5852 ns, Total: 118957 ns
[2025-03-20T14:58:43.635+0000][6][safepoint   ] Safepoint "Cleanup", Time since last: 1000548082 ns, Reaching safepoint: 140147 ns, At safepoint: 5030 ns, Total: 145177 ns
[2025-03-20T14:58:44.636+0000][6][safepoint   ] Safepoint "Cleanup", Time since last: 1000573893 ns, Reaching safepoint: 88128 ns, At safepoint: 3426 ns, Total: 91554 ns
[2025-03-20T14:58:46.637+0000][6][safepoint   ] Safepoint "Cleanup", Time since last: 2000844938 ns, Reaching safepoint: 118686 ns, At safepoint: 6562 ns, Total: 125248 ns
[2025-03-20T14:58:47.638+0000][6][safepoint   ] Safepoint "Cleanup", Time since last: 1000418842 ns, Reaching safepoint: 86034 ns, At safepoint: 3917 ns, Total: 89951 ns
[2025-03-20T14:58:48.778+0000][6][gc,start    ] GC(32) Pause Young (Normal) (G1 Evacuation Pause)
[2025-03-20T14:58:48.778+0000][6][gc,task     ] GC(32) Using 8 workers of 8 for evacuation
[2025-03-20T14:58:48.778+0000][6][gc,age      ] GC(32) Desired survivor size 20971520 bytes, new threshold 15 (max threshold 15)
[2025-03-20T14:58:48.785+0000][6][gc,age      ] GC(32) Age table with threshold 15 (max threshold 15)
[2025-03-20T14:58:48.785+0000][6][gc,age      ] GC(32) - age   1:    1802464 bytes,    1802464 total
[2025-03-20T14:58:48.785+0000][6][gc,age      ] GC(32) - age   2:     283936 bytes,    2086400 total
[2025-03-20T14:58:48.785+0000][6][gc,age      ] GC(32) - age   3:      59464 bytes,    2145864 total
[2025-03-20T14:58:48.785+0000][6][gc,age      ] GC(32) - age   4:    3195664 bytes,    5341528 total
[2025-03-20T14:58:48.785+0000][6][gc,age      ] GC(32) - age   5:      13336 bytes,    5354864 total
[2025-03-20T14:58:48.785+0000][6][gc,age      ] GC(32) - age   6:     156488 bytes,    5511352 total
[2025-03-20T14:58:48.785+0000][6][gc,age      ] GC(32) - age   7:     574208 bytes,    6085560 total
[2025-03-20T14:58:48.785+0000][6][gc,age      ] GC(32) - age   8:      33936 bytes,    6119496 total
[2025-03-20T14:58:48.785+0000][6][gc,age      ] GC(32) - age   9:    1891360 bytes,    8010856 total
[2025-03-20T14:58:48.785+0000][6][gc,age      ] GC(32) - age  10:    1649192 bytes,    9660048 total
[2025-03-20T14:58:48.785+0000][6][gc,age      ] GC(32) - age  11:     921520 bytes,   10581568 total
[2025-03-20T14:58:48.785+0000][6][gc,age      ] GC(32) - age  12:    3439984 bytes,   14021552 total
[2025-03-20T14:58:48.785+0000][6][gc,age      ] GC(32) - age  13:     829920 bytes,   14851472 total
[2025-03-20T14:58:48.785+0000][6][gc,phases   ] GC(32)   Pre Evacuate Collection Set: 0.1ms
[2025-03-20T14:58:48.785+0000][6][gc,phases   ] GC(32)   Merge Heap Roots: 0.1ms
[2025-03-20T14:58:48.785+0000][6][gc,phases   ] GC(32)   Evacuate Collection Set: 5.8ms
[2025-03-20T14:58:48.785+0000][6][gc,phases   ] GC(32)   Post Evacuate Collection Set: 1.1ms
[2025-03-20T14:58:48.785+0000][6][gc,phases   ] GC(32)   Other: 0.2ms
[2025-03-20T14:58:48.785+0000][6][gc,heap     ] GC(32) Eden regions: 69->0(69)
[2025-03-20T14:58:48.785+0000][6][gc,heap     ] GC(32) Survivor regions: 4->4(10)
[2025-03-20T14:58:48.785+0000][6][gc,heap     ] GC(32) Old regions: 24->24
[2025-03-20T14:58:48.785+0000][6][gc,heap     ] GC(32) Archive regions: 2->2
[2025-03-20T14:58:48.785+0000][6][gc,heap     ] GC(32) Humongous regions: 5->5
[2025-03-20T14:58:48.785+0000][6][gc,metaspace] GC(32) Metaspace: 118905K(120704K)->118905K(120704K) NonClass: 103369K(104384K)->103369K(104384K) Class: 15536K(16320K)->15536K(16320K)
[2025-03-20T14:58:48.785+0000][6][gc          ] GC(32) Pause Young (Normal) (G1 Evacuation Pause) 410M->134M(512M) 7.375ms
[2025-03-20T14:58:48.785+0000][6][gc,cpu      ] GC(32) User=0.04s Sys=0.00s Real=0.01s
[2025-03-20T14:58:48.785+0000][6][safepoint   ] Safepoint "G1CollectForAllocation", Time since last: 1140041766 ns, Reaching safepoint: 85302 ns, At safepoint: 7481610 ns, Total: 7566912 ns
[2025-03-20T14:58:49.786+0000][6][safepoint   ] Safepoint "Cleanup", Time since last: 1000140676 ns, Reaching safepoint: 135879 ns, At safepoint: 6161 ns, Total: 142040 ns
[2025-03-20T14:58:50.786+0000][6][safepoint   ] Safepoint "Cleanup", Time since last: 1000533603 ns, Reaching safepoint: 144425 ns, At safepoint: 4619 ns, Total: 149044 ns
[2025-03-20T14:58:51.787+0000][6][safepoint   ] Safepoint "Cleanup", Time since last: 1000188596 ns, Reaching safepoint: 145357 ns, At safepoint: 28103 ns, Total: 173460 ns
[2025-03-20T14:58:52.787+0000][6][safepoint   ] Safepoint "Cleanup", Time since last: 1000161754 ns, Reaching safepoint: 147932 ns, At safepoint: 4589 ns, Total: 152521 ns
[2025-03-20T14:58:54.788+0000][6][safepoint   ] Safepoint "Cleanup", Time since last: 2001275444 ns, Reaching safepoint: 65766 ns, At safepoint: 3476 ns, Total: 69242 ns
[2025-03-20T14:58:55.789+0000][6][safepoint   ] Safepoint "Cleanup", Time since last: 1000870819 ns, Reaching safepoint: 201644 ns, At safepoint: 8176 ns, Total: 209820 ns
[2025-03-20T14:58:57.791+0000][6][safepoint   ] Safepoint "Cleanup", Time since last: 2001462315 ns, Reaching safepoint: 156488 ns, At safepoint: 13956 ns, Total: 170444 ns
[2025-03-20T14:58:58.791+0000][6][safepoint   ] Safepoint "Cleanup", Time since last: 1000247028 ns, Reaching safepoint: 225078 ns, At safepoint: 9328 ns, Total: 234406 ns
[2025-03-20T14:58:59.793+0000][6][safepoint   ] Safepoint "Cleanup", Time since last: 1001080416 ns, Reaching safepoint: 116662 ns, At safepoint: 6553 ns, Total: 123215 ns
[2025-03-20T14:59:00.793+0000][6][safepoint   ] Safepoint "Cleanup", Time since last: 1000555063 ns, Reaching safepoint: 95863 ns, At safepoint: 19016 ns, Total: 114879 ns
[2025-03-20T14:59:02.794+0000][6][safepoint   ] Safepoint "Cleanup", Time since last: 2000657307 ns, Reaching safepoint: 123997 ns, At safepoint: 9478 ns, Total: 133475 ns
[2025-03-20T14:59:03.795+0000][6][safepoint   ] Safepoint "Cleanup", Time since last: 1000422995 ns, Reaching safepoint: 91404 ns, At safepoint: 9899 ns, Total: 101303 ns
[2025-03-20T14:59:04.795+0000][6][safepoint   ] Safepoint "Cleanup", Time since last: 1000436996 ns, Reaching safepoint: 79581 ns, At safepoint: 3717 ns, Total: 83298 ns
[2025-03-20T14:59:06.797+0000][6][safepoint   ] Safepoint "Cleanup", Time since last: 2001864956 ns, Reaching safepoint: 80554 ns, At safepoint: 3536 ns, Total: 84090 ns
[2025-03-20T14:59:07.798+0000][6][safepoint   ] Safepoint "Cleanup", Time since last: 1000631534 ns, Reaching safepoint: 104569 ns, At safepoint: 7494 ns, Total: 112063 ns
[2025-03-20T14:59:09.800+0000][6][safepoint   ] Safepoint "Cleanup", Time since last: 2001938492 ns, Reaching safepoint: 105110 ns, At safepoint: 5771 ns, Total: 110881 ns
[2025-03-20T14:59:10.800+0000][6][safepoint   ] Safepoint "Cleanup", Time since last: 1000119155 ns, Reaching safepoint: 146149 ns, At safepoint: 7133 ns, Total: 153282 ns
[2025-03-20T14:59:12.801+0000][6][safepoint   ] Safepoint "Cleanup", Time since last: 2001203424 ns, Reaching safepoint: 99960 ns, At safepoint: 4409 ns, Total: 104369 ns
[2025-03-20T14:59:14.803+0000][6][safepoint   ] Safepoint "Cleanup", Time since last: 2001334755 ns, Reaching safepoint: 128625 ns, At safepoint: 6042 ns, Total: 134667 ns
[2025-03-20T14:59:15.804+0000][6][safepoint   ] Safepoint "Cleanup", Time since last: 1000693388 ns, Reaching safepoint: 82587 ns, At safepoint: 33284 ns, Total: 115871 ns
[2025-03-20T14:59:16.804+0000][6][safepoint   ] Safepoint "Cleanup", Time since last: 1000605010 ns, Reaching safepoint: 129106 ns, At safepoint: 4007 ns, Total: 133113 ns
[2025-03-20T14:59:17.806+0000][6][safepoint   ] Safepoint "Cleanup", Time since last: 1001036957 ns, Reaching safepoint: 114538 ns, At safepoint: 4298 ns, Total: 118836 ns
[2025-03-20T14:59:18.807+0000][6][safepoint   ] Safepoint "Cleanup", Time since last: 1001134385 ns, Reaching safepoint: 137572 ns, At safepoint: 5000 ns, Total: 142572 ns
[2025-03-20T14:59:19.807+0000][6][safepoint   ] Safepoint "Cleanup", Time since last: 1000428324 ns, Reaching safepoint: 101133 ns, At safepoint: 4618 ns, Total: 105751 ns
[2025-03-20T14:59:21.808+0000][6][safepoint   ] Safepoint "Cleanup", Time since last: 2000810724 ns, Reaching safepoint: 113527 ns, At safepoint: 3987 ns, Total: 117514 ns
[2025-03-20T14:59:22.809+0000][6][safepoint   ] Safepoint "Cleanup", Time since last: 1000301392 ns, Reaching safepoint: 98427 ns, At safepoint: 4979 ns, Total: 103406 ns
[2025-03-20T14:59:24.810+0000][6][safepoint   ] Safepoint "Cleanup", Time since last: 2001461879 ns, Reaching safepoint: 122053 ns, At safepoint: 5670 ns, Total: 127723 ns
[2025-03-20T14:59:25.811+0000][6][safepoint   ] Safepoint "Cleanup", Time since last: 1000409980 ns, Reaching safepoint: 81515 ns, At safepoint: 4869 ns, Total: 86384 ns
[2025-03-20T14:59:27.812+0000][6][safepoint   ] Safepoint "Cleanup", Time since last: 2000295178 ns, Reaching safepoint: 880512 ns, At safepoint: 6723 ns, Total: 887235 ns
[2025-03-20T14:59:28.813+0000][6][safepoint   ] Safepoint "Cleanup", Time since last: 1000637056 ns, Reaching safepoint: 79502 ns, At safepoint: 5049 ns, Total: 84551 ns
[2025-03-20T14:59:29.814+0000][6][safepoint   ] Safepoint "Cleanup", Time since last: 1000961558 ns, Reaching safepoint: 133243 ns, At safepoint: 7465 ns, Total: 140708 ns
[2025-03-20T14:59:30.815+0000][6][safepoint   ] Safepoint "Cleanup", Time since last: 1000861478 ns, Reaching safepoint: 91474 ns, At safepoint: 3436 ns, Total: 94910 ns
[2025-03-20T14:59:31.816+0000][6][safepoint   ] Safepoint "Cleanup", Time since last: 1000385392 ns, Reaching safepoint: 1058176 ns, At safepoint: 27742 ns, Total: 1085918 ns
[2025-03-20T14:59:33.817+0000][6][safepoint   ] Safepoint "Cleanup", Time since last: 2000550736 ns, Reaching safepoint: 143844 ns, At safepoint: 4970 ns, Total: 148814 ns
[2025-03-20T14:59:34.817+0000][6][safepoint   ] Safepoint "Cleanup", Time since last: 1000196200 ns, Reaching safepoint: 116141 ns, At safepoint: 4238 ns, Total: 120379 ns
[2025-03-20T14:59:36.818+0000][6][safepoint   ] Safepoint "Cleanup", Time since last: 2001040024 ns, Reaching safepoint: 66466 ns, At safepoint: 3397 ns, Total: 69863 ns
[2025-03-20T14:59:39.821+0000][6][safepoint   ] Safepoint "Cleanup", Time since last: 3002337903 ns, Reaching safepoint: 192587 ns, At safepoint: 4398 ns, Total: 196985 ns
[2025-03-20T14:59:40.823+0000][6][safepoint   ] Safepoint "Cleanup", Time since last: 1000698857 ns, Reaching safepoint: 1081702 ns, At safepoint: 23465 ns, Total: 1105167 ns
[2025-03-20T14:59:41.817+0000][6][gc,start    ] GC(33) Pause Young (Normal) (G1 Evacuation Pause)
[2025-03-20T14:59:41.817+0000][6][gc,task     ] GC(33) Using 8 workers of 8 for evacuation
[2025-03-20T14:59:41.817+0000][6][gc,age      ] GC(33) Desired survivor size 20971520 bytes, new threshold 15 (max threshold 15)
[2025-03-20T14:59:41.825+0000][6][gc,age      ] GC(33) Age table with threshold 15 (max threshold 15)
[2025-03-20T14:59:41.825+0000][6][gc,age      ] GC(33) - age   1:    1921352 bytes,    1921352 total
[2025-03-20T14:59:41.825+0000][6][gc,age      ] GC(33) - age   2:      10616 bytes,    1931968 total
[2025-03-20T14:59:41.825+0000][6][gc,age      ] GC(33) - age   3:      44312 bytes,    1976280 total
[2025-03-20T14:59:41.825+0000][6][gc,age      ] GC(33) - age   4:      59400 bytes,    2035680 total
[2025-03-20T14:59:41.825+0000][6][gc,age      ] GC(33) - age   5:    3195448 bytes,    5231128 total
[2025-03-20T14:59:41.825+0000][6][gc,age      ] GC(33) - age   6:      13336 bytes,    5244464 total
[2025-03-20T14:59:41.825+0000][6][gc,age      ] GC(33) - age   7:     156488 bytes,    5400952 total
[2025-03-20T14:59:41.825+0000][6][gc,age      ] GC(33) - age   8:     574208 bytes,    5975160 total
[2025-03-20T14:59:41.825+0000][6][gc,age      ] GC(33) - age   9:      33936 bytes,    6009096 total
[2025-03-20T14:59:41.825+0000][6][gc,age      ] GC(33) - age  10:    1857600 bytes,    7866696 total
[2025-03-20T14:59:41.825+0000][6][gc,age      ] GC(33) - age  11:    1649192 bytes,    9515888 total
[2025-03-20T14:59:41.825+0000][6][gc,age      ] GC(33) - age  12:     921248 bytes,   10437136 total
[2025-03-20T14:59:41.825+0000][6][gc,age      ] GC(33) - age  13:    3437320 bytes,   13874456 total
[2025-03-20T14:59:41.825+0000][6][gc,age      ] GC(33) - age  14:     829920 bytes,   14704376 total
[2025-03-20T14:59:41.825+0000][6][gc,phases   ] GC(33)   Pre Evacuate Collection Set: 0.1ms
[2025-03-20T14:59:41.825+0000][6][gc,phases   ] GC(33)   Merge Heap Roots: 0.1ms
[2025-03-20T14:59:41.825+0000][6][gc,phases   ] GC(33)   Evacuate Collection Set: 6.4ms
[2025-03-20T14:59:41.825+0000][6][gc,phases   ] GC(33)   Post Evacuate Collection Set: 1.5ms
[2025-03-20T14:59:41.825+0000][6][gc,phases   ] GC(33)   Other: 0.3ms
[2025-03-20T14:59:41.825+0000][6][gc,heap     ] GC(33) Eden regions: 69->0(69)
[2025-03-20T14:59:41.825+0000][6][gc,heap     ] GC(33) Survivor regions: 4->4(10)
[2025-03-20T14:59:41.825+0000][6][gc,heap     ] GC(33) Old regions: 24->24
[2025-03-20T14:59:41.825+0000][6][gc,heap     ] GC(33) Archive regions: 2->2
[2025-03-20T14:59:41.825+0000][6][gc,heap     ] GC(33) Humongous regions: 5->5
[2025-03-20T14:59:41.825+0000][6][gc,metaspace] GC(33) Metaspace: 119082K(120896K)->119082K(120896K) NonClass: 103544K(104576K)->103544K(104576K) Class: 15538K(16320K)->15538K(16320K)
[2025-03-20T14:59:41.825+0000][6][gc          ] GC(33) Pause Young (Normal) (G1 Evacuation Pause) 410M->134M(512M) 8.390ms
[2025-03-20T14:59:41.825+0000][6][gc,cpu      ] GC(33) User=0.03s Sys=0.00s Real=0.01s
[2025-03-20T14:59:41.825+0000][6][safepoint   ] Safepoint "G1CollectForAllocation", Time since last: 993951017 ns, Reaching safepoint: 105070 ns, At safepoint: 8559333 ns, Total: 8664403 ns
[2025-03-20T14:59:42.826+0000][6][safepoint   ] Safepoint "Cleanup", Time since last: 1000772897 ns, Reaching safepoint: 178630 ns, At safepoint: 6733 ns, Total: 185363 ns
[2025-03-20T14:59:44.827+0000][6][safepoint   ] Safepoint "Cleanup", Time since last: 2000462397 ns, Reaching safepoint: 112264 ns, At safepoint: 4208 ns, Total: 116472 ns
[2025-03-20T14:59:45.827+0000][6][safepoint   ] Safepoint "Cleanup", Time since last: 1000370329 ns, Reaching safepoint: 164042 ns, At safepoint: 4919 ns, Total: 168961 ns
[2025-03-20T14:59:46.828+0000][6][safepoint   ] Safepoint "Cleanup", Time since last: 1000413505 ns, Reaching safepoint: 87065 ns, At safepoint: 3547 ns, Total: 90612 ns
[2025-03-20T14:59:47.829+0000][6][safepoint   ] Safepoint "Cleanup", Time since last: 1000463270 ns, Reaching safepoint: 111723 ns, At safepoint: 3797 ns, Total: 115520 ns
[2025-03-20T14:59:48.830+0000][6][safepoint   ] Safepoint "Cleanup", Time since last: 1001029488 ns, Reaching safepoint: 100842 ns, At safepoint: 7695 ns, Total: 108537 ns
[2025-03-20T14:59:49.830+0000][6][safepoint   ] Safepoint "Cleanup", Time since last: 1000571675 ns, Reaching safepoint: 94941 ns, At safepoint: 3977 ns, Total: 98918 ns
[2025-03-20T14:59:51.832+0000][6][safepoint   ] Safepoint "Cleanup", Time since last: 2001542150 ns, Reaching safepoint: 79711 ns, At safepoint: 4319 ns, Total: 84030 ns
[2025-03-20T14:59:52.833+0000][6][safepoint   ] Safepoint "Cleanup", Time since last: 1001079504 ns, Reaching safepoint: 179854 ns, At safepoint: 8205 ns, Total: 188059 ns
[2025-03-20T14:59:54.835+0000][6][safepoint   ] Safepoint "Cleanup", Time since last: 2001543751 ns, Reaching safepoint: 167009 ns, At safepoint: 6612 ns, Total: 173621 ns
[2025-03-20T14:59:55.836+0000][6][safepoint   ] Safepoint "Cleanup", Time since last: 1000772292 ns, Reaching safepoint: 101914 ns, At safepoint: 4899 ns, Total: 106813 ns
[2025-03-20T14:59:56.836+0000][6][safepoint   ] Safepoint "Cleanup", Time since last: 1000230287 ns, Reaching safepoint: 84030 ns, At safepoint: 4328 ns, Total: 88358 ns
[2025-03-20T14:59:57.837+0000][6][safepoint   ] Safepoint "Cleanup", Time since last: 1000547616 ns, Reaching safepoint: 105972 ns, At safepoint: 4899 ns, Total: 110871 ns
[2025-03-20T14:59:58.837+0000][6][safepoint   ] Safepoint "Cleanup", Time since last: 1000113874 ns, Reaching safepoint: 111552 ns, At safepoint: 8466 ns, Total: 120018 ns
[2025-03-20T14:59:59.838+0000][6][safepoint   ] Safepoint "Cleanup", Time since last: 1000887942 ns, Reaching safepoint: 83238 ns, At safepoint: 3527 ns, Total: 86765 ns
[2025-03-20T15:00:00.840+0000][6][safepoint   ] Safepoint "Cleanup", Time since last: 1000206279 ns, Reaching safepoint: 1787082 ns, At safepoint: 11622 ns, Total: 1798704 ns
[2025-03-20T15:00:01.841+0000][6][safepoint   ] Safepoint "Cleanup", Time since last: 1000648683 ns, Reaching safepoint: 139556 ns, At safepoint: 7364 ns, Total: 146920 ns
[2025-03-20T15:00:03.843+0000][6][safepoint   ] Safepoint "Cleanup", Time since last: 2001670305 ns, Reaching safepoint: 131420 ns, At safepoint: 3948 ns, Total: 135368 ns
[2025-03-20T15:00:04.844+0000][6][safepoint   ] Safepoint "Cleanup", Time since last: 1000791665 ns, Reaching safepoint: 110511 ns, At safepoint: 5270 ns, Total: 115781 ns
[2025-03-20T15:00:05.844+0000][6][safepoint   ] Safepoint "Cleanup", Time since last: 1000607372 ns, Reaching safepoint: 110200 ns, At safepoint: 4168 ns, Total: 114368 ns
[2025-03-20T15:00:06.845+0000][6][safepoint   ] Safepoint "Cleanup", Time since last: 1000581375 ns, Reaching safepoint: 111742 ns, At safepoint: 4930 ns, Total: 116672 ns
[2025-03-20T15:00:09.847+0000][6][safepoint   ] Safepoint "Cleanup", Time since last: 3002305292 ns, Reaching safepoint: 137261 ns, At safepoint: 5461 ns, Total: 142722 ns
[2025-03-20T15:00:10.848+0000][6][safepoint   ] Safepoint "Cleanup", Time since last: 1000810952 ns, Reaching safepoint: 96654 ns, At safepoint: 4568 ns, Total: 101222 ns
[2025-03-20T15:00:11.850+0000][6][safepoint   ] Safepoint "Cleanup", Time since last: 1001272164 ns, Reaching safepoint: 76425 ns, At safepoint: 3898 ns, Total: 80323 ns
[2025-03-20T15:00:12.851+0000][6][safepoint   ] Safepoint "Cleanup", Time since last: 1001075459 ns, Reaching safepoint: 74411 ns, At safepoint: 3848 ns, Total: 78259 ns
[2025-03-20T15:00:14.852+0000][6][safepoint   ] Safepoint "Cleanup", Time since last: 2000757277 ns, Reaching safepoint: 172288 ns, At safepoint: 12544 ns, Total: 184832 ns
[2025-03-20T15:00:15.853+0000][6][safepoint   ] Safepoint "Cleanup", Time since last: 1001006145 ns, Reaching safepoint: 114838 ns, At safepoint: 6002 ns, Total: 120840 ns
[2025-03-20T15:00:16.853+0000][6][safepoint   ] Safepoint "Cleanup", Time since last: 1000429725 ns, Reaching safepoint: 152049 ns, At safepoint: 5060 ns, Total: 157109 ns
[2025-03-20T15:00:17.854+0000][6][safepoint   ] Safepoint "Cleanup", Time since last: 1000190258 ns, Reaching safepoint: 171857 ns, At safepoint: 4108 ns, Total: 175965 ns
[2025-03-20T15:00:18.855+0000][6][safepoint   ] Safepoint "Cleanup", Time since last: 1000603028 ns, Reaching safepoint: 191755 ns, At safepoint: 11051 ns, Total: 202806 ns
[2025-03-20T15:00:19.855+0000][6][safepoint   ] Safepoint "Cleanup", Time since last: 1000568470 ns, Reaching safepoint: 157360 ns, At safepoint: 6963 ns, Total: 164323 ns
[2025-03-20T15:00:20.857+0000][6][safepoint   ] Safepoint "Cleanup", Time since last: 1001262037 ns, Reaching safepoint: 100933 ns, At safepoint: 4128 ns, Total: 105061 ns
[2025-03-20T15:00:21.859+0000][6][safepoint   ] Safepoint "Cleanup", Time since last: 1001009960 ns, Reaching safepoint: 981869 ns, At safepoint: 6051 ns, Total: 987920 ns
[2025-03-20T15:00:22.859+0000][6][safepoint   ] Safepoint "Cleanup", Time since last: 1000544467 ns, Reaching safepoint: 130278 ns, At safepoint: 4609 ns, Total: 134887 ns
[2025-03-20T15:00:24.860+0000][6][safepoint   ] Safepoint "Cleanup", Time since last: 2000756782 ns, Reaching safepoint: 114047 ns, At safepoint: 3577 ns, Total: 117624 ns
[2025-03-20T15:00:25.861+0000][6][safepoint   ] Safepoint "Cleanup", Time since last: 1000584354 ns, Reaching safepoint: 106522 ns, At safepoint: 3507 ns, Total: 110029 ns
[2025-03-20T15:00:26.862+0000][6][safepoint   ] Safepoint "Cleanup", Time since last: 1000432217 ns, Reaching safepoint: 109950 ns, At safepoint: 5911 ns, Total: 115861 ns
[2025-03-20T15:00:27.862+0000][6][safepoint   ] Safepoint "Cleanup", Time since last: 1000238184 ns, Reaching safepoint: 183489 ns, At safepoint: 17043 ns, Total: 200532 ns
[2025-03-20T15:00:27.973+0000][6][gc,start    ] GC(34) Pause Young (Normal) (G1 Evacuation Pause)
[2025-03-20T15:00:27.973+0000][6][gc,task     ] GC(34) Using 8 workers of 8 for evacuation
[2025-03-20T15:00:27.973+0000][6][gc,age      ] GC(34) Desired survivor size 20971520 bytes, new threshold 15 (max threshold 15)
[2025-03-20T15:00:27.980+0000][6][gc,age      ] GC(34) Age table with threshold 15 (max threshold 15)
[2025-03-20T15:00:27.980+0000][6][gc,age      ] GC(34) - age   1:    1322280 bytes,    1322280 total
[2025-03-20T15:00:27.980+0000][6][gc,age      ] GC(34) - age   2:      25264 bytes,    1347544 total
[2025-03-20T15:00:27.980+0000][6][gc,age      ] GC(34) - age   3:       7824 bytes,    1355368 total
[2025-03-20T15:00:27.980+0000][6][gc,age      ] GC(34) - age   4:      43784 bytes,    1399152 total
[2025-03-20T15:00:27.980+0000][6][gc,age      ] GC(34) - age   5:      59128 bytes,    1458280 total
[2025-03-20T15:00:27.980+0000][6][gc,age      ] GC(34) - age   6:    3144608 bytes,    4602888 total
[2025-03-20T15:00:27.980+0000][6][gc,age      ] GC(34) - age   7:      13336 bytes,    4616224 total
[2025-03-20T15:00:27.980+0000][6][gc,age      ] GC(34) - age   8:     156488 bytes,    4772712 total
[2025-03-20T15:00:27.980+0000][6][gc,age      ] GC(34) - age   9:     574208 bytes,    5346920 total
[2025-03-20T15:00:27.980+0000][6][gc,age      ] GC(34) - age  10:      33824 bytes,    5380744 total
[2025-03-20T15:00:27.980+0000][6][gc,age      ] GC(34) - age  11:    1856952 bytes,    7237696 total
[2025-03-20T15:00:27.980+0000][6][gc,age      ] GC(34) - age  12:    1649192 bytes,    8886888 total
[2025-03-20T15:00:27.980+0000][6][gc,age      ] GC(34) - age  13:     906368 bytes,    9793256 total
[2025-03-20T15:00:27.980+0000][6][gc,age      ] GC(34) - age  14:    3422968 bytes,   13216224 total
[2025-03-20T15:00:27.980+0000][6][gc,age      ] GC(34) - age  15:     823720 bytes,   14039944 total
[2025-03-20T15:00:27.980+0000][6][gc,phases   ] GC(34)   Pre Evacuate Collection Set: 0.1ms
[2025-03-20T15:00:27.980+0000][6][gc,phases   ] GC(34)   Merge Heap Roots: 0.1ms
[2025-03-20T15:00:27.980+0000][6][gc,phases   ] GC(34)   Evacuate Collection Set: 5.4ms
[2025-03-20T15:00:27.980+0000][6][gc,phases   ] GC(34)   Post Evacuate Collection Set: 1.5ms
[2025-03-20T15:00:27.980+0000][6][gc,phases   ] GC(34)   Other: 0.2ms
[2025-03-20T15:00:27.980+0000][6][gc,heap     ] GC(34) Eden regions: 69->0(69)
[2025-03-20T15:00:27.980+0000][6][gc,heap     ] GC(34) Survivor regions: 4->4(10)
[2025-03-20T15:00:27.980+0000][6][gc,heap     ] GC(34) Old regions: 24->24
[2025-03-20T15:00:27.980+0000][6][gc,heap     ] GC(34) Archive regions: 2->2
[2025-03-20T15:00:27.980+0000][6][gc,heap     ] GC(34) Humongous regions: 5->5
[2025-03-20T15:00:27.980+0000][6][gc,metaspace] GC(34) Metaspace: 119307K(121088K)->119307K(121088K) NonClass: 103742K(104768K)->103742K(104768K) Class: 15565K(16320K)->15565K(16320K)
[2025-03-20T15:00:27.980+0000][6][gc          ] GC(34) Pause Young (Normal) (G1 Evacuation Pause) 410M->133M(512M) 7.366ms
[2025-03-20T15:00:27.980+0000][6][gc,cpu      ] GC(34) User=0.03s Sys=0.00s Real=0.01s
[2025-03-20T15:00:27.980+0000][6][safepoint   ] Safepoint "G1CollectForAllocation", Time since last: 110521918 ns, Reaching safepoint: 305691 ns, At safepoint: 7466179 ns, Total: 7771870 ns
[2025-03-20T15:00:29.982+0000][6][safepoint   ] Safepoint "Cleanup", Time since last: 2001573642 ns, Reaching safepoint: 114288 ns, At safepoint: 34305 ns, Total: 148593 ns
[2025-03-20T15:00:30.983+0000][6][safepoint   ] Safepoint "Cleanup", Time since last: 1001043252 ns, Reaching safepoint: 123525 ns, At safepoint: 5781 ns, Total: 129306 ns
[2025-03-20T15:00:31.984+0000][6][safepoint   ] Safepoint "Cleanup", Time since last: 1001099790 ns, Reaching safepoint: 175905 ns, At safepoint: 6352 ns, Total: 182257 ns
[2025-03-20T15:00:33.986+0000][6][safepoint   ] Safepoint "Cleanup", Time since last: 2001867163 ns, Reaching safepoint: 135539 ns, At safepoint: 4959 ns, Total: 140498 ns
[2025-03-20T15:00:34.987+0000][6][safepoint   ] Safepoint "Cleanup", Time since last: 1000863627 ns, Reaching safepoint: 123876 ns, At safepoint: 7905 ns, Total: 131781 ns
[2025-03-20T15:00:35.988+0000][6][safepoint   ] Safepoint "Cleanup", Time since last: 1000640281 ns, Reaching safepoint: 85873 ns, At safepoint: 3768 ns, Total: 89641 ns
[2025-03-20T15:00:36.989+0000][6][safepoint   ] Safepoint "Cleanup", Time since last: 1001025680 ns, Reaching safepoint: 112314 ns, At safepoint: 4468 ns, Total: 116782 ns
[2025-03-20T15:00:39.991+0000][6][safepoint   ] Safepoint "Cleanup", Time since last: 3002013904 ns, Reaching safepoint: 149164 ns, At safepoint: 6052 ns, Total: 155216 ns
[2025-03-20T15:00:41.993+0000][6][safepoint   ] Safepoint "Cleanup", Time since last: 2001757322 ns, Reaching safepoint: 121060 ns, At safepoint: 4449 ns, Total: 125509 ns
[2025-03-20T15:00:42.994+0000][6][safepoint   ] Safepoint "Cleanup", Time since last: 1000853105 ns, Reaching safepoint: 121741 ns, At safepoint: 6332 ns, Total: 128073 ns
[2025-03-20T15:00:44.996+0000][6][safepoint   ] Safepoint "Cleanup", Time since last: 2001006139 ns, Reaching safepoint: 306844 ns, At safepoint: 7605 ns, Total: 314449 ns
[2025-03-20T15:00:45.996+0000][6][safepoint   ] Safepoint "Cleanup", Time since last: 1000458099 ns, Reaching safepoint: 83850 ns, At safepoint: 4077 ns, Total: 87927 ns
[2025-03-20T15:00:46.997+0000][6][safepoint   ] Safepoint "Cleanup", Time since last: 1000758934 ns, Reaching safepoint: 94600 ns, At safepoint: 3847 ns, Total: 98447 ns
[2025-03-20T15:00:47.998+0000][6][safepoint   ] Safepoint "Cleanup", Time since last: 1000619757 ns, Reaching safepoint: 98067 ns, At safepoint: 3657 ns, Total: 101724 ns
[2025-03-20T15:00:48.999+0000][6][safepoint   ] Safepoint "Cleanup", Time since last: 1000761265 ns, Reaching safepoint: 73059 ns, At safepoint: 4559 ns, Total: 77618 ns
[2025-03-20T15:00:49.999+0000][6][safepoint   ] Safepoint "Cleanup", Time since last: 1000156244 ns, Reaching safepoint: 203427 ns, At safepoint: 9979 ns, Total: 213406 ns
[2025-03-20T15:00:52.000+0000][6][safepoint   ] Safepoint "Cleanup", Time since last: 2001205832 ns, Reaching safepoint: 155917 ns, At safepoint: 6312 ns, Total: 162229 ns
[2025-03-20T15:00:55.002+0000][6][safepoint   ] Safepoint "Cleanup", Time since last: 3001634600 ns, Reaching safepoint: 173611 ns, At safepoint: 4969 ns, Total: 178580 ns
[2025-03-20T15:00:57.004+0000][6][safepoint   ] Safepoint "Cleanup", Time since last: 2001938694 ns, Reaching safepoint: 155876 ns, At safepoint: 5321 ns, Total: 161197 ns
[2025-03-20T15:00:58.006+0000][6][safepoint   ] Safepoint "Cleanup", Time since last: 1001074232 ns, Reaching safepoint: 140016 ns, At safepoint: 6763 ns, Total: 146779 ns
[2025-03-20T15:01:00.008+0000][6][safepoint   ] Safepoint "Cleanup", Time since last: 2002021042 ns, Reaching safepoint: 115110 ns, At safepoint: 9217 ns, Total: 124327 ns
[2025-03-20T15:01:01.008+0000][6][safepoint   ] Safepoint "Cleanup", Time since last: 1000555863 ns, Reaching safepoint: 86825 ns, At safepoint: 4388 ns, Total: 91213 ns
[2025-03-20T15:01:02.009+0000][6][safepoint   ] Safepoint "Cleanup", Time since last: 1000652910 ns, Reaching safepoint: 148303 ns, At safepoint: 5340 ns, Total: 153643 ns
[2025-03-20T15:01:04.011+0000][6][safepoint   ] Safepoint "Cleanup", Time since last: 2001999035 ns, Reaching safepoint: 133063 ns, At safepoint: 6683 ns, Total: 139746 ns
[2025-03-20T15:01:05.012+0000][6][safepoint   ] Safepoint "Cleanup", Time since last: 1000921542 ns, Reaching safepoint: 121201 ns, At safepoint: 7855 ns, Total: 129056 ns
[2025-03-20T15:01:07.014+0000][6][safepoint   ] Safepoint "Cleanup", Time since last: 2001112869 ns, Reaching safepoint: 124427 ns, At safepoint: 6001 ns, Total: 130428 ns
[2025-03-20T15:01:10.016+0000][6][safepoint   ] Safepoint "Cleanup", Time since last: 3002210996 ns, Reaching safepoint: 117323 ns, At safepoint: 3517 ns, Total: 120840 ns
[2025-03-20T15:01:11.017+0000][6][safepoint   ] Safepoint "Cleanup", Time since last: 1000793849 ns, Reaching safepoint: 81695 ns, At safepoint: 3307 ns, Total: 85002 ns
[2025-03-20T15:01:12.018+0000][6][safepoint   ] Safepoint "Cleanup", Time since last: 1000995063 ns, Reaching safepoint: 91183 ns, At safepoint: 6442 ns, Total: 97625 ns
[2025-03-20T15:01:13.019+0000][6][safepoint   ] Safepoint "Cleanup", Time since last: 1000813034 ns, Reaching safepoint: 156287 ns, At safepoint: 5831 ns, Total: 162118 ns
[2025-03-20T15:01:15.021+0000][6][safepoint   ] Safepoint "Cleanup", Time since last: 2001647756 ns, Reaching safepoint: 171617 ns, At safepoint: 10230 ns, Total: 181847 ns
[2025-03-20T15:01:16.022+0000][6][safepoint   ] Safepoint "Cleanup", Time since last: 1001209927 ns, Reaching safepoint: 109278 ns, At safepoint: 3577 ns, Total: 112855 ns
[2025-03-20T15:01:17.022+0000][6][safepoint   ] Safepoint "Cleanup", Time since last: 1000332601 ns, Reaching safepoint: 113477 ns, At safepoint: 4598 ns, Total: 118075 ns
[2025-03-20T15:01:18.023+0000][6][safepoint   ] Safepoint "Cleanup", Time since last: 1000134423 ns, Reaching safepoint: 88969 ns, At safepoint: 5891 ns, Total: 94860 ns
[2025-03-20T15:01:19.023+0000][6][safepoint   ] Safepoint "Cleanup", Time since last: 1000267580 ns, Reaching safepoint: 112274 ns, At safepoint: 5270 ns, Total: 117544 ns
[2025-03-20T15:01:20.024+0000][6][safepoint   ] Safepoint "Cleanup", Time since last: 1000328342 ns, Reaching safepoint: 134625 ns, At safepoint: 4499 ns, Total: 139124 ns
[2025-03-20T15:01:21.024+0000][6][safepoint   ] Safepoint "Cleanup", Time since last: 1000213414 ns, Reaching safepoint: 367781 ns, At safepoint: 6923 ns, Total: 374704 ns
[2025-03-20T15:01:22.025+0000][6][safepoint   ] Safepoint "Cleanup", Time since last: 1000210737 ns, Reaching safepoint: 172990 ns, At safepoint: 16922 ns, Total: 189912 ns
[2025-03-20T15:01:22.104+0000][6][gc,start    ] GC(35) Pause Young (Normal) (G1 Evacuation Pause)
[2025-03-20T15:01:22.104+0000][6][gc,task     ] GC(35) Using 8 workers of 8 for evacuation
[2025-03-20T15:01:22.104+0000][6][gc,age      ] GC(35) Desired survivor size 20971520 bytes, new threshold 15 (max threshold 15)
[2025-03-20T15:01:22.112+0000][6][gc,age      ] GC(35) Age table with threshold 15 (max threshold 15)
[2025-03-20T15:01:22.112+0000][6][gc,age      ] GC(35) - age   1:    1539480 bytes,    1539480 total
[2025-03-20T15:01:22.112+0000][6][gc,age      ] GC(35) - age   2:     383608 bytes,    1923088 total
[2025-03-20T15:01:22.112+0000][6][gc,age      ] GC(35) - age   3:      14256 bytes,    1937344 total
[2025-03-20T15:01:22.112+0000][6][gc,age      ] GC(35) - age   4:       7456 bytes,    1944800 total
[2025-03-20T15:01:22.112+0000][6][gc,age      ] GC(35) - age   5:      43656 bytes,    1988456 total
[2025-03-20T15:01:22.112+0000][6][gc,age      ] GC(35) - age   6:      26800 bytes,    2015256 total
[2025-03-20T15:01:22.112+0000][6][gc,age      ] GC(35) - age   7:    3016072 bytes,    5031328 total
[2025-03-20T15:01:22.112+0000][6][gc,age      ] GC(35) - age   8:      13336 bytes,    5044664 total
[2025-03-20T15:01:22.112+0000][6][gc,age      ] GC(35) - age   9:     147256 bytes,    5191920 total
[2025-03-20T15:01:22.112+0000][6][gc,age      ] GC(35) - age  10:     209096 bytes,    5401016 total
[2025-03-20T15:01:22.112+0000][6][gc,age      ] GC(35) - age  11:      33824 bytes,    5434840 total
[2025-03-20T15:01:22.112+0000][6][gc,age      ] GC(35) - age  12:    1856952 bytes,    7291792 total
[2025-03-20T15:01:22.112+0000][6][gc,age      ] GC(35) - age  13:    1649192 bytes,    8940984 total
[2025-03-20T15:01:22.112+0000][6][gc,age      ] GC(35) - age  14:     906176 bytes,    9847160 total
[2025-03-20T15:01:22.112+0000][6][gc,age      ] GC(35) - age  15:    3422968 bytes,   13270128 total
[2025-03-20T15:01:22.112+0000][6][gc,phases   ] GC(35)   Pre Evacuate Collection Set: 0.1ms
[2025-03-20T15:01:22.112+0000][6][gc,phases   ] GC(35)   Merge Heap Roots: 0.1ms
[2025-03-20T15:01:22.112+0000][6][gc,phases   ] GC(35)   Evacuate Collection Set: 6.1ms
[2025-03-20T15:01:22.112+0000][6][gc,phases   ] GC(35)   Post Evacuate Collection Set: 1.5ms
[2025-03-20T15:01:22.112+0000][6][gc,phases   ] GC(35)   Other: 0.3ms
[2025-03-20T15:01:22.112+0000][6][gc,heap     ] GC(35) Eden regions: 69->0(69)
[2025-03-20T15:01:22.112+0000][6][gc,heap     ] GC(35) Survivor regions: 4->4(10)
[2025-03-20T15:01:22.112+0000][6][gc,heap     ] GC(35) Old regions: 24->24
[2025-03-20T15:01:22.112+0000][6][gc,heap     ] GC(35) Archive regions: 2->2
[2025-03-20T15:01:22.112+0000][6][gc,heap     ] GC(35) Humongous regions: 5->5
[2025-03-20T15:01:22.112+0000][6][gc,metaspace] GC(35) Metaspace: 119381K(121152K)->119381K(121152K) NonClass: 103816K(104832K)->103816K(104832K) Class: 15565K(16320K)->15565K(16320K)
[2025-03-20T15:01:22.112+0000][6][gc          ] GC(35) Pause Young (Normal) (G1 Evacuation Pause) 409M->133M(512M) 8.031ms
[2025-03-20T15:01:22.112+0000][6][gc,cpu      ] GC(35) User=0.03s Sys=0.00s Real=0.01s
[2025-03-20T15:01:22.112+0000][6][safepoint   ] Safepoint "G1CollectForAllocation", Time since last: 79529454 ns, Reaching safepoint: 83729 ns, At safepoint: 8120576 ns, Total: 8204305 ns
[2025-03-20T15:01:24.978+0000][6][safepoint   ] Safepoint "Cleanup", Time since last: 2864868144 ns, Reaching safepoint: 869267 ns, At safepoint: 41639 ns, Total: 910906 ns
[2025-03-20T15:01:25.979+0000][6][safepoint   ] Safepoint "Cleanup", Time since last: 1000323452 ns, Reaching safepoint: 193759 ns, At safepoint: 20099 ns, Total: 213858 ns
[2025-03-20T15:01:26.979+0000][6][safepoint   ] Safepoint "Cleanup", Time since last: 1000783888 ns, Reaching safepoint: 96674 ns, At safepoint: 3838 ns, Total: 100512 ns
[2025-03-20T15:01:27.980+0000][6][safepoint   ] Safepoint "Cleanup", Time since last: 1000246418 ns, Reaching safepoint: 130338 ns, At safepoint: 3797 ns, Total: 134135 ns
[2025-03-20T15:01:29.981+0000][6][safepoint   ] Safepoint "Cleanup", Time since last: 2001197969 ns, Reaching safepoint: 145988 ns, At safepoint: 5942 ns, Total: 151930 ns
[2025-03-20T15:01:30.982+0000][6][safepoint   ] Safepoint "Cleanup", Time since last: 1000757075 ns, Reaching safepoint: 157851 ns, At safepoint: 14177 ns, Total: 172028 ns
[2025-03-20T15:01:31.983+0000][6][safepoint   ] Safepoint "Cleanup", Time since last: 1000835328 ns, Reaching safepoint: 138695 ns, At safepoint: 5971 ns, Total: 144666 ns
[2025-03-20T15:01:33.985+0000][6][safepoint   ] Safepoint "Cleanup", Time since last: 2001478560 ns, Reaching safepoint: 80574 ns, At safepoint: 3927 ns, Total: 84501 ns
[2025-03-20T15:01:34.986+0000][6][safepoint   ] Safepoint "Cleanup", Time since last: 1000995563 ns, Reaching safepoint: 89039 ns, At safepoint: 4188 ns, Total: 93227 ns
[2025-03-20T15:01:35.986+0000][6][safepoint   ] Safepoint "Cleanup", Time since last: 1000230212 ns, Reaching safepoint: 80272 ns, At safepoint: 3677 ns, Total: 83949 ns
[2025-03-20T15:01:36.986+0000][6][safepoint   ] Safepoint "Cleanup", Time since last: 1000273441 ns, Reaching safepoint: 64132 ns, At safepoint: 4268 ns, Total: 68400 ns
[2025-03-20T15:01:39.989+0000][6][safepoint   ] Safepoint "Cleanup", Time since last: 3002551188 ns, Reaching safepoint: 147813 ns, At safepoint: 8066 ns, Total: 155879 ns
[2025-03-20T15:01:41.991+0000][6][safepoint   ] Safepoint "Cleanup", Time since last: 2001645011 ns, Reaching safepoint: 94720 ns, At safepoint: 4068 ns, Total: 98788 ns
[2025-03-20T15:01:42.991+0000][6][safepoint   ] Safepoint "Cleanup", Time since last: 1000239258 ns, Reaching safepoint: 196775 ns, At safepoint: 6292 ns, Total: 203067 ns
[2025-03-20T15:01:44.994+0000][6][safepoint   ] Safepoint "Cleanup", Time since last: 2002146613 ns, Reaching safepoint: 152601 ns, At safepoint: 4749 ns, Total: 157350 ns
[2025-03-20T15:01:46.946+0000][6][safepoint   ] Safepoint "Cleanup", Time since last: 1952461281 ns, Reaching safepoint: 125860 ns, At safepoint: 4208 ns, Total: 130068 ns
[2025-03-20T15:01:47.947+0000][6][safepoint   ] Safepoint "Cleanup", Time since last: 1000563690 ns, Reaching safepoint: 110440 ns, At safepoint: 3998 ns, Total: 114438 ns
[2025-03-20T15:01:48.947+0000][6][safepoint   ] Safepoint "Cleanup", Time since last: 1000095214 ns, Reaching safepoint: 127743 ns, At safepoint: 4518 ns, Total: 132261 ns
[2025-03-20T15:01:49.948+0000][6][safepoint   ] Safepoint "Cleanup", Time since last: 1001003090 ns, Reaching safepoint: 157119 ns, At safepoint: 5040 ns, Total: 162159 ns
[2025-03-20T15:01:50.949+0000][6][safepoint   ] Safepoint "Cleanup", Time since last: 1000710149 ns, Reaching safepoint: 152972 ns, At safepoint: 5029 ns, Total: 158001 ns
[2025-03-20T15:01:52.814+0000][6][safepoint   ] Safepoint "Cleanup", Time since last: 1865067547 ns, Reaching safepoint: 163771 ns, At safepoint: 6913 ns, Total: 170684 ns
[2025-03-20T15:01:54.816+0000][6][safepoint   ] Safepoint "Cleanup", Time since last: 2001923367 ns, Reaching safepoint: 168852 ns, At safepoint: 25799 ns, Total: 194651 ns
[2025-03-20T15:01:55.817+0000][6][safepoint   ] Safepoint "Cleanup", Time since last: 1000427882 ns, Reaching safepoint: 103587 ns, At safepoint: 3758 ns, Total: 107345 ns
[2025-03-20T15:01:57.819+0000][6][safepoint   ] Safepoint "Cleanup", Time since last: 2001531007 ns, Reaching safepoint: 164833 ns, At safepoint: 16602 ns, Total: 181435 ns
[2025-03-20T15:01:58.820+0000][6][safepoint   ] Safepoint "Cleanup", Time since last: 1000678372 ns, Reaching safepoint: 105381 ns, At safepoint: 5891 ns, Total: 111272 ns
[2025-03-20T15:01:59.820+0000][6][safepoint   ] Safepoint "Cleanup", Time since last: 1000726649 ns, Reaching safepoint: 116081 ns, At safepoint: 4138 ns, Total: 120219 ns
[2025-03-20T15:02:00.822+0000][6][safepoint   ] Safepoint "Cleanup", Time since last: 1001031281 ns, Reaching safepoint: 1081980 ns, At safepoint: 7755 ns, Total: 1089735 ns
[2025-03-20T15:02:02.824+0000][6][safepoint   ] Safepoint "Cleanup", Time since last: 2001041023 ns, Reaching safepoint: 134550 ns, At safepoint: 11422 ns, Total: 145972 ns
[2025-03-20T15:02:03.825+0000][6][safepoint   ] Safepoint "Cleanup", Time since last: 1000936093 ns, Reaching safepoint: 154344 ns, At safepoint: 20819 ns, Total: 175163 ns
[2025-03-20T15:02:04.825+0000][6][safepoint   ] Safepoint "Cleanup", Time since last: 1000557769 ns, Reaching safepoint: 113666 ns, At safepoint: 4188 ns, Total: 117854 ns
[2025-03-20T15:02:06.827+0000][6][safepoint   ] Safepoint "Cleanup", Time since last: 2001452130 ns, Reaching safepoint: 206170 ns, At safepoint: 7554 ns, Total: 213724 ns
[2025-03-20T15:02:07.828+0000][6][safepoint   ] Safepoint "Cleanup", Time since last: 1000828018 ns, Reaching safepoint: 192778 ns, At safepoint: 6241 ns, Total: 199019 ns
[2025-03-20T15:02:09.830+0000][6][safepoint   ] Safepoint "Cleanup", Time since last: 2001784694 ns, Reaching safepoint: 127223 ns, At safepoint: 4107 ns, Total: 131330 ns
[2025-03-20T15:02:10.830+0000][6][safepoint   ] Safepoint "Cleanup", Time since last: 1000185891 ns, Reaching safepoint: 75524 ns, At safepoint: 5951 ns, Total: 81475 ns
[2025-03-20T15:02:12.831+0000][6][safepoint   ] Safepoint "Cleanup", Time since last: 2000991833 ns, Reaching safepoint: 173811 ns, At safepoint: 4699 ns, Total: 178510 ns
[2025-03-20T15:02:14.833+0000][6][safepoint   ] Safepoint "Cleanup", Time since last: 2001365885 ns, Reaching safepoint: 150978 ns, At safepoint: 4959 ns, Total: 155937 ns
[2025-03-20T15:02:15.834+0000][6][safepoint   ] Safepoint "Cleanup", Time since last: 1000837813 ns, Reaching safepoint: 82838 ns, At safepoint: 3997 ns, Total: 86835 ns
[2025-03-20T15:02:16.835+0000][6][safepoint   ] Safepoint "Cleanup", Time since last: 1000455914 ns, Reaching safepoint: 248613 ns, At safepoint: 7465 ns, Total: 256078 ns
[2025-03-20T15:02:17.836+0000][6][safepoint   ] Safepoint "Cleanup", Time since last: 1000846582 ns, Reaching safepoint: 126281 ns, At safepoint: 6733 ns, Total: 133014 ns
[2025-03-20T15:02:18.837+0000][6][safepoint   ] Safepoint "Cleanup", Time since last: 1000796541 ns, Reaching safepoint: 84191 ns, At safepoint: 4218 ns, Total: 88409 ns
[2025-03-20T15:02:19.837+0000][6][safepoint   ] Safepoint "Cleanup", Time since last: 1000147896 ns, Reaching safepoint: 90702 ns, At safepoint: 4319 ns, Total: 95021 ns
[2025-03-20T15:02:21.819+0000][6][gc,start    ] GC(36) Pause Young (Normal) (G1 Evacuation Pause)
[2025-03-20T15:02:21.819+0000][6][gc,task     ] GC(36) Using 8 workers of 8 for evacuation
[2025-03-20T15:02:21.820+0000][6][gc,age      ] GC(36) Desired survivor size 20971520 bytes, new threshold 15 (max threshold 15)
[2025-03-20T15:02:21.829+0000][6][gc,age      ] GC(36) Age table with threshold 15 (max threshold 15)
[2025-03-20T15:02:21.829+0000][6][gc,age      ] GC(36) - age   1:    1446920 bytes,    1446920 total
[2025-03-20T15:02:21.829+0000][6][gc,age      ] GC(36) - age   2:     269728 bytes,    1716648 total
[2025-03-20T15:02:21.829+0000][6][gc,age      ] GC(36) - age   3:     155944 bytes,    1872592 total
[2025-03-20T15:02:21.829+0000][6][gc,age      ] GC(36) - age   4:      14128 bytes,    1886720 total
[2025-03-20T15:02:21.829+0000][6][gc,age      ] GC(36) - age   5:       7456 bytes,    1894176 total
[2025-03-20T15:02:21.829+0000][6][gc,age      ] GC(36) - age   6:      43096 bytes,    1937272 total
[2025-03-20T15:02:21.829+0000][6][gc,age      ] GC(36) - age   7:      26704 bytes,    1963976 total
[2025-03-20T15:02:21.829+0000][6][gc,age      ] GC(36) - age   8:    3004640 bytes,    4968616 total
[2025-03-20T15:02:21.829+0000][6][gc,age      ] GC(36) - age   9:      13336 bytes,    4981952 total
[2025-03-20T15:02:21.829+0000][6][gc,age      ] GC(36) - age  10:      30392 bytes,    5012344 total
[2025-03-20T15:02:21.829+0000][6][gc,age      ] GC(36) - age  11:     208936 bytes,    5221280 total
[2025-03-20T15:02:21.829+0000][6][gc,age      ] GC(36) - age  12:      33824 bytes,    5255104 total
[2025-03-20T15:02:21.829+0000][6][gc,age      ] GC(36) - age  13:    1856952 bytes,    7112056 total
[2025-03-20T15:02:21.829+0000][6][gc,age      ] GC(36) - age  14:    1649192 bytes,    8761248 total
[2025-03-20T15:02:21.829+0000][6][gc,age      ] GC(36) - age  15:     905760 bytes,    9667008 total
[2025-03-20T15:02:21.829+0000][6][gc,phases   ] GC(36)   Pre Evacuate Collection Set: 0.1ms
[2025-03-20T15:02:21.829+0000][6][gc,phases   ] GC(36)   Merge Heap Roots: 0.1ms
[2025-03-20T15:02:21.829+0000][6][gc,phases   ] GC(36)   Evacuate Collection Set: 7.2ms
[2025-03-20T15:02:21.829+0000][6][gc,phases   ] GC(36)   Post Evacuate Collection Set: 1.8ms
[2025-03-20T15:02:21.829+0000][6][gc,phases   ] GC(36)   Other: 0.3ms
[2025-03-20T15:02:21.829+0000][6][gc,heap     ] GC(36) Eden regions: 69->0(70)
[2025-03-20T15:02:21.829+0000][6][gc,heap     ] GC(36) Survivor regions: 4->3(10)
[2025-03-20T15:02:21.829+0000][6][gc,heap     ] GC(36) Old regions: 24->25
[2025-03-20T15:02:21.829+0000][6][gc,heap     ] GC(36) Archive regions: 2->2
[2025-03-20T15:02:21.829+0000][6][gc,heap     ] GC(36) Humongous regions: 5->5
[2025-03-20T15:02:21.829+0000][6][gc,metaspace] GC(36) Metaspace: 119442K(121280K)->119442K(121280K) NonClass: 103876K(104896K)->103876K(104896K) Class: 15565K(16384K)->15565K(16384K)
[2025-03-20T15:02:21.829+0000][6][gc          ] GC(36) Pause Young (Normal) (G1 Evacuation Pause) 409M->133M(512M) 9.633ms
[2025-03-20T15:02:21.829+0000][6][gc,cpu      ] GC(36) User=0.04s Sys=0.00s Real=0.01s
[2025-03-20T15:02:21.829+0000][6][safepoint   ] Safepoint "G1CollectForAllocation", Time since last: 1982544869 ns, Reaching safepoint: 89641 ns, At safepoint: 9766313 ns, Total: 9855954 ns
[2025-03-20T15:02:22.831+0000][6][safepoint   ] Safepoint "Cleanup", Time since last: 1000809139 ns, Reaching safepoint: 1092827 ns, At safepoint: 38494 ns, Total: 1131321 ns
[2025-03-20T15:02:23.833+0000][6][safepoint   ] Safepoint "Cleanup", Time since last: 1000488860 ns, Reaching safepoint: 1195588 ns, At safepoint: 12664 ns, Total: 1208252 ns
[2025-03-20T15:02:24.834+0000][6][safepoint   ] Safepoint "Cleanup", Time since last: 1001054165 ns, Reaching safepoint: 162529 ns, At safepoint: 27813 ns, Total: 190342 ns
[2025-03-20T15:02:25.835+0000][6][safepoint   ] Safepoint "Cleanup", Time since last: 1000378318 ns, Reaching safepoint: 213366 ns, At safepoint: 25299 ns, Total: 238665 ns
[2025-03-20T15:02:27.836+0000][6][safepoint   ] Safepoint "Cleanup", Time since last: 2000540229 ns, Reaching safepoint: 389746 ns, At safepoint: 53301 ns, Total: 443047 ns
[2025-03-20T15:02:28.838+0000][6][safepoint   ] Safepoint "Cleanup", Time since last: 1000947628 ns, Reaching safepoint: 1109866 ns, At safepoint: 17212 ns, Total: 1127078 ns
[2025-03-20T15:02:29.840+0000][6][safepoint   ] Safepoint "Cleanup", Time since last: 1001160292 ns, Reaching safepoint: 858365 ns, At safepoint: 34265 ns, Total: 892630 ns
[2025-03-20T15:02:30.840+0000][6][safepoint   ] Safepoint "Cleanup", Time since last: 1000584743 ns, Reaching safepoint: 131711 ns, At safepoint: 14638 ns, Total: 146349 ns
[2025-03-20T15:02:32.842+0000][6][safepoint   ] Safepoint "Cleanup", Time since last: 2001132000 ns, Reaching safepoint: 115480 ns, At safepoint: 7875 ns, Total: 123355 ns
[2025-03-20T15:02:33.842+0000][6][safepoint   ] Safepoint "Cleanup", Time since last: 1000251407 ns, Reaching safepoint: 101423 ns, At safepoint: 5430 ns, Total: 106853 ns
[2025-03-20T15:02:34.843+0000][6][safepoint   ] Safepoint "Cleanup", Time since last: 1000240514 ns, Reaching safepoint: 143082 ns, At safepoint: 4569 ns, Total: 147651 ns
[2025-03-20T15:02:36.844+0000][6][safepoint   ] Safepoint "Cleanup", Time since last: 2001200771 ns, Reaching safepoint: 148823 ns, At safepoint: 4709 ns, Total: 153532 ns
[2025-03-20T15:02:37.844+0000][6][safepoint   ] Safepoint "Cleanup", Time since last: 1000228700 ns, Reaching safepoint: 98928 ns, At safepoint: 5220 ns, Total: 104148 ns
[2025-03-20T15:02:39.846+0000][6][safepoint   ] Safepoint "Cleanup", Time since last: 2001583754 ns, Reaching safepoint: 227574 ns, At safepoint: 6883 ns, Total: 234457 ns
[2025-03-20T15:02:40.847+0000][6][safepoint   ] Safepoint "Cleanup", Time since last: 1000476788 ns, Reaching safepoint: 80464 ns, At safepoint: 4268 ns, Total: 84732 ns
[2025-03-20T15:02:42.848+0000][6][safepoint   ] Safepoint "Cleanup", Time since last: 2001203370 ns, Reaching safepoint: 171176 ns, At safepoint: 34807 ns, Total: 205983 ns
[2025-03-20T15:02:44.851+0000][6][safepoint   ] Safepoint "Cleanup", Time since last: 2001678870 ns, Reaching safepoint: 1143506 ns, At safepoint: 6954 ns, Total: 1150460 ns
[2025-03-20T15:02:45.851+0000][6][safepoint   ] Safepoint "Cleanup", Time since last: 1000353253 ns, Reaching safepoint: 173079 ns, At safepoint: 22814 ns, Total: 195893 ns
[2025-03-20T15:02:46.852+0000][6][safepoint   ] Safepoint "Cleanup", Time since last: 1000916370 ns, Reaching safepoint: 196855 ns, At safepoint: 24016 ns, Total: 220871 ns
[2025-03-20T15:02:47.854+0000][6][safepoint   ] Safepoint "Cleanup", Time since last: 1000712101 ns, Reaching safepoint: 1125386 ns, At safepoint: 23594 ns, Total: 1148980 ns
[2025-03-20T15:02:48.856+0000][6][safepoint   ] Safepoint "Cleanup", Time since last: 1000950242 ns, Reaching safepoint: 1116688 ns, At safepoint: 20560 ns, Total: 1137248 ns
[2025-03-20T15:02:49.858+0000][6][safepoint   ] Safepoint "Cleanup", Time since last: 1000844482 ns, Reaching safepoint: 1069068 ns, At safepoint: 8807 ns, Total: 1077875 ns
[2025-03-20T15:02:50.859+0000][6][safepoint   ] Safepoint "Cleanup", Time since last: 1000377665 ns, Reaching safepoint: 112995 ns, At safepoint: 4699 ns, Total: 117694 ns
[2025-03-20T15:02:51.860+0000][6][safepoint   ] Safepoint "Cleanup", Time since last: 1000703456 ns, Reaching safepoint: 144755 ns, At safepoint: 7314 ns, Total: 152069 ns
[2025-03-20T15:02:52.860+0000][6][safepoint   ] Safepoint "Cleanup", Time since last: 1000538665 ns, Reaching safepoint: 88969 ns, At safepoint: 4329 ns, Total: 93298 ns
[2025-03-20T15:02:54.861+0000][6][safepoint   ] Safepoint "Cleanup", Time since last: 2000846483 ns, Reaching safepoint: 112134 ns, At safepoint: 4769 ns, Total: 116903 ns
[2025-03-20T15:02:55.862+0000][6][safepoint   ] Safepoint "Cleanup", Time since last: 1000251497 ns, Reaching safepoint: 86605 ns, At safepoint: 4158 ns, Total: 90763 ns
[2025-03-20T15:02:57.863+0000][6][safepoint   ] Safepoint "Cleanup", Time since last: 2000764749 ns, Reaching safepoint: 129928 ns, At safepoint: 3647 ns, Total: 133575 ns
[2025-03-20T15:02:58.863+0000][6][safepoint   ] Safepoint "Cleanup", Time since last: 1000829939 ns, Reaching safepoint: 86114 ns, At safepoint: 4218 ns, Total: 90332 ns
[2025-03-20T15:02:59.864+0000][6][safepoint   ] Safepoint "Cleanup", Time since last: 1000603296 ns, Reaching safepoint: 103026 ns, At safepoint: 4669 ns, Total: 107695 ns
[2025-03-20T15:03:00.865+0000][6][safepoint   ] Safepoint "Cleanup", Time since last: 1000887577 ns, Reaching safepoint: 137442 ns, At safepoint: 4539 ns, Total: 141981 ns
[2025-03-20T15:03:01.866+0000][6][safepoint   ] Safepoint "Cleanup", Time since last: 1000517452 ns, Reaching safepoint: 160075 ns, At safepoint: 6222 ns, Total: 166297 ns
[2025-03-20T15:03:02.867+0000][6][safepoint   ] Safepoint "Cleanup", Time since last: 1000889572 ns, Reaching safepoint: 121722 ns, At safepoint: 20970 ns, Total: 142692 ns
[2025-03-20T15:03:03.868+0000][6][safepoint   ] Safepoint "Cleanup", Time since last: 1000527684 ns, Reaching safepoint: 106733 ns, At safepoint: 10891 ns, Total: 117624 ns
[2025-03-20T15:03:04.869+0000][6][safepoint   ] Safepoint "Cleanup", Time since last: 1000917775 ns, Reaching safepoint: 963202 ns, At safepoint: 31921 ns, Total: 995123 ns
[2025-03-20T15:03:06.872+0000][6][safepoint   ] Safepoint "Cleanup", Time since last: 2002078601 ns, Reaching safepoint: 202796 ns, At safepoint: 14848 ns, Total: 217644 ns
[2025-03-20T15:03:07.873+0000][6][safepoint   ] Safepoint "Cleanup", Time since last: 1000704242 ns, Reaching safepoint: 117314 ns, At safepoint: 20078 ns, Total: 137392 ns
[2025-03-20T15:03:09.875+0000][6][safepoint   ] Safepoint "Cleanup", Time since last: 2000475519 ns, Reaching safepoint: 1669545 ns, At safepoint: 27893 ns, Total: 1697438 ns
[2025-03-20T15:03:10.877+0000][6][safepoint   ] Safepoint "Cleanup", Time since last: 1000995223 ns, Reaching safepoint: 1035464 ns, At safepoint: 28875 ns, Total: 1064339 ns
[2025-03-20T15:03:12.879+0000][6][safepoint   ] Safepoint "Cleanup", Time since last: 2001486723 ns, Reaching safepoint: 1037367 ns, At safepoint: 26821 ns, Total: 1064188 ns
[2025-03-20T15:03:14.882+0000][6][safepoint   ] Safepoint "Cleanup", Time since last: 2001801045 ns, Reaching safepoint: 1137707 ns, At safepoint: 10009 ns, Total: 1147716 ns
[2025-03-20T15:03:15.841+0000][6][gc,start    ] GC(37) Pause Young (Normal) (G1 Evacuation Pause)
[2025-03-20T15:03:15.841+0000][6][gc,task     ] GC(37) Using 8 workers of 8 for evacuation
[2025-03-20T15:03:15.841+0000][6][gc,age      ] GC(37) Desired survivor size 20971520 bytes, new threshold 15 (max threshold 15)
[2025-03-20T15:03:15.848+0000][6][gc,age      ] GC(37) Age table with threshold 15 (max threshold 15)
[2025-03-20T15:03:15.848+0000][6][gc,age      ] GC(37) - age   1:    1992432 bytes,    1992432 total
[2025-03-20T15:03:15.848+0000][6][gc,age      ] GC(37) - age   2:     366728 bytes,    2359160 total
[2025-03-20T15:03:15.848+0000][6][gc,age      ] GC(37) - age   3:      40944 bytes,    2400104 total
[2025-03-20T15:03:15.848+0000][6][gc,age      ] GC(37) - age   4:     155400 bytes,    2555504 total
[2025-03-20T15:03:15.848+0000][6][gc,age      ] GC(37) - age   5:      14000 bytes,    2569504 total
[2025-03-20T15:03:15.848+0000][6][gc,age      ] GC(37) - age   6:       7456 bytes,    2576960 total
[2025-03-20T15:03:15.848+0000][6][gc,age      ] GC(37) - age   7:      43096 bytes,    2620056 total
[2025-03-20T15:03:15.848+0000][6][gc,age      ] GC(37) - age   8:      26704 bytes,    2646760 total
[2025-03-20T15:03:15.848+0000][6][gc,age      ] GC(37) - age   9:    2981584 bytes,    5628344 total
[2025-03-20T15:03:15.848+0000][6][gc,age      ] GC(37) - age  10:      13208 bytes,    5641552 total
[2025-03-20T15:03:15.848+0000][6][gc,age      ] GC(37) - age  11:      30392 bytes,    5671944 total
[2025-03-20T15:03:15.848+0000][6][gc,age      ] GC(37) - age  12:     208744 bytes,    5880688 total
[2025-03-20T15:03:15.848+0000][6][gc,age      ] GC(37) - age  13:      33824 bytes,    5914512 total
[2025-03-20T15:03:15.848+0000][6][gc,age      ] GC(37) - age  14:    1856952 bytes,    7771464 total
[2025-03-20T15:03:15.848+0000][6][gc,age      ] GC(37) - age  15:    1649192 bytes,    9420656 total
[2025-03-20T15:03:15.848+0000][6][gc,phases   ] GC(37)   Pre Evacuate Collection Set: 0.1ms
[2025-03-20T15:03:15.848+0000][6][gc,phases   ] GC(37)   Merge Heap Roots: 0.1ms
[2025-03-20T15:03:15.848+0000][6][gc,phases   ] GC(37)   Evacuate Collection Set: 4.7ms
[2025-03-20T15:03:15.848+0000][6][gc,phases   ] GC(37)   Post Evacuate Collection Set: 1.3ms
[2025-03-20T15:03:15.848+0000][6][gc,phases   ] GC(37)   Other: 0.3ms
[2025-03-20T15:03:15.848+0000][6][gc,heap     ] GC(37) Eden regions: 70->0(69)
[2025-03-20T15:03:15.848+0000][6][gc,heap     ] GC(37) Survivor regions: 3->3(10)
[2025-03-20T15:03:15.848+0000][6][gc,heap     ] GC(37) Old regions: 25->26
[2025-03-20T15:03:15.848+0000][6][gc,heap     ] GC(37) Archive regions: 2->2
[2025-03-20T15:03:15.848+0000][6][gc,heap     ] GC(37) Humongous regions: 5->5
[2025-03-20T15:03:15.848+0000][6][gc,metaspace] GC(37) Metaspace: 119584K(121408K)->119584K(121408K) NonClass: 104018K(105024K)->104018K(105024K) Class: 15565K(16384K)->15565K(16384K)
[2025-03-20T15:03:15.848+0000][6][gc          ] GC(37) Pause Young (Normal) (G1 Evacuation Pause) 413M->134M(512M) 6.530ms
[2025-03-20T15:03:15.848+0000][6][gc,cpu      ] GC(37) User=0.03s Sys=0.00s Real=0.01s
[2025-03-20T15:03:15.848+0000][6][safepoint   ] Safepoint "G1CollectForAllocation", Time since last: 958924801 ns, Reaching safepoint: 69031 ns, At safepoint: 6628304 ns, Total: 6697335 ns
[2025-03-20T15:03:16.849+0000][6][safepoint   ] Safepoint "Cleanup", Time since last: 1000902717 ns, Reaching safepoint: 190563 ns, At safepoint: 7635 ns, Total: 198198 ns
[2025-03-20T15:03:17.850+0000][6][safepoint   ] Safepoint "Cleanup", Time since last: 1000388605 ns, Reaching safepoint: 113205 ns, At safepoint: 8426 ns, Total: 121631 ns
[2025-03-20T15:03:18.851+0000][6][safepoint   ] Safepoint "Cleanup", Time since last: 1001112435 ns, Reaching safepoint: 143343 ns, At safepoint: 5481 ns, Total: 148824 ns
[2025-03-20T15:03:19.852+0000][6][safepoint   ] Safepoint "Cleanup", Time since last: 1000684510 ns, Reaching safepoint: 110831 ns, At safepoint: 5040 ns, Total: 115871 ns
[2025-03-20T15:03:21.853+0000][6][safepoint   ] Safepoint "Cleanup", Time since last: 2001202845 ns, Reaching safepoint: 164193 ns, At safepoint: 4789 ns, Total: 168982 ns
[2025-03-20T15:03:22.854+0000][6][safepoint   ] Safepoint "Cleanup", Time since last: 1001242725 ns, Reaching safepoint: 201832 ns, At safepoint: 7034 ns, Total: 208866 ns
[2025-03-20T15:03:24.856+0000][6][safepoint   ] Safepoint "Cleanup", Time since last: 2001129786 ns, Reaching safepoint: 102194 ns, At safepoint: 3797 ns, Total: 105991 ns
[2025-03-20T15:03:25.857+0000][6][safepoint   ] Safepoint "Cleanup", Time since last: 1000774963 ns, Reaching safepoint: 83369 ns, At safepoint: 3988 ns, Total: 87357 ns
[2025-03-20T15:03:27.859+0000][6][safepoint   ] Safepoint "Cleanup", Time since last: 2002132695 ns, Reaching safepoint: 98548 ns, At safepoint: 20199 ns, Total: 118747 ns
[2025-03-20T15:03:28.859+0000][6][safepoint   ] Safepoint "Cleanup", Time since last: 1000492705 ns, Reaching safepoint: 139105 ns, At safepoint: 4819 ns, Total: 143924 ns
[2025-03-20T15:03:29.860+0000][6][safepoint   ] Safepoint "Cleanup", Time since last: 1000800633 ns, Reaching safepoint: 114418 ns, At safepoint: 5421 ns, Total: 119839 ns
[2025-03-20T15:03:30.861+0000][6][safepoint   ] Safepoint "Cleanup", Time since last: 1000925076 ns, Reaching safepoint: 96263 ns, At safepoint: 3787 ns, Total: 100050 ns
[2025-03-20T15:03:31.863+0000][6][safepoint   ] Safepoint "Cleanup", Time since last: 1001133496 ns, Reaching safepoint: 148653 ns, At safepoint: 11271 ns, Total: 159924 ns
[2025-03-20T15:03:32.864+0000][6][safepoint   ] Safepoint "Cleanup", Time since last: 1000772843 ns, Reaching safepoint: 105631 ns, At safepoint: 4649 ns, Total: 110280 ns
[2025-03-20T15:03:33.864+0000][6][safepoint   ] Safepoint "Cleanup", Time since last: 1000340050 ns, Reaching safepoint: 94080 ns, At safepoint: 3727 ns, Total: 97807 ns
[2025-03-20T15:03:34.864+0000][6][safepoint   ] Safepoint "Cleanup", Time since last: 1000185433 ns, Reaching safepoint: 125689 ns, At safepoint: 4810 ns, Total: 130499 ns
[2025-03-20T15:03:36.866+0000][6][safepoint   ] Safepoint "Cleanup", Time since last: 2001510381 ns, Reaching safepoint: 161748 ns, At safepoint: 5430 ns, Total: 167178 ns
[2025-03-20T15:03:37.867+0000][6][safepoint   ] Safepoint "Cleanup", Time since last: 1001169082 ns, Reaching safepoint: 110110 ns, At safepoint: 4889 ns, Total: 114999 ns
[2025-03-20T15:03:39.868+0000][6][safepoint   ] Safepoint "Cleanup", Time since last: 2000894870 ns, Reaching safepoint: 83710 ns, At safepoint: 3577 ns, Total: 87287 ns
[2025-03-20T15:03:40.869+0000][6][safepoint   ] Safepoint "Cleanup", Time since last: 1000815480 ns, Reaching safepoint: 106953 ns, At safepoint: 4278 ns, Total: 111231 ns
[2025-03-20T15:03:42.870+0000][6][safepoint   ] Safepoint "Cleanup", Time since last: 2000710187 ns, Reaching safepoint: 150356 ns, At safepoint: 7775 ns, Total: 158131 ns
[2025-03-20T15:03:44.871+0000][6][safepoint   ] Safepoint "Cleanup", Time since last: 2000529123 ns, Reaching safepoint: 112324 ns, At safepoint: 4318 ns, Total: 116642 ns
[2025-03-20T15:03:45.872+0000][6][safepoint   ] Safepoint "Cleanup", Time since last: 1000843932 ns, Reaching safepoint: 148022 ns, At safepoint: 4909 ns, Total: 152931 ns
[2025-03-20T15:03:46.872+0000][6][safepoint   ] Safepoint "Cleanup", Time since last: 1000178986 ns, Reaching safepoint: 105301 ns, At safepoint: 3717 ns, Total: 109018 ns
[2025-03-20T15:03:47.873+0000][6][safepoint   ] Safepoint "Cleanup", Time since last: 1001137738 ns, Reaching safepoint: 101604 ns, At safepoint: 4198 ns, Total: 105802 ns
[2025-03-20T15:03:48.874+0000][6][safepoint   ] Safepoint "Cleanup", Time since last: 1000207262 ns, Reaching safepoint: 115269 ns, At safepoint: 9488 ns, Total: 124757 ns
[2025-03-20T15:03:49.874+0000][6][safepoint   ] Safepoint "Cleanup", Time since last: 1000485622 ns, Reaching safepoint: 109899 ns, At safepoint: 5150 ns, Total: 115049 ns
[2025-03-20T15:03:51.875+0000][6][safepoint   ] Safepoint "Cleanup", Time since last: 2000670891 ns, Reaching safepoint: 101834 ns, At safepoint: 3297 ns, Total: 105131 ns
[2025-03-20T15:03:52.875+0000][6][safepoint   ] Safepoint "Cleanup", Time since last: 1000226539 ns, Reaching safepoint: 104760 ns, At safepoint: 4528 ns, Total: 109288 ns
[2025-03-20T15:03:54.876+0000][6][safepoint   ] Safepoint "Cleanup", Time since last: 2000825832 ns, Reaching safepoint: 92607 ns, At safepoint: 3997 ns, Total: 96604 ns
[2025-03-20T15:03:55.877+0000][6][safepoint   ] Safepoint "Cleanup", Time since last: 1000526913 ns, Reaching safepoint: 89511 ns, At safepoint: 4188 ns, Total: 93699 ns
[2025-03-20T15:03:57.877+0000][6][safepoint   ] Safepoint "Cleanup", Time since last: 2000331565 ns, Reaching safepoint: 71776 ns, At safepoint: 3347 ns, Total: 75123 ns
[2025-03-20T15:03:58.878+0000][6][safepoint   ] Safepoint "Cleanup", Time since last: 1000627470 ns, Reaching safepoint: 185243 ns, At safepoint: 10189 ns, Total: 195432 ns
[2025-03-20T15:03:59.879+0000][6][safepoint   ] Safepoint "Cleanup", Time since last: 1000383501 ns, Reaching safepoint: 113787 ns, At safepoint: 5470 ns, Total: 119257 ns
[2025-03-20T15:04:00.879+0000][6][safepoint   ] Safepoint "Cleanup", Time since last: 1000719673 ns, Reaching safepoint: 73200 ns, At safepoint: 15519 ns, Total: 88719 ns
[2025-03-20T15:04:01.880+0000][6][safepoint   ] Safepoint "Cleanup", Time since last: 1000654167 ns, Reaching safepoint: 156348 ns, At safepoint: 4348 ns, Total: 160696 ns
[2025-03-20T15:04:02.881+0000][6][safepoint   ] Safepoint "Cleanup", Time since last: 1000760877 ns, Reaching safepoint: 116152 ns, At safepoint: 6893 ns, Total: 123045 ns
[2025-03-20T15:04:03.882+0000][6][safepoint   ] Safepoint "Cleanup", Time since last: 1000351184 ns, Reaching safepoint: 96554 ns, At safepoint: 4057 ns, Total: 100611 ns
[2025-03-20T15:04:04.882+0000][6][safepoint   ] Safepoint "Cleanup", Time since last: 1000502742 ns, Reaching safepoint: 172228 ns, At safepoint: 5601 ns, Total: 177829 ns
[2025-03-20T15:04:05.780+0000][6][gc,start    ] GC(38) Pause Young (Normal) (G1 Evacuation Pause)
[2025-03-20T15:04:05.780+0000][6][gc,task     ] GC(38) Using 8 workers of 8 for evacuation
[2025-03-20T15:04:05.780+0000][6][gc,age      ] GC(38) Desired survivor size 18874368 bytes, new threshold 15 (max threshold 15)
[2025-03-20T15:04:05.785+0000][6][gc,age      ] GC(38) Age table with threshold 15 (max threshold 15)
[2025-03-20T15:04:05.786+0000][6][gc,age      ] GC(38) - age   1:     490776 bytes,     490776 total
[2025-03-20T15:04:05.786+0000][6][gc,age      ] GC(38) - age   2:      19432 bytes,     510208 total
[2025-03-20T15:04:05.786+0000][6][gc,age      ] GC(38) - age   3:     212664 bytes,     722872 total
[2025-03-20T15:04:05.786+0000][6][gc,age      ] GC(38) - age   4:      40656 bytes,     763528 total
[2025-03-20T15:04:05.786+0000][6][gc,age      ] GC(38) - age   5:     155176 bytes,     918704 total
[2025-03-20T15:04:05.786+0000][6][gc,age      ] GC(38) - age   6:      14000 bytes,     932704 total
[2025-03-20T15:04:05.786+0000][6][gc,age      ] GC(38) - age   7:       7456 bytes,     940160 total
[2025-03-20T15:04:05.786+0000][6][gc,age      ] GC(38) - age   8:      43096 bytes,     983256 total
[2025-03-20T15:04:05.786+0000][6][gc,age      ] GC(38) - age   9:      26704 bytes,    1009960 total
[2025-03-20T15:04:05.786+0000][6][gc,age      ] GC(38) - age  10:    2981584 bytes,    3991544 total
[2025-03-20T15:04:05.786+0000][6][gc,age      ] GC(38) - age  11:      13208 bytes,    4004752 total
[2025-03-20T15:04:05.786+0000][6][gc,age      ] GC(38) - age  12:      30392 bytes,    4035144 total
[2025-03-20T15:04:05.786+0000][6][gc,age      ] GC(38) - age  13:     208680 bytes,    4243824 total
[2025-03-20T15:04:05.786+0000][6][gc,age      ] GC(38) - age  14:      33824 bytes,    4277648 total
[2025-03-20T15:04:05.786+0000][6][gc,age      ] GC(38) - age  15:    1856952 bytes,    6134600 total
[2025-03-20T15:04:05.786+0000][6][gc,phases   ] GC(38)   Pre Evacuate Collection Set: 0.1ms
[2025-03-20T15:04:05.786+0000][6][gc,phases   ] GC(38)   Merge Heap Roots: 0.1ms
[2025-03-20T15:04:05.786+0000][6][gc,phases   ] GC(38)   Evacuate Collection Set: 3.5ms
[2025-03-20T15:04:05.786+0000][6][gc,phases   ] GC(38)   Post Evacuate Collection Set: 1.4ms
[2025-03-20T15:04:05.786+0000][6][gc,phases   ] GC(38)   Other: 0.3ms
[2025-03-20T15:04:05.786+0000][6][gc,heap     ] GC(38) Eden regions: 69->0(71)
[2025-03-20T15:04:05.786+0000][6][gc,heap     ] GC(38) Survivor regions: 3->2(9)
[2025-03-20T15:04:05.786+0000][6][gc,heap     ] GC(38) Old regions: 26->26
[2025-03-20T15:04:05.786+0000][6][gc,heap     ] GC(38) Archive regions: 2->2
[2025-03-20T15:04:05.786+0000][6][gc,heap     ] GC(38) Humongous regions: 5->5
[2025-03-20T15:04:05.786+0000][6][gc,metaspace] GC(38) Metaspace: 119651K(121472K)->119651K(121472K) NonClass: 104085K(105088K)->104085K(105088K) Class: 15565K(16384K)->15565K(16384K)
[2025-03-20T15:04:05.786+0000][6][gc          ] GC(38) Pause Young (Normal) (G1 Evacuation Pause) 410M->132M(512M) 5.368ms
[2025-03-20T15:04:05.786+0000][6][gc,cpu      ] GC(38) User=0.02s Sys=0.00s Real=0.00s
[2025-03-20T15:04:05.786+0000][6][safepoint   ] Safepoint "G1CollectForAllocation", Time since last: 898010549 ns, Reaching safepoint: 77017 ns, At safepoint: 5456342 ns, Total: 5533359 ns
[2025-03-20T15:04:07.787+0000][6][safepoint   ] Safepoint "Cleanup", Time since last: 2001419371 ns, Reaching safepoint: 188298 ns, At safepoint: 5771 ns, Total: 194069 ns
[2025-03-20T15:04:10.789+0000][6][safepoint   ] Safepoint "Cleanup", Time since last: 3001569542 ns, Reaching safepoint: 198668 ns, At safepoint: 5751 ns, Total: 204419 ns
[2025-03-20T15:04:12.791+0000][6][safepoint   ] Safepoint "Cleanup", Time since last: 2001642272 ns, Reaching safepoint: 106854 ns, At safepoint: 4418 ns, Total: 111272 ns
[2025-03-20T15:04:13.791+0000][6][safepoint   ] Safepoint "Cleanup", Time since last: 1000252299 ns, Reaching safepoint: 104409 ns, At safepoint: 4308 ns, Total: 108717 ns
[2025-03-20T15:04:14.792+0000][6][safepoint   ] Safepoint "Cleanup", Time since last: 1000818719 ns, Reaching safepoint: 141379 ns, At safepoint: 8747 ns, Total: 150126 ns
[2025-03-20T15:04:16.794+0000][6][safepoint   ] Safepoint "Cleanup", Time since last: 2001270542 ns, Reaching safepoint: 120189 ns, At safepoint: 4648 ns, Total: 124837 ns
[2025-03-20T15:04:17.794+0000][6][safepoint   ] Safepoint "Cleanup", Time since last: 1000304135 ns, Reaching safepoint: 95502 ns, At safepoint: 6202 ns, Total: 101704 ns
[2025-03-20T15:04:19.795+0000][6][safepoint   ] Safepoint "Cleanup", Time since last: 2001261221 ns, Reaching safepoint: 139425 ns, At safepoint: 8236 ns, Total: 147661 ns
[2025-03-20T15:04:21.797+0000][6][safepoint   ] Safepoint "Cleanup", Time since last: 2001713024 ns, Reaching safepoint: 106851 ns, At safepoint: 7644 ns, Total: 114495 ns
[2025-03-20T15:04:22.798+0000][6][safepoint   ] Safepoint "Cleanup", Time since last: 1000849290 ns, Reaching safepoint: 98318 ns, At safepoint: 4268 ns, Total: 102586 ns
[2025-03-20T15:04:24.800+0000][6][safepoint   ] Safepoint "Cleanup", Time since last: 2001577147 ns, Reaching safepoint: 103267 ns, At safepoint: 7905 ns, Total: 111172 ns
[2025-03-20T15:04:25.801+0000][6][safepoint   ] Safepoint "Cleanup", Time since last: 1000542584 ns, Reaching safepoint: 78380 ns, At safepoint: 3056 ns, Total: 81436 ns
[2025-03-20T15:04:27.802+0000][6][safepoint   ] Safepoint "Cleanup", Time since last: 2001494600 ns, Reaching safepoint: 114728 ns, At safepoint: 4248 ns, Total: 118976 ns
[2025-03-20T15:04:28.803+0000][6][safepoint   ] Safepoint "Cleanup", Time since last: 1000719668 ns, Reaching safepoint: 116612 ns, At safepoint: 4578 ns, Total: 121190 ns
[2025-03-20T15:04:29.804+0000][6][safepoint   ] Safepoint "Cleanup", Time since last: 1000821255 ns, Reaching safepoint: 102926 ns, At safepoint: 7054 ns, Total: 109980 ns
[2025-03-20T15:04:31.805+0000][6][safepoint   ] Safepoint "Cleanup", Time since last: 2000971390 ns, Reaching safepoint: 73731 ns, At safepoint: 3346 ns, Total: 77077 ns
[2025-03-20T15:04:32.806+0000][6][safepoint   ] Safepoint "Cleanup", Time since last: 1001090672 ns, Reaching safepoint: 78509 ns, At safepoint: 3527 ns, Total: 82036 ns
[2025-03-20T15:04:33.807+0000][6][safepoint   ] Safepoint "Cleanup", Time since last: 1000829659 ns, Reaching safepoint: 67719 ns, At safepoint: 4599 ns, Total: 72318 ns
[2025-03-20T15:04:34.808+0000][6][safepoint   ] Safepoint "Cleanup", Time since last: 1000784563 ns, Reaching safepoint: 125279 ns, At safepoint: 7404 ns, Total: 132683 ns
[2025-03-20T15:04:37.810+0000][6][safepoint   ] Safepoint "Cleanup", Time since last: 3001896854 ns, Reaching safepoint: 76816 ns, At safepoint: 3106 ns, Total: 79922 ns
[2025-03-20T15:04:39.811+0000][6][safepoint   ] Safepoint "Cleanup", Time since last: 2001005354 ns, Reaching safepoint: 130188 ns, At safepoint: 6552 ns, Total: 136740 ns
[2025-03-20T15:04:40.812+0000][6][safepoint   ] Safepoint "Cleanup", Time since last: 1001135080 ns, Reaching safepoint: 169543 ns, At safepoint: 5951 ns, Total: 175494 ns
[2025-03-20T15:04:42.814+0000][6][safepoint   ] Safepoint "Cleanup", Time since last: 2001525009 ns, Reaching safepoint: 171847 ns, At safepoint: 5741 ns, Total: 177588 ns
[2025-03-20T15:04:43.814+0000][6][safepoint   ] Safepoint "Cleanup", Time since last: 1000183440 ns, Reaching safepoint: 130529 ns, At safepoint: 4599 ns, Total: 135128 ns
[2025-03-20T15:04:44.815+0000][6][safepoint   ] Safepoint "Cleanup", Time since last: 1000464812 ns, Reaching safepoint: 93498 ns, At safepoint: 3637 ns, Total: 97135 ns
[2025-03-20T15:04:45.815+0000][6][safepoint   ] Safepoint "Cleanup", Time since last: 1000382776 ns, Reaching safepoint: 90722 ns, At safepoint: 7595 ns, Total: 98317 ns
[2025-03-20T15:04:46.817+0000][6][safepoint   ] Safepoint "Cleanup", Time since last: 1000911879 ns, Reaching safepoint: 139005 ns, At safepoint: 4218 ns, Total: 143223 ns
[2025-03-20T15:04:47.817+0000][6][safepoint   ] Safepoint "Cleanup", Time since last: 1000670869 ns, Reaching safepoint: 94370 ns, At safepoint: 3567 ns, Total: 97937 ns
[2025-03-20T15:04:49.819+0000][6][safepoint   ] Safepoint "Cleanup", Time since last: 2001105314 ns, Reaching safepoint: 159905 ns, At safepoint: 5410 ns, Total: 165315 ns
[2025-03-20T15:04:51.820+0000][6][safepoint   ] Safepoint "Cleanup", Time since last: 2001646535 ns, Reaching safepoint: 114358 ns, At safepoint: 12043 ns, Total: 126401 ns
[2025-03-20T15:04:52.821+0000][6][safepoint   ] Safepoint "Cleanup", Time since last: 1000224003 ns, Reaching safepoint: 127132 ns, At safepoint: 4088 ns, Total: 131220 ns
[2025-03-20T15:04:54.822+0000][6][safepoint   ] Safepoint "Cleanup", Time since last: 2000900624 ns, Reaching safepoint: 125018 ns, At safepoint: 5921 ns, Total: 130939 ns
[2025-03-20T15:04:55.823+0000][6][safepoint   ] Safepoint "Cleanup", Time since last: 1000972481 ns, Reaching safepoint: 97696 ns, At safepoint: 25158 ns, Total: 122854 ns
[2025-03-20T15:04:57.824+0000][6][safepoint   ] Safepoint "Cleanup", Time since last: 2001359574 ns, Reaching safepoint: 63111 ns, At safepoint: 3947 ns, Total: 67058 ns
[2025-03-20T15:04:58.824+0000][6][safepoint   ] Safepoint "Cleanup", Time since last: 1000174091 ns, Reaching safepoint: 99800 ns, At safepoint: 4088 ns, Total: 103888 ns
[2025-03-20T15:04:59.825+0000][6][safepoint   ] Safepoint "Cleanup", Time since last: 1000470914 ns, Reaching safepoint: 59182 ns, At safepoint: 4018 ns, Total: 63200 ns
[2025-03-20T15:05:01.827+0000][6][safepoint   ] Safepoint "Cleanup", Time since last: 2001477046 ns, Reaching safepoint: 126761 ns, At safepoint: 9548 ns, Total: 136309 ns
[2025-03-20T15:05:02.828+0000][6][safepoint   ] Safepoint "Cleanup", Time since last: 1000733827 ns, Reaching safepoint: 121030 ns, At safepoint: 4639 ns, Total: 125669 ns
[2025-03-20T15:05:03.828+0000][6][safepoint   ] Safepoint "Cleanup", Time since last: 1000536606 ns, Reaching safepoint: 149325 ns, At safepoint: 4578 ns, Total: 153903 ns
[2025-03-20T15:05:04.829+0000][6][safepoint   ] Safepoint "Cleanup", Time since last: 1000640259 ns, Reaching safepoint: 119076 ns, At safepoint: 4349 ns, Total: 123425 ns
[2025-03-20T15:05:05.818+0000][6][gc,start    ] GC(39) Pause Young (Normal) (G1 Evacuation Pause)
[2025-03-20T15:05:05.818+0000][6][gc,task     ] GC(39) Using 8 workers of 8 for evacuation
[2025-03-20T15:05:05.818+0000][6][gc,age      ] GC(39) Desired survivor size 20971520 bytes, new threshold 15 (max threshold 15)
[2025-03-20T15:05:05.823+0000][6][gc,age      ] GC(39) Age table with threshold 15 (max threshold 15)
[2025-03-20T15:05:05.823+0000][6][gc,age      ] GC(39) - age   1:     984024 bytes,     984024 total
[2025-03-20T15:05:05.823+0000][6][gc,age      ] GC(39) - age   2:     153616 bytes,    1137640 total
[2025-03-20T15:05:05.823+0000][6][gc,age      ] GC(39) - age   3:       5472 bytes,    1143112 total
[2025-03-20T15:05:05.823+0000][6][gc,age      ] GC(39) - age   4:     136896 bytes,    1280008 total
[2025-03-20T15:05:05.823+0000][6][gc,age      ] GC(39) - age   5:      40072 bytes,    1320080 total
[2025-03-20T15:05:05.823+0000][6][gc,age      ] GC(39) - age   6:     154976 bytes,    1475056 total
[2025-03-20T15:05:05.823+0000][6][gc,age      ] GC(39) - age   7:      13704 bytes,    1488760 total
[2025-03-20T15:05:05.823+0000][6][gc,age      ] GC(39) - age   8:       7456 bytes,    1496216 total
[2025-03-20T15:05:05.823+0000][6][gc,age      ] GC(39) - age   9:      43096 bytes,    1539312 total
[2025-03-20T15:05:05.823+0000][6][gc,age      ] GC(39) - age  10:      26704 bytes,    1566016 total
[2025-03-20T15:05:05.823+0000][6][gc,age      ] GC(39) - age  11:    2981312 bytes,    4547328 total
[2025-03-20T15:05:05.823+0000][6][gc,age      ] GC(39) - age  12:      13208 bytes,    4560536 total
[2025-03-20T15:05:05.823+0000][6][gc,age      ] GC(39) - age  13:      30392 bytes,    4590928 total
[2025-03-20T15:05:05.823+0000][6][gc,age      ] GC(39) - age  14:     208680 bytes,    4799608 total
[2025-03-20T15:05:05.823+0000][6][gc,age      ] GC(39) - age  15:      33824 bytes,    4833432 total
[2025-03-20T15:05:05.823+0000][6][gc,phases   ] GC(39)   Pre Evacuate Collection Set: 0.1ms
[2025-03-20T15:05:05.823+0000][6][gc,phases   ] GC(39)   Merge Heap Roots: 0.1ms
[2025-03-20T15:05:05.823+0000][6][gc,phases   ] GC(39)   Evacuate Collection Set: 3.6ms
[2025-03-20T15:05:05.823+0000][6][gc,phases   ] GC(39)   Post Evacuate Collection Set: 1.1ms
[2025-03-20T15:05:05.823+0000][6][gc,phases   ] GC(39)   Other: 0.2ms
[2025-03-20T15:05:05.823+0000][6][gc,heap     ] GC(39) Eden regions: 71->0(71)
[2025-03-20T15:05:05.823+0000][6][gc,heap     ] GC(39) Survivor regions: 2->2(10)
[2025-03-20T15:05:05.823+0000][6][gc,heap     ] GC(39) Old regions: 26->26
[2025-03-20T15:05:05.823+0000][6][gc,heap     ] GC(39) Archive regions: 2->2
[2025-03-20T15:05:05.823+0000][6][gc,heap     ] GC(39) Humongous regions: 5->5
[2025-03-20T15:05:05.823+0000][6][gc,metaspace] GC(39) Metaspace: 119719K(121536K)->119719K(121536K) NonClass: 104154K(105152K)->104154K(105152K) Class: 15565K(16384K)->15565K(16384K)
[2025-03-20T15:05:05.823+0000][6][gc          ] GC(39) Pause Young (Normal) (G1 Evacuation Pause) 416M->133M(512M) 5.211ms
[2025-03-20T15:05:05.823+0000][6][gc,cpu      ] GC(39) User=0.01s Sys=0.00s Real=0.01s
[2025-03-20T15:05:05.823+0000][6][safepoint   ] Safepoint "G1CollectForAllocation", Time since last: 989037793 ns, Reaching safepoint: 115229 ns, At safepoint: 5296143 ns, Total: 5411372 ns
[2025-03-20T15:05:07.825+0000][6][safepoint   ] Safepoint "Cleanup", Time since last: 2001229185 ns, Reaching safepoint: 124347 ns, At safepoint: 5140 ns, Total: 129487 ns
[2025-03-20T15:05:09.826+0000][6][safepoint   ] Safepoint "Cleanup", Time since last: 2000958578 ns, Reaching safepoint: 107395 ns, At safepoint: 4298 ns, Total: 111693 ns
[2025-03-20T15:05:10.827+0000][6][safepoint   ] Safepoint "Cleanup", Time since last: 1001295232 ns, Reaching safepoint: 182676 ns, At safepoint: 14307 ns, Total: 196983 ns
[2025-03-20T15:05:12.829+0000][6][safepoint   ] Safepoint "Cleanup", Time since last: 2001326752 ns, Reaching safepoint: 167599 ns, At safepoint: 5771 ns, Total: 173370 ns
[2025-03-20T15:05:13.829+0000][6][safepoint   ] Safepoint "Cleanup", Time since last: 1000245245 ns, Reaching safepoint: 86314 ns, At safepoint: 3367 ns, Total: 89681 ns
[2025-03-20T15:05:14.830+0000][6][safepoint   ] Safepoint "Cleanup", Time since last: 1000243794 ns, Reaching safepoint: 100231 ns, At safepoint: 3797 ns, Total: 104028 ns
[2025-03-20T15:05:16.831+0000][6][safepoint   ] Safepoint "Cleanup", Time since last: 2001607451 ns, Reaching safepoint: 101453 ns, At safepoint: 4709 ns, Total: 106162 ns
[2025-03-20T15:05:17.832+0000][6][safepoint   ] Safepoint "Cleanup", Time since last: 1001143368 ns, Reaching safepoint: 93538 ns, At safepoint: 3367 ns, Total: 96905 ns
[2025-03-20T15:05:19.834+0000][6][safepoint   ] Safepoint "Cleanup", Time since last: 2001370181 ns, Reaching safepoint: 84652 ns, At safepoint: 3927 ns, Total: 88579 ns
[2025-03-20T15:05:20.834+0000][6][safepoint   ] Safepoint "Cleanup", Time since last: 1000206839 ns, Reaching safepoint: 91084 ns, At safepoint: 10680 ns, Total: 101764 ns
[2025-03-20T15:05:21.835+0000][6][safepoint   ] Safepoint "Cleanup", Time since last: 1000872961 ns, Reaching safepoint: 85684 ns, At safepoint: 3276 ns, Total: 88960 ns
[2025-03-20T15:05:22.836+0000][6][safepoint   ] Safepoint "Cleanup", Time since last: 1001006813 ns, Reaching safepoint: 114919 ns, At safepoint: 4027 ns, Total: 118946 ns
[2025-03-20T15:05:24.838+0000][6][safepoint   ] Safepoint "Cleanup", Time since last: 2001127279 ns, Reaching safepoint: 88278 ns, At safepoint: 3807 ns, Total: 92085 ns
[2025-03-20T15:05:25.838+0000][6][safepoint   ] Safepoint "Cleanup", Time since last: 1000723850 ns, Reaching safepoint: 105471 ns, At safepoint: 3447 ns, Total: 108918 ns
[2025-03-20T15:05:27.839+0000][6][safepoint   ] Safepoint "Cleanup", Time since last: 2000762525 ns, Reaching safepoint: 128665 ns, At safepoint: 4368 ns, Total: 133033 ns
[2025-03-20T15:05:28.840+0000][6][safepoint   ] Safepoint "Cleanup", Time since last: 1001031449 ns, Reaching safepoint: 95332 ns, At safepoint: 4278 ns, Total: 99610 ns
[2025-03-20T15:05:29.841+0000][6][safepoint   ] Safepoint "Cleanup", Time since last: 1000379800 ns, Reaching safepoint: 102515 ns, At safepoint: 4749 ns, Total: 107264 ns
[2025-03-20T15:05:31.842+0000][6][safepoint   ] Safepoint "Cleanup", Time since last: 2001073518 ns, Reaching safepoint: 146559 ns, At safepoint: 9408 ns, Total: 155967 ns
[2025-03-20T15:05:32.843+0000][6][safepoint   ] Safepoint "Cleanup", Time since last: 1000383889 ns, Reaching safepoint: 86535 ns, At safepoint: 4268 ns, Total: 90803 ns
[2025-03-20T15:05:33.843+0000][6][safepoint   ] Safepoint "Cleanup", Time since last: 1000671155 ns, Reaching safepoint: 128224 ns, At safepoint: 6542 ns, Total: 134766 ns
[2025-03-20T15:05:34.844+0000][6][safepoint   ] Safepoint "Cleanup", Time since last: 1000850199 ns, Reaching safepoint: 86655 ns, At safepoint: 3386 ns, Total: 90041 ns
[2025-03-20T15:05:37.846+0000][6][safepoint   ] Safepoint "Cleanup", Time since last: 3001362555 ns, Reaching safepoint: 101242 ns, At safepoint: 4499 ns, Total: 105741 ns
[2025-03-20T15:05:40.847+0000][6][safepoint   ] Safepoint "Cleanup", Time since last: 3001482374 ns, Reaching safepoint: 91013 ns, At safepoint: 3377 ns, Total: 94390 ns
[2025-03-20T15:05:41.848+0000][6][safepoint   ] Safepoint "Cleanup", Time since last: 1000769544 ns, Reaching safepoint: 102204 ns, At safepoint: 4709 ns, Total: 106913 ns
[2025-03-20T15:05:42.849+0000][6][safepoint   ] Safepoint "Cleanup", Time since last: 1000647110 ns, Reaching safepoint: 102546 ns, At safepoint: 4639 ns, Total: 107185 ns
[2025-03-20T15:05:43.850+0000][6][safepoint   ] Safepoint "Cleanup", Time since last: 1000840576 ns, Reaching safepoint: 89280 ns, At safepoint: 4298 ns, Total: 93578 ns
[2025-03-20T15:05:44.850+0000][6][safepoint   ] Safepoint "Cleanup", Time since last: 1000453280 ns, Reaching safepoint: 78079 ns, At safepoint: 3787 ns, Total: 81866 ns
[2025-03-20T15:05:46.852+0000][6][safepoint   ] Safepoint "Cleanup", Time since last: 2001381751 ns, Reaching safepoint: 141870 ns, At safepoint: 9288 ns, Total: 151158 ns
[2025-03-20T15:05:47.853+0000][6][safepoint   ] Safepoint "Cleanup", Time since last: 1001147251 ns, Reaching safepoint: 111202 ns, At safepoint: 5831 ns, Total: 117033 ns
[2025-03-20T15:05:49.854+0000][6][safepoint   ] Safepoint "Cleanup", Time since last: 2000312074 ns, Reaching safepoint: 83169 ns, At safepoint: 3737 ns, Total: 86906 ns
[2025-03-20T15:05:50.854+0000][6][safepoint   ] Safepoint "Cleanup", Time since last: 1000355552 ns, Reaching safepoint: 97436 ns, At safepoint: 3968 ns, Total: 101404 ns
[2025-03-20T15:05:51.854+0000][6][safepoint   ] Safepoint "Cleanup", Time since last: 1000186333 ns, Reaching safepoint: 75825 ns, At safepoint: 5610 ns, Total: 81435 ns
[2025-03-20T15:05:52.855+0000][6][safepoint   ] Safepoint "Cleanup", Time since last: 1000781232 ns, Reaching safepoint: 107825 ns, At safepoint: 5160 ns, Total: 112985 ns
[2025-03-20T15:05:54.857+0000][6][safepoint   ] Safepoint "Cleanup", Time since last: 2001269249 ns, Reaching safepoint: 181276 ns, At safepoint: 5791 ns, Total: 187067 ns
[2025-03-20T15:05:55.857+0000][6][safepoint   ] Safepoint "Cleanup", Time since last: 1000505039 ns, Reaching safepoint: 152320 ns, At safepoint: 7304 ns, Total: 159624 ns
[2025-03-20T15:05:57.859+0000][6][safepoint   ] Safepoint "Cleanup", Time since last: 2001613098 ns, Reaching safepoint: 138504 ns, At safepoint: 5300 ns, Total: 143804 ns
[2025-03-20T15:05:57.874+0000][6][gc,start    ] GC(40) Pause Young (Normal) (G1 Evacuation Pause)
[2025-03-20T15:05:57.874+0000][6][gc,task     ] GC(40) Using 8 workers of 8 for evacuation
[2025-03-20T15:05:57.874+0000][6][gc,age      ] GC(40) Desired survivor size 20971520 bytes, new threshold 15 (max threshold 15)
[2025-03-20T15:05:57.879+0000][6][gc,age      ] GC(40) Age table with threshold 15 (max threshold 15)
[2025-03-20T15:05:57.879+0000][6][gc,age      ] GC(40) - age   1:    1753552 bytes,    1753552 total
[2025-03-20T15:05:57.879+0000][6][gc,age      ] GC(40) - age   2:     215896 bytes,    1969448 total
[2025-03-20T15:05:57.879+0000][6][gc,age      ] GC(40) - age   3:       3432 bytes,    1972880 total
[2025-03-20T15:05:57.879+0000][6][gc,age      ] GC(40) - age   4:       5152 bytes,    1978032 total
[2025-03-20T15:05:57.879+0000][6][gc,age      ] GC(40) - age   5:     136640 bytes,    2114672 total
[2025-03-20T15:05:57.879+0000][6][gc,age      ] GC(40) - age   6:      40072 bytes,    2154744 total
[2025-03-20T15:05:57.879+0000][6][gc,age      ] GC(40) - age   7:     154976 bytes,    2309720 total
[2025-03-20T15:05:57.879+0000][6][gc,age      ] GC(40) - age   8:      13704 bytes,    2323424 total
[2025-03-20T15:05:57.879+0000][6][gc,age      ] GC(40) - age   9:       7456 bytes,    2330880 total
[2025-03-20T15:05:57.879+0000][6][gc,age      ] GC(40) - age  10:      43096 bytes,    2373976 total
[2025-03-20T15:05:57.879+0000][6][gc,age      ] GC(40) - age  11:      26704 bytes,    2400680 total
[2025-03-20T15:05:57.879+0000][6][gc,age      ] GC(40) - age  12:    2980752 bytes,    5381432 total
[2025-03-20T15:05:57.879+0000][6][gc,age      ] GC(40) - age  13:      13208 bytes,    5394640 total
[2025-03-20T15:05:57.879+0000][6][gc,age      ] GC(40) - age  14:      30392 bytes,    5425032 total
[2025-03-20T15:05:57.879+0000][6][gc,age      ] GC(40) - age  15:     208680 bytes,    5633712 total
[2025-03-20T15:05:57.879+0000][6][gc,phases   ] GC(40)   Pre Evacuate Collection Set: 0.1ms
[2025-03-20T15:05:57.879+0000][6][gc,phases   ] GC(40)   Merge Heap Roots: 0.1ms
[2025-03-20T15:05:57.879+0000][6][gc,phases   ] GC(40)   Evacuate Collection Set: 3.2ms
[2025-03-20T15:05:57.879+0000][6][gc,phases   ] GC(40)   Post Evacuate Collection Set: 1.3ms
[2025-03-20T15:05:57.879+0000][6][gc,phases   ] GC(40)   Other: 0.3ms
[2025-03-20T15:05:57.879+0000][6][gc,heap     ] GC(40) Eden regions: 71->0(71)
[2025-03-20T15:05:57.879+0000][6][gc,heap     ] GC(40) Survivor regions: 2->2(10)
[2025-03-20T15:05:57.879+0000][6][gc,heap     ] GC(40) Old regions: 26->26
[2025-03-20T15:05:57.879+0000][6][gc,heap     ] GC(40) Archive regions: 2->2
[2025-03-20T15:05:57.879+0000][6][gc,heap     ] GC(40) Humongous regions: 5->5
[2025-03-20T15:05:57.879+0000][6][gc,metaspace] GC(40) Metaspace: 119792K(121600K)->119792K(121600K) NonClass: 104224K(105216K)->104224K(105216K) Class: 15567K(16384K)->15567K(16384K)
[2025-03-20T15:05:57.879+0000][6][gc          ] GC(40) Pause Young (Normal) (G1 Evacuation Pause) 417M->133M(512M) 5.064ms
[2025-03-20T15:05:57.879+0000][6][gc,cpu      ] GC(40) User=0.01s Sys=0.00s Real=0.01s
[2025-03-20T15:05:57.879+0000][6][safepoint   ] Safepoint "G1CollectForAllocation", Time since last: 14980435 ns, Reaching safepoint: 130589 ns, At safepoint: 5176640 ns, Total: 5307229 ns
[2025-03-20T15:05:58.880+0000][6][safepoint   ] Safepoint "Cleanup", Time since last: 1000754945 ns, Reaching safepoint: 128074 ns, At safepoint: 3947 ns, Total: 132021 ns
[2025-03-20T15:05:59.881+0000][6][safepoint   ] Safepoint "Cleanup", Time since last: 1000734647 ns, Reaching safepoint: 114578 ns, At safepoint: 5020 ns, Total: 119598 ns
[2025-03-20T15:06:00.882+0000][6][safepoint   ] Safepoint "Cleanup", Time since last: 1000920469 ns, Reaching safepoint: 92336 ns, At safepoint: 3667 ns, Total: 96003 ns
[2025-03-20T15:06:02.883+0000][6][safepoint   ] Safepoint "Cleanup", Time since last: 2000628695 ns, Reaching safepoint: 127112 ns, At safepoint: 6652 ns, Total: 133764 ns
[2025-03-20T15:06:03.884+0000][6][safepoint   ] Safepoint "Cleanup", Time since last: 1000488683 ns, Reaching safepoint: 155877 ns, At safepoint: 31731 ns, Total: 187608 ns
[2025-03-20T15:06:04.885+0000][6][safepoint   ] Safepoint "Cleanup", Time since last: 1000897988 ns, Reaching safepoint: 114619 ns, At safepoint: 4639 ns, Total: 119258 ns
[2025-03-20T15:06:05.885+0000][6][safepoint   ] Safepoint "Cleanup", Time since last: 1000313315 ns, Reaching safepoint: 101914 ns, At safepoint: 3497 ns, Total: 105411 ns
[2025-03-20T15:06:06.886+0000][6][safepoint   ] Safepoint "Cleanup", Time since last: 1000889523 ns, Reaching safepoint: 141590 ns, At safepoint: 25348 ns, Total: 166938 ns
[2025-03-20T15:06:07.887+0000][6][safepoint   ] Safepoint "Cleanup", Time since last: 1000543754 ns, Reaching safepoint: 293542 ns, At safepoint: 6983 ns, Total: 300525 ns
[2025-03-20T15:06:09.889+0000][6][safepoint   ] Safepoint "Cleanup", Time since last: 2001571299 ns, Reaching safepoint: 166187 ns, At safepoint: 5290 ns, Total: 171477 ns
[2025-03-20T15:06:10.889+0000][6][safepoint   ] Safepoint "Cleanup", Time since last: 1000500913 ns, Reaching safepoint: 80894 ns, At safepoint: 4098 ns, Total: 84992 ns
[2025-03-20T15:06:12.891+0000][6][safepoint   ] Safepoint "Cleanup", Time since last: 2001440813 ns, Reaching safepoint: 99329 ns, At safepoint: 3677 ns, Total: 103006 ns
[2025-03-20T15:06:14.892+0000][6][safepoint   ] Safepoint "Cleanup", Time since last: 2000975133 ns, Reaching safepoint: 105621 ns, At safepoint: 4268 ns, Total: 109889 ns
[2025-03-20T15:06:15.893+0000][6][safepoint   ] Safepoint "Cleanup", Time since last: 1000397559 ns, Reaching safepoint: 147070 ns, At safepoint: 4418 ns, Total: 151488 ns
[2025-03-20T15:06:16.893+0000][6][safepoint   ] Safepoint "Cleanup", Time since last: 1000580680 ns, Reaching safepoint: 142592 ns, At safepoint: 5149 ns, Total: 147741 ns
[2025-03-20T15:06:17.894+0000][6][safepoint   ] Safepoint "Cleanup", Time since last: 1000998281 ns, Reaching safepoint: 115729 ns, At safepoint: 9267 ns, Total: 124996 ns
[2025-03-20T15:06:18.895+0000][6][safepoint   ] Safepoint "Cleanup", Time since last: 1000401182 ns, Reaching safepoint: 124297 ns, At safepoint: 4469 ns, Total: 128766 ns
[2025-03-20T15:06:19.895+0000][6][safepoint   ] Safepoint "Cleanup", Time since last: 1000184773 ns, Reaching safepoint: 146830 ns, At safepoint: 5420 ns, Total: 152250 ns
[2025-03-20T15:06:20.896+0000][6][safepoint   ] Safepoint "Cleanup", Time since last: 1000797269 ns, Reaching safepoint: 152801 ns, At safepoint: 5180 ns, Total: 157981 ns
[2025-03-20T15:06:21.897+0000][6][safepoint   ] Safepoint "Cleanup", Time since last: 1000659558 ns, Reaching safepoint: 154494 ns, At safepoint: 5982 ns, Total: 160476 ns
[2025-03-20T15:06:23.805+0000][6][safepoint   ] Safepoint "Cleanup", Time since last: 1907528588 ns, Reaching safepoint: 154765 ns, At safepoint: 5290 ns, Total: 160055 ns
[2025-03-20T15:06:25.807+0000][6][safepoint   ] Safepoint "Cleanup", Time since last: 2001730721 ns, Reaching safepoint: 107225 ns, At safepoint: 3797 ns, Total: 111022 ns
[2025-03-20T15:06:27.807+0000][6][safepoint   ] Safepoint "Cleanup", Time since last: 2000616981 ns, Reaching safepoint: 162269 ns, At safepoint: 5160 ns, Total: 167429 ns
[2025-03-20T15:06:28.808+0000][6][safepoint   ] Safepoint "Cleanup", Time since last: 1000723679 ns, Reaching safepoint: 99540 ns, At safepoint: 3276 ns, Total: 102816 ns
[2025-03-20T15:06:29.809+0000][6][safepoint   ] Safepoint "Cleanup", Time since last: 1000210477 ns, Reaching safepoint: 150066 ns, At safepoint: 5641 ns, Total: 155707 ns
[2025-03-20T15:06:31.810+0000][6][safepoint   ] Safepoint "Cleanup", Time since last: 2001460200 ns, Reaching safepoint: 119547 ns, At safepoint: 4599 ns, Total: 124146 ns
[2025-03-20T15:06:32.811+0000][6][safepoint   ] Safepoint "Cleanup", Time since last: 1000761071 ns, Reaching safepoint: 127079 ns, At safepoint: 15209 ns, Total: 142288 ns
[2025-03-20T15:06:33.812+0000][6][safepoint   ] Safepoint "Cleanup", Time since last: 1001017735 ns, Reaching safepoint: 112485 ns, At safepoint: 5550 ns, Total: 118035 ns
[2025-03-20T15:06:34.812+0000][6][safepoint   ] Safepoint "Cleanup", Time since last: 1000207364 ns, Reaching safepoint: 102475 ns, At safepoint: 4037 ns, Total: 106512 ns
[2025-03-20T15:06:37.815+0000][6][safepoint   ] Safepoint "Cleanup", Time since last: 3002283096 ns, Reaching safepoint: 77453 ns, At safepoint: 6543 ns, Total: 83996 ns
[2025-03-20T15:06:40.816+0000][6][safepoint   ] Safepoint "Cleanup", Time since last: 3001457535 ns, Reaching safepoint: 120219 ns, At safepoint: 4579 ns, Total: 124798 ns
[2025-03-20T15:06:42.818+0000][6][safepoint   ] Safepoint "Cleanup", Time since last: 2001363848 ns, Reaching safepoint: 173540 ns, At safepoint: 13456 ns, Total: 186996 ns
[2025-03-20T15:06:43.818+0000][6][safepoint   ] Safepoint "Cleanup", Time since last: 1000446343 ns, Reaching safepoint: 81305 ns, At safepoint: 3296 ns, Total: 84601 ns
[2025-03-20T15:06:44.819+0000][6][safepoint   ] Safepoint "Cleanup", Time since last: 1000912081 ns, Reaching safepoint: 85259 ns, At safepoint: 6422 ns, Total: 91681 ns
[2025-03-20T15:06:46.821+0000][6][safepoint   ] Safepoint "Cleanup", Time since last: 2000995036 ns, Reaching safepoint: 143794 ns, At safepoint: 4729 ns, Total: 148523 ns
[2025-03-20T15:06:47.822+0000][6][safepoint   ] Safepoint "Cleanup", Time since last: 1000751768 ns, Reaching safepoint: 158101 ns, At safepoint: 10410 ns, Total: 168511 ns
[2025-03-20T15:06:49.823+0000][6][safepoint   ] Safepoint "Cleanup", Time since last: 2001456880 ns, Reaching safepoint: 175154 ns, At safepoint: 5450 ns, Total: 180604 ns
[2025-03-20T15:06:51.825+0000][6][safepoint   ] Safepoint "Cleanup", Time since last: 2001406646 ns, Reaching safepoint: 171256 ns, At safepoint: 5250 ns, Total: 176506 ns
[2025-03-20T15:06:51.895+0000][6][gc,start    ] GC(41) Pause Young (Normal) (G1 Evacuation Pause)
[2025-03-20T15:06:51.895+0000][6][gc,task     ] GC(41) Using 8 workers of 8 for evacuation
[2025-03-20T15:06:51.895+0000][6][gc,age      ] GC(41) Desired survivor size 20971520 bytes, new threshold 15 (max threshold 15)
[2025-03-20T15:06:51.900+0000][6][gc,age      ] GC(41) Age table with threshold 15 (max threshold 15)
[2025-03-20T15:06:51.900+0000][6][gc,age      ] GC(41) - age   1:    1943976 bytes,    1943976 total
[2025-03-20T15:06:51.900+0000][6][gc,age      ] GC(41) - age   2:      45008 bytes,    1988984 total
[2025-03-20T15:06:51.900+0000][6][gc,age      ] GC(41) - age   3:     213896 bytes,    2202880 total
[2025-03-20T15:06:51.900+0000][6][gc,age      ] GC(41) - age   4:       3080 bytes,    2205960 total
[2025-03-20T15:06:51.900+0000][6][gc,age      ] GC(41) - age   5:       4792 bytes,    2210752 total
[2025-03-20T15:06:51.900+0000][6][gc,age      ] GC(41) - age   6:     136440 bytes,    2347192 total
[2025-03-20T15:06:51.900+0000][6][gc,age      ] GC(41) - age   7:      40040 bytes,    2387232 total
[2025-03-20T15:06:51.900+0000][6][gc,age      ] GC(41) - age   8:     154976 bytes,    2542208 total
[2025-03-20T15:06:51.900+0000][6][gc,age      ] GC(41) - age   9:      13704 bytes,    2555912 total
[2025-03-20T15:06:51.900+0000][6][gc,age      ] GC(41) - age  10:       7456 bytes,    2563368 total
[2025-03-20T15:06:51.900+0000][6][gc,age      ] GC(41) - age  11:      43096 bytes,    2606464 total
[2025-03-20T15:06:51.900+0000][6][gc,age      ] GC(41) - age  12:      26704 bytes,    2633168 total
[2025-03-20T15:06:51.900+0000][6][gc,age      ] GC(41) - age  13:    2980640 bytes,    5613808 total
[2025-03-20T15:06:51.900+0000][6][gc,age      ] GC(41) - age  14:      13208 bytes,    5627016 total
[2025-03-20T15:06:51.900+0000][6][gc,age      ] GC(41) - age  15:      30392 bytes,    5657408 total
[2025-03-20T15:06:51.900+0000][6][gc,phases   ] GC(41)   Pre Evacuate Collection Set: 0.1ms
[2025-03-20T15:06:51.900+0000][6][gc,phases   ] GC(41)   Merge Heap Roots: 0.1ms
[2025-03-20T15:06:51.900+0000][6][gc,phases   ] GC(41)   Evacuate Collection Set: 3.1ms
[2025-03-20T15:06:51.900+0000][6][gc,phases   ] GC(41)   Post Evacuate Collection Set: 1.5ms
[2025-03-20T15:06:51.900+0000][6][gc,phases   ] GC(41)   Other: 0.2ms
[2025-03-20T15:06:51.900+0000][6][gc,heap     ] GC(41) Eden regions: 71->0(70)
[2025-03-20T15:06:51.900+0000][6][gc,heap     ] GC(41) Survivor regions: 2->2(10)
[2025-03-20T15:06:51.900+0000][6][gc,heap     ] GC(41) Old regions: 26->27
[2025-03-20T15:06:51.900+0000][6][gc,heap     ] GC(41) Archive regions: 2->2
[2025-03-20T15:06:51.900+0000][6][gc,heap     ] GC(41) Humongous regions: 5->5
[2025-03-20T15:06:51.900+0000][6][gc,metaspace] GC(41) Metaspace: 119856K(121664K)->119856K(121664K) NonClass: 104288K(105280K)->104288K(105280K) Class: 15568K(16384K)->15568K(16384K)
[2025-03-20T15:06:51.900+0000][6][gc          ] GC(41) Pause Young (Normal) (G1 Evacuation Pause) 417M->133M(512M) 5.074ms
[2025-03-20T15:06:51.900+0000][6][gc,cpu      ] GC(41) User=0.01s Sys=0.00s Real=0.01s
[2025-03-20T15:06:51.900+0000][6][safepoint   ] Safepoint "G1CollectForAllocation", Time since last: 69992332 ns, Reaching safepoint: 108677 ns, At safepoint: 5157404 ns, Total: 5266081 ns
[2025-03-20T15:06:52.901+0000][6][safepoint   ] Safepoint "Cleanup", Time since last: 1000922765 ns, Reaching safepoint: 168952 ns, At safepoint: 10019 ns, Total: 178971 ns
[2025-03-20T15:06:54.903+0000][6][safepoint   ] Safepoint "Cleanup", Time since last: 2001543083 ns, Reaching safepoint: 100492 ns, At safepoint: 4368 ns, Total: 104860 ns
[2025-03-20T15:06:55.903+0000][6][safepoint   ] Safepoint "Cleanup", Time since last: 1000267771 ns, Reaching safepoint: 91895 ns, At safepoint: 4268 ns, Total: 96163 ns
[2025-03-20T15:06:57.905+0000][6][safepoint   ] Safepoint "Cleanup", Time since last: 2001405104 ns, Reaching safepoint: 72278 ns, At safepoint: 14708 ns, Total: 86986 ns
[2025-03-20T15:06:58.905+0000][6][safepoint   ] Safepoint "Cleanup", Time since last: 1000625899 ns, Reaching safepoint: 216321 ns, At safepoint: 7204 ns, Total: 223525 ns
[2025-03-20T15:06:59.907+0000][6][safepoint   ] Safepoint "Cleanup", Time since last: 1000960416 ns, Reaching safepoint: 111282 ns, At safepoint: 4298 ns, Total: 115580 ns
[2025-03-20T15:07:00.908+0000][6][safepoint   ] Safepoint "Cleanup", Time since last: 1000881176 ns, Reaching safepoint: 123646 ns, At safepoint: 5029 ns, Total: 128675 ns
[2025-03-20T15:07:02.909+0000][6][safepoint   ] Safepoint "Cleanup", Time since last: 2001370830 ns, Reaching safepoint: 149474 ns, At safepoint: 4739 ns, Total: 154213 ns
[2025-03-20T15:07:03.910+0000][6][safepoint   ] Safepoint "Cleanup", Time since last: 1000550175 ns, Reaching safepoint: 89801 ns, At safepoint: 3967 ns, Total: 93768 ns
[2025-03-20T15:07:04.910+0000][6][safepoint   ] Safepoint "Cleanup", Time since last: 1000435890 ns, Reaching safepoint: 83239 ns, At safepoint: 3747 ns, Total: 86986 ns
[2025-03-20T15:07:06.911+0000][6][safepoint   ] Safepoint "Cleanup", Time since last: 2000512201 ns, Reaching safepoint: 171957 ns, At safepoint: 7014 ns, Total: 178971 ns
[2025-03-20T15:07:07.911+0000][6][safepoint   ] Safepoint "Cleanup", Time since last: 1000106243 ns, Reaching safepoint: 123665 ns, At safepoint: 4228 ns, Total: 127893 ns
[2025-03-20T15:07:09.913+0000][6][safepoint   ] Safepoint "Cleanup", Time since last: 2001189931 ns, Reaching safepoint: 161137 ns, At safepoint: 4248 ns, Total: 165385 ns
[2025-03-20T15:07:10.913+0000][6][safepoint   ] Safepoint "Cleanup", Time since last: 1000776450 ns, Reaching safepoint: 101252 ns, At safepoint: 4008 ns, Total: 105260 ns
[2025-03-20T15:07:12.915+0000][6][safepoint   ] Safepoint "Cleanup", Time since last: 2001298389 ns, Reaching safepoint: 97466 ns, At safepoint: 4098 ns, Total: 101564 ns
[2025-03-20T15:07:13.915+0000][6][safepoint   ] Safepoint "Cleanup", Time since last: 1000298428 ns, Reaching safepoint: 108055 ns, At safepoint: 3878 ns, Total: 111933 ns
[2025-03-20T15:07:14.916+0000][6][safepoint   ] Safepoint "Cleanup", Time since last: 1000797730 ns, Reaching safepoint: 81605 ns, At safepoint: 3467 ns, Total: 85072 ns
[2025-03-20T15:07:15.917+0000][6][safepoint   ] Safepoint "Cleanup", Time since last: 1000794126 ns, Reaching safepoint: 170736 ns, At safepoint: 6111 ns, Total: 176847 ns
[2025-03-20T15:07:16.918+0000][6][safepoint   ] Safepoint "Cleanup", Time since last: 1000533134 ns, Reaching safepoint: 149224 ns, At safepoint: 4319 ns, Total: 153543 ns
[2025-03-20T15:07:17.919+0000][6][safepoint   ] Safepoint "Cleanup", Time since last: 1000836082 ns, Reaching safepoint: 100401 ns, At safepoint: 4258 ns, Total: 104659 ns
[2025-03-20T15:07:18.919+0000][6][safepoint   ] Safepoint "Cleanup", Time since last: 1000217144 ns, Reaching safepoint: 130338 ns, At safepoint: 3807 ns, Total: 134145 ns
[2025-03-20T15:07:19.920+0000][6][safepoint   ] Safepoint "Cleanup", Time since last: 1000855215 ns, Reaching safepoint: 93799 ns, At safepoint: 3457 ns, Total: 97256 ns
[2025-03-20T15:07:20.921+0000][6][safepoint   ] Safepoint "Cleanup", Time since last: 1000600604 ns, Reaching safepoint: 102886 ns, At safepoint: 4128 ns, Total: 107014 ns
[2025-03-20T15:07:21.922+0000][6][safepoint   ] Safepoint "Cleanup", Time since last: 1000821064 ns, Reaching safepoint: 84160 ns, At safepoint: 4258 ns, Total: 88418 ns
[2025-03-20T15:07:22.922+0000][6][safepoint   ] Safepoint "Cleanup", Time since last: 1000609288 ns, Reaching safepoint: 85373 ns, At safepoint: 3386 ns, Total: 88759 ns
[2025-03-20T15:07:24.924+0000][6][safepoint   ] Safepoint "Cleanup", Time since last: 2001214379 ns, Reaching safepoint: 108938 ns, At safepoint: 4017 ns, Total: 112955 ns
[2025-03-20T15:07:25.925+0000][6][safepoint   ] Safepoint "Cleanup", Time since last: 1000983055 ns, Reaching safepoint: 70254 ns, At safepoint: 3085 ns, Total: 73339 ns
[2025-03-20T15:07:27.926+0000][6][safepoint   ] Safepoint "Cleanup", Time since last: 2000668297 ns, Reaching safepoint: 125990 ns, At safepoint: 3908 ns, Total: 129898 ns
[2025-03-20T15:07:28.926+0000][6][safepoint   ] Safepoint "Cleanup", Time since last: 1000235926 ns, Reaching safepoint: 111281 ns, At safepoint: 3207 ns, Total: 114488 ns
[2025-03-20T15:07:29.927+0000][6][safepoint   ] Safepoint "Cleanup", Time since last: 1001009080 ns, Reaching safepoint: 159865 ns, At safepoint: 5430 ns, Total: 165295 ns
[2025-03-20T15:07:30.928+0000][6][safepoint   ] Safepoint "Cleanup", Time since last: 1000494850 ns, Reaching safepoint: 125367 ns, At safepoint: 8065 ns, Total: 133432 ns
[2025-03-20T15:07:32.929+0000][6][safepoint   ] Safepoint "Cleanup", Time since last: 2001360500 ns, Reaching safepoint: 92326 ns, At safepoint: 4058 ns, Total: 96384 ns
[2025-03-20T15:07:33.930+0000][6][safepoint   ] Safepoint "Cleanup", Time since last: 1001176365 ns, Reaching safepoint: 164934 ns, At safepoint: 7084 ns, Total: 172018 ns
[2025-03-20T15:07:34.931+0000][6][safepoint   ] Safepoint "Cleanup", Time since last: 1000164775 ns, Reaching safepoint: 103638 ns, At safepoint: 3787 ns, Total: 107425 ns
[2025-03-20T15:07:36.932+0000][6][safepoint   ] Safepoint "Cleanup", Time since last: 2001643600 ns, Reaching safepoint: 77868 ns, At safepoint: 4349 ns, Total: 82217 ns
[2025-03-20T15:07:37.933+0000][6][safepoint   ] Safepoint "Cleanup", Time since last: 1000540229 ns, Reaching safepoint: 116220 ns, At safepoint: 7374 ns, Total: 123594 ns
[2025-03-20T15:07:39.934+0000][6][safepoint   ] Safepoint "Cleanup", Time since last: 2000823905 ns, Reaching safepoint: 139155 ns, At safepoint: 4138 ns, Total: 143293 ns
[2025-03-20T15:07:40.935+0000][6][safepoint   ] Safepoint "Cleanup", Time since last: 1000872812 ns, Reaching safepoint: 115540 ns, At safepoint: 3797 ns, Total: 119337 ns
[2025-03-20T15:07:41.936+0000][6][safepoint   ] Safepoint "Cleanup", Time since last: 1000869449 ns, Reaching safepoint: 89220 ns, At safepoint: 4158 ns, Total: 93378 ns
[2025-03-20T15:07:42.937+0000][6][safepoint   ] Safepoint "Cleanup", Time since last: 1000222593 ns, Reaching safepoint: 230329 ns, At safepoint: 6151 ns, Total: 236480 ns
[2025-03-20T15:07:44.938+0000][6][safepoint   ] Safepoint "Cleanup", Time since last: 2000913519 ns, Reaching safepoint: 141399 ns, At safepoint: 5962 ns, Total: 147361 ns
[2025-03-20T15:07:45.907+0000][6][gc,start    ] GC(42) Pause Young (Normal) (G1 Evacuation Pause)
[2025-03-20T15:07:45.907+0000][6][gc,task     ] GC(42) Using 8 workers of 8 for evacuation
[2025-03-20T15:07:45.907+0000][6][gc,age      ] GC(42) Desired survivor size 18874368 bytes, new threshold 15 (max threshold 15)
[2025-03-20T15:07:45.913+0000][6][gc,age      ] GC(42) Age table with threshold 15 (max threshold 15)
[2025-03-20T15:07:45.913+0000][6][gc,age      ] GC(42) - age   1:    2451120 bytes,    2451120 total
[2025-03-20T15:07:45.913+0000][6][gc,age      ] GC(42) - age   2:      16120 bytes,    2467240 total
[2025-03-20T15:07:45.913+0000][6][gc,age      ] GC(42) - age   3:      42744 bytes,    2509984 total
[2025-03-20T15:07:45.913+0000][6][gc,age      ] GC(42) - age   4:     213600 bytes,    2723584 total
[2025-03-20T15:07:45.913+0000][6][gc,age      ] GC(42) - age   5:       2784 bytes,    2726368 total
[2025-03-20T15:07:45.913+0000][6][gc,age      ] GC(42) - age   6:       4792 bytes,    2731160 total
[2025-03-20T15:07:45.913+0000][6][gc,age      ] GC(42) - age   7:     136440 bytes,    2867600 total
[2025-03-20T15:07:45.913+0000][6][gc,age      ] GC(42) - age   8:      40040 bytes,    2907640 total
[2025-03-20T15:07:45.913+0000][6][gc,age      ] GC(42) - age   9:     138568 bytes,    3046208 total
[2025-03-20T15:07:45.913+0000][6][gc,age      ] GC(42) - age  10:      13704 bytes,    3059912 total
[2025-03-20T15:07:45.913+0000][6][gc,age      ] GC(42) - age  11:       7384 bytes,    3067296 total
[2025-03-20T15:07:45.913+0000][6][gc,age      ] GC(42) - age  12:      43096 bytes,    3110392 total
[2025-03-20T15:07:45.913+0000][6][gc,age      ] GC(42) - age  13:      26704 bytes,    3137096 total
[2025-03-20T15:07:45.913+0000][6][gc,age      ] GC(42) - age  14:    2980568 bytes,    6117664 total
[2025-03-20T15:07:45.913+0000][6][gc,age      ] GC(42) - age  15:      13208 bytes,    6130872 total
[2025-03-20T15:07:45.913+0000][6][gc,phases   ] GC(42)   Pre Evacuate Collection Set: 0.1ms
[2025-03-20T15:07:45.913+0000][6][gc,phases   ] GC(42)   Merge Heap Roots: 0.1ms
[2025-03-20T15:07:45.913+0000][6][gc,phases   ] GC(42)   Evacuate Collection Set: 3.1ms
[2025-03-20T15:07:45.913+0000][6][gc,phases   ] GC(42)   Post Evacuate Collection Set: 2.1ms
[2025-03-20T15:07:45.913+0000][6][gc,phases   ] GC(42)   Other: 0.3ms
[2025-03-20T15:07:45.913+0000][6][gc,heap     ] GC(42) Eden regions: 70->0(70)
[2025-03-20T15:07:45.913+0000][6][gc,heap     ] GC(42) Survivor regions: 2->2(9)
[2025-03-20T15:07:45.913+0000][6][gc,heap     ] GC(42) Old regions: 27->27
[2025-03-20T15:07:45.913+0000][6][gc,heap     ] GC(42) Archive regions: 2->2
[2025-03-20T15:07:45.913+0000][6][gc,heap     ] GC(42) Humongous regions: 5->5
[2025-03-20T15:07:45.913+0000][6][gc,metaspace] GC(42) Metaspace: 119893K(121728K)->119893K(121728K) NonClass: 104324K(105344K)->104324K(105344K) Class: 15568K(16384K)->15568K(16384K)
[2025-03-20T15:07:45.913+0000][6][gc          ] GC(42) Pause Young (Normal) (G1 Evacuation Pause) 413M->134M(512M) 5.693ms
[2025-03-20T15:07:45.913+0000][6][gc,cpu      ] GC(42) User=0.01s Sys=0.00s Real=0.00s
[2025-03-20T15:07:45.913+0000][6][safepoint   ] Safepoint "G1CollectForAllocation", Time since last: 969674614 ns, Reaching safepoint: 131942 ns, At safepoint: 5795567 ns, Total: 5927509 ns
[2025-03-20T15:07:46.913+0000][6][safepoint   ] Safepoint "Cleanup", Time since last: 1000170346 ns, Reaching safepoint: 88820 ns, At safepoint: 4498 ns, Total: 93318 ns
[2025-03-20T15:07:47.914+0000][6][safepoint   ] Safepoint "Cleanup", Time since last: 1000539645 ns, Reaching safepoint: 100672 ns, At safepoint: 5250 ns, Total: 105922 ns
[2025-03-20T15:07:48.915+0000][6][safepoint   ] Safepoint "Cleanup", Time since last: 1000671198 ns, Reaching safepoint: 100150 ns, At safepoint: 6612 ns, Total: 106762 ns
[2025-03-20T15:07:49.916+0000][6][safepoint   ] Safepoint "Cleanup", Time since last: 1000900772 ns, Reaching safepoint: 149856 ns, At safepoint: 5731 ns, Total: 155587 ns
[2025-03-20T15:07:50.916+0000][6][safepoint   ] Safepoint "Cleanup", Time since last: 1000178540 ns, Reaching safepoint: 90793 ns, At safepoint: 5360 ns, Total: 96153 ns
[2025-03-20T15:07:51.917+0000][6][safepoint   ] Safepoint "Cleanup", Time since last: 1000918498 ns, Reaching safepoint: 112555 ns, At safepoint: 5570 ns, Total: 118125 ns
[2025-03-20T15:07:52.918+0000][6][safepoint   ] Safepoint "Cleanup", Time since last: 1000943475 ns, Reaching safepoint: 98668 ns, At safepoint: 4278 ns, Total: 102946 ns
[2025-03-20T15:07:54.919+0000][6][safepoint   ] Safepoint "Cleanup", Time since last: 2001055297 ns, Reaching safepoint: 89078 ns, At safepoint: 8516 ns, Total: 97594 ns
[2025-03-20T15:07:55.920+0000][6][safepoint   ] Safepoint "Cleanup", Time since last: 1000875588 ns, Reaching safepoint: 149655 ns, At safepoint: 4388 ns, Total: 154043 ns
[2025-03-20T15:07:57.921+0000][6][safepoint   ] Safepoint "Cleanup", Time since last: 2000737284 ns, Reaching safepoint: 117925 ns, At safepoint: 6132 ns, Total: 124057 ns
[2025-03-20T15:07:58.922+0000][6][safepoint   ] Safepoint "Cleanup", Time since last: 1000637563 ns, Reaching safepoint: 85933 ns, At safepoint: 3868 ns, Total: 89801 ns
[2025-03-20T15:07:59.923+0000][6][safepoint   ] Safepoint "Cleanup", Time since last: 1000991006 ns, Reaching safepoint: 123996 ns, At safepoint: 5441 ns, Total: 129437 ns
[2025-03-20T15:08:00.924+0000][6][safepoint   ] Safepoint "Cleanup", Time since last: 1000734957 ns, Reaching safepoint: 146378 ns, At safepoint: 3948 ns, Total: 150326 ns
[2025-03-20T15:08:02.925+0000][6][safepoint   ] Safepoint "Cleanup", Time since last: 2000925166 ns, Reaching safepoint: 170645 ns, At safepoint: 5480 ns, Total: 176125 ns
[2025-03-20T15:08:03.926+0000][6][safepoint   ] Safepoint "Cleanup", Time since last: 1000958936 ns, Reaching safepoint: 107865 ns, At safepoint: 4809 ns, Total: 112674 ns
[2025-03-20T15:08:04.926+0000][6][safepoint   ] Safepoint "Cleanup", Time since last: 1000122454 ns, Reaching safepoint: 104439 ns, At safepoint: 7694 ns, Total: 112133 ns
[2025-03-20T15:08:06.928+0000][6][safepoint   ] Safepoint "Cleanup", Time since last: 2001282119 ns, Reaching safepoint: 85813 ns, At safepoint: 3477 ns, Total: 89290 ns
[2025-03-20T15:08:07.928+0000][6][safepoint   ] Safepoint "Cleanup", Time since last: 1000159846 ns, Reaching safepoint: 87837 ns, At safepoint: 3637 ns, Total: 91474 ns
[2025-03-20T15:08:09.930+0000][6][safepoint   ] Safepoint "Cleanup", Time since last: 2001353649 ns, Reaching safepoint: 85824 ns, At safepoint: 4298 ns, Total: 90122 ns
[2025-03-20T15:08:10.930+0000][6][safepoint   ] Safepoint "Cleanup", Time since last: 1000685015 ns, Reaching safepoint: 105271 ns, At safepoint: 4148 ns, Total: 109419 ns
[2025-03-20T15:08:11.932+0000][6][safepoint   ] Safepoint "Cleanup", Time since last: 1001092859 ns, Reaching safepoint: 90462 ns, At safepoint: 3797 ns, Total: 94259 ns
[2025-03-20T15:08:12.932+0000][6][safepoint   ] Safepoint "Cleanup", Time since last: 1000400172 ns, Reaching safepoint: 215801 ns, At safepoint: 6392 ns, Total: 222193 ns
[2025-03-20T15:08:13.933+0000][6][safepoint   ] Safepoint "Cleanup", Time since last: 1000823307 ns, Reaching safepoint: 110330 ns, At safepoint: 6803 ns, Total: 117133 ns
[2025-03-20T15:08:14.934+0000][6][safepoint   ] Safepoint "Cleanup", Time since last: 1000618297 ns, Reaching safepoint: 155597 ns, At safepoint: 6452 ns, Total: 162049 ns
[2025-03-20T15:08:15.935+0000][6][safepoint   ] Safepoint "Cleanup", Time since last: 1001100835 ns, Reaching safepoint: 156748 ns, At safepoint: 4098 ns, Total: 160846 ns
[2025-03-20T15:08:16.936+0000][6][safepoint   ] Safepoint "Cleanup", Time since last: 1001004304 ns, Reaching safepoint: 122804 ns, At safepoint: 6121 ns, Total: 128925 ns
[2025-03-20T15:08:17.937+0000][6][safepoint   ] Safepoint "Cleanup", Time since last: 1000436017 ns, Reaching safepoint: 115229 ns, At safepoint: 4028 ns, Total: 119257 ns
[2025-03-20T15:08:18.937+0000][6][safepoint   ] Safepoint "Cleanup", Time since last: 1000455750 ns, Reaching safepoint: 146529 ns, At safepoint: 6813 ns, Total: 153342 ns
[2025-03-20T15:08:19.938+0000][6][safepoint   ] Safepoint "Cleanup", Time since last: 1000669519 ns, Reaching safepoint: 84791 ns, At safepoint: 3858 ns, Total: 88649 ns
[2025-03-20T15:08:20.939+0000][6][safepoint   ] Safepoint "Cleanup", Time since last: 1000840912 ns, Reaching safepoint: 204557 ns, At safepoint: 7465 ns, Total: 212022 ns
[2025-03-20T15:08:21.940+0000][6][safepoint   ] Safepoint "Cleanup", Time since last: 1001090426 ns, Reaching safepoint: 80543 ns, At safepoint: 3907 ns, Total: 84450 ns
[2025-03-20T15:08:22.941+0000][6][safepoint   ] Safepoint "Cleanup", Time since last: 1000464904 ns, Reaching safepoint: 66376 ns, At safepoint: 4008 ns, Total: 70384 ns
[2025-03-20T15:08:24.942+0000][6][safepoint   ] Safepoint "Cleanup", Time since last: 2001208788 ns, Reaching safepoint: 147010 ns, At safepoint: 5301 ns, Total: 152311 ns
[2025-03-20T15:08:25.944+0000][6][safepoint   ] Safepoint "Cleanup", Time since last: 1001131698 ns, Reaching safepoint: 84390 ns, At safepoint: 3467 ns, Total: 87857 ns
[2025-03-20T15:08:27.944+0000][6][safepoint   ] Safepoint "Cleanup", Time since last: 2000693924 ns, Reaching safepoint: 130859 ns, At safepoint: 8095 ns, Total: 138954 ns
[2025-03-20T15:08:28.945+0000][6][safepoint   ] Safepoint "Cleanup", Time since last: 1000522785 ns, Reaching safepoint: 92566 ns, At safepoint: 3537 ns, Total: 96103 ns
[2025-03-20T15:08:29.946+0000][6][safepoint   ] Safepoint "Cleanup", Time since last: 1000548062 ns, Reaching safepoint: 130077 ns, At safepoint: 6052 ns, Total: 136129 ns
[2025-03-20T15:08:30.947+0000][6][safepoint   ] Safepoint "Cleanup", Time since last: 1001100902 ns, Reaching safepoint: 135779 ns, At safepoint: 5581 ns, Total: 141360 ns
[2025-03-20T15:08:32.948+0000][6][safepoint   ] Safepoint "Cleanup", Time since last: 2001262353 ns, Reaching safepoint: 101443 ns, At safepoint: 3857 ns, Total: 105300 ns
[2025-03-20T15:08:33.910+0000][6][gc,start    ] GC(43) Pause Young (Normal) (G1 Evacuation Pause)
[2025-03-20T15:08:33.910+0000][6][gc,task     ] GC(43) Using 8 workers of 8 for evacuation
[2025-03-20T15:08:33.910+0000][6][gc,age      ] GC(43) Desired survivor size 18874368 bytes, new threshold 15 (max threshold 15)
[2025-03-20T15:08:33.914+0000][6][gc,age      ] GC(43) Age table with threshold 15 (max threshold 15)
[2025-03-20T15:08:33.914+0000][6][gc,age      ] GC(43) - age   1:    1984520 bytes,    1984520 total
[2025-03-20T15:08:33.914+0000][6][gc,age      ] GC(43) - age   2:      15352 bytes,    1999872 total
[2025-03-20T15:08:33.914+0000][6][gc,age      ] GC(43) - age   3:      12504 bytes,    2012376 total
[2025-03-20T15:08:33.914+0000][6][gc,age      ] GC(43) - age   4:      42160 bytes,    2054536 total
[2025-03-20T15:08:33.914+0000][6][gc,age      ] GC(43) - age   5:     213360 bytes,    2267896 total
[2025-03-20T15:08:33.914+0000][6][gc,age      ] GC(43) - age   6:       2752 bytes,    2270648 total
[2025-03-20T15:08:33.914+0000][6][gc,age      ] GC(43) - age   7:       4792 bytes,    2275440 total
[2025-03-20T15:08:33.914+0000][6][gc,age      ] GC(43) - age   8:     136440 bytes,    2411880 total
[2025-03-20T15:08:33.914+0000][6][gc,age      ] GC(43) - age   9:      40040 bytes,    2451920 total
[2025-03-20T15:08:33.914+0000][6][gc,age      ] GC(43) - age  10:     138544 bytes,    2590464 total
[2025-03-20T15:08:33.914+0000][6][gc,age      ] GC(43) - age  11:      13704 bytes,    2604168 total
[2025-03-20T15:08:33.914+0000][6][gc,age      ] GC(43) - age  12:       7384 bytes,    2611552 total
[2025-03-20T15:08:33.914+0000][6][gc,age      ] GC(43) - age  13:      43096 bytes,    2654648 total
[2025-03-20T15:08:33.914+0000][6][gc,age      ] GC(43) - age  14:      26704 bytes,    2681352 total
[2025-03-20T15:08:33.914+0000][6][gc,age      ] GC(43) - age  15:    2980568 bytes,    5661920 total
[2025-03-20T15:08:33.914+0000][6][gc,phases   ] GC(43)   Pre Evacuate Collection Set: 0.1ms
[2025-03-20T15:08:33.914+0000][6][gc,phases   ] GC(43)   Merge Heap Roots: 0.1ms
[2025-03-20T15:08:33.914+0000][6][gc,phases   ] GC(43)   Evacuate Collection Set: 2.1ms
[2025-03-20T15:08:33.914+0000][6][gc,phases   ] GC(43)   Post Evacuate Collection Set: 1.5ms
[2025-03-20T15:08:33.914+0000][6][gc,phases   ] GC(43)   Other: 0.2ms
[2025-03-20T15:08:33.914+0000][6][gc,heap     ] GC(43) Eden regions: 70->0(70)
[2025-03-20T15:08:33.914+0000][6][gc,heap     ] GC(43) Survivor regions: 2->2(9)
[2025-03-20T15:08:33.914+0000][6][gc,heap     ] GC(43) Old regions: 27->27
[2025-03-20T15:08:33.914+0000][6][gc,heap     ] GC(43) Archive regions: 2->2
[2025-03-20T15:08:33.914+0000][6][gc,heap     ] GC(43) Humongous regions: 5->5
[2025-03-20T15:08:33.914+0000][6][gc,metaspace] GC(43) Metaspace: 119930K(121792K)->119930K(121792K) NonClass: 104361K(105408K)->104361K(105408K) Class: 15568K(16384K)->15568K(16384K)
[2025-03-20T15:08:33.914+0000][6][gc          ] GC(43) Pause Young (Normal) (G1 Evacuation Pause) 414M->134M(512M) 4.037ms
[2025-03-20T15:08:33.914+0000][6][gc,cpu      ] GC(43) User=0.02s Sys=0.00s Real=0.00s
[2025-03-20T15:08:33.914+0000][6][safepoint   ] Safepoint "G1CollectForAllocation", Time since last: 960349814 ns, Reaching safepoint: 1020707 ns, At safepoint: 4135858 ns, Total: 5156565 ns
[2025-03-20T15:08:34.915+0000][6][safepoint   ] Safepoint "Cleanup", Time since last: 1000939052 ns, Reaching safepoint: 151508 ns, At safepoint: 5771 ns, Total: 157279 ns
[2025-03-20T15:08:36.917+0000][6][safepoint   ] Safepoint "Cleanup", Time since last: 2001577131 ns, Reaching safepoint: 148453 ns, At safepoint: 4248 ns, Total: 152701 ns
[2025-03-20T15:08:37.917+0000][6][safepoint   ] Safepoint "Cleanup", Time since last: 1000613411 ns, Reaching safepoint: 113697 ns, At safepoint: 5691 ns, Total: 119388 ns
[2025-03-20T15:08:39.919+0000][6][safepoint   ] Safepoint "Cleanup", Time since last: 2001740748 ns, Reaching safepoint: 106653 ns, At safepoint: 4859 ns, Total: 111512 ns
[2025-03-20T15:08:40.920+0000][6][safepoint   ] Safepoint "Cleanup", Time since last: 1000500956 ns, Reaching safepoint: 109494 ns, At safepoint: 5901 ns, Total: 115395 ns
[2025-03-20T15:08:42.921+0000][6][safepoint   ] Safepoint "Cleanup", Time since last: 2000735823 ns, Reaching safepoint: 141951 ns, At safepoint: 4438 ns, Total: 146389 ns
[2025-03-20T15:08:44.921+0000][6][safepoint   ] Safepoint "Cleanup", Time since last: 2000604057 ns, Reaching safepoint: 124738 ns, At safepoint: 5130 ns, Total: 129868 ns
[2025-03-20T15:08:45.922+0000][6][safepoint   ] Safepoint "Cleanup", Time since last: 1000561903 ns, Reaching safepoint: 105381 ns, At safepoint: 3877 ns, Total: 109258 ns
[2025-03-20T15:08:46.923+0000][6][safepoint   ] Safepoint "Cleanup", Time since last: 1000679874 ns, Reaching safepoint: 82938 ns, At safepoint: 3596 ns, Total: 86534 ns
[2025-03-20T15:08:47.923+0000][6][safepoint   ] Safepoint "Cleanup", Time since last: 1000269833 ns, Reaching safepoint: 130889 ns, At safepoint: 5170 ns, Total: 136059 ns
[2025-03-20T15:08:48.924+0000][6][safepoint   ] Safepoint "Cleanup", Time since last: 1000536773 ns, Reaching safepoint: 108516 ns, At safepoint: 5040 ns, Total: 113556 ns
[2025-03-20T15:08:49.924+0000][6][safepoint   ] Safepoint "Cleanup", Time since last: 1000254716 ns, Reaching safepoint: 132933 ns, At safepoint: 4569 ns, Total: 137502 ns
[2025-03-20T15:08:51.926+0000][6][safepoint   ] Safepoint "Cleanup", Time since last: 2001803367 ns, Reaching safepoint: 86024 ns, At safepoint: 3526 ns, Total: 89550 ns
[2025-03-20T15:08:52.927+0000][6][safepoint   ] Safepoint "Cleanup", Time since last: 1000427745 ns, Reaching safepoint: 141359 ns, At safepoint: 6512 ns, Total: 147871 ns
[2025-03-20T15:08:54.928+0000][6][safepoint   ] Safepoint "Cleanup", Time since last: 2001118277 ns, Reaching safepoint: 97455 ns, At safepoint: 3457 ns, Total: 100912 ns
[2025-03-20T15:08:55.929+0000][6][safepoint   ] Safepoint "Cleanup", Time since last: 1000531051 ns, Reaching safepoint: 123786 ns, At safepoint: 8205 ns, Total: 131991 ns
[2025-03-20T15:08:57.931+0000][6][safepoint   ] Safepoint "Cleanup", Time since last: 2001959800 ns, Reaching safepoint: 122213 ns, At safepoint: 4088 ns, Total: 126301 ns
[2025-03-20T15:08:58.932+0000][6][safepoint   ] Safepoint "Cleanup", Time since last: 1001025532 ns, Reaching safepoint: 157961 ns, At safepoint: 5670 ns, Total: 163631 ns
[2025-03-20T15:08:59.932+0000][6][safepoint   ] Safepoint "Cleanup", Time since last: 1000467466 ns, Reaching safepoint: 103227 ns, At safepoint: 4989 ns, Total: 108216 ns
[2025-03-20T15:09:00.933+0000][6][safepoint   ] Safepoint "Cleanup", Time since last: 1000899954 ns, Reaching safepoint: 92386 ns, At safepoint: 3617 ns, Total: 96003 ns
[2025-03-20T15:09:02.935+0000][6][safepoint   ] Safepoint "Cleanup", Time since last: 2001277693 ns, Reaching safepoint: 167238 ns, At safepoint: 5721 ns, Total: 172959 ns
[2025-03-20T15:09:03.935+0000][6][safepoint   ] Safepoint "Cleanup", Time since last: 1000421319 ns, Reaching safepoint: 82878 ns, At safepoint: 6221 ns, Total: 89099 ns
[2025-03-20T15:09:04.936+0000][6][safepoint   ] Safepoint "Cleanup", Time since last: 1000384053 ns, Reaching safepoint: 145707 ns, At safepoint: 4579 ns, Total: 150286 ns
[2025-03-20T15:09:06.937+0000][6][safepoint   ] Safepoint "Cleanup", Time since last: 2001040390 ns, Reaching safepoint: 101734 ns, At safepoint: 7283 ns, Total: 109017 ns
[2025-03-20T15:09:07.938+0000][6][safepoint   ] Safepoint "Cleanup", Time since last: 1001019817 ns, Reaching safepoint: 87196 ns, At safepoint: 3326 ns, Total: 90522 ns
[2025-03-20T15:09:09.940+0000][6][safepoint   ] Safepoint "Cleanup", Time since last: 2001206351 ns, Reaching safepoint: 107495 ns, At safepoint: 6042 ns, Total: 113537 ns
[2025-03-20T15:09:10.940+0000][6][safepoint   ] Safepoint "Cleanup", Time since last: 1000761454 ns, Reaching safepoint: 80333 ns, At safepoint: 3567 ns, Total: 83900 ns
[2025-03-20T15:09:12.941+0000][6][safepoint   ] Safepoint "Cleanup", Time since last: 2000869190 ns, Reaching safepoint: 83168 ns, At safepoint: 3246 ns, Total: 86414 ns
[2025-03-20T15:09:14.943+0000][6][safepoint   ] Safepoint "Cleanup", Time since last: 2001376830 ns, Reaching safepoint: 70975 ns, At safepoint: 4929 ns, Total: 75904 ns
[2025-03-20T15:09:15.944+0000][6][safepoint   ] Safepoint "Cleanup", Time since last: 1000544543 ns, Reaching safepoint: 1052244 ns, At safepoint: 16101 ns, Total: 1068345 ns
[2025-03-20T15:09:16.945+0000][6][safepoint   ] Safepoint "Cleanup", Time since last: 1000228179 ns, Reaching safepoint: 111172 ns, At safepoint: 7534 ns, Total: 118706 ns
[2025-03-20T15:09:17.946+0000][6][safepoint   ] Safepoint "Cleanup", Time since last: 1001104749 ns, Reaching safepoint: 101654 ns, At safepoint: 8947 ns, Total: 110601 ns
[2025-03-20T15:09:18.946+0000][6][safepoint   ] Safepoint "Cleanup", Time since last: 1000357967 ns, Reaching safepoint: 96754 ns, At safepoint: 7184 ns, Total: 103938 ns
[2025-03-20T15:09:19.947+0000][6][safepoint   ] Safepoint "Cleanup", Time since last: 1000123522 ns, Reaching safepoint: 102866 ns, At safepoint: 9238 ns, Total: 112104 ns
[2025-03-20T15:09:20.948+0000][6][safepoint   ] Safepoint "Cleanup", Time since last: 1000833239 ns, Reaching safepoint: 155216 ns, At safepoint: 5690 ns, Total: 160906 ns
[2025-03-20T15:09:21.948+0000][6][safepoint   ] Safepoint "Cleanup", Time since last: 1000659547 ns, Reaching safepoint: 97305 ns, At safepoint: 3958 ns, Total: 101263 ns
[2025-03-20T15:09:22.949+0000][6][safepoint   ] Safepoint "Cleanup", Time since last: 1000889354 ns, Reaching safepoint: 107535 ns, At safepoint: 3807 ns, Total: 111342 ns
[2025-03-20T15:09:24.951+0000][6][safepoint   ] Safepoint "Cleanup", Time since last: 2001291353 ns, Reaching safepoint: 99630 ns, At safepoint: 6873 ns, Total: 106503 ns
[2025-03-20T15:09:25.952+0000][6][safepoint   ] Safepoint "Cleanup", Time since last: 1000770958 ns, Reaching safepoint: 89480 ns, At safepoint: 3827 ns, Total: 93307 ns
[2025-03-20T15:09:27.934+0000][6][gc,start    ] GC(44) Pause Young (Normal) (G1 Evacuation Pause)
[2025-03-20T15:09:27.934+0000][6][gc,task     ] GC(44) Using 8 workers of 8 for evacuation
[2025-03-20T15:09:27.934+0000][6][gc,age      ] GC(44) Desired survivor size 18874368 bytes, new threshold 15 (max threshold 15)
[2025-03-20T15:09:27.938+0000][6][gc,age      ] GC(44) Age table with threshold 15 (max threshold 15)
[2025-03-20T15:09:27.938+0000][6][gc,age      ] GC(44) - age   1:    2046328 bytes,    2046328 total
[2025-03-20T15:09:27.938+0000][6][gc,age      ] GC(44) - age   2:      14864 bytes,    2061192 total
[2025-03-20T15:09:27.938+0000][6][gc,age      ] GC(44) - age   3:      12496 bytes,    2073688 total
[2025-03-20T15:09:27.938+0000][6][gc,age      ] GC(44) - age   4:      11792 bytes,    2085480 total
[2025-03-20T15:09:27.938+0000][6][gc,age      ] GC(44) - age   5:      42096 bytes,    2127576 total
[2025-03-20T15:09:27.938+0000][6][gc,age      ] GC(44) - age   6:     213360 bytes,    2340936 total
[2025-03-20T15:09:27.938+0000][6][gc,age      ] GC(44) - age   7:       2752 bytes,    2343688 total
[2025-03-20T15:09:27.938+0000][6][gc,age      ] GC(44) - age   8:       4792 bytes,    2348480 total
[2025-03-20T15:09:27.938+0000][6][gc,age      ] GC(44) - age   9:     136440 bytes,    2484920 total
[2025-03-20T15:09:27.938+0000][6][gc,age      ] GC(44) - age  10:      40040 bytes,    2524960 total
[2025-03-20T15:09:27.938+0000][6][gc,age      ] GC(44) - age  11:     138544 bytes,    2663504 total
[2025-03-20T15:09:27.938+0000][6][gc,age      ] GC(44) - age  12:      13704 bytes,    2677208 total
[2025-03-20T15:09:27.938+0000][6][gc,age      ] GC(44) - age  13:       7384 bytes,    2684592 total
[2025-03-20T15:09:27.938+0000][6][gc,age      ] GC(44) - age  14:      43096 bytes,    2727688 total
[2025-03-20T15:09:27.938+0000][6][gc,age      ] GC(44) - age  15:      26704 bytes,    2754392 total
[2025-03-20T15:09:27.938+0000][6][gc,phases   ] GC(44)   Pre Evacuate Collection Set: 0.1ms
[2025-03-20T15:09:27.938+0000][6][gc,phases   ] GC(44)   Merge Heap Roots: 0.0ms
[2025-03-20T15:09:27.938+0000][6][gc,phases   ] GC(44)   Evacuate Collection Set: 3.6ms
[2025-03-20T15:09:27.939+0000][6][gc,phases   ] GC(44)   Post Evacuate Collection Set: 0.8ms
[2025-03-20T15:09:27.939+0000][6][gc,phases   ] GC(44)   Other: 0.3ms
[2025-03-20T15:09:27.939+0000][6][gc,heap     ] GC(44) Eden regions: 70->0(71)
[2025-03-20T15:09:27.939+0000][6][gc,heap     ] GC(44) Survivor regions: 2->1(9)
[2025-03-20T15:09:27.939+0000][6][gc,heap     ] GC(44) Old regions: 27->27
[2025-03-20T15:09:27.939+0000][6][gc,heap     ] GC(44) Archive regions: 2->2
[2025-03-20T15:09:27.939+0000][6][gc,heap     ] GC(44) Humongous regions: 5->5
[2025-03-20T15:09:27.939+0000][6][gc,metaspace] GC(44) Metaspace: 119968K(121792K)->119968K(121792K) NonClass: 104399K(105408K)->104399K(105408K) Class: 15568K(16384K)->15568K(16384K)
[2025-03-20T15:09:27.939+0000][6][gc          ] GC(44) Pause Young (Normal) (G1 Evacuation Pause) 414M->133M(512M) 4.964ms
[2025-03-20T15:09:27.939+0000][6][gc,cpu      ] GC(44) User=0.01s Sys=0.00s Real=0.01s
[2025-03-20T15:09:27.939+0000][6][safepoint   ] Safepoint "G1CollectForAllocation", Time since last: 1981664639 ns, Reaching safepoint: 123305 ns, At safepoint: 5100797 ns, Total: 5224102 ns
[2025-03-20T15:09:28.939+0000][6][safepoint   ] Safepoint "Cleanup", Time since last: 1000296224 ns, Reaching safepoint: 110079 ns, At safepoint: 4619 ns, Total: 114698 ns
[2025-03-20T15:09:29.940+0000][6][safepoint   ] Safepoint "Cleanup", Time since last: 1000781359 ns, Reaching safepoint: 100261 ns, At safepoint: 3557 ns, Total: 103818 ns
[2025-03-20T15:09:30.941+0000][6][safepoint   ] Safepoint "Cleanup", Time since last: 1000826722 ns, Reaching safepoint: 78279 ns, At safepoint: 3947 ns, Total: 82226 ns
[2025-03-20T15:09:32.942+0000][6][safepoint   ] Safepoint "Cleanup", Time since last: 2001203406 ns, Reaching safepoint: 203427 ns, At safepoint: 10240 ns, Total: 213667 ns
[2025-03-20T15:09:33.943+0000][6][safepoint   ] Safepoint "Cleanup", Time since last: 1000655867 ns, Reaching safepoint: 148233 ns, At safepoint: 5340 ns, Total: 153573 ns
[2025-03-20T15:09:34.944+0000][6][safepoint   ] Safepoint "Cleanup", Time since last: 1000961368 ns, Reaching safepoint: 114478 ns, At safepoint: 4559 ns, Total: 119037 ns
[2025-03-20T15:09:35.945+0000][6][safepoint   ] Safepoint "Cleanup", Time since last: 1001131984 ns, Reaching safepoint: 162309 ns, At safepoint: 5611 ns, Total: 167920 ns
[2025-03-20T15:09:36.947+0000][6][safepoint   ] Safepoint "Cleanup", Time since last: 1000525113 ns, Reaching safepoint: 590182 ns, At safepoint: 6913 ns, Total: 597095 ns
[2025-03-20T15:09:37.947+0000][6][safepoint   ] Safepoint "Cleanup", Time since last: 1000627716 ns, Reaching safepoint: 131931 ns, At safepoint: 11231 ns, Total: 143162 ns
[2025-03-20T15:09:39.948+0000][6][safepoint   ] Safepoint "Cleanup", Time since last: 2000750801 ns, Reaching safepoint: 136059 ns, At safepoint: 6442 ns, Total: 142501 ns
[2025-03-20T15:09:40.949+0000][6][safepoint   ] Safepoint "Cleanup", Time since last: 1000727013 ns, Reaching safepoint: 166688 ns, At safepoint: 5801 ns, Total: 172489 ns
[2025-03-20T15:09:42.951+0000][6][safepoint   ] Safepoint "Cleanup", Time since last: 2001517615 ns, Reaching safepoint: 110581 ns, At safepoint: 4178 ns, Total: 114759 ns
[2025-03-20T15:09:44.951+0000][6][safepoint   ] Safepoint "Cleanup", Time since last: 2000451908 ns, Reaching safepoint: 87667 ns, At safepoint: 5720 ns, Total: 93387 ns
[2025-03-20T15:09:45.952+0000][6][safepoint   ] Safepoint "Cleanup", Time since last: 1000766807 ns, Reaching safepoint: 118195 ns, At safepoint: 5470 ns, Total: 123665 ns
[2025-03-20T15:09:46.953+0000][6][safepoint   ] Safepoint "Cleanup", Time since last: 1000326064 ns, Reaching safepoint: 92176 ns, At safepoint: 3747 ns, Total: 95923 ns
[2025-03-20T15:09:47.953+0000][6][safepoint   ] Safepoint "Cleanup", Time since last: 1000430484 ns, Reaching safepoint: 128285 ns, At safepoint: 3777 ns, Total: 132062 ns
[2025-03-20T15:09:48.954+0000][6][safepoint   ] Safepoint "Cleanup", Time since last: 1000338192 ns, Reaching safepoint: 85263 ns, At safepoint: 3406 ns, Total: 88669 ns
[2025-03-20T15:09:49.954+0000][6][safepoint   ] Safepoint "Cleanup", Time since last: 1000494862 ns, Reaching safepoint: 150156 ns, At safepoint: 4478 ns, Total: 154634 ns
[2025-03-20T15:09:51.955+0000][6][safepoint   ] Safepoint "Cleanup", Time since last: 2001025630 ns, Reaching safepoint: 94149 ns, At safepoint: 5110 ns, Total: 99259 ns
[2025-03-20T15:09:52.956+0000][6][safepoint   ] Safepoint "Cleanup", Time since last: 1000650741 ns, Reaching safepoint: 113947 ns, At safepoint: 4268 ns, Total: 118215 ns
[2025-03-20T15:09:54.957+0000][6][safepoint   ] Safepoint "Cleanup", Time since last: 2001214087 ns, Reaching safepoint: 104790 ns, At safepoint: 4248 ns, Total: 109038 ns
[2025-03-20T15:09:55.958+0000][6][safepoint   ] Safepoint "Cleanup", Time since last: 1000252617 ns, Reaching safepoint: 97040 ns, At safepoint: 6572 ns, Total: 103612 ns
[2025-03-20T15:09:57.959+0000][6][safepoint   ] Safepoint "Cleanup", Time since last: 2001236929 ns, Reaching safepoint: 122554 ns, At safepoint: 4609 ns, Total: 127163 ns
[2025-03-20T15:09:58.960+0000][6][safepoint   ] Safepoint "Cleanup", Time since last: 1000325922 ns, Reaching safepoint: 136180 ns, At safepoint: 6362 ns, Total: 142542 ns
[2025-03-20T15:09:59.960+0000][6][safepoint   ] Safepoint "Cleanup", Time since last: 1000732678 ns, Reaching safepoint: 89781 ns, At safepoint: 5621 ns, Total: 95402 ns
[2025-03-20T15:10:00.961+0000][6][safepoint   ] Safepoint "Cleanup", Time since last: 1000514430 ns, Reaching safepoint: 295020 ns, At safepoint: 7093 ns, Total: 302113 ns
[2025-03-20T15:10:02.964+0000][6][safepoint   ] Safepoint "Cleanup", Time since last: 2001573625 ns, Reaching safepoint: 687198 ns, At safepoint: 7665 ns, Total: 694863 ns
[2025-03-20T15:10:03.964+0000][6][safepoint   ] Safepoint "Cleanup", Time since last: 1000191646 ns, Reaching safepoint: 607406 ns, At safepoint: 7625 ns, Total: 615031 ns
[2025-03-20T15:10:04.965+0000][6][safepoint   ] Safepoint "Cleanup", Time since last: 1000520969 ns, Reaching safepoint: 130318 ns, At safepoint: 5070 ns, Total: 135388 ns
[2025-03-20T15:10:06.967+0000][6][safepoint   ] Safepoint "Cleanup", Time since last: 2001493912 ns, Reaching safepoint: 118977 ns, At safepoint: 5220 ns, Total: 124197 ns
[2025-03-20T15:10:07.967+0000][6][safepoint   ] Safepoint "Cleanup", Time since last: 1000189729 ns, Reaching safepoint: 131781 ns, At safepoint: 5731 ns, Total: 137512 ns
[2025-03-20T15:10:09.968+0000][6][safepoint   ] Safepoint "Cleanup", Time since last: 2000559209 ns, Reaching safepoint: 120903 ns, At safepoint: 7324 ns, Total: 128227 ns
[2025-03-20T15:10:10.968+0000][6][safepoint   ] Safepoint "Cleanup", Time since last: 1000663842 ns, Reaching safepoint: 109298 ns, At safepoint: 4449 ns, Total: 113747 ns
[2025-03-20T15:10:12.969+0000][6][safepoint   ] Safepoint "Cleanup", Time since last: 2000419835 ns, Reaching safepoint: 96814 ns, At safepoint: 3627 ns, Total: 100441 ns
[2025-03-20T15:10:14.970+0000][6][safepoint   ] Safepoint "Cleanup", Time since last: 2001090520 ns, Reaching safepoint: 114638 ns, At safepoint: 4008 ns, Total: 118646 ns
[2025-03-20T15:10:15.971+0000][6][safepoint   ] Safepoint "Cleanup", Time since last: 1000556678 ns, Reaching safepoint: 201503 ns, At safepoint: 7094 ns, Total: 208597 ns
[2025-03-20T15:10:16.971+0000][6][safepoint   ] Safepoint "Cleanup", Time since last: 1000205676 ns, Reaching safepoint: 77167 ns, At safepoint: 4138 ns, Total: 81305 ns
[2025-03-20T15:10:17.972+0000][6][safepoint   ] Safepoint "Cleanup", Time since last: 1000445926 ns, Reaching safepoint: 157870 ns, At safepoint: 9789 ns, Total: 167659 ns
[2025-03-20T15:10:18.973+0000][6][safepoint   ] Safepoint "Cleanup", Time since last: 1000445346 ns, Reaching safepoint: 1067706 ns, At safepoint: 18595 ns, Total: 1086301 ns
[2025-03-20T15:10:19.974+0000][6][safepoint   ] Safepoint "Cleanup", Time since last: 1000539076 ns, Reaching safepoint: 90803 ns, At safepoint: 4118 ns, Total: 94921 ns
[2025-03-20T15:10:20.975+0000][6][safepoint   ] Safepoint "Cleanup", Time since last: 1000679289 ns, Reaching safepoint: 178730 ns, At safepoint: 6342 ns, Total: 185072 ns
[2025-03-20T15:10:21.937+0000][6][gc,start    ] GC(45) Pause Young (Normal) (G1 Evacuation Pause)
[2025-03-20T15:10:21.937+0000][6][gc,task     ] GC(45) Using 8 workers of 8 for evacuation
[2025-03-20T15:10:21.937+0000][6][gc,age      ] GC(45) Desired survivor size 18874368 bytes, new threshold 15 (max threshold 15)
[2025-03-20T15:10:21.940+0000][6][gc,age      ] GC(45) Age table with threshold 15 (max threshold 15)
[2025-03-20T15:10:21.940+0000][6][gc,age      ] GC(45) - age   1:    2352392 bytes,    2352392 total
[2025-03-20T15:10:21.940+0000][6][gc,age      ] GC(45) - age   2:       9536 bytes,    2361928 total
[2025-03-20T15:10:21.940+0000][6][gc,age      ] GC(45) - age   3:       3976 bytes,    2365904 total
[2025-03-20T15:10:21.940+0000][6][gc,age      ] GC(45) - age   4:      11840 bytes,    2377744 total
[2025-03-20T15:10:21.940+0000][6][gc,age      ] GC(45) - age   5:       3048 bytes,    2380792 total
[2025-03-20T15:10:21.940+0000][6][gc,age      ] GC(45) - age   6:      11736 bytes,    2392528 total
[2025-03-20T15:10:21.940+0000][6][gc,age      ] GC(45) - age   7:     125696 bytes,    2518224 total
[2025-03-20T15:10:21.940+0000][6][gc,age      ] GC(45) - age   8:       2752 bytes,    2520976 total
[2025-03-20T15:10:21.940+0000][6][gc,age      ] GC(45) - age   9:       4792 bytes,    2525768 total
[2025-03-20T15:10:21.940+0000][6][gc,age      ] GC(45) - age  10:      20320 bytes,    2546088 total
[2025-03-20T15:10:21.940+0000][6][gc,age      ] GC(45) - age  11:       6168 bytes,    2552256 total
[2025-03-20T15:10:21.940+0000][6][gc,age      ] GC(45) - age  12:     137176 bytes,    2689432 total
[2025-03-20T15:10:21.940+0000][6][gc,age      ] GC(45) - age  13:      13704 bytes,    2703136 total
[2025-03-20T15:10:21.940+0000][6][gc,age      ] GC(45) - age  14:       7384 bytes,    2710520 total
[2025-03-20T15:10:21.940+0000][6][gc,age      ] GC(45) - age  15:      43064 bytes,    2753584 total
[2025-03-20T15:10:21.940+0000][6][gc,phases   ] GC(45)   Pre Evacuate Collection Set: 0.1ms
[2025-03-20T15:10:21.940+0000][6][gc,phases   ] GC(45)   Merge Heap Roots: 0.1ms
[2025-03-20T15:10:21.940+0000][6][gc,phases   ] GC(45)   Evacuate Collection Set: 1.7ms
[2025-03-20T15:10:21.940+0000][6][gc,phases   ] GC(45)   Post Evacuate Collection Set: 0.8ms
[2025-03-20T15:10:21.940+0000][6][gc,phases   ] GC(45)   Other: 0.2ms
[2025-03-20T15:10:21.940+0000][6][gc,heap     ] GC(45) Eden regions: 71->0(71)
[2025-03-20T15:10:21.940+0000][6][gc,heap     ] GC(45) Survivor regions: 1->1(9)
[2025-03-20T15:10:21.940+0000][6][gc,heap     ] GC(45) Old regions: 27->27
[2025-03-20T15:10:21.940+0000][6][gc,heap     ] GC(45) Archive regions: 2->2
[2025-03-20T15:10:21.940+0000][6][gc,heap     ] GC(45) Humongous regions: 5->5
[2025-03-20T15:10:21.940+0000][6][gc,metaspace] GC(45) Metaspace: 120008K(121856K)->120008K(121856K) NonClass: 104435K(105472K)->104435K(105472K) Class: 15572K(16384K)->15572K(16384K)
[2025-03-20T15:10:21.940+0000][6][gc          ] GC(45) Pause Young (Normal) (G1 Evacuation Pause) 417M->134M(512M) 2.966ms
[2025-03-20T15:10:21.940+0000][6][gc,cpu      ] GC(45) User=0.01s Sys=0.00s Real=0.01s
[2025-03-20T15:10:21.940+0000][6][safepoint   ] Safepoint "G1CollectForAllocation", Time since last: 961799207 ns, Reaching safepoint: 84441 ns, At safepoint: 3046262 ns, Total: 3130703 ns
[2025-03-20T15:10:22.941+0000][6][safepoint   ] Safepoint "Cleanup", Time since last: 1000705152 ns, Reaching safepoint: 108617 ns, At safepoint: 4579 ns, Total: 113196 ns
[2025-03-20T15:10:24.941+0000][6][safepoint   ] Safepoint "Cleanup", Time since last: 2000471028 ns, Reaching safepoint: 69352 ns, At safepoint: 26872 ns, Total: 96224 ns
[2025-03-20T15:10:25.942+0000][6][safepoint   ] Safepoint "Cleanup", Time since last: 1000492278 ns, Reaching safepoint: 161187 ns, At safepoint: 5060 ns, Total: 166247 ns
[2025-03-20T15:10:27.944+0000][6][safepoint   ] Safepoint "Cleanup", Time since last: 2001814953 ns, Reaching safepoint: 104878 ns, At safepoint: 6363 ns, Total: 111241 ns
[2025-03-20T15:10:28.944+0000][6][safepoint   ] Safepoint "Cleanup", Time since last: 1000597626 ns, Reaching safepoint: 108437 ns, At safepoint: 4448 ns, Total: 112885 ns
[2025-03-20T15:10:29.945+0000][6][safepoint   ] Safepoint "Cleanup", Time since last: 1000699532 ns, Reaching safepoint: 99129 ns, At safepoint: 4078 ns, Total: 103207 ns
[2025-03-20T15:10:30.946+0000][6][safepoint   ] Safepoint "Cleanup", Time since last: 1000411803 ns, Reaching safepoint: 256028 ns, At safepoint: 20659 ns, Total: 276687 ns
[2025-03-20T15:10:31.946+0000][6][safepoint   ] Safepoint "Cleanup", Time since last: 1000321693 ns, Reaching safepoint: 108883 ns, At safepoint: 6433 ns, Total: 115316 ns
[2025-03-20T15:10:32.947+0000][6][safepoint   ] Safepoint "Cleanup", Time since last: 1000674936 ns, Reaching safepoint: 86886 ns, At safepoint: 4007 ns, Total: 90893 ns
[2025-03-20T15:10:33.948+0000][6][safepoint   ] Safepoint "Cleanup", Time since last: 1000563713 ns, Reaching safepoint: 116482 ns, At safepoint: 7975 ns, Total: 124457 ns
[2025-03-20T15:10:34.949+0000][6][safepoint   ] Safepoint "Cleanup", Time since last: 1000566087 ns, Reaching safepoint: 107465 ns, At safepoint: 4048 ns, Total: 111513 ns
[2025-03-20T15:10:36.950+0000][6][safepoint   ] Safepoint "Cleanup", Time since last: 2000536118 ns, Reaching safepoint: 1244068 ns, At safepoint: 26300 ns, Total: 1270368 ns
[2025-03-20T15:10:37.951+0000][6][safepoint   ] Safepoint "Cleanup", Time since last: 1000718286 ns, Reaching safepoint: 92056 ns, At safepoint: 4338 ns, Total: 96394 ns
[2025-03-20T15:10:39.954+0000][6][safepoint   ] Safepoint "Cleanup", Time since last: 2001409006 ns, Reaching safepoint: 1200263 ns, At safepoint: 23044 ns, Total: 1223307 ns
[2025-03-20T15:10:40.955+0000][6][safepoint   ] Safepoint "Cleanup", Time since last: 1000657591 ns, Reaching safepoint: 159804 ns, At safepoint: 5421 ns, Total: 165225 ns
[2025-03-20T15:10:42.956+0000][6][safepoint   ] Safepoint "Cleanup", Time since last: 2001394407 ns, Reaching safepoint: 201173 ns, At safepoint: 35968 ns, Total: 237141 ns
[2025-03-20T15:10:43.957+0000][6][safepoint   ] Safepoint "Cleanup", Time since last: 1000169601 ns, Reaching safepoint: 650998 ns, At safepoint: 8977 ns, Total: 659975 ns
[2025-03-20T15:10:44.957+0000][6][safepoint   ] Safepoint "Cleanup", Time since last: 1000139608 ns, Reaching safepoint: 116477 ns, At safepoint: 6663 ns, Total: 123140 ns
[2025-03-20T15:10:45.958+0000][6][safepoint   ] Safepoint "Cleanup", Time since last: 1000733970 ns, Reaching safepoint: 180423 ns, At safepoint: 7414 ns, Total: 187837 ns
[2025-03-20T15:10:47.961+0000][6][safepoint   ] Safepoint "Cleanup", Time since last: 2002013796 ns, Reaching safepoint: 1040702 ns, At safepoint: 21070 ns, Total: 1061772 ns
[2025-03-20T15:10:48.962+0000][6][safepoint   ] Safepoint "Cleanup", Time since last: 1000292712 ns, Reaching safepoint: 75614 ns, At safepoint: 3987 ns, Total: 79601 ns
[2025-03-20T15:10:49.963+0000][6][safepoint   ] Safepoint "Cleanup", Time since last: 1001104115 ns, Reaching safepoint: 122973 ns, At safepoint: 26761 ns, Total: 149734 ns
[2025-03-20T15:10:51.963+0000][6][safepoint   ] Safepoint "Cleanup", Time since last: 2000340160 ns, Reaching safepoint: 93767 ns, At safepoint: 5992 ns, Total: 99759 ns
[2025-03-20T15:10:52.965+0000][6][safepoint   ] Safepoint "Cleanup", Time since last: 1000486447 ns, Reaching safepoint: 1081427 ns, At safepoint: 16732 ns, Total: 1098159 ns
[2025-03-20T15:10:54.966+0000][6][safepoint   ] Safepoint "Cleanup", Time since last: 2001040300 ns, Reaching safepoint: 103583 ns, At safepoint: 8176 ns, Total: 111759 ns
[2025-03-20T15:10:57.970+0000][6][safepoint   ] Safepoint "Cleanup", Time since last: 3003258319 ns, Reaching safepoint: 1101288 ns, At safepoint: 17984 ns, Total: 1119272 ns
[2025-03-20T15:10:59.971+0000][6][safepoint   ] Safepoint "Cleanup", Time since last: 2000612371 ns, Reaching safepoint: 113887 ns, At safepoint: 9037 ns, Total: 122924 ns
[2025-03-20T15:11:00.972+0000][6][safepoint   ] Safepoint "Cleanup", Time since last: 1000919452 ns, Reaching safepoint: 151368 ns, At safepoint: 5781 ns, Total: 157149 ns
[2025-03-20T15:11:02.973+0000][6][safepoint   ] Safepoint "Cleanup", Time since last: 2001089424 ns, Reaching safepoint: 94189 ns, At safepoint: 4990 ns, Total: 99179 ns
[2025-03-20T15:11:03.948+0000][6][gc,start    ] GC(46) Pause Young (Normal) (G1 Evacuation Pause)
[2025-03-20T15:11:03.948+0000][6][gc,task     ] GC(46) Using 8 workers of 8 for evacuation
[2025-03-20T15:11:03.948+0000][6][gc,age      ] GC(46) Desired survivor size 18874368 bytes, new threshold 15 (max threshold 15)
[2025-03-20T15:11:03.953+0000][6][gc,age      ] GC(46) Age table with threshold 15 (max threshold 15)
[2025-03-20T15:11:03.953+0000][6][gc,age      ] GC(46) - age   1:    1588288 bytes,    1588288 total
[2025-03-20T15:11:03.953+0000][6][gc,age      ] GC(46) - age   2:      86320 bytes,    1674608 total
[2025-03-20T15:11:03.953+0000][6][gc,age      ] GC(46) - age   3:       7584 bytes,    1682192 total
[2025-03-20T15:11:03.953+0000][6][gc,age      ] GC(46) - age   4:       3584 bytes,    1685776 total
[2025-03-20T15:11:03.953+0000][6][gc,age      ] GC(46) - age   5:      11728 bytes,    1697504 total
[2025-03-20T15:11:03.953+0000][6][gc,age      ] GC(46) - age   6:       2952 bytes,    1700456 total
[2025-03-20T15:11:03.953+0000][6][gc,age      ] GC(46) - age   7:      11672 bytes,    1712128 total
[2025-03-20T15:11:03.953+0000][6][gc,age      ] GC(46) - age   8:       8088 bytes,    1720216 total
[2025-03-20T15:11:03.953+0000][6][gc,age      ] GC(46) - age   9:       2752 bytes,    1722968 total
[2025-03-20T15:11:03.953+0000][6][gc,age      ] GC(46) - age  10:       4792 bytes,    1727760 total
[2025-03-20T15:11:03.953+0000][6][gc,age      ] GC(46) - age  11:      20224 bytes,    1747984 total
[2025-03-20T15:11:03.953+0000][6][gc,age      ] GC(46) - age  12:       5976 bytes,    1753960 total
[2025-03-20T15:11:03.953+0000][6][gc,age      ] GC(46) - age  13:     135528 bytes,    1889488 total
[2025-03-20T15:11:03.953+0000][6][gc,age      ] GC(46) - age  14:      13704 bytes,    1903192 total
[2025-03-20T15:11:03.953+0000][6][gc,age      ] GC(46) - age  15:       7384 bytes,    1910576 total
[2025-03-20T15:11:03.953+0000][6][gc,phases   ] GC(46)   Pre Evacuate Collection Set: 0.1ms
[2025-03-20T15:11:03.953+0000][6][gc,phases   ] GC(46)   Merge Heap Roots: 0.0ms
[2025-03-20T15:11:03.953+0000][6][gc,phases   ] GC(46)   Evacuate Collection Set: 3.3ms
[2025-03-20T15:11:03.953+0000][6][gc,phases   ] GC(46)   Post Evacuate Collection Set: 0.8ms
[2025-03-20T15:11:03.953+0000][6][gc,phases   ] GC(46)   Other: 0.3ms
[2025-03-20T15:11:03.953+0000][6][gc,heap     ] GC(46) Eden regions: 71->0(71)
[2025-03-20T15:11:03.953+0000][6][gc,heap     ] GC(46) Survivor regions: 1->1(9)
[2025-03-20T15:11:03.953+0000][6][gc,heap     ] GC(46) Old regions: 27->27
[2025-03-20T15:11:03.953+0000][6][gc,heap     ] GC(46) Archive regions: 2->2
[2025-03-20T15:11:03.953+0000][6][gc,heap     ] GC(46) Humongous regions: 5->5
[2025-03-20T15:11:03.953+0000][6][gc,metaspace] GC(46) Metaspace: 120031K(121856K)->120031K(121856K) NonClass: 104458K(105472K)->104458K(105472K) Class: 15572K(16384K)->15572K(16384K)
[2025-03-20T15:11:03.953+0000][6][gc          ] GC(46) Pause Young (Normal) (G1 Evacuation Pause) 418M->133M(512M) 4.566ms
[2025-03-20T15:11:03.953+0000][6][gc,cpu      ] GC(46) User=0.01s Sys=0.00s Real=0.00s
[2025-03-20T15:11:03.953+0000][6][safepoint   ] Safepoint "G1CollectForAllocation", Time since last: 974633061 ns, Reaching safepoint: 66898 ns, At safepoint: 4652780 ns, Total: 4719678 ns
[2025-03-20T15:11:04.954+0000][6][safepoint   ] Safepoint "Cleanup", Time since last: 1000663021 ns, Reaching safepoint: 104429 ns, At safepoint: 4439 ns, Total: 108868 ns
[2025-03-20T15:11:06.956+0000][6][safepoint   ] Safepoint "Cleanup", Time since last: 2001094500 ns, Reaching safepoint: 1053687 ns, At safepoint: 16721 ns, Total: 1070408 ns
[2025-03-20T15:11:07.956+0000][6][safepoint   ] Safepoint "Cleanup", Time since last: 1000523566 ns, Reaching safepoint: 111873 ns, At safepoint: 4498 ns, Total: 116371 ns
[2025-03-20T15:11:09.958+0000][6][safepoint   ] Safepoint "Cleanup", Time since last: 2001295612 ns, Reaching safepoint: 101033 ns, At safepoint: 4007 ns, Total: 105040 ns
[2025-03-20T15:11:12.960+0000][6][safepoint   ] Safepoint "Cleanup", Time since last: 3001106016 ns, Reaching safepoint: 917565 ns, At safepoint: 21381 ns, Total: 938946 ns
[2025-03-20T15:11:14.961+0000][6][safepoint   ] Safepoint "Cleanup", Time since last: 2001067561 ns, Reaching safepoint: 128104 ns, At safepoint: 3968 ns, Total: 132072 ns
[2025-03-20T15:11:15.962+0000][6][safepoint   ] Safepoint "Cleanup", Time since last: 1000803008 ns, Reaching safepoint: 110510 ns, At safepoint: 14468 ns, Total: 124978 ns
[2025-03-20T15:11:16.963+0000][6][safepoint   ] Safepoint "Cleanup", Time since last: 1000517192 ns, Reaching safepoint: 125820 ns, At safepoint: 5009 ns, Total: 130829 ns
[2025-03-20T15:11:17.963+0000][6][safepoint   ] Safepoint "Cleanup", Time since last: 1000384554 ns, Reaching safepoint: 107024 ns, At safepoint: 5531 ns, Total: 112555 ns
[2025-03-20T15:11:18.965+0000][6][safepoint   ] Safepoint "Cleanup", Time since last: 1000501163 ns, Reaching safepoint: 1031185 ns, At safepoint: 17113 ns, Total: 1048298 ns
[2025-03-20T15:11:19.965+0000][6][safepoint   ] Safepoint "Cleanup", Time since last: 1000478736 ns, Reaching safepoint: 104363 ns, At safepoint: 6422 ns, Total: 110785 ns
[2025-03-20T15:11:20.966+0000][6][safepoint   ] Safepoint "Cleanup", Time since last: 1000788108 ns, Reaching safepoint: 101714 ns, At safepoint: 3967 ns, Total: 105681 ns
[2025-03-20T15:11:22.968+0000][6][safepoint   ] Safepoint "Cleanup", Time since last: 2001503954 ns, Reaching safepoint: 98888 ns, At safepoint: 4168 ns, Total: 103056 ns
[2025-03-20T15:11:24.970+0000][6][safepoint   ] Safepoint "Cleanup", Time since last: 2000987944 ns, Reaching safepoint: 1035726 ns, At safepoint: 6061 ns, Total: 1041787 ns
[2025-03-20T15:11:25.970+0000][6][safepoint   ] Safepoint "Cleanup", Time since last: 1000297737 ns, Reaching safepoint: 74863 ns, At safepoint: 6211 ns, Total: 81074 ns
[2025-03-20T15:11:27.971+0000][6][safepoint   ] Safepoint "Cleanup", Time since last: 2000756286 ns, Reaching safepoint: 117204 ns, At safepoint: 4077 ns, Total: 121281 ns
[2025-03-20T15:11:29.973+0000][6][safepoint   ] Safepoint "Cleanup", Time since last: 2001348466 ns, Reaching safepoint: 158442 ns, At safepoint: 7123 ns, Total: 165565 ns
[2025-03-20T15:11:30.973+0000][6][safepoint   ] Safepoint "Cleanup", Time since last: 1000804533 ns, Reaching safepoint: 63631 ns, At safepoint: 18455 ns, Total: 82086 ns
[2025-03-20T15:11:32.975+0000][6][safepoint   ] Safepoint "Cleanup", Time since last: 2000962046 ns, Reaching safepoint: 175073 ns, At safepoint: 5250 ns, Total: 180323 ns
[2025-03-20T15:11:33.975+0000][6][safepoint   ] Safepoint "Cleanup", Time since last: 1000463190 ns, Reaching safepoint: 137642 ns, At safepoint: 4549 ns, Total: 142191 ns
[2025-03-20T15:11:34.976+0000][6][safepoint   ] Safepoint "Cleanup", Time since last: 1000565345 ns, Reaching safepoint: 187577 ns, At safepoint: 4780 ns, Total: 192357 ns
[2025-03-20T15:11:36.978+0000][6][safepoint   ] Safepoint "Cleanup", Time since last: 2001596826 ns, Reaching safepoint: 162620 ns, At safepoint: 5060 ns, Total: 167680 ns
[2025-03-20T15:11:37.979+0000][6][safepoint   ] Safepoint "Cleanup", Time since last: 1001003710 ns, Reaching safepoint: 141080 ns, At safepoint: 5350 ns, Total: 146430 ns
[2025-03-20T15:11:39.980+0000][6][safepoint   ] Safepoint "Cleanup", Time since last: 2001259387 ns, Reaching safepoint: 105210 ns, At safepoint: 5521 ns, Total: 110731 ns
[2025-03-20T15:11:42.982+0000][6][safepoint   ] Safepoint "Cleanup", Time since last: 3001270055 ns, Reaching safepoint: 88714 ns, At safepoint: 21531 ns, Total: 110245 ns
[2025-03-20T15:11:44.983+0000][6][safepoint   ] Safepoint "Cleanup", Time since last: 2000899853 ns, Reaching safepoint: 78149 ns, At safepoint: 4799 ns, Total: 82948 ns
[2025-03-20T15:11:45.984+0000][6][safepoint   ] Safepoint "Cleanup", Time since last: 1000887958 ns, Reaching safepoint: 189421 ns, At safepoint: 6592 ns, Total: 196013 ns
[2025-03-20T15:11:46.029+0000][6][gc,start    ] GC(47) Pause Young (Normal) (G1 Evacuation Pause)
[2025-03-20T15:11:46.029+0000][6][gc,task     ] GC(47) Using 8 workers of 8 for evacuation
[2025-03-20T15:11:46.029+0000][6][gc,age      ] GC(47) Desired survivor size 18874368 bytes, new threshold 15 (max threshold 15)
[2025-03-20T15:11:46.032+0000][6][gc,age      ] GC(47) Age table with threshold 15 (max threshold 15)
[2025-03-20T15:11:46.032+0000][6][gc,age      ] GC(47) - age   1:    1787600 bytes,    1787600 total
[2025-03-20T15:11:46.032+0000][6][gc,age      ] GC(47) - age   2:     536208 bytes,    2323808 total
[2025-03-20T15:11:46.032+0000][6][gc,age      ] GC(47) - age   3:      82896 bytes,    2406704 total
[2025-03-20T15:11:46.032+0000][6][gc,age      ] GC(47) - age   4:       7200 bytes,    2413904 total
[2025-03-20T15:11:46.032+0000][6][gc,age      ] GC(47) - age   5:       3520 bytes,    2417424 total
[2025-03-20T15:11:46.032+0000][6][gc,age      ] GC(47) - age   6:      11728 bytes,    2429152 total
[2025-03-20T15:11:46.032+0000][6][gc,age      ] GC(47) - age   7:       2952 bytes,    2432104 total
[2025-03-20T15:11:46.032+0000][6][gc,age      ] GC(47) - age   8:      11672 bytes,    2443776 total
[2025-03-20T15:11:46.032+0000][6][gc,age      ] GC(47) - age   9:       7928 bytes,    2451704 total
[2025-03-20T15:11:46.032+0000][6][gc,age      ] GC(47) - age  10:       2752 bytes,    2454456 total
[2025-03-20T15:11:46.032+0000][6][gc,age      ] GC(47) - age  11:       4792 bytes,    2459248 total
[2025-03-20T15:11:46.032+0000][6][gc,age      ] GC(47) - age  12:      20224 bytes,    2479472 total
[2025-03-20T15:11:46.032+0000][6][gc,age      ] GC(47) - age  13:       5976 bytes,    2485448 total
[2025-03-20T15:11:46.032+0000][6][gc,age      ] GC(47) - age  14:     135376 bytes,    2620824 total
[2025-03-20T15:11:46.032+0000][6][gc,age      ] GC(47) - age  15:      13704 bytes,    2634528 total
[2025-03-20T15:11:46.032+0000][6][gc,phases   ] GC(47)   Pre Evacuate Collection Set: 0.1ms
[2025-03-20T15:11:46.032+0000][6][gc,phases   ] GC(47)   Merge Heap Roots: 0.0ms
[2025-03-20T15:11:46.032+0000][6][gc,phases   ] GC(47)   Evacuate Collection Set: 1.5ms
[2025-03-20T15:11:46.032+0000][6][gc,phases   ] GC(47)   Post Evacuate Collection Set: 0.9ms
[2025-03-20T15:11:46.032+0000][6][gc,phases   ] GC(47)   Other: 0.2ms
[2025-03-20T15:11:46.032+0000][6][gc,heap     ] GC(47) Eden regions: 71->0(71)
[2025-03-20T15:11:46.032+0000][6][gc,heap     ] GC(47) Survivor regions: 1->1(9)
[2025-03-20T15:11:46.032+0000][6][gc,heap     ] GC(47) Old regions: 27->27
[2025-03-20T15:11:46.032+0000][6][gc,heap     ] GC(47) Archive regions: 2->2
[2025-03-20T15:11:46.032+0000][6][gc,heap     ] GC(47) Humongous regions: 5->5
[2025-03-20T15:11:46.032+0000][6][gc,metaspace] GC(47) Metaspace: 120054K(121856K)->120054K(121856K) NonClass: 104480K(105472K)->104480K(105472K) Class: 15573K(16384K)->15573K(16384K)
[2025-03-20T15:11:46.032+0000][6][gc          ] GC(47) Pause Young (Normal) (G1 Evacuation Pause) 417M->133M(512M) 2.828ms
[2025-03-20T15:11:46.032+0000][6][gc,cpu      ] GC(47) User=0.01s Sys=0.00s Real=0.00s
[2025-03-20T15:11:46.032+0000][6][safepoint   ] Safepoint "G1CollectForAllocation", Time since last: 45175917 ns, Reaching safepoint: 85573 ns, At safepoint: 2907635 ns, Total: 2993208 ns
[2025-03-20T15:11:48.034+0000][6][safepoint   ] Safepoint "Cleanup", Time since last: 2001578146 ns, Reaching safepoint: 86945 ns, At safepoint: 5130 ns, Total: 92075 ns
[2025-03-20T15:11:49.034+0000][6][safepoint   ] Safepoint "Cleanup", Time since last: 1000175951 ns, Reaching safepoint: 135028 ns, At safepoint: 28935 ns, Total: 163963 ns
[2025-03-20T15:11:50.035+0000][6][safepoint   ] Safepoint "Cleanup", Time since last: 1000551091 ns, Reaching safepoint: 170315 ns, At safepoint: 8576 ns, Total: 178891 ns
[2025-03-20T15:11:52.036+0000][6][safepoint   ] Safepoint "Cleanup", Time since last: 2001555408 ns, Reaching safepoint: 123065 ns, At safepoint: 5480 ns, Total: 128545 ns
[2025-03-20T15:11:53.037+0000][6][safepoint   ] Safepoint "Cleanup", Time since last: 1000434103 ns, Reaching safepoint: 180674 ns, At safepoint: 7494 ns, Total: 188168 ns
[2025-03-20T15:11:55.039+0000][6][safepoint   ] Safepoint "Cleanup", Time since last: 2001710529 ns, Reaching safepoint: 95521 ns, At safepoint: 4820 ns, Total: 100341 ns
[2025-03-20T15:11:58.041+0000][6][safepoint   ] Safepoint "Cleanup", Time since last: 3002000034 ns, Reaching safepoint: 95341 ns, At safepoint: 3537 ns, Total: 98878 ns
[2025-03-20T15:12:00.042+0000][6][safepoint   ] Safepoint "Cleanup", Time since last: 2000942183 ns, Reaching safepoint: 118225 ns, At safepoint: 4369 ns, Total: 122594 ns
[2025-03-20T15:12:01.043+0000][6][safepoint   ] Safepoint "Cleanup", Time since last: 1000439014 ns, Reaching safepoint: 1013448 ns, At safepoint: 18956 ns, Total: 1032404 ns
[2025-03-20T15:12:03.045+0000][6][safepoint   ] Safepoint "Cleanup", Time since last: 2001070781 ns, Reaching safepoint: 85862 ns, At safepoint: 6973 ns, Total: 92835 ns
[2025-03-20T15:12:04.046+0000][6][safepoint   ] Safepoint "Cleanup", Time since last: 1000964309 ns, Reaching safepoint: 136840 ns, At safepoint: 4609 ns, Total: 141449 ns
[2025-03-20T15:12:05.047+0000][6][safepoint   ] Safepoint "Cleanup", Time since last: 1000977598 ns, Reaching safepoint: 128175 ns, At safepoint: 7284 ns, Total: 135459 ns
[2025-03-20T15:12:07.048+0000][6][safepoint   ] Safepoint "Cleanup", Time since last: 2001240993 ns, Reaching safepoint: 98318 ns, At safepoint: 4388 ns, Total: 102706 ns
[2025-03-20T15:12:08.049+0000][6][safepoint   ] Safepoint "Cleanup", Time since last: 1000635558 ns, Reaching safepoint: 147191 ns, At safepoint: 4588 ns, Total: 151779 ns
[2025-03-20T15:12:10.050+0000][6][safepoint   ] Safepoint "Cleanup", Time since last: 2001010140 ns, Reaching safepoint: 152791 ns, At safepoint: 6021 ns, Total: 158812 ns
[2025-03-20T15:12:12.051+0000][6][safepoint   ] Safepoint "Cleanup", Time since last: 2000781448 ns, Reaching safepoint: 114167 ns, At safepoint: 7164 ns, Total: 121331 ns
[2025-03-20T15:12:13.052+0000][6][safepoint   ] Safepoint "Cleanup", Time since last: 1000470282 ns, Reaching safepoint: 131601 ns, At safepoint: 4458 ns, Total: 136059 ns
[2025-03-20T15:12:15.052+0000][6][safepoint   ] Safepoint "Cleanup", Time since last: 2000626115 ns, Reaching safepoint: 65034 ns, At safepoint: 4648 ns, Total: 69682 ns
[2025-03-20T15:12:16.053+0000][6][safepoint   ] Safepoint "Cleanup", Time since last: 1000189471 ns, Reaching safepoint: 119057 ns, At safepoint: 3467 ns, Total: 122524 ns
[2025-03-20T15:12:18.054+0000][6][safepoint   ] Safepoint "Cleanup", Time since last: 2000918033 ns, Reaching safepoint: 170998 ns, At safepoint: 8186 ns, Total: 179184 ns
[2025-03-20T15:12:19.054+0000][6][safepoint   ] Safepoint "Cleanup", Time since last: 1000435560 ns, Reaching safepoint: 104809 ns, At safepoint: 3848 ns, Total: 108657 ns
[2025-03-20T15:12:20.055+0000][6][safepoint   ] Safepoint "Cleanup", Time since last: 1000858430 ns, Reaching safepoint: 127533 ns, At safepoint: 4459 ns, Total: 131992 ns
[2025-03-20T15:12:21.056+0000][6][safepoint   ] Safepoint "Cleanup", Time since last: 1000486790 ns, Reaching safepoint: 149565 ns, At safepoint: 3937 ns, Total: 153502 ns
[2025-03-20T15:12:23.057+0000][6][safepoint   ] Safepoint "Cleanup", Time since last: 2001393897 ns, Reaching safepoint: 104329 ns, At safepoint: 3467 ns, Total: 107796 ns
[2025-03-20T15:12:25.059+0000][6][safepoint   ] Safepoint "Cleanup", Time since last: 2001449657 ns, Reaching safepoint: 92056 ns, At safepoint: 3867 ns, Total: 95923 ns
[2025-03-20T15:12:27.060+0000][6][safepoint   ] Safepoint "Cleanup", Time since last: 2000805534 ns, Reaching safepoint: 100211 ns, At safepoint: 19086 ns, Total: 119297 ns
[2025-03-20T15:12:28.040+0000][6][gc,start    ] GC(48) Pause Young (Normal) (G1 Evacuation Pause)
[2025-03-20T15:12:28.040+0000][6][gc,task     ] GC(48) Using 8 workers of 8 for evacuation
[2025-03-20T15:12:28.040+0000][6][gc,age      ] GC(48) Desired survivor size 18874368 bytes, new threshold 15 (max threshold 15)
[2025-03-20T15:12:28.043+0000][6][gc,age      ] GC(48) Age table with threshold 15 (max threshold 15)
[2025-03-20T15:12:28.043+0000][6][gc,age      ] GC(48) - age   1:    2272952 bytes,    2272952 total
[2025-03-20T15:12:28.043+0000][6][gc,age      ] GC(48) - age   2:       8008 bytes,    2280960 total
[2025-03-20T15:12:28.043+0000][6][gc,age      ] GC(48) - age   3:     257008 bytes,    2537968 total
[2025-03-20T15:12:28.043+0000][6][gc,age      ] GC(48) - age   4:      82344 bytes,    2620312 total
[2025-03-20T15:12:28.043+0000][6][gc,age      ] GC(48) - age   5:       7200 bytes,    2627512 total
[2025-03-20T15:12:28.043+0000][6][gc,age      ] GC(48) - age   6:       3488 bytes,    2631000 total
[2025-03-20T15:12:28.043+0000][6][gc,age      ] GC(48) - age   7:      11696 bytes,    2642696 total
[2025-03-20T15:12:28.043+0000][6][gc,age      ] GC(48) - age   8:       2952 bytes,    2645648 total
[2025-03-20T15:12:28.043+0000][6][gc,age      ] GC(48) - age   9:      11448 bytes,    2657096 total
[2025-03-20T15:12:28.043+0000][6][gc,age      ] GC(48) - age  10:       7928 bytes,    2665024 total
[2025-03-20T15:12:28.043+0000][6][gc,age      ] GC(48) - age  11:       2752 bytes,    2667776 total
[2025-03-20T15:12:28.043+0000][6][gc,age      ] GC(48) - age  12:       4792 bytes,    2672568 total
[2025-03-20T15:12:28.043+0000][6][gc,age      ] GC(48) - age  13:      20224 bytes,    2692792 total
[2025-03-20T15:12:28.043+0000][6][gc,age      ] GC(48) - age  14:       5976 bytes,    2698768 total
[2025-03-20T15:12:28.043+0000][6][gc,age      ] GC(48) - age  15:     135376 bytes,    2834144 total
[2025-03-20T15:12:28.043+0000][6][gc,phases   ] GC(48)   Pre Evacuate Collection Set: 0.1ms
[2025-03-20T15:12:28.043+0000][6][gc,phases   ] GC(48)   Merge Heap Roots: 0.0ms
[2025-03-20T15:12:28.043+0000][6][gc,phases   ] GC(48)   Evacuate Collection Set: 1.5ms
[2025-03-20T15:12:28.043+0000][6][gc,phases   ] GC(48)   Post Evacuate Collection Set: 1.2ms
[2025-03-20T15:12:28.043+0000][6][gc,phases   ] GC(48)   Other: 0.2ms
[2025-03-20T15:12:28.043+0000][6][gc,heap     ] GC(48) Eden regions: 71->0(71)
[2025-03-20T15:12:28.043+0000][6][gc,heap     ] GC(48) Survivor regions: 1->1(9)
[2025-03-20T15:12:28.043+0000][6][gc,heap     ] GC(48) Old regions: 27->27
[2025-03-20T15:12:28.043+0000][6][gc,heap     ] GC(48) Archive regions: 2->2
[2025-03-20T15:12:28.043+0000][6][gc,heap     ] GC(48) Humongous regions: 5->5
[2025-03-20T15:12:28.043+0000][6][gc,metaspace] GC(48) Metaspace: 120073K(121856K)->120073K(121856K) NonClass: 104499K(105472K)->104499K(105472K) Class: 15573K(16384K)->15573K(16384K)
[2025-03-20T15:12:28.043+0000][6][gc          ] GC(48) Pause Young (Normal) (G1 Evacuation Pause) 417M->134M(512M) 3.149ms
[2025-03-20T15:12:28.043+0000][6][gc,cpu      ] GC(48) User=0.00s Sys=0.01s Real=0.00s
[2025-03-20T15:12:28.043+0000][6][safepoint   ] Safepoint "G1CollectForAllocation", Time since last: 979871180 ns, Reaching safepoint: 83940 ns, At safepoint: 3236316 ns, Total: 3320256 ns
[2025-03-20T15:12:30.045+0000][6][safepoint   ] Safepoint "Cleanup", Time since last: 2001492356 ns, Reaching safepoint: 100351 ns, At safepoint: 5130 ns, Total: 105481 ns
[2025-03-20T15:12:31.045+0000][6][safepoint   ] Safepoint "Cleanup", Time since last: 1000563465 ns, Reaching safepoint: 80072 ns, At safepoint: 3016 ns, Total: 83088 ns
[2025-03-20T15:12:33.047+0000][6][safepoint   ] Safepoint "Cleanup", Time since last: 2001540717 ns, Reaching safepoint: 87036 ns, At safepoint: 3897 ns, Total: 90933 ns
[2025-03-20T15:12:34.047+0000][6][safepoint   ] Safepoint "Cleanup", Time since last: 1000168210 ns, Reaching safepoint: 93648 ns, At safepoint: 4258 ns, Total: 97906 ns
[2025-03-20T15:12:35.048+0000][6][safepoint   ] Safepoint "Cleanup", Time since last: 1000806357 ns, Reaching safepoint: 94780 ns, At safepoint: 3928 ns, Total: 98708 ns
[2025-03-20T15:12:37.049+0000][6][safepoint   ] Safepoint "Cleanup", Time since last: 2001262421 ns, Reaching safepoint: 88298 ns, At safepoint: 4047 ns, Total: 92345 ns
[2025-03-20T15:12:38.050+0000][6][safepoint   ] Safepoint "Cleanup", Time since last: 1000884004 ns, Reaching safepoint: 124077 ns, At safepoint: 4168 ns, Total: 128245 ns
[2025-03-20T15:12:40.051+0000][6][safepoint   ] Safepoint "Cleanup", Time since last: 2000750523 ns, Reaching safepoint: 78209 ns, At safepoint: 3436 ns, Total: 81645 ns
[2025-03-20T15:12:41.052+0000][6][safepoint   ] Safepoint "Cleanup", Time since last: 1000767059 ns, Reaching safepoint: 113526 ns, At safepoint: 7956 ns, Total: 121482 ns
[2025-03-20T15:12:43.053+0000][6][safepoint   ] Safepoint "Cleanup", Time since last: 2000623657 ns, Reaching safepoint: 130379 ns, At safepoint: 6652 ns, Total: 137031 ns
[2025-03-20T15:12:44.678+0000][6][safepoint   ] Safepoint "Cleanup", Time since last: 1624938113 ns, Reaching safepoint: 135247 ns, At safepoint: 4880 ns, Total: 140127 ns
[2025-03-20T15:12:46.680+0000][6][safepoint   ] Safepoint "Cleanup", Time since last: 2001499700 ns, Reaching safepoint: 96344 ns, At safepoint: 41098 ns, Total: 137442 ns
[2025-03-20T15:12:47.680+0000][6][safepoint   ] Safepoint "Cleanup", Time since last: 1000175755 ns, Reaching safepoint: 127232 ns, At safepoint: 4389 ns, Total: 131621 ns
[2025-03-20T15:12:49.681+0000][6][safepoint   ] Safepoint "Cleanup", Time since last: 2000861197 ns, Reaching safepoint: 151619 ns, At safepoint: 4920 ns, Total: 156539 ns
[2025-03-20T15:12:52.682+0000][6][safepoint   ] Safepoint "Cleanup", Time since last: 3001335427 ns, Reaching safepoint: 74001 ns, At safepoint: 4168 ns, Total: 78169 ns
[2025-03-20T15:12:55.685+0000][6][safepoint   ] Safepoint "Cleanup", Time since last: 3002791322 ns, Reaching safepoint: 112856 ns, At safepoint: 6562 ns, Total: 119418 ns
[2025-03-20T15:12:57.687+0000][6][safepoint   ] Safepoint "Cleanup", Time since last: 2001336881 ns, Reaching safepoint: 176656 ns, At safepoint: 7474 ns, Total: 184130 ns
[2025-03-20T15:12:58.688+0000][6][safepoint   ] Safepoint "Cleanup", Time since last: 1000842350 ns, Reaching safepoint: 84381 ns, At safepoint: 3747 ns, Total: 88128 ns
[2025-03-20T15:12:59.688+0000][6][safepoint   ] Safepoint "Cleanup", Time since last: 1000254509 ns, Reaching safepoint: 85663 ns, At safepoint: 3657 ns, Total: 89320 ns
[2025-03-20T15:13:01.690+0000][6][safepoint   ] Safepoint "Cleanup", Time since last: 2001617204 ns, Reaching safepoint: 207886 ns, At safepoint: 9979 ns, Total: 217865 ns
[2025-03-20T15:13:02.691+0000][6][safepoint   ] Safepoint "Cleanup", Time since last: 1000652792 ns, Reaching safepoint: 113606 ns, At safepoint: 5641 ns, Total: 119247 ns
[2025-03-20T15:13:04.692+0000][6][safepoint   ] Safepoint "Cleanup", Time since last: 2001274876 ns, Reaching safepoint: 104399 ns, At safepoint: 4449 ns, Total: 108848 ns
[2025-03-20T15:13:07.966+0000][6][safepoint   ] Safepoint "Cleanup", Time since last: 3274156157 ns, Reaching safepoint: 104719 ns, At safepoint: 3757 ns, Total: 108476 ns
[2025-03-20T15:13:10.969+0000][6][safepoint   ] Safepoint "Cleanup", Time since last: 3002208907 ns, Reaching safepoint: 139526 ns, At safepoint: 5390 ns, Total: 144916 ns
[2025-03-20T15:13:12.970+0000][6][safepoint   ] Safepoint "Cleanup", Time since last: 2001185966 ns, Reaching safepoint: 136119 ns, At safepoint: 5150 ns, Total: 141269 ns
[2025-03-20T15:13:13.970+0000][6][safepoint   ] Safepoint "Cleanup", Time since last: 1000208113 ns, Reaching safepoint: 100051 ns, At safepoint: 3917 ns, Total: 103968 ns
[2025-03-20T15:13:14.972+0000][6][safepoint   ] Safepoint "Cleanup", Time since last: 1001306767 ns, Reaching safepoint: 116763 ns, At safepoint: 4889 ns, Total: 121652 ns
[2025-03-20T15:13:15.974+0000][6][safepoint   ] Safepoint "Cleanup", Time since last: 1000794871 ns, Reaching safepoint: 1039310 ns, At safepoint: 14247 ns, Total: 1053557 ns
[2025-03-20T15:13:15.986+0000][6][gc,start    ] GC(49) Pause Young (Normal) (G1 Evacuation Pause)
[2025-03-20T15:13:15.986+0000][6][gc,task     ] GC(49) Using 8 workers of 8 for evacuation
[2025-03-20T15:13:15.986+0000][6][gc,age      ] GC(49) Desired survivor size 18874368 bytes, new threshold 15 (max threshold 15)
[2025-03-20T15:13:15.989+0000][6][gc,age      ] GC(49) Age table with threshold 15 (max threshold 15)
[2025-03-20T15:13:15.989+0000][6][gc,age      ] GC(49) - age   1:    2223784 bytes,    2223784 total
[2025-03-20T15:13:15.989+0000][6][gc,age      ] GC(49) - age   2:     195296 bytes,    2419080 total
[2025-03-20T15:13:15.989+0000][6][gc,age      ] GC(49) - age   3:       5320 bytes,    2424400 total
[2025-03-20T15:13:15.989+0000][6][gc,age      ] GC(49) - age   4:     255864 bytes,    2680264 total
[2025-03-20T15:13:15.989+0000][6][gc,age      ] GC(49) - age   5:      81928 bytes,    2762192 total
[2025-03-20T15:13:15.989+0000][6][gc,age      ] GC(49) - age   6:       7200 bytes,    2769392 total
[2025-03-20T15:13:15.989+0000][6][gc,age      ] GC(49) - age   7:       3488 bytes,    2772880 total
[2025-03-20T15:13:15.989+0000][6][gc,age      ] GC(49) - age   8:      11696 bytes,    2784576 total
[2025-03-20T15:13:15.989+0000][6][gc,age      ] GC(49) - age   9:       2952 bytes,    2787528 total
[2025-03-20T15:13:15.989+0000][6][gc,age      ] GC(49) - age  10:      11448 bytes,    2798976 total
[2025-03-20T15:13:15.989+0000][6][gc,age      ] GC(49) - age  11:       7928 bytes,    2806904 total
[2025-03-20T15:13:15.989+0000][6][gc,age      ] GC(49) - age  12:       2752 bytes,    2809656 total
[2025-03-20T15:13:15.989+0000][6][gc,age      ] GC(49) - age  13:       4792 bytes,    2814448 total
[2025-03-20T15:13:15.989+0000][6][gc,age      ] GC(49) - age  14:      20224 bytes,    2834672 total
[2025-03-20T15:13:15.989+0000][6][gc,age      ] GC(49) - age  15:       5976 bytes,    2840648 total
[2025-03-20T15:13:15.989+0000][6][gc,phases   ] GC(49)   Pre Evacuate Collection Set: 0.1ms
[2025-03-20T15:13:15.989+0000][6][gc,phases   ] GC(49)   Merge Heap Roots: 0.1ms
[2025-03-20T15:13:15.989+0000][6][gc,phases   ] GC(49)   Evacuate Collection Set: 2.0ms
[2025-03-20T15:13:15.989+0000][6][gc,phases   ] GC(49)   Post Evacuate Collection Set: 0.7ms
[2025-03-20T15:13:15.989+0000][6][gc,phases   ] GC(49)   Other: 0.2ms
[2025-03-20T15:13:15.989+0000][6][gc,heap     ] GC(49) Eden regions: 71->0(71)
[2025-03-20T15:13:15.989+0000][6][gc,heap     ] GC(49) Survivor regions: 1->1(9)
[2025-03-20T15:13:15.989+0000][6][gc,heap     ] GC(49) Old regions: 27->27
[2025-03-20T15:13:15.989+0000][6][gc,heap     ] GC(49) Archive regions: 2->2
[2025-03-20T15:13:15.989+0000][6][gc,heap     ] GC(49) Humongous regions: 5->5
[2025-03-20T15:13:15.989+0000][6][gc,metaspace] GC(49) Metaspace: 120099K(121920K)->120099K(121920K) NonClass: 104525K(105536K)->104525K(105536K) Class: 15573K(16384K)->15573K(16384K)
[2025-03-20T15:13:15.989+0000][6][gc          ] GC(49) Pause Young (Normal) (G1 Evacuation Pause) 418M->134M(512M) 3.114ms
[2025-03-20T15:13:15.989+0000][6][gc,cpu      ] GC(49) User=0.01s Sys=0.00s Real=0.01s
[2025-03-20T15:13:15.989+0000][6][safepoint   ] Safepoint "G1CollectForAllocation", Time since last: 12084275 ns, Reaching safepoint: 78780 ns, At safepoint: 3195380 ns, Total: 3274160 ns
[2025-03-20T15:13:17.224+0000][6][safepoint   ] Safepoint "Cleanup", Time since last: 1235286543 ns, Reaching safepoint: 134967 ns, At safepoint: 4368 ns, Total: 139335 ns
[2025-03-20T15:13:18.225+0000][6][safepoint   ] Safepoint "Cleanup", Time since last: 1000155286 ns, Reaching safepoint: 73007 ns, At safepoint: 6702 ns, Total: 79709 ns
[2025-03-20T15:13:19.225+0000][6][safepoint   ] Safepoint "Cleanup", Time since last: 1000351056 ns, Reaching safepoint: 150326 ns, At safepoint: 4860 ns, Total: 155186 ns
[2025-03-20T15:13:20.226+0000][6][safepoint   ] Safepoint "Cleanup", Time since last: 1000755310 ns, Reaching safepoint: 111101 ns, At safepoint: 4829 ns, Total: 115930 ns
[2025-03-20T15:13:21.226+0000][6][safepoint   ] Safepoint "Cleanup", Time since last: 1000239173 ns, Reaching safepoint: 101673 ns, At safepoint: 3707 ns, Total: 105380 ns
[2025-03-20T15:13:22.227+0000][6][safepoint   ] Safepoint "Cleanup", Time since last: 1000855731 ns, Reaching safepoint: 160686 ns, At safepoint: 6733 ns, Total: 167419 ns
[2025-03-20T15:13:25.229+0000][6][safepoint   ] Safepoint "Cleanup", Time since last: 3002026294 ns, Reaching safepoint: 102325 ns, At safepoint: 4559 ns, Total: 106884 ns
[2025-03-20T15:13:27.230+0000][6][safepoint   ] Safepoint "Cleanup", Time since last: 2000576574 ns, Reaching safepoint: 166447 ns, At safepoint: 5360 ns, Total: 171807 ns
[2025-03-20T15:13:28.231+0000][6][safepoint   ] Safepoint "Cleanup", Time since last: 1000216867 ns, Reaching safepoint: 176977 ns, At safepoint: 5721 ns, Total: 182698 ns
[2025-03-20T15:13:30.231+0000][6][safepoint   ] Safepoint "Cleanup", Time since last: 2000576626 ns, Reaching safepoint: 216963 ns, At safepoint: 6362 ns, Total: 223325 ns
[2025-03-20T15:13:31.232+0000][6][safepoint   ] Safepoint "Cleanup", Time since last: 1000239848 ns, Reaching safepoint: 97275 ns, At safepoint: 6232 ns, Total: 103507 ns
[2025-03-20T15:13:32.233+0000][6][safepoint   ] Safepoint "Cleanup", Time since last: 1000746456 ns, Reaching safepoint: 215290 ns, At safepoint: 6503 ns, Total: 221793 ns
[2025-03-20T15:13:34.234+0000][6][safepoint   ] Safepoint "Cleanup", Time since last: 2001397803 ns, Reaching safepoint: 97225 ns, At safepoint: 30538 ns, Total: 127763 ns
[2025-03-20T15:13:35.235+0000][6][safepoint   ] Safepoint "Cleanup", Time since last: 1000661566 ns, Reaching safepoint: 113616 ns, At safepoint: 5460 ns, Total: 119076 ns
[2025-03-20T15:13:37.236+0000][6][safepoint   ] Safepoint "Cleanup", Time since last: 2000969234 ns, Reaching safepoint: 129426 ns, At safepoint: 4970 ns, Total: 134396 ns
[2025-03-20T15:13:38.237+0000][6][safepoint   ] Safepoint "Cleanup", Time since last: 1000342102 ns, Reaching safepoint: 130047 ns, At safepoint: 4489 ns, Total: 134536 ns
[2025-03-20T15:13:40.238+0000][6][safepoint   ] Safepoint "Cleanup", Time since last: 2000883610 ns, Reaching safepoint: 107806 ns, At safepoint: 4017 ns, Total: 111823 ns
[2025-03-20T15:13:42.239+0000][6][safepoint   ] Safepoint "Cleanup", Time since last: 2000836386 ns, Reaching safepoint: 85453 ns, At safepoint: 3636 ns, Total: 89089 ns
[2025-03-20T15:13:43.239+0000][6][safepoint   ] Safepoint "Cleanup", Time since last: 1000636543 ns, Reaching safepoint: 105331 ns, At safepoint: 3777 ns, Total: 109108 ns
[2025-03-20T15:13:45.241+0000][6][safepoint   ] Safepoint "Cleanup", Time since last: 2001154514 ns, Reaching safepoint: 142011 ns, At safepoint: 4649 ns, Total: 146660 ns
[2025-03-20T15:13:46.242+0000][6][safepoint   ] Safepoint "Cleanup", Time since last: 1000903330 ns, Reaching safepoint: 91084 ns, At safepoint: 3446 ns, Total: 94530 ns
[2025-03-20T15:13:47.242+0000][6][safepoint   ] Safepoint "Cleanup", Time since last: 1000711544 ns, Reaching safepoint: 104148 ns, At safepoint: 4288 ns, Total: 108436 ns
[2025-03-20T15:13:48.243+0000][6][safepoint   ] Safepoint "Cleanup", Time since last: 1000175806 ns, Reaching safepoint: 122734 ns, At safepoint: 6743 ns, Total: 129477 ns
[2025-03-20T15:13:49.243+0000][6][safepoint   ] Safepoint "Cleanup", Time since last: 1000314441 ns, Reaching safepoint: 193398 ns, At safepoint: 4579 ns, Total: 197977 ns
[2025-03-20T15:13:50.244+0000][6][safepoint   ] Safepoint "Cleanup", Time since last: 1000526496 ns, Reaching safepoint: 97536 ns, At safepoint: 5330 ns, Total: 102866 ns
[2025-03-20T15:13:52.245+0000][6][safepoint   ] Safepoint "Cleanup", Time since last: 2001100328 ns, Reaching safepoint: 136150 ns, At safepoint: 6452 ns, Total: 142602 ns
[2025-03-20T15:13:53.246+0000][6][safepoint   ] Safepoint "Cleanup", Time since last: 1001097242 ns, Reaching safepoint: 104018 ns, At safepoint: 4038 ns, Total: 108056 ns
[2025-03-20T15:13:55.247+0000][6][safepoint   ] Safepoint "Cleanup", Time since last: 2000390921 ns, Reaching safepoint: 125850 ns, At safepoint: 5711 ns, Total: 131561 ns
[2025-03-20T15:13:56.247+0000][6][safepoint   ] Safepoint "Cleanup", Time since last: 1000272777 ns, Reaching safepoint: 104529 ns, At safepoint: 7344 ns, Total: 111873 ns
[2025-03-20T15:13:57.248+0000][6][safepoint   ] Safepoint "Cleanup", Time since last: 1000594266 ns, Reaching safepoint: 120830 ns, At safepoint: 4128 ns, Total: 124958 ns
[2025-03-20T15:13:58.248+0000][6][safepoint   ] Safepoint "Cleanup", Time since last: 1000341363 ns, Reaching safepoint: 93688 ns, At safepoint: 3728 ns, Total: 97416 ns
[2025-03-20T15:14:00.250+0000][6][safepoint   ] Safepoint "Cleanup", Time since last: 2001430152 ns, Reaching safepoint: 84802 ns, At safepoint: 3837 ns, Total: 88639 ns
[2025-03-20T15:14:00.989+0000][6][gc,start    ] GC(50) Pause Young (Normal) (G1 Evacuation Pause)
[2025-03-20T15:14:00.989+0000][6][gc,task     ] GC(50) Using 8 workers of 8 for evacuation
[2025-03-20T15:14:00.989+0000][6][gc,age      ] GC(50) Desired survivor size 18874368 bytes, new threshold 15 (max threshold 15)
[2025-03-20T15:14:00.993+0000][6][gc,age      ] GC(50) Age table with threshold 15 (max threshold 15)
[2025-03-20T15:14:00.993+0000][6][gc,age      ] GC(50) - age   1:    1046288 bytes,    1046288 total
[2025-03-20T15:14:00.993+0000][6][gc,age      ] GC(50) - age   2:      43368 bytes,    1089656 total
[2025-03-20T15:14:00.993+0000][6][gc,age      ] GC(50) - age   3:     193280 bytes,    1282936 total
[2025-03-20T15:14:00.993+0000][6][gc,age      ] GC(50) - age   4:       5064 bytes,    1288000 total
[2025-03-20T15:14:00.993+0000][6][gc,age      ] GC(50) - age   5:     255800 bytes,    1543800 total
[2025-03-20T15:14:00.993+0000][6][gc,age      ] GC(50) - age   6:      81632 bytes,    1625432 total
[2025-03-20T15:14:00.993+0000][6][gc,age      ] GC(50) - age   7:       7200 bytes,    1632632 total
[2025-03-20T15:14:00.993+0000][6][gc,age      ] GC(50) - age   8:       3488 bytes,    1636120 total
[2025-03-20T15:14:00.993+0000][6][gc,age      ] GC(50) - age   9:      11696 bytes,    1647816 total
[2025-03-20T15:14:00.993+0000][6][gc,age      ] GC(50) - age  10:       2952 bytes,    1650768 total
[2025-03-20T15:14:00.993+0000][6][gc,age      ] GC(50) - age  11:      11448 bytes,    1662216 total
[2025-03-20T15:14:00.993+0000][6][gc,age      ] GC(50) - age  12:       7928 bytes,    1670144 total
[2025-03-20T15:14:00.993+0000][6][gc,age      ] GC(50) - age  13:       2752 bytes,    1672896 total
[2025-03-20T15:14:00.993+0000][6][gc,age      ] GC(50) - age  14:       4792 bytes,    1677688 total
[2025-03-20T15:14:00.993+0000][6][gc,age      ] GC(50) - age  15:      20224 bytes,    1697912 total
[2025-03-20T15:14:00.993+0000][6][gc,phases   ] GC(50)   Pre Evacuate Collection Set: 0.5ms
[2025-03-20T15:14:00.993+0000][6][gc,phases   ] GC(50)   Merge Heap Roots: 0.4ms
[2025-03-20T15:14:00.993+0000][6][gc,phases   ] GC(50)   Evacuate Collection Set: 1.8ms
[2025-03-20T15:14:00.993+0000][6][gc,phases   ] GC(50)   Post Evacuate Collection Set: 0.8ms
[2025-03-20T15:14:00.993+0000][6][gc,phases   ] GC(50)   Other: 0.2ms
[2025-03-20T15:14:00.993+0000][6][gc,heap     ] GC(50) Eden regions: 71->0(71)
[2025-03-20T15:14:00.993+0000][6][gc,heap     ] GC(50) Survivor regions: 1->1(9)
[2025-03-20T15:14:00.993+0000][6][gc,heap     ] GC(50) Old regions: 27->27
[2025-03-20T15:14:00.993+0000][6][gc,heap     ] GC(50) Archive regions: 2->2
[2025-03-20T15:14:00.993+0000][6][gc,heap     ] GC(50) Humongous regions: 5->5
[2025-03-20T15:14:00.993+0000][6][gc,metaspace] GC(50) Metaspace: 120118K(121920K)->120118K(121920K) NonClass: 104544K(105536K)->104544K(105536K) Class: 15573K(16384K)->15573K(16384K)
[2025-03-20T15:14:00.993+0000][6][gc          ] GC(50) Pause Young (Normal) (G1 Evacuation Pause) 418M->133M(512M) 3.799ms
[2025-03-20T15:14:00.993+0000][6][gc,cpu      ] GC(50) User=0.00s Sys=0.00s Real=0.00s
[2025-03-20T15:14:00.993+0000][6][safepoint   ] Safepoint "G1CollectForAllocation", Time since last: 739180290 ns, Reaching safepoint: 55586 ns, At safepoint: 3871624 ns, Total: 3927210 ns
[2025-03-20T15:14:01.993+0000][6][safepoint   ] Safepoint "Cleanup", Time since last: 1000191928 ns, Reaching safepoint: 120310 ns, At safepoint: 4769 ns, Total: 125079 ns
[2025-03-20T15:14:02.994+0000][6][safepoint   ] Safepoint "Cleanup", Time since last: 1000848816 ns, Reaching safepoint: 142712 ns, At safepoint: 9578 ns, Total: 152290 ns
[2025-03-20T15:14:03.995+0000][6][safepoint   ] Safepoint "Cleanup", Time since last: 1000839633 ns, Reaching safepoint: 110290 ns, At safepoint: 14067 ns, Total: 124357 ns
[2025-03-20T15:14:04.996+0000][6][safepoint   ] Safepoint "Cleanup", Time since last: 1000523917 ns, Reaching safepoint: 112871 ns, At safepoint: 6743 ns, Total: 119614 ns
[2025-03-20T15:14:06.997+0000][6][safepoint   ] Safepoint "Cleanup", Time since last: 2001039833 ns, Reaching safepoint: 122443 ns, At safepoint: 3818 ns, Total: 126261 ns
[2025-03-20T15:14:07.998+0000][6][safepoint   ] Safepoint "Cleanup", Time since last: 1000677366 ns, Reaching safepoint: 146008 ns, At safepoint: 4719 ns, Total: 150727 ns
[2025-03-20T15:14:09.999+0000][6][safepoint   ] Safepoint "Cleanup", Time since last: 2000673231 ns, Reaching safepoint: 107134 ns, At safepoint: 4609 ns, Total: 111743 ns
[2025-03-20T15:14:12.000+0000][6][safepoint   ] Safepoint "Cleanup", Time since last: 2000722322 ns, Reaching safepoint: 132984 ns, At safepoint: 4899 ns, Total: 137883 ns
[2025-03-20T15:14:13.000+0000][6][safepoint   ] Safepoint "Cleanup", Time since last: 1000263020 ns, Reaching safepoint: 78549 ns, At safepoint: 16882 ns, Total: 95431 ns
[2025-03-20T15:14:14.001+0000][6][safepoint   ] Safepoint "Cleanup", Time since last: 1000633700 ns, Reaching safepoint: 115349 ns, At safepoint: 7725 ns, Total: 123074 ns
[2025-03-20T15:14:15.001+0000][6][safepoint   ] Safepoint "Cleanup", Time since last: 1000327551 ns, Reaching safepoint: 149234 ns, At safepoint: 5040 ns, Total: 154274 ns
[2025-03-20T15:14:16.003+0000][6][safepoint   ] Safepoint "Cleanup", Time since last: 1000332000 ns, Reaching safepoint: 1040371 ns, At safepoint: 27342 ns, Total: 1067713 ns
[2025-03-20T15:14:17.004+0000][6][safepoint   ] Safepoint "Cleanup", Time since last: 1000864957 ns, Reaching safepoint: 116822 ns, At safepoint: 4318 ns, Total: 121140 ns
[2025-03-20T15:14:18.004+0000][6][safepoint   ] Safepoint "Cleanup", Time since last: 1000560347 ns, Reaching safepoint: 89009 ns, At safepoint: 3547 ns, Total: 92556 ns
[2025-03-20T15:14:19.005+0000][6][safepoint   ] Safepoint "Cleanup", Time since last: 1000262685 ns, Reaching safepoint: 979629 ns, At safepoint: 6653 ns, Total: 986282 ns
[2025-03-20T15:14:20.006+0000][6][safepoint   ] Safepoint "Cleanup", Time since last: 1000420492 ns, Reaching safepoint: 100021 ns, At safepoint: 5590 ns, Total: 105611 ns
[2025-03-20T15:14:21.008+0000][6][safepoint   ] Safepoint "Cleanup", Time since last: 1000981685 ns, Reaching safepoint: 638219 ns, At safepoint: 7535 ns, Total: 645754 ns
[2025-03-20T15:14:22.008+0000][6][safepoint   ] Safepoint "Cleanup", Time since last: 1000258157 ns, Reaching safepoint: 147501 ns, At safepoint: 6512 ns, Total: 154013 ns
[2025-03-20T15:14:23.009+0000][6][safepoint   ] Safepoint "Cleanup", Time since last: 1000968140 ns, Reaching safepoint: 178630 ns, At safepoint: 6603 ns, Total: 185233 ns
[2025-03-20T15:14:25.012+0000][6][safepoint   ] Safepoint "Cleanup", Time since last: 2001397882 ns, Reaching safepoint: 933066 ns, At safepoint: 18726 ns, Total: 951792 ns
[2025-03-20T15:14:28.014+0000][6][safepoint   ] Safepoint "Cleanup", Time since last: 3002837271 ns, Reaching safepoint: 113716 ns, At safepoint: 5240 ns, Total: 118956 ns
[2025-03-20T15:14:29.015+0000][6][safepoint   ] Safepoint "Cleanup", Time since last: 1000504729 ns, Reaching safepoint: 142502 ns, At safepoint: 7624 ns, Total: 150126 ns
[2025-03-20T15:14:30.016+0000][6][safepoint   ] Safepoint "Cleanup", Time since last: 1000830720 ns, Reaching safepoint: 86615 ns, At safepoint: 3677 ns, Total: 90292 ns
[2025-03-20T15:14:31.017+0000][6][safepoint   ] Safepoint "Cleanup", Time since last: 1000471066 ns, Reaching safepoint: 82978 ns, At safepoint: 5200 ns, Total: 88178 ns
[2025-03-20T15:14:33.018+0000][6][safepoint   ] Safepoint "Cleanup", Time since last: 2000881603 ns, Reaching safepoint: 118836 ns, At safepoint: 5971 ns, Total: 124807 ns
[2025-03-20T15:14:34.018+0000][6][safepoint   ] Safepoint "Cleanup", Time since last: 1000525011 ns, Reaching safepoint: 151299 ns, At safepoint: 4959 ns, Total: 156258 ns
[2025-03-20T15:14:35.019+0000][6][safepoint   ] Safepoint "Cleanup", Time since last: 1000861147 ns, Reaching safepoint: 106032 ns, At safepoint: 4118 ns, Total: 110150 ns
[2025-03-20T15:14:37.021+0000][6][safepoint   ] Safepoint "Cleanup", Time since last: 2001485800 ns, Reaching safepoint: 493670 ns, At safepoint: 6493 ns, Total: 500163 ns
[2025-03-20T15:14:38.022+0000][6][safepoint   ] Safepoint "Cleanup", Time since last: 1000250935 ns, Reaching safepoint: 174563 ns, At safepoint: 5380 ns, Total: 179943 ns
[2025-03-20T15:14:40.023+0000][6][safepoint   ] Safepoint "Cleanup", Time since last: 2000988327 ns, Reaching safepoint: 116262 ns, At safepoint: 3606 ns, Total: 119868 ns
[2025-03-20T15:14:40.979+0000][6][gc,start    ] GC(51) Pause Young (Normal) (G1 Evacuation Pause)
[2025-03-20T15:14:40.979+0000][6][gc,task     ] GC(51) Using 8 workers of 8 for evacuation
[2025-03-20T15:14:40.979+0000][6][gc,age      ] GC(51) Desired survivor size 18874368 bytes, new threshold 15 (max threshold 15)
[2025-03-20T15:14:40.981+0000][6][gc,age      ] GC(51) Age table with threshold 15 (max threshold 15)
[2025-03-20T15:14:40.981+0000][6][gc,age      ] GC(51) - age   1:    1921480 bytes,    1921480 total
[2025-03-20T15:14:40.981+0000][6][gc,age      ] GC(51) - age   2:     316776 bytes,    2238256 total
[2025-03-20T15:14:40.981+0000][6][gc,age      ] GC(51) - age   3:      41008 bytes,    2279264 total
[2025-03-20T15:14:40.981+0000][6][gc,age      ] GC(51) - age   4:     192640 bytes,    2471904 total
[2025-03-20T15:14:40.981+0000][6][gc,age      ] GC(51) - age   5:       5064 bytes,    2476968 total
[2025-03-20T15:14:40.981+0000][6][gc,age      ] GC(51) - age   6:     255736 bytes,    2732704 total
[2025-03-20T15:14:40.981+0000][6][gc,age      ] GC(51) - age   7:      81632 bytes,    2814336 total
[2025-03-20T15:14:40.981+0000][6][gc,age      ] GC(51) - age   8:       7200 bytes,    2821536 total
[2025-03-20T15:14:40.981+0000][6][gc,age      ] GC(51) - age   9:       3488 bytes,    2825024 total
[2025-03-20T15:14:40.981+0000][6][gc,age      ] GC(51) - age  10:      11696 bytes,    2836720 total
[2025-03-20T15:14:40.981+0000][6][gc,age      ] GC(51) - age  11:       2952 bytes,    2839672 total
[2025-03-20T15:14:40.981+0000][6][gc,age      ] GC(51) - age  12:      11448 bytes,    2851120 total
[2025-03-20T15:14:40.981+0000][6][gc,age      ] GC(51) - age  13:       7928 bytes,    2859048 total
[2025-03-20T15:14:40.981+0000][6][gc,age      ] GC(51) - age  14:       2752 bytes,    2861800 total
[2025-03-20T15:14:40.981+0000][6][gc,age      ] GC(51) - age  15:       4792 bytes,    2866592 total
[2025-03-20T15:14:40.981+0000][6][gc,phases   ] GC(51)   Pre Evacuate Collection Set: 0.2ms
[2025-03-20T15:14:40.981+0000][6][gc,phases   ] GC(51)   Merge Heap Roots: 0.1ms
[2025-03-20T15:14:40.981+0000][6][gc,phases   ] GC(51)   Evacuate Collection Set: 1.4ms
[2025-03-20T15:14:40.981+0000][6][gc,phases   ] GC(51)   Post Evacuate Collection Set: 0.8ms
[2025-03-20T15:14:40.981+0000][6][gc,phases   ] GC(51)   Other: 0.2ms
[2025-03-20T15:14:40.981+0000][6][gc,heap     ] GC(51) Eden regions: 71->0(71)
[2025-03-20T15:14:40.981+0000][6][gc,heap     ] GC(51) Survivor regions: 1->1(9)
[2025-03-20T15:14:40.981+0000][6][gc,heap     ] GC(51) Old regions: 27->27
[2025-03-20T15:14:40.981+0000][6][gc,heap     ] GC(51) Archive regions: 2->2
[2025-03-20T15:14:40.981+0000][6][gc,heap     ] GC(51) Humongous regions: 5->5
[2025-03-20T15:14:40.981+0000][6][gc,metaspace] GC(51) Metaspace: 120190K(121984K)->120190K(121984K) NonClass: 104616K(105600K)->104616K(105600K) Class: 15573K(16384K)->15573K(16384K)
[2025-03-20T15:14:40.982+0000][6][gc          ] GC(51) Pause Young (Normal) (G1 Evacuation Pause) 417M->134M(512M) 2.730ms
[2025-03-20T15:14:40.982+0000][6][gc,cpu      ] GC(51) User=0.01s Sys=0.00s Real=0.00s
[2025-03-20T15:14:40.982+0000][6][safepoint   ] Safepoint "G1CollectForAllocation", Time since last: 955883325 ns, Reaching safepoint: 68401 ns, At safepoint: 2812097 ns, Total: 2880498 ns
[2025-03-20T15:14:42.984+0000][6][safepoint   ] Safepoint "Cleanup", Time since last: 2001244417 ns, Reaching safepoint: 1071160 ns, At safepoint: 19106 ns, Total: 1090266 ns
[2025-03-20T15:14:43.985+0000][6][safepoint   ] Safepoint "Cleanup", Time since last: 1000994199 ns, Reaching safepoint: 202105 ns, At safepoint: 21722 ns, Total: 223827 ns
[2025-03-20T15:14:44.985+0000][6][safepoint   ] Safepoint "Cleanup", Time since last: 1000165966 ns, Reaching safepoint: 112484 ns, At safepoint: 5431 ns, Total: 117915 ns
[2025-03-20T15:14:46.987+0000][6][safepoint   ] Safepoint "Cleanup", Time since last: 2001695205 ns, Reaching safepoint: 138874 ns, At safepoint: 5050 ns, Total: 143924 ns
[2025-03-20T15:14:47.988+0000][6][safepoint   ] Safepoint "Cleanup", Time since last: 1000764834 ns, Reaching safepoint: 111462 ns, At safepoint: 4478 ns, Total: 115940 ns
[2025-03-20T15:14:49.989+0000][6][safepoint   ] Safepoint "Cleanup", Time since last: 2000998850 ns, Reaching safepoint: 113706 ns, At safepoint: 4228 ns, Total: 117934 ns
[2025-03-20T15:14:51.991+0000][6][safepoint   ] Safepoint "Cleanup", Time since last: 2001309312 ns, Reaching safepoint: 94239 ns, At safepoint: 4338 ns, Total: 98577 ns
[2025-03-20T15:14:52.991+0000][6][safepoint   ] Safepoint "Cleanup", Time since last: 1000210631 ns, Reaching safepoint: 104699 ns, At safepoint: 4369 ns, Total: 109068 ns
[2025-03-20T15:14:55.993+0000][6][safepoint   ] Safepoint "Cleanup", Time since last: 3002340166 ns, Reaching safepoint: 85182 ns, At safepoint: 4018 ns, Total: 89200 ns
[2025-03-20T15:14:57.994+0000][6][safepoint   ] Safepoint "Cleanup", Time since last: 2000814935 ns, Reaching safepoint: 55416 ns, At safepoint: 3797 ns, Total: 59213 ns
[2025-03-20T15:14:58.995+0000][6][safepoint   ] Safepoint "Cleanup", Time since last: 1000918788 ns, Reaching safepoint: 122193 ns, At safepoint: 5170 ns, Total: 127363 ns
[2025-03-20T15:14:59.997+0000][6][safepoint   ] Safepoint "Cleanup", Time since last: 1001046620 ns, Reaching safepoint: 136871 ns, At safepoint: 10250 ns, Total: 147121 ns
[2025-03-20T15:15:01.997+0000][6][safepoint   ] Safepoint "Cleanup", Time since last: 2000485772 ns, Reaching safepoint: 89571 ns, At safepoint: 3917 ns, Total: 93488 ns
[2025-03-20T15:15:02.998+0000][6][safepoint   ] Safepoint "Cleanup", Time since last: 1000424029 ns, Reaching safepoint: 117123 ns, At safepoint: 4749 ns, Total: 121872 ns
[2025-03-20T15:15:04.999+0000][6][safepoint   ] Safepoint "Cleanup", Time since last: 2000910995 ns, Reaching safepoint: 112685 ns, At safepoint: 8456 ns, Total: 121141 ns
[2025-03-20T15:15:08.001+0000][6][safepoint   ] Safepoint "Cleanup", Time since last: 3002129229 ns, Reaching safepoint: 92666 ns, At safepoint: 4108 ns, Total: 96774 ns
[2025-03-20T15:15:20.007+0000][6][safepoint   ] Safepoint "Cleanup", Time since last: 12006017640 ns, Reaching safepoint: 130448 ns, At safepoint: 8677 ns, Total: 139125 ns
[2025-03-20T15:15:21.008+0000][6][safepoint   ] Safepoint "Cleanup", Time since last: 1000470664 ns, Reaching safepoint: 113527 ns, At safepoint: 4588 ns, Total: 118115 ns
[2025-03-20T15:15:22.008+0000][6][safepoint   ] Safepoint "Cleanup", Time since last: 1000217253 ns, Reaching safepoint: 58832 ns, At safepoint: 3727 ns, Total: 62559 ns
[2025-03-20T15:15:25.095+0000][6][gc,start    ] GC(52) Pause Young (Normal) (G1 Evacuation Pause)
[2025-03-20T15:15:25.095+0000][6][gc,task     ] GC(52) Using 8 workers of 8 for evacuation
[2025-03-20T15:15:25.095+0000][6][gc,age      ] GC(52) Desired survivor size 18874368 bytes, new threshold 15 (max threshold 15)
[2025-03-20T15:15:25.098+0000][6][gc,age      ] GC(52) Age table with threshold 15 (max threshold 15)
[2025-03-20T15:15:25.098+0000][6][gc,age      ] GC(52) - age   1:    1477144 bytes,    1477144 total
[2025-03-20T15:15:25.098+0000][6][gc,age      ] GC(52) - age   2:       5160 bytes,    1482304 total
[2025-03-20T15:15:25.098+0000][6][gc,age      ] GC(52) - age   3:      31816 bytes,    1514120 total
[2025-03-20T15:15:25.098+0000][6][gc,age      ] GC(52) - age   4:      40816 bytes,    1554936 total
[2025-03-20T15:15:25.098+0000][6][gc,age      ] GC(52) - age   5:     192520 bytes,    1747456 total
[2025-03-20T15:15:25.098+0000][6][gc,age      ] GC(52) - age   6:       5064 bytes,    1752520 total
[2025-03-20T15:15:25.098+0000][6][gc,age      ] GC(52) - age   7:     255736 bytes,    2008256 total
[2025-03-20T15:15:25.098+0000][6][gc,age      ] GC(52) - age   8:      81632 bytes,    2089888 total
[2025-03-20T15:15:25.098+0000][6][gc,age      ] GC(52) - age   9:       7200 bytes,    2097088 total
[2025-03-20T15:15:25.098+0000][6][gc,age      ] GC(52) - age  10:       3488 bytes,    2100576 total
[2025-03-20T15:15:25.098+0000][6][gc,age      ] GC(52) - age  11:      11696 bytes,    2112272 total
[2025-03-20T15:15:25.098+0000][6][gc,age      ] GC(52) - age  12:       2952 bytes,    2115224 total
[2025-03-20T15:15:25.098+0000][6][gc,age      ] GC(52) - age  13:      11448 bytes,    2126672 total
[2025-03-20T15:15:25.098+0000][6][gc,age      ] GC(52) - age  14:       7928 bytes,    2134600 total
[2025-03-20T15:15:25.098+0000][6][gc,age      ] GC(52) - age  15:       2752 bytes,    2137352 total
[2025-03-20T15:15:25.098+0000][6][gc,phases   ] GC(52)   Pre Evacuate Collection Set: 0.2ms
[2025-03-20T15:15:25.098+0000][6][gc,phases   ] GC(52)   Merge Heap Roots: 0.1ms
[2025-03-20T15:15:25.098+0000][6][gc,phases   ] GC(52)   Evacuate Collection Set: 1.5ms
[2025-03-20T15:15:25.098+0000][6][gc,phases   ] GC(52)   Post Evacuate Collection Set: 0.6ms
[2025-03-20T15:15:25.098+0000][6][gc,phases   ] GC(52)   Other: 0.2ms
[2025-03-20T15:15:25.098+0000][6][gc,heap     ] GC(52) Eden regions: 71->0(71)
[2025-03-20T15:15:25.098+0000][6][gc,heap     ] GC(52) Survivor regions: 1->1(9)
[2025-03-20T15:15:25.098+0000][6][gc,heap     ] GC(52) Old regions: 27->27
[2025-03-20T15:15:25.098+0000][6][gc,heap     ] GC(52) Archive regions: 2->2
[2025-03-20T15:15:25.098+0000][6][gc,heap     ] GC(52) Humongous regions: 5->5
[2025-03-20T15:15:25.098+0000][6][gc,metaspace] GC(52) Metaspace: 120199K(121984K)->120199K(121984K) NonClass: 104625K(105600K)->104625K(105600K) Class: 15573K(16384K)->15573K(16384K)
[2025-03-20T15:15:25.098+0000][6][gc          ] GC(52) Pause Young (Normal) (G1 Evacuation Pause) 418M->133M(512M) 2.615ms
[2025-03-20T15:15:25.098+0000][6][gc,cpu      ] GC(52) User=0.01s Sys=0.00s Real=0.00s
[2025-03-20T15:15:25.098+0000][6][safepoint   ] Safepoint "G1CollectForAllocation", Time since last: 3087336827 ns, Reaching safepoint: 94059 ns, At safepoint: 2690745 ns, Total: 2784804 ns
[2025-03-20T15:15:26.098+0000][6][safepoint   ] Safepoint "Cleanup", Time since last: 1000239611 ns, Reaching safepoint: 92436 ns, At safepoint: 4398 ns, Total: 96834 ns
[2025-03-20T15:15:28.100+0000][6][safepoint   ] Safepoint "Cleanup", Time since last: 2001608814 ns, Reaching safepoint: 66506 ns, At safepoint: 3517 ns, Total: 70023 ns
[2025-03-20T15:15:31.102+0000][6][safepoint   ] Safepoint "Cleanup", Time since last: 3001752160 ns, Reaching safepoint: 120700 ns, At safepoint: 4238 ns, Total: 124938 ns
[2025-03-20T15:15:32.103+0000][6][safepoint   ] Safepoint "Cleanup", Time since last: 1000781961 ns, Reaching safepoint: 117935 ns, At safepoint: 4879 ns, Total: 122814 ns
[2025-03-20T15:15:38.107+0000][6][safepoint   ] Safepoint "Cleanup", Time since last: 6004073429 ns, Reaching safepoint: 172990 ns, At safepoint: 7073 ns, Total: 180063 ns
[2025-03-20T15:15:43.110+0000][6][safepoint   ] Safepoint "Cleanup", Time since last: 5002914302 ns, Reaching safepoint: 150527 ns, At safepoint: 5651 ns, Total: 156178 ns
[2025-03-20T15:15:46.111+0000][6][safepoint   ] Safepoint "Cleanup", Time since last: 3000631992 ns, Reaching safepoint: 101283 ns, At safepoint: 3877 ns, Total: 105160 ns
[2025-03-20T15:15:49.113+0000][6][safepoint   ] Safepoint "Cleanup", Time since last: 3002168217 ns, Reaching safepoint: 101012 ns, At safepoint: 5771 ns, Total: 106783 ns
[2025-03-20T15:15:52.115+0000][6][safepoint   ] Safepoint "Cleanup", Time since last: 3001395103 ns, Reaching safepoint: 84351 ns, At safepoint: 4368 ns, Total: 88719 ns
[2025-03-20T15:15:53.115+0000][6][safepoint   ] Safepoint "Cleanup", Time since last: 1000371814 ns, Reaching safepoint: 88889 ns, At safepoint: 4448 ns, Total: 93337 ns
[2025-03-20T15:16:04.222+0000][6][gc,start    ] GC(53) Pause Young (Normal) (G1 Evacuation Pause)
[2025-03-20T15:16:04.222+0000][6][gc,task     ] GC(53) Using 8 workers of 8 for evacuation
[2025-03-20T15:16:04.222+0000][6][gc,age      ] GC(53) Desired survivor size 18874368 bytes, new threshold 15 (max threshold 15)
[2025-03-20T15:16:04.225+0000][6][gc,age      ] GC(53) Age table with threshold 15 (max threshold 15)
[2025-03-20T15:16:04.225+0000][6][gc,age      ] GC(53) - age   1:    3225552 bytes,    3225552 total
[2025-03-20T15:16:04.225+0000][6][gc,age      ] GC(53) - age   2:     275128 bytes,    3500680 total
[2025-03-20T15:16:04.225+0000][6][gc,age      ] GC(53) - age   3:       2984 bytes,    3503664 total
[2025-03-20T15:16:04.225+0000][6][gc,age      ] GC(53) - age   4:      31176 bytes,    3534840 total
[2025-03-20T15:16:04.225+0000][6][gc,age      ] GC(53) - age   5:      40208 bytes,    3575048 total
[2025-03-20T15:16:04.225+0000][6][gc,age      ] GC(53) - age   6:     192200 bytes,    3767248 total
[2025-03-20T15:16:04.225+0000][6][gc,age      ] GC(53) - age   7:       4984 bytes,    3772232 total
[2025-03-20T15:16:04.225+0000][6][gc,age      ] GC(53) - age   8:     255632 bytes,    4027864 total
[2025-03-20T15:16:04.225+0000][6][gc,age      ] GC(53) - age   9:      81632 bytes,    4109496 total
[2025-03-20T15:16:04.225+0000][6][gc,age      ] GC(53) - age  10:       7200 bytes,    4116696 total
[2025-03-20T15:16:04.225+0000][6][gc,age      ] GC(53) - age  11:       3488 bytes,    4120184 total
[2025-03-20T15:16:04.225+0000][6][gc,age      ] GC(53) - age  12:      11696 bytes,    4131880 total
[2025-03-20T15:16:04.225+0000][6][gc,age      ] GC(53) - age  13:       2952 bytes,    4134832 total
[2025-03-20T15:16:04.225+0000][6][gc,age      ] GC(53) - age  14:      10952 bytes,    4145784 total
[2025-03-20T15:16:04.225+0000][6][gc,age      ] GC(53) - age  15:       7928 bytes,    4153712 total
[2025-03-20T15:16:04.225+0000][6][gc,phases   ] GC(53)   Pre Evacuate Collection Set: 0.1ms
[2025-03-20T15:16:04.225+0000][6][gc,phases   ] GC(53)   Merge Heap Roots: 0.1ms
[2025-03-20T15:16:04.225+0000][6][gc,phases   ] GC(53)   Evacuate Collection Set: 1.6ms
[2025-03-20T15:16:04.225+0000][6][gc,phases   ] GC(53)   Post Evacuate Collection Set: 0.9ms
[2025-03-20T15:16:04.225+0000][6][gc,phases   ] GC(53)   Other: 0.2ms
[2025-03-20T15:16:04.225+0000][6][gc,heap     ] GC(53) Eden regions: 71->0(71)
[2025-03-20T15:16:04.225+0000][6][gc,heap     ] GC(53) Survivor regions: 1->1(9)
[2025-03-20T15:16:04.225+0000][6][gc,heap     ] GC(53) Old regions: 27->27
[2025-03-20T15:16:04.225+0000][6][gc,heap     ] GC(53) Archive regions: 2->2
[2025-03-20T15:16:04.225+0000][6][gc,heap     ] GC(53) Humongous regions: 5->5
[2025-03-20T15:16:04.225+0000][6][gc,metaspace] GC(53) Metaspace: 120202K(121984K)->120202K(121984K) NonClass: 104628K(105600K)->104628K(105600K) Class: 15574K(16384K)->15574K(16384K)
[2025-03-20T15:16:04.225+0000][6][gc          ] GC(53) Pause Young (Normal) (G1 Evacuation Pause) 417M->135M(512M) 2.945ms
[2025-03-20T15:16:04.225+0000][6][gc,cpu      ] GC(53) User=0.01s Sys=0.00s Real=0.00s
[2025-03-20T15:16:04.225+0000][6][safepoint   ] Safepoint "G1CollectForAllocation", Time since last: 11106623087 ns, Reaching safepoint: 89300 ns, At safepoint: 3035372 ns, Total: 3124672 ns
[2025-03-20T15:16:05.225+0000][6][safepoint   ] Safepoint "Cleanup", Time since last: 1000502145 ns, Reaching safepoint: 129326 ns, At safepoint: 4469 ns, Total: 133795 ns
[2025-03-20T15:16:13.230+0000][6][safepoint   ] Safepoint "Cleanup", Time since last: 8004385494 ns, Reaching safepoint: 142682 ns, At safepoint: 4528 ns, Total: 147210 ns
[2025-03-20T15:16:16.232+0000][6][safepoint   ] Safepoint "Cleanup", Time since last: 3001733074 ns, Reaching safepoint: 96243 ns, At safepoint: 7564 ns, Total: 103807 ns
[2025-03-20T15:16:18.233+0000][6][safepoint   ] Safepoint "Cleanup", Time since last: 2001314595 ns, Reaching safepoint: 119668 ns, At safepoint: 4438 ns, Total: 124106 ns
[2025-03-20T15:16:21.235+0000][6][safepoint   ] Safepoint "Cleanup", Time since last: 3002023897 ns, Reaching safepoint: 107144 ns, At safepoint: 4358 ns, Total: 111502 ns
[2025-03-20T15:16:25.238+0000][6][safepoint   ] Safepoint "Cleanup", Time since last: 4002149217 ns, Reaching safepoint: 80353 ns, At safepoint: 4399 ns, Total: 84752 ns
[2025-03-20T15:16:37.244+0000][6][safepoint   ] Safepoint "Cleanup", Time since last: 12005488802 ns, Reaching safepoint: 501378 ns, At safepoint: 9689 ns, Total: 511067 ns
[2025-03-20T15:16:48.249+0000][6][safepoint   ] Safepoint "Cleanup", Time since last: 11005045580 ns, Reaching safepoint: 162210 ns, At safepoint: 6773 ns, Total: 168983 ns
[2025-03-20T15:16:49.035+0000][6][gc,start    ] GC(54) Pause Young (Normal) (G1 Evacuation Pause)
[2025-03-20T15:16:49.035+0000][6][gc,task     ] GC(54) Using 8 workers of 8 for evacuation
[2025-03-20T15:16:49.035+0000][6][gc,age      ] GC(54) Desired survivor size 18874368 bytes, new threshold 15 (max threshold 15)
[2025-03-20T15:16:49.038+0000][6][gc,age      ] GC(54) Age table with threshold 15 (max threshold 15)
[2025-03-20T15:16:49.038+0000][6][gc,age      ] GC(54) - age   1:    1445936 bytes,    1445936 total
[2025-03-20T15:16:49.038+0000][6][gc,age      ] GC(54) - age   2:      12128 bytes,    1458064 total
[2025-03-20T15:16:49.038+0000][6][gc,age      ] GC(54) - age   3:      11752 bytes,    1469816 total
[2025-03-20T15:16:49.038+0000][6][gc,age      ] GC(54) - age   4:       2512 bytes,    1472328 total
[2025-03-20T15:16:49.038+0000][6][gc,age      ] GC(54) - age   5:      31112 bytes,    1503440 total
[2025-03-20T15:16:49.038+0000][6][gc,age      ] GC(54) - age   6:      40208 bytes,    1543648 total
[2025-03-20T15:16:49.038+0000][6][gc,age      ] GC(54) - age   7:     192200 bytes,    1735848 total
[2025-03-20T15:16:49.038+0000][6][gc,age      ] GC(54) - age   8:       4984 bytes,    1740832 total
[2025-03-20T15:16:49.038+0000][6][gc,age      ] GC(54) - age   9:     255632 bytes,    1996464 total
[2025-03-20T15:16:49.038+0000][6][gc,age      ] GC(54) - age  10:      47312 bytes,    2043776 total
[2025-03-20T15:16:49.038+0000][6][gc,age      ] GC(54) - age  11:       7200 bytes,    2050976 total
[2025-03-20T15:16:49.038+0000][6][gc,age      ] GC(54) - age  12:       3488 bytes,    2054464 total
[2025-03-20T15:16:49.038+0000][6][gc,age      ] GC(54) - age  13:      11696 bytes,    2066160 total
[2025-03-20T15:16:49.038+0000][6][gc,age      ] GC(54) - age  14:       2952 bytes,    2069112 total
[2025-03-20T15:16:49.038+0000][6][gc,age      ] GC(54) - age  15:      10952 bytes,    2080064 total
[2025-03-20T15:16:49.038+0000][6][gc,phases   ] GC(54)   Pre Evacuate Collection Set: 0.1ms
[2025-03-20T15:16:49.038+0000][6][gc,phases   ] GC(54)   Merge Heap Roots: 0.1ms
[2025-03-20T15:16:49.038+0000][6][gc,phases   ] GC(54)   Evacuate Collection Set: 1.7ms
[2025-03-20T15:16:49.038+0000][6][gc,phases   ] GC(54)   Post Evacuate Collection Set: 1.2ms
[2025-03-20T15:16:49.038+0000][6][gc,phases   ] GC(54)   Other: 0.2ms
[2025-03-20T15:16:49.038+0000][6][gc,heap     ] GC(54) Eden regions: 71->0(71)
[2025-03-20T15:16:49.038+0000][6][gc,heap     ] GC(54) Survivor regions: 1->1(9)
[2025-03-20T15:16:49.038+0000][6][gc,heap     ] GC(54) Old regions: 27->27
[2025-03-20T15:16:49.039+0000][6][gc,heap     ] GC(54) Archive regions: 2->2
[2025-03-20T15:16:49.039+0000][6][gc,heap     ] GC(54) Humongous regions: 5->5
[2025-03-20T15:16:49.039+0000][6][gc,metaspace] GC(54) Metaspace: 120220K(121984K)->120220K(121984K) NonClass: 104646K(105600K)->104646K(105600K) Class: 15574K(16384K)->15574K(16384K)
[2025-03-20T15:16:49.039+0000][6][gc          ] GC(54) Pause Young (Normal) (G1 Evacuation Pause) 419M->133M(512M) 3.491ms
[2025-03-20T15:16:49.039+0000][6][gc,cpu      ] GC(54) User=0.01s Sys=0.00s Real=0.01s
[2025-03-20T15:16:49.039+0000][6][safepoint   ] Safepoint "G1CollectForAllocation", Time since last: 786018445 ns, Reaching safepoint: 105961 ns, At safepoint: 3563698 ns, Total: 3669659 ns
[2025-03-20T15:16:50.039+0000][6][safepoint   ] Safepoint "Cleanup", Time since last: 1000177856 ns, Reaching safepoint: 110000 ns, At safepoint: 4508 ns, Total: 114508 ns
[2025-03-20T15:16:53.041+0000][6][safepoint   ] Safepoint "Cleanup", Time since last: 3002254782 ns, Reaching safepoint: 86595 ns, At safepoint: 3887 ns, Total: 90482 ns
[2025-03-20T15:16:55.044+0000][6][safepoint   ] Safepoint "Cleanup", Time since last: 2001345318 ns, Reaching safepoint: 942204 ns, At safepoint: 19978 ns, Total: 962182 ns
[2025-03-20T15:16:56.044+0000][6][safepoint   ] Safepoint "Cleanup", Time since last: 1000508097 ns, Reaching safepoint: 81626 ns, At safepoint: 3727 ns, Total: 85353 ns
[2025-03-20T15:17:02.049+0000][6][safepoint   ] Safepoint "Cleanup", Time since last: 6004384984 ns, Reaching safepoint: 135087 ns, At safepoint: 3857 ns, Total: 138944 ns
[2025-03-20T15:17:05.051+0000][6][safepoint   ] Safepoint "Cleanup", Time since last: 3002566070 ns, Reaching safepoint: 131220 ns, At safepoint: 5711 ns, Total: 136931 ns
[2025-03-20T15:17:07.054+0000][6][safepoint   ] Safepoint "Cleanup", Time since last: 2001620835 ns, Reaching safepoint: 1067946 ns, At safepoint: 6673 ns, Total: 1074619 ns
[2025-03-20T15:17:17.060+0000][6][safepoint   ] Safepoint "Cleanup", Time since last: 10006209798 ns, Reaching safepoint: 115480 ns, At safepoint: 4959 ns, Total: 120439 ns
[2025-03-20T15:17:20.062+0000][6][safepoint   ] Safepoint "Cleanup", Time since last: 3001208005 ns, Reaching safepoint: 153142 ns, At safepoint: 4859 ns, Total: 158001 ns
[2025-03-20T15:17:21.063+0000][6][safepoint   ] Safepoint "Cleanup", Time since last: 1000687478 ns, Reaching safepoint: 96113 ns, At safepoint: 3667 ns, Total: 99780 ns
[2025-03-20T15:17:25.065+0000][6][safepoint   ] Safepoint "Cleanup", Time since last: 4002564433 ns, Reaching safepoint: 182418 ns, At safepoint: 4619 ns, Total: 187037 ns
[2025-03-20T15:17:31.059+0000][6][gc,start    ] GC(55) Pause Young (Normal) (G1 Evacuation Pause)
[2025-03-20T15:17:31.059+0000][6][gc,task     ] GC(55) Using 8 workers of 8 for evacuation
[2025-03-20T15:17:31.059+0000][6][gc,age      ] GC(55) Desired survivor size 18874368 bytes, new threshold 15 (max threshold 15)
[2025-03-20T15:17:31.061+0000][6][gc,age      ] GC(55) Age table with threshold 15 (max threshold 15)
[2025-03-20T15:17:31.061+0000][6][gc,age      ] GC(55) - age   1:    3190264 bytes,    3190264 total
[2025-03-20T15:17:31.061+0000][6][gc,age      ] GC(55) - age   2:       5072 bytes,    3195336 total
[2025-03-20T15:17:31.061+0000][6][gc,age      ] GC(55) - age   3:       1392 bytes,    3196728 total
[2025-03-20T15:17:31.061+0000][6][gc,age      ] GC(55) - age   4:       1904 bytes,    3198632 total
[2025-03-20T15:17:31.061+0000][6][gc,age      ] GC(55) - age   5:       2512 bytes,    3201144 total
[2025-03-20T15:17:31.061+0000][6][gc,age      ] GC(55) - age   6:       8776 bytes,    3209920 total
[2025-03-20T15:17:31.061+0000][6][gc,age      ] GC(55) - age   7:       2512 bytes,    3212432 total
[2025-03-20T15:17:31.061+0000][6][gc,age      ] GC(55) - age   8:     121728 bytes,    3334160 total
[2025-03-20T15:17:31.061+0000][6][gc,age      ] GC(55) - age   9:       4984 bytes,    3339144 total
[2025-03-20T15:17:31.061+0000][6][gc,age      ] GC(55) - age  10:      14856 bytes,    3354000 total
[2025-03-20T15:17:31.061+0000][6][gc,age      ] GC(55) - age  11:      21712 bytes,    3375712 total
[2025-03-20T15:17:31.061+0000][6][gc,age      ] GC(55) - age  12:       7200 bytes,    3382912 total
[2025-03-20T15:17:31.061+0000][6][gc,age      ] GC(55) - age  13:       3488 bytes,    3386400 total
[2025-03-20T15:17:31.061+0000][6][gc,age      ] GC(55) - age  14:      11696 bytes,    3398096 total
[2025-03-20T15:17:31.061+0000][6][gc,age      ] GC(55) - age  15:       2952 bytes,    3401048 total
[2025-03-20T15:17:31.061+0000][6][gc,phases   ] GC(55)   Pre Evacuate Collection Set: 0.1ms
[2025-03-20T15:17:31.061+0000][6][gc,phases   ] GC(55)   Merge Heap Roots: 0.0ms
[2025-03-20T15:17:31.061+0000][6][gc,phases   ] GC(55)   Evacuate Collection Set: 1.6ms
[2025-03-20T15:17:31.061+0000][6][gc,phases   ] GC(55)   Post Evacuate Collection Set: 0.8ms
[2025-03-20T15:17:31.061+0000][6][gc,phases   ] GC(55)   Other: 0.2ms
[2025-03-20T15:17:31.061+0000][6][gc,heap     ] GC(55) Eden regions: 71->0(71)
[2025-03-20T15:17:31.061+0000][6][gc,heap     ] GC(55) Survivor regions: 1->1(9)
[2025-03-20T15:17:31.061+0000][6][gc,heap     ] GC(55) Old regions: 27->27
[2025-03-20T15:17:31.061+0000][6][gc,heap     ] GC(55) Archive regions: 2->2
[2025-03-20T15:17:31.061+0000][6][gc,heap     ] GC(55) Humongous regions: 5->5
[2025-03-20T15:17:31.061+0000][6][gc,metaspace] GC(55) Metaspace: 120231K(122048K)->120231K(122048K) NonClass: 104657K(105664K)->104657K(105664K) Class: 15574K(16384K)->15574K(16384K)
[2025-03-20T15:17:31.062+0000][6][gc          ] GC(55) Pause Young (Normal) (G1 Evacuation Pause) 417M->134M(512M) 2.807ms
[2025-03-20T15:17:31.062+0000][6][gc,cpu      ] GC(55) User=0.01s Sys=0.00s Real=0.00s
[2025-03-20T15:17:31.062+0000][6][safepoint   ] Safepoint "G1CollectForAllocation", Time since last: 5993321796 ns, Reaching safepoint: 73761 ns, At safepoint: 2898668 ns, Total: 2972429 ns
[2025-03-20T15:17:50.074+0000][6][safepoint   ] Safepoint "Cleanup", Time since last: 19012191019 ns, Reaching safepoint: 110792 ns, At safepoint: 6753 ns, Total: 117545 ns
[2025-03-20T15:17:51.075+0000][6][safepoint   ] Safepoint "Cleanup", Time since last: 1000761300 ns, Reaching safepoint: 124647 ns, At safepoint: 4239 ns, Total: 128886 ns
[2025-03-20T15:18:06.083+0000][6][safepoint   ] Safepoint "Cleanup", Time since last: 15008215321 ns, Reaching safepoint: 110912 ns, At safepoint: 5360 ns, Total: 116272 ns
[2025-03-20T15:18:13.088+0000][6][safepoint   ] Safepoint "Cleanup", Time since last: 7005051660 ns, Reaching safepoint: 100041 ns, At safepoint: 3807 ns, Total: 103848 ns
[2025-03-20T15:18:16.090+0000][6][safepoint   ] Safepoint "Cleanup", Time since last: 3001354603 ns, Reaching safepoint: 86695 ns, At safepoint: 3757 ns, Total: 90452 ns
[2025-03-20T15:18:16.125+0000][6][gc,start    ] GC(56) Pause Young (Normal) (G1 Evacuation Pause)
[2025-03-20T15:18:16.125+0000][6][gc,task     ] GC(56) Using 8 workers of 8 for evacuation
[2025-03-20T15:18:16.125+0000][6][gc,age      ] GC(56) Desired survivor size 18874368 bytes, new threshold 15 (max threshold 15)
[2025-03-20T15:18:16.127+0000][6][gc,age      ] GC(56) Age table with threshold 15 (max threshold 15)
[2025-03-20T15:18:16.127+0000][6][gc,age      ] GC(56) - age   1:    1465280 bytes,    1465280 total
[2025-03-20T15:18:16.127+0000][6][gc,age      ] GC(56) - age   2:      59736 bytes,    1525016 total
[2025-03-20T15:18:16.127+0000][6][gc,age      ] GC(56) - age   3:       3376 bytes,    1528392 total
[2025-03-20T15:18:16.127+0000][6][gc,age      ] GC(56) - age   4:       1264 bytes,    1529656 total
[2025-03-20T15:18:16.127+0000][6][gc,age      ] GC(56) - age   5:       1904 bytes,    1531560 total
[2025-03-20T15:18:16.127+0000][6][gc,age      ] GC(56) - age   6:       2512 bytes,    1534072 total
[2025-03-20T15:18:16.127+0000][6][gc,age      ] GC(56) - age   7:       8480 bytes,    1542552 total
[2025-03-20T15:18:16.127+0000][6][gc,age      ] GC(56) - age   8:       2416 bytes,    1544968 total
[2025-03-20T15:18:16.127+0000][6][gc,age      ] GC(56) - age   9:     121664 bytes,    1666632 total
[2025-03-20T15:18:16.127+0000][6][gc,age      ] GC(56) - age  10:       4984 bytes,    1671616 total
[2025-03-20T15:18:16.127+0000][6][gc,age      ] GC(56) - age  11:      14600 bytes,    1686216 total
[2025-03-20T15:18:16.127+0000][6][gc,age      ] GC(56) - age  12:      21712 bytes,    1707928 total
[2025-03-20T15:18:16.127+0000][6][gc,age      ] GC(56) - age  13:       6904 bytes,    1714832 total
[2025-03-20T15:18:16.127+0000][6][gc,age      ] GC(56) - age  14:       3488 bytes,    1718320 total
[2025-03-20T15:18:16.127+0000][6][gc,age      ] GC(56) - age  15:      11696 bytes,    1730016 total
[2025-03-20T15:18:16.127+0000][6][gc,phases   ] GC(56)   Pre Evacuate Collection Set: 0.1ms
[2025-03-20T15:18:16.127+0000][6][gc,phases   ] GC(56)   Merge Heap Roots: 0.1ms
[2025-03-20T15:18:16.127+0000][6][gc,phases   ] GC(56)   Evacuate Collection Set: 1.3ms
[2025-03-20T15:18:16.127+0000][6][gc,phases   ] GC(56)   Post Evacuate Collection Set: 0.7ms
[2025-03-20T15:18:16.127+0000][6][gc,phases   ] GC(56)   Other: 0.3ms
[2025-03-20T15:18:16.127+0000][6][gc,heap     ] GC(56) Eden regions: 71->0(71)
[2025-03-20T15:18:16.127+0000][6][gc,heap     ] GC(56) Survivor regions: 1->1(9)
[2025-03-20T15:18:16.127+0000][6][gc,heap     ] GC(56) Old regions: 27->27
[2025-03-20T15:18:16.127+0000][6][gc,heap     ] GC(56) Archive regions: 2->2
[2025-03-20T15:18:16.127+0000][6][gc,heap     ] GC(56) Humongous regions: 5->5
[2025-03-20T15:18:16.127+0000][6][gc,metaspace] GC(56) Metaspace: 120239K(122048K)->120239K(122048K) NonClass: 104664K(105664K)->104664K(105664K) Class: 15574K(16384K)->15574K(16384K)
[2025-03-20T15:18:16.127+0000][6][gc          ] GC(56) Pause Young (Normal) (G1 Evacuation Pause) 418M->133M(512M) 2.446ms
[2025-03-20T15:18:16.127+0000][6][gc,cpu      ] GC(56) User=0.01s Sys=0.00s Real=0.01s
[2025-03-20T15:18:16.127+0000][6][safepoint   ] Safepoint "G1CollectForAllocation", Time since last: 35220023 ns, Reaching safepoint: 58301 ns, At safepoint: 2515832 ns, Total: 2574133 ns
[2025-03-20T15:18:21.130+0000][6][safepoint   ] Safepoint "Cleanup", Time since last: 5002888232 ns, Reaching safepoint: 109900 ns, At safepoint: 5009 ns, Total: 114909 ns
[2025-03-20T15:18:22.131+0000][6][safepoint   ] Safepoint "Cleanup", Time since last: 1000550479 ns, Reaching safepoint: 146339 ns, At safepoint: 5049 ns, Total: 151388 ns
[2025-03-20T15:18:49.147+0000][6][safepoint   ] Safepoint "Cleanup", Time since last: 27015625585 ns, Reaching safepoint: 134185 ns, At safepoint: 5942 ns, Total: 140127 ns
[2025-03-20T15:18:55.657+0000][6][gc,start    ] GC(57) Pause Young (Normal) (G1 Evacuation Pause)
[2025-03-20T15:18:55.657+0000][6][gc,task     ] GC(57) Using 8 workers of 8 for evacuation
[2025-03-20T15:18:55.657+0000][6][gc,age      ] GC(57) Desired survivor size 18874368 bytes, new threshold 15 (max threshold 15)
[2025-03-20T15:18:55.659+0000][6][gc,age      ] GC(57) Age table with threshold 15 (max threshold 15)
[2025-03-20T15:18:55.659+0000][6][gc,age      ] GC(57) - age   1:    3011248 bytes,    3011248 total
[2025-03-20T15:18:55.659+0000][6][gc,age      ] GC(57) - age   2:      59640 bytes,    3070888 total
[2025-03-20T15:18:55.659+0000][6][gc,age      ] GC(57) - age   3:      56960 bytes,    3127848 total
[2025-03-20T15:18:55.659+0000][6][gc,age      ] GC(57) - age   4:       3000 bytes,    3130848 total
[2025-03-20T15:18:55.659+0000][6][gc,age      ] GC(57) - age   5:       1080 bytes,    3131928 total
[2025-03-20T15:18:55.659+0000][6][gc,age      ] GC(57) - age   6:       1904 bytes,    3133832 total
[2025-03-20T15:18:55.659+0000][6][gc,age      ] GC(57) - age   7:       2312 bytes,    3136144 total
[2025-03-20T15:18:55.659+0000][6][gc,age      ] GC(57) - age   8:       8416 bytes,    3144560 total
[2025-03-20T15:18:55.659+0000][6][gc,age      ] GC(57) - age   9:       2352 bytes,    3146912 total
[2025-03-20T15:18:55.659+0000][6][gc,age      ] GC(57) - age  10:     121664 bytes,    3268576 total
[2025-03-20T15:18:55.659+0000][6][gc,age      ] GC(57) - age  11:       4984 bytes,    3273560 total
[2025-03-20T15:18:55.659+0000][6][gc,age      ] GC(57) - age  12:      14600 bytes,    3288160 total
[2025-03-20T15:18:55.659+0000][6][gc,age      ] GC(57) - age  13:      21712 bytes,    3309872 total
[2025-03-20T15:18:55.659+0000][6][gc,age      ] GC(57) - age  14:       6904 bytes,    3316776 total
[2025-03-20T15:18:55.659+0000][6][gc,age      ] GC(57) - age  15:       3488 bytes,    3320264 total
[2025-03-20T15:18:55.660+0000][6][gc,phases   ] GC(57)   Pre Evacuate Collection Set: 0.1ms
[2025-03-20T15:18:55.660+0000][6][gc,phases   ] GC(57)   Merge Heap Roots: 0.0ms
[2025-03-20T15:18:55.660+0000][6][gc,phases   ] GC(57)   Evacuate Collection Set: 1.4ms
[2025-03-20T15:18:55.660+0000][6][gc,phases   ] GC(57)   Post Evacuate Collection Set: 0.9ms
[2025-03-20T15:18:55.660+0000][6][gc,phases   ] GC(57)   Other: 0.3ms
[2025-03-20T15:18:55.660+0000][6][gc,heap     ] GC(57) Eden regions: 71->0(71)
[2025-03-20T15:18:55.660+0000][6][gc,heap     ] GC(57) Survivor regions: 1->1(9)
[2025-03-20T15:18:55.660+0000][6][gc,heap     ] GC(57) Old regions: 27->27
[2025-03-20T15:18:55.660+0000][6][gc,heap     ] GC(57) Archive regions: 2->2
[2025-03-20T15:18:55.660+0000][6][gc,heap     ] GC(57) Humongous regions: 5->5
[2025-03-20T15:18:55.660+0000][6][gc,metaspace] GC(57) Metaspace: 120262K(122048K)->120262K(122048K) NonClass: 104687K(105664K)->104687K(105664K) Class: 15574K(16384K)->15574K(16384K)
[2025-03-20T15:18:55.660+0000][6][gc          ] GC(57) Pause Young (Normal) (G1 Evacuation Pause) 417M->134M(512M) 2.789ms
[2025-03-20T15:18:55.660+0000][6][gc,cpu      ] GC(57) User=0.00s Sys=0.00s Real=0.01s
[2025-03-20T15:18:55.660+0000][6][safepoint   ] Safepoint "G1CollectForAllocation", Time since last: 6509756034 ns, Reaching safepoint: 80172 ns, At safepoint: 2891208 ns, Total: 2971380 ns
[2025-03-20T15:18:56.660+0000][6][safepoint   ] Safepoint "Cleanup", Time since last: 1000614131 ns, Reaching safepoint: 149806 ns, At safepoint: 4558 ns, Total: 154364 ns
[2025-03-20T15:19:05.666+0000][6][safepoint   ] Safepoint "Cleanup", Time since last: 9005586782 ns, Reaching safepoint: 131871 ns, At safepoint: 5992 ns, Total: 137863 ns
[2025-03-20T15:19:07.667+0000][6][safepoint   ] Safepoint "Cleanup", Time since last: 2000372902 ns, Reaching safepoint: 86986 ns, At safepoint: 4308 ns, Total: 91294 ns
[2025-03-20T15:19:16.671+0000][6][safepoint   ] Safepoint "Cleanup", Time since last: 9004437230 ns, Reaching safepoint: 323273 ns, At safepoint: 7103 ns, Total: 330376 ns
[2025-03-20T15:19:17.673+0000][6][safepoint   ] Safepoint "Cleanup", Time since last: 1000915983 ns, Reaching safepoint: 578236 ns, At safepoint: 6071 ns, Total: 584307 ns
[2025-03-20T15:19:21.675+0000][6][safepoint   ] Safepoint "Cleanup", Time since last: 4002167861 ns, Reaching safepoint: 145807 ns, At safepoint: 5040 ns, Total: 150847 ns
[2025-03-20T15:19:32.683+0000][6][safepoint   ] Safepoint "Cleanup", Time since last: 11007432858 ns, Reaching safepoint: 118175 ns, At safepoint: 3887 ns, Total: 122062 ns
[2025-03-20T15:19:40.688+0000][6][safepoint   ] Safepoint "Cleanup", Time since last: 8004801677 ns, Reaching safepoint: 135168 ns, At safepoint: 3837 ns, Total: 139005 ns
[2025-03-20T15:19:42.702+0000][6][gc,start    ] GC(58) Pause Young (Normal) (G1 Evacuation Pause)
[2025-03-20T15:19:42.702+0000][6][gc,task     ] GC(58) Using 8 workers of 8 for evacuation
[2025-03-20T15:19:42.702+0000][6][gc,age      ] GC(58) Desired survivor size 18874368 bytes, new threshold 15 (max threshold 15)
[2025-03-20T15:19:42.704+0000][6][gc,age      ] GC(58) Age table with threshold 15 (max threshold 15)
[2025-03-20T15:19:42.704+0000][6][gc,age      ] GC(58) - age   1:    1366696 bytes,    1366696 total
[2025-03-20T15:19:42.704+0000][6][gc,age      ] GC(58) - age   2:      12576 bytes,    1379272 total
[2025-03-20T15:19:42.704+0000][6][gc,age      ] GC(58) - age   3:      57928 bytes,    1437200 total
[2025-03-20T15:19:42.704+0000][6][gc,age      ] GC(58) - age   4:      56704 bytes,    1493904 total
[2025-03-20T15:19:42.704+0000][6][gc,age      ] GC(58) - age   5:       3000 bytes,    1496904 total
[2025-03-20T15:19:42.704+0000][6][gc,age      ] GC(58) - age   6:       1080 bytes,    1497984 total
[2025-03-20T15:19:42.704+0000][6][gc,age      ] GC(58) - age   7:       1904 bytes,    1499888 total
[2025-03-20T15:19:42.704+0000][6][gc,age      ] GC(58) - age   8:       2312 bytes,    1502200 total
[2025-03-20T15:19:42.704+0000][6][gc,age      ] GC(58) - age   9:       8416 bytes,    1510616 total
[2025-03-20T15:19:42.704+0000][6][gc,age      ] GC(58) - age  10:       2352 bytes,    1512968 total
[2025-03-20T15:19:42.704+0000][6][gc,age      ] GC(58) - age  11:     121664 bytes,    1634632 total
[2025-03-20T15:19:42.704+0000][6][gc,age      ] GC(58) - age  12:       4984 bytes,    1639616 total
[2025-03-20T15:19:42.704+0000][6][gc,age      ] GC(58) - age  13:      14600 bytes,    1654216 total
[2025-03-20T15:19:42.704+0000][6][gc,age      ] GC(58) - age  14:      21712 bytes,    1675928 total
[2025-03-20T15:19:42.704+0000][6][gc,age      ] GC(58) - age  15:       6904 bytes,    1682832 total
[2025-03-20T15:19:42.704+0000][6][gc,phases   ] GC(58)   Pre Evacuate Collection Set: 0.1ms
[2025-03-20T15:19:42.704+0000][6][gc,phases   ] GC(58)   Merge Heap Roots: 0.1ms
[2025-03-20T15:19:42.704+0000][6][gc,phases   ] GC(58)   Evacuate Collection Set: 1.1ms
[2025-03-20T15:19:42.704+0000][6][gc,phases   ] GC(58)   Post Evacuate Collection Set: 0.8ms
[2025-03-20T15:19:42.704+0000][6][gc,phases   ] GC(58)   Other: 0.2ms
[2025-03-20T15:19:42.704+0000][6][gc,heap     ] GC(58) Eden regions: 71->0(71)
[2025-03-20T15:19:42.704+0000][6][gc,heap     ] GC(58) Survivor regions: 1->1(9)
[2025-03-20T15:19:42.704+0000][6][gc,heap     ] GC(58) Old regions: 27->27
[2025-03-20T15:19:42.704+0000][6][gc,heap     ] GC(58) Archive regions: 2->2
[2025-03-20T15:19:42.704+0000][6][gc,heap     ] GC(58) Humongous regions: 5->5
[2025-03-20T15:19:42.704+0000][6][gc,metaspace] GC(58) Metaspace: 120282K(122048K)->120282K(122048K) NonClass: 104707K(105664K)->104707K(105664K) Class: 15574K(16384K)->15574K(16384K)
[2025-03-20T15:19:42.704+0000][6][gc          ] GC(58) Pause Young (Normal) (G1 Evacuation Pause) 418M->133M(512M) 2.413ms
[2025-03-20T15:19:42.704+0000][6][gc,cpu      ] GC(58) User=0.01s Sys=0.00s Real=0.00s
[2025-03-20T15:19:42.704+0000][6][safepoint   ] Safepoint "G1CollectForAllocation", Time since last: 2013957194 ns, Reaching safepoint: 141970 ns, At safepoint: 2501042 ns, Total: 2643012 ns
[2025-03-20T15:19:44.185+0000][6][safepoint   ] Safepoint "Cleanup", Time since last: 1480865006 ns, Reaching safepoint: 199280 ns, At safepoint: 8226 ns, Total: 207506 ns
[2025-03-20T15:19:46.187+0000][6][safepoint   ] Safepoint "Cleanup", Time since last: 2001229886 ns, Reaching safepoint: 160195 ns, At safepoint: 3697 ns, Total: 163892 ns
[2025-03-20T15:19:49.189+0000][6][safepoint   ] Safepoint "Cleanup", Time since last: 3001936256 ns, Reaching safepoint: 121682 ns, At safepoint: 3797 ns, Total: 125479 ns
[2025-03-20T15:19:52.191+0000][6][safepoint   ] Safepoint "Cleanup", Time since last: 3001565670 ns, Reaching safepoint: 103908 ns, At safepoint: 3677 ns, Total: 107585 ns
[2025-03-20T15:19:58.192+0000][6][safepoint   ] Safepoint "Cleanup", Time since last: 6001535693 ns, Reaching safepoint: 182157 ns, At safepoint: 11001 ns, Total: 193158 ns
[2025-03-20T15:20:15.203+0000][6][safepoint   ] Safepoint "Cleanup", Time since last: 17010073319 ns, Reaching safepoint: 174122 ns, At safepoint: 6121 ns, Total: 180243 ns
[2025-03-20T15:20:18.204+0000][6][safepoint   ] Safepoint "Cleanup", Time since last: 3001544173 ns, Reaching safepoint: 132382 ns, At safepoint: 5681 ns, Total: 138063 ns
[2025-03-20T15:20:20.206+0000][6][safepoint   ] Safepoint "Cleanup", Time since last: 2001559530 ns, Reaching safepoint: 102726 ns, At safepoint: 4097 ns, Total: 106823 ns
[2025-03-20T15:20:21.206+0000][6][safepoint   ] Safepoint "Cleanup", Time since last: 1000540978 ns, Reaching safepoint: 90202 ns, At safepoint: 3797 ns, Total: 93999 ns
[2025-03-20T15:20:26.307+0000][6][gc,start    ] GC(59) Pause Young (Normal) (G1 Evacuation Pause)
[2025-03-20T15:20:26.307+0000][6][gc,task     ] GC(59) Using 8 workers of 8 for evacuation
[2025-03-20T15:20:26.307+0000][6][gc,age      ] GC(59) Desired survivor size 18874368 bytes, new threshold 15 (max threshold 15)
[2025-03-20T15:20:26.309+0000][6][gc,age      ] GC(59) Age table with threshold 15 (max threshold 15)
[2025-03-20T15:20:26.309+0000][6][gc,age      ] GC(59) - age   1:    1998600 bytes,    1998600 total
[2025-03-20T15:20:26.309+0000][6][gc,age      ] GC(59) - age   2:     284416 bytes,    2283016 total
[2025-03-20T15:20:26.309+0000][6][gc,age      ] GC(59) - age   3:       9664 bytes,    2292680 total
[2025-03-20T15:20:26.309+0000][6][gc,age      ] GC(59) - age   4:      57120 bytes,    2349800 total
[2025-03-20T15:20:26.309+0000][6][gc,age      ] GC(59) - age   5:      56048 bytes,    2405848 total
[2025-03-20T15:20:26.309+0000][6][gc,age      ] GC(59) - age   6:       2800 bytes,    2408648 total
[2025-03-20T15:20:26.309+0000][6][gc,age      ] GC(59) - age   7:       1080 bytes,    2409728 total
[2025-03-20T15:20:26.309+0000][6][gc,age      ] GC(59) - age   8:       1488 bytes,    2411216 total
[2025-03-20T15:20:26.309+0000][6][gc,age      ] GC(59) - age   9:       2312 bytes,    2413528 total
[2025-03-20T15:20:26.309+0000][6][gc,age      ] GC(59) - age  10:       8120 bytes,    2421648 total
[2025-03-20T15:20:26.309+0000][6][gc,age      ] GC(59) - age  11:       2288 bytes,    2423936 total
[2025-03-20T15:20:26.309+0000][6][gc,age      ] GC(59) - age  12:     121600 bytes,    2545536 total
[2025-03-20T15:20:26.309+0000][6][gc,age      ] GC(59) - age  13:       4984 bytes,    2550520 total
[2025-03-20T15:20:26.309+0000][6][gc,age      ] GC(59) - age  14:      12952 bytes,    2563472 total
[2025-03-20T15:20:26.309+0000][6][gc,age      ] GC(59) - age  15:      20344 bytes,    2583816 total
[2025-03-20T15:20:26.310+0000][6][gc,phases   ] GC(59)   Pre Evacuate Collection Set: 0.1ms
[2025-03-20T15:20:26.310+0000][6][gc,phases   ] GC(59)   Merge Heap Roots: 0.1ms
[2025-03-20T15:20:26.310+0000][6][gc,phases   ] GC(59)   Evacuate Collection Set: 1.4ms
[2025-03-20T15:20:26.310+0000][6][gc,phases   ] GC(59)   Post Evacuate Collection Set: 0.8ms
[2025-03-20T15:20:26.310+0000][6][gc,phases   ] GC(59)   Other: 0.3ms
[2025-03-20T15:20:26.310+0000][6][gc,heap     ] GC(59) Eden regions: 71->0(71)
[2025-03-20T15:20:26.310+0000][6][gc,heap     ] GC(59) Survivor regions: 1->1(9)
[2025-03-20T15:20:26.310+0000][6][gc,heap     ] GC(59) Old regions: 27->27
[2025-03-20T15:20:26.310+0000][6][gc,heap     ] GC(59) Archive regions: 2->2
[2025-03-20T15:20:26.310+0000][6][gc,heap     ] GC(59) Humongous regions: 5->5
[2025-03-20T15:20:26.310+0000][6][gc,metaspace] GC(59) Metaspace: 120298K(122048K)->120298K(122048K) NonClass: 104723K(105664K)->104723K(105664K) Class: 15574K(16384K)->15574K(16384K)
[2025-03-20T15:20:26.310+0000][6][gc          ] GC(59) Pause Young (Normal) (G1 Evacuation Pause) 417M->134M(512M) 2.708ms
[2025-03-20T15:20:26.310+0000][6][gc,cpu      ] GC(59) User=0.00s Sys=0.00s Real=0.00s
[2025-03-20T15:20:26.310+0000][6][safepoint   ] Safepoint "G1CollectForAllocation", Time since last: 5100201945 ns, Reaching safepoint: 126661 ns, At safepoint: 2790572 ns, Total: 2917233 ns
[2025-03-20T15:20:28.312+0000][6][safepoint   ] Safepoint "Cleanup", Time since last: 2001834480 ns, Reaching safepoint: 197566 ns, At safepoint: 7425 ns, Total: 204991 ns
[2025-03-20T15:20:31.313+0000][6][safepoint   ] Safepoint "Cleanup", Time since last: 3001638800 ns, Reaching safepoint: 133715 ns, At safepoint: 4909 ns, Total: 138624 ns
[2025-03-20T15:20:32.315+0000][6][safepoint   ] Safepoint "Cleanup", Time since last: 1001001123 ns, Reaching safepoint: 206404 ns, At safepoint: 10680 ns, Total: 217084 ns
[2025-03-20T15:20:44.323+0000][6][safepoint   ] Safepoint "Cleanup", Time since last: 12007762130 ns, Reaching safepoint: 181836 ns, At safepoint: 5030 ns, Total: 186866 ns
[2025-03-20T15:20:52.327+0000][6][safepoint   ] Safepoint "Cleanup", Time since last: 8004138762 ns, Reaching safepoint: 118957 ns, At safepoint: 4258 ns, Total: 123215 ns
[2025-03-20T15:21:00.333+0000][6][safepoint   ] Safepoint "Cleanup", Time since last: 8005665489 ns, Reaching safepoint: 158542 ns, At safepoint: 3657 ns, Total: 162199 ns
[2025-03-20T15:21:01.333+0000][6][safepoint   ] Safepoint "Cleanup", Time since last: 1000651179 ns, Reaching safepoint: 94931 ns, At safepoint: 3306 ns, Total: 98237 ns
[2025-03-20T15:21:10.093+0000][6][gc,start    ] GC(60) Pause Young (Normal) (G1 Evacuation Pause)
[2025-03-20T15:21:10.093+0000][6][gc,task     ] GC(60) Using 8 workers of 8 for evacuation
[2025-03-20T15:21:10.093+0000][6][gc,age      ] GC(60) Desired survivor size 18874368 bytes, new threshold 15 (max threshold 15)
[2025-03-20T15:21:10.095+0000][6][gc,age      ] GC(60) Age table with threshold 15 (max threshold 15)
[2025-03-20T15:21:10.095+0000][6][gc,age      ] GC(60) - age   1:    1390584 bytes,    1390584 total
[2025-03-20T15:21:10.095+0000][6][gc,age      ] GC(60) - age   2:      38552 bytes,    1429136 total
[2025-03-20T15:21:10.095+0000][6][gc,age      ] GC(60) - age   3:      15544 bytes,    1444680 total
[2025-03-20T15:21:10.095+0000][6][gc,age      ] GC(60) - age   4:       9240 bytes,    1453920 total
[2025-03-20T15:21:10.095+0000][6][gc,age      ] GC(60) - age   5:      56960 bytes,    1510880 total
[2025-03-20T15:21:10.095+0000][6][gc,age      ] GC(60) - age   6:      56048 bytes,    1566928 total
[2025-03-20T15:21:10.095+0000][6][gc,age      ] GC(60) - age   7:       2800 bytes,    1569728 total
[2025-03-20T15:21:10.095+0000][6][gc,age      ] GC(60) - age   8:       1080 bytes,    1570808 total
[2025-03-20T15:21:10.095+0000][6][gc,age      ] GC(60) - age   9:       1488 bytes,    1572296 total
[2025-03-20T15:21:10.095+0000][6][gc,age      ] GC(60) - age  10:       2312 bytes,    1574608 total
[2025-03-20T15:21:10.095+0000][6][gc,age      ] GC(60) - age  11:       8120 bytes,    1582728 total
[2025-03-20T15:21:10.095+0000][6][gc,age      ] GC(60) - age  12:       2288 bytes,    1585016 total
[2025-03-20T15:21:10.095+0000][6][gc,age      ] GC(60) - age  13:     121600 bytes,    1706616 total
[2025-03-20T15:21:10.095+0000][6][gc,age      ] GC(60) - age  14:       4984 bytes,    1711600 total
[2025-03-20T15:21:10.095+0000][6][gc,age      ] GC(60) - age  15:      12760 bytes,    1724360 total
[2025-03-20T15:21:10.095+0000][6][gc,phases   ] GC(60)   Pre Evacuate Collection Set: 0.1ms
[2025-03-20T15:21:10.095+0000][6][gc,phases   ] GC(60)   Merge Heap Roots: 0.0ms
[2025-03-20T15:21:10.095+0000][6][gc,phases   ] GC(60)   Evacuate Collection Set: 1.1ms
[2025-03-20T15:21:10.095+0000][6][gc,phases   ] GC(60)   Post Evacuate Collection Set: 0.7ms
[2025-03-20T15:21:10.095+0000][6][gc,phases   ] GC(60)   Other: 0.3ms
[2025-03-20T15:21:10.095+0000][6][gc,heap     ] GC(60) Eden regions: 71->0(71)
[2025-03-20T15:21:10.095+0000][6][gc,heap     ] GC(60) Survivor regions: 1->1(9)
[2025-03-20T15:21:10.095+0000][6][gc,heap     ] GC(60) Old regions: 27->27
[2025-03-20T15:21:10.095+0000][6][gc,heap     ] GC(60) Archive regions: 2->2
[2025-03-20T15:21:10.095+0000][6][gc,heap     ] GC(60) Humongous regions: 5->5
[2025-03-20T15:21:10.095+0000][6][gc,metaspace] GC(60) Metaspace: 120309K(122112K)->120309K(122112K) NonClass: 104734K(105728K)->104734K(105728K) Class: 15575K(16384K)->15575K(16384K)
[2025-03-20T15:21:10.095+0000][6][gc          ] GC(60) Pause Young (Normal) (G1 Evacuation Pause) 418M->133M(512M) 2.300ms
[2025-03-20T15:21:10.095+0000][6][gc,cpu      ] GC(60) User=0.00s Sys=0.00s Real=0.00s
[2025-03-20T15:21:10.095+0000][6][safepoint   ] Safepoint "G1CollectForAllocation", Time since last: 8759402342 ns, Reaching safepoint: 158712 ns, At safepoint: 2405776 ns, Total: 2564488 ns
[2025-03-20T15:21:15.099+0000][6][safepoint   ] Safepoint "Cleanup", Time since last: 5003237717 ns, Reaching safepoint: 110961 ns, At safepoint: 4329 ns, Total: 115290 ns
[2025-03-20T15:21:16.103+0000][6][safepoint   ] Safepoint "Cleanup", Time since last: 1003954337 ns, Reaching safepoint: 81075 ns, At safepoint: 3506 ns, Total: 84581 ns
[2025-03-20T15:21:17.104+0000][6][safepoint   ] Safepoint "Cleanup", Time since last: 1000627293 ns, Reaching safepoint: 179743 ns, At safepoint: 7865 ns, Total: 187608 ns
[2025-03-20T15:21:20.106+0000][6][safepoint   ] Safepoint "Cleanup", Time since last: 3002316530 ns, Reaching safepoint: 107024 ns, At safepoint: 3566 ns, Total: 110590 ns
[2025-03-20T15:21:21.106+0000][6][safepoint   ] Safepoint "Cleanup", Time since last: 1000285270 ns, Reaching safepoint: 140377 ns, At safepoint: 4409 ns, Total: 144786 ns
[2025-03-20T15:21:22.107+0000][6][safepoint   ] Safepoint "Cleanup", Time since last: 1000915843 ns, Reaching safepoint: 89650 ns, At safepoint: 3377 ns, Total: 93027 ns
[2025-03-20T15:21:25.110+0000][6][safepoint   ] Safepoint "Cleanup", Time since last: 3001675898 ns, Reaching safepoint: 1112381 ns, At safepoint: 37732 ns, Total: 1150113 ns
[2025-03-20T15:21:26.111+0000][6][safepoint   ] Safepoint "Cleanup", Time since last: 1000755587 ns, Reaching safepoint: 128605 ns, At safepoint: 5260 ns, Total: 133865 ns
[2025-03-20T15:21:32.114+0000][6][safepoint   ] Safepoint "Cleanup", Time since last: 6002533262 ns, Reaching safepoint: 151078 ns, At safepoint: 4779 ns, Total: 155857 ns
[2025-03-20T15:21:33.115+0000][6][safepoint   ] Safepoint "Cleanup", Time since last: 1000937502 ns, Reaching safepoint: 82247 ns, At safepoint: 3507 ns, Total: 85754 ns
[2025-03-20T15:21:36.117+0000][6][safepoint   ] Safepoint "Cleanup", Time since last: 3001790024 ns, Reaching safepoint: 123184 ns, At safepoint: 8817 ns, Total: 132001 ns
[2025-03-20T15:21:52.126+0000][6][safepoint   ] Safepoint "Cleanup", Time since last: 16008738380 ns, Reaching safepoint: 135708 ns, At safepoint: 5882 ns, Total: 141590 ns
[2025-03-20T15:21:55.119+0000][6][gc,start    ] GC(61) Pause Young (Normal) (G1 Evacuation Pause)
[2025-03-20T15:21:55.119+0000][6][gc,task     ] GC(61) Using 8 workers of 8 for evacuation
[2025-03-20T15:21:55.119+0000][6][gc,age      ] GC(61) Desired survivor size 18874368 bytes, new threshold 15 (max threshold 15)
[2025-03-20T15:21:55.122+0000][6][gc,age      ] GC(61) Age table with threshold 15 (max threshold 15)
[2025-03-20T15:21:55.122+0000][6][gc,age      ] GC(61) - age   1:    2116440 bytes,    2116440 total
[2025-03-20T15:21:55.122+0000][6][gc,age      ] GC(61) - age   2:     226872 bytes,    2343312 total
[2025-03-20T15:21:55.122+0000][6][gc,age      ] GC(61) - age   3:      31272 bytes,    2374584 total
[2025-03-20T15:21:55.122+0000][6][gc,age      ] GC(61) - age   4:      14840 bytes,    2389424 total
[2025-03-20T15:21:55.122+0000][6][gc,age      ] GC(61) - age   5:       9240 bytes,    2398664 total
[2025-03-20T15:21:55.122+0000][6][gc,age      ] GC(61) - age   6:      56960 bytes,    2455624 total
[2025-03-20T15:21:55.122+0000][6][gc,age      ] GC(61) - age   7:      56048 bytes,    2511672 total
[2025-03-20T15:21:55.122+0000][6][gc,age      ] GC(61) - age   8:       2800 bytes,    2514472 total
[2025-03-20T15:21:55.122+0000][6][gc,age      ] GC(61) - age   9:       1080 bytes,    2515552 total
[2025-03-20T15:21:55.122+0000][6][gc,age      ] GC(61) - age  10:       1488 bytes,    2517040 total
[2025-03-20T15:21:55.122+0000][6][gc,age      ] GC(61) - age  11:       2312 bytes,    2519352 total
[2025-03-20T15:21:55.122+0000][6][gc,age      ] GC(61) - age  12:       8120 bytes,    2527472 total
[2025-03-20T15:21:55.122+0000][6][gc,age      ] GC(61) - age  13:       2288 bytes,    2529760 total
[2025-03-20T15:21:55.122+0000][6][gc,age      ] GC(61) - age  14:     121600 bytes,    2651360 total
[2025-03-20T15:21:55.122+0000][6][gc,age      ] GC(61) - age  15:       4984 bytes,    2656344 total
[2025-03-20T15:21:55.122+0000][6][gc,phases   ] GC(61)   Pre Evacuate Collection Set: 0.1ms
[2025-03-20T15:21:55.122+0000][6][gc,phases   ] GC(61)   Merge Heap Roots: 0.0ms
[2025-03-20T15:21:55.122+0000][6][gc,phases   ] GC(61)   Evacuate Collection Set: 1.6ms
[2025-03-20T15:21:55.122+0000][6][gc,phases   ] GC(61)   Post Evacuate Collection Set: 0.7ms
[2025-03-20T15:21:55.122+0000][6][gc,phases   ] GC(61)   Other: 0.2ms
[2025-03-20T15:21:55.122+0000][6][gc,heap     ] GC(61) Eden regions: 71->0(71)
[2025-03-20T15:21:55.122+0000][6][gc,heap     ] GC(61) Survivor regions: 1->1(9)
[2025-03-20T15:21:55.122+0000][6][gc,heap     ] GC(61) Old regions: 27->27
[2025-03-20T15:21:55.122+0000][6][gc,heap     ] GC(61) Archive regions: 2->2
[2025-03-20T15:21:55.122+0000][6][gc,heap     ] GC(61) Humongous regions: 5->5
[2025-03-20T15:21:55.122+0000][6][gc,metaspace] GC(61) Metaspace: 120336K(122112K)->120336K(122112K) NonClass: 104761K(105728K)->104761K(105728K) Class: 15575K(16384K)->15575K(16384K)
[2025-03-20T15:21:55.122+0000][6][gc          ] GC(61) Pause Young (Normal) (G1 Evacuation Pause) 417M->134M(512M) 2.653ms
[2025-03-20T15:21:55.122+0000][6][gc,cpu      ] GC(61) User=0.01s Sys=0.00s Real=0.00s
[2025-03-20T15:21:55.122+0000][6][safepoint   ] Safepoint "G1CollectForAllocation", Time since last: 2993422013 ns, Reaching safepoint: 95983 ns, At safepoint: 2724961 ns, Total: 2820944 ns
[2025-03-20T15:21:56.123+0000][6][safepoint   ] Safepoint "Cleanup", Time since last: 1000986167 ns, Reaching safepoint: 107043 ns, At safepoint: 3838 ns, Total: 110881 ns
[2025-03-20T15:21:59.124+0000][6][safepoint   ] Safepoint "Cleanup", Time since last: 3001190710 ns, Reaching safepoint: 124086 ns, At safepoint: 3627 ns, Total: 127713 ns
[2025-03-20T15:22:07.130+0000][6][safepoint   ] Safepoint "Cleanup", Time since last: 8004806388 ns, Reaching safepoint: 466135 ns, At safepoint: 17834 ns, Total: 483969 ns
[2025-03-20T15:22:16.135+0000][6][safepoint   ] Safepoint "Cleanup", Time since last: 9004751236 ns, Reaching safepoint: 657615 ns, At safepoint: 6402 ns, Total: 664017 ns
[2025-03-20T15:22:21.138+0000][6][safepoint   ] Safepoint "Cleanup", Time since last: 5002433333 ns, Reaching safepoint: 139145 ns, At safepoint: 4168 ns, Total: 143313 ns
[2025-03-20T15:22:25.140+0000][6][safepoint   ] Safepoint "Cleanup", Time since last: 4001853583 ns, Reaching safepoint: 76916 ns, At safepoint: 3217 ns, Total: 80133 ns
[2025-03-20T15:22:28.141+0000][6][safepoint   ] Safepoint "Cleanup", Time since last: 3001079150 ns, Reaching safepoint: 106282 ns, At safepoint: 4028 ns, Total: 110310 ns
[2025-03-20T15:22:37.130+0000][6][gc,start    ] GC(62) Pause Young (Normal) (G1 Evacuation Pause)
[2025-03-20T15:22:37.130+0000][6][gc,task     ] GC(62) Using 8 workers of 8 for evacuation
[2025-03-20T15:22:37.130+0000][6][gc,age      ] GC(62) Desired survivor size 18874368 bytes, new threshold 15 (max threshold 15)
[2025-03-20T15:22:37.132+0000][6][gc,age      ] GC(62) Age table with threshold 15 (max threshold 15)
[2025-03-20T15:22:37.132+0000][6][gc,age      ] GC(62) - age   1:     928824 bytes,     928824 total
[2025-03-20T15:22:37.132+0000][6][gc,age      ] GC(62) - age   2:       5376 bytes,     934200 total
[2025-03-20T15:22:37.132+0000][6][gc,age      ] GC(62) - age   3:      12112 bytes,     946312 total
[2025-03-20T15:22:37.132+0000][6][gc,age      ] GC(62) - age   4:      30376 bytes,     976688 total
[2025-03-20T15:22:37.132+0000][6][gc,age      ] GC(62) - age   5:      14808 bytes,     991496 total
[2025-03-20T15:22:37.132+0000][6][gc,age      ] GC(62) - age   6:       9240 bytes,    1000736 total
[2025-03-20T15:22:37.132+0000][6][gc,age      ] GC(62) - age   7:      56960 bytes,    1057696 total
[2025-03-20T15:22:37.132+0000][6][gc,age      ] GC(62) - age   8:      56048 bytes,    1113744 total
[2025-03-20T15:22:37.132+0000][6][gc,age      ] GC(62) - age   9:       2800 bytes,    1116544 total
[2025-03-20T15:22:37.132+0000][6][gc,age      ] GC(62) - age  10:       1080 bytes,    1117624 total
[2025-03-20T15:22:37.132+0000][6][gc,age      ] GC(62) - age  11:       1488 bytes,    1119112 total
[2025-03-20T15:22:37.132+0000][6][gc,age      ] GC(62) - age  12:       2312 bytes,    1121424 total
[2025-03-20T15:22:37.132+0000][6][gc,age      ] GC(62) - age  13:       8120 bytes,    1129544 total
[2025-03-20T15:22:37.132+0000][6][gc,age      ] GC(62) - age  14:       2288 bytes,    1131832 total
[2025-03-20T15:22:37.132+0000][6][gc,age      ] GC(62) - age  15:     121496 bytes,    1253328 total
[2025-03-20T15:22:37.132+0000][6][gc,phases   ] GC(62)   Pre Evacuate Collection Set: 0.1ms
[2025-03-20T15:22:37.132+0000][6][gc,phases   ] GC(62)   Merge Heap Roots: 0.0ms
[2025-03-20T15:22:37.132+0000][6][gc,phases   ] GC(62)   Evacuate Collection Set: 0.9ms
[2025-03-20T15:22:37.132+0000][6][gc,phases   ] GC(62)   Post Evacuate Collection Set: 0.5ms
[2025-03-20T15:22:37.132+0000][6][gc,phases   ] GC(62)   Other: 0.2ms
[2025-03-20T15:22:37.132+0000][6][gc,heap     ] GC(62) Eden regions: 71->0(71)
[2025-03-20T15:22:37.132+0000][6][gc,heap     ] GC(62) Survivor regions: 1->1(9)
[2025-03-20T15:22:37.132+0000][6][gc,heap     ] GC(62) Old regions: 27->27
[2025-03-20T15:22:37.132+0000][6][gc,heap     ] GC(62) Archive regions: 2->2
[2025-03-20T15:22:37.132+0000][6][gc,heap     ] GC(62) Humongous regions: 5->5
[2025-03-20T15:22:37.132+0000][6][gc,metaspace] GC(62) Metaspace: 120353K(122176K)->120353K(122176K) NonClass: 104778K(105792K)->104778K(105792K) Class: 15575K(16384K)->15575K(16384K)
[2025-03-20T15:22:37.132+0000][6][gc          ] GC(62) Pause Young (Normal) (G1 Evacuation Pause) 418M->132M(512M) 1.827ms
[2025-03-20T15:22:37.132+0000][6][gc,cpu      ] GC(62) User=0.00s Sys=0.00s Real=0.00s
[2025-03-20T15:22:37.132+0000][6][safepoint   ] Safepoint "G1CollectForAllocation", Time since last: 8989258113 ns, Reaching safepoint: 94571 ns, At safepoint: 1901197 ns, Total: 1995768 ns
[2025-03-20T15:22:47.139+0000][6][safepoint   ] Safepoint "Cleanup", Time since last: 10006595161 ns, Reaching safepoint: 111903 ns, At safepoint: 5220 ns, Total: 117123 ns
[2025-03-20T15:22:49.140+0000][6][safepoint   ] Safepoint "Cleanup", Time since last: 2001391995 ns, Reaching safepoint: 139225 ns, At safepoint: 4419 ns, Total: 143644 ns
[2025-03-20T15:22:50.141+0000][6][safepoint   ] Safepoint "Cleanup", Time since last: 1000238262 ns, Reaching safepoint: 129657 ns, At safepoint: 4579 ns, Total: 134236 ns
[2025-03-20T15:22:56.146+0000][6][safepoint   ] Safepoint "Cleanup", Time since last: 6004778033 ns, Reaching safepoint: 88048 ns, At safepoint: 19707 ns, Total: 107755 ns
[2025-03-20T15:23:02.149+0000][6][safepoint   ] Safepoint "Cleanup", Time since last: 6003378022 ns, Reaching safepoint: 113156 ns, At safepoint: 4639 ns, Total: 117795 ns
[2025-03-20T15:23:08.153+0000][6][safepoint   ] Safepoint "Cleanup", Time since last: 6003728204 ns, Reaching safepoint: 115260 ns, At safepoint: 4819 ns, Total: 120079 ns
[2025-03-20T15:23:11.392+0000][6][gc,start    ] GC(63) Pause Young (Normal) (G1 Evacuation Pause)
[2025-03-20T15:23:11.392+0000][6][gc,task     ] GC(63) Using 8 workers of 8 for evacuation
[2025-03-20T15:23:11.392+0000][6][gc,age      ] GC(63) Desired survivor size 18874368 bytes, new threshold 15 (max threshold 15)
[2025-03-20T15:23:11.393+0000][6][gc,age      ] GC(63) Age table with threshold 15 (max threshold 15)
[2025-03-20T15:23:11.394+0000][6][gc,age      ] GC(63) - age   1:     428984 bytes,     428984 total
[2025-03-20T15:23:11.394+0000][6][gc,age      ] GC(63) - age   2:     151096 bytes,     580080 total
[2025-03-20T15:23:11.394+0000][6][gc,age      ] GC(63) - age   3:       2352 bytes,     582432 total
[2025-03-20T15:23:11.394+0000][6][gc,age      ] GC(63) - age   4:      11600 bytes,     594032 total
[2025-03-20T15:23:11.394+0000][6][gc,age      ] GC(63) - age   5:      30312 bytes,     624344 total
[2025-03-20T15:23:11.394+0000][6][gc,age      ] GC(63) - age   6:      14808 bytes,     639152 total
[2025-03-20T15:23:11.394+0000][6][gc,age      ] GC(63) - age   7:       9240 bytes,     648392 total
[2025-03-20T15:23:11.394+0000][6][gc,age      ] GC(63) - age   8:      56960 bytes,     705352 total
[2025-03-20T15:23:11.394+0000][6][gc,age      ] GC(63) - age   9:      56048 bytes,     761400 total
[2025-03-20T15:23:11.394+0000][6][gc,age      ] GC(63) - age  10:       2800 bytes,     764200 total
[2025-03-20T15:23:11.394+0000][6][gc,age      ] GC(63) - age  11:       1080 bytes,     765280 total
[2025-03-20T15:23:11.394+0000][6][gc,age      ] GC(63) - age  12:       1488 bytes,     766768 total
[2025-03-20T15:23:11.394+0000][6][gc,age      ] GC(63) - age  13:       2312 bytes,     769080 total
[2025-03-20T15:23:11.394+0000][6][gc,age      ] GC(63) - age  14:       8120 bytes,     777200 total
[2025-03-20T15:23:11.394+0000][6][gc,age      ] GC(63) - age  15:       2288 bytes,     779488 total
[2025-03-20T15:23:11.394+0000][6][gc,phases   ] GC(63)   Pre Evacuate Collection Set: 0.1ms
[2025-03-20T15:23:11.394+0000][6][gc,phases   ] GC(63)   Merge Heap Roots: 0.1ms
[2025-03-20T15:23:11.394+0000][6][gc,phases   ] GC(63)   Evacuate Collection Set: 0.8ms
[2025-03-20T15:23:11.394+0000][6][gc,phases   ] GC(63)   Post Evacuate Collection Set: 0.8ms
[2025-03-20T15:23:11.394+0000][6][gc,phases   ] GC(63)   Other: 0.3ms
[2025-03-20T15:23:11.394+0000][6][gc,heap     ] GC(63) Eden regions: 71->0(71)
[2025-03-20T15:23:11.394+0000][6][gc,heap     ] GC(63) Survivor regions: 1->1(9)
[2025-03-20T15:23:11.394+0000][6][gc,heap     ] GC(63) Old regions: 27->27
[2025-03-20T15:23:11.394+0000][6][gc,heap     ] GC(63) Archive regions: 2->2
[2025-03-20T15:23:11.394+0000][6][gc,heap     ] GC(63) Humongous regions: 5->5
[2025-03-20T15:23:11.394+0000][6][gc,metaspace] GC(63) Metaspace: 120371K(122176K)->120371K(122176K) NonClass: 104796K(105792K)->104796K(105792K) Class: 15575K(16384K)->15575K(16384K)
[2025-03-20T15:23:11.394+0000][6][gc          ] GC(63) Pause Young (Normal) (G1 Evacuation Pause) 416M->132M(512M) 2.171ms
[2025-03-20T15:23:11.394+0000][6][gc,cpu      ] GC(63) User=0.01s Sys=0.00s Real=0.00s
[2025-03-20T15:23:11.394+0000][6][safepoint   ] Safepoint "G1CollectForAllocation", Time since last: 3238477027 ns, Reaching safepoint: 121362 ns, At safepoint: 2243166 ns, Total: 2364528 ns
[2025-03-20T15:23:16.397+0000][6][safepoint   ] Safepoint "Cleanup", Time since last: 5002774672 ns, Reaching safepoint: 150146 ns, At safepoint: 14177 ns, Total: 164323 ns
[2025-03-20T15:23:21.399+0000][6][safepoint   ] Safepoint "Cleanup", Time since last: 5002147592 ns, Reaching safepoint: 100411 ns, At safepoint: 41209 ns, Total: 141620 ns
[2025-03-20T15:23:28.403+0000][6][safepoint   ] Safepoint "Cleanup", Time since last: 7003274079 ns, Reaching safepoint: 635034 ns, At safepoint: 6612 ns, Total: 641646 ns
[2025-03-20T15:23:31.405+0000][6][safepoint   ] Safepoint "Cleanup", Time since last: 3002149238 ns, Reaching safepoint: 129116 ns, At safepoint: 4368 ns, Total: 133484 ns
[2025-03-20T15:23:37.411+0000][6][safepoint   ] Safepoint "Cleanup", Time since last: 6005296435 ns, Reaching safepoint: 108637 ns, At safepoint: 6983 ns, Total: 115620 ns
[2025-03-20T15:23:44.414+0000][6][safepoint   ] Safepoint "Cleanup", Time since last: 7003469226 ns, Reaching safepoint: 96413 ns, At safepoint: 3587 ns, Total: 100000 ns
[2025-03-20T15:23:49.418+0000][6][safepoint   ] Safepoint "Cleanup", Time since last: 5003554573 ns, Reaching safepoint: 93058 ns, At safepoint: 3767 ns, Total: 96825 ns
[2025-03-20T15:23:51.419+0000][6][safepoint   ] Safepoint "Cleanup", Time since last: 2001116601 ns, Reaching safepoint: 80183 ns, At safepoint: 3486 ns, Total: 83669 ns
[2025-03-20T15:23:52.419+0000][6][safepoint   ] Safepoint "Cleanup", Time since last: 1000373177 ns, Reaching safepoint: 121702 ns, At safepoint: 5831 ns, Total: 127533 ns
[2025-03-20T15:23:55.205+0000][6][gc,start    ] GC(64) Pause Young (Normal) (G1 Evacuation Pause)
[2025-03-20T15:23:55.205+0000][6][gc,task     ] GC(64) Using 8 workers of 8 for evacuation
[2025-03-20T15:23:55.205+0000][6][gc,age      ] GC(64) Desired survivor size 18874368 bytes, new threshold 15 (max threshold 15)
[2025-03-20T15:23:55.207+0000][6][gc,age      ] GC(64) Age table with threshold 15 (max threshold 15)
[2025-03-20T15:23:55.207+0000][6][gc,age      ] GC(64) - age   1:    1961264 bytes,    1961264 total
[2025-03-20T15:23:55.207+0000][6][gc,age      ] GC(64) - age   2:     147832 bytes,    2109096 total
[2025-03-20T15:23:55.207+0000][6][gc,age      ] GC(64) - age   3:       2432 bytes,    2111528 total
[2025-03-20T15:23:55.207+0000][6][gc,age      ] GC(64) - age   4:       1536 bytes,    2113064 total
[2025-03-20T15:23:55.207+0000][6][gc,age      ] GC(64) - age   5:      11536 bytes,    2124600 total
[2025-03-20T15:23:55.207+0000][6][gc,age      ] GC(64) - age   6:      29688 bytes,    2154288 total
[2025-03-20T15:23:55.207+0000][6][gc,age      ] GC(64) - age   7:      14808 bytes,    2169096 total
[2025-03-20T15:23:55.207+0000][6][gc,age      ] GC(64) - age   8:       9240 bytes,    2178336 total
[2025-03-20T15:23:55.207+0000][6][gc,age      ] GC(64) - age   9:      56960 bytes,    2235296 total
[2025-03-20T15:23:55.207+0000][6][gc,age      ] GC(64) - age  10:      55976 bytes,    2291272 total
[2025-03-20T15:23:55.207+0000][6][gc,age      ] GC(64) - age  11:       2800 bytes,    2294072 total
[2025-03-20T15:23:55.207+0000][6][gc,age      ] GC(64) - age  12:       1080 bytes,    2295152 total
[2025-03-20T15:23:55.207+0000][6][gc,age      ] GC(64) - age  13:       1488 bytes,    2296640 total
[2025-03-20T15:23:55.207+0000][6][gc,age      ] GC(64) - age  14:       2312 bytes,    2298952 total
[2025-03-20T15:23:55.207+0000][6][gc,age      ] GC(64) - age  15:       8120 bytes,    2307072 total
[2025-03-20T15:23:55.207+0000][6][gc,phases   ] GC(64)   Pre Evacuate Collection Set: 0.1ms
[2025-03-20T15:23:55.207+0000][6][gc,phases   ] GC(64)   Merge Heap Roots: 0.0ms
[2025-03-20T15:23:55.207+0000][6][gc,phases   ] GC(64)   Evacuate Collection Set: 1.2ms
[2025-03-20T15:23:55.207+0000][6][gc,phases   ] GC(64)   Post Evacuate Collection Set: 1.1ms
[2025-03-20T15:23:55.207+0000][6][gc,phases   ] GC(64)   Other: 0.3ms
[2025-03-20T15:23:55.207+0000][6][gc,heap     ] GC(64) Eden regions: 71->0(71)
[2025-03-20T15:23:55.207+0000][6][gc,heap     ] GC(64) Survivor regions: 1->1(9)
[2025-03-20T15:23:55.207+0000][6][gc,heap     ] GC(64) Old regions: 27->27
[2025-03-20T15:23:55.207+0000][6][gc,heap     ] GC(64) Archive regions: 2->2
[2025-03-20T15:23:55.207+0000][6][gc,heap     ] GC(64) Humongous regions: 5->5
[2025-03-20T15:23:55.207+0000][6][gc,metaspace] GC(64) Metaspace: 120378K(122176K)->120378K(122176K) NonClass: 104803K(105792K)->104803K(105792K) Class: 15575K(16384K)->15575K(16384K)
[2025-03-20T15:23:55.207+0000][6][gc          ] GC(64) Pause Young (Normal) (G1 Evacuation Pause) 416M->134M(512M) 2.774ms
[2025-03-20T15:23:55.207+0000][6][gc,cpu      ] GC(64) User=0.01s Sys=0.00s Real=0.01s
[2025-03-20T15:23:55.207+0000][6][safepoint   ] Safepoint "G1CollectForAllocation", Time since last: 2784979312 ns, Reaching safepoint: 67269 ns, At safepoint: 2875331 ns, Total: 2942600 ns
[2025-03-20T15:24:01.212+0000][6][safepoint   ] Safepoint "Cleanup", Time since last: 6004042248 ns, Reaching safepoint: 93047 ns, At safepoint: 20659 ns, Total: 113706 ns
[2025-03-20T15:24:04.213+0000][6][safepoint   ] Safepoint "Cleanup", Time since last: 3000897069 ns, Reaching safepoint: 74462 ns, At safepoint: 3066 ns, Total: 77528 ns
[2025-03-20T15:24:06.214+0000][6][safepoint   ] Safepoint "Cleanup", Time since last: 2001644741 ns, Reaching safepoint: 65514 ns, At safepoint: 3928 ns, Total: 69442 ns
[2025-03-20T15:24:07.215+0000][6][safepoint   ] Safepoint "Cleanup", Time since last: 1000268323 ns, Reaching safepoint: 72558 ns, At safepoint: 3286 ns, Total: 75844 ns
[2025-03-20T15:24:13.218+0000][6][safepoint   ] Safepoint "Cleanup", Time since last: 6003370755 ns, Reaching safepoint: 153763 ns, At safepoint: 4509 ns, Total: 158272 ns
[2025-03-20T15:24:14.218+0000][6][safepoint   ] Safepoint "Cleanup", Time since last: 1000144296 ns, Reaching safepoint: 94380 ns, At safepoint: 4298 ns, Total: 98678 ns
[2025-03-20T15:24:21.223+0000][6][safepoint   ] Safepoint "Cleanup", Time since last: 7004717617 ns, Reaching safepoint: 78279 ns, At safepoint: 3828 ns, Total: 82107 ns
[2025-03-20T15:24:28.228+0000][6][safepoint   ] Safepoint "Cleanup", Time since last: 7004965478 ns, Reaching safepoint: 111432 ns, At safepoint: 4138 ns, Total: 115570 ns
[2025-03-20T15:24:32.230+0000][6][safepoint   ] Safepoint "Cleanup", Time since last: 4001603823 ns, Reaching safepoint: 78920 ns, At safepoint: 4168 ns, Total: 83088 ns
[2025-03-20T15:24:38.234+0000][6][safepoint   ] Safepoint "Cleanup", Time since last: 6004077651 ns, Reaching safepoint: 79882 ns, At safepoint: 3848 ns, Total: 83730 ns
[2025-03-20T15:24:40.156+0000][6][gc,start    ] GC(65) Pause Young (Normal) (G1 Evacuation Pause)
[2025-03-20T15:24:40.156+0000][6][gc,task     ] GC(65) Using 8 workers of 8 for evacuation
[2025-03-20T15:24:40.157+0000][6][gc,age      ] GC(65) Desired survivor size 18874368 bytes, new threshold 15 (max threshold 15)
[2025-03-20T15:24:40.159+0000][6][gc,age      ] GC(65) Age table with threshold 15 (max threshold 15)
[2025-03-20T15:24:40.159+0000][6][gc,age      ] GC(65) - age   1:    3207976 bytes,    3207976 total
[2025-03-20T15:24:40.159+0000][6][gc,age      ] GC(65) - age   2:      17616 bytes,    3225592 total
[2025-03-20T15:24:40.159+0000][6][gc,age      ] GC(65) - age   3:       1216 bytes,    3226808 total
[2025-03-20T15:24:40.159+0000][6][gc,age      ] GC(65) - age   4:       2248 bytes,    3229056 total
[2025-03-20T15:24:40.159+0000][6][gc,age      ] GC(65) - age   5:       1472 bytes,    3230528 total
[2025-03-20T15:24:40.159+0000][6][gc,age      ] GC(65) - age   6:      11536 bytes,    3242064 total
[2025-03-20T15:24:40.159+0000][6][gc,age      ] GC(65) - age   7:      29688 bytes,    3271752 total
[2025-03-20T15:24:40.159+0000][6][gc,age      ] GC(65) - age   8:      14808 bytes,    3286560 total
[2025-03-20T15:24:40.159+0000][6][gc,age      ] GC(65) - age   9:       9240 bytes,    3295800 total
[2025-03-20T15:24:40.159+0000][6][gc,age      ] GC(65) - age  10:      56960 bytes,    3352760 total
[2025-03-20T15:24:40.159+0000][6][gc,age      ] GC(65) - age  11:      55976 bytes,    3408736 total
[2025-03-20T15:24:40.159+0000][6][gc,age      ] GC(65) - age  12:       2800 bytes,    3411536 total
[2025-03-20T15:24:40.159+0000][6][gc,age      ] GC(65) - age  13:       1080 bytes,    3412616 total
[2025-03-20T15:24:40.159+0000][6][gc,age      ] GC(65) - age  14:       1488 bytes,    3414104 total
[2025-03-20T15:24:40.159+0000][6][gc,age      ] GC(65) - age  15:       2312 bytes,    3416416 total
[2025-03-20T15:24:40.159+0000][6][gc,phases   ] GC(65)   Pre Evacuate Collection Set: 0.1ms
[2025-03-20T15:24:40.159+0000][6][gc,phases   ] GC(65)   Merge Heap Roots: 0.1ms
[2025-03-20T15:24:40.159+0000][6][gc,phases   ] GC(65)   Evacuate Collection Set: 1.7ms
[2025-03-20T15:24:40.159+0000][6][gc,phases   ] GC(65)   Post Evacuate Collection Set: 0.6ms
[2025-03-20T15:24:40.159+0000][6][gc,phases   ] GC(65)   Other: 0.2ms
[2025-03-20T15:24:40.159+0000][6][gc,heap     ] GC(65) Eden regions: 71->0(71)
[2025-03-20T15:24:40.159+0000][6][gc,heap     ] GC(65) Survivor regions: 1->1(9)
[2025-03-20T15:24:40.159+0000][6][gc,heap     ] GC(65) Old regions: 27->27
[2025-03-20T15:24:40.159+0000][6][gc,heap     ] GC(65) Archive regions: 2->2
[2025-03-20T15:24:40.159+0000][6][gc,heap     ] GC(65) Humongous regions: 5->5
[2025-03-20T15:24:40.159+0000][6][gc,metaspace] GC(65) Metaspace: 120402K(122240K)->120402K(122240K) NonClass: 104826K(105856K)->104826K(105856K) Class: 15575K(16384K)->15575K(16384K)
[2025-03-20T15:24:40.159+0000][6][gc          ] GC(65) Pause Young (Normal) (G1 Evacuation Pause) 418M->135M(512M) 2.701ms
[2025-03-20T15:24:40.159+0000][6][gc,cpu      ] GC(65) User=0.01s Sys=0.00s Real=0.01s
[2025-03-20T15:24:40.159+0000][6][safepoint   ] Safepoint "G1CollectForAllocation", Time since last: 1922255874 ns, Reaching safepoint: 58361 ns, At safepoint: 2774403 ns, Total: 2832764 ns
[2025-03-20T15:24:41.160+0000][6][safepoint   ] Safepoint "Cleanup", Time since last: 1000979793 ns, Reaching safepoint: 91093 ns, At safepoint: 3577 ns, Total: 94670 ns
[2025-03-20T15:24:43.162+0000][6][safepoint   ] Safepoint "Cleanup", Time since last: 2001358859 ns, Reaching safepoint: 111181 ns, At safepoint: 39304 ns, Total: 150485 ns
[2025-03-20T15:24:44.162+0000][6][safepoint   ] Safepoint "Cleanup", Time since last: 1000555912 ns, Reaching safepoint: 93628 ns, At safepoint: 3988 ns, Total: 97616 ns
[2025-03-20T15:24:46.164+0000][6][safepoint   ] Safepoint "Cleanup", Time since last: 2001285373 ns, Reaching safepoint: 232068 ns, At safepoint: 6413 ns, Total: 238481 ns
[2025-03-20T15:24:48.166+0000][6][safepoint   ] Safepoint "Cleanup", Time since last: 2001412958 ns, Reaching safepoint: 158732 ns, At safepoint: 5150 ns, Total: 163882 ns
[2025-03-20T15:24:49.167+0000][6][safepoint   ] Safepoint "Cleanup", Time since last: 1001029812 ns, Reaching safepoint: 139345 ns, At safepoint: 14007 ns, Total: 153352 ns
[2025-03-20T15:24:50.168+0000][6][safepoint   ] Safepoint "Cleanup", Time since last: 1000814111 ns, Reaching safepoint: 91274 ns, At safepoint: 4318 ns, Total: 95592 ns
[2025-03-20T15:24:51.169+0000][6][safepoint   ] Safepoint "Cleanup", Time since last: 1001056239 ns, Reaching safepoint: 87347 ns, At safepoint: 3917 ns, Total: 91264 ns
[2025-03-20T15:24:52.169+0000][6][safepoint   ] Safepoint "Cleanup", Time since last: 1000088020 ns, Reaching safepoint: 63381 ns, At safepoint: 3085 ns, Total: 66466 ns
[2025-03-20T15:24:53.169+0000][6][safepoint   ] Safepoint "Cleanup", Time since last: 1000343353 ns, Reaching safepoint: 75965 ns, At safepoint: 3356 ns, Total: 79321 ns
[2025-03-20T15:24:56.172+0000][6][safepoint   ] Safepoint "Cleanup", Time since last: 3002487556 ns, Reaching safepoint: 77859 ns, At safepoint: 3657 ns, Total: 81516 ns
[2025-03-20T15:25:12.183+0000][6][safepoint   ] Safepoint "Cleanup", Time since last: 16010670792 ns, Reaching safepoint: 110390 ns, At safepoint: 4649 ns, Total: 115039 ns
[2025-03-20T15:25:13.183+0000][6][safepoint   ] Safepoint "Cleanup", Time since last: 1000609825 ns, Reaching safepoint: 76476 ns, At safepoint: 3376 ns, Total: 79852 ns
[2025-03-20T15:25:16.186+0000][6][safepoint   ] Safepoint "Cleanup", Time since last: 3002801258 ns, Reaching safepoint: 97266 ns, At safepoint: 4208 ns, Total: 101474 ns
[2025-03-20T15:25:17.187+0000][6][safepoint   ] Safepoint "Cleanup", Time since last: 1000934159 ns, Reaching safepoint: 100210 ns, At safepoint: 3487 ns, Total: 103697 ns
[2025-03-20T15:25:21.190+0000][6][safepoint   ] Safepoint "Cleanup", Time since last: 4002641936 ns, Reaching safepoint: 96053 ns, At safepoint: 4228 ns, Total: 100281 ns
[2025-03-20T15:25:25.167+0000][6][gc,start    ] GC(66) Pause Young (Normal) (G1 Evacuation Pause)
[2025-03-20T15:25:25.167+0000][6][gc,task     ] GC(66) Using 8 workers of 8 for evacuation
[2025-03-20T15:25:25.167+0000][6][gc,age      ] GC(66) Desired survivor size 18874368 bytes, new threshold 15 (max threshold 15)
[2025-03-20T15:25:25.169+0000][6][gc,age      ] GC(66) Age table with threshold 15 (max threshold 15)
[2025-03-20T15:25:25.169+0000][6][gc,age      ] GC(66) - age   1:    1792224 bytes,    1792224 total
[2025-03-20T15:25:25.169+0000][6][gc,age      ] GC(66) - age   2:       7384 bytes,    1799608 total
[2025-03-20T15:25:25.169+0000][6][gc,age      ] GC(66) - age   3:      14968 bytes,    1814576 total
[2025-03-20T15:25:25.169+0000][6][gc,age      ] GC(66) - age   4:        280 bytes,    1814856 total
[2025-03-20T15:25:25.169+0000][6][gc,age      ] GC(66) - age   5:       2248 bytes,    1817104 total
[2025-03-20T15:25:25.169+0000][6][gc,age      ] GC(66) - age   6:       1440 bytes,    1818544 total
[2025-03-20T15:25:25.169+0000][6][gc,age      ] GC(66) - age   7:      11368 bytes,    1829912 total
[2025-03-20T15:25:25.169+0000][6][gc,age      ] GC(66) - age   8:      29688 bytes,    1859600 total
[2025-03-20T15:25:25.169+0000][6][gc,age      ] GC(66) - age   9:      14808 bytes,    1874408 total
[2025-03-20T15:25:25.169+0000][6][gc,age      ] GC(66) - age  10:       9240 bytes,    1883648 total
[2025-03-20T15:25:25.169+0000][6][gc,age      ] GC(66) - age  11:      56960 bytes,    1940608 total
[2025-03-20T15:25:25.169+0000][6][gc,age      ] GC(66) - age  12:      55976 bytes,    1996584 total
[2025-03-20T15:25:25.169+0000][6][gc,age      ] GC(66) - age  13:       2800 bytes,    1999384 total
[2025-03-20T15:25:25.169+0000][6][gc,age      ] GC(66) - age  14:       1080 bytes,    2000464 total
[2025-03-20T15:25:25.169+0000][6][gc,age      ] GC(66) - age  15:       1488 bytes,    2001952 total
[2025-03-20T15:25:25.169+0000][6][gc,phases   ] GC(66)   Pre Evacuate Collection Set: 0.1ms
[2025-03-20T15:25:25.169+0000][6][gc,phases   ] GC(66)   Merge Heap Roots: 0.1ms
[2025-03-20T15:25:25.169+0000][6][gc,phases   ] GC(66)   Evacuate Collection Set: 1.2ms
[2025-03-20T15:25:25.169+0000][6][gc,phases   ] GC(66)   Post Evacuate Collection Set: 0.6ms
[2025-03-20T15:25:25.169+0000][6][gc,phases   ] GC(66)   Other: 0.2ms
[2025-03-20T15:25:25.169+0000][6][gc,heap     ] GC(66) Eden regions: 71->0(71)
[2025-03-20T15:25:25.169+0000][6][gc,heap     ] GC(66) Survivor regions: 1->1(9)
[2025-03-20T15:25:25.169+0000][6][gc,heap     ] GC(66) Old regions: 27->27
[2025-03-20T15:25:25.169+0000][6][gc,heap     ] GC(66) Archive regions: 2->2
[2025-03-20T15:25:25.169+0000][6][gc,heap     ] GC(66) Humongous regions: 5->5
[2025-03-20T15:25:25.169+0000][6][gc,metaspace] GC(66) Metaspace: 120412K(122240K)->120412K(122240K) NonClass: 104835K(105856K)->104835K(105856K) Class: 15576K(16384K)->15576K(16384K)
[2025-03-20T15:25:25.169+0000][6][gc          ] GC(66) Pause Young (Normal) (G1 Evacuation Pause) 419M->133M(512M) 2.243ms
[2025-03-20T15:25:25.169+0000][6][gc,cpu      ] GC(66) User=0.00s Sys=0.00s Real=0.00s
[2025-03-20T15:25:25.169+0000][6][safepoint   ] Safepoint "G1CollectForAllocation", Time since last: 3976788385 ns, Reaching safepoint: 62018 ns, At safepoint: 2303849 ns, Total: 2365867 ns
[2025-03-20T15:25:26.170+0000][6][safepoint   ] Safepoint "Cleanup", Time since last: 1000565623 ns, Reaching safepoint: 122363 ns, At safepoint: 4108 ns, Total: 126471 ns
[2025-03-20T15:25:32.172+0000][6][safepoint   ] Safepoint "Cleanup", Time since last: 6001517613 ns, Reaching safepoint: 90833 ns, At safepoint: 3357 ns, Total: 94190 ns
[2025-03-20T15:25:50.180+0000][6][safepoint   ] Safepoint "Cleanup", Time since last: 18008404470 ns, Reaching safepoint: 99089 ns, At safepoint: 4158 ns, Total: 103247 ns
[2025-03-20T15:25:53.182+0000][6][safepoint   ] Safepoint "Cleanup", Time since last: 3002165676 ns, Reaching safepoint: 90883 ns, At safepoint: 3737 ns, Total: 94620 ns
[2025-03-20T15:26:05.189+0000][6][safepoint   ] Safepoint "Cleanup", Time since last: 12006849778 ns, Reaching safepoint: 96263 ns, At safepoint: 4298 ns, Total: 100561 ns
[2025-03-20T15:26:07.190+0000][6][safepoint   ] Safepoint "Cleanup", Time since last: 2001171777 ns, Reaching safepoint: 86325 ns, At safepoint: 3877 ns, Total: 90202 ns
[2025-03-20T15:26:07.771+0000][6][gc,start    ] GC(67) Pause Young (Normal) (G1 Evacuation Pause)
[2025-03-20T15:26:07.771+0000][6][gc,task     ] GC(67) Using 8 workers of 8 for evacuation
[2025-03-20T15:26:07.771+0000][6][gc,age      ] GC(67) Desired survivor size 18874368 bytes, new threshold 15 (max threshold 15)
[2025-03-20T15:26:07.773+0000][6][gc,age      ] GC(67) Age table with threshold 15 (max threshold 15)
[2025-03-20T15:26:07.773+0000][6][gc,age      ] GC(67) - age   1:    2373840 bytes,    2373840 total
[2025-03-20T15:26:07.773+0000][6][gc,age      ] GC(67) - age   2:       5424 bytes,    2379264 total
[2025-03-20T15:26:07.773+0000][6][gc,age      ] GC(67) - age   3:       3488 bytes,    2382752 total
[2025-03-20T15:26:07.773+0000][6][gc,age      ] GC(67) - age   4:      14744 bytes,    2397496 total
[2025-03-20T15:26:07.773+0000][6][gc,age      ] GC(67) - age   5:        280 bytes,    2397776 total
[2025-03-20T15:26:07.773+0000][6][gc,age      ] GC(67) - age   6:       2216 bytes,    2399992 total
[2025-03-20T15:26:07.773+0000][6][gc,age      ] GC(67) - age   7:       1376 bytes,    2401368 total
[2025-03-20T15:26:07.773+0000][6][gc,age      ] GC(67) - age   8:      11368 bytes,    2412736 total
[2025-03-20T15:26:07.773+0000][6][gc,age      ] GC(67) - age   9:      29568 bytes,    2442304 total
[2025-03-20T15:26:07.773+0000][6][gc,age      ] GC(67) - age  10:      14808 bytes,    2457112 total
[2025-03-20T15:26:07.773+0000][6][gc,age      ] GC(67) - age  11:       9240 bytes,    2466352 total
[2025-03-20T15:26:07.773+0000][6][gc,age      ] GC(67) - age  12:      56960 bytes,    2523312 total
[2025-03-20T15:26:07.773+0000][6][gc,age      ] GC(67) - age  13:      55976 bytes,    2579288 total
[2025-03-20T15:26:07.773+0000][6][gc,age      ] GC(67) - age  14:       2800 bytes,    2582088 total
[2025-03-20T15:26:07.773+0000][6][gc,age      ] GC(67) - age  15:        584 bytes,    2582672 total
[2025-03-20T15:26:07.773+0000][6][gc,phases   ] GC(67)   Pre Evacuate Collection Set: 0.1ms
[2025-03-20T15:26:07.773+0000][6][gc,phases   ] GC(67)   Merge Heap Roots: 0.1ms
[2025-03-20T15:26:07.773+0000][6][gc,phases   ] GC(67)   Evacuate Collection Set: 1.0ms
[2025-03-20T15:26:07.773+0000][6][gc,phases   ] GC(67)   Post Evacuate Collection Set: 0.7ms
[2025-03-20T15:26:07.773+0000][6][gc,phases   ] GC(67)   Other: 0.3ms
[2025-03-20T15:26:07.773+0000][6][gc,heap     ] GC(67) Eden regions: 71->0(71)
[2025-03-20T15:26:07.773+0000][6][gc,heap     ] GC(67) Survivor regions: 1->1(9)
[2025-03-20T15:26:07.773+0000][6][gc,heap     ] GC(67) Old regions: 27->27
[2025-03-20T15:26:07.773+0000][6][gc,heap     ] GC(67) Archive regions: 2->2
[2025-03-20T15:26:07.773+0000][6][gc,heap     ] GC(67) Humongous regions: 5->5
[2025-03-20T15:26:07.773+0000][6][gc,metaspace] GC(67) Metaspace: 120414K(122240K)->120414K(122240K) NonClass: 104837K(105856K)->104837K(105856K) Class: 15576K(16384K)->15576K(16384K)
[2025-03-20T15:26:07.773+0000][6][gc          ] GC(67) Pause Young (Normal) (G1 Evacuation Pause) 417M->134M(512M) 2.261ms
[2025-03-20T15:26:07.773+0000][6][gc,cpu      ] GC(67) User=0.00s Sys=0.00s Real=0.00s
[2025-03-20T15:26:07.773+0000][6][safepoint   ] Safepoint "G1CollectForAllocation", Time since last: 580429682 ns, Reaching safepoint: 101654 ns, At safepoint: 2342259 ns, Total: 2443913 ns
[2025-03-20T15:26:08.774+0000][6][safepoint   ] Safepoint "Cleanup", Time since last: 1000977416 ns, Reaching safepoint: 89520 ns, At safepoint: 4208 ns, Total: 93728 ns
[2025-03-20T15:26:21.781+0000][6][safepoint   ] Safepoint "Cleanup", Time since last: 13006388199 ns, Reaching safepoint: 109379 ns, At safepoint: 4839 ns, Total: 114218 ns
[2025-03-20T15:26:22.782+0000][6][safepoint   ] Safepoint "Cleanup", Time since last: 1001021699 ns, Reaching safepoint: 87707 ns, At safepoint: 4108 ns, Total: 91815 ns
[2025-03-20T15:26:24.783+0000][6][safepoint   ] Safepoint "Cleanup", Time since last: 2001227722 ns, Reaching safepoint: 85653 ns, At safepoint: 4038 ns, Total: 89691 ns
[2025-03-20T15:26:25.784+0000][6][safepoint   ] Safepoint "Cleanup", Time since last: 1000749177 ns, Reaching safepoint: 80633 ns, At safepoint: 3317 ns, Total: 83950 ns
[2025-03-20T15:26:27.786+0000][6][safepoint   ] Safepoint "Cleanup", Time since last: 2001433653 ns, Reaching safepoint: 100792 ns, At safepoint: 6363 ns, Total: 107155 ns
[2025-03-20T15:26:28.787+0000][6][safepoint   ] Safepoint "Cleanup", Time since last: 1000932259 ns, Reaching safepoint: 80684 ns, At safepoint: 4489 ns, Total: 85173 ns
[2025-03-20T15:26:32.633+0000][6][safepoint   ] Safepoint "Cleanup", Time since last: 3846193123 ns, Reaching safepoint: 187715 ns, At safepoint: 6542 ns, Total: 194257 ns
[2025-03-20T15:26:43.641+0000][6][safepoint   ] Safepoint "Cleanup", Time since last: 11006683833 ns, Reaching safepoint: 1128330 ns, At safepoint: 17283 ns, Total: 1145613 ns
[2025-03-20T15:26:44.641+0000][6][safepoint   ] Safepoint "Cleanup", Time since last: 1000163293 ns, Reaching safepoint: 105501 ns, At safepoint: 4759 ns, Total: 110260 ns
[2025-03-20T15:26:45.642+0000][6][safepoint   ] Safepoint "Cleanup", Time since last: 1000848468 ns, Reaching safepoint: 107615 ns, At safepoint: 5721 ns, Total: 113336 ns
[2025-03-20T15:26:50.646+0000][6][safepoint   ] Safepoint "Cleanup", Time since last: 5003405859 ns, Reaching safepoint: 70324 ns, At safepoint: 4098 ns, Total: 74422 ns
[2025-03-20T15:26:52.184+0000][6][gc,start    ] GC(68) Pause Young (Normal) (G1 Evacuation Pause)
[2025-03-20T15:26:52.184+0000][6][gc,task     ] GC(68) Using 8 workers of 8 for evacuation
[2025-03-20T15:26:52.184+0000][6][gc,age      ] GC(68) Desired survivor size 18874368 bytes, new threshold 15 (max threshold 15)
[2025-03-20T15:26:52.186+0000][6][gc,age      ] GC(68) Age table with threshold 15 (max threshold 15)
[2025-03-20T15:26:52.186+0000][6][gc,age      ] GC(68) - age   1:    1182912 bytes,    1182912 total
[2025-03-20T15:26:52.186+0000][6][gc,age      ] GC(68) - age   2:       5920 bytes,    1188832 total
[2025-03-20T15:26:52.186+0000][6][gc,age      ] GC(68) - age   3:       2440 bytes,    1191272 total
[2025-03-20T15:26:52.186+0000][6][gc,age      ] GC(68) - age   4:       2912 bytes,    1194184 total
[2025-03-20T15:26:52.186+0000][6][gc,age      ] GC(68) - age   5:      14384 bytes,    1208568 total
[2025-03-20T15:26:52.186+0000][6][gc,age      ] GC(68) - age   6:        280 bytes,    1208848 total
[2025-03-20T15:26:52.186+0000][6][gc,age      ] GC(68) - age   7:       2216 bytes,    1211064 total
[2025-03-20T15:26:52.186+0000][6][gc,age      ] GC(68) - age   8:       1376 bytes,    1212440 total
[2025-03-20T15:26:52.186+0000][6][gc,age      ] GC(68) - age   9:      11368 bytes,    1223808 total
[2025-03-20T15:26:52.186+0000][6][gc,age      ] GC(68) - age  10:      21432 bytes,    1245240 total
[2025-03-20T15:26:52.186+0000][6][gc,age      ] GC(68) - age  11:      14808 bytes,    1260048 total
[2025-03-20T15:26:52.186+0000][6][gc,age      ] GC(68) - age  12:       9240 bytes,    1269288 total
[2025-03-20T15:26:52.186+0000][6][gc,age      ] GC(68) - age  13:      56960 bytes,    1326248 total
[2025-03-20T15:26:52.186+0000][6][gc,age      ] GC(68) - age  14:      55976 bytes,    1382224 total
[2025-03-20T15:26:52.187+0000][6][gc,age      ] GC(68) - age  15:       2800 bytes,    1385024 total
[2025-03-20T15:26:52.187+0000][6][gc,phases   ] GC(68)   Pre Evacuate Collection Set: 0.1ms
[2025-03-20T15:26:52.187+0000][6][gc,phases   ] GC(68)   Merge Heap Roots: 0.0ms
[2025-03-20T15:26:52.187+0000][6][gc,phases   ] GC(68)   Evacuate Collection Set: 1.3ms
[2025-03-20T15:26:52.187+0000][6][gc,phases   ] GC(68)   Post Evacuate Collection Set: 1.1ms
[2025-03-20T15:26:52.187+0000][6][gc,phases   ] GC(68)   Other: 0.3ms
[2025-03-20T15:26:52.187+0000][6][gc,heap     ] GC(68) Eden regions: 71->0(71)
[2025-03-20T15:26:52.187+0000][6][gc,heap     ] GC(68) Survivor regions: 1->1(9)
[2025-03-20T15:26:52.187+0000][6][gc,heap     ] GC(68) Old regions: 27->27
[2025-03-20T15:26:52.187+0000][6][gc,heap     ] GC(68) Archive regions: 2->2
[2025-03-20T15:26:52.187+0000][6][gc,heap     ] GC(68) Humongous regions: 5->5
[2025-03-20T15:26:52.187+0000][6][gc,metaspace] GC(68) Metaspace: 120425K(122240K)->120425K(122240K) NonClass: 104848K(105856K)->104848K(105856K) Class: 15576K(16384K)->15576K(16384K)
[2025-03-20T15:26:52.187+0000][6][gc          ] GC(68) Pause Young (Normal) (G1 Evacuation Pause) 418M->133M(512M) 2.903ms
[2025-03-20T15:26:52.187+0000][6][gc,cpu      ] GC(68) User=0.01s Sys=0.00s Real=0.01s
[2025-03-20T15:26:52.187+0000][6][safepoint   ] Safepoint "G1CollectForAllocation", Time since last: 1537918151 ns, Reaching safepoint: 52550 ns, At safepoint: 2975037 ns, Total: 3027587 ns
[2025-03-20T15:27:01.194+0000][6][safepoint   ] Safepoint "Cleanup", Time since last: 9005860515 ns, Reaching safepoint: 1088649 ns, At safepoint: 21752 ns, Total: 1110401 ns
[2025-03-20T15:27:02.194+0000][6][safepoint   ] Safepoint "Cleanup", Time since last: 1000332511 ns, Reaching safepoint: 105351 ns, At safepoint: 3447 ns, Total: 108798 ns
[2025-03-20T15:27:04.196+0000][6][safepoint   ] Safepoint "Cleanup", Time since last: 2001069111 ns, Reaching safepoint: 1016746 ns, At safepoint: 17444 ns, Total: 1034190 ns
[2025-03-20T15:27:05.197+0000][6][safepoint   ] Safepoint "Cleanup", Time since last: 1001050913 ns, Reaching safepoint: 101333 ns, At safepoint: 4338 ns, Total: 105671 ns
[2025-03-20T15:27:21.858+0000][6][safepoint   ] Safepoint "Cleanup", Time since last: 16660217364 ns, Reaching safepoint: 161628 ns, At safepoint: 5230 ns, Total: 166858 ns
[2025-03-20T15:27:22.858+0000][6][safepoint   ] Safepoint "Cleanup", Time since last: 1000547135 ns, Reaching safepoint: 141870 ns, At safepoint: 4478 ns, Total: 146348 ns
[2025-03-20T15:27:25.860+0000][6][safepoint   ] Safepoint "Cleanup", Time since last: 3001399671 ns, Reaching safepoint: 99078 ns, At safepoint: 4419 ns, Total: 103497 ns
[2025-03-20T15:27:31.863+0000][6][safepoint   ] Safepoint "Cleanup", Time since last: 6002995565 ns, Reaching safepoint: 176376 ns, At safepoint: 6462 ns, Total: 182838 ns
[2025-03-20T15:27:36.524+0000][6][gc,start    ] GC(69) Pause Young (Normal) (G1 Evacuation Pause)
[2025-03-20T15:27:36.524+0000][6][gc,task     ] GC(69) Using 8 workers of 8 for evacuation
[2025-03-20T15:27:36.524+0000][6][gc,age      ] GC(69) Desired survivor size 18874368 bytes, new threshold 15 (max threshold 15)
[2025-03-20T15:27:36.526+0000][6][gc,age      ] GC(69) Age table with threshold 15 (max threshold 15)
[2025-03-20T15:27:36.526+0000][6][gc,age      ] GC(69) - age   1:    1989104 bytes,    1989104 total
[2025-03-20T15:27:36.526+0000][6][gc,age      ] GC(69) - age   2:       5544 bytes,    1994648 total
[2025-03-20T15:27:36.526+0000][6][gc,age      ] GC(69) - age   3:       3720 bytes,    1998368 total
[2025-03-20T15:27:36.526+0000][6][gc,age      ] GC(69) - age   4:       2120 bytes,    2000488 total
[2025-03-20T15:27:36.526+0000][6][gc,age      ] GC(69) - age   5:       2784 bytes,    2003272 total
[2025-03-20T15:27:36.526+0000][6][gc,age      ] GC(69) - age   6:      14384 bytes,    2017656 total
[2025-03-20T15:27:36.526+0000][6][gc,age      ] GC(69) - age   7:        280 bytes,    2017936 total
[2025-03-20T15:27:36.526+0000][6][gc,age      ] GC(69) - age   8:       2216 bytes,    2020152 total
[2025-03-20T15:27:36.526+0000][6][gc,age      ] GC(69) - age   9:       1376 bytes,    2021528 total
[2025-03-20T15:27:36.526+0000][6][gc,age      ] GC(69) - age  10:      11368 bytes,    2032896 total
[2025-03-20T15:27:36.526+0000][6][gc,age      ] GC(69) - age  11:      21432 bytes,    2054328 total
[2025-03-20T15:27:36.526+0000][6][gc,age      ] GC(69) - age  12:      14808 bytes,    2069136 total
[2025-03-20T15:27:36.526+0000][6][gc,age      ] GC(69) - age  13:       9240 bytes,    2078376 total
[2025-03-20T15:27:36.526+0000][6][gc,age      ] GC(69) - age  14:      56960 bytes,    2135336 total
[2025-03-20T15:27:36.526+0000][6][gc,age      ] GC(69) - age  15:      55976 bytes,    2191312 total
[2025-03-20T15:27:36.526+0000][6][gc,phases   ] GC(69)   Pre Evacuate Collection Set: 0.1ms
[2025-03-20T15:27:36.526+0000][6][gc,phases   ] GC(69)   Merge Heap Roots: 0.1ms
[2025-03-20T15:27:36.526+0000][6][gc,phases   ] GC(69)   Evacuate Collection Set: 1.2ms
[2025-03-20T15:27:36.526+0000][6][gc,phases   ] GC(69)   Post Evacuate Collection Set: 0.9ms
[2025-03-20T15:27:36.526+0000][6][gc,phases   ] GC(69)   Other: 0.2ms
[2025-03-20T15:27:36.526+0000][6][gc,heap     ] GC(69) Eden regions: 71->0(71)
[2025-03-20T15:27:36.526+0000][6][gc,heap     ] GC(69) Survivor regions: 1->1(9)
[2025-03-20T15:27:36.526+0000][6][gc,heap     ] GC(69) Old regions: 27->27
[2025-03-20T15:27:36.526+0000][6][gc,heap     ] GC(69) Archive regions: 2->2
[2025-03-20T15:27:36.526+0000][6][gc,heap     ] GC(69) Humongous regions: 5->5
[2025-03-20T15:27:36.526+0000][6][gc,metaspace] GC(69) Metaspace: 120445K(122240K)->120445K(122240K) NonClass: 104869K(105856K)->104869K(105856K) Class: 15576K(16384K)->15576K(16384K)
[2025-03-20T15:27:36.526+0000][6][gc          ] GC(69) Pause Young (Normal) (G1 Evacuation Pause) 417M->134M(512M) 2.582ms
[2025-03-20T15:27:36.526+0000][6][gc,cpu      ] GC(69) User=0.00s Sys=0.00s Real=0.00s
[2025-03-20T15:27:36.526+0000][6][safepoint   ] Safepoint "G1CollectForAllocation", Time since last: 4660368184 ns, Reaching safepoint: 75203 ns, At safepoint: 2671868 ns, Total: 2747071 ns
[2025-03-20T15:27:40.529+0000][6][safepoint   ] Safepoint "Cleanup", Time since last: 4002480513 ns, Reaching safepoint: 89411 ns, At safepoint: 4318 ns, Total: 93729 ns
[2025-03-20T15:27:43.530+0000][6][safepoint   ] Safepoint "Cleanup", Time since last: 3001270457 ns, Reaching safepoint: 108557 ns, At safepoint: 6643 ns, Total: 115200 ns
[2025-03-20T15:27:48.534+0000][6][safepoint   ] Safepoint "Cleanup", Time since last: 5004182693 ns, Reaching safepoint: 123605 ns, At safepoint: 6142 ns, Total: 129747 ns
[2025-03-20T15:27:49.535+0000][6][safepoint   ] Safepoint "Cleanup", Time since last: 1000376501 ns, Reaching safepoint: 248083 ns, At safepoint: 6112 ns, Total: 254195 ns
[2025-03-20T15:27:53.324+0000][6][safepoint   ] Safepoint "Cleanup", Time since last: 3788265071 ns, Reaching safepoint: 151298 ns, At safepoint: 29166 ns, Total: 180464 ns
[2025-03-20T15:28:08.332+0000][6][safepoint   ] Safepoint "Cleanup", Time since last: 15007904833 ns, Reaching safepoint: 151679 ns, At safepoint: 12975 ns, Total: 164654 ns
[2025-03-20T15:28:13.335+0000][6][safepoint   ] Safepoint "Cleanup", Time since last: 5003088383 ns, Reaching safepoint: 90432 ns, At safepoint: 6012 ns, Total: 96444 ns
[2025-03-20T15:28:16.199+0000][6][gc,start    ] GC(70) Pause Young (Normal) (G1 Evacuation Pause)
[2025-03-20T15:28:16.199+0000][6][gc,task     ] GC(70) Using 8 workers of 8 for evacuation
[2025-03-20T15:28:16.199+0000][6][gc,age      ] GC(70) Desired survivor size 18874368 bytes, new threshold 15 (max threshold 15)
[2025-03-20T15:28:16.201+0000][6][gc,age      ] GC(70) Age table with threshold 15 (max threshold 15)
[2025-03-20T15:28:16.201+0000][6][gc,age      ] GC(70) - age   1:    1238584 bytes,    1238584 total
[2025-03-20T15:28:16.202+0000][6][gc,age      ] GC(70) - age   2:       3520 bytes,    1242104 total
[2025-03-20T15:28:16.202+0000][6][gc,age      ] GC(70) - age   3:       3368 bytes,    1245472 total
[2025-03-20T15:28:16.202+0000][6][gc,age      ] GC(70) - age   4:       3016 bytes,    1248488 total
[2025-03-20T15:28:16.202+0000][6][gc,age      ] GC(70) - age   5:       1928 bytes,    1250416 total
[2025-03-20T15:28:16.202+0000][6][gc,age      ] GC(70) - age   6:       2688 bytes,    1253104 total
[2025-03-20T15:28:16.202+0000][6][gc,age      ] GC(70) - age   7:      14384 bytes,    1267488 total
[2025-03-20T15:28:16.202+0000][6][gc,age      ] GC(70) - age   8:        280 bytes,    1267768 total
[2025-03-20T15:28:16.202+0000][6][gc,age      ] GC(70) - age   9:       2216 bytes,    1269984 total
[2025-03-20T15:28:16.202+0000][6][gc,age      ] GC(70) - age  10:       1376 bytes,    1271360 total
[2025-03-20T15:28:16.202+0000][6][gc,age      ] GC(70) - age  11:      11368 bytes,    1282728 total
[2025-03-20T15:28:16.202+0000][6][gc,age      ] GC(70) - age  12:      21432 bytes,    1304160 total
[2025-03-20T15:28:16.202+0000][6][gc,age      ] GC(70) - age  13:      14808 bytes,    1318968 total
[2025-03-20T15:28:16.202+0000][6][gc,age      ] GC(70) - age  14:       9240 bytes,    1328208 total
[2025-03-20T15:28:16.202+0000][6][gc,age      ] GC(70) - age  15:      56960 bytes,    1385168 total
[2025-03-20T15:28:16.202+0000][6][gc,phases   ] GC(70)   Pre Evacuate Collection Set: 0.2ms
[2025-03-20T15:28:16.202+0000][6][gc,phases   ] GC(70)   Merge Heap Roots: 0.1ms
[2025-03-20T15:28:16.202+0000][6][gc,phases   ] GC(70)   Evacuate Collection Set: 1.3ms
[2025-03-20T15:28:16.202+0000][6][gc,phases   ] GC(70)   Post Evacuate Collection Set: 0.7ms
[2025-03-20T15:28:16.202+0000][6][gc,phases   ] GC(70)   Other: 0.3ms
[2025-03-20T15:28:16.202+0000][6][gc,heap     ] GC(70) Eden regions: 71->0(71)
[2025-03-20T15:28:16.202+0000][6][gc,heap     ] GC(70) Survivor regions: 1->1(9)
[2025-03-20T15:28:16.202+0000][6][gc,heap     ] GC(70) Old regions: 27->27
[2025-03-20T15:28:16.202+0000][6][gc,heap     ] GC(70) Archive regions: 2->2
[2025-03-20T15:28:16.202+0000][6][gc,heap     ] GC(70) Humongous regions: 5->5
[2025-03-20T15:28:16.202+0000][6][gc,metaspace] GC(70) Metaspace: 120449K(122240K)->120449K(122240K) NonClass: 104872K(105856K)->104872K(105856K) Class: 15576K(16384K)->15576K(16384K)
[2025-03-20T15:28:16.202+0000][6][gc          ] GC(70) Pause Young (Normal) (G1 Evacuation Pause) 418M->133M(512M) 2.483ms
[2025-03-20T15:28:16.202+0000][6][gc,cpu      ] GC(70) User=0.01s Sys=0.00s Real=0.00s
[2025-03-20T15:28:16.202+0000][6][safepoint   ] Safepoint "G1CollectForAllocation", Time since last: 2864089208 ns, Reaching safepoint: 275114 ns, At safepoint: 2576987 ns, Total: 2852101 ns
[2025-03-20T15:28:22.205+0000][6][safepoint   ] Safepoint "Cleanup", Time since last: 6002956157 ns, Reaching safepoint: 79762 ns, At safepoint: 5340 ns, Total: 85102 ns
[2025-03-20T15:28:25.206+0000][6][safepoint   ] Safepoint "Cleanup", Time since last: 3001161887 ns, Reaching safepoint: 107375 ns, At safepoint: 32522 ns, Total: 139897 ns
[2025-03-20T15:28:26.207+0000][6][safepoint   ] Safepoint "Cleanup", Time since last: 1000750501 ns, Reaching safepoint: 90693 ns, At safepoint: 3787 ns, Total: 94480 ns
[2025-03-20T15:28:28.208+0000][6][safepoint   ] Safepoint "Cleanup", Time since last: 2000645651 ns, Reaching safepoint: 155627 ns, At safepoint: 5450 ns, Total: 161077 ns
[2025-03-20T15:28:37.214+0000][6][safepoint   ] Safepoint "Cleanup", Time since last: 9005322024 ns, Reaching safepoint: 1042105 ns, At safepoint: 20069 ns, Total: 1062174 ns
[2025-03-20T15:28:38.215+0000][6][safepoint   ] Safepoint "Cleanup", Time since last: 1000852256 ns, Reaching safepoint: 148973 ns, At safepoint: 5531 ns, Total: 154504 ns
[2025-03-20T15:28:43.219+0000][6][safepoint   ] Safepoint "Cleanup", Time since last: 5002991598 ns, Reaching safepoint: 1066371 ns, At safepoint: 22162 ns, Total: 1088533 ns
[2025-03-20T15:28:52.226+0000][6][safepoint   ] Safepoint "Cleanup", Time since last: 9006202610 ns, Reaching safepoint: 92446 ns, At safepoint: 3396 ns, Total: 95842 ns
[2025-03-20T15:28:56.229+0000][6][safepoint   ] Safepoint "Cleanup", Time since last: 4003041950 ns, Reaching safepoint: 81754 ns, At safepoint: 6182 ns, Total: 87936 ns
[2025-03-20T15:28:58.215+0000][6][gc,start    ] GC(71) Pause Young (Normal) (G1 Evacuation Pause)
[2025-03-20T15:28:58.215+0000][6][gc,task     ] GC(71) Using 8 workers of 8 for evacuation
[2025-03-20T15:28:58.215+0000][6][gc,age      ] GC(71) Desired survivor size 18874368 bytes, new threshold 15 (max threshold 15)
[2025-03-20T15:28:58.217+0000][6][gc,age      ] GC(71) Age table with threshold 15 (max threshold 15)
[2025-03-20T15:28:58.217+0000][6][gc,age      ] GC(71) - age   1:    2109424 bytes,    2109424 total
[2025-03-20T15:28:58.217+0000][6][gc,age      ] GC(71) - age   2:       2720 bytes,    2112144 total
[2025-03-20T15:28:58.217+0000][6][gc,age      ] GC(71) - age   3:        920 bytes,    2113064 total
[2025-03-20T15:28:58.217+0000][6][gc,age      ] GC(71) - age   4:       2544 bytes,    2115608 total
[2025-03-20T15:28:58.217+0000][6][gc,age      ] GC(71) - age   5:       2952 bytes,    2118560 total
[2025-03-20T15:28:58.217+0000][6][gc,age      ] GC(71) - age   6:       1632 bytes,    2120192 total
[2025-03-20T15:28:58.217+0000][6][gc,age      ] GC(71) - age   7:       2560 bytes,    2122752 total
[2025-03-20T15:28:58.217+0000][6][gc,age      ] GC(71) - age   8:      14384 bytes,    2137136 total
[2025-03-20T15:28:58.217+0000][6][gc,age      ] GC(71) - age   9:        280 bytes,    2137416 total
[2025-03-20T15:28:58.217+0000][6][gc,age      ] GC(71) - age  10:       2216 bytes,    2139632 total
[2025-03-20T15:28:58.217+0000][6][gc,age      ] GC(71) - age  11:       1376 bytes,    2141008 total
[2025-03-20T15:28:58.217+0000][6][gc,age      ] GC(71) - age  12:      11368 bytes,    2152376 total
[2025-03-20T15:28:58.217+0000][6][gc,age      ] GC(71) - age  13:      21432 bytes,    2173808 total
[2025-03-20T15:28:58.217+0000][6][gc,age      ] GC(71) - age  14:      14808 bytes,    2188616 total
[2025-03-20T15:28:58.217+0000][6][gc,age      ] GC(71) - age  15:       9240 bytes,    2197856 total
[2025-03-20T15:28:58.217+0000][6][gc,phases   ] GC(71)   Pre Evacuate Collection Set: 0.1ms
[2025-03-20T15:28:58.217+0000][6][gc,phases   ] GC(71)   Merge Heap Roots: 0.1ms
[2025-03-20T15:28:58.217+0000][6][gc,phases   ] GC(71)   Evacuate Collection Set: 1.0ms
[2025-03-20T15:28:58.217+0000][6][gc,phases   ] GC(71)   Post Evacuate Collection Set: 0.7ms
[2025-03-20T15:28:58.217+0000][6][gc,phases   ] GC(71)   Other: 0.3ms
[2025-03-20T15:28:58.217+0000][6][gc,heap     ] GC(71) Eden regions: 71->0(71)
[2025-03-20T15:28:58.217+0000][6][gc,heap     ] GC(71) Survivor regions: 1->1(9)
[2025-03-20T15:28:58.217+0000][6][gc,heap     ] GC(71) Old regions: 27->27
[2025-03-20T15:28:58.217+0000][6][gc,heap     ] GC(71) Archive regions: 2->2
[2025-03-20T15:28:58.217+0000][6][gc,heap     ] GC(71) Humongous regions: 5->5
[2025-03-20T15:28:58.217+0000][6][gc,metaspace] GC(71) Metaspace: 120460K(122240K)->120460K(122240K) NonClass: 104884K(105856K)->104884K(105856K) Class: 15576K(16384K)->15576K(16384K)
[2025-03-20T15:28:58.218+0000][6][gc          ] GC(71) Pause Young (Normal) (G1 Evacuation Pause) 417M->134M(512M) 2.248ms
[2025-03-20T15:28:58.218+0000][6][gc,cpu      ] GC(71) User=0.00s Sys=0.00s Real=0.00s
[2025-03-20T15:28:58.218+0000][6][safepoint   ] Safepoint "G1CollectForAllocation", Time since last: 1986418716 ns, Reaching safepoint: 160686 ns, At safepoint: 2324332 ns, Total: 2485018 ns
[2025-03-20T15:28:59.218+0000][6][safepoint   ] Safepoint "Cleanup", Time since last: 1000452318 ns, Reaching safepoint: 92677 ns, At safepoint: 19196 ns, Total: 111873 ns
[2025-03-20T15:29:04.221+0000][6][safepoint   ] Safepoint "Cleanup", Time since last: 5002883714 ns, Reaching safepoint: 158001 ns, At safepoint: 24156 ns, Total: 182157 ns
[2025-03-20T15:29:10.225+0000][6][safepoint   ] Safepoint "Cleanup", Time since last: 6003309075 ns, Reaching safepoint: 144896 ns, At safepoint: 8556 ns, Total: 153452 ns
[2025-03-20T15:29:13.228+0000][6][safepoint   ] Safepoint "Cleanup", Time since last: 3001902018 ns, Reaching safepoint: 1154508 ns, At safepoint: 26010 ns, Total: 1180518 ns
[2025-03-20T15:29:17.230+0000][6][safepoint   ] Safepoint "Cleanup", Time since last: 4002363741 ns, Reaching safepoint: 162309 ns, At safepoint: 5771 ns, Total: 168080 ns
[2025-03-20T15:29:22.233+0000][6][safepoint   ] Safepoint "Cleanup", Time since last: 5002276959 ns, Reaching safepoint: 73991 ns, At safepoint: 3928 ns, Total: 77919 ns
[2025-03-20T15:29:28.236+0000][6][safepoint   ] Safepoint "Cleanup", Time since last: 6003313179 ns, Reaching safepoint: 103627 ns, At safepoint: 3908 ns, Total: 107535 ns
[2025-03-20T15:29:40.217+0000][6][gc,start    ] GC(72) Pause Young (Normal) (G1 Evacuation Pause)
[2025-03-20T15:29:40.217+0000][6][gc,task     ] GC(72) Using 8 workers of 8 for evacuation
[2025-03-20T15:29:40.217+0000][6][gc,age      ] GC(72) Desired survivor size 18874368 bytes, new threshold 15 (max threshold 15)
[2025-03-20T15:29:40.219+0000][6][gc,age      ] GC(72) Age table with threshold 15 (max threshold 15)
[2025-03-20T15:29:40.219+0000][6][gc,age      ] GC(72) - age   1:    1235216 bytes,    1235216 total
[2025-03-20T15:29:40.219+0000][6][gc,age      ] GC(72) - age   2:      27568 bytes,    1262784 total
[2025-03-20T15:29:40.219+0000][6][gc,age      ] GC(72) - age   3:        504 bytes,    1263288 total
[2025-03-20T15:29:40.219+0000][6][gc,age      ] GC(72) - age   4:        472 bytes,    1263760 total
[2025-03-20T15:29:40.219+0000][6][gc,age      ] GC(72) - age   5:       2544 bytes,    1266304 total
[2025-03-20T15:29:40.219+0000][6][gc,age      ] GC(72) - age   6:       2952 bytes,    1269256 total
[2025-03-20T15:29:40.219+0000][6][gc,age      ] GC(72) - age   7:       1560 bytes,    1270816 total
[2025-03-20T15:29:40.219+0000][6][gc,age      ] GC(72) - age   8:       2560 bytes,    1273376 total
[2025-03-20T15:29:40.219+0000][6][gc,age      ] GC(72) - age   9:      14384 bytes,    1287760 total
[2025-03-20T15:29:40.219+0000][6][gc,age      ] GC(72) - age  10:        280 bytes,    1288040 total
[2025-03-20T15:29:40.219+0000][6][gc,age      ] GC(72) - age  11:       2216 bytes,    1290256 total
[2025-03-20T15:29:40.219+0000][6][gc,age      ] GC(72) - age  12:       1376 bytes,    1291632 total
[2025-03-20T15:29:40.219+0000][6][gc,age      ] GC(72) - age  13:      11368 bytes,    1303000 total
[2025-03-20T15:29:40.219+0000][6][gc,age      ] GC(72) - age  14:      21432 bytes,    1324432 total
[2025-03-20T15:29:40.219+0000][6][gc,age      ] GC(72) - age  15:      14808 bytes,    1339240 total
[2025-03-20T15:29:40.219+0000][6][gc,phases   ] GC(72)   Pre Evacuate Collection Set: 0.1ms
[2025-03-20T15:29:40.219+0000][6][gc,phases   ] GC(72)   Merge Heap Roots: 0.1ms
[2025-03-20T15:29:40.219+0000][6][gc,phases   ] GC(72)   Evacuate Collection Set: 0.9ms
[2025-03-20T15:29:40.219+0000][6][gc,phases   ] GC(72)   Post Evacuate Collection Set: 0.9ms
[2025-03-20T15:29:40.219+0000][6][gc,phases   ] GC(72)   Other: 0.2ms
[2025-03-20T15:29:40.219+0000][6][gc,heap     ] GC(72) Eden regions: 71->0(71)
[2025-03-20T15:29:40.219+0000][6][gc,heap     ] GC(72) Survivor regions: 1->1(9)
[2025-03-20T15:29:40.219+0000][6][gc,heap     ] GC(72) Old regions: 27->27
[2025-03-20T15:29:40.219+0000][6][gc,heap     ] GC(72) Archive regions: 2->2
[2025-03-20T15:29:40.219+0000][6][gc,heap     ] GC(72) Humongous regions: 5->5
[2025-03-20T15:29:40.219+0000][6][gc,metaspace] GC(72) Metaspace: 120473K(122304K)->120473K(122304K) NonClass: 104896K(105920K)->104896K(105920K) Class: 15576K(16384K)->15576K(16384K)
[2025-03-20T15:29:40.219+0000][6][gc          ] GC(72) Pause Young (Normal) (G1 Evacuation Pause) 418M->133M(512M) 2.272ms
[2025-03-20T15:29:40.219+0000][6][gc,cpu      ] GC(72) User=0.01s Sys=0.00s Real=0.01s
[2025-03-20T15:29:40.219+0000][6][safepoint   ] Safepoint "G1CollectForAllocation", Time since last: 11980867391 ns, Reaching safepoint: 77047 ns, At safepoint: 2346141 ns, Total: 2423188 ns
[2025-03-20T15:29:42.220+0000][6][safepoint   ] Safepoint "Cleanup", Time since last: 2000670121 ns, Reaching safepoint: 133244 ns, At safepoint: 6482 ns, Total: 139726 ns
[2025-03-20T15:29:43.221+0000][6][safepoint   ] Safepoint "Cleanup", Time since last: 1000986119 ns, Reaching safepoint: 164743 ns, At safepoint: 6553 ns, Total: 171296 ns
[2025-03-20T15:29:45.223+0000][6][safepoint   ] Safepoint "Cleanup", Time since last: 2001499259 ns, Reaching safepoint: 142421 ns, At safepoint: 8396 ns, Total: 150817 ns
[2025-03-20T15:29:51.227+0000][6][safepoint   ] Safepoint "Cleanup", Time since last: 6003962288 ns, Reaching safepoint: 118556 ns, At safepoint: 5290 ns, Total: 123846 ns
[2025-03-20T15:30:18.242+0000][6][safepoint   ] Safepoint "Cleanup", Time since last: 27014332931 ns, Reaching safepoint: 184097 ns, At safepoint: 7614 ns, Total: 191711 ns
[2025-03-20T15:30:19.308+0000][6][gc,start    ] GC(73) Pause Young (Normal) (G1 Evacuation Pause)
[2025-03-20T15:30:19.308+0000][6][gc,task     ] GC(73) Using 8 workers of 8 for evacuation
[2025-03-20T15:30:19.308+0000][6][gc,age      ] GC(73) Desired survivor size 18874368 bytes, new threshold 15 (max threshold 15)
[2025-03-20T15:30:19.311+0000][6][gc,age      ] GC(73) Age table with threshold 15 (max threshold 15)
[2025-03-20T15:30:19.311+0000][6][gc,age      ] GC(73) - age   1:    3337976 bytes,    3337976 total
[2025-03-20T15:30:19.311+0000][6][gc,age      ] GC(73) - age   2:       4056 bytes,    3342032 total
[2025-03-20T15:30:19.311+0000][6][gc,age      ] GC(73) - age   3:      24640 bytes,    3366672 total
[2025-03-20T15:30:19.311+0000][6][gc,age      ] GC(73) - age   4:        248 bytes,    3366920 total
[2025-03-20T15:30:19.311+0000][6][gc,age      ] GC(73) - age   5:        376 bytes,    3367296 total
[2025-03-20T15:30:19.311+0000][6][gc,age      ] GC(73) - age   6:       2056 bytes,    3369352 total
[2025-03-20T15:30:19.311+0000][6][gc,age      ] GC(73) - age   7:       2952 bytes,    3372304 total
[2025-03-20T15:30:19.311+0000][6][gc,age      ] GC(73) - age   8:       1496 bytes,    3373800 total
[2025-03-20T15:30:19.311+0000][6][gc,age      ] GC(73) - age   9:       2560 bytes,    3376360 total
[2025-03-20T15:30:19.311+0000][6][gc,age      ] GC(73) - age  10:      14384 bytes,    3390744 total
[2025-03-20T15:30:19.311+0000][6][gc,age      ] GC(73) - age  11:        280 bytes,    3391024 total
[2025-03-20T15:30:19.311+0000][6][gc,age      ] GC(73) - age  12:       2216 bytes,    3393240 total
[2025-03-20T15:30:19.311+0000][6][gc,age      ] GC(73) - age  13:       1376 bytes,    3394616 total
[2025-03-20T15:30:19.311+0000][6][gc,age      ] GC(73) - age  14:      11368 bytes,    3405984 total
[2025-03-20T15:30:19.311+0000][6][gc,age      ] GC(73) - age  15:      20832 bytes,    3426816 total
[2025-03-20T15:30:19.311+0000][6][gc,phases   ] GC(73)   Pre Evacuate Collection Set: 0.1ms
[2025-03-20T15:30:19.311+0000][6][gc,phases   ] GC(73)   Merge Heap Roots: 0.1ms
[2025-03-20T15:30:19.311+0000][6][gc,phases   ] GC(73)   Evacuate Collection Set: 2.6ms
[2025-03-20T15:30:19.311+0000][6][gc,phases   ] GC(73)   Post Evacuate Collection Set: 0.8ms
[2025-03-20T15:30:19.311+0000][6][gc,phases   ] GC(73)   Other: 0.2ms
[2025-03-20T15:30:19.311+0000][6][gc,heap     ] GC(73) Eden regions: 71->0(70)
[2025-03-20T15:30:19.311+0000][6][gc,heap     ] GC(73) Survivor regions: 1->1(9)
[2025-03-20T15:30:19.311+0000][6][gc,heap     ] GC(73) Old regions: 27->28
[2025-03-20T15:30:19.311+0000][6][gc,heap     ] GC(73) Archive regions: 2->2
[2025-03-20T15:30:19.311+0000][6][gc,heap     ] GC(73) Humongous regions: 5->5
[2025-03-20T15:30:19.311+0000][6][gc,metaspace] GC(73) Metaspace: 120481K(122304K)->120481K(122304K) NonClass: 104905K(105920K)->104905K(105920K) Class: 15576K(16384K)->15576K(16384K)
[2025-03-20T15:30:19.311+0000][6][gc          ] GC(73) Pause Young (Normal) (G1 Evacuation Pause) 417M->135M(512M) 3.910ms
[2025-03-20T15:30:19.311+0000][6][gc,cpu      ] GC(73) User=0.01s Sys=0.00s Real=0.00s
[2025-03-20T15:30:19.311+0000][6][safepoint   ] Safepoint "G1CollectForAllocation", Time since last: 1065811239 ns, Reaching safepoint: 131580 ns, At safepoint: 3999403 ns, Total: 4130983 ns
[2025-03-20T15:30:20.312+0000][6][safepoint   ] Safepoint "Cleanup", Time since last: 1000313538 ns, Reaching safepoint: 162911 ns, At safepoint: 5200 ns, Total: 168111 ns
[2025-03-20T15:30:21.313+0000][6][safepoint   ] Safepoint "Cleanup", Time since last: 1000903491 ns, Reaching safepoint: 148924 ns, At safepoint: 4799 ns, Total: 153723 ns
[2025-03-20T15:30:25.316+0000][6][safepoint   ] Safepoint "Cleanup", Time since last: 4002712190 ns, Reaching safepoint: 121491 ns, At safepoint: 4449 ns, Total: 125940 ns
[2025-03-20T15:30:32.320+0000][6][safepoint   ] Safepoint "Cleanup", Time since last: 7004212333 ns, Reaching safepoint: 114377 ns, At safepoint: 5391 ns, Total: 119768 ns
[2025-03-20T15:30:36.322+0000][6][safepoint   ] Safepoint "Cleanup", Time since last: 4001541123 ns, Reaching safepoint: 153553 ns, At safepoint: 9798 ns, Total: 163351 ns
[2025-03-20T15:30:43.327+0000][6][safepoint   ] Safepoint "Cleanup", Time since last: 7004516497 ns, Reaching safepoint: 198107 ns, At safepoint: 6643 ns, Total: 204750 ns
[2025-03-20T15:30:47.329+0000][6][safepoint   ] Safepoint "Cleanup", Time since last: 4002333590 ns, Reaching safepoint: 178369 ns, At safepoint: 8777 ns, Total: 187146 ns
[2025-03-20T15:30:52.332+0000][6][safepoint   ] Safepoint "Cleanup", Time since last: 5003025766 ns, Reaching safepoint: 105621 ns, At safepoint: 4178 ns, Total: 109799 ns
[2025-03-20T15:31:04.242+0000][6][gc,start    ] GC(74) Pause Young (Normal) (G1 Evacuation Pause)
[2025-03-20T15:31:04.242+0000][6][gc,task     ] GC(74) Using 8 workers of 8 for evacuation
[2025-03-20T15:31:04.242+0000][6][gc,age      ] GC(74) Desired survivor size 18874368 bytes, new threshold 15 (max threshold 15)
[2025-03-20T15:31:04.244+0000][6][gc,age      ] GC(74) Age table with threshold 15 (max threshold 15)
[2025-03-20T15:31:04.244+0000][6][gc,age      ] GC(74) - age   1:    1674376 bytes,    1674376 total
[2025-03-20T15:31:04.244+0000][6][gc,age      ] GC(74) - age   2:      46760 bytes,    1721136 total
[2025-03-20T15:31:04.244+0000][6][gc,age      ] GC(74) - age   3:       1896 bytes,    1723032 total
[2025-03-20T15:31:04.244+0000][6][gc,age      ] GC(74) - age   4:      23936 bytes,    1746968 total
[2025-03-20T15:31:04.244+0000][6][gc,age      ] GC(74) - age   5:        248 bytes,    1747216 total
[2025-03-20T15:31:04.244+0000][6][gc,age      ] GC(74) - age   6:        376 bytes,    1747592 total
[2025-03-20T15:31:04.244+0000][6][gc,age      ] GC(74) - age   7:       2056 bytes,    1749648 total
[2025-03-20T15:31:04.244+0000][6][gc,age      ] GC(74) - age   8:       2864 bytes,    1752512 total
[2025-03-20T15:31:04.244+0000][6][gc,age      ] GC(74) - age   9:       1496 bytes,    1754008 total
[2025-03-20T15:31:04.244+0000][6][gc,age      ] GC(74) - age  10:       2560 bytes,    1756568 total
[2025-03-20T15:31:04.244+0000][6][gc,age      ] GC(74) - age  11:      14384 bytes,    1770952 total
[2025-03-20T15:31:04.244+0000][6][gc,age      ] GC(74) - age  12:        280 bytes,    1771232 total
[2025-03-20T15:31:04.244+0000][6][gc,age      ] GC(74) - age  13:       2216 bytes,    1773448 total
[2025-03-20T15:31:04.244+0000][6][gc,age      ] GC(74) - age  14:       1376 bytes,    1774824 total
[2025-03-20T15:31:04.244+0000][6][gc,age      ] GC(74) - age  15:      11176 bytes,    1786000 total
[2025-03-20T15:31:04.244+0000][6][gc,phases   ] GC(74)   Pre Evacuate Collection Set: 0.2ms
[2025-03-20T15:31:04.244+0000][6][gc,phases   ] GC(74)   Merge Heap Roots: 0.1ms
[2025-03-20T15:31:04.244+0000][6][gc,phases   ] GC(74)   Evacuate Collection Set: 0.8ms
[2025-03-20T15:31:04.244+0000][6][gc,phases   ] GC(74)   Post Evacuate Collection Set: 0.7ms
[2025-03-20T15:31:04.244+0000][6][gc,phases   ] GC(74)   Other: 0.3ms
[2025-03-20T15:31:04.244+0000][6][gc,heap     ] GC(74) Eden regions: 70->0(70)
[2025-03-20T15:31:04.244+0000][6][gc,heap     ] GC(74) Survivor regions: 1->1(9)
[2025-03-20T15:31:04.244+0000][6][gc,heap     ] GC(74) Old regions: 28->28
[2025-03-20T15:31:04.244+0000][6][gc,heap     ] GC(74) Archive regions: 2->2
[2025-03-20T15:31:04.244+0000][6][gc,heap     ] GC(74) Humongous regions: 5->5
[2025-03-20T15:31:04.244+0000][6][gc,metaspace] GC(74) Metaspace: 120509K(122304K)->120509K(122304K) NonClass: 104932K(105920K)->104932K(105920K) Class: 15576K(16384K)->15576K(16384K)
[2025-03-20T15:31:04.244+0000][6][gc          ] GC(74) Pause Young (Normal) (G1 Evacuation Pause) 415M->133M(512M) 2.031ms
[2025-03-20T15:31:04.244+0000][6][gc,cpu      ] GC(74) User=0.01s Sys=0.00s Real=0.00s
[2025-03-20T15:31:04.244+0000][6][safepoint   ] Safepoint "G1CollectForAllocation", Time since last: 11909470912 ns, Reaching safepoint: 133374 ns, At safepoint: 2101705 ns, Total: 2235079 ns
[2025-03-20T15:31:08.246+0000][6][safepoint   ] Safepoint "Cleanup", Time since last: 4002240134 ns, Reaching safepoint: 237162 ns, At safepoint: 6813 ns, Total: 243975 ns
[2025-03-20T15:31:12.249+0000][6][safepoint   ] Safepoint "Cleanup", Time since last: 4002789694 ns, Reaching safepoint: 94600 ns, At safepoint: 4839 ns, Total: 99439 ns
[2025-03-20T15:31:20.253+0000][6][safepoint   ] Safepoint "Cleanup", Time since last: 8003317631 ns, Reaching safepoint: 117855 ns, At safepoint: 5139 ns, Total: 122994 ns
[2025-03-20T15:31:21.254+0000][6][safepoint   ] Safepoint "Cleanup", Time since last: 1000913913 ns, Reaching safepoint: 102615 ns, At safepoint: 4278 ns, Total: 106893 ns
[2025-03-20T15:31:22.255+0000][6][safepoint   ] Safepoint "Cleanup", Time since last: 1000692542 ns, Reaching safepoint: 152781 ns, At safepoint: 15409 ns, Total: 168190 ns
[2025-03-20T15:31:28.258+0000][6][safepoint   ] Safepoint "Cleanup", Time since last: 6003335776 ns, Reaching safepoint: 77037 ns, At safepoint: 14207 ns, Total: 91244 ns
[2025-03-20T15:31:32.260+0000][6][safepoint   ] Safepoint "Cleanup", Time since last: 4001882187 ns, Reaching safepoint: 91494 ns, At safepoint: 3908 ns, Total: 95402 ns
[2025-03-20T15:31:40.265+0000][6][safepoint   ] Safepoint "Cleanup", Time since last: 8004808744 ns, Reaching safepoint: 95773 ns, At safepoint: 3316 ns, Total: 99089 ns
[2025-03-20T15:31:41.266+0000][6][safepoint   ] Safepoint "Cleanup", Time since last: 1001040138 ns, Reaching safepoint: 100001 ns, At safepoint: 4078 ns, Total: 104079 ns
[2025-03-20T15:31:43.273+0000][6][gc,start    ] GC(75) Pause Young (Normal) (G1 Evacuation Pause)
[2025-03-20T15:31:43.273+0000][6][gc,task     ] GC(75) Using 8 workers of 8 for evacuation
[2025-03-20T15:31:43.273+0000][6][gc,age      ] GC(75) Desired survivor size 18874368 bytes, new threshold 15 (max threshold 15)
[2025-03-20T15:31:43.276+0000][6][gc,age      ] GC(75) Age table with threshold 15 (max threshold 15)
[2025-03-20T15:31:43.276+0000][6][gc,age      ] GC(75) - age   1:    2066648 bytes,    2066648 total
[2025-03-20T15:31:43.276+0000][6][gc,age      ] GC(75) - age   2:       6456 bytes,    2073104 total
[2025-03-20T15:31:43.276+0000][6][gc,age      ] GC(75) - age   3:      43432 bytes,    2116536 total
[2025-03-20T15:31:43.276+0000][6][gc,age      ] GC(75) - age   4:       1576 bytes,    2118112 total
[2025-03-20T15:31:43.276+0000][6][gc,age      ] GC(75) - age   5:      23712 bytes,    2141824 total
[2025-03-20T15:31:43.276+0000][6][gc,age      ] GC(75) - age   6:        120 bytes,    2141944 total
[2025-03-20T15:31:43.276+0000][6][gc,age      ] GC(75) - age   7:        376 bytes,    2142320 total
[2025-03-20T15:31:43.276+0000][6][gc,age      ] GC(75) - age   8:       2024 bytes,    2144344 total
[2025-03-20T15:31:43.276+0000][6][gc,age      ] GC(75) - age   9:       2864 bytes,    2147208 total
[2025-03-20T15:31:43.276+0000][6][gc,age      ] GC(75) - age  10:       1496 bytes,    2148704 total
[2025-03-20T15:31:43.276+0000][6][gc,age      ] GC(75) - age  11:       2560 bytes,    2151264 total
[2025-03-20T15:31:43.276+0000][6][gc,age      ] GC(75) - age  12:      14384 bytes,    2165648 total
[2025-03-20T15:31:43.276+0000][6][gc,age      ] GC(75) - age  13:        280 bytes,    2165928 total
[2025-03-20T15:31:43.276+0000][6][gc,age      ] GC(75) - age  14:       2216 bytes,    2168144 total
[2025-03-20T15:31:43.276+0000][6][gc,age      ] GC(75) - age  15:       1376 bytes,    2169520 total
[2025-03-20T15:31:43.276+0000][6][gc,phases   ] GC(75)   Pre Evacuate Collection Set: 0.1ms
[2025-03-20T15:31:43.276+0000][6][gc,phases   ] GC(75)   Merge Heap Roots: 0.1ms
[2025-03-20T15:31:43.276+0000][6][gc,phases   ] GC(75)   Evacuate Collection Set: 1.5ms
[2025-03-20T15:31:43.276+0000][6][gc,phases   ] GC(75)   Post Evacuate Collection Set: 0.8ms
[2025-03-20T15:31:43.276+0000][6][gc,phases   ] GC(75)   Other: 0.2ms
[2025-03-20T15:31:43.276+0000][6][gc,heap     ] GC(75) Eden regions: 70->0(70)
[2025-03-20T15:31:43.276+0000][6][gc,heap     ] GC(75) Survivor regions: 1->1(9)
[2025-03-20T15:31:43.276+0000][6][gc,heap     ] GC(75) Old regions: 28->28
[2025-03-20T15:31:43.276+0000][6][gc,heap     ] GC(75) Archive regions: 2->2
[2025-03-20T15:31:43.276+0000][6][gc,heap     ] GC(75) Humongous regions: 5->5
[2025-03-20T15:31:43.276+0000][6][gc,metaspace] GC(75) Metaspace: 120554K(122304K)->120554K(122304K) NonClass: 104977K(105920K)->104977K(105920K) Class: 15576K(16384K)->15576K(16384K)
[2025-03-20T15:31:43.276+0000][6][gc          ] GC(75) Pause Young (Normal) (G1 Evacuation Pause) 413M->134M(512M) 2.805ms
[2025-03-20T15:31:43.276+0000][6][gc,cpu      ] GC(75) User=0.00s Sys=0.00s Real=0.00s
[2025-03-20T15:31:43.276+0000][6][safepoint   ] Safepoint "G1CollectForAllocation", Time since last: 2007139538 ns, Reaching safepoint: 122864 ns, At safepoint: 2882065 ns, Total: 3004929 ns
[2025-03-20T15:31:45.277+0000][6][safepoint   ] Safepoint "Cleanup", Time since last: 2000639066 ns, Reaching safepoint: 217655 ns, At safepoint: 25759 ns, Total: 243414 ns
[2025-03-20T15:31:47.278+0000][6][safepoint   ] Safepoint "Cleanup", Time since last: 2000994596 ns, Reaching safepoint: 140849 ns, At safepoint: 4939 ns, Total: 145788 ns
[2025-03-20T15:31:48.281+0000][6][safepoint   ] Safepoint "Cleanup", Time since last: 1001083942 ns, Reaching safepoint: 1122372 ns, At safepoint: 59253 ns, Total: 1181625 ns
[2025-03-20T15:31:49.281+0000][6][safepoint   ] Safepoint "Cleanup", Time since last: 1000475158 ns, Reaching safepoint: 180604 ns, At safepoint: 16742 ns, Total: 197346 ns
[2025-03-20T15:31:52.283+0000][6][safepoint   ] Safepoint "Cleanup", Time since last: 3001590668 ns, Reaching safepoint: 224658 ns, At safepoint: 17824 ns, Total: 242482 ns
[2025-03-20T15:32:21.297+0000][6][safepoint   ] Safepoint "Cleanup", Time since last: 29013864340 ns, Reaching safepoint: 106433 ns, At safepoint: 4538 ns, Total: 110971 ns
[2025-03-20T15:32:26.675+0000][6][gc,start    ] GC(76) Pause Young (Normal) (G1 Evacuation Pause)
[2025-03-20T15:32:26.675+0000][6][gc,task     ] GC(76) Using 8 workers of 8 for evacuation
[2025-03-20T15:32:26.675+0000][6][gc,age      ] GC(76) Desired survivor size 18874368 bytes, new threshold 15 (max threshold 15)
[2025-03-20T15:32:26.677+0000][6][gc,age      ] GC(76) Age table with threshold 15 (max threshold 15)
[2025-03-20T15:32:26.677+0000][6][gc,age      ] GC(76) - age   1:     873032 bytes,     873032 total
[2025-03-20T15:32:26.677+0000][6][gc,age      ] GC(76) - age   2:       4008 bytes,     877040 total
[2025-03-20T15:32:26.677+0000][6][gc,age      ] GC(76) - age   3:       5040 bytes,     882080 total
[2025-03-20T15:32:26.677+0000][6][gc,age      ] GC(76) - age   4:      42688 bytes,     924768 total
[2025-03-20T15:32:26.677+0000][6][gc,age      ] GC(76) - age   5:       1576 bytes,     926344 total
[2025-03-20T15:32:26.677+0000][6][gc,age      ] GC(76) - age   6:      23712 bytes,     950056 total
[2025-03-20T15:32:26.677+0000][6][gc,age      ] GC(76) - age   7:         56 bytes,     950112 total
[2025-03-20T15:32:26.677+0000][6][gc,age      ] GC(76) - age   8:        376 bytes,     950488 total
[2025-03-20T15:32:26.677+0000][6][gc,age      ] GC(76) - age   9:       2024 bytes,     952512 total
[2025-03-20T15:32:26.677+0000][6][gc,age      ] GC(76) - age  10:       2864 bytes,     955376 total
[2025-03-20T15:32:26.677+0000][6][gc,age      ] GC(76) - age  11:       1496 bytes,     956872 total
[2025-03-20T15:32:26.677+0000][6][gc,age      ] GC(76) - age  12:       2560 bytes,     959432 total
[2025-03-20T15:32:26.677+0000][6][gc,age      ] GC(76) - age  13:      14384 bytes,     973816 total
[2025-03-20T15:32:26.677+0000][6][gc,age      ] GC(76) - age  14:        280 bytes,     974096 total
[2025-03-20T15:32:26.677+0000][6][gc,age      ] GC(76) - age  15:       2216 bytes,     976312 total
[2025-03-20T15:32:26.677+0000][6][gc,phases   ] GC(76)   Pre Evacuate Collection Set: 0.1ms
[2025-03-20T15:32:26.677+0000][6][gc,phases   ] GC(76)   Merge Heap Roots: 0.1ms
[2025-03-20T15:32:26.677+0000][6][gc,phases   ] GC(76)   Evacuate Collection Set: 0.9ms
[2025-03-20T15:32:26.677+0000][6][gc,phases   ] GC(76)   Post Evacuate Collection Set: 0.9ms
[2025-03-20T15:32:26.677+0000][6][gc,phases   ] GC(76)   Other: 0.2ms
[2025-03-20T15:32:26.677+0000][6][gc,heap     ] GC(76) Eden regions: 70->0(70)
[2025-03-20T15:32:26.677+0000][6][gc,heap     ] GC(76) Survivor regions: 1->1(9)
[2025-03-20T15:32:26.677+0000][6][gc,heap     ] GC(76) Old regions: 28->28
[2025-03-20T15:32:26.677+0000][6][gc,heap     ] GC(76) Archive regions: 2->2
[2025-03-20T15:32:26.677+0000][6][gc,heap     ] GC(76) Humongous regions: 5->5
[2025-03-20T15:32:26.677+0000][6][gc,metaspace] GC(76) Metaspace: 120569K(122368K)->120569K(122368K) NonClass: 104992K(105984K)->104992K(105984K) Class: 15576K(16384K)->15576K(16384K)
[2025-03-20T15:32:26.677+0000][6][gc          ] GC(76) Pause Young (Normal) (G1 Evacuation Pause) 414M->133M(512M) 2.289ms
[2025-03-20T15:32:26.677+0000][6][gc,cpu      ] GC(76) User=0.01s Sys=0.00s Real=0.00s
[2025-03-20T15:32:26.677+0000][6][safepoint   ] Safepoint "G1CollectForAllocation", Time since last: 5377404835 ns, Reaching safepoint: 83209 ns, At safepoint: 2359003 ns, Total: 2442212 ns
[2025-03-20T15:32:51.692+0000][6][safepoint   ] Safepoint "Cleanup", Time since last: 25015176888 ns, Reaching safepoint: 260497 ns, At safepoint: 6823 ns, Total: 267320 ns
[2025-03-20T15:32:52.693+0000][6][safepoint   ] Safepoint "Cleanup", Time since last: 1000975357 ns, Reaching safepoint: 105812 ns, At safepoint: 4067 ns, Total: 109879 ns
[2025-03-20T15:32:55.696+0000][6][safepoint   ] Safepoint "Cleanup", Time since last: 3002797009 ns, Reaching safepoint: 137532 ns, At safepoint: 3977 ns, Total: 141509 ns
[2025-03-20T15:32:58.698+0000][6][safepoint   ] Safepoint "Cleanup", Time since last: 3001709932 ns, Reaching safepoint: 122975 ns, At safepoint: 3807 ns, Total: 126782 ns
[2025-03-20T15:33:00.700+0000][6][safepoint   ] Safepoint "Cleanup", Time since last: 2001176745 ns, Reaching safepoint: 126541 ns, At safepoint: 3948 ns, Total: 130489 ns
[2025-03-20T15:33:04.702+0000][6][safepoint   ] Safepoint "Cleanup", Time since last: 4002307122 ns, Reaching safepoint: 94260 ns, At safepoint: 4137 ns, Total: 98397 ns
[2025-03-20T15:33:12.707+0000][6][safepoint   ] Safepoint "Cleanup", Time since last: 8005013710 ns, Reaching safepoint: 75995 ns, At safepoint: 3547 ns, Total: 79542 ns
[2025-03-20T15:33:13.286+0000][6][gc,start    ] GC(77) Pause Young (Normal) (G1 Evacuation Pause)
[2025-03-20T15:33:13.286+0000][6][gc,task     ] GC(77) Using 8 workers of 8 for evacuation
[2025-03-20T15:33:13.286+0000][6][gc,age      ] GC(77) Desired survivor size 18874368 bytes, new threshold 15 (max threshold 15)
[2025-03-20T15:33:13.290+0000][6][gc,age      ] GC(77) Age table with threshold 15 (max threshold 15)
[2025-03-20T15:33:13.290+0000][6][gc,age      ] GC(77) - age   1:    1902552 bytes,    1902552 total
[2025-03-20T15:33:13.290+0000][6][gc,age      ] GC(77) - age   2:     236224 bytes,    2138776 total
[2025-03-20T15:33:13.290+0000][6][gc,age      ] GC(77) - age   3:       1672 bytes,    2140448 total
[2025-03-20T15:33:13.290+0000][6][gc,age      ] GC(77) - age   4:       4424 bytes,    2144872 total
[2025-03-20T15:33:13.290+0000][6][gc,age      ] GC(77) - age   5:      42624 bytes,    2187496 total
[2025-03-20T15:33:13.290+0000][6][gc,age      ] GC(77) - age   6:       1512 bytes,    2189008 total
[2025-03-20T15:33:13.290+0000][6][gc,age      ] GC(77) - age   7:      23712 bytes,    2212720 total
[2025-03-20T15:33:13.290+0000][6][gc,age      ] GC(77) - age   8:         24 bytes,    2212744 total
[2025-03-20T15:33:13.290+0000][6][gc,age      ] GC(77) - age   9:        376 bytes,    2213120 total
[2025-03-20T15:33:13.290+0000][6][gc,age      ] GC(77) - age  10:       2024 bytes,    2215144 total
[2025-03-20T15:33:13.290+0000][6][gc,age      ] GC(77) - age  11:       2864 bytes,    2218008 total
[2025-03-20T15:33:13.290+0000][6][gc,age      ] GC(77) - age  12:       1384 bytes,    2219392 total
[2025-03-20T15:33:13.290+0000][6][gc,age      ] GC(77) - age  13:       2488 bytes,    2221880 total
[2025-03-20T15:33:13.290+0000][6][gc,age      ] GC(77) - age  14:      14384 bytes,    2236264 total
[2025-03-20T15:33:13.290+0000][6][gc,age      ] GC(77) - age  15:        280 bytes,    2236544 total
[2025-03-20T15:33:13.290+0000][6][gc,phases   ] GC(77)   Pre Evacuate Collection Set: 0.1ms
[2025-03-20T15:33:13.290+0000][6][gc,phases   ] GC(77)   Merge Heap Roots: 0.0ms
[2025-03-20T15:33:13.290+0000][6][gc,phases   ] GC(77)   Evacuate Collection Set: 2.5ms
[2025-03-20T15:33:13.290+0000][6][gc,phases   ] GC(77)   Post Evacuate Collection Set: 1.6ms
[2025-03-20T15:33:13.290+0000][6][gc,phases   ] GC(77)   Other: 0.3ms
[2025-03-20T15:33:13.290+0000][6][gc,heap     ] GC(77) Eden regions: 70->0(70)
[2025-03-20T15:33:13.290+0000][6][gc,heap     ] GC(77) Survivor regions: 1->1(9)
[2025-03-20T15:33:13.290+0000][6][gc,heap     ] GC(77) Old regions: 28->28
[2025-03-20T15:33:13.290+0000][6][gc,heap     ] GC(77) Archive regions: 2->2
[2025-03-20T15:33:13.290+0000][6][gc,heap     ] GC(77) Humongous regions: 5->5
[2025-03-20T15:33:13.290+0000][6][gc,metaspace] GC(77) Metaspace: 120594K(122368K)->120594K(122368K) NonClass: 105016K(105984K)->105016K(105984K) Class: 15577K(16384K)->15577K(16384K)
[2025-03-20T15:33:13.291+0000][6][gc          ] GC(77) Pause Young (Normal) (G1 Evacuation Pause) 413M->134M(512M) 4.542ms
[2025-03-20T15:33:13.291+0000][6][gc,cpu      ] GC(77) User=0.01s Sys=0.00s Real=0.01s
[2025-03-20T15:33:13.291+0000][6][safepoint   ] Safepoint "G1CollectForAllocation", Time since last: 578872133 ns, Reaching safepoint: 59914 ns, At safepoint: 4636913 ns, Total: 4696827 ns
[2025-03-20T15:33:16.292+0000][6][safepoint   ] Safepoint "Cleanup", Time since last: 3001209860 ns, Reaching safepoint: 183499 ns, At safepoint: 17173 ns, Total: 200672 ns
[2025-03-20T15:33:19.295+0000][6][safepoint   ] Safepoint "Cleanup", Time since last: 3001666842 ns, Reaching safepoint: 1167030 ns, At safepoint: 11422 ns, Total: 1178452 ns
[2025-03-20T15:33:21.296+0000][6][safepoint   ] Safepoint "Cleanup", Time since last: 2001479256 ns, Reaching safepoint: 116071 ns, At safepoint: 4348 ns, Total: 120419 ns
[2025-03-20T15:33:43.313+0000][6][safepoint   ] Safepoint "Cleanup", Time since last: 22016141193 ns, Reaching safepoint: 193369 ns, At safepoint: 13816 ns, Total: 207185 ns
[2025-03-20T15:33:44.313+0000][6][safepoint   ] Safepoint "Cleanup", Time since last: 1000315736 ns, Reaching safepoint: 190463 ns, At safepoint: 7154 ns, Total: 197617 ns
[2025-03-20T15:33:46.315+0000][6][safepoint   ] Safepoint "Cleanup", Time since last: 2001329385 ns, Reaching safepoint: 104799 ns, At safepoint: 4028 ns, Total: 108827 ns
[2025-03-20T15:33:49.285+0000][6][gc,start    ] GC(78) Pause Young (Normal) (G1 Evacuation Pause)
[2025-03-20T15:33:49.285+0000][6][gc,task     ] GC(78) Using 8 workers of 8 for evacuation
[2025-03-20T15:33:49.285+0000][6][gc,age      ] GC(78) Desired survivor size 18874368 bytes, new threshold 15 (max threshold 15)
[2025-03-20T15:33:49.288+0000][6][gc,age      ] GC(78) Age table with threshold 15 (max threshold 15)
[2025-03-20T15:33:49.288+0000][6][gc,age      ] GC(78) - age   1:    3041040 bytes,    3041040 total
[2025-03-20T15:33:49.288+0000][6][gc,age      ] GC(78) - age   2:       6496 bytes,    3047536 total
[2025-03-20T15:33:49.288+0000][6][gc,age      ] GC(78) - age   3:       1992 bytes,    3049528 total
[2025-03-20T15:33:49.288+0000][6][gc,age      ] GC(78) - age   4:       1128 bytes,    3050656 total
[2025-03-20T15:33:49.288+0000][6][gc,age      ] GC(78) - age   5:       4240 bytes,    3054896 total
[2025-03-20T15:33:49.288+0000][6][gc,age      ] GC(78) - age   6:      42208 bytes,    3097104 total
[2025-03-20T15:33:49.288+0000][6][gc,age      ] GC(78) - age   7:       1376 bytes,    3098480 total
[2025-03-20T15:33:49.288+0000][6][gc,age      ] GC(78) - age   8:      23712 bytes,    3122192 total
[2025-03-20T15:33:49.288+0000][6][gc,age      ] GC(78) - age   9:         24 bytes,    3122216 total
[2025-03-20T15:33:49.288+0000][6][gc,age      ] GC(78) - age  10:        376 bytes,    3122592 total
[2025-03-20T15:33:49.288+0000][6][gc,age      ] GC(78) - age  11:       2024 bytes,    3124616 total
[2025-03-20T15:33:49.288+0000][6][gc,age      ] GC(78) - age  12:       2864 bytes,    3127480 total
[2025-03-20T15:33:49.288+0000][6][gc,age      ] GC(78) - age  13:       1384 bytes,    3128864 total
[2025-03-20T15:33:49.288+0000][6][gc,age      ] GC(78) - age  14:       2192 bytes,    3131056 total
[2025-03-20T15:33:49.288+0000][6][gc,age      ] GC(78) - age  15:      14384 bytes,    3145440 total
[2025-03-20T15:33:49.288+0000][6][gc,phases   ] GC(78)   Pre Evacuate Collection Set: 0.1ms
[2025-03-20T15:33:49.288+0000][6][gc,phases   ] GC(78)   Merge Heap Roots: 0.0ms
[2025-03-20T15:33:49.288+0000][6][gc,phases   ] GC(78)   Evacuate Collection Set: 1.4ms
[2025-03-20T15:33:49.288+0000][6][gc,phases   ] GC(78)   Post Evacuate Collection Set: 1.1ms
[2025-03-20T15:33:49.288+0000][6][gc,phases   ] GC(78)   Other: 0.2ms
[2025-03-20T15:33:49.288+0000][6][gc,heap     ] GC(78) Eden regions: 70->0(70)
[2025-03-20T15:33:49.288+0000][6][gc,heap     ] GC(78) Survivor regions: 1->1(9)
[2025-03-20T15:33:49.288+0000][6][gc,heap     ] GC(78) Old regions: 28->28
[2025-03-20T15:33:49.288+0000][6][gc,heap     ] GC(78) Archive regions: 2->2
[2025-03-20T15:33:49.288+0000][6][gc,heap     ] GC(78) Humongous regions: 5->5
[2025-03-20T15:33:49.288+0000][6][gc,metaspace] GC(78) Metaspace: 120600K(122368K)->120600K(122368K) NonClass: 105022K(105984K)->105022K(105984K) Class: 15578K(16384K)->15578K(16384K)
[2025-03-20T15:33:49.288+0000][6][gc          ] GC(78) Pause Young (Normal) (G1 Evacuation Pause) 414M->135M(512M) 2.972ms
[2025-03-20T15:33:49.288+0000][6][gc,cpu      ] GC(78) User=0.01s Sys=0.00s Real=0.01s
[2025-03-20T15:33:49.288+0000][6][safepoint   ] Safepoint "G1CollectForAllocation", Time since last: 2970411279 ns, Reaching safepoint: 105561 ns, At safepoint: 3059996 ns, Total: 3165557 ns
[2025-03-20T15:33:53.290+0000][6][safepoint   ] Safepoint "Cleanup", Time since last: 4001740771 ns, Reaching safepoint: 131063 ns, At safepoint: 8766 ns, Total: 139829 ns
[2025-03-20T15:33:56.291+0000][6][safepoint   ] Safepoint "Cleanup", Time since last: 3001102214 ns, Reaching safepoint: 116452 ns, At safepoint: 11402 ns, Total: 127854 ns
[2025-03-20T15:34:01.295+0000][6][safepoint   ] Safepoint "Cleanup", Time since last: 5003121634 ns, Reaching safepoint: 125589 ns, At safepoint: 19147 ns, Total: 144736 ns
[2025-03-20T15:34:04.297+0000][6][safepoint   ] Safepoint "Cleanup", Time since last: 3001005411 ns, Reaching safepoint: 917947 ns, At safepoint: 25809 ns, Total: 943756 ns
[2025-03-20T15:34:05.297+0000][6][safepoint   ] Safepoint "Cleanup", Time since last: 1000303851 ns, Reaching safepoint: 134406 ns, At safepoint: 7735 ns, Total: 142141 ns
[2025-03-20T15:34:08.299+0000][6][safepoint   ] Safepoint "Cleanup", Time since last: 3002093422 ns, Reaching safepoint: 84802 ns, At safepoint: 3837 ns, Total: 88639 ns
